============================= test session starts =============================
platform win32 -- Python 3.13.3, pytest-8.4.0, pluggy-1.6.0 -- C:\Users\flavi\Eterna-Home\venv\Scripts\python.exe
cachedir: .pytest_cache
rootdir: C:\Users\flavi\Eterna-Home
configfile: pytest.ini
plugins: anyio-4.9.0, Faker-37.3.0, alembic-0.12.1, asyncio-1.0.0, timeout-2.4.0
asyncio: mode=Mode.STRICT, asyncio_default_fixture_loop_scope=None, asyncio_default_test_loop_scope=function
collecting ... 
----------------------------- live log collection -----------------------------
2025-06-17 11:27:21 [   DEBUG] Looking for locale `en_US` in provider `faker.providers.address`. (factory.py:78)
2025-06-17 11:27:21 [   DEBUG] Provider `faker.providers.address` has been localized to `en_US`. (factory.py:97)
2025-06-17 11:27:21 [   DEBUG] Looking for locale `en_US` in provider `faker.providers.automotive`. (factory.py:78)
2025-06-17 11:27:21 [   DEBUG] Provider `faker.providers.automotive` has been localized to `en_US`. (factory.py:97)
2025-06-17 11:27:21 [   DEBUG] Looking for locale `en_US` in provider `faker.providers.bank`. (factory.py:78)
2025-06-17 11:27:21 [   DEBUG] Specified locale `en_US` is not available for provider `faker.providers.bank`. Locale reset to `en_GB` for this provider. (factory.py:88)
2025-06-17 11:27:21 [   DEBUG] Looking for locale `en_US` in provider `faker.providers.barcode`. (factory.py:78)
2025-06-17 11:27:21 [   DEBUG] Provider `faker.providers.barcode` has been localized to `en_US`. (factory.py:97)
2025-06-17 11:27:21 [   DEBUG] Looking for locale `en_US` in provider `faker.providers.color`. (factory.py:78)
2025-06-17 11:27:21 [   DEBUG] Provider `faker.providers.color` has been localized to `en_US`. (factory.py:97)
2025-06-17 11:27:21 [   DEBUG] Looking for locale `en_US` in provider `faker.providers.company`. (factory.py:78)
2025-06-17 11:27:21 [   DEBUG] Provider `faker.providers.company` has been localized to `en_US`. (factory.py:97)
2025-06-17 11:27:21 [   DEBUG] Looking for locale `en_US` in provider `faker.providers.credit_card`. (factory.py:78)
2025-06-17 11:27:21 [   DEBUG] Provider `faker.providers.credit_card` has been localized to `en_US`. (factory.py:97)
2025-06-17 11:27:21 [   DEBUG] Looking for locale `en_US` in provider `faker.providers.currency`. (factory.py:78)
2025-06-17 11:27:21 [   DEBUG] Provider `faker.providers.currency` has been localized to `en_US`. (factory.py:97)
2025-06-17 11:27:21 [   DEBUG] Looking for locale `en_US` in provider `faker.providers.date_time`. (factory.py:78)
2025-06-17 11:27:21 [   DEBUG] Provider `faker.providers.date_time` has been localized to `en_US`. (factory.py:97)
2025-06-17 11:27:21 [   DEBUG] Provider `faker.providers.doi` does not feature localization. Specified locale `en_US` is not utilized for this provider. (factory.py:108)
2025-06-17 11:27:21 [   DEBUG] Provider `faker.providers.emoji` does not feature localization. Specified locale `en_US` is not utilized for this provider. (factory.py:108)
2025-06-17 11:27:21 [   DEBUG] Provider `faker.providers.file` does not feature localization. Specified locale `en_US` is not utilized for this provider. (factory.py:108)
2025-06-17 11:27:21 [   DEBUG] Looking for locale `en_US` in provider `faker.providers.geo`. (factory.py:78)
2025-06-17 11:27:21 [   DEBUG] Provider `faker.providers.geo` has been localized to `en_US`. (factory.py:97)
2025-06-17 11:27:21 [   DEBUG] Looking for locale `en_US` in provider `faker.providers.internet`. (factory.py:78)
2025-06-17 11:27:21 [   DEBUG] Provider `faker.providers.internet` has been localized to `en_US`. (factory.py:97)
2025-06-17 11:27:21 [   DEBUG] Looking for locale `en_US` in provider `faker.providers.isbn`. (factory.py:78)
2025-06-17 11:27:21 [   DEBUG] Provider `faker.providers.isbn` has been localized to `en_US`. (factory.py:97)
2025-06-17 11:27:21 [   DEBUG] Looking for locale `en_US` in provider `faker.providers.job`. (factory.py:78)
2025-06-17 11:27:21 [   DEBUG] Provider `faker.providers.job` has been localized to `en_US`. (factory.py:97)
2025-06-17 11:27:21 [   DEBUG] Looking for locale `en_US` in provider `faker.providers.lorem`. (factory.py:78)
2025-06-17 11:27:21 [   DEBUG] Provider `faker.providers.lorem` has been localized to `en_US`. (factory.py:97)
2025-06-17 11:27:21 [   DEBUG] Looking for locale `en_US` in provider `faker.providers.misc`. (factory.py:78)
2025-06-17 11:27:21 [   DEBUG] Provider `faker.providers.misc` has been localized to `en_US`. (factory.py:97)
2025-06-17 11:27:21 [   DEBUG] Looking for locale `en_US` in provider `faker.providers.passport`. (factory.py:78)
2025-06-17 11:27:21 [   DEBUG] Provider `faker.providers.passport` has been localized to `en_US`. (factory.py:97)
2025-06-17 11:27:21 [   DEBUG] Looking for locale `en_US` in provider `faker.providers.person`. (factory.py:78)
2025-06-17 11:27:22 [   DEBUG] Provider `faker.providers.person` has been localized to `en_US`. (factory.py:97)
2025-06-17 11:27:22 [   DEBUG] Looking for locale `en_US` in provider `faker.providers.phone_number`. (factory.py:78)
2025-06-17 11:27:22 [   DEBUG] Provider `faker.providers.phone_number` has been localized to `en_US`. (factory.py:97)
2025-06-17 11:27:22 [   DEBUG] Provider `faker.providers.profile` does not feature localization. Specified locale `en_US` is not utilized for this provider. (factory.py:108)
2025-06-17 11:27:22 [   DEBUG] Provider `faker.providers.python` does not feature localization. Specified locale `en_US` is not utilized for this provider. (factory.py:108)
2025-06-17 11:27:22 [   DEBUG] Provider `faker.providers.sbn` does not feature localization. Specified locale `en_US` is not utilized for this provider. (factory.py:108)
2025-06-17 11:27:22 [   DEBUG] Looking for locale `en_US` in provider `faker.providers.ssn`. (factory.py:78)
2025-06-17 11:27:22 [   DEBUG] Provider `faker.providers.ssn` has been localized to `en_US`. (factory.py:97)
2025-06-17 11:27:22 [   DEBUG] Provider `faker.providers.user_agent` does not feature localization. Specified locale `en_US` is not utilized for this provider. (factory.py:108)
collected 48 items

tests/api/test_users.py::test_read_users_me 
------------------------------- live log setup --------------------------------
2025-06-17 11:27:22 [   DEBUG] Setting up test database... (conftest.py:54)
2025-06-17 11:27:22 [   DEBUG] Connecting to PostgreSQL... (conftest.py:57)
2025-06-17 11:27:23 [   DEBUG] Checking if database eterna_home_test exists... (conftest.py:68)
2025-06-17 11:27:23 [   DEBUG] Test database eterna_home_test already exists (conftest.py:77)
2025-06-17 11:27:23 [   DEBUG] Testing connection to test database... (conftest.py:80)
2025-06-17 11:27:23 [   DEBUG] Successfully connected to test database (conftest.py:91)
2025-06-17 11:27:23 [   DEBUG] Creating test engine... (conftest.py:139)
2025-06-17 11:27:23 [   DEBUG] Test engine created successfully (conftest.py:148)
2025-06-17 11:27:23 [   DEBUG] Creating test database tables... (conftest.py:174)
2025-06-17 11:27:24 [    INFO] select pg_catalog.version() (base.py:1842)
2025-06-17 11:27:24 [    INFO] [raw sql] {} (base.py:1842)
2025-06-17 11:27:24 [    INFO] select current_schema() (base.py:1842)
2025-06-17 11:27:24 [    INFO] [raw sql] {} (base.py:1842)
2025-06-17 11:27:24 [    INFO] show standard_conforming_strings (base.py:1842)
2025-06-17 11:27:24 [    INFO] [raw sql] {} (base.py:1842)
2025-06-17 11:27:24 [    INFO] BEGIN (implicit) (base.py:2698)
2025-06-17 11:27:24 [    INFO] 
                CREATE TABLE IF NOT EXISTS "user" (
                    id SERIAL PRIMARY KEY,
                    email VARCHAR NOT NULL UNIQUE,
                    username VARCHAR NOT NULL UNIQUE,
                    hashed_password VARCHAR NOT NULL,
                    is_active BOOLEAN DEFAULT TRUE,
                    is_superuser BOOLEAN DEFAULT FALSE,
                    is_verified BOOLEAN DEFAULT FALSE,
                    created_at TIMESTAMP WITHOUT TIME ZONE DEFAULT NOW(),
                    updated_at TIMESTAMP WITHOUT TIME ZONE DEFAULT NOW(),
                    last_login TIMESTAMP WITH TIME ZONE,
                    full_name VARCHAR(255),
                    phone_number VARCHAR(20)
                )
             (base.py:1842)
2025-06-17 11:27:24 [    INFO] [generated in 0.00386s] {} (base.py:1842)
2025-06-17 11:27:24 [   DEBUG] Query eseguita in 0.08 secondi: 
                CREATE TABLE IF NOT EXISTS "user" (
                    id SERIAL PRIMARY KEY,
                    email VARCHAR NOT NULL UNIQUE,
                    username VARCHAR NOT NULL UNIQUE,
                    hashed_password VARCHAR NOT NULL,
                    is_active BOOLEAN DEFAULT TRUE,
                    is_superuser BOOLEAN DEFAULT FALSE,
                    is_verified BOOLEAN DEFAULT FALSE,
                    created_at TIMESTAMP WITHOUT TIME ZONE DEFAULT NOW(),
                    updated_at TIMESTAMP WITHOUT TIME ZONE DEFAULT NOW(),
                    last_login TIMESTAMP WITH TIME ZONE,
                    full_name VARCHAR(255),
                    phone_number VARCHAR(20)
                )
             (session.py:30)
2025-06-17 11:27:24 [    INFO] COMMIT (base.py:2704)
2025-06-17 11:27:24 [   DEBUG] User table created manually (conftest.py:198)
2025-06-17 11:27:24 [    INFO] BEGIN (implicit) (base.py:2698)
2025-06-17 11:27:24 [    INFO] SELECT pg_catalog.pg_class.relname 
FROM pg_catalog.pg_class JOIN pg_catalog.pg_namespace ON pg_catalog.pg_namespace.oid = pg_catalog.pg_class.relnamespace 
WHERE pg_catalog.pg_class.relname = %(table_name)s AND pg_catalog.pg_class.relkind = ANY (ARRAY[%(param_1)s, %(param_2)s, %(param_3)s, %(param_4)s, %(param_5)s]) AND pg_catalog.pg_table_is_visible(pg_catalog.pg_class.oid) AND pg_catalog.pg_namespace.nspname != %(nspname_1)s (base.py:1842)
2025-06-17 11:27:24 [    INFO] [generated in 0.00425s] {'table_name': 'user', 'param_1': 'r', 'param_2': 'p', 'param_3': 'f', 'param_4': 'v', 'param_5': 'm', 'nspname_1': 'pg_catalog'} (base.py:1842)
2025-06-17 11:27:24 [   DEBUG] Query eseguita in 0.02 secondi: SELECT pg_catalog.pg_class.relname 
FROM pg_catalog.pg_class JOIN pg_catalog.pg_namespace ON pg_catalog.pg_namespace.oid = pg_catalog.pg_class.relnamespace 
WHERE pg_catalog.pg_class.relname = %(table_name)s AND pg_catalog.pg_class.relkind = ANY (ARRAY[%(param_1)s, %(param_2)s, %(param_3)s, %(param_4)s, %(param_5)s]) AND pg_catalog.pg_table_is_visible(pg_catalog.pg_class.oid) AND pg_catalog.pg_namespace.nspname != %(nspname_1)s (session.py:30)
2025-06-17 11:27:24 [    INFO] SELECT pg_catalog.pg_class.relname 
FROM pg_catalog.pg_class JOIN pg_catalog.pg_namespace ON pg_catalog.pg_namespace.oid = pg_catalog.pg_class.relnamespace 
WHERE pg_catalog.pg_class.relname = %(table_name)s AND pg_catalog.pg_class.relkind = ANY (ARRAY[%(param_1)s, %(param_2)s, %(param_3)s, %(param_4)s, %(param_5)s]) AND pg_catalog.pg_table_is_visible(pg_catalog.pg_class.oid) AND pg_catalog.pg_namespace.nspname != %(nspname_1)s (base.py:1842)
2025-06-17 11:27:24 [    INFO] [cached since 0.02458s ago] {'table_name': 'documents', 'param_1': 'r', 'param_2': 'p', 'param_3': 'f', 'param_4': 'v', 'param_5': 'm', 'nspname_1': 'pg_catalog'} (base.py:1842)
2025-06-17 11:27:24 [   DEBUG] Query eseguita in 0.01 secondi: SELECT pg_catalog.pg_class.relname 
FROM pg_catalog.pg_class JOIN pg_catalog.pg_namespace ON pg_catalog.pg_namespace.oid = pg_catalog.pg_class.relnamespace 
WHERE pg_catalog.pg_class.relname = %(table_name)s AND pg_catalog.pg_class.relkind = ANY (ARRAY[%(param_1)s, %(param_2)s, %(param_3)s, %(param_4)s, %(param_5)s]) AND pg_catalog.pg_table_is_visible(pg_catalog.pg_class.oid) AND pg_catalog.pg_namespace.nspname != %(nspname_1)s (session.py:30)
2025-06-17 11:27:24 [    INFO] SELECT pg_catalog.pg_class.relname 
FROM pg_catalog.pg_class JOIN pg_catalog.pg_namespace ON pg_catalog.pg_namespace.oid = pg_catalog.pg_class.relnamespace 
WHERE pg_catalog.pg_class.relname = %(table_name)s AND pg_catalog.pg_class.relkind = ANY (ARRAY[%(param_1)s, %(param_2)s, %(param_3)s, %(param_4)s, %(param_5)s]) AND pg_catalog.pg_table_is_visible(pg_catalog.pg_class.oid) AND pg_catalog.pg_namespace.nspname != %(nspname_1)s (base.py:1842)
2025-06-17 11:27:24 [    INFO] [cached since 0.03038s ago] {'table_name': 'document_versions', 'param_1': 'r', 'param_2': 'p', 'param_3': 'f', 'param_4': 'v', 'param_5': 'm', 'nspname_1': 'pg_catalog'} (base.py:1842)
2025-06-17 11:27:24 [   DEBUG] Query eseguita in 0.01 secondi: SELECT pg_catalog.pg_class.relname 
FROM pg_catalog.pg_class JOIN pg_catalog.pg_namespace ON pg_catalog.pg_namespace.oid = pg_catalog.pg_class.relnamespace 
WHERE pg_catalog.pg_class.relname = %(table_name)s AND pg_catalog.pg_class.relkind = ANY (ARRAY[%(param_1)s, %(param_2)s, %(param_3)s, %(param_4)s, %(param_5)s]) AND pg_catalog.pg_table_is_visible(pg_catalog.pg_class.oid) AND pg_catalog.pg_namespace.nspname != %(nspname_1)s (session.py:30)
2025-06-17 11:27:24 [    INFO] SELECT pg_catalog.pg_class.relname 
FROM pg_catalog.pg_class JOIN pg_catalog.pg_namespace ON pg_catalog.pg_namespace.oid = pg_catalog.pg_class.relnamespace 
WHERE pg_catalog.pg_class.relname = %(table_name)s AND pg_catalog.pg_class.relkind = ANY (ARRAY[%(param_1)s, %(param_2)s, %(param_3)s, %(param_4)s, %(param_5)s]) AND pg_catalog.pg_table_is_visible(pg_catalog.pg_class.oid) AND pg_catalog.pg_namespace.nspname != %(nspname_1)s (base.py:1842)
2025-06-17 11:27:24 [    INFO] [cached since 0.04204s ago] {'table_name': 'houses', 'param_1': 'r', 'param_2': 'p', 'param_3': 'f', 'param_4': 'v', 'param_5': 'm', 'nspname_1': 'pg_catalog'} (base.py:1842)
2025-06-17 11:27:24 [   DEBUG] Query eseguita in 0.00 secondi: SELECT pg_catalog.pg_class.relname 
FROM pg_catalog.pg_class JOIN pg_catalog.pg_namespace ON pg_catalog.pg_namespace.oid = pg_catalog.pg_class.relnamespace 
WHERE pg_catalog.pg_class.relname = %(table_name)s AND pg_catalog.pg_class.relkind = ANY (ARRAY[%(param_1)s, %(param_2)s, %(param_3)s, %(param_4)s, %(param_5)s]) AND pg_catalog.pg_table_is_visible(pg_catalog.pg_class.oid) AND pg_catalog.pg_namespace.nspname != %(nspname_1)s (session.py:30)
2025-06-17 11:27:24 [    INFO] SELECT pg_catalog.pg_class.relname 
FROM pg_catalog.pg_class JOIN pg_catalog.pg_namespace ON pg_catalog.pg_namespace.oid = pg_catalog.pg_class.relnamespace 
WHERE pg_catalog.pg_class.relname = %(table_name)s AND pg_catalog.pg_class.relkind = ANY (ARRAY[%(param_1)s, %(param_2)s, %(param_3)s, %(param_4)s, %(param_5)s]) AND pg_catalog.pg_table_is_visible(pg_catalog.pg_class.oid) AND pg_catalog.pg_namespace.nspname != %(nspname_1)s (base.py:1842)
2025-06-17 11:27:24 [    INFO] [cached since 0.04895s ago] {'table_name': 'nodes', 'param_1': 'r', 'param_2': 'p', 'param_3': 'f', 'param_4': 'v', 'param_5': 'm', 'nspname_1': 'pg_catalog'} (base.py:1842)
2025-06-17 11:27:24 [   DEBUG] Query eseguita in 0.01 secondi: SELECT pg_catalog.pg_class.relname 
FROM pg_catalog.pg_class JOIN pg_catalog.pg_namespace ON pg_catalog.pg_namespace.oid = pg_catalog.pg_class.relnamespace 
WHERE pg_catalog.pg_class.relname = %(table_name)s AND pg_catalog.pg_class.relkind = ANY (ARRAY[%(param_1)s, %(param_2)s, %(param_3)s, %(param_4)s, %(param_5)s]) AND pg_catalog.pg_table_is_visible(pg_catalog.pg_class.oid) AND pg_catalog.pg_namespace.nspname != %(nspname_1)s (session.py:30)
2025-06-17 11:27:24 [    INFO] SELECT pg_catalog.pg_class.relname 
FROM pg_catalog.pg_class JOIN pg_catalog.pg_namespace ON pg_catalog.pg_namespace.oid = pg_catalog.pg_class.relnamespace 
WHERE pg_catalog.pg_class.relname = %(table_name)s AND pg_catalog.pg_class.relkind = ANY (ARRAY[%(param_1)s, %(param_2)s, %(param_3)s, %(param_4)s, %(param_5)s]) AND pg_catalog.pg_table_is_visible(pg_catalog.pg_class.oid) AND pg_catalog.pg_namespace.nspname != %(nspname_1)s (base.py:1842)
2025-06-17 11:27:24 [    INFO] [cached since 0.05974s ago] {'table_name': 'rooms', 'param_1': 'r', 'param_2': 'p', 'param_3': 'f', 'param_4': 'v', 'param_5': 'm', 'nspname_1': 'pg_catalog'} (base.py:1842)
2025-06-17 11:27:24 [   DEBUG] Query eseguita in 0.01 secondi: SELECT pg_catalog.pg_class.relname 
FROM pg_catalog.pg_class JOIN pg_catalog.pg_namespace ON pg_catalog.pg_namespace.oid = pg_catalog.pg_class.relnamespace 
WHERE pg_catalog.pg_class.relname = %(table_name)s AND pg_catalog.pg_class.relkind = ANY (ARRAY[%(param_1)s, %(param_2)s, %(param_3)s, %(param_4)s, %(param_5)s]) AND pg_catalog.pg_table_is_visible(pg_catalog.pg_class.oid) AND pg_catalog.pg_namespace.nspname != %(nspname_1)s (session.py:30)
2025-06-17 11:27:24 [    INFO] SELECT pg_catalog.pg_class.relname 
FROM pg_catalog.pg_class JOIN pg_catalog.pg_namespace ON pg_catalog.pg_namespace.oid = pg_catalog.pg_class.relnamespace 
WHERE pg_catalog.pg_class.relname = %(table_name)s AND pg_catalog.pg_class.relkind = ANY (ARRAY[%(param_1)s, %(param_2)s, %(param_3)s, %(param_4)s, %(param_5)s]) AND pg_catalog.pg_table_is_visible(pg_catalog.pg_class.oid) AND pg_catalog.pg_namespace.nspname != %(nspname_1)s (base.py:1842)
2025-06-17 11:27:24 [    INFO] [cached since 0.06713s ago] {'table_name': 'bookings', 'param_1': 'r', 'param_2': 'p', 'param_3': 'f', 'param_4': 'v', 'param_5': 'm', 'nspname_1': 'pg_catalog'} (base.py:1842)
2025-06-17 11:27:24 [   DEBUG] Query eseguita in 0.01 secondi: SELECT pg_catalog.pg_class.relname 
FROM pg_catalog.pg_class JOIN pg_catalog.pg_namespace ON pg_catalog.pg_namespace.oid = pg_catalog.pg_class.relnamespace 
WHERE pg_catalog.pg_class.relname = %(table_name)s AND pg_catalog.pg_class.relkind = ANY (ARRAY[%(param_1)s, %(param_2)s, %(param_3)s, %(param_4)s, %(param_5)s]) AND pg_catalog.pg_table_is_visible(pg_catalog.pg_class.oid) AND pg_catalog.pg_namespace.nspname != %(nspname_1)s (session.py:30)
2025-06-17 11:27:24 [    INFO] SELECT pg_catalog.pg_class.relname 
FROM pg_catalog.pg_class JOIN pg_catalog.pg_namespace ON pg_catalog.pg_namespace.oid = pg_catalog.pg_class.relnamespace 
WHERE pg_catalog.pg_class.relname = %(table_name)s AND pg_catalog.pg_class.relkind = ANY (ARRAY[%(param_1)s, %(param_2)s, %(param_3)s, %(param_4)s, %(param_5)s]) AND pg_catalog.pg_table_is_visible(pg_catalog.pg_class.oid) AND pg_catalog.pg_namespace.nspname != %(nspname_1)s (base.py:1842)
2025-06-17 11:27:24 [    INFO] [cached since 0.07645s ago] {'table_name': 'maintenance_records', 'param_1': 'r', 'param_2': 'p', 'param_3': 'f', 'param_4': 'v', 'param_5': 'm', 'nspname_1': 'pg_catalog'} (base.py:1842)
2025-06-17 11:27:24 [   DEBUG] Query eseguita in 0.00 secondi: SELECT pg_catalog.pg_class.relname 
FROM pg_catalog.pg_class JOIN pg_catalog.pg_namespace ON pg_catalog.pg_namespace.oid = pg_catalog.pg_class.relnamespace 
WHERE pg_catalog.pg_class.relname = %(table_name)s AND pg_catalog.pg_class.relkind = ANY (ARRAY[%(param_1)s, %(param_2)s, %(param_3)s, %(param_4)s, %(param_5)s]) AND pg_catalog.pg_table_is_visible(pg_catalog.pg_class.oid) AND pg_catalog.pg_namespace.nspname != %(nspname_1)s (session.py:30)
2025-06-17 11:27:24 [    INFO] SELECT pg_catalog.pg_type.typname 
FROM pg_catalog.pg_type JOIN pg_catalog.pg_namespace ON pg_catalog.pg_namespace.oid = pg_catalog.pg_type.typnamespace 
WHERE pg_catalog.pg_type.typname = %(typname_1)s AND pg_catalog.pg_type_is_visible(pg_catalog.pg_type.oid) AND pg_catalog.pg_namespace.nspname != %(nspname_1)s (base.py:1842)
2025-06-17 11:27:24 [    INFO] [generated in 0.00104s] {'typname_1': 'maintenancetype', 'nspname_1': 'pg_catalog'} (base.py:1842)
2025-06-17 11:27:24 [   DEBUG] Query eseguita in 0.01 secondi: SELECT pg_catalog.pg_type.typname 
FROM pg_catalog.pg_type JOIN pg_catalog.pg_namespace ON pg_catalog.pg_namespace.oid = pg_catalog.pg_type.typnamespace 
WHERE pg_catalog.pg_type.typname = %(typname_1)s AND pg_catalog.pg_type_is_visible(pg_catalog.pg_type.oid) AND pg_catalog.pg_namespace.nspname != %(nspname_1)s (session.py:30)
2025-06-17 11:27:24 [    INFO] CREATE TYPE maintenancetype AS ENUM ('ROUTINE', 'PREVENTIVE', 'CORRECTIVE', 'EMERGENCY', 'INSPECTION') (base.py:1842)
2025-06-17 11:27:24 [    INFO] [no key 0.00467s] {} (base.py:1842)
2025-06-17 11:27:24 [   DEBUG] Query eseguita in 0.01 secondi: CREATE TYPE maintenancetype AS ENUM ('ROUTINE', 'PREVENTIVE', 'CORRECTIVE', 'EMERGENCY', 'INSPECTION') (session.py:30)
2025-06-17 11:27:24 [    INFO] SELECT pg_catalog.pg_type.typname 
FROM pg_catalog.pg_type JOIN pg_catalog.pg_namespace ON pg_catalog.pg_namespace.oid = pg_catalog.pg_type.typnamespace 
WHERE pg_catalog.pg_type.typname = %(typname_1)s AND pg_catalog.pg_type_is_visible(pg_catalog.pg_type.oid) AND pg_catalog.pg_namespace.nspname != %(nspname_1)s (base.py:1842)
2025-06-17 11:27:24 [    INFO] [cached since 0.02587s ago] {'typname_1': 'maintenancestatus', 'nspname_1': 'pg_catalog'} (base.py:1842)
2025-06-17 11:27:24 [   DEBUG] Query eseguita in 0.01 secondi: SELECT pg_catalog.pg_type.typname 
FROM pg_catalog.pg_type JOIN pg_catalog.pg_namespace ON pg_catalog.pg_namespace.oid = pg_catalog.pg_type.typnamespace 
WHERE pg_catalog.pg_type.typname = %(typname_1)s AND pg_catalog.pg_type_is_visible(pg_catalog.pg_type.oid) AND pg_catalog.pg_namespace.nspname != %(nspname_1)s (session.py:30)
2025-06-17 11:27:24 [    INFO] CREATE TYPE maintenancestatus AS ENUM ('PENDING', 'COMPLETED', 'FAILED') (base.py:1842)
2025-06-17 11:27:24 [    INFO] [no key 0.00092s] {} (base.py:1842)
2025-06-17 11:27:24 [   DEBUG] Query eseguita in 0.00 secondi: CREATE TYPE maintenancestatus AS ENUM ('PENDING', 'COMPLETED', 'FAILED') (session.py:30)
2025-06-17 11:27:24 [    INFO] 
CREATE TABLE houses (
	id SERIAL NOT NULL, 
	name VARCHAR NOT NULL, 
	address VARCHAR NOT NULL, 
	owner_id INTEGER NOT NULL, 
	created_at TIMESTAMP WITHOUT TIME ZONE NOT NULL, 
	updated_at TIMESTAMP WITHOUT TIME ZONE NOT NULL, 
	PRIMARY KEY (id), 
	FOREIGN KEY(owner_id) REFERENCES "user" (id)
)

 (base.py:1842)
2025-06-17 11:27:24 [    INFO] [no key 0.00095s] {} (base.py:1842)
2025-06-17 11:27:24 [   DEBUG] Query eseguita in 0.03 secondi: 
CREATE TABLE houses (
	id SERIAL NOT NULL, 
	name VARCHAR NOT NULL, 
	address VARCHAR NOT NULL, 
	owner_id INTEGER NOT NULL, 
	created_at TIMESTAMP WITHOUT TIME ZONE NOT NULL, 
	updated_at TIMESTAMP WITHOUT TIME ZONE NOT NULL, 
	PRIMARY KEY (id), 
	FOREIGN KEY(owner_id) REFERENCES "user" (id)
)

 (session.py:30)
2025-06-17 11:27:24 [    INFO] CREATE INDEX ix_houses_name ON houses (name) (base.py:1842)
2025-06-17 11:27:24 [    INFO] [no key 0.00077s] {} (base.py:1842)
2025-06-17 11:27:24 [   DEBUG] Query eseguita in 0.01 secondi: CREATE INDEX ix_houses_name ON houses (name) (session.py:30)
2025-06-17 11:27:24 [    INFO] 
CREATE TABLE rooms (
	id SERIAL NOT NULL, 
	name VARCHAR NOT NULL, 
	description VARCHAR, 
	floor INTEGER NOT NULL, 
	area FLOAT NOT NULL, 
	house_id INTEGER NOT NULL, 
	created_at TIMESTAMP WITHOUT TIME ZONE NOT NULL, 
	updated_at TIMESTAMP WITHOUT TIME ZONE NOT NULL, 
	PRIMARY KEY (id), 
	FOREIGN KEY(house_id) REFERENCES houses (id)
)

 (base.py:1842)
2025-06-17 11:27:24 [    INFO] [no key 0.00087s] {} (base.py:1842)
2025-06-17 11:27:24 [   DEBUG] Query eseguita in 0.03 secondi: 
CREATE TABLE rooms (
	id SERIAL NOT NULL, 
	name VARCHAR NOT NULL, 
	description VARCHAR, 
	floor INTEGER NOT NULL, 
	area FLOAT NOT NULL, 
	house_id INTEGER NOT NULL, 
	created_at TIMESTAMP WITHOUT TIME ZONE NOT NULL, 
	updated_at TIMESTAMP WITHOUT TIME ZONE NOT NULL, 
	PRIMARY KEY (id), 
	FOREIGN KEY(house_id) REFERENCES houses (id)
)

 (session.py:30)
2025-06-17 11:27:24 [    INFO] CREATE INDEX ix_rooms_name ON rooms (name) (base.py:1842)
2025-06-17 11:27:24 [    INFO] [no key 0.00209s] {} (base.py:1842)
2025-06-17 11:27:24 [   DEBUG] Query eseguita in 0.01 secondi: CREATE INDEX ix_rooms_name ON rooms (name) (session.py:30)
2025-06-17 11:27:24 [    INFO] 
CREATE TABLE nodes (
	id SERIAL NOT NULL, 
	name VARCHAR NOT NULL, 
	description VARCHAR, 
	nfc_id VARCHAR NOT NULL, 
	house_id INTEGER NOT NULL, 
	room_id INTEGER, 
	PRIMARY KEY (id), 
	FOREIGN KEY(house_id) REFERENCES houses (id), 
	FOREIGN KEY(room_id) REFERENCES rooms (id)
)

 (base.py:1842)
2025-06-17 11:27:24 [    INFO] [no key 0.00301s] {} (base.py:1842)
2025-06-17 11:27:24 [   DEBUG] Query eseguita in 0.03 secondi: 
CREATE TABLE nodes (
	id SERIAL NOT NULL, 
	name VARCHAR NOT NULL, 
	description VARCHAR, 
	nfc_id VARCHAR NOT NULL, 
	house_id INTEGER NOT NULL, 
	room_id INTEGER, 
	PRIMARY KEY (id), 
	FOREIGN KEY(house_id) REFERENCES houses (id), 
	FOREIGN KEY(room_id) REFERENCES rooms (id)
)

 (session.py:30)
2025-06-17 11:27:24 [    INFO] CREATE UNIQUE INDEX ix_nodes_nfc_id ON nodes (nfc_id) (base.py:1842)
2025-06-17 11:27:24 [    INFO] [no key 0.00211s] {} (base.py:1842)
2025-06-17 11:27:24 [   DEBUG] Query eseguita in 0.01 secondi: CREATE UNIQUE INDEX ix_nodes_nfc_id ON nodes (nfc_id) (session.py:30)
2025-06-17 11:27:24 [    INFO] 
CREATE TABLE bookings (
	id SERIAL NOT NULL, 
	room_id INTEGER NOT NULL, 
	user_id INTEGER NOT NULL, 
	start_time TIMESTAMP WITHOUT TIME ZONE NOT NULL, 
	end_time TIMESTAMP WITHOUT TIME ZONE NOT NULL, 
	status VARCHAR NOT NULL, 
	notes VARCHAR, 
	created_at TIMESTAMP WITHOUT TIME ZONE NOT NULL, 
	updated_at TIMESTAMP WITHOUT TIME ZONE NOT NULL, 
	PRIMARY KEY (id), 
	FOREIGN KEY(room_id) REFERENCES rooms (id), 
	FOREIGN KEY(user_id) REFERENCES "user" (id)
)

 (base.py:1842)
2025-06-17 11:27:24 [    INFO] [no key 0.00252s] {} (base.py:1842)
2025-06-17 11:27:24 [   DEBUG] Query eseguita in 0.03 secondi: 
CREATE TABLE bookings (
	id SERIAL NOT NULL, 
	room_id INTEGER NOT NULL, 
	user_id INTEGER NOT NULL, 
	start_time TIMESTAMP WITHOUT TIME ZONE NOT NULL, 
	end_time TIMESTAMP WITHOUT TIME ZONE NOT NULL, 
	status VARCHAR NOT NULL, 
	notes VARCHAR, 
	created_at TIMESTAMP WITHOUT TIME ZONE NOT NULL, 
	updated_at TIMESTAMP WITHOUT TIME ZONE NOT NULL, 
	PRIMARY KEY (id), 
	FOREIGN KEY(room_id) REFERENCES rooms (id), 
	FOREIGN KEY(user_id) REFERENCES "user" (id)
)

 (session.py:30)
2025-06-17 11:27:24 [    INFO] 
CREATE TABLE documents (
	id SERIAL NOT NULL, 
	created_at TIMESTAMP WITHOUT TIME ZONE NOT NULL, 
	updated_at TIMESTAMP WITHOUT TIME ZONE NOT NULL, 
	owner_id INTEGER NOT NULL, 
	name VARCHAR NOT NULL, 
	type VARCHAR NOT NULL, 
	size INTEGER NOT NULL, 
	upload_date TIMESTAMP WITHOUT TIME ZONE NOT NULL, 
	path VARCHAR NOT NULL, 
	checksum VARCHAR NOT NULL, 
	house_id INTEGER, 
	node_id INTEGER, 
	description VARCHAR, 
	PRIMARY KEY (id), 
	FOREIGN KEY(owner_id) REFERENCES "user" (id), 
	FOREIGN KEY(house_id) REFERENCES houses (id), 
	FOREIGN KEY(node_id) REFERENCES nodes (id)
)

 (base.py:1842)
2025-06-17 11:27:24 [    INFO] [no key 0.00083s] {} (base.py:1842)
2025-06-17 11:27:24 [   DEBUG] Query eseguita in 0.03 secondi: 
CREATE TABLE documents (
	id SERIAL NOT NULL, 
	created_at TIMESTAMP WITHOUT TIME ZONE NOT NULL, 
	updated_at TIMESTAMP WITHOUT TIME ZONE NOT NULL, 
	owner_id INTEGER NOT NULL, 
	name VARCHAR NOT NULL, 
	type VARCHAR NOT NULL, 
	size INTEGER NOT NULL, 
	upload_date TIMESTAMP WITHOUT TIME ZONE NOT NULL, 
	path VARCHAR NOT NULL, 
	checksum VARCHAR NOT NULL, 
	house_id INTEGER, 
	node_id INTEGER, 
	description VARCHAR, 
	PRIMARY KEY (id), 
	FOREIGN KEY(owner_id) REFERENCES "user" (id), 
	FOREIGN KEY(house_id) REFERENCES houses (id), 
	FOREIGN KEY(node_id) REFERENCES nodes (id)
)

 (session.py:30)
2025-06-17 11:27:24 [    INFO] CREATE INDEX ix_documents_owner_id ON documents (owner_id) (base.py:1842)
2025-06-17 11:27:24 [    INFO] [no key 0.00076s] {} (base.py:1842)
2025-06-17 11:27:24 [   DEBUG] Query eseguita in 0.01 secondi: CREATE INDEX ix_documents_owner_id ON documents (owner_id) (session.py:30)
2025-06-17 11:27:24 [    INFO] 
CREATE TABLE document_versions (
	id SERIAL NOT NULL, 
	version_number INTEGER NOT NULL, 
	file_path VARCHAR NOT NULL, 
	file_size INTEGER NOT NULL, 
	checksum VARCHAR NOT NULL, 
	created_at TIMESTAMP WITHOUT TIME ZONE NOT NULL, 
	updated_at TIMESTAMP WITHOUT TIME ZONE NOT NULL, 
	document_id INTEGER NOT NULL, 
	created_by_id INTEGER, 
	PRIMARY KEY (id), 
	FOREIGN KEY(document_id) REFERENCES documents (id), 
	FOREIGN KEY(created_by_id) REFERENCES "user" (id)
)

 (base.py:1842)
2025-06-17 11:27:24 [    INFO] [no key 0.00085s] {} (base.py:1842)
2025-06-17 11:27:24 [   DEBUG] Query eseguita in 0.03 secondi: 
CREATE TABLE document_versions (
	id SERIAL NOT NULL, 
	version_number INTEGER NOT NULL, 
	file_path VARCHAR NOT NULL, 
	file_size INTEGER NOT NULL, 
	checksum VARCHAR NOT NULL, 
	created_at TIMESTAMP WITHOUT TIME ZONE NOT NULL, 
	updated_at TIMESTAMP WITHOUT TIME ZONE NOT NULL, 
	document_id INTEGER NOT NULL, 
	created_by_id INTEGER, 
	PRIMARY KEY (id), 
	FOREIGN KEY(document_id) REFERENCES documents (id), 
	FOREIGN KEY(created_by_id) REFERENCES "user" (id)
)

 (session.py:30)
2025-06-17 11:27:24 [    INFO] CREATE INDEX ix_document_versions_version_number ON document_versions (version_number) (base.py:1842)
2025-06-17 11:27:24 [    INFO] [no key 0.00076s] {} (base.py:1842)
2025-06-17 11:27:24 [   DEBUG] Query eseguita in 0.01 secondi: CREATE INDEX ix_document_versions_version_number ON document_versions (version_number) (session.py:30)
2025-06-17 11:27:24 [    INFO] CREATE INDEX ix_document_versions_created_by_id ON document_versions (created_by_id) (base.py:1842)
2025-06-17 11:27:24 [    INFO] [no key 0.00164s] {} (base.py:1842)
2025-06-17 11:27:24 [   DEBUG] Query eseguita in 0.01 secondi: CREATE INDEX ix_document_versions_created_by_id ON document_versions (created_by_id) (session.py:30)
2025-06-17 11:27:24 [    INFO] CREATE INDEX ix_document_versions_document_id ON document_versions (document_id) (base.py:1842)
2025-06-17 11:27:24 [    INFO] [no key 0.00412s] {} (base.py:1842)
2025-06-17 11:27:24 [   DEBUG] Query eseguita in 0.01 secondi: CREATE INDEX ix_document_versions_document_id ON document_versions (document_id) (session.py:30)
2025-06-17 11:27:24 [    INFO] 
CREATE TABLE maintenance_records (
	id SERIAL NOT NULL, 
	node_id INTEGER NOT NULL, 
	timestamp TIMESTAMP WITHOUT TIME ZONE NOT NULL, 
	maintenance_type maintenancetype NOT NULL, 
	description VARCHAR NOT NULL, 
	status maintenancestatus NOT NULL, 
	notes VARCHAR, 
	document_id INTEGER, 
	PRIMARY KEY (id), 
	FOREIGN KEY(node_id) REFERENCES nodes (id), 
	FOREIGN KEY(document_id) REFERENCES documents (id)
)

 (base.py:1842)
2025-06-17 11:27:24 [    INFO] [no key 0.00121s] {} (base.py:1842)
2025-06-17 11:27:24 [   DEBUG] Query eseguita in 0.04 secondi: 
CREATE TABLE maintenance_records (
	id SERIAL NOT NULL, 
	node_id INTEGER NOT NULL, 
	timestamp TIMESTAMP WITHOUT TIME ZONE NOT NULL, 
	maintenance_type maintenancetype NOT NULL, 
	description VARCHAR NOT NULL, 
	status maintenancestatus NOT NULL, 
	notes VARCHAR, 
	document_id INTEGER, 
	PRIMARY KEY (id), 
	FOREIGN KEY(node_id) REFERENCES nodes (id), 
	FOREIGN KEY(document_id) REFERENCES documents (id)
)

 (session.py:30)
2025-06-17 11:27:24 [    INFO] CREATE INDEX ix_maintenance_records_node_id ON maintenance_records (node_id) (base.py:1842)
2025-06-17 11:27:24 [    INFO] [no key 0.00310s] {} (base.py:1842)
2025-06-17 11:27:24 [   DEBUG] Query eseguita in 0.01 secondi: CREATE INDEX ix_maintenance_records_node_id ON maintenance_records (node_id) (session.py:30)
2025-06-17 11:27:24 [    INFO] COMMIT (base.py:2704)
2025-06-17 11:27:24 [   DEBUG] Test database tables created successfully (conftest.py:202)
2025-06-17 11:27:24 [   DEBUG] Setting up test database session... (test_users.py:38)
2025-06-17 11:27:25 [    INFO] select pg_catalog.version() (base.py:1842)
2025-06-17 11:27:25 [    INFO] [raw sql] {} (base.py:1842)
2025-06-17 11:27:25 [    INFO] select current_schema() (base.py:1842)
2025-06-17 11:27:25 [    INFO] [raw sql] {} (base.py:1842)
2025-06-17 11:27:25 [    INFO] show standard_conforming_strings (base.py:1842)
2025-06-17 11:27:25 [    INFO] [raw sql] {} (base.py:1842)
2025-06-17 11:27:25 [    INFO] BEGIN (implicit) (base.py:2698)
2025-06-17 11:27:25 [    INFO] SELECT pg_catalog.pg_class.relname 
FROM pg_catalog.pg_class JOIN pg_catalog.pg_namespace ON pg_catalog.pg_namespace.oid = pg_catalog.pg_class.relnamespace 
WHERE pg_catalog.pg_class.relname = %(table_name)s AND pg_catalog.pg_class.relkind = ANY (ARRAY[%(param_1)s, %(param_2)s, %(param_3)s, %(param_4)s, %(param_5)s]) AND pg_catalog.pg_table_is_visible(pg_catalog.pg_class.oid) AND pg_catalog.pg_namespace.nspname != %(nspname_1)s (base.py:1842)
2025-06-17 11:27:25 [    INFO] [generated in 0.00548s] {'table_name': 'user', 'param_1': 'r', 'param_2': 'p', 'param_3': 'f', 'param_4': 'v', 'param_5': 'm', 'nspname_1': 'pg_catalog'} (base.py:1842)
2025-06-17 11:27:25 [   DEBUG] Query eseguita in 0.01 secondi: SELECT pg_catalog.pg_class.relname 
FROM pg_catalog.pg_class JOIN pg_catalog.pg_namespace ON pg_catalog.pg_namespace.oid = pg_catalog.pg_class.relnamespace 
WHERE pg_catalog.pg_class.relname = %(table_name)s AND pg_catalog.pg_class.relkind = ANY (ARRAY[%(param_1)s, %(param_2)s, %(param_3)s, %(param_4)s, %(param_5)s]) AND pg_catalog.pg_table_is_visible(pg_catalog.pg_class.oid) AND pg_catalog.pg_namespace.nspname != %(nspname_1)s (session.py:30)
2025-06-17 11:27:25 [    INFO] SELECT pg_catalog.pg_class.relname 
FROM pg_catalog.pg_class JOIN pg_catalog.pg_namespace ON pg_catalog.pg_namespace.oid = pg_catalog.pg_class.relnamespace 
WHERE pg_catalog.pg_class.relname = %(table_name)s AND pg_catalog.pg_class.relkind = ANY (ARRAY[%(param_1)s, %(param_2)s, %(param_3)s, %(param_4)s, %(param_5)s]) AND pg_catalog.pg_table_is_visible(pg_catalog.pg_class.oid) AND pg_catalog.pg_namespace.nspname != %(nspname_1)s (base.py:1842)
2025-06-17 11:27:25 [    INFO] [cached since 0.02323s ago] {'table_name': 'documents', 'param_1': 'r', 'param_2': 'p', 'param_3': 'f', 'param_4': 'v', 'param_5': 'm', 'nspname_1': 'pg_catalog'} (base.py:1842)
2025-06-17 11:27:25 [   DEBUG] Query eseguita in 0.01 secondi: SELECT pg_catalog.pg_class.relname 
FROM pg_catalog.pg_class JOIN pg_catalog.pg_namespace ON pg_catalog.pg_namespace.oid = pg_catalog.pg_class.relnamespace 
WHERE pg_catalog.pg_class.relname = %(table_name)s AND pg_catalog.pg_class.relkind = ANY (ARRAY[%(param_1)s, %(param_2)s, %(param_3)s, %(param_4)s, %(param_5)s]) AND pg_catalog.pg_table_is_visible(pg_catalog.pg_class.oid) AND pg_catalog.pg_namespace.nspname != %(nspname_1)s (session.py:30)
2025-06-17 11:27:25 [    INFO] SELECT pg_catalog.pg_class.relname 
FROM pg_catalog.pg_class JOIN pg_catalog.pg_namespace ON pg_catalog.pg_namespace.oid = pg_catalog.pg_class.relnamespace 
WHERE pg_catalog.pg_class.relname = %(table_name)s AND pg_catalog.pg_class.relkind = ANY (ARRAY[%(param_1)s, %(param_2)s, %(param_3)s, %(param_4)s, %(param_5)s]) AND pg_catalog.pg_table_is_visible(pg_catalog.pg_class.oid) AND pg_catalog.pg_namespace.nspname != %(nspname_1)s (base.py:1842)
2025-06-17 11:27:25 [    INFO] [cached since 0.03083s ago] {'table_name': 'document_versions', 'param_1': 'r', 'param_2': 'p', 'param_3': 'f', 'param_4': 'v', 'param_5': 'm', 'nspname_1': 'pg_catalog'} (base.py:1842)
2025-06-17 11:27:25 [   DEBUG] Query eseguita in 0.01 secondi: SELECT pg_catalog.pg_class.relname 
FROM pg_catalog.pg_class JOIN pg_catalog.pg_namespace ON pg_catalog.pg_namespace.oid = pg_catalog.pg_class.relnamespace 
WHERE pg_catalog.pg_class.relname = %(table_name)s AND pg_catalog.pg_class.relkind = ANY (ARRAY[%(param_1)s, %(param_2)s, %(param_3)s, %(param_4)s, %(param_5)s]) AND pg_catalog.pg_table_is_visible(pg_catalog.pg_class.oid) AND pg_catalog.pg_namespace.nspname != %(nspname_1)s (session.py:30)
2025-06-17 11:27:25 [    INFO] SELECT pg_catalog.pg_class.relname 
FROM pg_catalog.pg_class JOIN pg_catalog.pg_namespace ON pg_catalog.pg_namespace.oid = pg_catalog.pg_class.relnamespace 
WHERE pg_catalog.pg_class.relname = %(table_name)s AND pg_catalog.pg_class.relkind = ANY (ARRAY[%(param_1)s, %(param_2)s, %(param_3)s, %(param_4)s, %(param_5)s]) AND pg_catalog.pg_table_is_visible(pg_catalog.pg_class.oid) AND pg_catalog.pg_namespace.nspname != %(nspname_1)s (base.py:1842)
2025-06-17 11:27:25 [    INFO] [cached since 0.04192s ago] {'table_name': 'houses', 'param_1': 'r', 'param_2': 'p', 'param_3': 'f', 'param_4': 'v', 'param_5': 'm', 'nspname_1': 'pg_catalog'} (base.py:1842)
2025-06-17 11:27:25 [   DEBUG] Query eseguita in 0.02 secondi: SELECT pg_catalog.pg_class.relname 
FROM pg_catalog.pg_class JOIN pg_catalog.pg_namespace ON pg_catalog.pg_namespace.oid = pg_catalog.pg_class.relnamespace 
WHERE pg_catalog.pg_class.relname = %(table_name)s AND pg_catalog.pg_class.relkind = ANY (ARRAY[%(param_1)s, %(param_2)s, %(param_3)s, %(param_4)s, %(param_5)s]) AND pg_catalog.pg_table_is_visible(pg_catalog.pg_class.oid) AND pg_catalog.pg_namespace.nspname != %(nspname_1)s (session.py:30)
2025-06-17 11:27:25 [    INFO] SELECT pg_catalog.pg_class.relname 
FROM pg_catalog.pg_class JOIN pg_catalog.pg_namespace ON pg_catalog.pg_namespace.oid = pg_catalog.pg_class.relnamespace 
WHERE pg_catalog.pg_class.relname = %(table_name)s AND pg_catalog.pg_class.relkind = ANY (ARRAY[%(param_1)s, %(param_2)s, %(param_3)s, %(param_4)s, %(param_5)s]) AND pg_catalog.pg_table_is_visible(pg_catalog.pg_class.oid) AND pg_catalog.pg_namespace.nspname != %(nspname_1)s (base.py:1842)
2025-06-17 11:27:25 [    INFO] [cached since 0.0581s ago] {'table_name': 'nodes', 'param_1': 'r', 'param_2': 'p', 'param_3': 'f', 'param_4': 'v', 'param_5': 'm', 'nspname_1': 'pg_catalog'} (base.py:1842)
2025-06-17 11:27:25 [   DEBUG] Query eseguita in 0.01 secondi: SELECT pg_catalog.pg_class.relname 
FROM pg_catalog.pg_class JOIN pg_catalog.pg_namespace ON pg_catalog.pg_namespace.oid = pg_catalog.pg_class.relnamespace 
WHERE pg_catalog.pg_class.relname = %(table_name)s AND pg_catalog.pg_class.relkind = ANY (ARRAY[%(param_1)s, %(param_2)s, %(param_3)s, %(param_4)s, %(param_5)s]) AND pg_catalog.pg_table_is_visible(pg_catalog.pg_class.oid) AND pg_catalog.pg_namespace.nspname != %(nspname_1)s (session.py:30)
2025-06-17 11:27:25 [    INFO] SELECT pg_catalog.pg_class.relname 
FROM pg_catalog.pg_class JOIN pg_catalog.pg_namespace ON pg_catalog.pg_namespace.oid = pg_catalog.pg_class.relnamespace 
WHERE pg_catalog.pg_class.relname = %(table_name)s AND pg_catalog.pg_class.relkind = ANY (ARRAY[%(param_1)s, %(param_2)s, %(param_3)s, %(param_4)s, %(param_5)s]) AND pg_catalog.pg_table_is_visible(pg_catalog.pg_class.oid) AND pg_catalog.pg_namespace.nspname != %(nspname_1)s (base.py:1842)
2025-06-17 11:27:25 [    INFO] [cached since 0.06698s ago] {'table_name': 'rooms', 'param_1': 'r', 'param_2': 'p', 'param_3': 'f', 'param_4': 'v', 'param_5': 'm', 'nspname_1': 'pg_catalog'} (base.py:1842)
2025-06-17 11:27:25 [   DEBUG] Query eseguita in 0.01 secondi: SELECT pg_catalog.pg_class.relname 
FROM pg_catalog.pg_class JOIN pg_catalog.pg_namespace ON pg_catalog.pg_namespace.oid = pg_catalog.pg_class.relnamespace 
WHERE pg_catalog.pg_class.relname = %(table_name)s AND pg_catalog.pg_class.relkind = ANY (ARRAY[%(param_1)s, %(param_2)s, %(param_3)s, %(param_4)s, %(param_5)s]) AND pg_catalog.pg_table_is_visible(pg_catalog.pg_class.oid) AND pg_catalog.pg_namespace.nspname != %(nspname_1)s (session.py:30)
2025-06-17 11:27:25 [    INFO] SELECT pg_catalog.pg_class.relname 
FROM pg_catalog.pg_class JOIN pg_catalog.pg_namespace ON pg_catalog.pg_namespace.oid = pg_catalog.pg_class.relnamespace 
WHERE pg_catalog.pg_class.relname = %(table_name)s AND pg_catalog.pg_class.relkind = ANY (ARRAY[%(param_1)s, %(param_2)s, %(param_3)s, %(param_4)s, %(param_5)s]) AND pg_catalog.pg_table_is_visible(pg_catalog.pg_class.oid) AND pg_catalog.pg_namespace.nspname != %(nspname_1)s (base.py:1842)
2025-06-17 11:27:25 [    INFO] [cached since 0.07676s ago] {'table_name': 'bookings', 'param_1': 'r', 'param_2': 'p', 'param_3': 'f', 'param_4': 'v', 'param_5': 'm', 'nspname_1': 'pg_catalog'} (base.py:1842)
2025-06-17 11:27:25 [   DEBUG] Query eseguita in 0.01 secondi: SELECT pg_catalog.pg_class.relname 
FROM pg_catalog.pg_class JOIN pg_catalog.pg_namespace ON pg_catalog.pg_namespace.oid = pg_catalog.pg_class.relnamespace 
WHERE pg_catalog.pg_class.relname = %(table_name)s AND pg_catalog.pg_class.relkind = ANY (ARRAY[%(param_1)s, %(param_2)s, %(param_3)s, %(param_4)s, %(param_5)s]) AND pg_catalog.pg_table_is_visible(pg_catalog.pg_class.oid) AND pg_catalog.pg_namespace.nspname != %(nspname_1)s (session.py:30)
2025-06-17 11:27:25 [    INFO] SELECT pg_catalog.pg_class.relname 
FROM pg_catalog.pg_class JOIN pg_catalog.pg_namespace ON pg_catalog.pg_namespace.oid = pg_catalog.pg_class.relnamespace 
WHERE pg_catalog.pg_class.relname = %(table_name)s AND pg_catalog.pg_class.relkind = ANY (ARRAY[%(param_1)s, %(param_2)s, %(param_3)s, %(param_4)s, %(param_5)s]) AND pg_catalog.pg_table_is_visible(pg_catalog.pg_class.oid) AND pg_catalog.pg_namespace.nspname != %(nspname_1)s (base.py:1842)
2025-06-17 11:27:25 [    INFO] [cached since 0.0897s ago] {'table_name': 'maintenance_records', 'param_1': 'r', 'param_2': 'p', 'param_3': 'f', 'param_4': 'v', 'param_5': 'm', 'nspname_1': 'pg_catalog'} (base.py:1842)
2025-06-17 11:27:25 [   DEBUG] Query eseguita in 0.00 secondi: SELECT pg_catalog.pg_class.relname 
FROM pg_catalog.pg_class JOIN pg_catalog.pg_namespace ON pg_catalog.pg_namespace.oid = pg_catalog.pg_class.relnamespace 
WHERE pg_catalog.pg_class.relname = %(table_name)s AND pg_catalog.pg_class.relkind = ANY (ARRAY[%(param_1)s, %(param_2)s, %(param_3)s, %(param_4)s, %(param_5)s]) AND pg_catalog.pg_table_is_visible(pg_catalog.pg_class.oid) AND pg_catalog.pg_namespace.nspname != %(nspname_1)s (session.py:30)
2025-06-17 11:27:25 [    INFO] SELECT pg_catalog.pg_type.typname 
FROM pg_catalog.pg_type JOIN pg_catalog.pg_namespace ON pg_catalog.pg_namespace.oid = pg_catalog.pg_type.typnamespace 
WHERE pg_catalog.pg_type.typname = %(typname_1)s AND pg_catalog.pg_type_is_visible(pg_catalog.pg_type.oid) AND pg_catalog.pg_namespace.nspname != %(nspname_1)s (base.py:1842)
2025-06-17 11:27:25 [    INFO] [generated in 0.00222s] {'typname_1': 'maintenancetype', 'nspname_1': 'pg_catalog'} (base.py:1842)
2025-06-17 11:27:25 [   DEBUG] Query eseguita in 0.00 secondi: SELECT pg_catalog.pg_type.typname 
FROM pg_catalog.pg_type JOIN pg_catalog.pg_namespace ON pg_catalog.pg_namespace.oid = pg_catalog.pg_type.typnamespace 
WHERE pg_catalog.pg_type.typname = %(typname_1)s AND pg_catalog.pg_type_is_visible(pg_catalog.pg_type.oid) AND pg_catalog.pg_namespace.nspname != %(nspname_1)s (session.py:30)
2025-06-17 11:27:25 [    INFO] SELECT pg_catalog.pg_type.typname 
FROM pg_catalog.pg_type JOIN pg_catalog.pg_namespace ON pg_catalog.pg_namespace.oid = pg_catalog.pg_type.typnamespace 
WHERE pg_catalog.pg_type.typname = %(typname_1)s AND pg_catalog.pg_type_is_visible(pg_catalog.pg_type.oid) AND pg_catalog.pg_namespace.nspname != %(nspname_1)s (base.py:1842)
2025-06-17 11:27:25 [    INFO] [cached since 0.01343s ago] {'typname_1': 'maintenancestatus', 'nspname_1': 'pg_catalog'} (base.py:1842)
2025-06-17 11:27:25 [   DEBUG] Query eseguita in 0.01 secondi: SELECT pg_catalog.pg_type.typname 
FROM pg_catalog.pg_type JOIN pg_catalog.pg_namespace ON pg_catalog.pg_namespace.oid = pg_catalog.pg_type.typnamespace 
WHERE pg_catalog.pg_type.typname = %(typname_1)s AND pg_catalog.pg_type_is_visible(pg_catalog.pg_type.oid) AND pg_catalog.pg_namespace.nspname != %(nspname_1)s (session.py:30)
2025-06-17 11:27:25 [    INFO] COMMIT (base.py:2704)
2025-06-17 11:27:25 [   DEBUG] Test database tables created successfully (test_users.py:52)
2025-06-17 11:27:25 [   DEBUG] Test database session created successfully (test_users.py:55)
2025-06-17 11:27:25 [   DEBUG] Overriding get_session for tests... (conftest.py:269)
2025-06-17 11:27:25 [   DEBUG] Setting up FakeRedis for tests... (conftest_redis.py:18)
2025-06-17 11:27:25 [   DEBUG] Connessione Redis stabilita con successo (redis.py:24)
2025-06-17 11:27:25 [ WARNING] (trapped) error reading bcrypt version (bcrypt.py:622)
Traceback (most recent call last):
  File "C:\Users\flavi\Eterna-Home\venv\Lib\site-packages\passlib\handlers\bcrypt.py", line 620, in _load_backend_mixin
    version = _bcrypt.__about__.__version__
              ^^^^^^^^^^^^^^^^^
AttributeError: module 'bcrypt' has no attribute '__about__'
2025-06-17 11:27:25 [   DEBUG] detected 'bcrypt' backend, version '<unknown>' (bcrypt.py:625)
2025-06-17 11:27:25 [   DEBUG] 'bcrypt' backend lacks $2$ support, enabling workaround (bcrypt.py:406)
ERROR                                                                    [  2%]
------------------------------ live log teardown ------------------------------
2025-06-17 11:27:31 [   DEBUG] Restored original Redis client (conftest_redis.py:29)
2025-06-17 11:27:31 [   DEBUG] get_session override cleared (conftest.py:275)
2025-06-17 11:27:31 [   DEBUG] Cleaning up test database session... (test_users.py:57)
2025-06-17 11:27:31 [    INFO] BEGIN (implicit) (base.py:2698)
2025-06-17 11:27:31 [    INFO] DROP SCHEMA public CASCADE (base.py:1842)
2025-06-17 11:27:31 [    INFO] [generated in 0.00855s] {} (base.py:1842)
2025-06-17 11:27:31 [   DEBUG] Query eseguita in 0.27 secondi: DROP SCHEMA public CASCADE (session.py:30)
2025-06-17 11:27:31 [    INFO] CREATE SCHEMA public (base.py:1842)
2025-06-17 11:27:31 [    INFO] [generated in 0.00146s] {} (base.py:1842)
2025-06-17 11:27:31 [   DEBUG] Query eseguita in 0.00 secondi: CREATE SCHEMA public (session.py:30)
2025-06-17 11:27:31 [    INFO] COMMIT (base.py:2704)
2025-06-17 11:27:32 [   DEBUG] Test database cleanup completed (test_users.py:63)
2025-06-17 11:27:32 [   DEBUG] Session fixture completed in 7.35 seconds (test_users.py:68)

tests/api/test_users.py::test_read_users_me_unauthorized 
------------------------------- live log setup --------------------------------
2025-06-17 11:27:32 [   DEBUG] Setting up test database session... (test_users.py:38)
2025-06-17 11:27:32 [    INFO] select pg_catalog.version() (base.py:1842)
2025-06-17 11:27:32 [    INFO] [raw sql] {} (base.py:1842)
2025-06-17 11:27:32 [    INFO] select current_schema() (base.py:1842)
2025-06-17 11:27:32 [    INFO] [raw sql] {} (base.py:1842)
2025-06-17 11:27:32 [    INFO] show standard_conforming_strings (base.py:1842)
2025-06-17 11:27:32 [    INFO] [raw sql] {} (base.py:1842)
2025-06-17 11:27:32 [    INFO] BEGIN (implicit) (base.py:2698)
2025-06-17 11:27:32 [    INFO] SELECT pg_catalog.pg_class.relname 
FROM pg_catalog.pg_class JOIN pg_catalog.pg_namespace ON pg_catalog.pg_namespace.oid = pg_catalog.pg_class.relnamespace 
WHERE pg_catalog.pg_class.relname = %(table_name)s AND pg_catalog.pg_class.relkind = ANY (ARRAY[%(param_1)s, %(param_2)s, %(param_3)s, %(param_4)s, %(param_5)s]) AND pg_catalog.pg_table_is_visible(pg_catalog.pg_class.oid) AND pg_catalog.pg_namespace.nspname != %(nspname_1)s (base.py:1842)
2025-06-17 11:27:32 [    INFO] [generated in 0.00115s] {'table_name': 'user', 'param_1': 'r', 'param_2': 'p', 'param_3': 'f', 'param_4': 'v', 'param_5': 'm', 'nspname_1': 'pg_catalog'} (base.py:1842)
2025-06-17 11:27:32 [   DEBUG] Query eseguita in 0.02 secondi: SELECT pg_catalog.pg_class.relname 
FROM pg_catalog.pg_class JOIN pg_catalog.pg_namespace ON pg_catalog.pg_namespace.oid = pg_catalog.pg_class.relnamespace 
WHERE pg_catalog.pg_class.relname = %(table_name)s AND pg_catalog.pg_class.relkind = ANY (ARRAY[%(param_1)s, %(param_2)s, %(param_3)s, %(param_4)s, %(param_5)s]) AND pg_catalog.pg_table_is_visible(pg_catalog.pg_class.oid) AND pg_catalog.pg_namespace.nspname != %(nspname_1)s (session.py:30)
2025-06-17 11:27:32 [    INFO] SELECT pg_catalog.pg_class.relname 
FROM pg_catalog.pg_class JOIN pg_catalog.pg_namespace ON pg_catalog.pg_namespace.oid = pg_catalog.pg_class.relnamespace 
WHERE pg_catalog.pg_class.relname = %(table_name)s AND pg_catalog.pg_class.relkind = ANY (ARRAY[%(param_1)s, %(param_2)s, %(param_3)s, %(param_4)s, %(param_5)s]) AND pg_catalog.pg_table_is_visible(pg_catalog.pg_class.oid) AND pg_catalog.pg_namespace.nspname != %(nspname_1)s (base.py:1842)
2025-06-17 11:27:32 [    INFO] [cached since 0.01916s ago] {'table_name': 'documents', 'param_1': 'r', 'param_2': 'p', 'param_3': 'f', 'param_4': 'v', 'param_5': 'm', 'nspname_1': 'pg_catalog'} (base.py:1842)
2025-06-17 11:27:32 [   DEBUG] Query eseguita in 0.01 secondi: SELECT pg_catalog.pg_class.relname 
FROM pg_catalog.pg_class JOIN pg_catalog.pg_namespace ON pg_catalog.pg_namespace.oid = pg_catalog.pg_class.relnamespace 
WHERE pg_catalog.pg_class.relname = %(table_name)s AND pg_catalog.pg_class.relkind = ANY (ARRAY[%(param_1)s, %(param_2)s, %(param_3)s, %(param_4)s, %(param_5)s]) AND pg_catalog.pg_table_is_visible(pg_catalog.pg_class.oid) AND pg_catalog.pg_namespace.nspname != %(nspname_1)s (session.py:30)
2025-06-17 11:27:32 [    INFO] SELECT pg_catalog.pg_class.relname 
FROM pg_catalog.pg_class JOIN pg_catalog.pg_namespace ON pg_catalog.pg_namespace.oid = pg_catalog.pg_class.relnamespace 
WHERE pg_catalog.pg_class.relname = %(table_name)s AND pg_catalog.pg_class.relkind = ANY (ARRAY[%(param_1)s, %(param_2)s, %(param_3)s, %(param_4)s, %(param_5)s]) AND pg_catalog.pg_table_is_visible(pg_catalog.pg_class.oid) AND pg_catalog.pg_namespace.nspname != %(nspname_1)s (base.py:1842)
2025-06-17 11:27:32 [    INFO] [cached since 0.02674s ago] {'table_name': 'document_versions', 'param_1': 'r', 'param_2': 'p', 'param_3': 'f', 'param_4': 'v', 'param_5': 'm', 'nspname_1': 'pg_catalog'} (base.py:1842)
2025-06-17 11:27:32 [   DEBUG] Query eseguita in 0.01 secondi: SELECT pg_catalog.pg_class.relname 
FROM pg_catalog.pg_class JOIN pg_catalog.pg_namespace ON pg_catalog.pg_namespace.oid = pg_catalog.pg_class.relnamespace 
WHERE pg_catalog.pg_class.relname = %(table_name)s AND pg_catalog.pg_class.relkind = ANY (ARRAY[%(param_1)s, %(param_2)s, %(param_3)s, %(param_4)s, %(param_5)s]) AND pg_catalog.pg_table_is_visible(pg_catalog.pg_class.oid) AND pg_catalog.pg_namespace.nspname != %(nspname_1)s (session.py:30)
2025-06-17 11:27:32 [    INFO] SELECT pg_catalog.pg_class.relname 
FROM pg_catalog.pg_class JOIN pg_catalog.pg_namespace ON pg_catalog.pg_namespace.oid = pg_catalog.pg_class.relnamespace 
WHERE pg_catalog.pg_class.relname = %(table_name)s AND pg_catalog.pg_class.relkind = ANY (ARRAY[%(param_1)s, %(param_2)s, %(param_3)s, %(param_4)s, %(param_5)s]) AND pg_catalog.pg_table_is_visible(pg_catalog.pg_class.oid) AND pg_catalog.pg_namespace.nspname != %(nspname_1)s (base.py:1842)
2025-06-17 11:27:32 [    INFO] [cached since 0.03633s ago] {'table_name': 'houses', 'param_1': 'r', 'param_2': 'p', 'param_3': 'f', 'param_4': 'v', 'param_5': 'm', 'nspname_1': 'pg_catalog'} (base.py:1842)
2025-06-17 11:27:32 [   DEBUG] Query eseguita in 0.01 secondi: SELECT pg_catalog.pg_class.relname 
FROM pg_catalog.pg_class JOIN pg_catalog.pg_namespace ON pg_catalog.pg_namespace.oid = pg_catalog.pg_class.relnamespace 
WHERE pg_catalog.pg_class.relname = %(table_name)s AND pg_catalog.pg_class.relkind = ANY (ARRAY[%(param_1)s, %(param_2)s, %(param_3)s, %(param_4)s, %(param_5)s]) AND pg_catalog.pg_table_is_visible(pg_catalog.pg_class.oid) AND pg_catalog.pg_namespace.nspname != %(nspname_1)s (session.py:30)
2025-06-17 11:27:32 [    INFO] SELECT pg_catalog.pg_class.relname 
FROM pg_catalog.pg_class JOIN pg_catalog.pg_namespace ON pg_catalog.pg_namespace.oid = pg_catalog.pg_class.relnamespace 
WHERE pg_catalog.pg_class.relname = %(table_name)s AND pg_catalog.pg_class.relkind = ANY (ARRAY[%(param_1)s, %(param_2)s, %(param_3)s, %(param_4)s, %(param_5)s]) AND pg_catalog.pg_table_is_visible(pg_catalog.pg_class.oid) AND pg_catalog.pg_namespace.nspname != %(nspname_1)s (base.py:1842)
2025-06-17 11:27:32 [    INFO] [cached since 0.04831s ago] {'table_name': 'nodes', 'param_1': 'r', 'param_2': 'p', 'param_3': 'f', 'param_4': 'v', 'param_5': 'm', 'nspname_1': 'pg_catalog'} (base.py:1842)
2025-06-17 11:27:32 [   DEBUG] Query eseguita in 0.01 secondi: SELECT pg_catalog.pg_class.relname 
FROM pg_catalog.pg_class JOIN pg_catalog.pg_namespace ON pg_catalog.pg_namespace.oid = pg_catalog.pg_class.relnamespace 
WHERE pg_catalog.pg_class.relname = %(table_name)s AND pg_catalog.pg_class.relkind = ANY (ARRAY[%(param_1)s, %(param_2)s, %(param_3)s, %(param_4)s, %(param_5)s]) AND pg_catalog.pg_table_is_visible(pg_catalog.pg_class.oid) AND pg_catalog.pg_namespace.nspname != %(nspname_1)s (session.py:30)
2025-06-17 11:27:32 [    INFO] SELECT pg_catalog.pg_class.relname 
FROM pg_catalog.pg_class JOIN pg_catalog.pg_namespace ON pg_catalog.pg_namespace.oid = pg_catalog.pg_class.relnamespace 
WHERE pg_catalog.pg_class.relname = %(table_name)s AND pg_catalog.pg_class.relkind = ANY (ARRAY[%(param_1)s, %(param_2)s, %(param_3)s, %(param_4)s, %(param_5)s]) AND pg_catalog.pg_table_is_visible(pg_catalog.pg_class.oid) AND pg_catalog.pg_namespace.nspname != %(nspname_1)s (base.py:1842)
2025-06-17 11:27:32 [    INFO] [cached since 0.05497s ago] {'table_name': 'rooms', 'param_1': 'r', 'param_2': 'p', 'param_3': 'f', 'param_4': 'v', 'param_5': 'm', 'nspname_1': 'pg_catalog'} (base.py:1842)
2025-06-17 11:27:32 [   DEBUG] Query eseguita in 0.01 secondi: SELECT pg_catalog.pg_class.relname 
FROM pg_catalog.pg_class JOIN pg_catalog.pg_namespace ON pg_catalog.pg_namespace.oid = pg_catalog.pg_class.relnamespace 
WHERE pg_catalog.pg_class.relname = %(table_name)s AND pg_catalog.pg_class.relkind = ANY (ARRAY[%(param_1)s, %(param_2)s, %(param_3)s, %(param_4)s, %(param_5)s]) AND pg_catalog.pg_table_is_visible(pg_catalog.pg_class.oid) AND pg_catalog.pg_namespace.nspname != %(nspname_1)s (session.py:30)
2025-06-17 11:27:32 [    INFO] SELECT pg_catalog.pg_class.relname 
FROM pg_catalog.pg_class JOIN pg_catalog.pg_namespace ON pg_catalog.pg_namespace.oid = pg_catalog.pg_class.relnamespace 
WHERE pg_catalog.pg_class.relname = %(table_name)s AND pg_catalog.pg_class.relkind = ANY (ARRAY[%(param_1)s, %(param_2)s, %(param_3)s, %(param_4)s, %(param_5)s]) AND pg_catalog.pg_table_is_visible(pg_catalog.pg_class.oid) AND pg_catalog.pg_namespace.nspname != %(nspname_1)s (base.py:1842)
2025-06-17 11:27:32 [    INFO] [cached since 0.06889s ago] {'table_name': 'bookings', 'param_1': 'r', 'param_2': 'p', 'param_3': 'f', 'param_4': 'v', 'param_5': 'm', 'nspname_1': 'pg_catalog'} (base.py:1842)
2025-06-17 11:27:32 [   DEBUG] Query eseguita in 0.01 secondi: SELECT pg_catalog.pg_class.relname 
FROM pg_catalog.pg_class JOIN pg_catalog.pg_namespace ON pg_catalog.pg_namespace.oid = pg_catalog.pg_class.relnamespace 
WHERE pg_catalog.pg_class.relname = %(table_name)s AND pg_catalog.pg_class.relkind = ANY (ARRAY[%(param_1)s, %(param_2)s, %(param_3)s, %(param_4)s, %(param_5)s]) AND pg_catalog.pg_table_is_visible(pg_catalog.pg_class.oid) AND pg_catalog.pg_namespace.nspname != %(nspname_1)s (session.py:30)
2025-06-17 11:27:32 [    INFO] SELECT pg_catalog.pg_class.relname 
FROM pg_catalog.pg_class JOIN pg_catalog.pg_namespace ON pg_catalog.pg_namespace.oid = pg_catalog.pg_class.relnamespace 
WHERE pg_catalog.pg_class.relname = %(table_name)s AND pg_catalog.pg_class.relkind = ANY (ARRAY[%(param_1)s, %(param_2)s, %(param_3)s, %(param_4)s, %(param_5)s]) AND pg_catalog.pg_table_is_visible(pg_catalog.pg_class.oid) AND pg_catalog.pg_namespace.nspname != %(nspname_1)s (base.py:1842)
2025-06-17 11:27:32 [    INFO] [cached since 0.0806s ago] {'table_name': 'maintenance_records', 'param_1': 'r', 'param_2': 'p', 'param_3': 'f', 'param_4': 'v', 'param_5': 'm', 'nspname_1': 'pg_catalog'} (base.py:1842)
2025-06-17 11:27:32 [   DEBUG] Query eseguita in 0.01 secondi: SELECT pg_catalog.pg_class.relname 
FROM pg_catalog.pg_class JOIN pg_catalog.pg_namespace ON pg_catalog.pg_namespace.oid = pg_catalog.pg_class.relnamespace 
WHERE pg_catalog.pg_class.relname = %(table_name)s AND pg_catalog.pg_class.relkind = ANY (ARRAY[%(param_1)s, %(param_2)s, %(param_3)s, %(param_4)s, %(param_5)s]) AND pg_catalog.pg_table_is_visible(pg_catalog.pg_class.oid) AND pg_catalog.pg_namespace.nspname != %(nspname_1)s (session.py:30)
2025-06-17 11:27:32 [    INFO] SELECT pg_catalog.pg_type.typname 
FROM pg_catalog.pg_type JOIN pg_catalog.pg_namespace ON pg_catalog.pg_namespace.oid = pg_catalog.pg_type.typnamespace 
WHERE pg_catalog.pg_type.typname = %(typname_1)s AND pg_catalog.pg_type_is_visible(pg_catalog.pg_type.oid) AND pg_catalog.pg_namespace.nspname != %(nspname_1)s (base.py:1842)
2025-06-17 11:27:32 [    INFO] [generated in 0.00396s] {'typname_1': 'maintenancetype', 'nspname_1': 'pg_catalog'} (base.py:1842)
2025-06-17 11:27:32 [   DEBUG] Query eseguita in 0.01 secondi: SELECT pg_catalog.pg_type.typname 
FROM pg_catalog.pg_type JOIN pg_catalog.pg_namespace ON pg_catalog.pg_namespace.oid = pg_catalog.pg_type.typnamespace 
WHERE pg_catalog.pg_type.typname = %(typname_1)s AND pg_catalog.pg_type_is_visible(pg_catalog.pg_type.oid) AND pg_catalog.pg_namespace.nspname != %(nspname_1)s (session.py:30)
2025-06-17 11:27:32 [    INFO] CREATE TYPE maintenancetype AS ENUM ('ROUTINE', 'PREVENTIVE', 'CORRECTIVE', 'EMERGENCY', 'INSPECTION') (base.py:1842)
2025-06-17 11:27:32 [    INFO] [no key 0.00296s] {} (base.py:1842)
2025-06-17 11:27:32 [   DEBUG] Query eseguita in 0.01 secondi: CREATE TYPE maintenancetype AS ENUM ('ROUTINE', 'PREVENTIVE', 'CORRECTIVE', 'EMERGENCY', 'INSPECTION') (session.py:30)
2025-06-17 11:27:32 [    INFO] SELECT pg_catalog.pg_type.typname 
FROM pg_catalog.pg_type JOIN pg_catalog.pg_namespace ON pg_catalog.pg_namespace.oid = pg_catalog.pg_type.typnamespace 
WHERE pg_catalog.pg_type.typname = %(typname_1)s AND pg_catalog.pg_type_is_visible(pg_catalog.pg_type.oid) AND pg_catalog.pg_namespace.nspname != %(nspname_1)s (base.py:1842)
2025-06-17 11:27:32 [    INFO] [cached since 0.02827s ago] {'typname_1': 'maintenancestatus', 'nspname_1': 'pg_catalog'} (base.py:1842)
2025-06-17 11:27:32 [   DEBUG] Query eseguita in 0.01 secondi: SELECT pg_catalog.pg_type.typname 
FROM pg_catalog.pg_type JOIN pg_catalog.pg_namespace ON pg_catalog.pg_namespace.oid = pg_catalog.pg_type.typnamespace 
WHERE pg_catalog.pg_type.typname = %(typname_1)s AND pg_catalog.pg_type_is_visible(pg_catalog.pg_type.oid) AND pg_catalog.pg_namespace.nspname != %(nspname_1)s (session.py:30)
2025-06-17 11:27:32 [    INFO] CREATE TYPE maintenancestatus AS ENUM ('PENDING', 'COMPLETED', 'FAILED') (base.py:1842)
2025-06-17 11:27:32 [    INFO] [no key 0.00101s] {} (base.py:1842)
2025-06-17 11:27:32 [   DEBUG] Query eseguita in 0.00 secondi: CREATE TYPE maintenancestatus AS ENUM ('PENDING', 'COMPLETED', 'FAILED') (session.py:30)
2025-06-17 11:27:32 [    INFO] 
CREATE TABLE "user" (
	id SERIAL NOT NULL, 
	email VARCHAR NOT NULL, 
	username VARCHAR NOT NULL, 
	hashed_password VARCHAR NOT NULL, 
	is_active BOOLEAN NOT NULL, 
	is_superuser BOOLEAN NOT NULL, 
	is_verified BOOLEAN NOT NULL, 
	created_at TIMESTAMP WITHOUT TIME ZONE NOT NULL, 
	updated_at TIMESTAMP WITHOUT TIME ZONE NOT NULL, 
	last_login TIMESTAMP WITH TIME ZONE, 
	full_name VARCHAR(255), 
	phone_number VARCHAR(20), 
	PRIMARY KEY (id)
)

 (base.py:1842)
2025-06-17 11:27:32 [    INFO] [no key 0.00481s] {} (base.py:1842)
2025-06-17 11:27:32 [   DEBUG] Query eseguita in 0.04 secondi: 
CREATE TABLE "user" (
	id SERIAL NOT NULL, 
	email VARCHAR NOT NULL, 
	username VARCHAR NOT NULL, 
	hashed_password VARCHAR NOT NULL, 
	is_active BOOLEAN NOT NULL, 
	is_superuser BOOLEAN NOT NULL, 
	is_verified BOOLEAN NOT NULL, 
	created_at TIMESTAMP WITHOUT TIME ZONE NOT NULL, 
	updated_at TIMESTAMP WITHOUT TIME ZONE NOT NULL, 
	last_login TIMESTAMP WITH TIME ZONE, 
	full_name VARCHAR(255), 
	phone_number VARCHAR(20), 
	PRIMARY KEY (id)
)

 (session.py:30)
2025-06-17 11:27:32 [    INFO] CREATE UNIQUE INDEX ix_user_email ON "user" (email) (base.py:1842)
2025-06-17 11:27:32 [    INFO] [no key 0.00096s] {} (base.py:1842)
2025-06-17 11:27:32 [   DEBUG] Query eseguita in 0.02 secondi: CREATE UNIQUE INDEX ix_user_email ON "user" (email) (session.py:30)
2025-06-17 11:27:32 [    INFO] CREATE UNIQUE INDEX ix_user_username ON "user" (username) (base.py:1842)
2025-06-17 11:27:32 [    INFO] [no key 0.00244s] {} (base.py:1842)
2025-06-17 11:27:32 [   DEBUG] Query eseguita in 0.01 secondi: CREATE UNIQUE INDEX ix_user_username ON "user" (username) (session.py:30)
2025-06-17 11:27:32 [    INFO] 
CREATE TABLE houses (
	id SERIAL NOT NULL, 
	name VARCHAR NOT NULL, 
	address VARCHAR NOT NULL, 
	owner_id INTEGER NOT NULL, 
	created_at TIMESTAMP WITHOUT TIME ZONE NOT NULL, 
	updated_at TIMESTAMP WITHOUT TIME ZONE NOT NULL, 
	PRIMARY KEY (id), 
	FOREIGN KEY(owner_id) REFERENCES "user" (id)
)

 (base.py:1842)
2025-06-17 11:27:32 [    INFO] [no key 0.00111s] {} (base.py:1842)
2025-06-17 11:27:32 [   DEBUG] Query eseguita in 0.03 secondi: 
CREATE TABLE houses (
	id SERIAL NOT NULL, 
	name VARCHAR NOT NULL, 
	address VARCHAR NOT NULL, 
	owner_id INTEGER NOT NULL, 
	created_at TIMESTAMP WITHOUT TIME ZONE NOT NULL, 
	updated_at TIMESTAMP WITHOUT TIME ZONE NOT NULL, 
	PRIMARY KEY (id), 
	FOREIGN KEY(owner_id) REFERENCES "user" (id)
)

 (session.py:30)
2025-06-17 11:27:32 [    INFO] CREATE INDEX ix_houses_name ON houses (name) (base.py:1842)
2025-06-17 11:27:32 [    INFO] [no key 0.00092s] {} (base.py:1842)
2025-06-17 11:27:32 [   DEBUG] Query eseguita in 0.01 secondi: CREATE INDEX ix_houses_name ON houses (name) (session.py:30)
2025-06-17 11:27:32 [    INFO] 
CREATE TABLE rooms (
	id SERIAL NOT NULL, 
	name VARCHAR NOT NULL, 
	description VARCHAR, 
	floor INTEGER NOT NULL, 
	area FLOAT NOT NULL, 
	house_id INTEGER NOT NULL, 
	created_at TIMESTAMP WITHOUT TIME ZONE NOT NULL, 
	updated_at TIMESTAMP WITHOUT TIME ZONE NOT NULL, 
	PRIMARY KEY (id), 
	FOREIGN KEY(house_id) REFERENCES houses (id)
)

 (base.py:1842)
2025-06-17 11:27:32 [    INFO] [no key 0.00110s] {} (base.py:1842)
2025-06-17 11:27:32 [   DEBUG] Query eseguita in 0.03 secondi: 
CREATE TABLE rooms (
	id SERIAL NOT NULL, 
	name VARCHAR NOT NULL, 
	description VARCHAR, 
	floor INTEGER NOT NULL, 
	area FLOAT NOT NULL, 
	house_id INTEGER NOT NULL, 
	created_at TIMESTAMP WITHOUT TIME ZONE NOT NULL, 
	updated_at TIMESTAMP WITHOUT TIME ZONE NOT NULL, 
	PRIMARY KEY (id), 
	FOREIGN KEY(house_id) REFERENCES houses (id)
)

 (session.py:30)
2025-06-17 11:27:32 [    INFO] CREATE INDEX ix_rooms_name ON rooms (name) (base.py:1842)
2025-06-17 11:27:32 [    INFO] [no key 0.00176s] {} (base.py:1842)
2025-06-17 11:27:32 [   DEBUG] Query eseguita in 0.01 secondi: CREATE INDEX ix_rooms_name ON rooms (name) (session.py:30)
2025-06-17 11:27:32 [    INFO] 
CREATE TABLE nodes (
	id SERIAL NOT NULL, 
	name VARCHAR NOT NULL, 
	description VARCHAR, 
	nfc_id VARCHAR NOT NULL, 
	house_id INTEGER NOT NULL, 
	room_id INTEGER, 
	PRIMARY KEY (id), 
	FOREIGN KEY(house_id) REFERENCES houses (id), 
	FOREIGN KEY(room_id) REFERENCES rooms (id)
)

 (base.py:1842)
2025-06-17 11:27:32 [    INFO] [no key 0.00144s] {} (base.py:1842)
2025-06-17 11:27:32 [   DEBUG] Query eseguita in 0.04 secondi: 
CREATE TABLE nodes (
	id SERIAL NOT NULL, 
	name VARCHAR NOT NULL, 
	description VARCHAR, 
	nfc_id VARCHAR NOT NULL, 
	house_id INTEGER NOT NULL, 
	room_id INTEGER, 
	PRIMARY KEY (id), 
	FOREIGN KEY(house_id) REFERENCES houses (id), 
	FOREIGN KEY(room_id) REFERENCES rooms (id)
)

 (session.py:30)
2025-06-17 11:27:32 [    INFO] CREATE UNIQUE INDEX ix_nodes_nfc_id ON nodes (nfc_id) (base.py:1842)
2025-06-17 11:27:32 [    INFO] [no key 0.00220s] {} (base.py:1842)
2025-06-17 11:27:32 [   DEBUG] Query eseguita in 0.01 secondi: CREATE UNIQUE INDEX ix_nodes_nfc_id ON nodes (nfc_id) (session.py:30)
2025-06-17 11:27:32 [    INFO] 
CREATE TABLE bookings (
	id SERIAL NOT NULL, 
	room_id INTEGER NOT NULL, 
	user_id INTEGER NOT NULL, 
	start_time TIMESTAMP WITHOUT TIME ZONE NOT NULL, 
	end_time TIMESTAMP WITHOUT TIME ZONE NOT NULL, 
	status VARCHAR NOT NULL, 
	notes VARCHAR, 
	created_at TIMESTAMP WITHOUT TIME ZONE NOT NULL, 
	updated_at TIMESTAMP WITHOUT TIME ZONE NOT NULL, 
	PRIMARY KEY (id), 
	FOREIGN KEY(room_id) REFERENCES rooms (id), 
	FOREIGN KEY(user_id) REFERENCES "user" (id)
)

 (base.py:1842)
2025-06-17 11:27:32 [    INFO] [no key 0.00098s] {} (base.py:1842)
2025-06-17 11:27:32 [   DEBUG] Query eseguita in 0.03 secondi: 
CREATE TABLE bookings (
	id SERIAL NOT NULL, 
	room_id INTEGER NOT NULL, 
	user_id INTEGER NOT NULL, 
	start_time TIMESTAMP WITHOUT TIME ZONE NOT NULL, 
	end_time TIMESTAMP WITHOUT TIME ZONE NOT NULL, 
	status VARCHAR NOT NULL, 
	notes VARCHAR, 
	created_at TIMESTAMP WITHOUT TIME ZONE NOT NULL, 
	updated_at TIMESTAMP WITHOUT TIME ZONE NOT NULL, 
	PRIMARY KEY (id), 
	FOREIGN KEY(room_id) REFERENCES rooms (id), 
	FOREIGN KEY(user_id) REFERENCES "user" (id)
)

 (session.py:30)
2025-06-17 11:27:32 [    INFO] 
CREATE TABLE documents (
	id SERIAL NOT NULL, 
	created_at TIMESTAMP WITHOUT TIME ZONE NOT NULL, 
	updated_at TIMESTAMP WITHOUT TIME ZONE NOT NULL, 
	owner_id INTEGER NOT NULL, 
	name VARCHAR NOT NULL, 
	type VARCHAR NOT NULL, 
	size INTEGER NOT NULL, 
	upload_date TIMESTAMP WITHOUT TIME ZONE NOT NULL, 
	path VARCHAR NOT NULL, 
	checksum VARCHAR NOT NULL, 
	house_id INTEGER, 
	node_id INTEGER, 
	description VARCHAR, 
	PRIMARY KEY (id), 
	FOREIGN KEY(owner_id) REFERENCES "user" (id), 
	FOREIGN KEY(house_id) REFERENCES houses (id), 
	FOREIGN KEY(node_id) REFERENCES nodes (id)
)

 (base.py:1842)
2025-06-17 11:27:32 [    INFO] [no key 0.00169s] {} (base.py:1842)
2025-06-17 11:27:32 [   DEBUG] Query eseguita in 0.03 secondi: 
CREATE TABLE documents (
	id SERIAL NOT NULL, 
	created_at TIMESTAMP WITHOUT TIME ZONE NOT NULL, 
	updated_at TIMESTAMP WITHOUT TIME ZONE NOT NULL, 
	owner_id INTEGER NOT NULL, 
	name VARCHAR NOT NULL, 
	type VARCHAR NOT NULL, 
	size INTEGER NOT NULL, 
	upload_date TIMESTAMP WITHOUT TIME ZONE NOT NULL, 
	path VARCHAR NOT NULL, 
	checksum VARCHAR NOT NULL, 
	house_id INTEGER, 
	node_id INTEGER, 
	description VARCHAR, 
	PRIMARY KEY (id), 
	FOREIGN KEY(owner_id) REFERENCES "user" (id), 
	FOREIGN KEY(house_id) REFERENCES houses (id), 
	FOREIGN KEY(node_id) REFERENCES nodes (id)
)

 (session.py:30)
2025-06-17 11:27:32 [    INFO] CREATE INDEX ix_documents_owner_id ON documents (owner_id) (base.py:1842)
2025-06-17 11:27:32 [    INFO] [no key 0.00150s] {} (base.py:1842)
2025-06-17 11:27:33 [   DEBUG] Query eseguita in 0.01 secondi: CREATE INDEX ix_documents_owner_id ON documents (owner_id) (session.py:30)
2025-06-17 11:27:33 [    INFO] 
CREATE TABLE document_versions (
	id SERIAL NOT NULL, 
	version_number INTEGER NOT NULL, 
	file_path VARCHAR NOT NULL, 
	file_size INTEGER NOT NULL, 
	checksum VARCHAR NOT NULL, 
	created_at TIMESTAMP WITHOUT TIME ZONE NOT NULL, 
	updated_at TIMESTAMP WITHOUT TIME ZONE NOT NULL, 
	document_id INTEGER NOT NULL, 
	created_by_id INTEGER, 
	PRIMARY KEY (id), 
	FOREIGN KEY(document_id) REFERENCES documents (id), 
	FOREIGN KEY(created_by_id) REFERENCES "user" (id)
)

 (base.py:1842)
2025-06-17 11:27:33 [    INFO] [no key 0.00189s] {} (base.py:1842)
2025-06-17 11:27:33 [   DEBUG] Query eseguita in 0.03 secondi: 
CREATE TABLE document_versions (
	id SERIAL NOT NULL, 
	version_number INTEGER NOT NULL, 
	file_path VARCHAR NOT NULL, 
	file_size INTEGER NOT NULL, 
	checksum VARCHAR NOT NULL, 
	created_at TIMESTAMP WITHOUT TIME ZONE NOT NULL, 
	updated_at TIMESTAMP WITHOUT TIME ZONE NOT NULL, 
	document_id INTEGER NOT NULL, 
	created_by_id INTEGER, 
	PRIMARY KEY (id), 
	FOREIGN KEY(document_id) REFERENCES documents (id), 
	FOREIGN KEY(created_by_id) REFERENCES "user" (id)
)

 (session.py:30)
2025-06-17 11:27:33 [    INFO] CREATE INDEX ix_document_versions_version_number ON document_versions (version_number) (base.py:1842)
2025-06-17 11:27:33 [    INFO] [no key 0.00234s] {} (base.py:1842)
2025-06-17 11:27:33 [   DEBUG] Query eseguita in 0.01 secondi: CREATE INDEX ix_document_versions_version_number ON document_versions (version_number) (session.py:30)
2025-06-17 11:27:33 [    INFO] CREATE INDEX ix_document_versions_created_by_id ON document_versions (created_by_id) (base.py:1842)
2025-06-17 11:27:33 [    INFO] [no key 0.00145s] {} (base.py:1842)
2025-06-17 11:27:33 [   DEBUG] Query eseguita in 0.01 secondi: CREATE INDEX ix_document_versions_created_by_id ON document_versions (created_by_id) (session.py:30)
2025-06-17 11:27:33 [    INFO] CREATE INDEX ix_document_versions_document_id ON document_versions (document_id) (base.py:1842)
2025-06-17 11:27:33 [    INFO] [no key 0.00076s] {} (base.py:1842)
2025-06-17 11:27:33 [   DEBUG] Query eseguita in 0.01 secondi: CREATE INDEX ix_document_versions_document_id ON document_versions (document_id) (session.py:30)
2025-06-17 11:27:33 [    INFO] 
CREATE TABLE maintenance_records (
	id SERIAL NOT NULL, 
	node_id INTEGER NOT NULL, 
	timestamp TIMESTAMP WITHOUT TIME ZONE NOT NULL, 
	maintenance_type maintenancetype NOT NULL, 
	description VARCHAR NOT NULL, 
	status maintenancestatus NOT NULL, 
	notes VARCHAR, 
	document_id INTEGER, 
	PRIMARY KEY (id), 
	FOREIGN KEY(node_id) REFERENCES nodes (id), 
	FOREIGN KEY(document_id) REFERENCES documents (id)
)

 (base.py:1842)
2025-06-17 11:27:33 [    INFO] [no key 0.00090s] {} (base.py:1842)
2025-06-17 11:27:33 [   DEBUG] Query eseguita in 0.03 secondi: 
CREATE TABLE maintenance_records (
	id SERIAL NOT NULL, 
	node_id INTEGER NOT NULL, 
	timestamp TIMESTAMP WITHOUT TIME ZONE NOT NULL, 
	maintenance_type maintenancetype NOT NULL, 
	description VARCHAR NOT NULL, 
	status maintenancestatus NOT NULL, 
	notes VARCHAR, 
	document_id INTEGER, 
	PRIMARY KEY (id), 
	FOREIGN KEY(node_id) REFERENCES nodes (id), 
	FOREIGN KEY(document_id) REFERENCES documents (id)
)

 (session.py:30)
2025-06-17 11:27:33 [    INFO] CREATE INDEX ix_maintenance_records_node_id ON maintenance_records (node_id) (base.py:1842)
2025-06-17 11:27:33 [    INFO] [no key 0.00243s] {} (base.py:1842)
2025-06-17 11:27:33 [   DEBUG] Query eseguita in 0.01 secondi: CREATE INDEX ix_maintenance_records_node_id ON maintenance_records (node_id) (session.py:30)
2025-06-17 11:27:33 [    INFO] COMMIT (base.py:2704)
2025-06-17 11:27:33 [   DEBUG] Test database tables created successfully (test_users.py:52)
2025-06-17 11:27:33 [   DEBUG] Test database session created successfully (test_users.py:55)
2025-06-17 11:27:33 [   DEBUG] Overriding get_session for tests... (conftest.py:269)
2025-06-17 11:27:33 [   DEBUG] Setting up FakeRedis for tests... (conftest_redis.py:18)
2025-06-17 11:27:33 [   DEBUG] Connessione Redis stabilita con successo (redis.py:24)
-------------------------------- live log call --------------------------------
2025-06-17 11:27:33 [   DEBUG] Using proactor: IocpProactor (proactor_events.py:631)
2025-06-17 11:27:33 [    INFO] HTTP Request: GET http://testserver/api/v1/users/me "HTTP/1.1 401 Unauthorized" (_client.py:1025)
PASSED                                                                   [  4%]
------------------------------ live log teardown ------------------------------
2025-06-17 11:27:33 [   DEBUG] Restored original Redis client (conftest_redis.py:29)
2025-06-17 11:27:33 [   DEBUG] get_session override cleared (conftest.py:275)
2025-06-17 11:27:33 [   DEBUG] Cleaning up test database session... (test_users.py:57)
2025-06-17 11:27:33 [    INFO] BEGIN (implicit) (base.py:2698)
2025-06-17 11:27:33 [    INFO] DROP SCHEMA public CASCADE (base.py:1842)
2025-06-17 11:27:33 [    INFO] [generated in 0.00431s] {} (base.py:1842)
2025-06-17 11:27:33 [   DEBUG] Query eseguita in 0.30 secondi: DROP SCHEMA public CASCADE (session.py:30)
2025-06-17 11:27:33 [    INFO] CREATE SCHEMA public (base.py:1842)
2025-06-17 11:27:33 [    INFO] [generated in 0.00192s] {} (base.py:1842)
2025-06-17 11:27:33 [   DEBUG] Query eseguita in 0.01 secondi: CREATE SCHEMA public (session.py:30)
2025-06-17 11:27:33 [    INFO] COMMIT (base.py:2704)
2025-06-17 11:27:33 [   DEBUG] Test database cleanup completed (test_users.py:63)
2025-06-17 11:27:33 [   DEBUG] Session fixture completed in 1.87 seconds (test_users.py:68)

tests/api/test_users.py::test_read_users_me_invalid_token 
------------------------------- live log setup --------------------------------
2025-06-17 11:27:33 [   DEBUG] Setting up test database session... (test_users.py:38)
2025-06-17 11:27:34 [    INFO] select pg_catalog.version() (base.py:1842)
2025-06-17 11:27:34 [    INFO] [raw sql] {} (base.py:1842)
2025-06-17 11:27:34 [    INFO] select current_schema() (base.py:1842)
2025-06-17 11:27:34 [    INFO] [raw sql] {} (base.py:1842)
2025-06-17 11:27:34 [    INFO] show standard_conforming_strings (base.py:1842)
2025-06-17 11:27:34 [    INFO] [raw sql] {} (base.py:1842)
2025-06-17 11:27:34 [    INFO] BEGIN (implicit) (base.py:2698)
2025-06-17 11:27:34 [    INFO] SELECT pg_catalog.pg_class.relname 
FROM pg_catalog.pg_class JOIN pg_catalog.pg_namespace ON pg_catalog.pg_namespace.oid = pg_catalog.pg_class.relnamespace 
WHERE pg_catalog.pg_class.relname = %(table_name)s AND pg_catalog.pg_class.relkind = ANY (ARRAY[%(param_1)s, %(param_2)s, %(param_3)s, %(param_4)s, %(param_5)s]) AND pg_catalog.pg_table_is_visible(pg_catalog.pg_class.oid) AND pg_catalog.pg_namespace.nspname != %(nspname_1)s (base.py:1842)
2025-06-17 11:27:34 [    INFO] [generated in 0.00211s] {'table_name': 'user', 'param_1': 'r', 'param_2': 'p', 'param_3': 'f', 'param_4': 'v', 'param_5': 'm', 'nspname_1': 'pg_catalog'} (base.py:1842)
2025-06-17 11:27:34 [   DEBUG] Query eseguita in 0.01 secondi: SELECT pg_catalog.pg_class.relname 
FROM pg_catalog.pg_class JOIN pg_catalog.pg_namespace ON pg_catalog.pg_namespace.oid = pg_catalog.pg_class.relnamespace 
WHERE pg_catalog.pg_class.relname = %(table_name)s AND pg_catalog.pg_class.relkind = ANY (ARRAY[%(param_1)s, %(param_2)s, %(param_3)s, %(param_4)s, %(param_5)s]) AND pg_catalog.pg_table_is_visible(pg_catalog.pg_class.oid) AND pg_catalog.pg_namespace.nspname != %(nspname_1)s (session.py:30)
2025-06-17 11:27:34 [    INFO] SELECT pg_catalog.pg_class.relname 
FROM pg_catalog.pg_class JOIN pg_catalog.pg_namespace ON pg_catalog.pg_namespace.oid = pg_catalog.pg_class.relnamespace 
WHERE pg_catalog.pg_class.relname = %(table_name)s AND pg_catalog.pg_class.relkind = ANY (ARRAY[%(param_1)s, %(param_2)s, %(param_3)s, %(param_4)s, %(param_5)s]) AND pg_catalog.pg_table_is_visible(pg_catalog.pg_class.oid) AND pg_catalog.pg_namespace.nspname != %(nspname_1)s (base.py:1842)
2025-06-17 11:27:34 [    INFO] [cached since 0.01825s ago] {'table_name': 'documents', 'param_1': 'r', 'param_2': 'p', 'param_3': 'f', 'param_4': 'v', 'param_5': 'm', 'nspname_1': 'pg_catalog'} (base.py:1842)
2025-06-17 11:27:34 [   DEBUG] Query eseguita in 0.01 secondi: SELECT pg_catalog.pg_class.relname 
FROM pg_catalog.pg_class JOIN pg_catalog.pg_namespace ON pg_catalog.pg_namespace.oid = pg_catalog.pg_class.relnamespace 
WHERE pg_catalog.pg_class.relname = %(table_name)s AND pg_catalog.pg_class.relkind = ANY (ARRAY[%(param_1)s, %(param_2)s, %(param_3)s, %(param_4)s, %(param_5)s]) AND pg_catalog.pg_table_is_visible(pg_catalog.pg_class.oid) AND pg_catalog.pg_namespace.nspname != %(nspname_1)s (session.py:30)
2025-06-17 11:27:34 [    INFO] SELECT pg_catalog.pg_class.relname 
FROM pg_catalog.pg_class JOIN pg_catalog.pg_namespace ON pg_catalog.pg_namespace.oid = pg_catalog.pg_class.relnamespace 
WHERE pg_catalog.pg_class.relname = %(table_name)s AND pg_catalog.pg_class.relkind = ANY (ARRAY[%(param_1)s, %(param_2)s, %(param_3)s, %(param_4)s, %(param_5)s]) AND pg_catalog.pg_table_is_visible(pg_catalog.pg_class.oid) AND pg_catalog.pg_namespace.nspname != %(nspname_1)s (base.py:1842)
2025-06-17 11:27:34 [    INFO] [cached since 0.02832s ago] {'table_name': 'document_versions', 'param_1': 'r', 'param_2': 'p', 'param_3': 'f', 'param_4': 'v', 'param_5': 'm', 'nspname_1': 'pg_catalog'} (base.py:1842)
2025-06-17 11:27:34 [   DEBUG] Query eseguita in 0.01 secondi: SELECT pg_catalog.pg_class.relname 
FROM pg_catalog.pg_class JOIN pg_catalog.pg_namespace ON pg_catalog.pg_namespace.oid = pg_catalog.pg_class.relnamespace 
WHERE pg_catalog.pg_class.relname = %(table_name)s AND pg_catalog.pg_class.relkind = ANY (ARRAY[%(param_1)s, %(param_2)s, %(param_3)s, %(param_4)s, %(param_5)s]) AND pg_catalog.pg_table_is_visible(pg_catalog.pg_class.oid) AND pg_catalog.pg_namespace.nspname != %(nspname_1)s (session.py:30)
2025-06-17 11:27:34 [    INFO] SELECT pg_catalog.pg_class.relname 
FROM pg_catalog.pg_class JOIN pg_catalog.pg_namespace ON pg_catalog.pg_namespace.oid = pg_catalog.pg_class.relnamespace 
WHERE pg_catalog.pg_class.relname = %(table_name)s AND pg_catalog.pg_class.relkind = ANY (ARRAY[%(param_1)s, %(param_2)s, %(param_3)s, %(param_4)s, %(param_5)s]) AND pg_catalog.pg_table_is_visible(pg_catalog.pg_class.oid) AND pg_catalog.pg_namespace.nspname != %(nspname_1)s (base.py:1842)
2025-06-17 11:27:34 [    INFO] [cached since 0.03842s ago] {'table_name': 'houses', 'param_1': 'r', 'param_2': 'p', 'param_3': 'f', 'param_4': 'v', 'param_5': 'm', 'nspname_1': 'pg_catalog'} (base.py:1842)
2025-06-17 11:27:34 [   DEBUG] Query eseguita in 0.01 secondi: SELECT pg_catalog.pg_class.relname 
FROM pg_catalog.pg_class JOIN pg_catalog.pg_namespace ON pg_catalog.pg_namespace.oid = pg_catalog.pg_class.relnamespace 
WHERE pg_catalog.pg_class.relname = %(table_name)s AND pg_catalog.pg_class.relkind = ANY (ARRAY[%(param_1)s, %(param_2)s, %(param_3)s, %(param_4)s, %(param_5)s]) AND pg_catalog.pg_table_is_visible(pg_catalog.pg_class.oid) AND pg_catalog.pg_namespace.nspname != %(nspname_1)s (session.py:30)
2025-06-17 11:27:34 [    INFO] SELECT pg_catalog.pg_class.relname 
FROM pg_catalog.pg_class JOIN pg_catalog.pg_namespace ON pg_catalog.pg_namespace.oid = pg_catalog.pg_class.relnamespace 
WHERE pg_catalog.pg_class.relname = %(table_name)s AND pg_catalog.pg_class.relkind = ANY (ARRAY[%(param_1)s, %(param_2)s, %(param_3)s, %(param_4)s, %(param_5)s]) AND pg_catalog.pg_table_is_visible(pg_catalog.pg_class.oid) AND pg_catalog.pg_namespace.nspname != %(nspname_1)s (base.py:1842)
2025-06-17 11:27:34 [    INFO] [cached since 0.04583s ago] {'table_name': 'nodes', 'param_1': 'r', 'param_2': 'p', 'param_3': 'f', 'param_4': 'v', 'param_5': 'm', 'nspname_1': 'pg_catalog'} (base.py:1842)
2025-06-17 11:27:34 [   DEBUG] Query eseguita in 0.00 secondi: SELECT pg_catalog.pg_class.relname 
FROM pg_catalog.pg_class JOIN pg_catalog.pg_namespace ON pg_catalog.pg_namespace.oid = pg_catalog.pg_class.relnamespace 
WHERE pg_catalog.pg_class.relname = %(table_name)s AND pg_catalog.pg_class.relkind = ANY (ARRAY[%(param_1)s, %(param_2)s, %(param_3)s, %(param_4)s, %(param_5)s]) AND pg_catalog.pg_table_is_visible(pg_catalog.pg_class.oid) AND pg_catalog.pg_namespace.nspname != %(nspname_1)s (session.py:30)
2025-06-17 11:27:34 [    INFO] SELECT pg_catalog.pg_class.relname 
FROM pg_catalog.pg_class JOIN pg_catalog.pg_namespace ON pg_catalog.pg_namespace.oid = pg_catalog.pg_class.relnamespace 
WHERE pg_catalog.pg_class.relname = %(table_name)s AND pg_catalog.pg_class.relkind = ANY (ARRAY[%(param_1)s, %(param_2)s, %(param_3)s, %(param_4)s, %(param_5)s]) AND pg_catalog.pg_table_is_visible(pg_catalog.pg_class.oid) AND pg_catalog.pg_namespace.nspname != %(nspname_1)s (base.py:1842)
2025-06-17 11:27:34 [    INFO] [cached since 0.05357s ago] {'table_name': 'rooms', 'param_1': 'r', 'param_2': 'p', 'param_3': 'f', 'param_4': 'v', 'param_5': 'm', 'nspname_1': 'pg_catalog'} (base.py:1842)
2025-06-17 11:27:34 [   DEBUG] Query eseguita in 0.01 secondi: SELECT pg_catalog.pg_class.relname 
FROM pg_catalog.pg_class JOIN pg_catalog.pg_namespace ON pg_catalog.pg_namespace.oid = pg_catalog.pg_class.relnamespace 
WHERE pg_catalog.pg_class.relname = %(table_name)s AND pg_catalog.pg_class.relkind = ANY (ARRAY[%(param_1)s, %(param_2)s, %(param_3)s, %(param_4)s, %(param_5)s]) AND pg_catalog.pg_table_is_visible(pg_catalog.pg_class.oid) AND pg_catalog.pg_namespace.nspname != %(nspname_1)s (session.py:30)
2025-06-17 11:27:34 [    INFO] SELECT pg_catalog.pg_class.relname 
FROM pg_catalog.pg_class JOIN pg_catalog.pg_namespace ON pg_catalog.pg_namespace.oid = pg_catalog.pg_class.relnamespace 
WHERE pg_catalog.pg_class.relname = %(table_name)s AND pg_catalog.pg_class.relkind = ANY (ARRAY[%(param_1)s, %(param_2)s, %(param_3)s, %(param_4)s, %(param_5)s]) AND pg_catalog.pg_table_is_visible(pg_catalog.pg_class.oid) AND pg_catalog.pg_namespace.nspname != %(nspname_1)s (base.py:1842)
2025-06-17 11:27:34 [    INFO] [cached since 0.06252s ago] {'table_name': 'bookings', 'param_1': 'r', 'param_2': 'p', 'param_3': 'f', 'param_4': 'v', 'param_5': 'm', 'nspname_1': 'pg_catalog'} (base.py:1842)
2025-06-17 11:27:34 [   DEBUG] Query eseguita in 0.01 secondi: SELECT pg_catalog.pg_class.relname 
FROM pg_catalog.pg_class JOIN pg_catalog.pg_namespace ON pg_catalog.pg_namespace.oid = pg_catalog.pg_class.relnamespace 
WHERE pg_catalog.pg_class.relname = %(table_name)s AND pg_catalog.pg_class.relkind = ANY (ARRAY[%(param_1)s, %(param_2)s, %(param_3)s, %(param_4)s, %(param_5)s]) AND pg_catalog.pg_table_is_visible(pg_catalog.pg_class.oid) AND pg_catalog.pg_namespace.nspname != %(nspname_1)s (session.py:30)
2025-06-17 11:27:34 [    INFO] SELECT pg_catalog.pg_class.relname 
FROM pg_catalog.pg_class JOIN pg_catalog.pg_namespace ON pg_catalog.pg_namespace.oid = pg_catalog.pg_class.relnamespace 
WHERE pg_catalog.pg_class.relname = %(table_name)s AND pg_catalog.pg_class.relkind = ANY (ARRAY[%(param_1)s, %(param_2)s, %(param_3)s, %(param_4)s, %(param_5)s]) AND pg_catalog.pg_table_is_visible(pg_catalog.pg_class.oid) AND pg_catalog.pg_namespace.nspname != %(nspname_1)s (base.py:1842)
2025-06-17 11:27:34 [    INFO] [cached since 0.07548s ago] {'table_name': 'maintenance_records', 'param_1': 'r', 'param_2': 'p', 'param_3': 'f', 'param_4': 'v', 'param_5': 'm', 'nspname_1': 'pg_catalog'} (base.py:1842)
2025-06-17 11:27:34 [   DEBUG] Query eseguita in 0.01 secondi: SELECT pg_catalog.pg_class.relname 
FROM pg_catalog.pg_class JOIN pg_catalog.pg_namespace ON pg_catalog.pg_namespace.oid = pg_catalog.pg_class.relnamespace 
WHERE pg_catalog.pg_class.relname = %(table_name)s AND pg_catalog.pg_class.relkind = ANY (ARRAY[%(param_1)s, %(param_2)s, %(param_3)s, %(param_4)s, %(param_5)s]) AND pg_catalog.pg_table_is_visible(pg_catalog.pg_class.oid) AND pg_catalog.pg_namespace.nspname != %(nspname_1)s (session.py:30)
2025-06-17 11:27:34 [    INFO] SELECT pg_catalog.pg_type.typname 
FROM pg_catalog.pg_type JOIN pg_catalog.pg_namespace ON pg_catalog.pg_namespace.oid = pg_catalog.pg_type.typnamespace 
WHERE pg_catalog.pg_type.typname = %(typname_1)s AND pg_catalog.pg_type_is_visible(pg_catalog.pg_type.oid) AND pg_catalog.pg_namespace.nspname != %(nspname_1)s (base.py:1842)
2025-06-17 11:27:34 [    INFO] [generated in 0.00227s] {'typname_1': 'maintenancetype', 'nspname_1': 'pg_catalog'} (base.py:1842)
2025-06-17 11:27:34 [   DEBUG] Query eseguita in 0.00 secondi: SELECT pg_catalog.pg_type.typname 
FROM pg_catalog.pg_type JOIN pg_catalog.pg_namespace ON pg_catalog.pg_namespace.oid = pg_catalog.pg_type.typnamespace 
WHERE pg_catalog.pg_type.typname = %(typname_1)s AND pg_catalog.pg_type_is_visible(pg_catalog.pg_type.oid) AND pg_catalog.pg_namespace.nspname != %(nspname_1)s (session.py:30)
2025-06-17 11:27:34 [    INFO] CREATE TYPE maintenancetype AS ENUM ('ROUTINE', 'PREVENTIVE', 'CORRECTIVE', 'EMERGENCY', 'INSPECTION') (base.py:1842)
2025-06-17 11:27:34 [    INFO] [no key 0.00257s] {} (base.py:1842)
2025-06-17 11:27:34 [   DEBUG] Query eseguita in 0.01 secondi: CREATE TYPE maintenancetype AS ENUM ('ROUTINE', 'PREVENTIVE', 'CORRECTIVE', 'EMERGENCY', 'INSPECTION') (session.py:30)
2025-06-17 11:27:34 [    INFO] SELECT pg_catalog.pg_type.typname 
FROM pg_catalog.pg_type JOIN pg_catalog.pg_namespace ON pg_catalog.pg_namespace.oid = pg_catalog.pg_type.typnamespace 
WHERE pg_catalog.pg_type.typname = %(typname_1)s AND pg_catalog.pg_type_is_visible(pg_catalog.pg_type.oid) AND pg_catalog.pg_namespace.nspname != %(nspname_1)s (base.py:1842)
2025-06-17 11:27:34 [    INFO] [cached since 0.02224s ago] {'typname_1': 'maintenancestatus', 'nspname_1': 'pg_catalog'} (base.py:1842)
2025-06-17 11:27:34 [   DEBUG] Query eseguita in 0.01 secondi: SELECT pg_catalog.pg_type.typname 
FROM pg_catalog.pg_type JOIN pg_catalog.pg_namespace ON pg_catalog.pg_namespace.oid = pg_catalog.pg_type.typnamespace 
WHERE pg_catalog.pg_type.typname = %(typname_1)s AND pg_catalog.pg_type_is_visible(pg_catalog.pg_type.oid) AND pg_catalog.pg_namespace.nspname != %(nspname_1)s (session.py:30)
2025-06-17 11:27:34 [    INFO] CREATE TYPE maintenancestatus AS ENUM ('PENDING', 'COMPLETED', 'FAILED') (base.py:1842)
2025-06-17 11:27:34 [    INFO] [no key 0.00285s] {} (base.py:1842)
2025-06-17 11:27:34 [   DEBUG] Query eseguita in 0.00 secondi: CREATE TYPE maintenancestatus AS ENUM ('PENDING', 'COMPLETED', 'FAILED') (session.py:30)
2025-06-17 11:27:34 [    INFO] 
CREATE TABLE "user" (
	id SERIAL NOT NULL, 
	email VARCHAR NOT NULL, 
	username VARCHAR NOT NULL, 
	hashed_password VARCHAR NOT NULL, 
	is_active BOOLEAN NOT NULL, 
	is_superuser BOOLEAN NOT NULL, 
	is_verified BOOLEAN NOT NULL, 
	created_at TIMESTAMP WITHOUT TIME ZONE NOT NULL, 
	updated_at TIMESTAMP WITHOUT TIME ZONE NOT NULL, 
	last_login TIMESTAMP WITH TIME ZONE, 
	full_name VARCHAR(255), 
	phone_number VARCHAR(20), 
	PRIMARY KEY (id)
)

 (base.py:1842)
2025-06-17 11:27:34 [    INFO] [no key 0.00383s] {} (base.py:1842)
2025-06-17 11:27:34 [   DEBUG] Query eseguita in 0.06 secondi: 
CREATE TABLE "user" (
	id SERIAL NOT NULL, 
	email VARCHAR NOT NULL, 
	username VARCHAR NOT NULL, 
	hashed_password VARCHAR NOT NULL, 
	is_active BOOLEAN NOT NULL, 
	is_superuser BOOLEAN NOT NULL, 
	is_verified BOOLEAN NOT NULL, 
	created_at TIMESTAMP WITHOUT TIME ZONE NOT NULL, 
	updated_at TIMESTAMP WITHOUT TIME ZONE NOT NULL, 
	last_login TIMESTAMP WITH TIME ZONE, 
	full_name VARCHAR(255), 
	phone_number VARCHAR(20), 
	PRIMARY KEY (id)
)

 (session.py:30)
2025-06-17 11:27:34 [    INFO] CREATE UNIQUE INDEX ix_user_email ON "user" (email) (base.py:1842)
2025-06-17 11:27:34 [    INFO] [no key 0.00214s] {} (base.py:1842)
2025-06-17 11:27:34 [   DEBUG] Query eseguita in 0.01 secondi: CREATE UNIQUE INDEX ix_user_email ON "user" (email) (session.py:30)
2025-06-17 11:27:34 [    INFO] CREATE UNIQUE INDEX ix_user_username ON "user" (username) (base.py:1842)
2025-06-17 11:27:34 [    INFO] [no key 0.00237s] {} (base.py:1842)
2025-06-17 11:27:34 [   DEBUG] Query eseguita in 0.01 secondi: CREATE UNIQUE INDEX ix_user_username ON "user" (username) (session.py:30)
2025-06-17 11:27:34 [    INFO] 
CREATE TABLE houses (
	id SERIAL NOT NULL, 
	name VARCHAR NOT NULL, 
	address VARCHAR NOT NULL, 
	owner_id INTEGER NOT NULL, 
	created_at TIMESTAMP WITHOUT TIME ZONE NOT NULL, 
	updated_at TIMESTAMP WITHOUT TIME ZONE NOT NULL, 
	PRIMARY KEY (id), 
	FOREIGN KEY(owner_id) REFERENCES "user" (id)
)

 (base.py:1842)
2025-06-17 11:27:34 [    INFO] [no key 0.00112s] {} (base.py:1842)
2025-06-17 11:27:34 [   DEBUG] Query eseguita in 0.03 secondi: 
CREATE TABLE houses (
	id SERIAL NOT NULL, 
	name VARCHAR NOT NULL, 
	address VARCHAR NOT NULL, 
	owner_id INTEGER NOT NULL, 
	created_at TIMESTAMP WITHOUT TIME ZONE NOT NULL, 
	updated_at TIMESTAMP WITHOUT TIME ZONE NOT NULL, 
	PRIMARY KEY (id), 
	FOREIGN KEY(owner_id) REFERENCES "user" (id)
)

 (session.py:30)
2025-06-17 11:27:34 [    INFO] CREATE INDEX ix_houses_name ON houses (name) (base.py:1842)
2025-06-17 11:27:34 [    INFO] [no key 0.00163s] {} (base.py:1842)
2025-06-17 11:27:34 [   DEBUG] Query eseguita in 0.01 secondi: CREATE INDEX ix_houses_name ON houses (name) (session.py:30)
2025-06-17 11:27:34 [    INFO] 
CREATE TABLE rooms (
	id SERIAL NOT NULL, 
	name VARCHAR NOT NULL, 
	description VARCHAR, 
	floor INTEGER NOT NULL, 
	area FLOAT NOT NULL, 
	house_id INTEGER NOT NULL, 
	created_at TIMESTAMP WITHOUT TIME ZONE NOT NULL, 
	updated_at TIMESTAMP WITHOUT TIME ZONE NOT NULL, 
	PRIMARY KEY (id), 
	FOREIGN KEY(house_id) REFERENCES houses (id)
)

 (base.py:1842)
2025-06-17 11:27:34 [    INFO] [no key 0.00126s] {} (base.py:1842)
2025-06-17 11:27:34 [   DEBUG] Query eseguita in 0.03 secondi: 
CREATE TABLE rooms (
	id SERIAL NOT NULL, 
	name VARCHAR NOT NULL, 
	description VARCHAR, 
	floor INTEGER NOT NULL, 
	area FLOAT NOT NULL, 
	house_id INTEGER NOT NULL, 
	created_at TIMESTAMP WITHOUT TIME ZONE NOT NULL, 
	updated_at TIMESTAMP WITHOUT TIME ZONE NOT NULL, 
	PRIMARY KEY (id), 
	FOREIGN KEY(house_id) REFERENCES houses (id)
)

 (session.py:30)
2025-06-17 11:27:34 [    INFO] CREATE INDEX ix_rooms_name ON rooms (name) (base.py:1842)
2025-06-17 11:27:34 [    INFO] [no key 0.00391s] {} (base.py:1842)
2025-06-17 11:27:34 [   DEBUG] Query eseguita in 0.01 secondi: CREATE INDEX ix_rooms_name ON rooms (name) (session.py:30)
2025-06-17 11:27:34 [    INFO] 
CREATE TABLE nodes (
	id SERIAL NOT NULL, 
	name VARCHAR NOT NULL, 
	description VARCHAR, 
	nfc_id VARCHAR NOT NULL, 
	house_id INTEGER NOT NULL, 
	room_id INTEGER, 
	PRIMARY KEY (id), 
	FOREIGN KEY(house_id) REFERENCES houses (id), 
	FOREIGN KEY(room_id) REFERENCES rooms (id)
)

 (base.py:1842)
2025-06-17 11:27:34 [    INFO] [no key 0.00405s] {} (base.py:1842)
2025-06-17 11:27:34 [   DEBUG] Query eseguita in 0.04 secondi: 
CREATE TABLE nodes (
	id SERIAL NOT NULL, 
	name VARCHAR NOT NULL, 
	description VARCHAR, 
	nfc_id VARCHAR NOT NULL, 
	house_id INTEGER NOT NULL, 
	room_id INTEGER, 
	PRIMARY KEY (id), 
	FOREIGN KEY(house_id) REFERENCES houses (id), 
	FOREIGN KEY(room_id) REFERENCES rooms (id)
)

 (session.py:30)
2025-06-17 11:27:34 [    INFO] CREATE UNIQUE INDEX ix_nodes_nfc_id ON nodes (nfc_id) (base.py:1842)
2025-06-17 11:27:34 [    INFO] [no key 0.00083s] {} (base.py:1842)
2025-06-17 11:27:34 [   DEBUG] Query eseguita in 0.01 secondi: CREATE UNIQUE INDEX ix_nodes_nfc_id ON nodes (nfc_id) (session.py:30)
2025-06-17 11:27:34 [    INFO] 
CREATE TABLE bookings (
	id SERIAL NOT NULL, 
	room_id INTEGER NOT NULL, 
	user_id INTEGER NOT NULL, 
	start_time TIMESTAMP WITHOUT TIME ZONE NOT NULL, 
	end_time TIMESTAMP WITHOUT TIME ZONE NOT NULL, 
	status VARCHAR NOT NULL, 
	notes VARCHAR, 
	created_at TIMESTAMP WITHOUT TIME ZONE NOT NULL, 
	updated_at TIMESTAMP WITHOUT TIME ZONE NOT NULL, 
	PRIMARY KEY (id), 
	FOREIGN KEY(room_id) REFERENCES rooms (id), 
	FOREIGN KEY(user_id) REFERENCES "user" (id)
)

 (base.py:1842)
2025-06-17 11:27:34 [    INFO] [no key 0.00090s] {} (base.py:1842)
2025-06-17 11:27:34 [   DEBUG] Query eseguita in 0.03 secondi: 
CREATE TABLE bookings (
	id SERIAL NOT NULL, 
	room_id INTEGER NOT NULL, 
	user_id INTEGER NOT NULL, 
	start_time TIMESTAMP WITHOUT TIME ZONE NOT NULL, 
	end_time TIMESTAMP WITHOUT TIME ZONE NOT NULL, 
	status VARCHAR NOT NULL, 
	notes VARCHAR, 
	created_at TIMESTAMP WITHOUT TIME ZONE NOT NULL, 
	updated_at TIMESTAMP WITHOUT TIME ZONE NOT NULL, 
	PRIMARY KEY (id), 
	FOREIGN KEY(room_id) REFERENCES rooms (id), 
	FOREIGN KEY(user_id) REFERENCES "user" (id)
)

 (session.py:30)
2025-06-17 11:27:34 [    INFO] 
CREATE TABLE documents (
	id SERIAL NOT NULL, 
	created_at TIMESTAMP WITHOUT TIME ZONE NOT NULL, 
	updated_at TIMESTAMP WITHOUT TIME ZONE NOT NULL, 
	owner_id INTEGER NOT NULL, 
	name VARCHAR NOT NULL, 
	type VARCHAR NOT NULL, 
	size INTEGER NOT NULL, 
	upload_date TIMESTAMP WITHOUT TIME ZONE NOT NULL, 
	path VARCHAR NOT NULL, 
	checksum VARCHAR NOT NULL, 
	house_id INTEGER, 
	node_id INTEGER, 
	description VARCHAR, 
	PRIMARY KEY (id), 
	FOREIGN KEY(owner_id) REFERENCES "user" (id), 
	FOREIGN KEY(house_id) REFERENCES houses (id), 
	FOREIGN KEY(node_id) REFERENCES nodes (id)
)

 (base.py:1842)
2025-06-17 11:27:34 [    INFO] [no key 0.00226s] {} (base.py:1842)
2025-06-17 11:27:34 [   DEBUG] Query eseguita in 0.04 secondi: 
CREATE TABLE documents (
	id SERIAL NOT NULL, 
	created_at TIMESTAMP WITHOUT TIME ZONE NOT NULL, 
	updated_at TIMESTAMP WITHOUT TIME ZONE NOT NULL, 
	owner_id INTEGER NOT NULL, 
	name VARCHAR NOT NULL, 
	type VARCHAR NOT NULL, 
	size INTEGER NOT NULL, 
	upload_date TIMESTAMP WITHOUT TIME ZONE NOT NULL, 
	path VARCHAR NOT NULL, 
	checksum VARCHAR NOT NULL, 
	house_id INTEGER, 
	node_id INTEGER, 
	description VARCHAR, 
	PRIMARY KEY (id), 
	FOREIGN KEY(owner_id) REFERENCES "user" (id), 
	FOREIGN KEY(house_id) REFERENCES houses (id), 
	FOREIGN KEY(node_id) REFERENCES nodes (id)
)

 (session.py:30)
2025-06-17 11:27:34 [    INFO] CREATE INDEX ix_documents_owner_id ON documents (owner_id) (base.py:1842)
2025-06-17 11:27:34 [    INFO] [no key 0.00151s] {} (base.py:1842)
2025-06-17 11:27:34 [   DEBUG] Query eseguita in 0.01 secondi: CREATE INDEX ix_documents_owner_id ON documents (owner_id) (session.py:30)
2025-06-17 11:27:34 [    INFO] 
CREATE TABLE document_versions (
	id SERIAL NOT NULL, 
	version_number INTEGER NOT NULL, 
	file_path VARCHAR NOT NULL, 
	file_size INTEGER NOT NULL, 
	checksum VARCHAR NOT NULL, 
	created_at TIMESTAMP WITHOUT TIME ZONE NOT NULL, 
	updated_at TIMESTAMP WITHOUT TIME ZONE NOT NULL, 
	document_id INTEGER NOT NULL, 
	created_by_id INTEGER, 
	PRIMARY KEY (id), 
	FOREIGN KEY(document_id) REFERENCES documents (id), 
	FOREIGN KEY(created_by_id) REFERENCES "user" (id)
)

 (base.py:1842)
2025-06-17 11:27:34 [    INFO] [no key 0.00092s] {} (base.py:1842)
2025-06-17 11:27:34 [   DEBUG] Query eseguita in 0.03 secondi: 
CREATE TABLE document_versions (
	id SERIAL NOT NULL, 
	version_number INTEGER NOT NULL, 
	file_path VARCHAR NOT NULL, 
	file_size INTEGER NOT NULL, 
	checksum VARCHAR NOT NULL, 
	created_at TIMESTAMP WITHOUT TIME ZONE NOT NULL, 
	updated_at TIMESTAMP WITHOUT TIME ZONE NOT NULL, 
	document_id INTEGER NOT NULL, 
	created_by_id INTEGER, 
	PRIMARY KEY (id), 
	FOREIGN KEY(document_id) REFERENCES documents (id), 
	FOREIGN KEY(created_by_id) REFERENCES "user" (id)
)

 (session.py:30)
2025-06-17 11:27:34 [    INFO] CREATE INDEX ix_document_versions_version_number ON document_versions (version_number) (base.py:1842)
2025-06-17 11:27:34 [    INFO] [no key 0.00260s] {} (base.py:1842)
2025-06-17 11:27:34 [   DEBUG] Query eseguita in 0.01 secondi: CREATE INDEX ix_document_versions_version_number ON document_versions (version_number) (session.py:30)
2025-06-17 11:27:34 [    INFO] CREATE INDEX ix_document_versions_created_by_id ON document_versions (created_by_id) (base.py:1842)
2025-06-17 11:27:34 [    INFO] [no key 0.00076s] {} (base.py:1842)
2025-06-17 11:27:34 [   DEBUG] Query eseguita in 0.01 secondi: CREATE INDEX ix_document_versions_created_by_id ON document_versions (created_by_id) (session.py:30)
2025-06-17 11:27:34 [    INFO] CREATE INDEX ix_document_versions_document_id ON document_versions (document_id) (base.py:1842)
2025-06-17 11:27:34 [    INFO] [no key 0.00475s] {} (base.py:1842)
2025-06-17 11:27:34 [   DEBUG] Query eseguita in 0.01 secondi: CREATE INDEX ix_document_versions_document_id ON document_versions (document_id) (session.py:30)
2025-06-17 11:27:34 [    INFO] 
CREATE TABLE maintenance_records (
	id SERIAL NOT NULL, 
	node_id INTEGER NOT NULL, 
	timestamp TIMESTAMP WITHOUT TIME ZONE NOT NULL, 
	maintenance_type maintenancetype NOT NULL, 
	description VARCHAR NOT NULL, 
	status maintenancestatus NOT NULL, 
	notes VARCHAR, 
	document_id INTEGER, 
	PRIMARY KEY (id), 
	FOREIGN KEY(node_id) REFERENCES nodes (id), 
	FOREIGN KEY(document_id) REFERENCES documents (id)
)

 (base.py:1842)
2025-06-17 11:27:34 [    INFO] [no key 0.00358s] {} (base.py:1842)
2025-06-17 11:27:35 [   DEBUG] Query eseguita in 0.04 secondi: 
CREATE TABLE maintenance_records (
	id SERIAL NOT NULL, 
	node_id INTEGER NOT NULL, 
	timestamp TIMESTAMP WITHOUT TIME ZONE NOT NULL, 
	maintenance_type maintenancetype NOT NULL, 
	description VARCHAR NOT NULL, 
	status maintenancestatus NOT NULL, 
	notes VARCHAR, 
	document_id INTEGER, 
	PRIMARY KEY (id), 
	FOREIGN KEY(node_id) REFERENCES nodes (id), 
	FOREIGN KEY(document_id) REFERENCES documents (id)
)

 (session.py:30)
2025-06-17 11:27:35 [    INFO] CREATE INDEX ix_maintenance_records_node_id ON maintenance_records (node_id) (base.py:1842)
2025-06-17 11:27:35 [    INFO] [no key 0.00072s] {} (base.py:1842)
2025-06-17 11:27:35 [   DEBUG] Query eseguita in 0.01 secondi: CREATE INDEX ix_maintenance_records_node_id ON maintenance_records (node_id) (session.py:30)
2025-06-17 11:27:35 [    INFO] COMMIT (base.py:2704)
2025-06-17 11:27:35 [   DEBUG] Test database tables created successfully (test_users.py:52)
2025-06-17 11:27:35 [   DEBUG] Test database session created successfully (test_users.py:55)
2025-06-17 11:27:35 [   DEBUG] Overriding get_session for tests... (conftest.py:269)
2025-06-17 11:27:35 [   DEBUG] Setting up FakeRedis for tests... (conftest_redis.py:18)
2025-06-17 11:27:35 [   DEBUG] Connessione Redis stabilita con successo (redis.py:24)
-------------------------------- live log call --------------------------------
2025-06-17 11:27:35 [   DEBUG] Using proactor: IocpProactor (proactor_events.py:631)
2025-06-17 11:27:35 [    INFO] HTTP Request: GET http://testserver/api/v1/users/me "HTTP/1.1 401 Unauthorized" (_client.py:1025)
PASSED                                                                   [  6%]
------------------------------ live log teardown ------------------------------
2025-06-17 11:27:35 [   DEBUG] Restored original Redis client (conftest_redis.py:29)
2025-06-17 11:27:35 [   DEBUG] get_session override cleared (conftest.py:275)
2025-06-17 11:27:35 [   DEBUG] Cleaning up test database session... (test_users.py:57)
2025-06-17 11:27:35 [    INFO] BEGIN (implicit) (base.py:2698)
2025-06-17 11:27:35 [    INFO] DROP SCHEMA public CASCADE (base.py:1842)
2025-06-17 11:27:35 [    INFO] [generated in 0.00695s] {} (base.py:1842)
2025-06-17 11:27:35 [   DEBUG] Query eseguita in 0.09 secondi: DROP SCHEMA public CASCADE (session.py:30)
2025-06-17 11:27:35 [    INFO] CREATE SCHEMA public (base.py:1842)
2025-06-17 11:27:35 [    INFO] [generated in 0.00248s] {} (base.py:1842)
2025-06-17 11:27:35 [   DEBUG] Query eseguita in 0.01 secondi: CREATE SCHEMA public (session.py:30)
2025-06-17 11:27:35 [    INFO] COMMIT (base.py:2704)
2025-06-17 11:27:35 [   DEBUG] Test database cleanup completed (test_users.py:63)
2025-06-17 11:27:35 [   DEBUG] Session fixture completed in 1.31 seconds (test_users.py:68)

tests/api/test_users.py::test_create_user_valid_data 
------------------------------- live log setup --------------------------------
2025-06-17 11:27:35 [   DEBUG] Setting up test database session... (test_users.py:38)
2025-06-17 11:27:35 [    INFO] select pg_catalog.version() (base.py:1842)
2025-06-17 11:27:35 [    INFO] [raw sql] {} (base.py:1842)
2025-06-17 11:27:35 [    INFO] select current_schema() (base.py:1842)
2025-06-17 11:27:35 [    INFO] [raw sql] {} (base.py:1842)
2025-06-17 11:27:35 [    INFO] show standard_conforming_strings (base.py:1842)
2025-06-17 11:27:35 [    INFO] [raw sql] {} (base.py:1842)
2025-06-17 11:27:35 [    INFO] BEGIN (implicit) (base.py:2698)
2025-06-17 11:27:35 [    INFO] SELECT pg_catalog.pg_class.relname 
FROM pg_catalog.pg_class JOIN pg_catalog.pg_namespace ON pg_catalog.pg_namespace.oid = pg_catalog.pg_class.relnamespace 
WHERE pg_catalog.pg_class.relname = %(table_name)s AND pg_catalog.pg_class.relkind = ANY (ARRAY[%(param_1)s, %(param_2)s, %(param_3)s, %(param_4)s, %(param_5)s]) AND pg_catalog.pg_table_is_visible(pg_catalog.pg_class.oid) AND pg_catalog.pg_namespace.nspname != %(nspname_1)s (base.py:1842)
2025-06-17 11:27:35 [    INFO] [generated in 0.00123s] {'table_name': 'user', 'param_1': 'r', 'param_2': 'p', 'param_3': 'f', 'param_4': 'v', 'param_5': 'm', 'nspname_1': 'pg_catalog'} (base.py:1842)
2025-06-17 11:27:35 [   DEBUG] Query eseguita in 0.01 secondi: SELECT pg_catalog.pg_class.relname 
FROM pg_catalog.pg_class JOIN pg_catalog.pg_namespace ON pg_catalog.pg_namespace.oid = pg_catalog.pg_class.relnamespace 
WHERE pg_catalog.pg_class.relname = %(table_name)s AND pg_catalog.pg_class.relkind = ANY (ARRAY[%(param_1)s, %(param_2)s, %(param_3)s, %(param_4)s, %(param_5)s]) AND pg_catalog.pg_table_is_visible(pg_catalog.pg_class.oid) AND pg_catalog.pg_namespace.nspname != %(nspname_1)s (session.py:30)
2025-06-17 11:27:35 [    INFO] SELECT pg_catalog.pg_class.relname 
FROM pg_catalog.pg_class JOIN pg_catalog.pg_namespace ON pg_catalog.pg_namespace.oid = pg_catalog.pg_class.relnamespace 
WHERE pg_catalog.pg_class.relname = %(table_name)s AND pg_catalog.pg_class.relkind = ANY (ARRAY[%(param_1)s, %(param_2)s, %(param_3)s, %(param_4)s, %(param_5)s]) AND pg_catalog.pg_table_is_visible(pg_catalog.pg_class.oid) AND pg_catalog.pg_namespace.nspname != %(nspname_1)s (base.py:1842)
2025-06-17 11:27:35 [    INFO] [cached since 0.01702s ago] {'table_name': 'documents', 'param_1': 'r', 'param_2': 'p', 'param_3': 'f', 'param_4': 'v', 'param_5': 'm', 'nspname_1': 'pg_catalog'} (base.py:1842)
2025-06-17 11:27:35 [   DEBUG] Query eseguita in 0.00 secondi: SELECT pg_catalog.pg_class.relname 
FROM pg_catalog.pg_class JOIN pg_catalog.pg_namespace ON pg_catalog.pg_namespace.oid = pg_catalog.pg_class.relnamespace 
WHERE pg_catalog.pg_class.relname = %(table_name)s AND pg_catalog.pg_class.relkind = ANY (ARRAY[%(param_1)s, %(param_2)s, %(param_3)s, %(param_4)s, %(param_5)s]) AND pg_catalog.pg_table_is_visible(pg_catalog.pg_class.oid) AND pg_catalog.pg_namespace.nspname != %(nspname_1)s (session.py:30)
2025-06-17 11:27:35 [    INFO] SELECT pg_catalog.pg_class.relname 
FROM pg_catalog.pg_class JOIN pg_catalog.pg_namespace ON pg_catalog.pg_namespace.oid = pg_catalog.pg_class.relnamespace 
WHERE pg_catalog.pg_class.relname = %(table_name)s AND pg_catalog.pg_class.relkind = ANY (ARRAY[%(param_1)s, %(param_2)s, %(param_3)s, %(param_4)s, %(param_5)s]) AND pg_catalog.pg_table_is_visible(pg_catalog.pg_class.oid) AND pg_catalog.pg_namespace.nspname != %(nspname_1)s (base.py:1842)
2025-06-17 11:27:35 [    INFO] [cached since 0.02434s ago] {'table_name': 'document_versions', 'param_1': 'r', 'param_2': 'p', 'param_3': 'f', 'param_4': 'v', 'param_5': 'm', 'nspname_1': 'pg_catalog'} (base.py:1842)
2025-06-17 11:27:35 [   DEBUG] Query eseguita in 0.01 secondi: SELECT pg_catalog.pg_class.relname 
FROM pg_catalog.pg_class JOIN pg_catalog.pg_namespace ON pg_catalog.pg_namespace.oid = pg_catalog.pg_class.relnamespace 
WHERE pg_catalog.pg_class.relname = %(table_name)s AND pg_catalog.pg_class.relkind = ANY (ARRAY[%(param_1)s, %(param_2)s, %(param_3)s, %(param_4)s, %(param_5)s]) AND pg_catalog.pg_table_is_visible(pg_catalog.pg_class.oid) AND pg_catalog.pg_namespace.nspname != %(nspname_1)s (session.py:30)
2025-06-17 11:27:35 [    INFO] SELECT pg_catalog.pg_class.relname 
FROM pg_catalog.pg_class JOIN pg_catalog.pg_namespace ON pg_catalog.pg_namespace.oid = pg_catalog.pg_class.relnamespace 
WHERE pg_catalog.pg_class.relname = %(table_name)s AND pg_catalog.pg_class.relkind = ANY (ARRAY[%(param_1)s, %(param_2)s, %(param_3)s, %(param_4)s, %(param_5)s]) AND pg_catalog.pg_table_is_visible(pg_catalog.pg_class.oid) AND pg_catalog.pg_namespace.nspname != %(nspname_1)s (base.py:1842)
2025-06-17 11:27:35 [    INFO] [cached since 0.03456s ago] {'table_name': 'houses', 'param_1': 'r', 'param_2': 'p', 'param_3': 'f', 'param_4': 'v', 'param_5': 'm', 'nspname_1': 'pg_catalog'} (base.py:1842)
2025-06-17 11:27:35 [   DEBUG] Query eseguita in 0.00 secondi: SELECT pg_catalog.pg_class.relname 
FROM pg_catalog.pg_class JOIN pg_catalog.pg_namespace ON pg_catalog.pg_namespace.oid = pg_catalog.pg_class.relnamespace 
WHERE pg_catalog.pg_class.relname = %(table_name)s AND pg_catalog.pg_class.relkind = ANY (ARRAY[%(param_1)s, %(param_2)s, %(param_3)s, %(param_4)s, %(param_5)s]) AND pg_catalog.pg_table_is_visible(pg_catalog.pg_class.oid) AND pg_catalog.pg_namespace.nspname != %(nspname_1)s (session.py:30)
2025-06-17 11:27:35 [    INFO] SELECT pg_catalog.pg_class.relname 
FROM pg_catalog.pg_class JOIN pg_catalog.pg_namespace ON pg_catalog.pg_namespace.oid = pg_catalog.pg_class.relnamespace 
WHERE pg_catalog.pg_class.relname = %(table_name)s AND pg_catalog.pg_class.relkind = ANY (ARRAY[%(param_1)s, %(param_2)s, %(param_3)s, %(param_4)s, %(param_5)s]) AND pg_catalog.pg_table_is_visible(pg_catalog.pg_class.oid) AND pg_catalog.pg_namespace.nspname != %(nspname_1)s (base.py:1842)
2025-06-17 11:27:35 [    INFO] [cached since 0.04227s ago] {'table_name': 'nodes', 'param_1': 'r', 'param_2': 'p', 'param_3': 'f', 'param_4': 'v', 'param_5': 'm', 'nspname_1': 'pg_catalog'} (base.py:1842)
2025-06-17 11:27:35 [   DEBUG] Query eseguita in 0.01 secondi: SELECT pg_catalog.pg_class.relname 
FROM pg_catalog.pg_class JOIN pg_catalog.pg_namespace ON pg_catalog.pg_namespace.oid = pg_catalog.pg_class.relnamespace 
WHERE pg_catalog.pg_class.relname = %(table_name)s AND pg_catalog.pg_class.relkind = ANY (ARRAY[%(param_1)s, %(param_2)s, %(param_3)s, %(param_4)s, %(param_5)s]) AND pg_catalog.pg_table_is_visible(pg_catalog.pg_class.oid) AND pg_catalog.pg_namespace.nspname != %(nspname_1)s (session.py:30)
2025-06-17 11:27:35 [    INFO] SELECT pg_catalog.pg_class.relname 
FROM pg_catalog.pg_class JOIN pg_catalog.pg_namespace ON pg_catalog.pg_namespace.oid = pg_catalog.pg_class.relnamespace 
WHERE pg_catalog.pg_class.relname = %(table_name)s AND pg_catalog.pg_class.relkind = ANY (ARRAY[%(param_1)s, %(param_2)s, %(param_3)s, %(param_4)s, %(param_5)s]) AND pg_catalog.pg_table_is_visible(pg_catalog.pg_class.oid) AND pg_catalog.pg_namespace.nspname != %(nspname_1)s (base.py:1842)
2025-06-17 11:27:35 [    INFO] [cached since 0.05182s ago] {'table_name': 'rooms', 'param_1': 'r', 'param_2': 'p', 'param_3': 'f', 'param_4': 'v', 'param_5': 'm', 'nspname_1': 'pg_catalog'} (base.py:1842)
2025-06-17 11:27:35 [   DEBUG] Query eseguita in 0.01 secondi: SELECT pg_catalog.pg_class.relname 
FROM pg_catalog.pg_class JOIN pg_catalog.pg_namespace ON pg_catalog.pg_namespace.oid = pg_catalog.pg_class.relnamespace 
WHERE pg_catalog.pg_class.relname = %(table_name)s AND pg_catalog.pg_class.relkind = ANY (ARRAY[%(param_1)s, %(param_2)s, %(param_3)s, %(param_4)s, %(param_5)s]) AND pg_catalog.pg_table_is_visible(pg_catalog.pg_class.oid) AND pg_catalog.pg_namespace.nspname != %(nspname_1)s (session.py:30)
2025-06-17 11:27:35 [    INFO] SELECT pg_catalog.pg_class.relname 
FROM pg_catalog.pg_class JOIN pg_catalog.pg_namespace ON pg_catalog.pg_namespace.oid = pg_catalog.pg_class.relnamespace 
WHERE pg_catalog.pg_class.relname = %(table_name)s AND pg_catalog.pg_class.relkind = ANY (ARRAY[%(param_1)s, %(param_2)s, %(param_3)s, %(param_4)s, %(param_5)s]) AND pg_catalog.pg_table_is_visible(pg_catalog.pg_class.oid) AND pg_catalog.pg_namespace.nspname != %(nspname_1)s (base.py:1842)
2025-06-17 11:27:35 [    INFO] [cached since 0.0624s ago] {'table_name': 'bookings', 'param_1': 'r', 'param_2': 'p', 'param_3': 'f', 'param_4': 'v', 'param_5': 'm', 'nspname_1': 'pg_catalog'} (base.py:1842)
2025-06-17 11:27:35 [   DEBUG] Query eseguita in 0.01 secondi: SELECT pg_catalog.pg_class.relname 
FROM pg_catalog.pg_class JOIN pg_catalog.pg_namespace ON pg_catalog.pg_namespace.oid = pg_catalog.pg_class.relnamespace 
WHERE pg_catalog.pg_class.relname = %(table_name)s AND pg_catalog.pg_class.relkind = ANY (ARRAY[%(param_1)s, %(param_2)s, %(param_3)s, %(param_4)s, %(param_5)s]) AND pg_catalog.pg_table_is_visible(pg_catalog.pg_class.oid) AND pg_catalog.pg_namespace.nspname != %(nspname_1)s (session.py:30)
2025-06-17 11:27:35 [    INFO] SELECT pg_catalog.pg_class.relname 
FROM pg_catalog.pg_class JOIN pg_catalog.pg_namespace ON pg_catalog.pg_namespace.oid = pg_catalog.pg_class.relnamespace 
WHERE pg_catalog.pg_class.relname = %(table_name)s AND pg_catalog.pg_class.relkind = ANY (ARRAY[%(param_1)s, %(param_2)s, %(param_3)s, %(param_4)s, %(param_5)s]) AND pg_catalog.pg_table_is_visible(pg_catalog.pg_class.oid) AND pg_catalog.pg_namespace.nspname != %(nspname_1)s (base.py:1842)
2025-06-17 11:27:35 [    INFO] [cached since 0.06956s ago] {'table_name': 'maintenance_records', 'param_1': 'r', 'param_2': 'p', 'param_3': 'f', 'param_4': 'v', 'param_5': 'm', 'nspname_1': 'pg_catalog'} (base.py:1842)
2025-06-17 11:27:35 [   DEBUG] Query eseguita in 0.01 secondi: SELECT pg_catalog.pg_class.relname 
FROM pg_catalog.pg_class JOIN pg_catalog.pg_namespace ON pg_catalog.pg_namespace.oid = pg_catalog.pg_class.relnamespace 
WHERE pg_catalog.pg_class.relname = %(table_name)s AND pg_catalog.pg_class.relkind = ANY (ARRAY[%(param_1)s, %(param_2)s, %(param_3)s, %(param_4)s, %(param_5)s]) AND pg_catalog.pg_table_is_visible(pg_catalog.pg_class.oid) AND pg_catalog.pg_namespace.nspname != %(nspname_1)s (session.py:30)
2025-06-17 11:27:35 [    INFO] SELECT pg_catalog.pg_type.typname 
FROM pg_catalog.pg_type JOIN pg_catalog.pg_namespace ON pg_catalog.pg_namespace.oid = pg_catalog.pg_type.typnamespace 
WHERE pg_catalog.pg_type.typname = %(typname_1)s AND pg_catalog.pg_type_is_visible(pg_catalog.pg_type.oid) AND pg_catalog.pg_namespace.nspname != %(nspname_1)s (base.py:1842)
2025-06-17 11:27:35 [    INFO] [generated in 0.00137s] {'typname_1': 'maintenancetype', 'nspname_1': 'pg_catalog'} (base.py:1842)
2025-06-17 11:27:35 [   DEBUG] Query eseguita in 0.01 secondi: SELECT pg_catalog.pg_type.typname 
FROM pg_catalog.pg_type JOIN pg_catalog.pg_namespace ON pg_catalog.pg_namespace.oid = pg_catalog.pg_type.typnamespace 
WHERE pg_catalog.pg_type.typname = %(typname_1)s AND pg_catalog.pg_type_is_visible(pg_catalog.pg_type.oid) AND pg_catalog.pg_namespace.nspname != %(nspname_1)s (session.py:30)
2025-06-17 11:27:35 [    INFO] CREATE TYPE maintenancetype AS ENUM ('ROUTINE', 'PREVENTIVE', 'CORRECTIVE', 'EMERGENCY', 'INSPECTION') (base.py:1842)
2025-06-17 11:27:35 [    INFO] [no key 0.00339s] {} (base.py:1842)
2025-06-17 11:27:35 [   DEBUG] Query eseguita in 0.01 secondi: CREATE TYPE maintenancetype AS ENUM ('ROUTINE', 'PREVENTIVE', 'CORRECTIVE', 'EMERGENCY', 'INSPECTION') (session.py:30)
2025-06-17 11:27:35 [    INFO] SELECT pg_catalog.pg_type.typname 
FROM pg_catalog.pg_type JOIN pg_catalog.pg_namespace ON pg_catalog.pg_namespace.oid = pg_catalog.pg_type.typnamespace 
WHERE pg_catalog.pg_type.typname = %(typname_1)s AND pg_catalog.pg_type_is_visible(pg_catalog.pg_type.oid) AND pg_catalog.pg_namespace.nspname != %(nspname_1)s (base.py:1842)
2025-06-17 11:27:35 [    INFO] [cached since 0.03364s ago] {'typname_1': 'maintenancestatus', 'nspname_1': 'pg_catalog'} (base.py:1842)
2025-06-17 11:27:35 [   DEBUG] Query eseguita in 0.00 secondi: SELECT pg_catalog.pg_type.typname 
FROM pg_catalog.pg_type JOIN pg_catalog.pg_namespace ON pg_catalog.pg_namespace.oid = pg_catalog.pg_type.typnamespace 
WHERE pg_catalog.pg_type.typname = %(typname_1)s AND pg_catalog.pg_type_is_visible(pg_catalog.pg_type.oid) AND pg_catalog.pg_namespace.nspname != %(nspname_1)s (session.py:30)
2025-06-17 11:27:35 [    INFO] CREATE TYPE maintenancestatus AS ENUM ('PENDING', 'COMPLETED', 'FAILED') (base.py:1842)
2025-06-17 11:27:35 [    INFO] [no key 0.00169s] {} (base.py:1842)
2025-06-17 11:27:35 [   DEBUG] Query eseguita in 0.01 secondi: CREATE TYPE maintenancestatus AS ENUM ('PENDING', 'COMPLETED', 'FAILED') (session.py:30)
2025-06-17 11:27:35 [    INFO] 
CREATE TABLE "user" (
	id SERIAL NOT NULL, 
	email VARCHAR NOT NULL, 
	username VARCHAR NOT NULL, 
	hashed_password VARCHAR NOT NULL, 
	is_active BOOLEAN NOT NULL, 
	is_superuser BOOLEAN NOT NULL, 
	is_verified BOOLEAN NOT NULL, 
	created_at TIMESTAMP WITHOUT TIME ZONE NOT NULL, 
	updated_at TIMESTAMP WITHOUT TIME ZONE NOT NULL, 
	last_login TIMESTAMP WITH TIME ZONE, 
	full_name VARCHAR(255), 
	phone_number VARCHAR(20), 
	PRIMARY KEY (id)
)

 (base.py:1842)
2025-06-17 11:27:35 [    INFO] [no key 0.00316s] {} (base.py:1842)
2025-06-17 11:27:35 [   DEBUG] Query eseguita in 0.04 secondi: 
CREATE TABLE "user" (
	id SERIAL NOT NULL, 
	email VARCHAR NOT NULL, 
	username VARCHAR NOT NULL, 
	hashed_password VARCHAR NOT NULL, 
	is_active BOOLEAN NOT NULL, 
	is_superuser BOOLEAN NOT NULL, 
	is_verified BOOLEAN NOT NULL, 
	created_at TIMESTAMP WITHOUT TIME ZONE NOT NULL, 
	updated_at TIMESTAMP WITHOUT TIME ZONE NOT NULL, 
	last_login TIMESTAMP WITH TIME ZONE, 
	full_name VARCHAR(255), 
	phone_number VARCHAR(20), 
	PRIMARY KEY (id)
)

 (session.py:30)
2025-06-17 11:27:35 [    INFO] CREATE UNIQUE INDEX ix_user_email ON "user" (email) (base.py:1842)
2025-06-17 11:27:35 [    INFO] [no key 0.00070s] {} (base.py:1842)
2025-06-17 11:27:35 [   DEBUG] Query eseguita in 0.00 secondi: CREATE UNIQUE INDEX ix_user_email ON "user" (email) (session.py:30)
2025-06-17 11:27:35 [    INFO] CREATE UNIQUE INDEX ix_user_username ON "user" (username) (base.py:1842)
2025-06-17 11:27:35 [    INFO] [no key 0.00173s] {} (base.py:1842)
2025-06-17 11:27:35 [   DEBUG] Query eseguita in 0.01 secondi: CREATE UNIQUE INDEX ix_user_username ON "user" (username) (session.py:30)
2025-06-17 11:27:35 [    INFO] 
CREATE TABLE houses (
	id SERIAL NOT NULL, 
	name VARCHAR NOT NULL, 
	address VARCHAR NOT NULL, 
	owner_id INTEGER NOT NULL, 
	created_at TIMESTAMP WITHOUT TIME ZONE NOT NULL, 
	updated_at TIMESTAMP WITHOUT TIME ZONE NOT NULL, 
	PRIMARY KEY (id), 
	FOREIGN KEY(owner_id) REFERENCES "user" (id)
)

 (base.py:1842)
2025-06-17 11:27:35 [    INFO] [no key 0.00211s] {} (base.py:1842)
2025-06-17 11:27:35 [   DEBUG] Query eseguita in 0.04 secondi: 
CREATE TABLE houses (
	id SERIAL NOT NULL, 
	name VARCHAR NOT NULL, 
	address VARCHAR NOT NULL, 
	owner_id INTEGER NOT NULL, 
	created_at TIMESTAMP WITHOUT TIME ZONE NOT NULL, 
	updated_at TIMESTAMP WITHOUT TIME ZONE NOT NULL, 
	PRIMARY KEY (id), 
	FOREIGN KEY(owner_id) REFERENCES "user" (id)
)

 (session.py:30)
2025-06-17 11:27:35 [    INFO] CREATE INDEX ix_houses_name ON houses (name) (base.py:1842)
2025-06-17 11:27:35 [    INFO] [no key 0.00134s] {} (base.py:1842)
2025-06-17 11:27:35 [   DEBUG] Query eseguita in 0.01 secondi: CREATE INDEX ix_houses_name ON houses (name) (session.py:30)
2025-06-17 11:27:35 [    INFO] 
CREATE TABLE rooms (
	id SERIAL NOT NULL, 
	name VARCHAR NOT NULL, 
	description VARCHAR, 
	floor INTEGER NOT NULL, 
	area FLOAT NOT NULL, 
	house_id INTEGER NOT NULL, 
	created_at TIMESTAMP WITHOUT TIME ZONE NOT NULL, 
	updated_at TIMESTAMP WITHOUT TIME ZONE NOT NULL, 
	PRIMARY KEY (id), 
	FOREIGN KEY(house_id) REFERENCES houses (id)
)

 (base.py:1842)
2025-06-17 11:27:35 [    INFO] [no key 0.00148s] {} (base.py:1842)
2025-06-17 11:27:35 [   DEBUG] Query eseguita in 0.03 secondi: 
CREATE TABLE rooms (
	id SERIAL NOT NULL, 
	name VARCHAR NOT NULL, 
	description VARCHAR, 
	floor INTEGER NOT NULL, 
	area FLOAT NOT NULL, 
	house_id INTEGER NOT NULL, 
	created_at TIMESTAMP WITHOUT TIME ZONE NOT NULL, 
	updated_at TIMESTAMP WITHOUT TIME ZONE NOT NULL, 
	PRIMARY KEY (id), 
	FOREIGN KEY(house_id) REFERENCES houses (id)
)

 (session.py:30)
2025-06-17 11:27:35 [    INFO] CREATE INDEX ix_rooms_name ON rooms (name) (base.py:1842)
2025-06-17 11:27:36 [    INFO] [no key 0.00161s] {} (base.py:1842)
2025-06-17 11:27:36 [   DEBUG] Query eseguita in 0.01 secondi: CREATE INDEX ix_rooms_name ON rooms (name) (session.py:30)
2025-06-17 11:27:36 [    INFO] 
CREATE TABLE nodes (
	id SERIAL NOT NULL, 
	name VARCHAR NOT NULL, 
	description VARCHAR, 
	nfc_id VARCHAR NOT NULL, 
	house_id INTEGER NOT NULL, 
	room_id INTEGER, 
	PRIMARY KEY (id), 
	FOREIGN KEY(house_id) REFERENCES houses (id), 
	FOREIGN KEY(room_id) REFERENCES rooms (id)
)

 (base.py:1842)
2025-06-17 11:27:36 [    INFO] [no key 0.00124s] {} (base.py:1842)
2025-06-17 11:27:36 [   DEBUG] Query eseguita in 0.03 secondi: 
CREATE TABLE nodes (
	id SERIAL NOT NULL, 
	name VARCHAR NOT NULL, 
	description VARCHAR, 
	nfc_id VARCHAR NOT NULL, 
	house_id INTEGER NOT NULL, 
	room_id INTEGER, 
	PRIMARY KEY (id), 
	FOREIGN KEY(house_id) REFERENCES houses (id), 
	FOREIGN KEY(room_id) REFERENCES rooms (id)
)

 (session.py:30)
2025-06-17 11:27:36 [    INFO] CREATE UNIQUE INDEX ix_nodes_nfc_id ON nodes (nfc_id) (base.py:1842)
2025-06-17 11:27:36 [    INFO] [no key 0.00181s] {} (base.py:1842)
2025-06-17 11:27:36 [   DEBUG] Query eseguita in 0.01 secondi: CREATE UNIQUE INDEX ix_nodes_nfc_id ON nodes (nfc_id) (session.py:30)
2025-06-17 11:27:36 [    INFO] 
CREATE TABLE bookings (
	id SERIAL NOT NULL, 
	room_id INTEGER NOT NULL, 
	user_id INTEGER NOT NULL, 
	start_time TIMESTAMP WITHOUT TIME ZONE NOT NULL, 
	end_time TIMESTAMP WITHOUT TIME ZONE NOT NULL, 
	status VARCHAR NOT NULL, 
	notes VARCHAR, 
	created_at TIMESTAMP WITHOUT TIME ZONE NOT NULL, 
	updated_at TIMESTAMP WITHOUT TIME ZONE NOT NULL, 
	PRIMARY KEY (id), 
	FOREIGN KEY(room_id) REFERENCES rooms (id), 
	FOREIGN KEY(user_id) REFERENCES "user" (id)
)

 (base.py:1842)
2025-06-17 11:27:36 [    INFO] [no key 0.00231s] {} (base.py:1842)
2025-06-17 11:27:36 [   DEBUG] Query eseguita in 0.03 secondi: 
CREATE TABLE bookings (
	id SERIAL NOT NULL, 
	room_id INTEGER NOT NULL, 
	user_id INTEGER NOT NULL, 
	start_time TIMESTAMP WITHOUT TIME ZONE NOT NULL, 
	end_time TIMESTAMP WITHOUT TIME ZONE NOT NULL, 
	status VARCHAR NOT NULL, 
	notes VARCHAR, 
	created_at TIMESTAMP WITHOUT TIME ZONE NOT NULL, 
	updated_at TIMESTAMP WITHOUT TIME ZONE NOT NULL, 
	PRIMARY KEY (id), 
	FOREIGN KEY(room_id) REFERENCES rooms (id), 
	FOREIGN KEY(user_id) REFERENCES "user" (id)
)

 (session.py:30)
2025-06-17 11:27:36 [    INFO] 
CREATE TABLE documents (
	id SERIAL NOT NULL, 
	created_at TIMESTAMP WITHOUT TIME ZONE NOT NULL, 
	updated_at TIMESTAMP WITHOUT TIME ZONE NOT NULL, 
	owner_id INTEGER NOT NULL, 
	name VARCHAR NOT NULL, 
	type VARCHAR NOT NULL, 
	size INTEGER NOT NULL, 
	upload_date TIMESTAMP WITHOUT TIME ZONE NOT NULL, 
	path VARCHAR NOT NULL, 
	checksum VARCHAR NOT NULL, 
	house_id INTEGER, 
	node_id INTEGER, 
	description VARCHAR, 
	PRIMARY KEY (id), 
	FOREIGN KEY(owner_id) REFERENCES "user" (id), 
	FOREIGN KEY(house_id) REFERENCES houses (id), 
	FOREIGN KEY(node_id) REFERENCES nodes (id)
)

 (base.py:1842)
2025-06-17 11:27:36 [    INFO] [no key 0.00151s] {} (base.py:1842)
2025-06-17 11:27:36 [   DEBUG] Query eseguita in 0.04 secondi: 
CREATE TABLE documents (
	id SERIAL NOT NULL, 
	created_at TIMESTAMP WITHOUT TIME ZONE NOT NULL, 
	updated_at TIMESTAMP WITHOUT TIME ZONE NOT NULL, 
	owner_id INTEGER NOT NULL, 
	name VARCHAR NOT NULL, 
	type VARCHAR NOT NULL, 
	size INTEGER NOT NULL, 
	upload_date TIMESTAMP WITHOUT TIME ZONE NOT NULL, 
	path VARCHAR NOT NULL, 
	checksum VARCHAR NOT NULL, 
	house_id INTEGER, 
	node_id INTEGER, 
	description VARCHAR, 
	PRIMARY KEY (id), 
	FOREIGN KEY(owner_id) REFERENCES "user" (id), 
	FOREIGN KEY(house_id) REFERENCES houses (id), 
	FOREIGN KEY(node_id) REFERENCES nodes (id)
)

 (session.py:30)
2025-06-17 11:27:36 [    INFO] CREATE INDEX ix_documents_owner_id ON documents (owner_id) (base.py:1842)
2025-06-17 11:27:36 [    INFO] [no key 0.00077s] {} (base.py:1842)
2025-06-17 11:27:36 [   DEBUG] Query eseguita in 0.01 secondi: CREATE INDEX ix_documents_owner_id ON documents (owner_id) (session.py:30)
2025-06-17 11:27:36 [    INFO] 
CREATE TABLE document_versions (
	id SERIAL NOT NULL, 
	version_number INTEGER NOT NULL, 
	file_path VARCHAR NOT NULL, 
	file_size INTEGER NOT NULL, 
	checksum VARCHAR NOT NULL, 
	created_at TIMESTAMP WITHOUT TIME ZONE NOT NULL, 
	updated_at TIMESTAMP WITHOUT TIME ZONE NOT NULL, 
	document_id INTEGER NOT NULL, 
	created_by_id INTEGER, 
	PRIMARY KEY (id), 
	FOREIGN KEY(document_id) REFERENCES documents (id), 
	FOREIGN KEY(created_by_id) REFERENCES "user" (id)
)

 (base.py:1842)
2025-06-17 11:27:36 [    INFO] [no key 0.00103s] {} (base.py:1842)
2025-06-17 11:27:36 [   DEBUG] Query eseguita in 0.03 secondi: 
CREATE TABLE document_versions (
	id SERIAL NOT NULL, 
	version_number INTEGER NOT NULL, 
	file_path VARCHAR NOT NULL, 
	file_size INTEGER NOT NULL, 
	checksum VARCHAR NOT NULL, 
	created_at TIMESTAMP WITHOUT TIME ZONE NOT NULL, 
	updated_at TIMESTAMP WITHOUT TIME ZONE NOT NULL, 
	document_id INTEGER NOT NULL, 
	created_by_id INTEGER, 
	PRIMARY KEY (id), 
	FOREIGN KEY(document_id) REFERENCES documents (id), 
	FOREIGN KEY(created_by_id) REFERENCES "user" (id)
)

 (session.py:30)
2025-06-17 11:27:36 [    INFO] CREATE INDEX ix_document_versions_version_number ON document_versions (version_number) (base.py:1842)
2025-06-17 11:27:36 [    INFO] [no key 0.00075s] {} (base.py:1842)
2025-06-17 11:27:36 [   DEBUG] Query eseguita in 0.01 secondi: CREATE INDEX ix_document_versions_version_number ON document_versions (version_number) (session.py:30)
2025-06-17 11:27:36 [    INFO] CREATE INDEX ix_document_versions_created_by_id ON document_versions (created_by_id) (base.py:1842)
2025-06-17 11:27:36 [    INFO] [no key 0.00404s] {} (base.py:1842)
2025-06-17 11:27:36 [   DEBUG] Query eseguita in 0.01 secondi: CREATE INDEX ix_document_versions_created_by_id ON document_versions (created_by_id) (session.py:30)
2025-06-17 11:27:36 [    INFO] CREATE INDEX ix_document_versions_document_id ON document_versions (document_id) (base.py:1842)
2025-06-17 11:27:36 [    INFO] [no key 0.00225s] {} (base.py:1842)
2025-06-17 11:27:36 [   DEBUG] Query eseguita in 0.01 secondi: CREATE INDEX ix_document_versions_document_id ON document_versions (document_id) (session.py:30)
2025-06-17 11:27:36 [    INFO] 
CREATE TABLE maintenance_records (
	id SERIAL NOT NULL, 
	node_id INTEGER NOT NULL, 
	timestamp TIMESTAMP WITHOUT TIME ZONE NOT NULL, 
	maintenance_type maintenancetype NOT NULL, 
	description VARCHAR NOT NULL, 
	status maintenancestatus NOT NULL, 
	notes VARCHAR, 
	document_id INTEGER, 
	PRIMARY KEY (id), 
	FOREIGN KEY(node_id) REFERENCES nodes (id), 
	FOREIGN KEY(document_id) REFERENCES documents (id)
)

 (base.py:1842)
2025-06-17 11:27:36 [    INFO] [no key 0.00262s] {} (base.py:1842)
2025-06-17 11:27:36 [   DEBUG] Query eseguita in 0.03 secondi: 
CREATE TABLE maintenance_records (
	id SERIAL NOT NULL, 
	node_id INTEGER NOT NULL, 
	timestamp TIMESTAMP WITHOUT TIME ZONE NOT NULL, 
	maintenance_type maintenancetype NOT NULL, 
	description VARCHAR NOT NULL, 
	status maintenancestatus NOT NULL, 
	notes VARCHAR, 
	document_id INTEGER, 
	PRIMARY KEY (id), 
	FOREIGN KEY(node_id) REFERENCES nodes (id), 
	FOREIGN KEY(document_id) REFERENCES documents (id)
)

 (session.py:30)
2025-06-17 11:27:36 [    INFO] CREATE INDEX ix_maintenance_records_node_id ON maintenance_records (node_id) (base.py:1842)
2025-06-17 11:27:36 [    INFO] [no key 0.00202s] {} (base.py:1842)
2025-06-17 11:27:36 [   DEBUG] Query eseguita in 0.01 secondi: CREATE INDEX ix_maintenance_records_node_id ON maintenance_records (node_id) (session.py:30)
2025-06-17 11:27:36 [    INFO] COMMIT (base.py:2704)
2025-06-17 11:27:36 [   DEBUG] Test database tables created successfully (test_users.py:52)
2025-06-17 11:27:36 [   DEBUG] Test database session created successfully (test_users.py:55)
2025-06-17 11:27:36 [   DEBUG] Overriding get_session for tests... (conftest.py:269)
2025-06-17 11:27:36 [   DEBUG] Setting up FakeRedis for tests... (conftest_redis.py:18)
2025-06-17 11:27:36 [   DEBUG] Connessione Redis stabilita con successo (redis.py:24)
-------------------------------- live log call --------------------------------
2025-06-17 11:27:36 [   DEBUG] Using proactor: IocpProactor (proactor_events.py:631)
2025-06-17 11:27:36 [    INFO] BEGIN (implicit) (base.py:2698)
2025-06-17 11:27:36 [    INFO] SELECT "user".id AS user_id, "user".email AS user_email, "user".username AS user_username, "user".hashed_password AS user_hashed_password, "user".is_active AS user_is_active, "user".is_superuser AS user_is_superuser, "user".is_verified AS user_is_verified, "user".created_at AS user_created_at, "user".updated_at AS user_updated_at, "user".last_login AS user_last_login, "user".full_name AS user_full_name, "user".phone_number AS user_phone_number 
FROM "user" 
WHERE "user".email = %(email_1)s 
 LIMIT %(param_1)s (base.py:1842)
2025-06-17 11:27:36 [    INFO] [generated in 0.00258s] {'email_1': 'woodsemily@example.net', 'param_1': 1} (base.py:1842)
2025-06-17 11:27:36 [   DEBUG] Query eseguita in 0.01 secondi: SELECT "user".id AS user_id, "user".email AS user_email, "user".username AS user_username, "user".hashed_password AS user_hashed_password, "user".is_active AS user_is_active, "user".is_superuser AS user_is_superuser, "user".is_verified AS user_is_verified, "user".created_at AS user_created_at, "user".updated_at AS user_updated_at, "user".last_login AS user_last_login, "user".full_name AS user_full_name, "user".phone_number AS user_phone_number 
FROM "user" 
WHERE "user".email = %(email_1)s 
 LIMIT %(param_1)s (session.py:30)
2025-06-17 11:27:37 [    INFO] INSERT INTO "user" (email, username, hashed_password, is_active, is_superuser, is_verified, created_at, updated_at, last_login, full_name, phone_number) VALUES (%(email)s, %(username)s, %(hashed_password)s, %(is_active)s, %(is_superuser)s, %(is_verified)s, %(created_at)s, %(updated_at)s, %(last_login)s, %(full_name)s, %(phone_number)s) RETURNING "user".id (base.py:1842)
2025-06-17 11:27:37 [    INFO] [generated in 0.01374s] {'email': 'woodsemily@example.net', 'username': 'heather95', 'hashed_password': '$2b$12$eEmuoMpJ8TMwePEsvwLCxuQcAEdYw/TCC6vpjI.Vs8CSxWSYVzPZq', 'is_active': True, 'is_superuser': False, 'is_verified': False, 'created_at': datetime.datetime(2025, 6, 17, 9, 27, 37, 351743, tzinfo=datetime.timezone.utc), 'updated_at': datetime.datetime(2025, 6, 17, 9, 27, 37, 351907, tzinfo=datetime.timezone.utc), 'last_login': None, 'full_name': 'Sergio Washington', 'phone_number': None} (base.py:1842)
2025-06-17 11:27:37 [   DEBUG] Query eseguita in 0.03 secondi: INSERT INTO "user" (email, username, hashed_password, is_active, is_superuser, is_verified, created_at, updated_at, last_login, full_name, phone_number) VALUES (%(email)s, %(username)s, %(hashed_password)s, %(is_active)s, %(is_superuser)s, %(is_verified)s, %(created_at)s, %(updated_at)s, %(last_login)s, %(full_name)s, %(phone_number)s) RETURNING "user".id (session.py:30)
2025-06-17 11:27:37 [    INFO] COMMIT (base.py:2704)
2025-06-17 11:27:37 [    INFO] BEGIN (implicit) (base.py:2698)
2025-06-17 11:27:37 [    INFO] SELECT "user".id, "user".email, "user".username, "user".hashed_password, "user".is_active, "user".is_superuser, "user".is_verified, "user".created_at, "user".updated_at, "user".last_login, "user".full_name, "user".phone_number 
FROM "user" 
WHERE "user".id = %(pk_1)s (base.py:1842)
2025-06-17 11:27:37 [    INFO] [generated in 0.00257s] {'pk_1': 1} (base.py:1842)
2025-06-17 11:27:37 [   DEBUG] Query eseguita in 0.01 secondi: SELECT "user".id, "user".email, "user".username, "user".hashed_password, "user".is_active, "user".is_superuser, "user".is_verified, "user".created_at, "user".updated_at, "user".last_login, "user".full_name, "user".phone_number 
FROM "user" 
WHERE "user".id = %(pk_1)s (session.py:30)
2025-06-17 11:27:37 [    INFO] HTTP Request: POST http://testserver/api/v1/auth/register "HTTP/1.1 201 Created" (_client.py:1025)
PASSED                                                                   [  8%]
------------------------------ live log teardown ------------------------------
2025-06-17 11:27:37 [   DEBUG] Restored original Redis client (conftest_redis.py:29)
2025-06-17 11:27:37 [   DEBUG] get_session override cleared (conftest.py:275)
2025-06-17 11:27:37 [   DEBUG] Cleaning up test database session... (test_users.py:57)
2025-06-17 11:27:37 [    INFO] ROLLBACK (base.py:2701)
2025-06-17 11:27:37 [    INFO] BEGIN (implicit) (base.py:2698)
2025-06-17 11:27:37 [    INFO] DROP SCHEMA public CASCADE (base.py:1842)
2025-06-17 11:27:37 [    INFO] [generated in 0.00748s] {} (base.py:1842)
2025-06-17 11:27:37 [   DEBUG] Query eseguita in 0.23 secondi: DROP SCHEMA public CASCADE (session.py:30)
2025-06-17 11:27:37 [    INFO] CREATE SCHEMA public (base.py:1842)
2025-06-17 11:27:37 [    INFO] [generated in 0.00236s] {} (base.py:1842)
2025-06-17 11:27:37 [   DEBUG] Query eseguita in 0.01 secondi: CREATE SCHEMA public (session.py:30)
2025-06-17 11:27:37 [    INFO] COMMIT (base.py:2704)
2025-06-17 11:27:38 [   DEBUG] Test database cleanup completed (test_users.py:63)
2025-06-17 11:27:38 [   DEBUG] Session fixture completed in 2.71 seconds (test_users.py:68)

tests/api/test_users.py::test_create_user_missing_required_fields 
------------------------------- live log setup --------------------------------
2025-06-17 11:27:38 [   DEBUG] Setting up test database session... (test_users.py:38)
2025-06-17 11:27:38 [    INFO] select pg_catalog.version() (base.py:1842)
2025-06-17 11:27:38 [    INFO] [raw sql] {} (base.py:1842)
2025-06-17 11:27:38 [    INFO] select current_schema() (base.py:1842)
2025-06-17 11:27:38 [    INFO] [raw sql] {} (base.py:1842)
2025-06-17 11:27:38 [    INFO] show standard_conforming_strings (base.py:1842)
2025-06-17 11:27:38 [    INFO] [raw sql] {} (base.py:1842)
2025-06-17 11:27:38 [    INFO] BEGIN (implicit) (base.py:2698)
2025-06-17 11:27:38 [    INFO] SELECT pg_catalog.pg_class.relname 
FROM pg_catalog.pg_class JOIN pg_catalog.pg_namespace ON pg_catalog.pg_namespace.oid = pg_catalog.pg_class.relnamespace 
WHERE pg_catalog.pg_class.relname = %(table_name)s AND pg_catalog.pg_class.relkind = ANY (ARRAY[%(param_1)s, %(param_2)s, %(param_3)s, %(param_4)s, %(param_5)s]) AND pg_catalog.pg_table_is_visible(pg_catalog.pg_class.oid) AND pg_catalog.pg_namespace.nspname != %(nspname_1)s (base.py:1842)
2025-06-17 11:27:38 [    INFO] [generated in 0.00412s] {'table_name': 'user', 'param_1': 'r', 'param_2': 'p', 'param_3': 'f', 'param_4': 'v', 'param_5': 'm', 'nspname_1': 'pg_catalog'} (base.py:1842)
2025-06-17 11:27:38 [   DEBUG] Query eseguita in 0.02 secondi: SELECT pg_catalog.pg_class.relname 
FROM pg_catalog.pg_class JOIN pg_catalog.pg_namespace ON pg_catalog.pg_namespace.oid = pg_catalog.pg_class.relnamespace 
WHERE pg_catalog.pg_class.relname = %(table_name)s AND pg_catalog.pg_class.relkind = ANY (ARRAY[%(param_1)s, %(param_2)s, %(param_3)s, %(param_4)s, %(param_5)s]) AND pg_catalog.pg_table_is_visible(pg_catalog.pg_class.oid) AND pg_catalog.pg_namespace.nspname != %(nspname_1)s (session.py:30)
2025-06-17 11:27:38 [    INFO] SELECT pg_catalog.pg_class.relname 
FROM pg_catalog.pg_class JOIN pg_catalog.pg_namespace ON pg_catalog.pg_namespace.oid = pg_catalog.pg_class.relnamespace 
WHERE pg_catalog.pg_class.relname = %(table_name)s AND pg_catalog.pg_class.relkind = ANY (ARRAY[%(param_1)s, %(param_2)s, %(param_3)s, %(param_4)s, %(param_5)s]) AND pg_catalog.pg_table_is_visible(pg_catalog.pg_class.oid) AND pg_catalog.pg_namespace.nspname != %(nspname_1)s (base.py:1842)
2025-06-17 11:27:38 [    INFO] [cached since 0.02913s ago] {'table_name': 'documents', 'param_1': 'r', 'param_2': 'p', 'param_3': 'f', 'param_4': 'v', 'param_5': 'm', 'nspname_1': 'pg_catalog'} (base.py:1842)
2025-06-17 11:27:38 [   DEBUG] Query eseguita in 0.01 secondi: SELECT pg_catalog.pg_class.relname 
FROM pg_catalog.pg_class JOIN pg_catalog.pg_namespace ON pg_catalog.pg_namespace.oid = pg_catalog.pg_class.relnamespace 
WHERE pg_catalog.pg_class.relname = %(table_name)s AND pg_catalog.pg_class.relkind = ANY (ARRAY[%(param_1)s, %(param_2)s, %(param_3)s, %(param_4)s, %(param_5)s]) AND pg_catalog.pg_table_is_visible(pg_catalog.pg_class.oid) AND pg_catalog.pg_namespace.nspname != %(nspname_1)s (session.py:30)
2025-06-17 11:27:38 [    INFO] SELECT pg_catalog.pg_class.relname 
FROM pg_catalog.pg_class JOIN pg_catalog.pg_namespace ON pg_catalog.pg_namespace.oid = pg_catalog.pg_class.relnamespace 
WHERE pg_catalog.pg_class.relname = %(table_name)s AND pg_catalog.pg_class.relkind = ANY (ARRAY[%(param_1)s, %(param_2)s, %(param_3)s, %(param_4)s, %(param_5)s]) AND pg_catalog.pg_table_is_visible(pg_catalog.pg_class.oid) AND pg_catalog.pg_namespace.nspname != %(nspname_1)s (base.py:1842)
2025-06-17 11:27:38 [    INFO] [cached since 0.03889s ago] {'table_name': 'document_versions', 'param_1': 'r', 'param_2': 'p', 'param_3': 'f', 'param_4': 'v', 'param_5': 'm', 'nspname_1': 'pg_catalog'} (base.py:1842)
2025-06-17 11:27:38 [   DEBUG] Query eseguita in 0.01 secondi: SELECT pg_catalog.pg_class.relname 
FROM pg_catalog.pg_class JOIN pg_catalog.pg_namespace ON pg_catalog.pg_namespace.oid = pg_catalog.pg_class.relnamespace 
WHERE pg_catalog.pg_class.relname = %(table_name)s AND pg_catalog.pg_class.relkind = ANY (ARRAY[%(param_1)s, %(param_2)s, %(param_3)s, %(param_4)s, %(param_5)s]) AND pg_catalog.pg_table_is_visible(pg_catalog.pg_class.oid) AND pg_catalog.pg_namespace.nspname != %(nspname_1)s (session.py:30)
2025-06-17 11:27:38 [    INFO] SELECT pg_catalog.pg_class.relname 
FROM pg_catalog.pg_class JOIN pg_catalog.pg_namespace ON pg_catalog.pg_namespace.oid = pg_catalog.pg_class.relnamespace 
WHERE pg_catalog.pg_class.relname = %(table_name)s AND pg_catalog.pg_class.relkind = ANY (ARRAY[%(param_1)s, %(param_2)s, %(param_3)s, %(param_4)s, %(param_5)s]) AND pg_catalog.pg_table_is_visible(pg_catalog.pg_class.oid) AND pg_catalog.pg_namespace.nspname != %(nspname_1)s (base.py:1842)
2025-06-17 11:27:38 [    INFO] [cached since 0.04909s ago] {'table_name': 'houses', 'param_1': 'r', 'param_2': 'p', 'param_3': 'f', 'param_4': 'v', 'param_5': 'm', 'nspname_1': 'pg_catalog'} (base.py:1842)
2025-06-17 11:27:38 [   DEBUG] Query eseguita in 0.01 secondi: SELECT pg_catalog.pg_class.relname 
FROM pg_catalog.pg_class JOIN pg_catalog.pg_namespace ON pg_catalog.pg_namespace.oid = pg_catalog.pg_class.relnamespace 
WHERE pg_catalog.pg_class.relname = %(table_name)s AND pg_catalog.pg_class.relkind = ANY (ARRAY[%(param_1)s, %(param_2)s, %(param_3)s, %(param_4)s, %(param_5)s]) AND pg_catalog.pg_table_is_visible(pg_catalog.pg_class.oid) AND pg_catalog.pg_namespace.nspname != %(nspname_1)s (session.py:30)
2025-06-17 11:27:38 [    INFO] SELECT pg_catalog.pg_class.relname 
FROM pg_catalog.pg_class JOIN pg_catalog.pg_namespace ON pg_catalog.pg_namespace.oid = pg_catalog.pg_class.relnamespace 
WHERE pg_catalog.pg_class.relname = %(table_name)s AND pg_catalog.pg_class.relkind = ANY (ARRAY[%(param_1)s, %(param_2)s, %(param_3)s, %(param_4)s, %(param_5)s]) AND pg_catalog.pg_table_is_visible(pg_catalog.pg_class.oid) AND pg_catalog.pg_namespace.nspname != %(nspname_1)s (base.py:1842)
2025-06-17 11:27:38 [    INFO] [cached since 0.06173s ago] {'table_name': 'nodes', 'param_1': 'r', 'param_2': 'p', 'param_3': 'f', 'param_4': 'v', 'param_5': 'm', 'nspname_1': 'pg_catalog'} (base.py:1842)
2025-06-17 11:27:38 [   DEBUG] Query eseguita in 0.01 secondi: SELECT pg_catalog.pg_class.relname 
FROM pg_catalog.pg_class JOIN pg_catalog.pg_namespace ON pg_catalog.pg_namespace.oid = pg_catalog.pg_class.relnamespace 
WHERE pg_catalog.pg_class.relname = %(table_name)s AND pg_catalog.pg_class.relkind = ANY (ARRAY[%(param_1)s, %(param_2)s, %(param_3)s, %(param_4)s, %(param_5)s]) AND pg_catalog.pg_table_is_visible(pg_catalog.pg_class.oid) AND pg_catalog.pg_namespace.nspname != %(nspname_1)s (session.py:30)
2025-06-17 11:27:38 [    INFO] SELECT pg_catalog.pg_class.relname 
FROM pg_catalog.pg_class JOIN pg_catalog.pg_namespace ON pg_catalog.pg_namespace.oid = pg_catalog.pg_class.relnamespace 
WHERE pg_catalog.pg_class.relname = %(table_name)s AND pg_catalog.pg_class.relkind = ANY (ARRAY[%(param_1)s, %(param_2)s, %(param_3)s, %(param_4)s, %(param_5)s]) AND pg_catalog.pg_table_is_visible(pg_catalog.pg_class.oid) AND pg_catalog.pg_namespace.nspname != %(nspname_1)s (base.py:1842)
2025-06-17 11:27:38 [    INFO] [cached since 0.06757s ago] {'table_name': 'rooms', 'param_1': 'r', 'param_2': 'p', 'param_3': 'f', 'param_4': 'v', 'param_5': 'm', 'nspname_1': 'pg_catalog'} (base.py:1842)
2025-06-17 11:27:38 [   DEBUG] Query eseguita in 0.01 secondi: SELECT pg_catalog.pg_class.relname 
FROM pg_catalog.pg_class JOIN pg_catalog.pg_namespace ON pg_catalog.pg_namespace.oid = pg_catalog.pg_class.relnamespace 
WHERE pg_catalog.pg_class.relname = %(table_name)s AND pg_catalog.pg_class.relkind = ANY (ARRAY[%(param_1)s, %(param_2)s, %(param_3)s, %(param_4)s, %(param_5)s]) AND pg_catalog.pg_table_is_visible(pg_catalog.pg_class.oid) AND pg_catalog.pg_namespace.nspname != %(nspname_1)s (session.py:30)
2025-06-17 11:27:38 [    INFO] SELECT pg_catalog.pg_class.relname 
FROM pg_catalog.pg_class JOIN pg_catalog.pg_namespace ON pg_catalog.pg_namespace.oid = pg_catalog.pg_class.relnamespace 
WHERE pg_catalog.pg_class.relname = %(table_name)s AND pg_catalog.pg_class.relkind = ANY (ARRAY[%(param_1)s, %(param_2)s, %(param_3)s, %(param_4)s, %(param_5)s]) AND pg_catalog.pg_table_is_visible(pg_catalog.pg_class.oid) AND pg_catalog.pg_namespace.nspname != %(nspname_1)s (base.py:1842)
2025-06-17 11:27:38 [    INFO] [cached since 0.08012s ago] {'table_name': 'bookings', 'param_1': 'r', 'param_2': 'p', 'param_3': 'f', 'param_4': 'v', 'param_5': 'm', 'nspname_1': 'pg_catalog'} (base.py:1842)
2025-06-17 11:27:38 [   DEBUG] Query eseguita in 0.00 secondi: SELECT pg_catalog.pg_class.relname 
FROM pg_catalog.pg_class JOIN pg_catalog.pg_namespace ON pg_catalog.pg_namespace.oid = pg_catalog.pg_class.relnamespace 
WHERE pg_catalog.pg_class.relname = %(table_name)s AND pg_catalog.pg_class.relkind = ANY (ARRAY[%(param_1)s, %(param_2)s, %(param_3)s, %(param_4)s, %(param_5)s]) AND pg_catalog.pg_table_is_visible(pg_catalog.pg_class.oid) AND pg_catalog.pg_namespace.nspname != %(nspname_1)s (session.py:30)
2025-06-17 11:27:38 [    INFO] SELECT pg_catalog.pg_class.relname 
FROM pg_catalog.pg_class JOIN pg_catalog.pg_namespace ON pg_catalog.pg_namespace.oid = pg_catalog.pg_class.relnamespace 
WHERE pg_catalog.pg_class.relname = %(table_name)s AND pg_catalog.pg_class.relkind = ANY (ARRAY[%(param_1)s, %(param_2)s, %(param_3)s, %(param_4)s, %(param_5)s]) AND pg_catalog.pg_table_is_visible(pg_catalog.pg_class.oid) AND pg_catalog.pg_namespace.nspname != %(nspname_1)s (base.py:1842)
2025-06-17 11:27:38 [    INFO] [cached since 0.08695s ago] {'table_name': 'maintenance_records', 'param_1': 'r', 'param_2': 'p', 'param_3': 'f', 'param_4': 'v', 'param_5': 'm', 'nspname_1': 'pg_catalog'} (base.py:1842)
2025-06-17 11:27:38 [   DEBUG] Query eseguita in 0.01 secondi: SELECT pg_catalog.pg_class.relname 
FROM pg_catalog.pg_class JOIN pg_catalog.pg_namespace ON pg_catalog.pg_namespace.oid = pg_catalog.pg_class.relnamespace 
WHERE pg_catalog.pg_class.relname = %(table_name)s AND pg_catalog.pg_class.relkind = ANY (ARRAY[%(param_1)s, %(param_2)s, %(param_3)s, %(param_4)s, %(param_5)s]) AND pg_catalog.pg_table_is_visible(pg_catalog.pg_class.oid) AND pg_catalog.pg_namespace.nspname != %(nspname_1)s (session.py:30)
2025-06-17 11:27:38 [    INFO] SELECT pg_catalog.pg_type.typname 
FROM pg_catalog.pg_type JOIN pg_catalog.pg_namespace ON pg_catalog.pg_namespace.oid = pg_catalog.pg_type.typnamespace 
WHERE pg_catalog.pg_type.typname = %(typname_1)s AND pg_catalog.pg_type_is_visible(pg_catalog.pg_type.oid) AND pg_catalog.pg_namespace.nspname != %(nspname_1)s (base.py:1842)
2025-06-17 11:27:38 [    INFO] [generated in 0.00391s] {'typname_1': 'maintenancetype', 'nspname_1': 'pg_catalog'} (base.py:1842)
2025-06-17 11:27:38 [   DEBUG] Query eseguita in 0.01 secondi: SELECT pg_catalog.pg_type.typname 
FROM pg_catalog.pg_type JOIN pg_catalog.pg_namespace ON pg_catalog.pg_namespace.oid = pg_catalog.pg_type.typnamespace 
WHERE pg_catalog.pg_type.typname = %(typname_1)s AND pg_catalog.pg_type_is_visible(pg_catalog.pg_type.oid) AND pg_catalog.pg_namespace.nspname != %(nspname_1)s (session.py:30)
2025-06-17 11:27:38 [    INFO] CREATE TYPE maintenancetype AS ENUM ('ROUTINE', 'PREVENTIVE', 'CORRECTIVE', 'EMERGENCY', 'INSPECTION') (base.py:1842)
2025-06-17 11:27:38 [    INFO] [no key 0.00078s] {} (base.py:1842)
2025-06-17 11:27:38 [   DEBUG] Query eseguita in 0.01 secondi: CREATE TYPE maintenancetype AS ENUM ('ROUTINE', 'PREVENTIVE', 'CORRECTIVE', 'EMERGENCY', 'INSPECTION') (session.py:30)
2025-06-17 11:27:38 [    INFO] SELECT pg_catalog.pg_type.typname 
FROM pg_catalog.pg_type JOIN pg_catalog.pg_namespace ON pg_catalog.pg_namespace.oid = pg_catalog.pg_type.typnamespace 
WHERE pg_catalog.pg_type.typname = %(typname_1)s AND pg_catalog.pg_type_is_visible(pg_catalog.pg_type.oid) AND pg_catalog.pg_namespace.nspname != %(nspname_1)s (base.py:1842)
2025-06-17 11:27:38 [    INFO] [cached since 0.03689s ago] {'typname_1': 'maintenancestatus', 'nspname_1': 'pg_catalog'} (base.py:1842)
2025-06-17 11:27:38 [   DEBUG] Query eseguita in 0.01 secondi: SELECT pg_catalog.pg_type.typname 
FROM pg_catalog.pg_type JOIN pg_catalog.pg_namespace ON pg_catalog.pg_namespace.oid = pg_catalog.pg_type.typnamespace 
WHERE pg_catalog.pg_type.typname = %(typname_1)s AND pg_catalog.pg_type_is_visible(pg_catalog.pg_type.oid) AND pg_catalog.pg_namespace.nspname != %(nspname_1)s (session.py:30)
2025-06-17 11:27:38 [    INFO] CREATE TYPE maintenancestatus AS ENUM ('PENDING', 'COMPLETED', 'FAILED') (base.py:1842)
2025-06-17 11:27:38 [    INFO] [no key 0.00207s] {} (base.py:1842)
2025-06-17 11:27:38 [   DEBUG] Query eseguita in 0.01 secondi: CREATE TYPE maintenancestatus AS ENUM ('PENDING', 'COMPLETED', 'FAILED') (session.py:30)
2025-06-17 11:27:38 [    INFO] 
CREATE TABLE "user" (
	id SERIAL NOT NULL, 
	email VARCHAR NOT NULL, 
	username VARCHAR NOT NULL, 
	hashed_password VARCHAR NOT NULL, 
	is_active BOOLEAN NOT NULL, 
	is_superuser BOOLEAN NOT NULL, 
	is_verified BOOLEAN NOT NULL, 
	created_at TIMESTAMP WITHOUT TIME ZONE NOT NULL, 
	updated_at TIMESTAMP WITHOUT TIME ZONE NOT NULL, 
	last_login TIMESTAMP WITH TIME ZONE, 
	full_name VARCHAR(255), 
	phone_number VARCHAR(20), 
	PRIMARY KEY (id)
)

 (base.py:1842)
2025-06-17 11:27:38 [    INFO] [no key 0.00101s] {} (base.py:1842)
2025-06-17 11:27:38 [   DEBUG] Query eseguita in 0.04 secondi: 
CREATE TABLE "user" (
	id SERIAL NOT NULL, 
	email VARCHAR NOT NULL, 
	username VARCHAR NOT NULL, 
	hashed_password VARCHAR NOT NULL, 
	is_active BOOLEAN NOT NULL, 
	is_superuser BOOLEAN NOT NULL, 
	is_verified BOOLEAN NOT NULL, 
	created_at TIMESTAMP WITHOUT TIME ZONE NOT NULL, 
	updated_at TIMESTAMP WITHOUT TIME ZONE NOT NULL, 
	last_login TIMESTAMP WITH TIME ZONE, 
	full_name VARCHAR(255), 
	phone_number VARCHAR(20), 
	PRIMARY KEY (id)
)

 (session.py:30)
2025-06-17 11:27:38 [    INFO] CREATE UNIQUE INDEX ix_user_email ON "user" (email) (base.py:1842)
2025-06-17 11:27:38 [    INFO] [no key 0.00259s] {} (base.py:1842)
2025-06-17 11:27:38 [   DEBUG] Query eseguita in 0.01 secondi: CREATE UNIQUE INDEX ix_user_email ON "user" (email) (session.py:30)
2025-06-17 11:27:38 [    INFO] CREATE UNIQUE INDEX ix_user_username ON "user" (username) (base.py:1842)
2025-06-17 11:27:38 [    INFO] [no key 0.00481s] {} (base.py:1842)
2025-06-17 11:27:38 [   DEBUG] Query eseguita in 0.02 secondi: CREATE UNIQUE INDEX ix_user_username ON "user" (username) (session.py:30)
2025-06-17 11:27:38 [    INFO] 
CREATE TABLE houses (
	id SERIAL NOT NULL, 
	name VARCHAR NOT NULL, 
	address VARCHAR NOT NULL, 
	owner_id INTEGER NOT NULL, 
	created_at TIMESTAMP WITHOUT TIME ZONE NOT NULL, 
	updated_at TIMESTAMP WITHOUT TIME ZONE NOT NULL, 
	PRIMARY KEY (id), 
	FOREIGN KEY(owner_id) REFERENCES "user" (id)
)

 (base.py:1842)
2025-06-17 11:27:38 [    INFO] [no key 0.00127s] {} (base.py:1842)
2025-06-17 11:27:38 [   DEBUG] Query eseguita in 0.04 secondi: 
CREATE TABLE houses (
	id SERIAL NOT NULL, 
	name VARCHAR NOT NULL, 
	address VARCHAR NOT NULL, 
	owner_id INTEGER NOT NULL, 
	created_at TIMESTAMP WITHOUT TIME ZONE NOT NULL, 
	updated_at TIMESTAMP WITHOUT TIME ZONE NOT NULL, 
	PRIMARY KEY (id), 
	FOREIGN KEY(owner_id) REFERENCES "user" (id)
)

 (session.py:30)
2025-06-17 11:27:38 [    INFO] CREATE INDEX ix_houses_name ON houses (name) (base.py:1842)
2025-06-17 11:27:38 [    INFO] [no key 0.00218s] {} (base.py:1842)
2025-06-17 11:27:38 [   DEBUG] Query eseguita in 0.01 secondi: CREATE INDEX ix_houses_name ON houses (name) (session.py:30)
2025-06-17 11:27:38 [    INFO] 
CREATE TABLE rooms (
	id SERIAL NOT NULL, 
	name VARCHAR NOT NULL, 
	description VARCHAR, 
	floor INTEGER NOT NULL, 
	area FLOAT NOT NULL, 
	house_id INTEGER NOT NULL, 
	created_at TIMESTAMP WITHOUT TIME ZONE NOT NULL, 
	updated_at TIMESTAMP WITHOUT TIME ZONE NOT NULL, 
	PRIMARY KEY (id), 
	FOREIGN KEY(house_id) REFERENCES houses (id)
)

 (base.py:1842)
2025-06-17 11:27:38 [    INFO] [no key 0.00099s] {} (base.py:1842)
2025-06-17 11:27:38 [   DEBUG] Query eseguita in 0.03 secondi: 
CREATE TABLE rooms (
	id SERIAL NOT NULL, 
	name VARCHAR NOT NULL, 
	description VARCHAR, 
	floor INTEGER NOT NULL, 
	area FLOAT NOT NULL, 
	house_id INTEGER NOT NULL, 
	created_at TIMESTAMP WITHOUT TIME ZONE NOT NULL, 
	updated_at TIMESTAMP WITHOUT TIME ZONE NOT NULL, 
	PRIMARY KEY (id), 
	FOREIGN KEY(house_id) REFERENCES houses (id)
)

 (session.py:30)
2025-06-17 11:27:38 [    INFO] CREATE INDEX ix_rooms_name ON rooms (name) (base.py:1842)
2025-06-17 11:27:38 [    INFO] [no key 0.00094s] {} (base.py:1842)
2025-06-17 11:27:38 [   DEBUG] Query eseguita in 0.01 secondi: CREATE INDEX ix_rooms_name ON rooms (name) (session.py:30)
2025-06-17 11:27:38 [    INFO] 
CREATE TABLE nodes (
	id SERIAL NOT NULL, 
	name VARCHAR NOT NULL, 
	description VARCHAR, 
	nfc_id VARCHAR NOT NULL, 
	house_id INTEGER NOT NULL, 
	room_id INTEGER, 
	PRIMARY KEY (id), 
	FOREIGN KEY(house_id) REFERENCES houses (id), 
	FOREIGN KEY(room_id) REFERENCES rooms (id)
)

 (base.py:1842)
2025-06-17 11:27:38 [    INFO] [no key 0.00284s] {} (base.py:1842)
2025-06-17 11:27:39 [   DEBUG] Query eseguita in 0.04 secondi: 
CREATE TABLE nodes (
	id SERIAL NOT NULL, 
	name VARCHAR NOT NULL, 
	description VARCHAR, 
	nfc_id VARCHAR NOT NULL, 
	house_id INTEGER NOT NULL, 
	room_id INTEGER, 
	PRIMARY KEY (id), 
	FOREIGN KEY(house_id) REFERENCES houses (id), 
	FOREIGN KEY(room_id) REFERENCES rooms (id)
)

 (session.py:30)
2025-06-17 11:27:39 [    INFO] CREATE UNIQUE INDEX ix_nodes_nfc_id ON nodes (nfc_id) (base.py:1842)
2025-06-17 11:27:39 [    INFO] [no key 0.00281s] {} (base.py:1842)
2025-06-17 11:27:39 [   DEBUG] Query eseguita in 0.01 secondi: CREATE UNIQUE INDEX ix_nodes_nfc_id ON nodes (nfc_id) (session.py:30)
2025-06-17 11:27:39 [    INFO] 
CREATE TABLE bookings (
	id SERIAL NOT NULL, 
	room_id INTEGER NOT NULL, 
	user_id INTEGER NOT NULL, 
	start_time TIMESTAMP WITHOUT TIME ZONE NOT NULL, 
	end_time TIMESTAMP WITHOUT TIME ZONE NOT NULL, 
	status VARCHAR NOT NULL, 
	notes VARCHAR, 
	created_at TIMESTAMP WITHOUT TIME ZONE NOT NULL, 
	updated_at TIMESTAMP WITHOUT TIME ZONE NOT NULL, 
	PRIMARY KEY (id), 
	FOREIGN KEY(room_id) REFERENCES rooms (id), 
	FOREIGN KEY(user_id) REFERENCES "user" (id)
)

 (base.py:1842)
2025-06-17 11:27:39 [    INFO] [no key 0.01090s] {} (base.py:1842)
2025-06-17 11:27:39 [   DEBUG] Query eseguita in 0.05 secondi: 
CREATE TABLE bookings (
	id SERIAL NOT NULL, 
	room_id INTEGER NOT NULL, 
	user_id INTEGER NOT NULL, 
	start_time TIMESTAMP WITHOUT TIME ZONE NOT NULL, 
	end_time TIMESTAMP WITHOUT TIME ZONE NOT NULL, 
	status VARCHAR NOT NULL, 
	notes VARCHAR, 
	created_at TIMESTAMP WITHOUT TIME ZONE NOT NULL, 
	updated_at TIMESTAMP WITHOUT TIME ZONE NOT NULL, 
	PRIMARY KEY (id), 
	FOREIGN KEY(room_id) REFERENCES rooms (id), 
	FOREIGN KEY(user_id) REFERENCES "user" (id)
)

 (session.py:30)
2025-06-17 11:27:39 [    INFO] 
CREATE TABLE documents (
	id SERIAL NOT NULL, 
	created_at TIMESTAMP WITHOUT TIME ZONE NOT NULL, 
	updated_at TIMESTAMP WITHOUT TIME ZONE NOT NULL, 
	owner_id INTEGER NOT NULL, 
	name VARCHAR NOT NULL, 
	type VARCHAR NOT NULL, 
	size INTEGER NOT NULL, 
	upload_date TIMESTAMP WITHOUT TIME ZONE NOT NULL, 
	path VARCHAR NOT NULL, 
	checksum VARCHAR NOT NULL, 
	house_id INTEGER, 
	node_id INTEGER, 
	description VARCHAR, 
	PRIMARY KEY (id), 
	FOREIGN KEY(owner_id) REFERENCES "user" (id), 
	FOREIGN KEY(house_id) REFERENCES houses (id), 
	FOREIGN KEY(node_id) REFERENCES nodes (id)
)

 (base.py:1842)
2025-06-17 11:27:39 [    INFO] [no key 0.00387s] {} (base.py:1842)
2025-06-17 11:27:39 [   DEBUG] Query eseguita in 0.05 secondi: 
CREATE TABLE documents (
	id SERIAL NOT NULL, 
	created_at TIMESTAMP WITHOUT TIME ZONE NOT NULL, 
	updated_at TIMESTAMP WITHOUT TIME ZONE NOT NULL, 
	owner_id INTEGER NOT NULL, 
	name VARCHAR NOT NULL, 
	type VARCHAR NOT NULL, 
	size INTEGER NOT NULL, 
	upload_date TIMESTAMP WITHOUT TIME ZONE NOT NULL, 
	path VARCHAR NOT NULL, 
	checksum VARCHAR NOT NULL, 
	house_id INTEGER, 
	node_id INTEGER, 
	description VARCHAR, 
	PRIMARY KEY (id), 
	FOREIGN KEY(owner_id) REFERENCES "user" (id), 
	FOREIGN KEY(house_id) REFERENCES houses (id), 
	FOREIGN KEY(node_id) REFERENCES nodes (id)
)

 (session.py:30)
2025-06-17 11:27:39 [    INFO] CREATE INDEX ix_documents_owner_id ON documents (owner_id) (base.py:1842)
2025-06-17 11:27:39 [    INFO] [no key 0.00083s] {} (base.py:1842)
2025-06-17 11:27:39 [   DEBUG] Query eseguita in 0.01 secondi: CREATE INDEX ix_documents_owner_id ON documents (owner_id) (session.py:30)
2025-06-17 11:27:39 [    INFO] 
CREATE TABLE document_versions (
	id SERIAL NOT NULL, 
	version_number INTEGER NOT NULL, 
	file_path VARCHAR NOT NULL, 
	file_size INTEGER NOT NULL, 
	checksum VARCHAR NOT NULL, 
	created_at TIMESTAMP WITHOUT TIME ZONE NOT NULL, 
	updated_at TIMESTAMP WITHOUT TIME ZONE NOT NULL, 
	document_id INTEGER NOT NULL, 
	created_by_id INTEGER, 
	PRIMARY KEY (id), 
	FOREIGN KEY(document_id) REFERENCES documents (id), 
	FOREIGN KEY(created_by_id) REFERENCES "user" (id)
)

 (base.py:1842)
2025-06-17 11:27:39 [    INFO] [no key 0.00190s] {} (base.py:1842)
2025-06-17 11:27:39 [   DEBUG] Query eseguita in 0.04 secondi: 
CREATE TABLE document_versions (
	id SERIAL NOT NULL, 
	version_number INTEGER NOT NULL, 
	file_path VARCHAR NOT NULL, 
	file_size INTEGER NOT NULL, 
	checksum VARCHAR NOT NULL, 
	created_at TIMESTAMP WITHOUT TIME ZONE NOT NULL, 
	updated_at TIMESTAMP WITHOUT TIME ZONE NOT NULL, 
	document_id INTEGER NOT NULL, 
	created_by_id INTEGER, 
	PRIMARY KEY (id), 
	FOREIGN KEY(document_id) REFERENCES documents (id), 
	FOREIGN KEY(created_by_id) REFERENCES "user" (id)
)

 (session.py:30)
2025-06-17 11:27:39 [    INFO] CREATE INDEX ix_document_versions_version_number ON document_versions (version_number) (base.py:1842)
2025-06-17 11:27:39 [    INFO] [no key 0.00129s] {} (base.py:1842)
2025-06-17 11:27:39 [   DEBUG] Query eseguita in 0.01 secondi: CREATE INDEX ix_document_versions_version_number ON document_versions (version_number) (session.py:30)
2025-06-17 11:27:39 [    INFO] CREATE INDEX ix_document_versions_created_by_id ON document_versions (created_by_id) (base.py:1842)
2025-06-17 11:27:39 [    INFO] [no key 0.00148s] {} (base.py:1842)
2025-06-17 11:27:39 [   DEBUG] Query eseguita in 0.01 secondi: CREATE INDEX ix_document_versions_created_by_id ON document_versions (created_by_id) (session.py:30)
2025-06-17 11:27:39 [    INFO] CREATE INDEX ix_document_versions_document_id ON document_versions (document_id) (base.py:1842)
2025-06-17 11:27:39 [    INFO] [no key 0.00079s] {} (base.py:1842)
2025-06-17 11:27:39 [   DEBUG] Query eseguita in 0.01 secondi: CREATE INDEX ix_document_versions_document_id ON document_versions (document_id) (session.py:30)
2025-06-17 11:27:39 [    INFO] 
CREATE TABLE maintenance_records (
	id SERIAL NOT NULL, 
	node_id INTEGER NOT NULL, 
	timestamp TIMESTAMP WITHOUT TIME ZONE NOT NULL, 
	maintenance_type maintenancetype NOT NULL, 
	description VARCHAR NOT NULL, 
	status maintenancestatus NOT NULL, 
	notes VARCHAR, 
	document_id INTEGER, 
	PRIMARY KEY (id), 
	FOREIGN KEY(node_id) REFERENCES nodes (id), 
	FOREIGN KEY(document_id) REFERENCES documents (id)
)

 (base.py:1842)
2025-06-17 11:27:39 [    INFO] [no key 0.00185s] {} (base.py:1842)
2025-06-17 11:27:39 [   DEBUG] Query eseguita in 0.03 secondi: 
CREATE TABLE maintenance_records (
	id SERIAL NOT NULL, 
	node_id INTEGER NOT NULL, 
	timestamp TIMESTAMP WITHOUT TIME ZONE NOT NULL, 
	maintenance_type maintenancetype NOT NULL, 
	description VARCHAR NOT NULL, 
	status maintenancestatus NOT NULL, 
	notes VARCHAR, 
	document_id INTEGER, 
	PRIMARY KEY (id), 
	FOREIGN KEY(node_id) REFERENCES nodes (id), 
	FOREIGN KEY(document_id) REFERENCES documents (id)
)

 (session.py:30)
2025-06-17 11:27:39 [    INFO] CREATE INDEX ix_maintenance_records_node_id ON maintenance_records (node_id) (base.py:1842)
2025-06-17 11:27:39 [    INFO] [no key 0.00188s] {} (base.py:1842)
2025-06-17 11:27:39 [   DEBUG] Query eseguita in 0.01 secondi: CREATE INDEX ix_maintenance_records_node_id ON maintenance_records (node_id) (session.py:30)
2025-06-17 11:27:39 [    INFO] COMMIT (base.py:2704)
2025-06-17 11:27:39 [   DEBUG] Test database tables created successfully (test_users.py:52)
2025-06-17 11:27:39 [   DEBUG] Test database session created successfully (test_users.py:55)
2025-06-17 11:27:39 [   DEBUG] Overriding get_session for tests... (conftest.py:269)
2025-06-17 11:27:39 [   DEBUG] Setting up FakeRedis for tests... (conftest_redis.py:18)
2025-06-17 11:27:39 [   DEBUG] Connessione Redis stabilita con successo (redis.py:24)
-------------------------------- live log call --------------------------------
2025-06-17 11:27:39 [   DEBUG] Using proactor: IocpProactor (proactor_events.py:631)
2025-06-17 11:27:39 [    INFO] HTTP Request: POST http://testserver/api/v1/auth/register "HTTP/1.1 422 Unprocessable Entity" (_client.py:1025)
2025-06-17 11:27:39 [   DEBUG] Using proactor: IocpProactor (proactor_events.py:631)
2025-06-17 11:27:39 [    INFO] HTTP Request: POST http://testserver/api/v1/auth/register "HTTP/1.1 422 Unprocessable Entity" (_client.py:1025)
FAILED                                                                   [ 10%]
------------------------------ live log teardown ------------------------------
2025-06-17 11:27:39 [   DEBUG] Restored original Redis client (conftest_redis.py:29)
2025-06-17 11:27:39 [   DEBUG] get_session override cleared (conftest.py:275)
2025-06-17 11:27:39 [   DEBUG] Cleaning up test database session... (test_users.py:57)
2025-06-17 11:27:39 [    INFO] BEGIN (implicit) (base.py:2698)
2025-06-17 11:27:39 [    INFO] DROP SCHEMA public CASCADE (base.py:1842)
2025-06-17 11:27:39 [    INFO] [generated in 0.00444s] {} (base.py:1842)
2025-06-17 11:27:39 [   DEBUG] Query eseguita in 0.11 secondi: DROP SCHEMA public CASCADE (session.py:30)
2025-06-17 11:27:39 [    INFO] CREATE SCHEMA public (base.py:1842)
2025-06-17 11:27:39 [    INFO] [generated in 0.00233s] {} (base.py:1842)
2025-06-17 11:27:39 [   DEBUG] Query eseguita in 0.01 secondi: CREATE SCHEMA public (session.py:30)
2025-06-17 11:27:39 [    INFO] COMMIT (base.py:2704)
2025-06-17 11:27:40 [   DEBUG] Test database cleanup completed (test_users.py:63)
2025-06-17 11:27:40 [   DEBUG] Session fixture completed in 2.02 seconds (test_users.py:68)

tests/api/test_users.py::test_create_user_invalid_email[notanemail] 
------------------------------- live log setup --------------------------------
2025-06-17 11:27:40 [   DEBUG] Setting up test database session... (test_users.py:38)
2025-06-17 11:27:40 [    INFO] select pg_catalog.version() (base.py:1842)
2025-06-17 11:27:40 [    INFO] [raw sql] {} (base.py:1842)
2025-06-17 11:27:40 [    INFO] select current_schema() (base.py:1842)
2025-06-17 11:27:40 [    INFO] [raw sql] {} (base.py:1842)
2025-06-17 11:27:40 [    INFO] show standard_conforming_strings (base.py:1842)
2025-06-17 11:27:40 [    INFO] [raw sql] {} (base.py:1842)
2025-06-17 11:27:40 [    INFO] BEGIN (implicit) (base.py:2698)
2025-06-17 11:27:40 [    INFO] SELECT pg_catalog.pg_class.relname 
FROM pg_catalog.pg_class JOIN pg_catalog.pg_namespace ON pg_catalog.pg_namespace.oid = pg_catalog.pg_class.relnamespace 
WHERE pg_catalog.pg_class.relname = %(table_name)s AND pg_catalog.pg_class.relkind = ANY (ARRAY[%(param_1)s, %(param_2)s, %(param_3)s, %(param_4)s, %(param_5)s]) AND pg_catalog.pg_table_is_visible(pg_catalog.pg_class.oid) AND pg_catalog.pg_namespace.nspname != %(nspname_1)s (base.py:1842)
2025-06-17 11:27:40 [    INFO] [generated in 0.00103s] {'table_name': 'user', 'param_1': 'r', 'param_2': 'p', 'param_3': 'f', 'param_4': 'v', 'param_5': 'm', 'nspname_1': 'pg_catalog'} (base.py:1842)
2025-06-17 11:27:40 [   DEBUG] Query eseguita in 0.02 secondi: SELECT pg_catalog.pg_class.relname 
FROM pg_catalog.pg_class JOIN pg_catalog.pg_namespace ON pg_catalog.pg_namespace.oid = pg_catalog.pg_class.relnamespace 
WHERE pg_catalog.pg_class.relname = %(table_name)s AND pg_catalog.pg_class.relkind = ANY (ARRAY[%(param_1)s, %(param_2)s, %(param_3)s, %(param_4)s, %(param_5)s]) AND pg_catalog.pg_table_is_visible(pg_catalog.pg_class.oid) AND pg_catalog.pg_namespace.nspname != %(nspname_1)s (session.py:30)
2025-06-17 11:27:40 [    INFO] SELECT pg_catalog.pg_class.relname 
FROM pg_catalog.pg_class JOIN pg_catalog.pg_namespace ON pg_catalog.pg_namespace.oid = pg_catalog.pg_class.relnamespace 
WHERE pg_catalog.pg_class.relname = %(table_name)s AND pg_catalog.pg_class.relkind = ANY (ARRAY[%(param_1)s, %(param_2)s, %(param_3)s, %(param_4)s, %(param_5)s]) AND pg_catalog.pg_table_is_visible(pg_catalog.pg_class.oid) AND pg_catalog.pg_namespace.nspname != %(nspname_1)s (base.py:1842)
2025-06-17 11:27:40 [    INFO] [cached since 0.02013s ago] {'table_name': 'documents', 'param_1': 'r', 'param_2': 'p', 'param_3': 'f', 'param_4': 'v', 'param_5': 'm', 'nspname_1': 'pg_catalog'} (base.py:1842)
2025-06-17 11:27:40 [   DEBUG] Query eseguita in 0.01 secondi: SELECT pg_catalog.pg_class.relname 
FROM pg_catalog.pg_class JOIN pg_catalog.pg_namespace ON pg_catalog.pg_namespace.oid = pg_catalog.pg_class.relnamespace 
WHERE pg_catalog.pg_class.relname = %(table_name)s AND pg_catalog.pg_class.relkind = ANY (ARRAY[%(param_1)s, %(param_2)s, %(param_3)s, %(param_4)s, %(param_5)s]) AND pg_catalog.pg_table_is_visible(pg_catalog.pg_class.oid) AND pg_catalog.pg_namespace.nspname != %(nspname_1)s (session.py:30)
2025-06-17 11:27:40 [    INFO] SELECT pg_catalog.pg_class.relname 
FROM pg_catalog.pg_class JOIN pg_catalog.pg_namespace ON pg_catalog.pg_namespace.oid = pg_catalog.pg_class.relnamespace 
WHERE pg_catalog.pg_class.relname = %(table_name)s AND pg_catalog.pg_class.relkind = ANY (ARRAY[%(param_1)s, %(param_2)s, %(param_3)s, %(param_4)s, %(param_5)s]) AND pg_catalog.pg_table_is_visible(pg_catalog.pg_class.oid) AND pg_catalog.pg_namespace.nspname != %(nspname_1)s (base.py:1842)
2025-06-17 11:27:40 [    INFO] [cached since 0.03216s ago] {'table_name': 'document_versions', 'param_1': 'r', 'param_2': 'p', 'param_3': 'f', 'param_4': 'v', 'param_5': 'm', 'nspname_1': 'pg_catalog'} (base.py:1842)
2025-06-17 11:27:40 [   DEBUG] Query eseguita in 0.01 secondi: SELECT pg_catalog.pg_class.relname 
FROM pg_catalog.pg_class JOIN pg_catalog.pg_namespace ON pg_catalog.pg_namespace.oid = pg_catalog.pg_class.relnamespace 
WHERE pg_catalog.pg_class.relname = %(table_name)s AND pg_catalog.pg_class.relkind = ANY (ARRAY[%(param_1)s, %(param_2)s, %(param_3)s, %(param_4)s, %(param_5)s]) AND pg_catalog.pg_table_is_visible(pg_catalog.pg_class.oid) AND pg_catalog.pg_namespace.nspname != %(nspname_1)s (session.py:30)
2025-06-17 11:27:40 [    INFO] SELECT pg_catalog.pg_class.relname 
FROM pg_catalog.pg_class JOIN pg_catalog.pg_namespace ON pg_catalog.pg_namespace.oid = pg_catalog.pg_class.relnamespace 
WHERE pg_catalog.pg_class.relname = %(table_name)s AND pg_catalog.pg_class.relkind = ANY (ARRAY[%(param_1)s, %(param_2)s, %(param_3)s, %(param_4)s, %(param_5)s]) AND pg_catalog.pg_table_is_visible(pg_catalog.pg_class.oid) AND pg_catalog.pg_namespace.nspname != %(nspname_1)s (base.py:1842)
2025-06-17 11:27:40 [    INFO] [cached since 0.03931s ago] {'table_name': 'houses', 'param_1': 'r', 'param_2': 'p', 'param_3': 'f', 'param_4': 'v', 'param_5': 'm', 'nspname_1': 'pg_catalog'} (base.py:1842)
2025-06-17 11:27:40 [   DEBUG] Query eseguita in 0.01 secondi: SELECT pg_catalog.pg_class.relname 
FROM pg_catalog.pg_class JOIN pg_catalog.pg_namespace ON pg_catalog.pg_namespace.oid = pg_catalog.pg_class.relnamespace 
WHERE pg_catalog.pg_class.relname = %(table_name)s AND pg_catalog.pg_class.relkind = ANY (ARRAY[%(param_1)s, %(param_2)s, %(param_3)s, %(param_4)s, %(param_5)s]) AND pg_catalog.pg_table_is_visible(pg_catalog.pg_class.oid) AND pg_catalog.pg_namespace.nspname != %(nspname_1)s (session.py:30)
2025-06-17 11:27:40 [    INFO] SELECT pg_catalog.pg_class.relname 
FROM pg_catalog.pg_class JOIN pg_catalog.pg_namespace ON pg_catalog.pg_namespace.oid = pg_catalog.pg_class.relnamespace 
WHERE pg_catalog.pg_class.relname = %(table_name)s AND pg_catalog.pg_class.relkind = ANY (ARRAY[%(param_1)s, %(param_2)s, %(param_3)s, %(param_4)s, %(param_5)s]) AND pg_catalog.pg_table_is_visible(pg_catalog.pg_class.oid) AND pg_catalog.pg_namespace.nspname != %(nspname_1)s (base.py:1842)
2025-06-17 11:27:40 [    INFO] [cached since 0.04977s ago] {'table_name': 'nodes', 'param_1': 'r', 'param_2': 'p', 'param_3': 'f', 'param_4': 'v', 'param_5': 'm', 'nspname_1': 'pg_catalog'} (base.py:1842)
2025-06-17 11:27:40 [   DEBUG] Query eseguita in 0.00 secondi: SELECT pg_catalog.pg_class.relname 
FROM pg_catalog.pg_class JOIN pg_catalog.pg_namespace ON pg_catalog.pg_namespace.oid = pg_catalog.pg_class.relnamespace 
WHERE pg_catalog.pg_class.relname = %(table_name)s AND pg_catalog.pg_class.relkind = ANY (ARRAY[%(param_1)s, %(param_2)s, %(param_3)s, %(param_4)s, %(param_5)s]) AND pg_catalog.pg_table_is_visible(pg_catalog.pg_class.oid) AND pg_catalog.pg_namespace.nspname != %(nspname_1)s (session.py:30)
2025-06-17 11:27:40 [    INFO] SELECT pg_catalog.pg_class.relname 
FROM pg_catalog.pg_class JOIN pg_catalog.pg_namespace ON pg_catalog.pg_namespace.oid = pg_catalog.pg_class.relnamespace 
WHERE pg_catalog.pg_class.relname = %(table_name)s AND pg_catalog.pg_class.relkind = ANY (ARRAY[%(param_1)s, %(param_2)s, %(param_3)s, %(param_4)s, %(param_5)s]) AND pg_catalog.pg_table_is_visible(pg_catalog.pg_class.oid) AND pg_catalog.pg_namespace.nspname != %(nspname_1)s (base.py:1842)
2025-06-17 11:27:40 [    INFO] [cached since 0.05885s ago] {'table_name': 'rooms', 'param_1': 'r', 'param_2': 'p', 'param_3': 'f', 'param_4': 'v', 'param_5': 'm', 'nspname_1': 'pg_catalog'} (base.py:1842)
2025-06-17 11:27:40 [   DEBUG] Query eseguita in 0.01 secondi: SELECT pg_catalog.pg_class.relname 
FROM pg_catalog.pg_class JOIN pg_catalog.pg_namespace ON pg_catalog.pg_namespace.oid = pg_catalog.pg_class.relnamespace 
WHERE pg_catalog.pg_class.relname = %(table_name)s AND pg_catalog.pg_class.relkind = ANY (ARRAY[%(param_1)s, %(param_2)s, %(param_3)s, %(param_4)s, %(param_5)s]) AND pg_catalog.pg_table_is_visible(pg_catalog.pg_class.oid) AND pg_catalog.pg_namespace.nspname != %(nspname_1)s (session.py:30)
2025-06-17 11:27:40 [    INFO] SELECT pg_catalog.pg_class.relname 
FROM pg_catalog.pg_class JOIN pg_catalog.pg_namespace ON pg_catalog.pg_namespace.oid = pg_catalog.pg_class.relnamespace 
WHERE pg_catalog.pg_class.relname = %(table_name)s AND pg_catalog.pg_class.relkind = ANY (ARRAY[%(param_1)s, %(param_2)s, %(param_3)s, %(param_4)s, %(param_5)s]) AND pg_catalog.pg_table_is_visible(pg_catalog.pg_class.oid) AND pg_catalog.pg_namespace.nspname != %(nspname_1)s (base.py:1842)
2025-06-17 11:27:40 [    INFO] [cached since 0.06813s ago] {'table_name': 'bookings', 'param_1': 'r', 'param_2': 'p', 'param_3': 'f', 'param_4': 'v', 'param_5': 'm', 'nspname_1': 'pg_catalog'} (base.py:1842)
2025-06-17 11:27:40 [   DEBUG] Query eseguita in 0.00 secondi: SELECT pg_catalog.pg_class.relname 
FROM pg_catalog.pg_class JOIN pg_catalog.pg_namespace ON pg_catalog.pg_namespace.oid = pg_catalog.pg_class.relnamespace 
WHERE pg_catalog.pg_class.relname = %(table_name)s AND pg_catalog.pg_class.relkind = ANY (ARRAY[%(param_1)s, %(param_2)s, %(param_3)s, %(param_4)s, %(param_5)s]) AND pg_catalog.pg_table_is_visible(pg_catalog.pg_class.oid) AND pg_catalog.pg_namespace.nspname != %(nspname_1)s (session.py:30)
2025-06-17 11:27:40 [    INFO] SELECT pg_catalog.pg_class.relname 
FROM pg_catalog.pg_class JOIN pg_catalog.pg_namespace ON pg_catalog.pg_namespace.oid = pg_catalog.pg_class.relnamespace 
WHERE pg_catalog.pg_class.relname = %(table_name)s AND pg_catalog.pg_class.relkind = ANY (ARRAY[%(param_1)s, %(param_2)s, %(param_3)s, %(param_4)s, %(param_5)s]) AND pg_catalog.pg_table_is_visible(pg_catalog.pg_class.oid) AND pg_catalog.pg_namespace.nspname != %(nspname_1)s (base.py:1842)
2025-06-17 11:27:40 [    INFO] [cached since 0.07615s ago] {'table_name': 'maintenance_records', 'param_1': 'r', 'param_2': 'p', 'param_3': 'f', 'param_4': 'v', 'param_5': 'm', 'nspname_1': 'pg_catalog'} (base.py:1842)
2025-06-17 11:27:40 [   DEBUG] Query eseguita in 0.01 secondi: SELECT pg_catalog.pg_class.relname 
FROM pg_catalog.pg_class JOIN pg_catalog.pg_namespace ON pg_catalog.pg_namespace.oid = pg_catalog.pg_class.relnamespace 
WHERE pg_catalog.pg_class.relname = %(table_name)s AND pg_catalog.pg_class.relkind = ANY (ARRAY[%(param_1)s, %(param_2)s, %(param_3)s, %(param_4)s, %(param_5)s]) AND pg_catalog.pg_table_is_visible(pg_catalog.pg_class.oid) AND pg_catalog.pg_namespace.nspname != %(nspname_1)s (session.py:30)
2025-06-17 11:27:40 [    INFO] SELECT pg_catalog.pg_type.typname 
FROM pg_catalog.pg_type JOIN pg_catalog.pg_namespace ON pg_catalog.pg_namespace.oid = pg_catalog.pg_type.typnamespace 
WHERE pg_catalog.pg_type.typname = %(typname_1)s AND pg_catalog.pg_type_is_visible(pg_catalog.pg_type.oid) AND pg_catalog.pg_namespace.nspname != %(nspname_1)s (base.py:1842)
2025-06-17 11:27:40 [    INFO] [generated in 0.00164s] {'typname_1': 'maintenancetype', 'nspname_1': 'pg_catalog'} (base.py:1842)
2025-06-17 11:27:40 [   DEBUG] Query eseguita in 0.01 secondi: SELECT pg_catalog.pg_type.typname 
FROM pg_catalog.pg_type JOIN pg_catalog.pg_namespace ON pg_catalog.pg_namespace.oid = pg_catalog.pg_type.typnamespace 
WHERE pg_catalog.pg_type.typname = %(typname_1)s AND pg_catalog.pg_type_is_visible(pg_catalog.pg_type.oid) AND pg_catalog.pg_namespace.nspname != %(nspname_1)s (session.py:30)
2025-06-17 11:27:40 [    INFO] CREATE TYPE maintenancetype AS ENUM ('ROUTINE', 'PREVENTIVE', 'CORRECTIVE', 'EMERGENCY', 'INSPECTION') (base.py:1842)
2025-06-17 11:27:40 [    INFO] [no key 0.00089s] {} (base.py:1842)
2025-06-17 11:27:40 [   DEBUG] Query eseguita in 0.01 secondi: CREATE TYPE maintenancetype AS ENUM ('ROUTINE', 'PREVENTIVE', 'CORRECTIVE', 'EMERGENCY', 'INSPECTION') (session.py:30)
2025-06-17 11:27:40 [    INFO] SELECT pg_catalog.pg_type.typname 
FROM pg_catalog.pg_type JOIN pg_catalog.pg_namespace ON pg_catalog.pg_namespace.oid = pg_catalog.pg_type.typnamespace 
WHERE pg_catalog.pg_type.typname = %(typname_1)s AND pg_catalog.pg_type_is_visible(pg_catalog.pg_type.oid) AND pg_catalog.pg_namespace.nspname != %(nspname_1)s (base.py:1842)
2025-06-17 11:27:40 [    INFO] [cached since 0.02726s ago] {'typname_1': 'maintenancestatus', 'nspname_1': 'pg_catalog'} (base.py:1842)
2025-06-17 11:27:40 [   DEBUG] Query eseguita in 0.00 secondi: SELECT pg_catalog.pg_type.typname 
FROM pg_catalog.pg_type JOIN pg_catalog.pg_namespace ON pg_catalog.pg_namespace.oid = pg_catalog.pg_type.typnamespace 
WHERE pg_catalog.pg_type.typname = %(typname_1)s AND pg_catalog.pg_type_is_visible(pg_catalog.pg_type.oid) AND pg_catalog.pg_namespace.nspname != %(nspname_1)s (session.py:30)
2025-06-17 11:27:40 [    INFO] CREATE TYPE maintenancestatus AS ENUM ('PENDING', 'COMPLETED', 'FAILED') (base.py:1842)
2025-06-17 11:27:40 [    INFO] [no key 0.00167s] {} (base.py:1842)
2025-06-17 11:27:40 [   DEBUG] Query eseguita in 0.01 secondi: CREATE TYPE maintenancestatus AS ENUM ('PENDING', 'COMPLETED', 'FAILED') (session.py:30)
2025-06-17 11:27:40 [    INFO] 
CREATE TABLE "user" (
	id SERIAL NOT NULL, 
	email VARCHAR NOT NULL, 
	username VARCHAR NOT NULL, 
	hashed_password VARCHAR NOT NULL, 
	is_active BOOLEAN NOT NULL, 
	is_superuser BOOLEAN NOT NULL, 
	is_verified BOOLEAN NOT NULL, 
	created_at TIMESTAMP WITHOUT TIME ZONE NOT NULL, 
	updated_at TIMESTAMP WITHOUT TIME ZONE NOT NULL, 
	last_login TIMESTAMP WITH TIME ZONE, 
	full_name VARCHAR(255), 
	phone_number VARCHAR(20), 
	PRIMARY KEY (id)
)

 (base.py:1842)
2025-06-17 11:27:40 [    INFO] [no key 0.00306s] {} (base.py:1842)
2025-06-17 11:27:40 [   DEBUG] Query eseguita in 0.04 secondi: 
CREATE TABLE "user" (
	id SERIAL NOT NULL, 
	email VARCHAR NOT NULL, 
	username VARCHAR NOT NULL, 
	hashed_password VARCHAR NOT NULL, 
	is_active BOOLEAN NOT NULL, 
	is_superuser BOOLEAN NOT NULL, 
	is_verified BOOLEAN NOT NULL, 
	created_at TIMESTAMP WITHOUT TIME ZONE NOT NULL, 
	updated_at TIMESTAMP WITHOUT TIME ZONE NOT NULL, 
	last_login TIMESTAMP WITH TIME ZONE, 
	full_name VARCHAR(255), 
	phone_number VARCHAR(20), 
	PRIMARY KEY (id)
)

 (session.py:30)
2025-06-17 11:27:40 [    INFO] CREATE UNIQUE INDEX ix_user_email ON "user" (email) (base.py:1842)
2025-06-17 11:27:40 [    INFO] [no key 0.00086s] {} (base.py:1842)
2025-06-17 11:27:40 [   DEBUG] Query eseguita in 0.01 secondi: CREATE UNIQUE INDEX ix_user_email ON "user" (email) (session.py:30)
2025-06-17 11:27:40 [    INFO] CREATE UNIQUE INDEX ix_user_username ON "user" (username) (base.py:1842)
2025-06-17 11:27:40 [    INFO] [no key 0.00193s] {} (base.py:1842)
2025-06-17 11:27:40 [   DEBUG] Query eseguita in 0.01 secondi: CREATE UNIQUE INDEX ix_user_username ON "user" (username) (session.py:30)
2025-06-17 11:27:40 [    INFO] 
CREATE TABLE houses (
	id SERIAL NOT NULL, 
	name VARCHAR NOT NULL, 
	address VARCHAR NOT NULL, 
	owner_id INTEGER NOT NULL, 
	created_at TIMESTAMP WITHOUT TIME ZONE NOT NULL, 
	updated_at TIMESTAMP WITHOUT TIME ZONE NOT NULL, 
	PRIMARY KEY (id), 
	FOREIGN KEY(owner_id) REFERENCES "user" (id)
)

 (base.py:1842)
2025-06-17 11:27:40 [    INFO] [no key 0.00486s] {} (base.py:1842)
2025-06-17 11:27:40 [   DEBUG] Query eseguita in 0.04 secondi: 
CREATE TABLE houses (
	id SERIAL NOT NULL, 
	name VARCHAR NOT NULL, 
	address VARCHAR NOT NULL, 
	owner_id INTEGER NOT NULL, 
	created_at TIMESTAMP WITHOUT TIME ZONE NOT NULL, 
	updated_at TIMESTAMP WITHOUT TIME ZONE NOT NULL, 
	PRIMARY KEY (id), 
	FOREIGN KEY(owner_id) REFERENCES "user" (id)
)

 (session.py:30)
2025-06-17 11:27:40 [    INFO] CREATE INDEX ix_houses_name ON houses (name) (base.py:1842)
2025-06-17 11:27:40 [    INFO] [no key 0.00138s] {} (base.py:1842)
2025-06-17 11:27:40 [   DEBUG] Query eseguita in 0.01 secondi: CREATE INDEX ix_houses_name ON houses (name) (session.py:30)
2025-06-17 11:27:40 [    INFO] 
CREATE TABLE rooms (
	id SERIAL NOT NULL, 
	name VARCHAR NOT NULL, 
	description VARCHAR, 
	floor INTEGER NOT NULL, 
	area FLOAT NOT NULL, 
	house_id INTEGER NOT NULL, 
	created_at TIMESTAMP WITHOUT TIME ZONE NOT NULL, 
	updated_at TIMESTAMP WITHOUT TIME ZONE NOT NULL, 
	PRIMARY KEY (id), 
	FOREIGN KEY(house_id) REFERENCES houses (id)
)

 (base.py:1842)
2025-06-17 11:27:40 [    INFO] [no key 0.00103s] {} (base.py:1842)
2025-06-17 11:27:40 [   DEBUG] Query eseguita in 0.03 secondi: 
CREATE TABLE rooms (
	id SERIAL NOT NULL, 
	name VARCHAR NOT NULL, 
	description VARCHAR, 
	floor INTEGER NOT NULL, 
	area FLOAT NOT NULL, 
	house_id INTEGER NOT NULL, 
	created_at TIMESTAMP WITHOUT TIME ZONE NOT NULL, 
	updated_at TIMESTAMP WITHOUT TIME ZONE NOT NULL, 
	PRIMARY KEY (id), 
	FOREIGN KEY(house_id) REFERENCES houses (id)
)

 (session.py:30)
2025-06-17 11:27:40 [    INFO] CREATE INDEX ix_rooms_name ON rooms (name) (base.py:1842)
2025-06-17 11:27:40 [    INFO] [no key 0.00289s] {} (base.py:1842)
2025-06-17 11:27:40 [   DEBUG] Query eseguita in 0.02 secondi: CREATE INDEX ix_rooms_name ON rooms (name) (session.py:30)
2025-06-17 11:27:40 [    INFO] 
CREATE TABLE nodes (
	id SERIAL NOT NULL, 
	name VARCHAR NOT NULL, 
	description VARCHAR, 
	nfc_id VARCHAR NOT NULL, 
	house_id INTEGER NOT NULL, 
	room_id INTEGER, 
	PRIMARY KEY (id), 
	FOREIGN KEY(house_id) REFERENCES houses (id), 
	FOREIGN KEY(room_id) REFERENCES rooms (id)
)

 (base.py:1842)
2025-06-17 11:27:40 [    INFO] [no key 0.00121s] {} (base.py:1842)
2025-06-17 11:27:40 [   DEBUG] Query eseguita in 0.04 secondi: 
CREATE TABLE nodes (
	id SERIAL NOT NULL, 
	name VARCHAR NOT NULL, 
	description VARCHAR, 
	nfc_id VARCHAR NOT NULL, 
	house_id INTEGER NOT NULL, 
	room_id INTEGER, 
	PRIMARY KEY (id), 
	FOREIGN KEY(house_id) REFERENCES houses (id), 
	FOREIGN KEY(room_id) REFERENCES rooms (id)
)

 (session.py:30)
2025-06-17 11:27:40 [    INFO] CREATE UNIQUE INDEX ix_nodes_nfc_id ON nodes (nfc_id) (base.py:1842)
2025-06-17 11:27:40 [    INFO] [no key 0.00187s] {} (base.py:1842)
2025-06-17 11:27:40 [   DEBUG] Query eseguita in 0.02 secondi: CREATE UNIQUE INDEX ix_nodes_nfc_id ON nodes (nfc_id) (session.py:30)
2025-06-17 11:27:40 [    INFO] 
CREATE TABLE bookings (
	id SERIAL NOT NULL, 
	room_id INTEGER NOT NULL, 
	user_id INTEGER NOT NULL, 
	start_time TIMESTAMP WITHOUT TIME ZONE NOT NULL, 
	end_time TIMESTAMP WITHOUT TIME ZONE NOT NULL, 
	status VARCHAR NOT NULL, 
	notes VARCHAR, 
	created_at TIMESTAMP WITHOUT TIME ZONE NOT NULL, 
	updated_at TIMESTAMP WITHOUT TIME ZONE NOT NULL, 
	PRIMARY KEY (id), 
	FOREIGN KEY(room_id) REFERENCES rooms (id), 
	FOREIGN KEY(user_id) REFERENCES "user" (id)
)

 (base.py:1842)
2025-06-17 11:27:40 [    INFO] [no key 0.00343s] {} (base.py:1842)
2025-06-17 11:27:40 [   DEBUG] Query eseguita in 0.04 secondi: 
CREATE TABLE bookings (
	id SERIAL NOT NULL, 
	room_id INTEGER NOT NULL, 
	user_id INTEGER NOT NULL, 
	start_time TIMESTAMP WITHOUT TIME ZONE NOT NULL, 
	end_time TIMESTAMP WITHOUT TIME ZONE NOT NULL, 
	status VARCHAR NOT NULL, 
	notes VARCHAR, 
	created_at TIMESTAMP WITHOUT TIME ZONE NOT NULL, 
	updated_at TIMESTAMP WITHOUT TIME ZONE NOT NULL, 
	PRIMARY KEY (id), 
	FOREIGN KEY(room_id) REFERENCES rooms (id), 
	FOREIGN KEY(user_id) REFERENCES "user" (id)
)

 (session.py:30)
2025-06-17 11:27:40 [    INFO] 
CREATE TABLE documents (
	id SERIAL NOT NULL, 
	created_at TIMESTAMP WITHOUT TIME ZONE NOT NULL, 
	updated_at TIMESTAMP WITHOUT TIME ZONE NOT NULL, 
	owner_id INTEGER NOT NULL, 
	name VARCHAR NOT NULL, 
	type VARCHAR NOT NULL, 
	size INTEGER NOT NULL, 
	upload_date TIMESTAMP WITHOUT TIME ZONE NOT NULL, 
	path VARCHAR NOT NULL, 
	checksum VARCHAR NOT NULL, 
	house_id INTEGER, 
	node_id INTEGER, 
	description VARCHAR, 
	PRIMARY KEY (id), 
	FOREIGN KEY(owner_id) REFERENCES "user" (id), 
	FOREIGN KEY(house_id) REFERENCES houses (id), 
	FOREIGN KEY(node_id) REFERENCES nodes (id)
)

 (base.py:1842)
2025-06-17 11:27:40 [    INFO] [no key 0.00159s] {} (base.py:1842)
2025-06-17 11:27:41 [   DEBUG] Query eseguita in 0.05 secondi: 
CREATE TABLE documents (
	id SERIAL NOT NULL, 
	created_at TIMESTAMP WITHOUT TIME ZONE NOT NULL, 
	updated_at TIMESTAMP WITHOUT TIME ZONE NOT NULL, 
	owner_id INTEGER NOT NULL, 
	name VARCHAR NOT NULL, 
	type VARCHAR NOT NULL, 
	size INTEGER NOT NULL, 
	upload_date TIMESTAMP WITHOUT TIME ZONE NOT NULL, 
	path VARCHAR NOT NULL, 
	checksum VARCHAR NOT NULL, 
	house_id INTEGER, 
	node_id INTEGER, 
	description VARCHAR, 
	PRIMARY KEY (id), 
	FOREIGN KEY(owner_id) REFERENCES "user" (id), 
	FOREIGN KEY(house_id) REFERENCES houses (id), 
	FOREIGN KEY(node_id) REFERENCES nodes (id)
)

 (session.py:30)
2025-06-17 11:27:41 [    INFO] CREATE INDEX ix_documents_owner_id ON documents (owner_id) (base.py:1842)
2025-06-17 11:27:41 [    INFO] [no key 0.00087s] {} (base.py:1842)
2025-06-17 11:27:41 [   DEBUG] Query eseguita in 0.01 secondi: CREATE INDEX ix_documents_owner_id ON documents (owner_id) (session.py:30)
2025-06-17 11:27:41 [    INFO] 
CREATE TABLE document_versions (
	id SERIAL NOT NULL, 
	version_number INTEGER NOT NULL, 
	file_path VARCHAR NOT NULL, 
	file_size INTEGER NOT NULL, 
	checksum VARCHAR NOT NULL, 
	created_at TIMESTAMP WITHOUT TIME ZONE NOT NULL, 
	updated_at TIMESTAMP WITHOUT TIME ZONE NOT NULL, 
	document_id INTEGER NOT NULL, 
	created_by_id INTEGER, 
	PRIMARY KEY (id), 
	FOREIGN KEY(document_id) REFERENCES documents (id), 
	FOREIGN KEY(created_by_id) REFERENCES "user" (id)
)

 (base.py:1842)
2025-06-17 11:27:41 [    INFO] [no key 0.00181s] {} (base.py:1842)
2025-06-17 11:27:41 [   DEBUG] Query eseguita in 0.03 secondi: 
CREATE TABLE document_versions (
	id SERIAL NOT NULL, 
	version_number INTEGER NOT NULL, 
	file_path VARCHAR NOT NULL, 
	file_size INTEGER NOT NULL, 
	checksum VARCHAR NOT NULL, 
	created_at TIMESTAMP WITHOUT TIME ZONE NOT NULL, 
	updated_at TIMESTAMP WITHOUT TIME ZONE NOT NULL, 
	document_id INTEGER NOT NULL, 
	created_by_id INTEGER, 
	PRIMARY KEY (id), 
	FOREIGN KEY(document_id) REFERENCES documents (id), 
	FOREIGN KEY(created_by_id) REFERENCES "user" (id)
)

 (session.py:30)
2025-06-17 11:27:41 [    INFO] CREATE INDEX ix_document_versions_version_number ON document_versions (version_number) (base.py:1842)
2025-06-17 11:27:41 [    INFO] [no key 0.00167s] {} (base.py:1842)
2025-06-17 11:27:41 [   DEBUG] Query eseguita in 0.01 secondi: CREATE INDEX ix_document_versions_version_number ON document_versions (version_number) (session.py:30)
2025-06-17 11:27:41 [    INFO] CREATE INDEX ix_document_versions_created_by_id ON document_versions (created_by_id) (base.py:1842)
2025-06-17 11:27:41 [    INFO] [no key 0.00187s] {} (base.py:1842)
2025-06-17 11:27:41 [   DEBUG] Query eseguita in 0.01 secondi: CREATE INDEX ix_document_versions_created_by_id ON document_versions (created_by_id) (session.py:30)
2025-06-17 11:27:41 [    INFO] CREATE INDEX ix_document_versions_document_id ON document_versions (document_id) (base.py:1842)
2025-06-17 11:27:41 [    INFO] [no key 0.00620s] {} (base.py:1842)
2025-06-17 11:27:41 [   DEBUG] Query eseguita in 0.02 secondi: CREATE INDEX ix_document_versions_document_id ON document_versions (document_id) (session.py:30)
2025-06-17 11:27:41 [    INFO] 
CREATE TABLE maintenance_records (
	id SERIAL NOT NULL, 
	node_id INTEGER NOT NULL, 
	timestamp TIMESTAMP WITHOUT TIME ZONE NOT NULL, 
	maintenance_type maintenancetype NOT NULL, 
	description VARCHAR NOT NULL, 
	status maintenancestatus NOT NULL, 
	notes VARCHAR, 
	document_id INTEGER, 
	PRIMARY KEY (id), 
	FOREIGN KEY(node_id) REFERENCES nodes (id), 
	FOREIGN KEY(document_id) REFERENCES documents (id)
)

 (base.py:1842)
2025-06-17 11:27:41 [    INFO] [no key 0.00271s] {} (base.py:1842)
2025-06-17 11:27:41 [   DEBUG] Query eseguita in 0.04 secondi: 
CREATE TABLE maintenance_records (
	id SERIAL NOT NULL, 
	node_id INTEGER NOT NULL, 
	timestamp TIMESTAMP WITHOUT TIME ZONE NOT NULL, 
	maintenance_type maintenancetype NOT NULL, 
	description VARCHAR NOT NULL, 
	status maintenancestatus NOT NULL, 
	notes VARCHAR, 
	document_id INTEGER, 
	PRIMARY KEY (id), 
	FOREIGN KEY(node_id) REFERENCES nodes (id), 
	FOREIGN KEY(document_id) REFERENCES documents (id)
)

 (session.py:30)
2025-06-17 11:27:41 [    INFO] CREATE INDEX ix_maintenance_records_node_id ON maintenance_records (node_id) (base.py:1842)
2025-06-17 11:27:41 [    INFO] [no key 0.00095s] {} (base.py:1842)
2025-06-17 11:27:41 [   DEBUG] Query eseguita in 0.01 secondi: CREATE INDEX ix_maintenance_records_node_id ON maintenance_records (node_id) (session.py:30)
2025-06-17 11:27:41 [    INFO] COMMIT (base.py:2704)
2025-06-17 11:27:41 [   DEBUG] Test database tables created successfully (test_users.py:52)
2025-06-17 11:27:41 [   DEBUG] Test database session created successfully (test_users.py:55)
2025-06-17 11:27:41 [   DEBUG] Overriding get_session for tests... (conftest.py:269)
2025-06-17 11:27:41 [   DEBUG] Setting up FakeRedis for tests... (conftest_redis.py:18)
2025-06-17 11:27:41 [   DEBUG] Connessione Redis stabilita con successo (redis.py:24)
-------------------------------- live log call --------------------------------
2025-06-17 11:27:41 [   DEBUG] Using proactor: IocpProactor (proactor_events.py:631)
2025-06-17 11:27:41 [    INFO] HTTP Request: POST http://testserver/api/v1/auth/register "HTTP/1.1 422 Unprocessable Entity" (_client.py:1025)
PASSED                                                                   [ 12%]
------------------------------ live log teardown ------------------------------
2025-06-17 11:27:41 [   DEBUG] Restored original Redis client (conftest_redis.py:29)
2025-06-17 11:27:41 [   DEBUG] get_session override cleared (conftest.py:275)
2025-06-17 11:27:41 [   DEBUG] Cleaning up test database session... (test_users.py:57)
2025-06-17 11:27:41 [    INFO] BEGIN (implicit) (base.py:2698)
2025-06-17 11:27:41 [    INFO] DROP SCHEMA public CASCADE (base.py:1842)
2025-06-17 11:27:41 [    INFO] [generated in 0.00474s] {} (base.py:1842)
2025-06-17 11:27:41 [   DEBUG] Query eseguita in 0.12 secondi: DROP SCHEMA public CASCADE (session.py:30)
2025-06-17 11:27:41 [    INFO] CREATE SCHEMA public (base.py:1842)
2025-06-17 11:27:41 [    INFO] [generated in 0.00111s] {} (base.py:1842)
2025-06-17 11:27:41 [   DEBUG] Query eseguita in 0.01 secondi: CREATE SCHEMA public (session.py:30)
2025-06-17 11:27:41 [    INFO] COMMIT (base.py:2704)
2025-06-17 11:27:41 [   DEBUG] Test database cleanup completed (test_users.py:63)
2025-06-17 11:27:41 [   DEBUG] Session fixture completed in 1.58 seconds (test_users.py:68)

tests/api/test_users.py::test_create_user_invalid_email[missing@] 
------------------------------- live log setup --------------------------------
2025-06-17 11:27:41 [   DEBUG] Setting up test database session... (test_users.py:38)
2025-06-17 11:27:42 [    INFO] select pg_catalog.version() (base.py:1842)
2025-06-17 11:27:42 [    INFO] [raw sql] {} (base.py:1842)
2025-06-17 11:27:42 [    INFO] select current_schema() (base.py:1842)
2025-06-17 11:27:42 [    INFO] [raw sql] {} (base.py:1842)
2025-06-17 11:27:42 [    INFO] show standard_conforming_strings (base.py:1842)
2025-06-17 11:27:42 [    INFO] [raw sql] {} (base.py:1842)
2025-06-17 11:27:42 [    INFO] BEGIN (implicit) (base.py:2698)
2025-06-17 11:27:42 [    INFO] SELECT pg_catalog.pg_class.relname 
FROM pg_catalog.pg_class JOIN pg_catalog.pg_namespace ON pg_catalog.pg_namespace.oid = pg_catalog.pg_class.relnamespace 
WHERE pg_catalog.pg_class.relname = %(table_name)s AND pg_catalog.pg_class.relkind = ANY (ARRAY[%(param_1)s, %(param_2)s, %(param_3)s, %(param_4)s, %(param_5)s]) AND pg_catalog.pg_table_is_visible(pg_catalog.pg_class.oid) AND pg_catalog.pg_namespace.nspname != %(nspname_1)s (base.py:1842)
2025-06-17 11:27:42 [    INFO] [generated in 0.00360s] {'table_name': 'user', 'param_1': 'r', 'param_2': 'p', 'param_3': 'f', 'param_4': 'v', 'param_5': 'm', 'nspname_1': 'pg_catalog'} (base.py:1842)
2025-06-17 11:27:42 [   DEBUG] Query eseguita in 0.01 secondi: SELECT pg_catalog.pg_class.relname 
FROM pg_catalog.pg_class JOIN pg_catalog.pg_namespace ON pg_catalog.pg_namespace.oid = pg_catalog.pg_class.relnamespace 
WHERE pg_catalog.pg_class.relname = %(table_name)s AND pg_catalog.pg_class.relkind = ANY (ARRAY[%(param_1)s, %(param_2)s, %(param_3)s, %(param_4)s, %(param_5)s]) AND pg_catalog.pg_table_is_visible(pg_catalog.pg_class.oid) AND pg_catalog.pg_namespace.nspname != %(nspname_1)s (session.py:30)
2025-06-17 11:27:42 [    INFO] SELECT pg_catalog.pg_class.relname 
FROM pg_catalog.pg_class JOIN pg_catalog.pg_namespace ON pg_catalog.pg_namespace.oid = pg_catalog.pg_class.relnamespace 
WHERE pg_catalog.pg_class.relname = %(table_name)s AND pg_catalog.pg_class.relkind = ANY (ARRAY[%(param_1)s, %(param_2)s, %(param_3)s, %(param_4)s, %(param_5)s]) AND pg_catalog.pg_table_is_visible(pg_catalog.pg_class.oid) AND pg_catalog.pg_namespace.nspname != %(nspname_1)s (base.py:1842)
2025-06-17 11:27:42 [    INFO] [cached since 0.01789s ago] {'table_name': 'documents', 'param_1': 'r', 'param_2': 'p', 'param_3': 'f', 'param_4': 'v', 'param_5': 'm', 'nspname_1': 'pg_catalog'} (base.py:1842)
2025-06-17 11:27:42 [   DEBUG] Query eseguita in 0.01 secondi: SELECT pg_catalog.pg_class.relname 
FROM pg_catalog.pg_class JOIN pg_catalog.pg_namespace ON pg_catalog.pg_namespace.oid = pg_catalog.pg_class.relnamespace 
WHERE pg_catalog.pg_class.relname = %(table_name)s AND pg_catalog.pg_class.relkind = ANY (ARRAY[%(param_1)s, %(param_2)s, %(param_3)s, %(param_4)s, %(param_5)s]) AND pg_catalog.pg_table_is_visible(pg_catalog.pg_class.oid) AND pg_catalog.pg_namespace.nspname != %(nspname_1)s (session.py:30)
2025-06-17 11:27:42 [    INFO] SELECT pg_catalog.pg_class.relname 
FROM pg_catalog.pg_class JOIN pg_catalog.pg_namespace ON pg_catalog.pg_namespace.oid = pg_catalog.pg_class.relnamespace 
WHERE pg_catalog.pg_class.relname = %(table_name)s AND pg_catalog.pg_class.relkind = ANY (ARRAY[%(param_1)s, %(param_2)s, %(param_3)s, %(param_4)s, %(param_5)s]) AND pg_catalog.pg_table_is_visible(pg_catalog.pg_class.oid) AND pg_catalog.pg_namespace.nspname != %(nspname_1)s (base.py:1842)
2025-06-17 11:27:42 [    INFO] [cached since 0.02743s ago] {'table_name': 'document_versions', 'param_1': 'r', 'param_2': 'p', 'param_3': 'f', 'param_4': 'v', 'param_5': 'm', 'nspname_1': 'pg_catalog'} (base.py:1842)
2025-06-17 11:27:42 [   DEBUG] Query eseguita in 0.01 secondi: SELECT pg_catalog.pg_class.relname 
FROM pg_catalog.pg_class JOIN pg_catalog.pg_namespace ON pg_catalog.pg_namespace.oid = pg_catalog.pg_class.relnamespace 
WHERE pg_catalog.pg_class.relname = %(table_name)s AND pg_catalog.pg_class.relkind = ANY (ARRAY[%(param_1)s, %(param_2)s, %(param_3)s, %(param_4)s, %(param_5)s]) AND pg_catalog.pg_table_is_visible(pg_catalog.pg_class.oid) AND pg_catalog.pg_namespace.nspname != %(nspname_1)s (session.py:30)
2025-06-17 11:27:42 [    INFO] SELECT pg_catalog.pg_class.relname 
FROM pg_catalog.pg_class JOIN pg_catalog.pg_namespace ON pg_catalog.pg_namespace.oid = pg_catalog.pg_class.relnamespace 
WHERE pg_catalog.pg_class.relname = %(table_name)s AND pg_catalog.pg_class.relkind = ANY (ARRAY[%(param_1)s, %(param_2)s, %(param_3)s, %(param_4)s, %(param_5)s]) AND pg_catalog.pg_table_is_visible(pg_catalog.pg_class.oid) AND pg_catalog.pg_namespace.nspname != %(nspname_1)s (base.py:1842)
2025-06-17 11:27:42 [    INFO] [cached since 0.03997s ago] {'table_name': 'houses', 'param_1': 'r', 'param_2': 'p', 'param_3': 'f', 'param_4': 'v', 'param_5': 'm', 'nspname_1': 'pg_catalog'} (base.py:1842)
2025-06-17 11:27:42 [   DEBUG] Query eseguita in 0.01 secondi: SELECT pg_catalog.pg_class.relname 
FROM pg_catalog.pg_class JOIN pg_catalog.pg_namespace ON pg_catalog.pg_namespace.oid = pg_catalog.pg_class.relnamespace 
WHERE pg_catalog.pg_class.relname = %(table_name)s AND pg_catalog.pg_class.relkind = ANY (ARRAY[%(param_1)s, %(param_2)s, %(param_3)s, %(param_4)s, %(param_5)s]) AND pg_catalog.pg_table_is_visible(pg_catalog.pg_class.oid) AND pg_catalog.pg_namespace.nspname != %(nspname_1)s (session.py:30)
2025-06-17 11:27:42 [    INFO] SELECT pg_catalog.pg_class.relname 
FROM pg_catalog.pg_class JOIN pg_catalog.pg_namespace ON pg_catalog.pg_namespace.oid = pg_catalog.pg_class.relnamespace 
WHERE pg_catalog.pg_class.relname = %(table_name)s AND pg_catalog.pg_class.relkind = ANY (ARRAY[%(param_1)s, %(param_2)s, %(param_3)s, %(param_4)s, %(param_5)s]) AND pg_catalog.pg_table_is_visible(pg_catalog.pg_class.oid) AND pg_catalog.pg_namespace.nspname != %(nspname_1)s (base.py:1842)
2025-06-17 11:27:42 [    INFO] [cached since 0.04851s ago] {'table_name': 'nodes', 'param_1': 'r', 'param_2': 'p', 'param_3': 'f', 'param_4': 'v', 'param_5': 'm', 'nspname_1': 'pg_catalog'} (base.py:1842)
2025-06-17 11:27:42 [   DEBUG] Query eseguita in 0.01 secondi: SELECT pg_catalog.pg_class.relname 
FROM pg_catalog.pg_class JOIN pg_catalog.pg_namespace ON pg_catalog.pg_namespace.oid = pg_catalog.pg_class.relnamespace 
WHERE pg_catalog.pg_class.relname = %(table_name)s AND pg_catalog.pg_class.relkind = ANY (ARRAY[%(param_1)s, %(param_2)s, %(param_3)s, %(param_4)s, %(param_5)s]) AND pg_catalog.pg_table_is_visible(pg_catalog.pg_class.oid) AND pg_catalog.pg_namespace.nspname != %(nspname_1)s (session.py:30)
2025-06-17 11:27:42 [    INFO] SELECT pg_catalog.pg_class.relname 
FROM pg_catalog.pg_class JOIN pg_catalog.pg_namespace ON pg_catalog.pg_namespace.oid = pg_catalog.pg_class.relnamespace 
WHERE pg_catalog.pg_class.relname = %(table_name)s AND pg_catalog.pg_class.relkind = ANY (ARRAY[%(param_1)s, %(param_2)s, %(param_3)s, %(param_4)s, %(param_5)s]) AND pg_catalog.pg_table_is_visible(pg_catalog.pg_class.oid) AND pg_catalog.pg_namespace.nspname != %(nspname_1)s (base.py:1842)
2025-06-17 11:27:42 [    INFO] [cached since 0.05888s ago] {'table_name': 'rooms', 'param_1': 'r', 'param_2': 'p', 'param_3': 'f', 'param_4': 'v', 'param_5': 'm', 'nspname_1': 'pg_catalog'} (base.py:1842)
2025-06-17 11:27:42 [   DEBUG] Query eseguita in 0.00 secondi: SELECT pg_catalog.pg_class.relname 
FROM pg_catalog.pg_class JOIN pg_catalog.pg_namespace ON pg_catalog.pg_namespace.oid = pg_catalog.pg_class.relnamespace 
WHERE pg_catalog.pg_class.relname = %(table_name)s AND pg_catalog.pg_class.relkind = ANY (ARRAY[%(param_1)s, %(param_2)s, %(param_3)s, %(param_4)s, %(param_5)s]) AND pg_catalog.pg_table_is_visible(pg_catalog.pg_class.oid) AND pg_catalog.pg_namespace.nspname != %(nspname_1)s (session.py:30)
2025-06-17 11:27:42 [    INFO] SELECT pg_catalog.pg_class.relname 
FROM pg_catalog.pg_class JOIN pg_catalog.pg_namespace ON pg_catalog.pg_namespace.oid = pg_catalog.pg_class.relnamespace 
WHERE pg_catalog.pg_class.relname = %(table_name)s AND pg_catalog.pg_class.relkind = ANY (ARRAY[%(param_1)s, %(param_2)s, %(param_3)s, %(param_4)s, %(param_5)s]) AND pg_catalog.pg_table_is_visible(pg_catalog.pg_class.oid) AND pg_catalog.pg_namespace.nspname != %(nspname_1)s (base.py:1842)
2025-06-17 11:27:42 [    INFO] [cached since 0.06512s ago] {'table_name': 'bookings', 'param_1': 'r', 'param_2': 'p', 'param_3': 'f', 'param_4': 'v', 'param_5': 'm', 'nspname_1': 'pg_catalog'} (base.py:1842)
2025-06-17 11:27:42 [   DEBUG] Query eseguita in 0.01 secondi: SELECT pg_catalog.pg_class.relname 
FROM pg_catalog.pg_class JOIN pg_catalog.pg_namespace ON pg_catalog.pg_namespace.oid = pg_catalog.pg_class.relnamespace 
WHERE pg_catalog.pg_class.relname = %(table_name)s AND pg_catalog.pg_class.relkind = ANY (ARRAY[%(param_1)s, %(param_2)s, %(param_3)s, %(param_4)s, %(param_5)s]) AND pg_catalog.pg_table_is_visible(pg_catalog.pg_class.oid) AND pg_catalog.pg_namespace.nspname != %(nspname_1)s (session.py:30)
2025-06-17 11:27:42 [    INFO] SELECT pg_catalog.pg_class.relname 
FROM pg_catalog.pg_class JOIN pg_catalog.pg_namespace ON pg_catalog.pg_namespace.oid = pg_catalog.pg_class.relnamespace 
WHERE pg_catalog.pg_class.relname = %(table_name)s AND pg_catalog.pg_class.relkind = ANY (ARRAY[%(param_1)s, %(param_2)s, %(param_3)s, %(param_4)s, %(param_5)s]) AND pg_catalog.pg_table_is_visible(pg_catalog.pg_class.oid) AND pg_catalog.pg_namespace.nspname != %(nspname_1)s (base.py:1842)
2025-06-17 11:27:42 [    INFO] [cached since 0.07562s ago] {'table_name': 'maintenance_records', 'param_1': 'r', 'param_2': 'p', 'param_3': 'f', 'param_4': 'v', 'param_5': 'm', 'nspname_1': 'pg_catalog'} (base.py:1842)
2025-06-17 11:27:42 [   DEBUG] Query eseguita in 0.00 secondi: SELECT pg_catalog.pg_class.relname 
FROM pg_catalog.pg_class JOIN pg_catalog.pg_namespace ON pg_catalog.pg_namespace.oid = pg_catalog.pg_class.relnamespace 
WHERE pg_catalog.pg_class.relname = %(table_name)s AND pg_catalog.pg_class.relkind = ANY (ARRAY[%(param_1)s, %(param_2)s, %(param_3)s, %(param_4)s, %(param_5)s]) AND pg_catalog.pg_table_is_visible(pg_catalog.pg_class.oid) AND pg_catalog.pg_namespace.nspname != %(nspname_1)s (session.py:30)
2025-06-17 11:27:42 [    INFO] SELECT pg_catalog.pg_type.typname 
FROM pg_catalog.pg_type JOIN pg_catalog.pg_namespace ON pg_catalog.pg_namespace.oid = pg_catalog.pg_type.typnamespace 
WHERE pg_catalog.pg_type.typname = %(typname_1)s AND pg_catalog.pg_type_is_visible(pg_catalog.pg_type.oid) AND pg_catalog.pg_namespace.nspname != %(nspname_1)s (base.py:1842)
2025-06-17 11:27:42 [    INFO] [generated in 0.00176s] {'typname_1': 'maintenancetype', 'nspname_1': 'pg_catalog'} (base.py:1842)
2025-06-17 11:27:42 [   DEBUG] Query eseguita in 0.00 secondi: SELECT pg_catalog.pg_type.typname 
FROM pg_catalog.pg_type JOIN pg_catalog.pg_namespace ON pg_catalog.pg_namespace.oid = pg_catalog.pg_type.typnamespace 
WHERE pg_catalog.pg_type.typname = %(typname_1)s AND pg_catalog.pg_type_is_visible(pg_catalog.pg_type.oid) AND pg_catalog.pg_namespace.nspname != %(nspname_1)s (session.py:30)
2025-06-17 11:27:42 [    INFO] CREATE TYPE maintenancetype AS ENUM ('ROUTINE', 'PREVENTIVE', 'CORRECTIVE', 'EMERGENCY', 'INSPECTION') (base.py:1842)
2025-06-17 11:27:42 [    INFO] [no key 0.00158s] {} (base.py:1842)
2025-06-17 11:27:42 [   DEBUG] Query eseguita in 0.01 secondi: CREATE TYPE maintenancetype AS ENUM ('ROUTINE', 'PREVENTIVE', 'CORRECTIVE', 'EMERGENCY', 'INSPECTION') (session.py:30)
2025-06-17 11:27:42 [    INFO] SELECT pg_catalog.pg_type.typname 
FROM pg_catalog.pg_type JOIN pg_catalog.pg_namespace ON pg_catalog.pg_namespace.oid = pg_catalog.pg_type.typnamespace 
WHERE pg_catalog.pg_type.typname = %(typname_1)s AND pg_catalog.pg_type_is_visible(pg_catalog.pg_type.oid) AND pg_catalog.pg_namespace.nspname != %(nspname_1)s (base.py:1842)
2025-06-17 11:27:42 [    INFO] [cached since 0.0225s ago] {'typname_1': 'maintenancestatus', 'nspname_1': 'pg_catalog'} (base.py:1842)
2025-06-17 11:27:42 [   DEBUG] Query eseguita in 0.01 secondi: SELECT pg_catalog.pg_type.typname 
FROM pg_catalog.pg_type JOIN pg_catalog.pg_namespace ON pg_catalog.pg_namespace.oid = pg_catalog.pg_type.typnamespace 
WHERE pg_catalog.pg_type.typname = %(typname_1)s AND pg_catalog.pg_type_is_visible(pg_catalog.pg_type.oid) AND pg_catalog.pg_namespace.nspname != %(nspname_1)s (session.py:30)
2025-06-17 11:27:42 [    INFO] CREATE TYPE maintenancestatus AS ENUM ('PENDING', 'COMPLETED', 'FAILED') (base.py:1842)
2025-06-17 11:27:42 [    INFO] [no key 0.00116s] {} (base.py:1842)
2025-06-17 11:27:42 [   DEBUG] Query eseguita in 0.00 secondi: CREATE TYPE maintenancestatus AS ENUM ('PENDING', 'COMPLETED', 'FAILED') (session.py:30)
2025-06-17 11:27:42 [    INFO] 
CREATE TABLE "user" (
	id SERIAL NOT NULL, 
	email VARCHAR NOT NULL, 
	username VARCHAR NOT NULL, 
	hashed_password VARCHAR NOT NULL, 
	is_active BOOLEAN NOT NULL, 
	is_superuser BOOLEAN NOT NULL, 
	is_verified BOOLEAN NOT NULL, 
	created_at TIMESTAMP WITHOUT TIME ZONE NOT NULL, 
	updated_at TIMESTAMP WITHOUT TIME ZONE NOT NULL, 
	last_login TIMESTAMP WITH TIME ZONE, 
	full_name VARCHAR(255), 
	phone_number VARCHAR(20), 
	PRIMARY KEY (id)
)

 (base.py:1842)
2025-06-17 11:27:42 [    INFO] [no key 0.00473s] {} (base.py:1842)
2025-06-17 11:27:42 [   DEBUG] Query eseguita in 0.04 secondi: 
CREATE TABLE "user" (
	id SERIAL NOT NULL, 
	email VARCHAR NOT NULL, 
	username VARCHAR NOT NULL, 
	hashed_password VARCHAR NOT NULL, 
	is_active BOOLEAN NOT NULL, 
	is_superuser BOOLEAN NOT NULL, 
	is_verified BOOLEAN NOT NULL, 
	created_at TIMESTAMP WITHOUT TIME ZONE NOT NULL, 
	updated_at TIMESTAMP WITHOUT TIME ZONE NOT NULL, 
	last_login TIMESTAMP WITH TIME ZONE, 
	full_name VARCHAR(255), 
	phone_number VARCHAR(20), 
	PRIMARY KEY (id)
)

 (session.py:30)
2025-06-17 11:27:42 [    INFO] CREATE UNIQUE INDEX ix_user_email ON "user" (email) (base.py:1842)
2025-06-17 11:27:42 [    INFO] [no key 0.00170s] {} (base.py:1842)
2025-06-17 11:27:42 [   DEBUG] Query eseguita in 0.01 secondi: CREATE UNIQUE INDEX ix_user_email ON "user" (email) (session.py:30)
2025-06-17 11:27:42 [    INFO] CREATE UNIQUE INDEX ix_user_username ON "user" (username) (base.py:1842)
2025-06-17 11:27:42 [    INFO] [no key 0.00092s] {} (base.py:1842)
2025-06-17 11:27:42 [   DEBUG] Query eseguita in 0.01 secondi: CREATE UNIQUE INDEX ix_user_username ON "user" (username) (session.py:30)
2025-06-17 11:27:42 [    INFO] 
CREATE TABLE houses (
	id SERIAL NOT NULL, 
	name VARCHAR NOT NULL, 
	address VARCHAR NOT NULL, 
	owner_id INTEGER NOT NULL, 
	created_at TIMESTAMP WITHOUT TIME ZONE NOT NULL, 
	updated_at TIMESTAMP WITHOUT TIME ZONE NOT NULL, 
	PRIMARY KEY (id), 
	FOREIGN KEY(owner_id) REFERENCES "user" (id)
)

 (base.py:1842)
2025-06-17 11:27:42 [    INFO] [no key 0.00100s] {} (base.py:1842)
2025-06-17 11:27:42 [   DEBUG] Query eseguita in 0.03 secondi: 
CREATE TABLE houses (
	id SERIAL NOT NULL, 
	name VARCHAR NOT NULL, 
	address VARCHAR NOT NULL, 
	owner_id INTEGER NOT NULL, 
	created_at TIMESTAMP WITHOUT TIME ZONE NOT NULL, 
	updated_at TIMESTAMP WITHOUT TIME ZONE NOT NULL, 
	PRIMARY KEY (id), 
	FOREIGN KEY(owner_id) REFERENCES "user" (id)
)

 (session.py:30)
2025-06-17 11:27:42 [    INFO] CREATE INDEX ix_houses_name ON houses (name) (base.py:1842)
2025-06-17 11:27:42 [    INFO] [no key 0.00113s] {} (base.py:1842)
2025-06-17 11:27:42 [   DEBUG] Query eseguita in 0.01 secondi: CREATE INDEX ix_houses_name ON houses (name) (session.py:30)
2025-06-17 11:27:42 [    INFO] 
CREATE TABLE rooms (
	id SERIAL NOT NULL, 
	name VARCHAR NOT NULL, 
	description VARCHAR, 
	floor INTEGER NOT NULL, 
	area FLOAT NOT NULL, 
	house_id INTEGER NOT NULL, 
	created_at TIMESTAMP WITHOUT TIME ZONE NOT NULL, 
	updated_at TIMESTAMP WITHOUT TIME ZONE NOT NULL, 
	PRIMARY KEY (id), 
	FOREIGN KEY(house_id) REFERENCES houses (id)
)

 (base.py:1842)
2025-06-17 11:27:42 [    INFO] [no key 0.00415s] {} (base.py:1842)
2025-06-17 11:27:42 [   DEBUG] Query eseguita in 0.03 secondi: 
CREATE TABLE rooms (
	id SERIAL NOT NULL, 
	name VARCHAR NOT NULL, 
	description VARCHAR, 
	floor INTEGER NOT NULL, 
	area FLOAT NOT NULL, 
	house_id INTEGER NOT NULL, 
	created_at TIMESTAMP WITHOUT TIME ZONE NOT NULL, 
	updated_at TIMESTAMP WITHOUT TIME ZONE NOT NULL, 
	PRIMARY KEY (id), 
	FOREIGN KEY(house_id) REFERENCES houses (id)
)

 (session.py:30)
2025-06-17 11:27:42 [    INFO] CREATE INDEX ix_rooms_name ON rooms (name) (base.py:1842)
2025-06-17 11:27:42 [    INFO] [no key 0.00251s] {} (base.py:1842)
2025-06-17 11:27:42 [   DEBUG] Query eseguita in 0.01 secondi: CREATE INDEX ix_rooms_name ON rooms (name) (session.py:30)
2025-06-17 11:27:42 [    INFO] 
CREATE TABLE nodes (
	id SERIAL NOT NULL, 
	name VARCHAR NOT NULL, 
	description VARCHAR, 
	nfc_id VARCHAR NOT NULL, 
	house_id INTEGER NOT NULL, 
	room_id INTEGER, 
	PRIMARY KEY (id), 
	FOREIGN KEY(house_id) REFERENCES houses (id), 
	FOREIGN KEY(room_id) REFERENCES rooms (id)
)

 (base.py:1842)
2025-06-17 11:27:42 [    INFO] [no key 0.00148s] {} (base.py:1842)
2025-06-17 11:27:42 [   DEBUG] Query eseguita in 0.03 secondi: 
CREATE TABLE nodes (
	id SERIAL NOT NULL, 
	name VARCHAR NOT NULL, 
	description VARCHAR, 
	nfc_id VARCHAR NOT NULL, 
	house_id INTEGER NOT NULL, 
	room_id INTEGER, 
	PRIMARY KEY (id), 
	FOREIGN KEY(house_id) REFERENCES houses (id), 
	FOREIGN KEY(room_id) REFERENCES rooms (id)
)

 (session.py:30)
2025-06-17 11:27:42 [    INFO] CREATE UNIQUE INDEX ix_nodes_nfc_id ON nodes (nfc_id) (base.py:1842)
2025-06-17 11:27:42 [    INFO] [no key 0.00402s] {} (base.py:1842)
2025-06-17 11:27:42 [   DEBUG] Query eseguita in 0.01 secondi: CREATE UNIQUE INDEX ix_nodes_nfc_id ON nodes (nfc_id) (session.py:30)
2025-06-17 11:27:42 [    INFO] 
CREATE TABLE bookings (
	id SERIAL NOT NULL, 
	room_id INTEGER NOT NULL, 
	user_id INTEGER NOT NULL, 
	start_time TIMESTAMP WITHOUT TIME ZONE NOT NULL, 
	end_time TIMESTAMP WITHOUT TIME ZONE NOT NULL, 
	status VARCHAR NOT NULL, 
	notes VARCHAR, 
	created_at TIMESTAMP WITHOUT TIME ZONE NOT NULL, 
	updated_at TIMESTAMP WITHOUT TIME ZONE NOT NULL, 
	PRIMARY KEY (id), 
	FOREIGN KEY(room_id) REFERENCES rooms (id), 
	FOREIGN KEY(user_id) REFERENCES "user" (id)
)

 (base.py:1842)
2025-06-17 11:27:42 [    INFO] [no key 0.00513s] {} (base.py:1842)
2025-06-17 11:27:42 [   DEBUG] Query eseguita in 0.04 secondi: 
CREATE TABLE bookings (
	id SERIAL NOT NULL, 
	room_id INTEGER NOT NULL, 
	user_id INTEGER NOT NULL, 
	start_time TIMESTAMP WITHOUT TIME ZONE NOT NULL, 
	end_time TIMESTAMP WITHOUT TIME ZONE NOT NULL, 
	status VARCHAR NOT NULL, 
	notes VARCHAR, 
	created_at TIMESTAMP WITHOUT TIME ZONE NOT NULL, 
	updated_at TIMESTAMP WITHOUT TIME ZONE NOT NULL, 
	PRIMARY KEY (id), 
	FOREIGN KEY(room_id) REFERENCES rooms (id), 
	FOREIGN KEY(user_id) REFERENCES "user" (id)
)

 (session.py:30)
2025-06-17 11:27:42 [    INFO] 
CREATE TABLE documents (
	id SERIAL NOT NULL, 
	created_at TIMESTAMP WITHOUT TIME ZONE NOT NULL, 
	updated_at TIMESTAMP WITHOUT TIME ZONE NOT NULL, 
	owner_id INTEGER NOT NULL, 
	name VARCHAR NOT NULL, 
	type VARCHAR NOT NULL, 
	size INTEGER NOT NULL, 
	upload_date TIMESTAMP WITHOUT TIME ZONE NOT NULL, 
	path VARCHAR NOT NULL, 
	checksum VARCHAR NOT NULL, 
	house_id INTEGER, 
	node_id INTEGER, 
	description VARCHAR, 
	PRIMARY KEY (id), 
	FOREIGN KEY(owner_id) REFERENCES "user" (id), 
	FOREIGN KEY(house_id) REFERENCES houses (id), 
	FOREIGN KEY(node_id) REFERENCES nodes (id)
)

 (base.py:1842)
2025-06-17 11:27:42 [    INFO] [no key 0.00118s] {} (base.py:1842)
2025-06-17 11:27:42 [   DEBUG] Query eseguita in 0.03 secondi: 
CREATE TABLE documents (
	id SERIAL NOT NULL, 
	created_at TIMESTAMP WITHOUT TIME ZONE NOT NULL, 
	updated_at TIMESTAMP WITHOUT TIME ZONE NOT NULL, 
	owner_id INTEGER NOT NULL, 
	name VARCHAR NOT NULL, 
	type VARCHAR NOT NULL, 
	size INTEGER NOT NULL, 
	upload_date TIMESTAMP WITHOUT TIME ZONE NOT NULL, 
	path VARCHAR NOT NULL, 
	checksum VARCHAR NOT NULL, 
	house_id INTEGER, 
	node_id INTEGER, 
	description VARCHAR, 
	PRIMARY KEY (id), 
	FOREIGN KEY(owner_id) REFERENCES "user" (id), 
	FOREIGN KEY(house_id) REFERENCES houses (id), 
	FOREIGN KEY(node_id) REFERENCES nodes (id)
)

 (session.py:30)
2025-06-17 11:27:42 [    INFO] CREATE INDEX ix_documents_owner_id ON documents (owner_id) (base.py:1842)
2025-06-17 11:27:42 [    INFO] [no key 0.00157s] {} (base.py:1842)
2025-06-17 11:27:42 [   DEBUG] Query eseguita in 0.01 secondi: CREATE INDEX ix_documents_owner_id ON documents (owner_id) (session.py:30)
2025-06-17 11:27:42 [    INFO] 
CREATE TABLE document_versions (
	id SERIAL NOT NULL, 
	version_number INTEGER NOT NULL, 
	file_path VARCHAR NOT NULL, 
	file_size INTEGER NOT NULL, 
	checksum VARCHAR NOT NULL, 
	created_at TIMESTAMP WITHOUT TIME ZONE NOT NULL, 
	updated_at TIMESTAMP WITHOUT TIME ZONE NOT NULL, 
	document_id INTEGER NOT NULL, 
	created_by_id INTEGER, 
	PRIMARY KEY (id), 
	FOREIGN KEY(document_id) REFERENCES documents (id), 
	FOREIGN KEY(created_by_id) REFERENCES "user" (id)
)

 (base.py:1842)
2025-06-17 11:27:42 [    INFO] [no key 0.00197s] {} (base.py:1842)
2025-06-17 11:27:42 [   DEBUG] Query eseguita in 0.04 secondi: 
CREATE TABLE document_versions (
	id SERIAL NOT NULL, 
	version_number INTEGER NOT NULL, 
	file_path VARCHAR NOT NULL, 
	file_size INTEGER NOT NULL, 
	checksum VARCHAR NOT NULL, 
	created_at TIMESTAMP WITHOUT TIME ZONE NOT NULL, 
	updated_at TIMESTAMP WITHOUT TIME ZONE NOT NULL, 
	document_id INTEGER NOT NULL, 
	created_by_id INTEGER, 
	PRIMARY KEY (id), 
	FOREIGN KEY(document_id) REFERENCES documents (id), 
	FOREIGN KEY(created_by_id) REFERENCES "user" (id)
)

 (session.py:30)
2025-06-17 11:27:42 [    INFO] CREATE INDEX ix_document_versions_version_number ON document_versions (version_number) (base.py:1842)
2025-06-17 11:27:42 [    INFO] [no key 0.00421s] {} (base.py:1842)
2025-06-17 11:27:42 [   DEBUG] Query eseguita in 0.01 secondi: CREATE INDEX ix_document_versions_version_number ON document_versions (version_number) (session.py:30)
2025-06-17 11:27:42 [    INFO] CREATE INDEX ix_document_versions_created_by_id ON document_versions (created_by_id) (base.py:1842)
2025-06-17 11:27:42 [    INFO] [no key 0.00135s] {} (base.py:1842)
2025-06-17 11:27:42 [   DEBUG] Query eseguita in 0.01 secondi: CREATE INDEX ix_document_versions_created_by_id ON document_versions (created_by_id) (session.py:30)
2025-06-17 11:27:42 [    INFO] CREATE INDEX ix_document_versions_document_id ON document_versions (document_id) (base.py:1842)
2025-06-17 11:27:42 [    INFO] [no key 0.00096s] {} (base.py:1842)
2025-06-17 11:27:42 [   DEBUG] Query eseguita in 0.01 secondi: CREATE INDEX ix_document_versions_document_id ON document_versions (document_id) (session.py:30)
2025-06-17 11:27:42 [    INFO] 
CREATE TABLE maintenance_records (
	id SERIAL NOT NULL, 
	node_id INTEGER NOT NULL, 
	timestamp TIMESTAMP WITHOUT TIME ZONE NOT NULL, 
	maintenance_type maintenancetype NOT NULL, 
	description VARCHAR NOT NULL, 
	status maintenancestatus NOT NULL, 
	notes VARCHAR, 
	document_id INTEGER, 
	PRIMARY KEY (id), 
	FOREIGN KEY(node_id) REFERENCES nodes (id), 
	FOREIGN KEY(document_id) REFERENCES documents (id)
)

 (base.py:1842)
2025-06-17 11:27:42 [    INFO] [no key 0.00091s] {} (base.py:1842)
2025-06-17 11:27:42 [   DEBUG] Query eseguita in 0.03 secondi: 
CREATE TABLE maintenance_records (
	id SERIAL NOT NULL, 
	node_id INTEGER NOT NULL, 
	timestamp TIMESTAMP WITHOUT TIME ZONE NOT NULL, 
	maintenance_type maintenancetype NOT NULL, 
	description VARCHAR NOT NULL, 
	status maintenancestatus NOT NULL, 
	notes VARCHAR, 
	document_id INTEGER, 
	PRIMARY KEY (id), 
	FOREIGN KEY(node_id) REFERENCES nodes (id), 
	FOREIGN KEY(document_id) REFERENCES documents (id)
)

 (session.py:30)
2025-06-17 11:27:42 [    INFO] CREATE INDEX ix_maintenance_records_node_id ON maintenance_records (node_id) (base.py:1842)
2025-06-17 11:27:42 [    INFO] [no key 0.00264s] {} (base.py:1842)
2025-06-17 11:27:42 [   DEBUG] Query eseguita in 0.01 secondi: CREATE INDEX ix_maintenance_records_node_id ON maintenance_records (node_id) (session.py:30)
2025-06-17 11:27:42 [    INFO] COMMIT (base.py:2704)
2025-06-17 11:27:42 [   DEBUG] Test database tables created successfully (test_users.py:52)
2025-06-17 11:27:42 [   DEBUG] Test database session created successfully (test_users.py:55)
2025-06-17 11:27:42 [   DEBUG] Overriding get_session for tests... (conftest.py:269)
2025-06-17 11:27:42 [   DEBUG] Setting up FakeRedis for tests... (conftest_redis.py:18)
2025-06-17 11:27:42 [   DEBUG] Connessione Redis stabilita con successo (redis.py:24)
-------------------------------- live log call --------------------------------
2025-06-17 11:27:42 [   DEBUG] Using proactor: IocpProactor (proactor_events.py:631)
2025-06-17 11:27:42 [    INFO] HTTP Request: POST http://testserver/api/v1/auth/register "HTTP/1.1 422 Unprocessable Entity" (_client.py:1025)
PASSED                                                                   [ 14%]
------------------------------ live log teardown ------------------------------
2025-06-17 11:27:42 [   DEBUG] Restored original Redis client (conftest_redis.py:29)
2025-06-17 11:27:42 [   DEBUG] get_session override cleared (conftest.py:275)
2025-06-17 11:27:42 [   DEBUG] Cleaning up test database session... (test_users.py:57)
2025-06-17 11:27:42 [    INFO] BEGIN (implicit) (base.py:2698)
2025-06-17 11:27:42 [    INFO] DROP SCHEMA public CASCADE (base.py:1842)
2025-06-17 11:27:42 [    INFO] [generated in 0.00926s] {} (base.py:1842)
2025-06-17 11:27:43 [   DEBUG] Query eseguita in 0.19 secondi: DROP SCHEMA public CASCADE (session.py:30)
2025-06-17 11:27:43 [    INFO] CREATE SCHEMA public (base.py:1842)
2025-06-17 11:27:43 [    INFO] [generated in 0.00446s] {} (base.py:1842)
2025-06-17 11:27:43 [   DEBUG] Query eseguita in 0.01 secondi: CREATE SCHEMA public (session.py:30)
2025-06-17 11:27:43 [    INFO] COMMIT (base.py:2704)
2025-06-17 11:27:43 [   DEBUG] Test database cleanup completed (test_users.py:63)
2025-06-17 11:27:43 [   DEBUG] Session fixture completed in 1.69 seconds (test_users.py:68)

tests/api/test_users.py::test_create_user_invalid_email[@nodomain] 
------------------------------- live log setup --------------------------------
2025-06-17 11:27:43 [   DEBUG] Setting up test database session... (test_users.py:38)
2025-06-17 11:27:44 [    INFO] select pg_catalog.version() (base.py:1842)
2025-06-17 11:27:44 [    INFO] [raw sql] {} (base.py:1842)
2025-06-17 11:27:44 [    INFO] select current_schema() (base.py:1842)
2025-06-17 11:27:44 [    INFO] [raw sql] {} (base.py:1842)
2025-06-17 11:27:44 [    INFO] show standard_conforming_strings (base.py:1842)
2025-06-17 11:27:44 [    INFO] [raw sql] {} (base.py:1842)
2025-06-17 11:27:44 [    INFO] BEGIN (implicit) (base.py:2698)
2025-06-17 11:27:44 [    INFO] SELECT pg_catalog.pg_class.relname 
FROM pg_catalog.pg_class JOIN pg_catalog.pg_namespace ON pg_catalog.pg_namespace.oid = pg_catalog.pg_class.relnamespace 
WHERE pg_catalog.pg_class.relname = %(table_name)s AND pg_catalog.pg_class.relkind = ANY (ARRAY[%(param_1)s, %(param_2)s, %(param_3)s, %(param_4)s, %(param_5)s]) AND pg_catalog.pg_table_is_visible(pg_catalog.pg_class.oid) AND pg_catalog.pg_namespace.nspname != %(nspname_1)s (base.py:1842)
2025-06-17 11:27:44 [    INFO] [generated in 0.00433s] {'table_name': 'user', 'param_1': 'r', 'param_2': 'p', 'param_3': 'f', 'param_4': 'v', 'param_5': 'm', 'nspname_1': 'pg_catalog'} (base.py:1842)
2025-06-17 11:27:44 [   DEBUG] Query eseguita in 0.02 secondi: SELECT pg_catalog.pg_class.relname 
FROM pg_catalog.pg_class JOIN pg_catalog.pg_namespace ON pg_catalog.pg_namespace.oid = pg_catalog.pg_class.relnamespace 
WHERE pg_catalog.pg_class.relname = %(table_name)s AND pg_catalog.pg_class.relkind = ANY (ARRAY[%(param_1)s, %(param_2)s, %(param_3)s, %(param_4)s, %(param_5)s]) AND pg_catalog.pg_table_is_visible(pg_catalog.pg_class.oid) AND pg_catalog.pg_namespace.nspname != %(nspname_1)s (session.py:30)
2025-06-17 11:27:44 [    INFO] SELECT pg_catalog.pg_class.relname 
FROM pg_catalog.pg_class JOIN pg_catalog.pg_namespace ON pg_catalog.pg_namespace.oid = pg_catalog.pg_class.relnamespace 
WHERE pg_catalog.pg_class.relname = %(table_name)s AND pg_catalog.pg_class.relkind = ANY (ARRAY[%(param_1)s, %(param_2)s, %(param_3)s, %(param_4)s, %(param_5)s]) AND pg_catalog.pg_table_is_visible(pg_catalog.pg_class.oid) AND pg_catalog.pg_namespace.nspname != %(nspname_1)s (base.py:1842)
2025-06-17 11:27:44 [    INFO] [cached since 0.0183s ago] {'table_name': 'documents', 'param_1': 'r', 'param_2': 'p', 'param_3': 'f', 'param_4': 'v', 'param_5': 'm', 'nspname_1': 'pg_catalog'} (base.py:1842)
2025-06-17 11:27:44 [   DEBUG] Query eseguita in 0.01 secondi: SELECT pg_catalog.pg_class.relname 
FROM pg_catalog.pg_class JOIN pg_catalog.pg_namespace ON pg_catalog.pg_namespace.oid = pg_catalog.pg_class.relnamespace 
WHERE pg_catalog.pg_class.relname = %(table_name)s AND pg_catalog.pg_class.relkind = ANY (ARRAY[%(param_1)s, %(param_2)s, %(param_3)s, %(param_4)s, %(param_5)s]) AND pg_catalog.pg_table_is_visible(pg_catalog.pg_class.oid) AND pg_catalog.pg_namespace.nspname != %(nspname_1)s (session.py:30)
2025-06-17 11:27:44 [    INFO] SELECT pg_catalog.pg_class.relname 
FROM pg_catalog.pg_class JOIN pg_catalog.pg_namespace ON pg_catalog.pg_namespace.oid = pg_catalog.pg_class.relnamespace 
WHERE pg_catalog.pg_class.relname = %(table_name)s AND pg_catalog.pg_class.relkind = ANY (ARRAY[%(param_1)s, %(param_2)s, %(param_3)s, %(param_4)s, %(param_5)s]) AND pg_catalog.pg_table_is_visible(pg_catalog.pg_class.oid) AND pg_catalog.pg_namespace.nspname != %(nspname_1)s (base.py:1842)
2025-06-17 11:27:44 [    INFO] [cached since 0.03081s ago] {'table_name': 'document_versions', 'param_1': 'r', 'param_2': 'p', 'param_3': 'f', 'param_4': 'v', 'param_5': 'm', 'nspname_1': 'pg_catalog'} (base.py:1842)
2025-06-17 11:27:44 [   DEBUG] Query eseguita in 0.01 secondi: SELECT pg_catalog.pg_class.relname 
FROM pg_catalog.pg_class JOIN pg_catalog.pg_namespace ON pg_catalog.pg_namespace.oid = pg_catalog.pg_class.relnamespace 
WHERE pg_catalog.pg_class.relname = %(table_name)s AND pg_catalog.pg_class.relkind = ANY (ARRAY[%(param_1)s, %(param_2)s, %(param_3)s, %(param_4)s, %(param_5)s]) AND pg_catalog.pg_table_is_visible(pg_catalog.pg_class.oid) AND pg_catalog.pg_namespace.nspname != %(nspname_1)s (session.py:30)
2025-06-17 11:27:44 [    INFO] SELECT pg_catalog.pg_class.relname 
FROM pg_catalog.pg_class JOIN pg_catalog.pg_namespace ON pg_catalog.pg_namespace.oid = pg_catalog.pg_class.relnamespace 
WHERE pg_catalog.pg_class.relname = %(table_name)s AND pg_catalog.pg_class.relkind = ANY (ARRAY[%(param_1)s, %(param_2)s, %(param_3)s, %(param_4)s, %(param_5)s]) AND pg_catalog.pg_table_is_visible(pg_catalog.pg_class.oid) AND pg_catalog.pg_namespace.nspname != %(nspname_1)s (base.py:1842)
2025-06-17 11:27:44 [    INFO] [cached since 0.03804s ago] {'table_name': 'houses', 'param_1': 'r', 'param_2': 'p', 'param_3': 'f', 'param_4': 'v', 'param_5': 'm', 'nspname_1': 'pg_catalog'} (base.py:1842)
2025-06-17 11:27:44 [   DEBUG] Query eseguita in 0.01 secondi: SELECT pg_catalog.pg_class.relname 
FROM pg_catalog.pg_class JOIN pg_catalog.pg_namespace ON pg_catalog.pg_namespace.oid = pg_catalog.pg_class.relnamespace 
WHERE pg_catalog.pg_class.relname = %(table_name)s AND pg_catalog.pg_class.relkind = ANY (ARRAY[%(param_1)s, %(param_2)s, %(param_3)s, %(param_4)s, %(param_5)s]) AND pg_catalog.pg_table_is_visible(pg_catalog.pg_class.oid) AND pg_catalog.pg_namespace.nspname != %(nspname_1)s (session.py:30)
2025-06-17 11:27:44 [    INFO] SELECT pg_catalog.pg_class.relname 
FROM pg_catalog.pg_class JOIN pg_catalog.pg_namespace ON pg_catalog.pg_namespace.oid = pg_catalog.pg_class.relnamespace 
WHERE pg_catalog.pg_class.relname = %(table_name)s AND pg_catalog.pg_class.relkind = ANY (ARRAY[%(param_1)s, %(param_2)s, %(param_3)s, %(param_4)s, %(param_5)s]) AND pg_catalog.pg_table_is_visible(pg_catalog.pg_class.oid) AND pg_catalog.pg_namespace.nspname != %(nspname_1)s (base.py:1842)
2025-06-17 11:27:44 [    INFO] [cached since 0.04836s ago] {'table_name': 'nodes', 'param_1': 'r', 'param_2': 'p', 'param_3': 'f', 'param_4': 'v', 'param_5': 'm', 'nspname_1': 'pg_catalog'} (base.py:1842)
2025-06-17 11:27:44 [   DEBUG] Query eseguita in 0.00 secondi: SELECT pg_catalog.pg_class.relname 
FROM pg_catalog.pg_class JOIN pg_catalog.pg_namespace ON pg_catalog.pg_namespace.oid = pg_catalog.pg_class.relnamespace 
WHERE pg_catalog.pg_class.relname = %(table_name)s AND pg_catalog.pg_class.relkind = ANY (ARRAY[%(param_1)s, %(param_2)s, %(param_3)s, %(param_4)s, %(param_5)s]) AND pg_catalog.pg_table_is_visible(pg_catalog.pg_class.oid) AND pg_catalog.pg_namespace.nspname != %(nspname_1)s (session.py:30)
2025-06-17 11:27:44 [    INFO] SELECT pg_catalog.pg_class.relname 
FROM pg_catalog.pg_class JOIN pg_catalog.pg_namespace ON pg_catalog.pg_namespace.oid = pg_catalog.pg_class.relnamespace 
WHERE pg_catalog.pg_class.relname = %(table_name)s AND pg_catalog.pg_class.relkind = ANY (ARRAY[%(param_1)s, %(param_2)s, %(param_3)s, %(param_4)s, %(param_5)s]) AND pg_catalog.pg_table_is_visible(pg_catalog.pg_class.oid) AND pg_catalog.pg_namespace.nspname != %(nspname_1)s (base.py:1842)
2025-06-17 11:27:44 [    INFO] [cached since 0.05523s ago] {'table_name': 'rooms', 'param_1': 'r', 'param_2': 'p', 'param_3': 'f', 'param_4': 'v', 'param_5': 'm', 'nspname_1': 'pg_catalog'} (base.py:1842)
2025-06-17 11:27:44 [   DEBUG] Query eseguita in 0.01 secondi: SELECT pg_catalog.pg_class.relname 
FROM pg_catalog.pg_class JOIN pg_catalog.pg_namespace ON pg_catalog.pg_namespace.oid = pg_catalog.pg_class.relnamespace 
WHERE pg_catalog.pg_class.relname = %(table_name)s AND pg_catalog.pg_class.relkind = ANY (ARRAY[%(param_1)s, %(param_2)s, %(param_3)s, %(param_4)s, %(param_5)s]) AND pg_catalog.pg_table_is_visible(pg_catalog.pg_class.oid) AND pg_catalog.pg_namespace.nspname != %(nspname_1)s (session.py:30)
2025-06-17 11:27:44 [    INFO] SELECT pg_catalog.pg_class.relname 
FROM pg_catalog.pg_class JOIN pg_catalog.pg_namespace ON pg_catalog.pg_namespace.oid = pg_catalog.pg_class.relnamespace 
WHERE pg_catalog.pg_class.relname = %(table_name)s AND pg_catalog.pg_class.relkind = ANY (ARRAY[%(param_1)s, %(param_2)s, %(param_3)s, %(param_4)s, %(param_5)s]) AND pg_catalog.pg_table_is_visible(pg_catalog.pg_class.oid) AND pg_catalog.pg_namespace.nspname != %(nspname_1)s (base.py:1842)
2025-06-17 11:27:44 [    INFO] [cached since 0.06562s ago] {'table_name': 'bookings', 'param_1': 'r', 'param_2': 'p', 'param_3': 'f', 'param_4': 'v', 'param_5': 'm', 'nspname_1': 'pg_catalog'} (base.py:1842)
2025-06-17 11:27:44 [   DEBUG] Query eseguita in 0.01 secondi: SELECT pg_catalog.pg_class.relname 
FROM pg_catalog.pg_class JOIN pg_catalog.pg_namespace ON pg_catalog.pg_namespace.oid = pg_catalog.pg_class.relnamespace 
WHERE pg_catalog.pg_class.relname = %(table_name)s AND pg_catalog.pg_class.relkind = ANY (ARRAY[%(param_1)s, %(param_2)s, %(param_3)s, %(param_4)s, %(param_5)s]) AND pg_catalog.pg_table_is_visible(pg_catalog.pg_class.oid) AND pg_catalog.pg_namespace.nspname != %(nspname_1)s (session.py:30)
2025-06-17 11:27:44 [    INFO] SELECT pg_catalog.pg_class.relname 
FROM pg_catalog.pg_class JOIN pg_catalog.pg_namespace ON pg_catalog.pg_namespace.oid = pg_catalog.pg_class.relnamespace 
WHERE pg_catalog.pg_class.relname = %(table_name)s AND pg_catalog.pg_class.relkind = ANY (ARRAY[%(param_1)s, %(param_2)s, %(param_3)s, %(param_4)s, %(param_5)s]) AND pg_catalog.pg_table_is_visible(pg_catalog.pg_class.oid) AND pg_catalog.pg_namespace.nspname != %(nspname_1)s (base.py:1842)
2025-06-17 11:27:44 [    INFO] [cached since 0.07392s ago] {'table_name': 'maintenance_records', 'param_1': 'r', 'param_2': 'p', 'param_3': 'f', 'param_4': 'v', 'param_5': 'm', 'nspname_1': 'pg_catalog'} (base.py:1842)
2025-06-17 11:27:44 [   DEBUG] Query eseguita in 0.01 secondi: SELECT pg_catalog.pg_class.relname 
FROM pg_catalog.pg_class JOIN pg_catalog.pg_namespace ON pg_catalog.pg_namespace.oid = pg_catalog.pg_class.relnamespace 
WHERE pg_catalog.pg_class.relname = %(table_name)s AND pg_catalog.pg_class.relkind = ANY (ARRAY[%(param_1)s, %(param_2)s, %(param_3)s, %(param_4)s, %(param_5)s]) AND pg_catalog.pg_table_is_visible(pg_catalog.pg_class.oid) AND pg_catalog.pg_namespace.nspname != %(nspname_1)s (session.py:30)
2025-06-17 11:27:44 [    INFO] SELECT pg_catalog.pg_type.typname 
FROM pg_catalog.pg_type JOIN pg_catalog.pg_namespace ON pg_catalog.pg_namespace.oid = pg_catalog.pg_type.typnamespace 
WHERE pg_catalog.pg_type.typname = %(typname_1)s AND pg_catalog.pg_type_is_visible(pg_catalog.pg_type.oid) AND pg_catalog.pg_namespace.nspname != %(nspname_1)s (base.py:1842)
2025-06-17 11:27:44 [    INFO] [generated in 0.00154s] {'typname_1': 'maintenancetype', 'nspname_1': 'pg_catalog'} (base.py:1842)
2025-06-17 11:27:44 [   DEBUG] Query eseguita in 0.01 secondi: SELECT pg_catalog.pg_type.typname 
FROM pg_catalog.pg_type JOIN pg_catalog.pg_namespace ON pg_catalog.pg_namespace.oid = pg_catalog.pg_type.typnamespace 
WHERE pg_catalog.pg_type.typname = %(typname_1)s AND pg_catalog.pg_type_is_visible(pg_catalog.pg_type.oid) AND pg_catalog.pg_namespace.nspname != %(nspname_1)s (session.py:30)
2025-06-17 11:27:44 [    INFO] CREATE TYPE maintenancetype AS ENUM ('ROUTINE', 'PREVENTIVE', 'CORRECTIVE', 'EMERGENCY', 'INSPECTION') (base.py:1842)
2025-06-17 11:27:44 [    INFO] [no key 0.00072s] {} (base.py:1842)
2025-06-17 11:27:44 [   DEBUG] Query eseguita in 0.01 secondi: CREATE TYPE maintenancetype AS ENUM ('ROUTINE', 'PREVENTIVE', 'CORRECTIVE', 'EMERGENCY', 'INSPECTION') (session.py:30)
2025-06-17 11:27:44 [    INFO] SELECT pg_catalog.pg_type.typname 
FROM pg_catalog.pg_type JOIN pg_catalog.pg_namespace ON pg_catalog.pg_namespace.oid = pg_catalog.pg_type.typnamespace 
WHERE pg_catalog.pg_type.typname = %(typname_1)s AND pg_catalog.pg_type_is_visible(pg_catalog.pg_type.oid) AND pg_catalog.pg_namespace.nspname != %(nspname_1)s (base.py:1842)
2025-06-17 11:27:44 [    INFO] [cached since 0.02798s ago] {'typname_1': 'maintenancestatus', 'nspname_1': 'pg_catalog'} (base.py:1842)
2025-06-17 11:27:44 [   DEBUG] Query eseguita in 0.00 secondi: SELECT pg_catalog.pg_type.typname 
FROM pg_catalog.pg_type JOIN pg_catalog.pg_namespace ON pg_catalog.pg_namespace.oid = pg_catalog.pg_type.typnamespace 
WHERE pg_catalog.pg_type.typname = %(typname_1)s AND pg_catalog.pg_type_is_visible(pg_catalog.pg_type.oid) AND pg_catalog.pg_namespace.nspname != %(nspname_1)s (session.py:30)
2025-06-17 11:27:44 [    INFO] CREATE TYPE maintenancestatus AS ENUM ('PENDING', 'COMPLETED', 'FAILED') (base.py:1842)
2025-06-17 11:27:44 [    INFO] [no key 0.00236s] {} (base.py:1842)
2025-06-17 11:27:44 [   DEBUG] Query eseguita in 0.01 secondi: CREATE TYPE maintenancestatus AS ENUM ('PENDING', 'COMPLETED', 'FAILED') (session.py:30)
2025-06-17 11:27:44 [    INFO] 
CREATE TABLE "user" (
	id SERIAL NOT NULL, 
	email VARCHAR NOT NULL, 
	username VARCHAR NOT NULL, 
	hashed_password VARCHAR NOT NULL, 
	is_active BOOLEAN NOT NULL, 
	is_superuser BOOLEAN NOT NULL, 
	is_verified BOOLEAN NOT NULL, 
	created_at TIMESTAMP WITHOUT TIME ZONE NOT NULL, 
	updated_at TIMESTAMP WITHOUT TIME ZONE NOT NULL, 
	last_login TIMESTAMP WITH TIME ZONE, 
	full_name VARCHAR(255), 
	phone_number VARCHAR(20), 
	PRIMARY KEY (id)
)

 (base.py:1842)
2025-06-17 11:27:44 [    INFO] [no key 0.00144s] {} (base.py:1842)
2025-06-17 11:27:44 [   DEBUG] Query eseguita in 0.04 secondi: 
CREATE TABLE "user" (
	id SERIAL NOT NULL, 
	email VARCHAR NOT NULL, 
	username VARCHAR NOT NULL, 
	hashed_password VARCHAR NOT NULL, 
	is_active BOOLEAN NOT NULL, 
	is_superuser BOOLEAN NOT NULL, 
	is_verified BOOLEAN NOT NULL, 
	created_at TIMESTAMP WITHOUT TIME ZONE NOT NULL, 
	updated_at TIMESTAMP WITHOUT TIME ZONE NOT NULL, 
	last_login TIMESTAMP WITH TIME ZONE, 
	full_name VARCHAR(255), 
	phone_number VARCHAR(20), 
	PRIMARY KEY (id)
)

 (session.py:30)
2025-06-17 11:27:44 [    INFO] CREATE UNIQUE INDEX ix_user_email ON "user" (email) (base.py:1842)
2025-06-17 11:27:44 [    INFO] [no key 0.00090s] {} (base.py:1842)
2025-06-17 11:27:44 [   DEBUG] Query eseguita in 0.01 secondi: CREATE UNIQUE INDEX ix_user_email ON "user" (email) (session.py:30)
2025-06-17 11:27:44 [    INFO] CREATE UNIQUE INDEX ix_user_username ON "user" (username) (base.py:1842)
2025-06-17 11:27:44 [    INFO] [no key 0.00358s] {} (base.py:1842)
2025-06-17 11:27:44 [   DEBUG] Query eseguita in 0.01 secondi: CREATE UNIQUE INDEX ix_user_username ON "user" (username) (session.py:30)
2025-06-17 11:27:44 [    INFO] 
CREATE TABLE houses (
	id SERIAL NOT NULL, 
	name VARCHAR NOT NULL, 
	address VARCHAR NOT NULL, 
	owner_id INTEGER NOT NULL, 
	created_at TIMESTAMP WITHOUT TIME ZONE NOT NULL, 
	updated_at TIMESTAMP WITHOUT TIME ZONE NOT NULL, 
	PRIMARY KEY (id), 
	FOREIGN KEY(owner_id) REFERENCES "user" (id)
)

 (base.py:1842)
2025-06-17 11:27:44 [    INFO] [no key 0.00488s] {} (base.py:1842)
2025-06-17 11:27:44 [   DEBUG] Query eseguita in 0.04 secondi: 
CREATE TABLE houses (
	id SERIAL NOT NULL, 
	name VARCHAR NOT NULL, 
	address VARCHAR NOT NULL, 
	owner_id INTEGER NOT NULL, 
	created_at TIMESTAMP WITHOUT TIME ZONE NOT NULL, 
	updated_at TIMESTAMP WITHOUT TIME ZONE NOT NULL, 
	PRIMARY KEY (id), 
	FOREIGN KEY(owner_id) REFERENCES "user" (id)
)

 (session.py:30)
2025-06-17 11:27:44 [    INFO] CREATE INDEX ix_houses_name ON houses (name) (base.py:1842)
2025-06-17 11:27:44 [    INFO] [no key 0.00097s] {} (base.py:1842)
2025-06-17 11:27:44 [   DEBUG] Query eseguita in 0.01 secondi: CREATE INDEX ix_houses_name ON houses (name) (session.py:30)
2025-06-17 11:27:44 [    INFO] 
CREATE TABLE rooms (
	id SERIAL NOT NULL, 
	name VARCHAR NOT NULL, 
	description VARCHAR, 
	floor INTEGER NOT NULL, 
	area FLOAT NOT NULL, 
	house_id INTEGER NOT NULL, 
	created_at TIMESTAMP WITHOUT TIME ZONE NOT NULL, 
	updated_at TIMESTAMP WITHOUT TIME ZONE NOT NULL, 
	PRIMARY KEY (id), 
	FOREIGN KEY(house_id) REFERENCES houses (id)
)

 (base.py:1842)
2025-06-17 11:27:44 [    INFO] [no key 0.00105s] {} (base.py:1842)
2025-06-17 11:27:44 [   DEBUG] Query eseguita in 0.03 secondi: 
CREATE TABLE rooms (
	id SERIAL NOT NULL, 
	name VARCHAR NOT NULL, 
	description VARCHAR, 
	floor INTEGER NOT NULL, 
	area FLOAT NOT NULL, 
	house_id INTEGER NOT NULL, 
	created_at TIMESTAMP WITHOUT TIME ZONE NOT NULL, 
	updated_at TIMESTAMP WITHOUT TIME ZONE NOT NULL, 
	PRIMARY KEY (id), 
	FOREIGN KEY(house_id) REFERENCES houses (id)
)

 (session.py:30)
2025-06-17 11:27:44 [    INFO] CREATE INDEX ix_rooms_name ON rooms (name) (base.py:1842)
2025-06-17 11:27:44 [    INFO] [no key 0.00167s] {} (base.py:1842)
2025-06-17 11:27:44 [   DEBUG] Query eseguita in 0.01 secondi: CREATE INDEX ix_rooms_name ON rooms (name) (session.py:30)
2025-06-17 11:27:44 [    INFO] 
CREATE TABLE nodes (
	id SERIAL NOT NULL, 
	name VARCHAR NOT NULL, 
	description VARCHAR, 
	nfc_id VARCHAR NOT NULL, 
	house_id INTEGER NOT NULL, 
	room_id INTEGER, 
	PRIMARY KEY (id), 
	FOREIGN KEY(house_id) REFERENCES houses (id), 
	FOREIGN KEY(room_id) REFERENCES rooms (id)
)

 (base.py:1842)
2025-06-17 11:27:44 [    INFO] [no key 0.00199s] {} (base.py:1842)
2025-06-17 11:27:44 [   DEBUG] Query eseguita in 0.03 secondi: 
CREATE TABLE nodes (
	id SERIAL NOT NULL, 
	name VARCHAR NOT NULL, 
	description VARCHAR, 
	nfc_id VARCHAR NOT NULL, 
	house_id INTEGER NOT NULL, 
	room_id INTEGER, 
	PRIMARY KEY (id), 
	FOREIGN KEY(house_id) REFERENCES houses (id), 
	FOREIGN KEY(room_id) REFERENCES rooms (id)
)

 (session.py:30)
2025-06-17 11:27:44 [    INFO] CREATE UNIQUE INDEX ix_nodes_nfc_id ON nodes (nfc_id) (base.py:1842)
2025-06-17 11:27:44 [    INFO] [no key 0.00134s] {} (base.py:1842)
2025-06-17 11:27:44 [   DEBUG] Query eseguita in 0.01 secondi: CREATE UNIQUE INDEX ix_nodes_nfc_id ON nodes (nfc_id) (session.py:30)
2025-06-17 11:27:44 [    INFO] 
CREATE TABLE bookings (
	id SERIAL NOT NULL, 
	room_id INTEGER NOT NULL, 
	user_id INTEGER NOT NULL, 
	start_time TIMESTAMP WITHOUT TIME ZONE NOT NULL, 
	end_time TIMESTAMP WITHOUT TIME ZONE NOT NULL, 
	status VARCHAR NOT NULL, 
	notes VARCHAR, 
	created_at TIMESTAMP WITHOUT TIME ZONE NOT NULL, 
	updated_at TIMESTAMP WITHOUT TIME ZONE NOT NULL, 
	PRIMARY KEY (id), 
	FOREIGN KEY(room_id) REFERENCES rooms (id), 
	FOREIGN KEY(user_id) REFERENCES "user" (id)
)

 (base.py:1842)
2025-06-17 11:27:44 [    INFO] [no key 0.00219s] {} (base.py:1842)
2025-06-17 11:27:44 [   DEBUG] Query eseguita in 0.04 secondi: 
CREATE TABLE bookings (
	id SERIAL NOT NULL, 
	room_id INTEGER NOT NULL, 
	user_id INTEGER NOT NULL, 
	start_time TIMESTAMP WITHOUT TIME ZONE NOT NULL, 
	end_time TIMESTAMP WITHOUT TIME ZONE NOT NULL, 
	status VARCHAR NOT NULL, 
	notes VARCHAR, 
	created_at TIMESTAMP WITHOUT TIME ZONE NOT NULL, 
	updated_at TIMESTAMP WITHOUT TIME ZONE NOT NULL, 
	PRIMARY KEY (id), 
	FOREIGN KEY(room_id) REFERENCES rooms (id), 
	FOREIGN KEY(user_id) REFERENCES "user" (id)
)

 (session.py:30)
2025-06-17 11:27:44 [    INFO] 
CREATE TABLE documents (
	id SERIAL NOT NULL, 
	created_at TIMESTAMP WITHOUT TIME ZONE NOT NULL, 
	updated_at TIMESTAMP WITHOUT TIME ZONE NOT NULL, 
	owner_id INTEGER NOT NULL, 
	name VARCHAR NOT NULL, 
	type VARCHAR NOT NULL, 
	size INTEGER NOT NULL, 
	upload_date TIMESTAMP WITHOUT TIME ZONE NOT NULL, 
	path VARCHAR NOT NULL, 
	checksum VARCHAR NOT NULL, 
	house_id INTEGER, 
	node_id INTEGER, 
	description VARCHAR, 
	PRIMARY KEY (id), 
	FOREIGN KEY(owner_id) REFERENCES "user" (id), 
	FOREIGN KEY(house_id) REFERENCES houses (id), 
	FOREIGN KEY(node_id) REFERENCES nodes (id)
)

 (base.py:1842)
2025-06-17 11:27:44 [    INFO] [no key 0.00098s] {} (base.py:1842)
2025-06-17 11:27:44 [   DEBUG] Query eseguita in 0.04 secondi: 
CREATE TABLE documents (
	id SERIAL NOT NULL, 
	created_at TIMESTAMP WITHOUT TIME ZONE NOT NULL, 
	updated_at TIMESTAMP WITHOUT TIME ZONE NOT NULL, 
	owner_id INTEGER NOT NULL, 
	name VARCHAR NOT NULL, 
	type VARCHAR NOT NULL, 
	size INTEGER NOT NULL, 
	upload_date TIMESTAMP WITHOUT TIME ZONE NOT NULL, 
	path VARCHAR NOT NULL, 
	checksum VARCHAR NOT NULL, 
	house_id INTEGER, 
	node_id INTEGER, 
	description VARCHAR, 
	PRIMARY KEY (id), 
	FOREIGN KEY(owner_id) REFERENCES "user" (id), 
	FOREIGN KEY(house_id) REFERENCES houses (id), 
	FOREIGN KEY(node_id) REFERENCES nodes (id)
)

 (session.py:30)
2025-06-17 11:27:44 [    INFO] CREATE INDEX ix_documents_owner_id ON documents (owner_id) (base.py:1842)
2025-06-17 11:27:44 [    INFO] [no key 0.00180s] {} (base.py:1842)
2025-06-17 11:27:44 [   DEBUG] Query eseguita in 0.01 secondi: CREATE INDEX ix_documents_owner_id ON documents (owner_id) (session.py:30)
2025-06-17 11:27:44 [    INFO] 
CREATE TABLE document_versions (
	id SERIAL NOT NULL, 
	version_number INTEGER NOT NULL, 
	file_path VARCHAR NOT NULL, 
	file_size INTEGER NOT NULL, 
	checksum VARCHAR NOT NULL, 
	created_at TIMESTAMP WITHOUT TIME ZONE NOT NULL, 
	updated_at TIMESTAMP WITHOUT TIME ZONE NOT NULL, 
	document_id INTEGER NOT NULL, 
	created_by_id INTEGER, 
	PRIMARY KEY (id), 
	FOREIGN KEY(document_id) REFERENCES documents (id), 
	FOREIGN KEY(created_by_id) REFERENCES "user" (id)
)

 (base.py:1842)
2025-06-17 11:27:44 [    INFO] [no key 0.00168s] {} (base.py:1842)
2025-06-17 11:27:44 [   DEBUG] Query eseguita in 0.05 secondi: 
CREATE TABLE document_versions (
	id SERIAL NOT NULL, 
	version_number INTEGER NOT NULL, 
	file_path VARCHAR NOT NULL, 
	file_size INTEGER NOT NULL, 
	checksum VARCHAR NOT NULL, 
	created_at TIMESTAMP WITHOUT TIME ZONE NOT NULL, 
	updated_at TIMESTAMP WITHOUT TIME ZONE NOT NULL, 
	document_id INTEGER NOT NULL, 
	created_by_id INTEGER, 
	PRIMARY KEY (id), 
	FOREIGN KEY(document_id) REFERENCES documents (id), 
	FOREIGN KEY(created_by_id) REFERENCES "user" (id)
)

 (session.py:30)
2025-06-17 11:27:44 [    INFO] CREATE INDEX ix_document_versions_version_number ON document_versions (version_number) (base.py:1842)
2025-06-17 11:27:44 [    INFO] [no key 0.00207s] {} (base.py:1842)
2025-06-17 11:27:44 [   DEBUG] Query eseguita in 0.01 secondi: CREATE INDEX ix_document_versions_version_number ON document_versions (version_number) (session.py:30)
2025-06-17 11:27:44 [    INFO] CREATE INDEX ix_document_versions_created_by_id ON document_versions (created_by_id) (base.py:1842)
2025-06-17 11:27:44 [    INFO] [no key 0.00065s] {} (base.py:1842)
2025-06-17 11:27:44 [   DEBUG] Query eseguita in 0.01 secondi: CREATE INDEX ix_document_versions_created_by_id ON document_versions (created_by_id) (session.py:30)
2025-06-17 11:27:44 [    INFO] CREATE INDEX ix_document_versions_document_id ON document_versions (document_id) (base.py:1842)
2025-06-17 11:27:44 [    INFO] [no key 0.00153s] {} (base.py:1842)
2025-06-17 11:27:44 [   DEBUG] Query eseguita in 0.01 secondi: CREATE INDEX ix_document_versions_document_id ON document_versions (document_id) (session.py:30)
2025-06-17 11:27:44 [    INFO] 
CREATE TABLE maintenance_records (
	id SERIAL NOT NULL, 
	node_id INTEGER NOT NULL, 
	timestamp TIMESTAMP WITHOUT TIME ZONE NOT NULL, 
	maintenance_type maintenancetype NOT NULL, 
	description VARCHAR NOT NULL, 
	status maintenancestatus NOT NULL, 
	notes VARCHAR, 
	document_id INTEGER, 
	PRIMARY KEY (id), 
	FOREIGN KEY(node_id) REFERENCES nodes (id), 
	FOREIGN KEY(document_id) REFERENCES documents (id)
)

 (base.py:1842)
2025-06-17 11:27:44 [    INFO] [no key 0.00111s] {} (base.py:1842)
2025-06-17 11:27:44 [   DEBUG] Query eseguita in 0.03 secondi: 
CREATE TABLE maintenance_records (
	id SERIAL NOT NULL, 
	node_id INTEGER NOT NULL, 
	timestamp TIMESTAMP WITHOUT TIME ZONE NOT NULL, 
	maintenance_type maintenancetype NOT NULL, 
	description VARCHAR NOT NULL, 
	status maintenancestatus NOT NULL, 
	notes VARCHAR, 
	document_id INTEGER, 
	PRIMARY KEY (id), 
	FOREIGN KEY(node_id) REFERENCES nodes (id), 
	FOREIGN KEY(document_id) REFERENCES documents (id)
)

 (session.py:30)
2025-06-17 11:27:44 [    INFO] CREATE INDEX ix_maintenance_records_node_id ON maintenance_records (node_id) (base.py:1842)
2025-06-17 11:27:44 [    INFO] [no key 0.00267s] {} (base.py:1842)
2025-06-17 11:27:44 [   DEBUG] Query eseguita in 0.01 secondi: CREATE INDEX ix_maintenance_records_node_id ON maintenance_records (node_id) (session.py:30)
2025-06-17 11:27:44 [    INFO] COMMIT (base.py:2704)
2025-06-17 11:27:44 [   DEBUG] Test database tables created successfully (test_users.py:52)
2025-06-17 11:27:44 [   DEBUG] Test database session created successfully (test_users.py:55)
2025-06-17 11:27:44 [   DEBUG] Overriding get_session for tests... (conftest.py:269)
2025-06-17 11:27:44 [   DEBUG] Setting up FakeRedis for tests... (conftest_redis.py:18)
2025-06-17 11:27:44 [   DEBUG] Connessione Redis stabilita con successo (redis.py:24)
-------------------------------- live log call --------------------------------
2025-06-17 11:27:44 [   DEBUG] Using proactor: IocpProactor (proactor_events.py:631)
2025-06-17 11:27:44 [    INFO] HTTP Request: POST http://testserver/api/v1/auth/register "HTTP/1.1 422 Unprocessable Entity" (_client.py:1025)
PASSED                                                                   [ 16%]
------------------------------ live log teardown ------------------------------
2025-06-17 11:27:44 [   DEBUG] Restored original Redis client (conftest_redis.py:29)
2025-06-17 11:27:44 [   DEBUG] get_session override cleared (conftest.py:275)
2025-06-17 11:27:44 [   DEBUG] Cleaning up test database session... (test_users.py:57)
2025-06-17 11:27:44 [    INFO] BEGIN (implicit) (base.py:2698)
2025-06-17 11:27:44 [    INFO] DROP SCHEMA public CASCADE (base.py:1842)
2025-06-17 11:27:44 [    INFO] [generated in 0.00559s] {} (base.py:1842)
2025-06-17 11:27:45 [   DEBUG] Query eseguita in 0.12 secondi: DROP SCHEMA public CASCADE (session.py:30)
2025-06-17 11:27:45 [    INFO] CREATE SCHEMA public (base.py:1842)
2025-06-17 11:27:45 [    INFO] [generated in 0.00153s] {} (base.py:1842)
2025-06-17 11:27:45 [   DEBUG] Query eseguita in 0.01 secondi: CREATE SCHEMA public (session.py:30)
2025-06-17 11:27:45 [    INFO] COMMIT (base.py:2704)
2025-06-17 11:27:45 [   DEBUG] Test database cleanup completed (test_users.py:63)
2025-06-17 11:27:45 [   DEBUG] Session fixture completed in 1.76 seconds (test_users.py:68)

tests/api/test_users.py::test_create_user_invalid_email[spaces in@email.com] 
------------------------------- live log setup --------------------------------
2025-06-17 11:27:45 [   DEBUG] Setting up test database session... (test_users.py:38)
2025-06-17 11:27:45 [    INFO] select pg_catalog.version() (base.py:1842)
2025-06-17 11:27:45 [    INFO] [raw sql] {} (base.py:1842)
2025-06-17 11:27:45 [    INFO] select current_schema() (base.py:1842)
2025-06-17 11:27:45 [    INFO] [raw sql] {} (base.py:1842)
2025-06-17 11:27:45 [    INFO] show standard_conforming_strings (base.py:1842)
2025-06-17 11:27:45 [    INFO] [raw sql] {} (base.py:1842)
2025-06-17 11:27:45 [    INFO] BEGIN (implicit) (base.py:2698)
2025-06-17 11:27:45 [    INFO] SELECT pg_catalog.pg_class.relname 
FROM pg_catalog.pg_class JOIN pg_catalog.pg_namespace ON pg_catalog.pg_namespace.oid = pg_catalog.pg_class.relnamespace 
WHERE pg_catalog.pg_class.relname = %(table_name)s AND pg_catalog.pg_class.relkind = ANY (ARRAY[%(param_1)s, %(param_2)s, %(param_3)s, %(param_4)s, %(param_5)s]) AND pg_catalog.pg_table_is_visible(pg_catalog.pg_class.oid) AND pg_catalog.pg_namespace.nspname != %(nspname_1)s (base.py:1842)
2025-06-17 11:27:45 [    INFO] [generated in 0.00287s] {'table_name': 'user', 'param_1': 'r', 'param_2': 'p', 'param_3': 'f', 'param_4': 'v', 'param_5': 'm', 'nspname_1': 'pg_catalog'} (base.py:1842)
2025-06-17 11:27:45 [   DEBUG] Query eseguita in 0.02 secondi: SELECT pg_catalog.pg_class.relname 
FROM pg_catalog.pg_class JOIN pg_catalog.pg_namespace ON pg_catalog.pg_namespace.oid = pg_catalog.pg_class.relnamespace 
WHERE pg_catalog.pg_class.relname = %(table_name)s AND pg_catalog.pg_class.relkind = ANY (ARRAY[%(param_1)s, %(param_2)s, %(param_3)s, %(param_4)s, %(param_5)s]) AND pg_catalog.pg_table_is_visible(pg_catalog.pg_class.oid) AND pg_catalog.pg_namespace.nspname != %(nspname_1)s (session.py:30)
2025-06-17 11:27:45 [    INFO] SELECT pg_catalog.pg_class.relname 
FROM pg_catalog.pg_class JOIN pg_catalog.pg_namespace ON pg_catalog.pg_namespace.oid = pg_catalog.pg_class.relnamespace 
WHERE pg_catalog.pg_class.relname = %(table_name)s AND pg_catalog.pg_class.relkind = ANY (ARRAY[%(param_1)s, %(param_2)s, %(param_3)s, %(param_4)s, %(param_5)s]) AND pg_catalog.pg_table_is_visible(pg_catalog.pg_class.oid) AND pg_catalog.pg_namespace.nspname != %(nspname_1)s (base.py:1842)
2025-06-17 11:27:45 [    INFO] [cached since 0.02015s ago] {'table_name': 'documents', 'param_1': 'r', 'param_2': 'p', 'param_3': 'f', 'param_4': 'v', 'param_5': 'm', 'nspname_1': 'pg_catalog'} (base.py:1842)
2025-06-17 11:27:45 [   DEBUG] Query eseguita in 0.01 secondi: SELECT pg_catalog.pg_class.relname 
FROM pg_catalog.pg_class JOIN pg_catalog.pg_namespace ON pg_catalog.pg_namespace.oid = pg_catalog.pg_class.relnamespace 
WHERE pg_catalog.pg_class.relname = %(table_name)s AND pg_catalog.pg_class.relkind = ANY (ARRAY[%(param_1)s, %(param_2)s, %(param_3)s, %(param_4)s, %(param_5)s]) AND pg_catalog.pg_table_is_visible(pg_catalog.pg_class.oid) AND pg_catalog.pg_namespace.nspname != %(nspname_1)s (session.py:30)
2025-06-17 11:27:45 [    INFO] SELECT pg_catalog.pg_class.relname 
FROM pg_catalog.pg_class JOIN pg_catalog.pg_namespace ON pg_catalog.pg_namespace.oid = pg_catalog.pg_class.relnamespace 
WHERE pg_catalog.pg_class.relname = %(table_name)s AND pg_catalog.pg_class.relkind = ANY (ARRAY[%(param_1)s, %(param_2)s, %(param_3)s, %(param_4)s, %(param_5)s]) AND pg_catalog.pg_table_is_visible(pg_catalog.pg_class.oid) AND pg_catalog.pg_namespace.nspname != %(nspname_1)s (base.py:1842)
2025-06-17 11:27:45 [    INFO] [cached since 0.03168s ago] {'table_name': 'document_versions', 'param_1': 'r', 'param_2': 'p', 'param_3': 'f', 'param_4': 'v', 'param_5': 'm', 'nspname_1': 'pg_catalog'} (base.py:1842)
2025-06-17 11:27:45 [   DEBUG] Query eseguita in 0.00 secondi: SELECT pg_catalog.pg_class.relname 
FROM pg_catalog.pg_class JOIN pg_catalog.pg_namespace ON pg_catalog.pg_namespace.oid = pg_catalog.pg_class.relnamespace 
WHERE pg_catalog.pg_class.relname = %(table_name)s AND pg_catalog.pg_class.relkind = ANY (ARRAY[%(param_1)s, %(param_2)s, %(param_3)s, %(param_4)s, %(param_5)s]) AND pg_catalog.pg_table_is_visible(pg_catalog.pg_class.oid) AND pg_catalog.pg_namespace.nspname != %(nspname_1)s (session.py:30)
2025-06-17 11:27:45 [    INFO] SELECT pg_catalog.pg_class.relname 
FROM pg_catalog.pg_class JOIN pg_catalog.pg_namespace ON pg_catalog.pg_namespace.oid = pg_catalog.pg_class.relnamespace 
WHERE pg_catalog.pg_class.relname = %(table_name)s AND pg_catalog.pg_class.relkind = ANY (ARRAY[%(param_1)s, %(param_2)s, %(param_3)s, %(param_4)s, %(param_5)s]) AND pg_catalog.pg_table_is_visible(pg_catalog.pg_class.oid) AND pg_catalog.pg_namespace.nspname != %(nspname_1)s (base.py:1842)
2025-06-17 11:27:45 [    INFO] [cached since 0.03947s ago] {'table_name': 'houses', 'param_1': 'r', 'param_2': 'p', 'param_3': 'f', 'param_4': 'v', 'param_5': 'm', 'nspname_1': 'pg_catalog'} (base.py:1842)
2025-06-17 11:27:45 [   DEBUG] Query eseguita in 0.01 secondi: SELECT pg_catalog.pg_class.relname 
FROM pg_catalog.pg_class JOIN pg_catalog.pg_namespace ON pg_catalog.pg_namespace.oid = pg_catalog.pg_class.relnamespace 
WHERE pg_catalog.pg_class.relname = %(table_name)s AND pg_catalog.pg_class.relkind = ANY (ARRAY[%(param_1)s, %(param_2)s, %(param_3)s, %(param_4)s, %(param_5)s]) AND pg_catalog.pg_table_is_visible(pg_catalog.pg_class.oid) AND pg_catalog.pg_namespace.nspname != %(nspname_1)s (session.py:30)
2025-06-17 11:27:45 [    INFO] SELECT pg_catalog.pg_class.relname 
FROM pg_catalog.pg_class JOIN pg_catalog.pg_namespace ON pg_catalog.pg_namespace.oid = pg_catalog.pg_class.relnamespace 
WHERE pg_catalog.pg_class.relname = %(table_name)s AND pg_catalog.pg_class.relkind = ANY (ARRAY[%(param_1)s, %(param_2)s, %(param_3)s, %(param_4)s, %(param_5)s]) AND pg_catalog.pg_table_is_visible(pg_catalog.pg_class.oid) AND pg_catalog.pg_namespace.nspname != %(nspname_1)s (base.py:1842)
2025-06-17 11:27:45 [    INFO] [cached since 0.04957s ago] {'table_name': 'nodes', 'param_1': 'r', 'param_2': 'p', 'param_3': 'f', 'param_4': 'v', 'param_5': 'm', 'nspname_1': 'pg_catalog'} (base.py:1842)
2025-06-17 11:27:45 [   DEBUG] Query eseguita in 0.00 secondi: SELECT pg_catalog.pg_class.relname 
FROM pg_catalog.pg_class JOIN pg_catalog.pg_namespace ON pg_catalog.pg_namespace.oid = pg_catalog.pg_class.relnamespace 
WHERE pg_catalog.pg_class.relname = %(table_name)s AND pg_catalog.pg_class.relkind = ANY (ARRAY[%(param_1)s, %(param_2)s, %(param_3)s, %(param_4)s, %(param_5)s]) AND pg_catalog.pg_table_is_visible(pg_catalog.pg_class.oid) AND pg_catalog.pg_namespace.nspname != %(nspname_1)s (session.py:30)
2025-06-17 11:27:45 [    INFO] SELECT pg_catalog.pg_class.relname 
FROM pg_catalog.pg_class JOIN pg_catalog.pg_namespace ON pg_catalog.pg_namespace.oid = pg_catalog.pg_class.relnamespace 
WHERE pg_catalog.pg_class.relname = %(table_name)s AND pg_catalog.pg_class.relkind = ANY (ARRAY[%(param_1)s, %(param_2)s, %(param_3)s, %(param_4)s, %(param_5)s]) AND pg_catalog.pg_table_is_visible(pg_catalog.pg_class.oid) AND pg_catalog.pg_namespace.nspname != %(nspname_1)s (base.py:1842)
2025-06-17 11:27:45 [    INFO] [cached since 0.05803s ago] {'table_name': 'rooms', 'param_1': 'r', 'param_2': 'p', 'param_3': 'f', 'param_4': 'v', 'param_5': 'm', 'nspname_1': 'pg_catalog'} (base.py:1842)
2025-06-17 11:27:45 [   DEBUG] Query eseguita in 0.01 secondi: SELECT pg_catalog.pg_class.relname 
FROM pg_catalog.pg_class JOIN pg_catalog.pg_namespace ON pg_catalog.pg_namespace.oid = pg_catalog.pg_class.relnamespace 
WHERE pg_catalog.pg_class.relname = %(table_name)s AND pg_catalog.pg_class.relkind = ANY (ARRAY[%(param_1)s, %(param_2)s, %(param_3)s, %(param_4)s, %(param_5)s]) AND pg_catalog.pg_table_is_visible(pg_catalog.pg_class.oid) AND pg_catalog.pg_namespace.nspname != %(nspname_1)s (session.py:30)
2025-06-17 11:27:45 [    INFO] SELECT pg_catalog.pg_class.relname 
FROM pg_catalog.pg_class JOIN pg_catalog.pg_namespace ON pg_catalog.pg_namespace.oid = pg_catalog.pg_class.relnamespace 
WHERE pg_catalog.pg_class.relname = %(table_name)s AND pg_catalog.pg_class.relkind = ANY (ARRAY[%(param_1)s, %(param_2)s, %(param_3)s, %(param_4)s, %(param_5)s]) AND pg_catalog.pg_table_is_visible(pg_catalog.pg_class.oid) AND pg_catalog.pg_namespace.nspname != %(nspname_1)s (base.py:1842)
2025-06-17 11:27:45 [    INFO] [cached since 0.06718s ago] {'table_name': 'bookings', 'param_1': 'r', 'param_2': 'p', 'param_3': 'f', 'param_4': 'v', 'param_5': 'm', 'nspname_1': 'pg_catalog'} (base.py:1842)
2025-06-17 11:27:45 [   DEBUG] Query eseguita in 0.01 secondi: SELECT pg_catalog.pg_class.relname 
FROM pg_catalog.pg_class JOIN pg_catalog.pg_namespace ON pg_catalog.pg_namespace.oid = pg_catalog.pg_class.relnamespace 
WHERE pg_catalog.pg_class.relname = %(table_name)s AND pg_catalog.pg_class.relkind = ANY (ARRAY[%(param_1)s, %(param_2)s, %(param_3)s, %(param_4)s, %(param_5)s]) AND pg_catalog.pg_table_is_visible(pg_catalog.pg_class.oid) AND pg_catalog.pg_namespace.nspname != %(nspname_1)s (session.py:30)
2025-06-17 11:27:45 [    INFO] SELECT pg_catalog.pg_class.relname 
FROM pg_catalog.pg_class JOIN pg_catalog.pg_namespace ON pg_catalog.pg_namespace.oid = pg_catalog.pg_class.relnamespace 
WHERE pg_catalog.pg_class.relname = %(table_name)s AND pg_catalog.pg_class.relkind = ANY (ARRAY[%(param_1)s, %(param_2)s, %(param_3)s, %(param_4)s, %(param_5)s]) AND pg_catalog.pg_table_is_visible(pg_catalog.pg_class.oid) AND pg_catalog.pg_namespace.nspname != %(nspname_1)s (base.py:1842)
2025-06-17 11:27:45 [    INFO] [cached since 0.07727s ago] {'table_name': 'maintenance_records', 'param_1': 'r', 'param_2': 'p', 'param_3': 'f', 'param_4': 'v', 'param_5': 'm', 'nspname_1': 'pg_catalog'} (base.py:1842)
2025-06-17 11:27:45 [   DEBUG] Query eseguita in 0.01 secondi: SELECT pg_catalog.pg_class.relname 
FROM pg_catalog.pg_class JOIN pg_catalog.pg_namespace ON pg_catalog.pg_namespace.oid = pg_catalog.pg_class.relnamespace 
WHERE pg_catalog.pg_class.relname = %(table_name)s AND pg_catalog.pg_class.relkind = ANY (ARRAY[%(param_1)s, %(param_2)s, %(param_3)s, %(param_4)s, %(param_5)s]) AND pg_catalog.pg_table_is_visible(pg_catalog.pg_class.oid) AND pg_catalog.pg_namespace.nspname != %(nspname_1)s (session.py:30)
2025-06-17 11:27:45 [    INFO] SELECT pg_catalog.pg_type.typname 
FROM pg_catalog.pg_type JOIN pg_catalog.pg_namespace ON pg_catalog.pg_namespace.oid = pg_catalog.pg_type.typnamespace 
WHERE pg_catalog.pg_type.typname = %(typname_1)s AND pg_catalog.pg_type_is_visible(pg_catalog.pg_type.oid) AND pg_catalog.pg_namespace.nspname != %(nspname_1)s (base.py:1842)
2025-06-17 11:27:45 [    INFO] [generated in 0.00523s] {'typname_1': 'maintenancetype', 'nspname_1': 'pg_catalog'} (base.py:1842)
2025-06-17 11:27:45 [   DEBUG] Query eseguita in 0.01 secondi: SELECT pg_catalog.pg_type.typname 
FROM pg_catalog.pg_type JOIN pg_catalog.pg_namespace ON pg_catalog.pg_namespace.oid = pg_catalog.pg_type.typnamespace 
WHERE pg_catalog.pg_type.typname = %(typname_1)s AND pg_catalog.pg_type_is_visible(pg_catalog.pg_type.oid) AND pg_catalog.pg_namespace.nspname != %(nspname_1)s (session.py:30)
2025-06-17 11:27:45 [    INFO] CREATE TYPE maintenancetype AS ENUM ('ROUTINE', 'PREVENTIVE', 'CORRECTIVE', 'EMERGENCY', 'INSPECTION') (base.py:1842)
2025-06-17 11:27:45 [    INFO] [no key 0.00092s] {} (base.py:1842)
2025-06-17 11:27:46 [   DEBUG] Query eseguita in 0.02 secondi: CREATE TYPE maintenancetype AS ENUM ('ROUTINE', 'PREVENTIVE', 'CORRECTIVE', 'EMERGENCY', 'INSPECTION') (session.py:30)
2025-06-17 11:27:46 [    INFO] SELECT pg_catalog.pg_type.typname 
FROM pg_catalog.pg_type JOIN pg_catalog.pg_namespace ON pg_catalog.pg_namespace.oid = pg_catalog.pg_type.typnamespace 
WHERE pg_catalog.pg_type.typname = %(typname_1)s AND pg_catalog.pg_type_is_visible(pg_catalog.pg_type.oid) AND pg_catalog.pg_namespace.nspname != %(nspname_1)s (base.py:1842)
2025-06-17 11:27:46 [    INFO] [cached since 0.4115s ago] {'typname_1': 'maintenancestatus', 'nspname_1': 'pg_catalog'} (base.py:1842)
2025-06-17 11:27:46 [   DEBUG] Query eseguita in 0.01 secondi: SELECT pg_catalog.pg_type.typname 
FROM pg_catalog.pg_type JOIN pg_catalog.pg_namespace ON pg_catalog.pg_namespace.oid = pg_catalog.pg_type.typnamespace 
WHERE pg_catalog.pg_type.typname = %(typname_1)s AND pg_catalog.pg_type_is_visible(pg_catalog.pg_type.oid) AND pg_catalog.pg_namespace.nspname != %(nspname_1)s (session.py:30)
2025-06-17 11:27:46 [    INFO] CREATE TYPE maintenancestatus AS ENUM ('PENDING', 'COMPLETED', 'FAILED') (base.py:1842)
2025-06-17 11:27:46 [    INFO] [no key 0.00180s] {} (base.py:1842)
2025-06-17 11:27:46 [   DEBUG] Query eseguita in 0.00 secondi: CREATE TYPE maintenancestatus AS ENUM ('PENDING', 'COMPLETED', 'FAILED') (session.py:30)
2025-06-17 11:27:46 [    INFO] 
CREATE TABLE "user" (
	id SERIAL NOT NULL, 
	email VARCHAR NOT NULL, 
	username VARCHAR NOT NULL, 
	hashed_password VARCHAR NOT NULL, 
	is_active BOOLEAN NOT NULL, 
	is_superuser BOOLEAN NOT NULL, 
	is_verified BOOLEAN NOT NULL, 
	created_at TIMESTAMP WITHOUT TIME ZONE NOT NULL, 
	updated_at TIMESTAMP WITHOUT TIME ZONE NOT NULL, 
	last_login TIMESTAMP WITH TIME ZONE, 
	full_name VARCHAR(255), 
	phone_number VARCHAR(20), 
	PRIMARY KEY (id)
)

 (base.py:1842)
2025-06-17 11:27:46 [    INFO] [no key 0.00427s] {} (base.py:1842)
2025-06-17 11:27:46 [   DEBUG] Query eseguita in 0.04 secondi: 
CREATE TABLE "user" (
	id SERIAL NOT NULL, 
	email VARCHAR NOT NULL, 
	username VARCHAR NOT NULL, 
	hashed_password VARCHAR NOT NULL, 
	is_active BOOLEAN NOT NULL, 
	is_superuser BOOLEAN NOT NULL, 
	is_verified BOOLEAN NOT NULL, 
	created_at TIMESTAMP WITHOUT TIME ZONE NOT NULL, 
	updated_at TIMESTAMP WITHOUT TIME ZONE NOT NULL, 
	last_login TIMESTAMP WITH TIME ZONE, 
	full_name VARCHAR(255), 
	phone_number VARCHAR(20), 
	PRIMARY KEY (id)
)

 (session.py:30)
2025-06-17 11:27:46 [    INFO] CREATE UNIQUE INDEX ix_user_email ON "user" (email) (base.py:1842)
2025-06-17 11:27:46 [    INFO] [no key 0.00051s] {} (base.py:1842)
2025-06-17 11:27:46 [   DEBUG] Query eseguita in 0.01 secondi: CREATE UNIQUE INDEX ix_user_email ON "user" (email) (session.py:30)
2025-06-17 11:27:46 [    INFO] CREATE UNIQUE INDEX ix_user_username ON "user" (username) (base.py:1842)
2025-06-17 11:27:46 [    INFO] [no key 0.00073s] {} (base.py:1842)
2025-06-17 11:27:46 [   DEBUG] Query eseguita in 0.01 secondi: CREATE UNIQUE INDEX ix_user_username ON "user" (username) (session.py:30)
2025-06-17 11:27:46 [    INFO] 
CREATE TABLE houses (
	id SERIAL NOT NULL, 
	name VARCHAR NOT NULL, 
	address VARCHAR NOT NULL, 
	owner_id INTEGER NOT NULL, 
	created_at TIMESTAMP WITHOUT TIME ZONE NOT NULL, 
	updated_at TIMESTAMP WITHOUT TIME ZONE NOT NULL, 
	PRIMARY KEY (id), 
	FOREIGN KEY(owner_id) REFERENCES "user" (id)
)

 (base.py:1842)
2025-06-17 11:27:46 [    INFO] [no key 0.00128s] {} (base.py:1842)
2025-06-17 11:27:46 [   DEBUG] Query eseguita in 0.03 secondi: 
CREATE TABLE houses (
	id SERIAL NOT NULL, 
	name VARCHAR NOT NULL, 
	address VARCHAR NOT NULL, 
	owner_id INTEGER NOT NULL, 
	created_at TIMESTAMP WITHOUT TIME ZONE NOT NULL, 
	updated_at TIMESTAMP WITHOUT TIME ZONE NOT NULL, 
	PRIMARY KEY (id), 
	FOREIGN KEY(owner_id) REFERENCES "user" (id)
)

 (session.py:30)
2025-06-17 11:27:46 [    INFO] CREATE INDEX ix_houses_name ON houses (name) (base.py:1842)
2025-06-17 11:27:46 [    INFO] [no key 0.00080s] {} (base.py:1842)
2025-06-17 11:27:46 [   DEBUG] Query eseguita in 0.01 secondi: CREATE INDEX ix_houses_name ON houses (name) (session.py:30)
2025-06-17 11:27:46 [    INFO] 
CREATE TABLE rooms (
	id SERIAL NOT NULL, 
	name VARCHAR NOT NULL, 
	description VARCHAR, 
	floor INTEGER NOT NULL, 
	area FLOAT NOT NULL, 
	house_id INTEGER NOT NULL, 
	created_at TIMESTAMP WITHOUT TIME ZONE NOT NULL, 
	updated_at TIMESTAMP WITHOUT TIME ZONE NOT NULL, 
	PRIMARY KEY (id), 
	FOREIGN KEY(house_id) REFERENCES houses (id)
)

 (base.py:1842)
2025-06-17 11:27:46 [    INFO] [no key 0.00117s] {} (base.py:1842)
2025-06-17 11:27:46 [   DEBUG] Query eseguita in 0.03 secondi: 
CREATE TABLE rooms (
	id SERIAL NOT NULL, 
	name VARCHAR NOT NULL, 
	description VARCHAR, 
	floor INTEGER NOT NULL, 
	area FLOAT NOT NULL, 
	house_id INTEGER NOT NULL, 
	created_at TIMESTAMP WITHOUT TIME ZONE NOT NULL, 
	updated_at TIMESTAMP WITHOUT TIME ZONE NOT NULL, 
	PRIMARY KEY (id), 
	FOREIGN KEY(house_id) REFERENCES houses (id)
)

 (session.py:30)
2025-06-17 11:27:46 [    INFO] CREATE INDEX ix_rooms_name ON rooms (name) (base.py:1842)
2025-06-17 11:27:46 [    INFO] [no key 0.00122s] {} (base.py:1842)
2025-06-17 11:27:46 [   DEBUG] Query eseguita in 0.01 secondi: CREATE INDEX ix_rooms_name ON rooms (name) (session.py:30)
2025-06-17 11:27:46 [    INFO] 
CREATE TABLE nodes (
	id SERIAL NOT NULL, 
	name VARCHAR NOT NULL, 
	description VARCHAR, 
	nfc_id VARCHAR NOT NULL, 
	house_id INTEGER NOT NULL, 
	room_id INTEGER, 
	PRIMARY KEY (id), 
	FOREIGN KEY(house_id) REFERENCES houses (id), 
	FOREIGN KEY(room_id) REFERENCES rooms (id)
)

 (base.py:1842)
2025-06-17 11:27:46 [    INFO] [no key 0.00444s] {} (base.py:1842)
2025-06-17 11:27:46 [   DEBUG] Query eseguita in 0.03 secondi: 
CREATE TABLE nodes (
	id SERIAL NOT NULL, 
	name VARCHAR NOT NULL, 
	description VARCHAR, 
	nfc_id VARCHAR NOT NULL, 
	house_id INTEGER NOT NULL, 
	room_id INTEGER, 
	PRIMARY KEY (id), 
	FOREIGN KEY(house_id) REFERENCES houses (id), 
	FOREIGN KEY(room_id) REFERENCES rooms (id)
)

 (session.py:30)
2025-06-17 11:27:46 [    INFO] CREATE UNIQUE INDEX ix_nodes_nfc_id ON nodes (nfc_id) (base.py:1842)
2025-06-17 11:27:46 [    INFO] [no key 0.00438s] {} (base.py:1842)
2025-06-17 11:27:46 [   DEBUG] Query eseguita in 0.01 secondi: CREATE UNIQUE INDEX ix_nodes_nfc_id ON nodes (nfc_id) (session.py:30)
2025-06-17 11:27:46 [    INFO] 
CREATE TABLE bookings (
	id SERIAL NOT NULL, 
	room_id INTEGER NOT NULL, 
	user_id INTEGER NOT NULL, 
	start_time TIMESTAMP WITHOUT TIME ZONE NOT NULL, 
	end_time TIMESTAMP WITHOUT TIME ZONE NOT NULL, 
	status VARCHAR NOT NULL, 
	notes VARCHAR, 
	created_at TIMESTAMP WITHOUT TIME ZONE NOT NULL, 
	updated_at TIMESTAMP WITHOUT TIME ZONE NOT NULL, 
	PRIMARY KEY (id), 
	FOREIGN KEY(room_id) REFERENCES rooms (id), 
	FOREIGN KEY(user_id) REFERENCES "user" (id)
)

 (base.py:1842)
2025-06-17 11:27:46 [    INFO] [no key 0.00441s] {} (base.py:1842)
2025-06-17 11:27:46 [   DEBUG] Query eseguita in 0.04 secondi: 
CREATE TABLE bookings (
	id SERIAL NOT NULL, 
	room_id INTEGER NOT NULL, 
	user_id INTEGER NOT NULL, 
	start_time TIMESTAMP WITHOUT TIME ZONE NOT NULL, 
	end_time TIMESTAMP WITHOUT TIME ZONE NOT NULL, 
	status VARCHAR NOT NULL, 
	notes VARCHAR, 
	created_at TIMESTAMP WITHOUT TIME ZONE NOT NULL, 
	updated_at TIMESTAMP WITHOUT TIME ZONE NOT NULL, 
	PRIMARY KEY (id), 
	FOREIGN KEY(room_id) REFERENCES rooms (id), 
	FOREIGN KEY(user_id) REFERENCES "user" (id)
)

 (session.py:30)
2025-06-17 11:27:46 [    INFO] 
CREATE TABLE documents (
	id SERIAL NOT NULL, 
	created_at TIMESTAMP WITHOUT TIME ZONE NOT NULL, 
	updated_at TIMESTAMP WITHOUT TIME ZONE NOT NULL, 
	owner_id INTEGER NOT NULL, 
	name VARCHAR NOT NULL, 
	type VARCHAR NOT NULL, 
	size INTEGER NOT NULL, 
	upload_date TIMESTAMP WITHOUT TIME ZONE NOT NULL, 
	path VARCHAR NOT NULL, 
	checksum VARCHAR NOT NULL, 
	house_id INTEGER, 
	node_id INTEGER, 
	description VARCHAR, 
	PRIMARY KEY (id), 
	FOREIGN KEY(owner_id) REFERENCES "user" (id), 
	FOREIGN KEY(house_id) REFERENCES houses (id), 
	FOREIGN KEY(node_id) REFERENCES nodes (id)
)

 (base.py:1842)
2025-06-17 11:27:46 [    INFO] [no key 0.00289s] {} (base.py:1842)
2025-06-17 11:27:46 [   DEBUG] Query eseguita in 0.04 secondi: 
CREATE TABLE documents (
	id SERIAL NOT NULL, 
	created_at TIMESTAMP WITHOUT TIME ZONE NOT NULL, 
	updated_at TIMESTAMP WITHOUT TIME ZONE NOT NULL, 
	owner_id INTEGER NOT NULL, 
	name VARCHAR NOT NULL, 
	type VARCHAR NOT NULL, 
	size INTEGER NOT NULL, 
	upload_date TIMESTAMP WITHOUT TIME ZONE NOT NULL, 
	path VARCHAR NOT NULL, 
	checksum VARCHAR NOT NULL, 
	house_id INTEGER, 
	node_id INTEGER, 
	description VARCHAR, 
	PRIMARY KEY (id), 
	FOREIGN KEY(owner_id) REFERENCES "user" (id), 
	FOREIGN KEY(house_id) REFERENCES houses (id), 
	FOREIGN KEY(node_id) REFERENCES nodes (id)
)

 (session.py:30)
2025-06-17 11:27:46 [    INFO] CREATE INDEX ix_documents_owner_id ON documents (owner_id) (base.py:1842)
2025-06-17 11:27:46 [    INFO] [no key 0.00200s] {} (base.py:1842)
2025-06-17 11:27:46 [   DEBUG] Query eseguita in 0.01 secondi: CREATE INDEX ix_documents_owner_id ON documents (owner_id) (session.py:30)
2025-06-17 11:27:46 [    INFO] 
CREATE TABLE document_versions (
	id SERIAL NOT NULL, 
	version_number INTEGER NOT NULL, 
	file_path VARCHAR NOT NULL, 
	file_size INTEGER NOT NULL, 
	checksum VARCHAR NOT NULL, 
	created_at TIMESTAMP WITHOUT TIME ZONE NOT NULL, 
	updated_at TIMESTAMP WITHOUT TIME ZONE NOT NULL, 
	document_id INTEGER NOT NULL, 
	created_by_id INTEGER, 
	PRIMARY KEY (id), 
	FOREIGN KEY(document_id) REFERENCES documents (id), 
	FOREIGN KEY(created_by_id) REFERENCES "user" (id)
)

 (base.py:1842)
2025-06-17 11:27:46 [    INFO] [no key 0.00296s] {} (base.py:1842)
2025-06-17 11:27:46 [   DEBUG] Query eseguita in 0.03 secondi: 
CREATE TABLE document_versions (
	id SERIAL NOT NULL, 
	version_number INTEGER NOT NULL, 
	file_path VARCHAR NOT NULL, 
	file_size INTEGER NOT NULL, 
	checksum VARCHAR NOT NULL, 
	created_at TIMESTAMP WITHOUT TIME ZONE NOT NULL, 
	updated_at TIMESTAMP WITHOUT TIME ZONE NOT NULL, 
	document_id INTEGER NOT NULL, 
	created_by_id INTEGER, 
	PRIMARY KEY (id), 
	FOREIGN KEY(document_id) REFERENCES documents (id), 
	FOREIGN KEY(created_by_id) REFERENCES "user" (id)
)

 (session.py:30)
2025-06-17 11:27:46 [    INFO] CREATE INDEX ix_document_versions_version_number ON document_versions (version_number) (base.py:1842)
2025-06-17 11:27:46 [    INFO] [no key 0.00069s] {} (base.py:1842)
2025-06-17 11:27:46 [   DEBUG] Query eseguita in 0.01 secondi: CREATE INDEX ix_document_versions_version_number ON document_versions (version_number) (session.py:30)
2025-06-17 11:27:46 [    INFO] CREATE INDEX ix_document_versions_created_by_id ON document_versions (created_by_id) (base.py:1842)
2025-06-17 11:27:46 [    INFO] [no key 0.00411s] {} (base.py:1842)
2025-06-17 11:27:46 [   DEBUG] Query eseguita in 0.01 secondi: CREATE INDEX ix_document_versions_created_by_id ON document_versions (created_by_id) (session.py:30)
2025-06-17 11:27:46 [    INFO] CREATE INDEX ix_document_versions_document_id ON document_versions (document_id) (base.py:1842)
2025-06-17 11:27:46 [    INFO] [no key 0.00150s] {} (base.py:1842)
2025-06-17 11:27:46 [   DEBUG] Query eseguita in 0.01 secondi: CREATE INDEX ix_document_versions_document_id ON document_versions (document_id) (session.py:30)
2025-06-17 11:27:46 [    INFO] 
CREATE TABLE maintenance_records (
	id SERIAL NOT NULL, 
	node_id INTEGER NOT NULL, 
	timestamp TIMESTAMP WITHOUT TIME ZONE NOT NULL, 
	maintenance_type maintenancetype NOT NULL, 
	description VARCHAR NOT NULL, 
	status maintenancestatus NOT NULL, 
	notes VARCHAR, 
	document_id INTEGER, 
	PRIMARY KEY (id), 
	FOREIGN KEY(node_id) REFERENCES nodes (id), 
	FOREIGN KEY(document_id) REFERENCES documents (id)
)

 (base.py:1842)
2025-06-17 11:27:46 [    INFO] [no key 0.00313s] {} (base.py:1842)
2025-06-17 11:27:46 [   DEBUG] Query eseguita in 0.04 secondi: 
CREATE TABLE maintenance_records (
	id SERIAL NOT NULL, 
	node_id INTEGER NOT NULL, 
	timestamp TIMESTAMP WITHOUT TIME ZONE NOT NULL, 
	maintenance_type maintenancetype NOT NULL, 
	description VARCHAR NOT NULL, 
	status maintenancestatus NOT NULL, 
	notes VARCHAR, 
	document_id INTEGER, 
	PRIMARY KEY (id), 
	FOREIGN KEY(node_id) REFERENCES nodes (id), 
	FOREIGN KEY(document_id) REFERENCES documents (id)
)

 (session.py:30)
2025-06-17 11:27:46 [    INFO] CREATE INDEX ix_maintenance_records_node_id ON maintenance_records (node_id) (base.py:1842)
2025-06-17 11:27:46 [    INFO] [no key 0.00461s] {} (base.py:1842)
2025-06-17 11:27:46 [   DEBUG] Query eseguita in 0.01 secondi: CREATE INDEX ix_maintenance_records_node_id ON maintenance_records (node_id) (session.py:30)
2025-06-17 11:27:46 [    INFO] COMMIT (base.py:2704)
2025-06-17 11:27:46 [   DEBUG] Test database tables created successfully (test_users.py:52)
2025-06-17 11:27:46 [   DEBUG] Test database session created successfully (test_users.py:55)
2025-06-17 11:27:46 [   DEBUG] Overriding get_session for tests... (conftest.py:269)
2025-06-17 11:27:46 [   DEBUG] Setting up FakeRedis for tests... (conftest_redis.py:18)
2025-06-17 11:27:46 [   DEBUG] Connessione Redis stabilita con successo (redis.py:24)
-------------------------------- live log call --------------------------------
2025-06-17 11:27:46 [   DEBUG] Using proactor: IocpProactor (proactor_events.py:631)
2025-06-17 11:27:46 [    INFO] HTTP Request: POST http://testserver/api/v1/auth/register "HTTP/1.1 422 Unprocessable Entity" (_client.py:1025)
PASSED                                                                   [ 18%]
------------------------------ live log teardown ------------------------------
2025-06-17 11:27:46 [   DEBUG] Restored original Redis client (conftest_redis.py:29)
2025-06-17 11:27:46 [   DEBUG] get_session override cleared (conftest.py:275)
2025-06-17 11:27:46 [   DEBUG] Cleaning up test database session... (test_users.py:57)
2025-06-17 11:27:46 [    INFO] BEGIN (implicit) (base.py:2698)
2025-06-17 11:27:46 [    INFO] DROP SCHEMA public CASCADE (base.py:1842)
2025-06-17 11:27:46 [    INFO] [generated in 0.00477s] {} (base.py:1842)
2025-06-17 11:27:46 [   DEBUG] Query eseguita in 0.10 secondi: DROP SCHEMA public CASCADE (session.py:30)
2025-06-17 11:27:46 [    INFO] CREATE SCHEMA public (base.py:1842)
2025-06-17 11:27:46 [    INFO] [generated in 0.00297s] {} (base.py:1842)
2025-06-17 11:27:46 [   DEBUG] Query eseguita in 0.01 secondi: CREATE SCHEMA public (session.py:30)
2025-06-17 11:27:46 [    INFO] COMMIT (base.py:2704)
2025-06-17 11:27:46 [   DEBUG] Test database cleanup completed (test_users.py:63)
2025-06-17 11:27:46 [   DEBUG] Session fixture completed in 1.67 seconds (test_users.py:68)

tests/api/test_users.py::test_create_user_invalid_email[no.dot@com] 
------------------------------- live log setup --------------------------------
2025-06-17 11:27:46 [   DEBUG] Setting up test database session... (test_users.py:38)
2025-06-17 11:27:47 [    INFO] select pg_catalog.version() (base.py:1842)
2025-06-17 11:27:47 [    INFO] [raw sql] {} (base.py:1842)
2025-06-17 11:27:47 [    INFO] select current_schema() (base.py:1842)
2025-06-17 11:27:47 [    INFO] [raw sql] {} (base.py:1842)
2025-06-17 11:27:47 [    INFO] show standard_conforming_strings (base.py:1842)
2025-06-17 11:27:47 [    INFO] [raw sql] {} (base.py:1842)
2025-06-17 11:27:47 [    INFO] BEGIN (implicit) (base.py:2698)
2025-06-17 11:27:47 [    INFO] SELECT pg_catalog.pg_class.relname 
FROM pg_catalog.pg_class JOIN pg_catalog.pg_namespace ON pg_catalog.pg_namespace.oid = pg_catalog.pg_class.relnamespace 
WHERE pg_catalog.pg_class.relname = %(table_name)s AND pg_catalog.pg_class.relkind = ANY (ARRAY[%(param_1)s, %(param_2)s, %(param_3)s, %(param_4)s, %(param_5)s]) AND pg_catalog.pg_table_is_visible(pg_catalog.pg_class.oid) AND pg_catalog.pg_namespace.nspname != %(nspname_1)s (base.py:1842)
2025-06-17 11:27:47 [    INFO] [generated in 0.00269s] {'table_name': 'user', 'param_1': 'r', 'param_2': 'p', 'param_3': 'f', 'param_4': 'v', 'param_5': 'm', 'nspname_1': 'pg_catalog'} (base.py:1842)
2025-06-17 11:27:47 [   DEBUG] Query eseguita in 0.01 secondi: SELECT pg_catalog.pg_class.relname 
FROM pg_catalog.pg_class JOIN pg_catalog.pg_namespace ON pg_catalog.pg_namespace.oid = pg_catalog.pg_class.relnamespace 
WHERE pg_catalog.pg_class.relname = %(table_name)s AND pg_catalog.pg_class.relkind = ANY (ARRAY[%(param_1)s, %(param_2)s, %(param_3)s, %(param_4)s, %(param_5)s]) AND pg_catalog.pg_table_is_visible(pg_catalog.pg_class.oid) AND pg_catalog.pg_namespace.nspname != %(nspname_1)s (session.py:30)
2025-06-17 11:27:47 [    INFO] SELECT pg_catalog.pg_class.relname 
FROM pg_catalog.pg_class JOIN pg_catalog.pg_namespace ON pg_catalog.pg_namespace.oid = pg_catalog.pg_class.relnamespace 
WHERE pg_catalog.pg_class.relname = %(table_name)s AND pg_catalog.pg_class.relkind = ANY (ARRAY[%(param_1)s, %(param_2)s, %(param_3)s, %(param_4)s, %(param_5)s]) AND pg_catalog.pg_table_is_visible(pg_catalog.pg_class.oid) AND pg_catalog.pg_namespace.nspname != %(nspname_1)s (base.py:1842)
2025-06-17 11:27:47 [    INFO] [cached since 0.01866s ago] {'table_name': 'documents', 'param_1': 'r', 'param_2': 'p', 'param_3': 'f', 'param_4': 'v', 'param_5': 'm', 'nspname_1': 'pg_catalog'} (base.py:1842)
2025-06-17 11:27:47 [   DEBUG] Query eseguita in 0.01 secondi: SELECT pg_catalog.pg_class.relname 
FROM pg_catalog.pg_class JOIN pg_catalog.pg_namespace ON pg_catalog.pg_namespace.oid = pg_catalog.pg_class.relnamespace 
WHERE pg_catalog.pg_class.relname = %(table_name)s AND pg_catalog.pg_class.relkind = ANY (ARRAY[%(param_1)s, %(param_2)s, %(param_3)s, %(param_4)s, %(param_5)s]) AND pg_catalog.pg_table_is_visible(pg_catalog.pg_class.oid) AND pg_catalog.pg_namespace.nspname != %(nspname_1)s (session.py:30)
2025-06-17 11:27:47 [    INFO] SELECT pg_catalog.pg_class.relname 
FROM pg_catalog.pg_class JOIN pg_catalog.pg_namespace ON pg_catalog.pg_namespace.oid = pg_catalog.pg_class.relnamespace 
WHERE pg_catalog.pg_class.relname = %(table_name)s AND pg_catalog.pg_class.relkind = ANY (ARRAY[%(param_1)s, %(param_2)s, %(param_3)s, %(param_4)s, %(param_5)s]) AND pg_catalog.pg_table_is_visible(pg_catalog.pg_class.oid) AND pg_catalog.pg_namespace.nspname != %(nspname_1)s (base.py:1842)
2025-06-17 11:27:47 [    INFO] [cached since 0.02867s ago] {'table_name': 'document_versions', 'param_1': 'r', 'param_2': 'p', 'param_3': 'f', 'param_4': 'v', 'param_5': 'm', 'nspname_1': 'pg_catalog'} (base.py:1842)
2025-06-17 11:27:47 [   DEBUG] Query eseguita in 0.01 secondi: SELECT pg_catalog.pg_class.relname 
FROM pg_catalog.pg_class JOIN pg_catalog.pg_namespace ON pg_catalog.pg_namespace.oid = pg_catalog.pg_class.relnamespace 
WHERE pg_catalog.pg_class.relname = %(table_name)s AND pg_catalog.pg_class.relkind = ANY (ARRAY[%(param_1)s, %(param_2)s, %(param_3)s, %(param_4)s, %(param_5)s]) AND pg_catalog.pg_table_is_visible(pg_catalog.pg_class.oid) AND pg_catalog.pg_namespace.nspname != %(nspname_1)s (session.py:30)
2025-06-17 11:27:47 [    INFO] SELECT pg_catalog.pg_class.relname 
FROM pg_catalog.pg_class JOIN pg_catalog.pg_namespace ON pg_catalog.pg_namespace.oid = pg_catalog.pg_class.relnamespace 
WHERE pg_catalog.pg_class.relname = %(table_name)s AND pg_catalog.pg_class.relkind = ANY (ARRAY[%(param_1)s, %(param_2)s, %(param_3)s, %(param_4)s, %(param_5)s]) AND pg_catalog.pg_table_is_visible(pg_catalog.pg_class.oid) AND pg_catalog.pg_namespace.nspname != %(nspname_1)s (base.py:1842)
2025-06-17 11:27:47 [    INFO] [cached since 0.03644s ago] {'table_name': 'houses', 'param_1': 'r', 'param_2': 'p', 'param_3': 'f', 'param_4': 'v', 'param_5': 'm', 'nspname_1': 'pg_catalog'} (base.py:1842)
2025-06-17 11:27:47 [   DEBUG] Query eseguita in 0.01 secondi: SELECT pg_catalog.pg_class.relname 
FROM pg_catalog.pg_class JOIN pg_catalog.pg_namespace ON pg_catalog.pg_namespace.oid = pg_catalog.pg_class.relnamespace 
WHERE pg_catalog.pg_class.relname = %(table_name)s AND pg_catalog.pg_class.relkind = ANY (ARRAY[%(param_1)s, %(param_2)s, %(param_3)s, %(param_4)s, %(param_5)s]) AND pg_catalog.pg_table_is_visible(pg_catalog.pg_class.oid) AND pg_catalog.pg_namespace.nspname != %(nspname_1)s (session.py:30)
2025-06-17 11:27:47 [    INFO] SELECT pg_catalog.pg_class.relname 
FROM pg_catalog.pg_class JOIN pg_catalog.pg_namespace ON pg_catalog.pg_namespace.oid = pg_catalog.pg_class.relnamespace 
WHERE pg_catalog.pg_class.relname = %(table_name)s AND pg_catalog.pg_class.relkind = ANY (ARRAY[%(param_1)s, %(param_2)s, %(param_3)s, %(param_4)s, %(param_5)s]) AND pg_catalog.pg_table_is_visible(pg_catalog.pg_class.oid) AND pg_catalog.pg_namespace.nspname != %(nspname_1)s (base.py:1842)
2025-06-17 11:27:47 [    INFO] [cached since 0.04638s ago] {'table_name': 'nodes', 'param_1': 'r', 'param_2': 'p', 'param_3': 'f', 'param_4': 'v', 'param_5': 'm', 'nspname_1': 'pg_catalog'} (base.py:1842)
2025-06-17 11:27:47 [   DEBUG] Query eseguita in 0.01 secondi: SELECT pg_catalog.pg_class.relname 
FROM pg_catalog.pg_class JOIN pg_catalog.pg_namespace ON pg_catalog.pg_namespace.oid = pg_catalog.pg_class.relnamespace 
WHERE pg_catalog.pg_class.relname = %(table_name)s AND pg_catalog.pg_class.relkind = ANY (ARRAY[%(param_1)s, %(param_2)s, %(param_3)s, %(param_4)s, %(param_5)s]) AND pg_catalog.pg_table_is_visible(pg_catalog.pg_class.oid) AND pg_catalog.pg_namespace.nspname != %(nspname_1)s (session.py:30)
2025-06-17 11:27:47 [    INFO] SELECT pg_catalog.pg_class.relname 
FROM pg_catalog.pg_class JOIN pg_catalog.pg_namespace ON pg_catalog.pg_namespace.oid = pg_catalog.pg_class.relnamespace 
WHERE pg_catalog.pg_class.relname = %(table_name)s AND pg_catalog.pg_class.relkind = ANY (ARRAY[%(param_1)s, %(param_2)s, %(param_3)s, %(param_4)s, %(param_5)s]) AND pg_catalog.pg_table_is_visible(pg_catalog.pg_class.oid) AND pg_catalog.pg_namespace.nspname != %(nspname_1)s (base.py:1842)
2025-06-17 11:27:47 [    INFO] [cached since 0.05999s ago] {'table_name': 'rooms', 'param_1': 'r', 'param_2': 'p', 'param_3': 'f', 'param_4': 'v', 'param_5': 'm', 'nspname_1': 'pg_catalog'} (base.py:1842)
2025-06-17 11:27:47 [   DEBUG] Query eseguita in 0.01 secondi: SELECT pg_catalog.pg_class.relname 
FROM pg_catalog.pg_class JOIN pg_catalog.pg_namespace ON pg_catalog.pg_namespace.oid = pg_catalog.pg_class.relnamespace 
WHERE pg_catalog.pg_class.relname = %(table_name)s AND pg_catalog.pg_class.relkind = ANY (ARRAY[%(param_1)s, %(param_2)s, %(param_3)s, %(param_4)s, %(param_5)s]) AND pg_catalog.pg_table_is_visible(pg_catalog.pg_class.oid) AND pg_catalog.pg_namespace.nspname != %(nspname_1)s (session.py:30)
2025-06-17 11:27:47 [    INFO] SELECT pg_catalog.pg_class.relname 
FROM pg_catalog.pg_class JOIN pg_catalog.pg_namespace ON pg_catalog.pg_namespace.oid = pg_catalog.pg_class.relnamespace 
WHERE pg_catalog.pg_class.relname = %(table_name)s AND pg_catalog.pg_class.relkind = ANY (ARRAY[%(param_1)s, %(param_2)s, %(param_3)s, %(param_4)s, %(param_5)s]) AND pg_catalog.pg_table_is_visible(pg_catalog.pg_class.oid) AND pg_catalog.pg_namespace.nspname != %(nspname_1)s (base.py:1842)
2025-06-17 11:27:47 [    INFO] [cached since 0.06706s ago] {'table_name': 'bookings', 'param_1': 'r', 'param_2': 'p', 'param_3': 'f', 'param_4': 'v', 'param_5': 'm', 'nspname_1': 'pg_catalog'} (base.py:1842)
2025-06-17 11:27:47 [   DEBUG] Query eseguita in 0.01 secondi: SELECT pg_catalog.pg_class.relname 
FROM pg_catalog.pg_class JOIN pg_catalog.pg_namespace ON pg_catalog.pg_namespace.oid = pg_catalog.pg_class.relnamespace 
WHERE pg_catalog.pg_class.relname = %(table_name)s AND pg_catalog.pg_class.relkind = ANY (ARRAY[%(param_1)s, %(param_2)s, %(param_3)s, %(param_4)s, %(param_5)s]) AND pg_catalog.pg_table_is_visible(pg_catalog.pg_class.oid) AND pg_catalog.pg_namespace.nspname != %(nspname_1)s (session.py:30)
2025-06-17 11:27:47 [    INFO] SELECT pg_catalog.pg_class.relname 
FROM pg_catalog.pg_class JOIN pg_catalog.pg_namespace ON pg_catalog.pg_namespace.oid = pg_catalog.pg_class.relnamespace 
WHERE pg_catalog.pg_class.relname = %(table_name)s AND pg_catalog.pg_class.relkind = ANY (ARRAY[%(param_1)s, %(param_2)s, %(param_3)s, %(param_4)s, %(param_5)s]) AND pg_catalog.pg_table_is_visible(pg_catalog.pg_class.oid) AND pg_catalog.pg_namespace.nspname != %(nspname_1)s (base.py:1842)
2025-06-17 11:27:47 [    INFO] [cached since 0.07727s ago] {'table_name': 'maintenance_records', 'param_1': 'r', 'param_2': 'p', 'param_3': 'f', 'param_4': 'v', 'param_5': 'm', 'nspname_1': 'pg_catalog'} (base.py:1842)
2025-06-17 11:27:47 [   DEBUG] Query eseguita in 0.00 secondi: SELECT pg_catalog.pg_class.relname 
FROM pg_catalog.pg_class JOIN pg_catalog.pg_namespace ON pg_catalog.pg_namespace.oid = pg_catalog.pg_class.relnamespace 
WHERE pg_catalog.pg_class.relname = %(table_name)s AND pg_catalog.pg_class.relkind = ANY (ARRAY[%(param_1)s, %(param_2)s, %(param_3)s, %(param_4)s, %(param_5)s]) AND pg_catalog.pg_table_is_visible(pg_catalog.pg_class.oid) AND pg_catalog.pg_namespace.nspname != %(nspname_1)s (session.py:30)
2025-06-17 11:27:47 [    INFO] SELECT pg_catalog.pg_type.typname 
FROM pg_catalog.pg_type JOIN pg_catalog.pg_namespace ON pg_catalog.pg_namespace.oid = pg_catalog.pg_type.typnamespace 
WHERE pg_catalog.pg_type.typname = %(typname_1)s AND pg_catalog.pg_type_is_visible(pg_catalog.pg_type.oid) AND pg_catalog.pg_namespace.nspname != %(nspname_1)s (base.py:1842)
2025-06-17 11:27:47 [    INFO] [generated in 0.00529s] {'typname_1': 'maintenancetype', 'nspname_1': 'pg_catalog'} (base.py:1842)
2025-06-17 11:27:47 [   DEBUG] Query eseguita in 0.01 secondi: SELECT pg_catalog.pg_type.typname 
FROM pg_catalog.pg_type JOIN pg_catalog.pg_namespace ON pg_catalog.pg_namespace.oid = pg_catalog.pg_type.typnamespace 
WHERE pg_catalog.pg_type.typname = %(typname_1)s AND pg_catalog.pg_type_is_visible(pg_catalog.pg_type.oid) AND pg_catalog.pg_namespace.nspname != %(nspname_1)s (session.py:30)
2025-06-17 11:27:47 [    INFO] CREATE TYPE maintenancetype AS ENUM ('ROUTINE', 'PREVENTIVE', 'CORRECTIVE', 'EMERGENCY', 'INSPECTION') (base.py:1842)
2025-06-17 11:27:47 [    INFO] [no key 0.00127s] {} (base.py:1842)
2025-06-17 11:27:47 [   DEBUG] Query eseguita in 0.01 secondi: CREATE TYPE maintenancetype AS ENUM ('ROUTINE', 'PREVENTIVE', 'CORRECTIVE', 'EMERGENCY', 'INSPECTION') (session.py:30)
2025-06-17 11:27:47 [    INFO] SELECT pg_catalog.pg_type.typname 
FROM pg_catalog.pg_type JOIN pg_catalog.pg_namespace ON pg_catalog.pg_namespace.oid = pg_catalog.pg_type.typnamespace 
WHERE pg_catalog.pg_type.typname = %(typname_1)s AND pg_catalog.pg_type_is_visible(pg_catalog.pg_type.oid) AND pg_catalog.pg_namespace.nspname != %(nspname_1)s (base.py:1842)
2025-06-17 11:27:47 [    INFO] [cached since 0.02962s ago] {'typname_1': 'maintenancestatus', 'nspname_1': 'pg_catalog'} (base.py:1842)
2025-06-17 11:27:47 [   DEBUG] Query eseguita in 0.01 secondi: SELECT pg_catalog.pg_type.typname 
FROM pg_catalog.pg_type JOIN pg_catalog.pg_namespace ON pg_catalog.pg_namespace.oid = pg_catalog.pg_type.typnamespace 
WHERE pg_catalog.pg_type.typname = %(typname_1)s AND pg_catalog.pg_type_is_visible(pg_catalog.pg_type.oid) AND pg_catalog.pg_namespace.nspname != %(nspname_1)s (session.py:30)
2025-06-17 11:27:47 [    INFO] CREATE TYPE maintenancestatus AS ENUM ('PENDING', 'COMPLETED', 'FAILED') (base.py:1842)
2025-06-17 11:27:47 [    INFO] [no key 0.00117s] {} (base.py:1842)
2025-06-17 11:27:47 [   DEBUG] Query eseguita in 0.00 secondi: CREATE TYPE maintenancestatus AS ENUM ('PENDING', 'COMPLETED', 'FAILED') (session.py:30)
2025-06-17 11:27:47 [    INFO] 
CREATE TABLE "user" (
	id SERIAL NOT NULL, 
	email VARCHAR NOT NULL, 
	username VARCHAR NOT NULL, 
	hashed_password VARCHAR NOT NULL, 
	is_active BOOLEAN NOT NULL, 
	is_superuser BOOLEAN NOT NULL, 
	is_verified BOOLEAN NOT NULL, 
	created_at TIMESTAMP WITHOUT TIME ZONE NOT NULL, 
	updated_at TIMESTAMP WITHOUT TIME ZONE NOT NULL, 
	last_login TIMESTAMP WITH TIME ZONE, 
	full_name VARCHAR(255), 
	phone_number VARCHAR(20), 
	PRIMARY KEY (id)
)

 (base.py:1842)
2025-06-17 11:27:47 [    INFO] [no key 0.00349s] {} (base.py:1842)
2025-06-17 11:27:47 [   DEBUG] Query eseguita in 0.05 secondi: 
CREATE TABLE "user" (
	id SERIAL NOT NULL, 
	email VARCHAR NOT NULL, 
	username VARCHAR NOT NULL, 
	hashed_password VARCHAR NOT NULL, 
	is_active BOOLEAN NOT NULL, 
	is_superuser BOOLEAN NOT NULL, 
	is_verified BOOLEAN NOT NULL, 
	created_at TIMESTAMP WITHOUT TIME ZONE NOT NULL, 
	updated_at TIMESTAMP WITHOUT TIME ZONE NOT NULL, 
	last_login TIMESTAMP WITH TIME ZONE, 
	full_name VARCHAR(255), 
	phone_number VARCHAR(20), 
	PRIMARY KEY (id)
)

 (session.py:30)
2025-06-17 11:27:47 [    INFO] CREATE UNIQUE INDEX ix_user_email ON "user" (email) (base.py:1842)
2025-06-17 11:27:47 [    INFO] [no key 0.00185s] {} (base.py:1842)
2025-06-17 11:27:47 [   DEBUG] Query eseguita in 0.03 secondi: CREATE UNIQUE INDEX ix_user_email ON "user" (email) (session.py:30)
2025-06-17 11:27:47 [    INFO] CREATE UNIQUE INDEX ix_user_username ON "user" (username) (base.py:1842)
2025-06-17 11:27:47 [    INFO] [no key 0.00275s] {} (base.py:1842)
2025-06-17 11:27:47 [   DEBUG] Query eseguita in 0.01 secondi: CREATE UNIQUE INDEX ix_user_username ON "user" (username) (session.py:30)
2025-06-17 11:27:47 [    INFO] 
CREATE TABLE houses (
	id SERIAL NOT NULL, 
	name VARCHAR NOT NULL, 
	address VARCHAR NOT NULL, 
	owner_id INTEGER NOT NULL, 
	created_at TIMESTAMP WITHOUT TIME ZONE NOT NULL, 
	updated_at TIMESTAMP WITHOUT TIME ZONE NOT NULL, 
	PRIMARY KEY (id), 
	FOREIGN KEY(owner_id) REFERENCES "user" (id)
)

 (base.py:1842)
2025-06-17 11:27:47 [    INFO] [no key 0.00478s] {} (base.py:1842)
2025-06-17 11:27:47 [   DEBUG] Query eseguita in 0.03 secondi: 
CREATE TABLE houses (
	id SERIAL NOT NULL, 
	name VARCHAR NOT NULL, 
	address VARCHAR NOT NULL, 
	owner_id INTEGER NOT NULL, 
	created_at TIMESTAMP WITHOUT TIME ZONE NOT NULL, 
	updated_at TIMESTAMP WITHOUT TIME ZONE NOT NULL, 
	PRIMARY KEY (id), 
	FOREIGN KEY(owner_id) REFERENCES "user" (id)
)

 (session.py:30)
2025-06-17 11:27:47 [    INFO] CREATE INDEX ix_houses_name ON houses (name) (base.py:1842)
2025-06-17 11:27:47 [    INFO] [no key 0.00434s] {} (base.py:1842)
2025-06-17 11:27:47 [   DEBUG] Query eseguita in 0.01 secondi: CREATE INDEX ix_houses_name ON houses (name) (session.py:30)
2025-06-17 11:27:47 [    INFO] 
CREATE TABLE rooms (
	id SERIAL NOT NULL, 
	name VARCHAR NOT NULL, 
	description VARCHAR, 
	floor INTEGER NOT NULL, 
	area FLOAT NOT NULL, 
	house_id INTEGER NOT NULL, 
	created_at TIMESTAMP WITHOUT TIME ZONE NOT NULL, 
	updated_at TIMESTAMP WITHOUT TIME ZONE NOT NULL, 
	PRIMARY KEY (id), 
	FOREIGN KEY(house_id) REFERENCES houses (id)
)

 (base.py:1842)
2025-06-17 11:27:47 [    INFO] [no key 0.00360s] {} (base.py:1842)
2025-06-17 11:27:47 [   DEBUG] Query eseguita in 0.03 secondi: 
CREATE TABLE rooms (
	id SERIAL NOT NULL, 
	name VARCHAR NOT NULL, 
	description VARCHAR, 
	floor INTEGER NOT NULL, 
	area FLOAT NOT NULL, 
	house_id INTEGER NOT NULL, 
	created_at TIMESTAMP WITHOUT TIME ZONE NOT NULL, 
	updated_at TIMESTAMP WITHOUT TIME ZONE NOT NULL, 
	PRIMARY KEY (id), 
	FOREIGN KEY(house_id) REFERENCES houses (id)
)

 (session.py:30)
2025-06-17 11:27:47 [    INFO] CREATE INDEX ix_rooms_name ON rooms (name) (base.py:1842)
2025-06-17 11:27:47 [    INFO] [no key 0.00238s] {} (base.py:1842)
2025-06-17 11:27:47 [   DEBUG] Query eseguita in 0.01 secondi: CREATE INDEX ix_rooms_name ON rooms (name) (session.py:30)
2025-06-17 11:27:47 [    INFO] 
CREATE TABLE nodes (
	id SERIAL NOT NULL, 
	name VARCHAR NOT NULL, 
	description VARCHAR, 
	nfc_id VARCHAR NOT NULL, 
	house_id INTEGER NOT NULL, 
	room_id INTEGER, 
	PRIMARY KEY (id), 
	FOREIGN KEY(house_id) REFERENCES houses (id), 
	FOREIGN KEY(room_id) REFERENCES rooms (id)
)

 (base.py:1842)
2025-06-17 11:27:47 [    INFO] [no key 0.00420s] {} (base.py:1842)
2025-06-17 11:27:47 [   DEBUG] Query eseguita in 0.04 secondi: 
CREATE TABLE nodes (
	id SERIAL NOT NULL, 
	name VARCHAR NOT NULL, 
	description VARCHAR, 
	nfc_id VARCHAR NOT NULL, 
	house_id INTEGER NOT NULL, 
	room_id INTEGER, 
	PRIMARY KEY (id), 
	FOREIGN KEY(house_id) REFERENCES houses (id), 
	FOREIGN KEY(room_id) REFERENCES rooms (id)
)

 (session.py:30)
2025-06-17 11:27:47 [    INFO] CREATE UNIQUE INDEX ix_nodes_nfc_id ON nodes (nfc_id) (base.py:1842)
2025-06-17 11:27:47 [    INFO] [no key 0.00063s] {} (base.py:1842)
2025-06-17 11:27:47 [   DEBUG] Query eseguita in 0.01 secondi: CREATE UNIQUE INDEX ix_nodes_nfc_id ON nodes (nfc_id) (session.py:30)
2025-06-17 11:27:47 [    INFO] 
CREATE TABLE bookings (
	id SERIAL NOT NULL, 
	room_id INTEGER NOT NULL, 
	user_id INTEGER NOT NULL, 
	start_time TIMESTAMP WITHOUT TIME ZONE NOT NULL, 
	end_time TIMESTAMP WITHOUT TIME ZONE NOT NULL, 
	status VARCHAR NOT NULL, 
	notes VARCHAR, 
	created_at TIMESTAMP WITHOUT TIME ZONE NOT NULL, 
	updated_at TIMESTAMP WITHOUT TIME ZONE NOT NULL, 
	PRIMARY KEY (id), 
	FOREIGN KEY(room_id) REFERENCES rooms (id), 
	FOREIGN KEY(user_id) REFERENCES "user" (id)
)

 (base.py:1842)
2025-06-17 11:27:47 [    INFO] [no key 0.00094s] {} (base.py:1842)
2025-06-17 11:27:47 [   DEBUG] Query eseguita in 0.03 secondi: 
CREATE TABLE bookings (
	id SERIAL NOT NULL, 
	room_id INTEGER NOT NULL, 
	user_id INTEGER NOT NULL, 
	start_time TIMESTAMP WITHOUT TIME ZONE NOT NULL, 
	end_time TIMESTAMP WITHOUT TIME ZONE NOT NULL, 
	status VARCHAR NOT NULL, 
	notes VARCHAR, 
	created_at TIMESTAMP WITHOUT TIME ZONE NOT NULL, 
	updated_at TIMESTAMP WITHOUT TIME ZONE NOT NULL, 
	PRIMARY KEY (id), 
	FOREIGN KEY(room_id) REFERENCES rooms (id), 
	FOREIGN KEY(user_id) REFERENCES "user" (id)
)

 (session.py:30)
2025-06-17 11:27:47 [    INFO] 
CREATE TABLE documents (
	id SERIAL NOT NULL, 
	created_at TIMESTAMP WITHOUT TIME ZONE NOT NULL, 
	updated_at TIMESTAMP WITHOUT TIME ZONE NOT NULL, 
	owner_id INTEGER NOT NULL, 
	name VARCHAR NOT NULL, 
	type VARCHAR NOT NULL, 
	size INTEGER NOT NULL, 
	upload_date TIMESTAMP WITHOUT TIME ZONE NOT NULL, 
	path VARCHAR NOT NULL, 
	checksum VARCHAR NOT NULL, 
	house_id INTEGER, 
	node_id INTEGER, 
	description VARCHAR, 
	PRIMARY KEY (id), 
	FOREIGN KEY(owner_id) REFERENCES "user" (id), 
	FOREIGN KEY(house_id) REFERENCES houses (id), 
	FOREIGN KEY(node_id) REFERENCES nodes (id)
)

 (base.py:1842)
2025-06-17 11:27:47 [    INFO] [no key 0.00292s] {} (base.py:1842)
2025-06-17 11:27:47 [   DEBUG] Query eseguita in 0.04 secondi: 
CREATE TABLE documents (
	id SERIAL NOT NULL, 
	created_at TIMESTAMP WITHOUT TIME ZONE NOT NULL, 
	updated_at TIMESTAMP WITHOUT TIME ZONE NOT NULL, 
	owner_id INTEGER NOT NULL, 
	name VARCHAR NOT NULL, 
	type VARCHAR NOT NULL, 
	size INTEGER NOT NULL, 
	upload_date TIMESTAMP WITHOUT TIME ZONE NOT NULL, 
	path VARCHAR NOT NULL, 
	checksum VARCHAR NOT NULL, 
	house_id INTEGER, 
	node_id INTEGER, 
	description VARCHAR, 
	PRIMARY KEY (id), 
	FOREIGN KEY(owner_id) REFERENCES "user" (id), 
	FOREIGN KEY(house_id) REFERENCES houses (id), 
	FOREIGN KEY(node_id) REFERENCES nodes (id)
)

 (session.py:30)
2025-06-17 11:27:47 [    INFO] CREATE INDEX ix_documents_owner_id ON documents (owner_id) (base.py:1842)
2025-06-17 11:27:47 [    INFO] [no key 0.00124s] {} (base.py:1842)
2025-06-17 11:27:47 [   DEBUG] Query eseguita in 0.00 secondi: CREATE INDEX ix_documents_owner_id ON documents (owner_id) (session.py:30)
2025-06-17 11:27:47 [    INFO] 
CREATE TABLE document_versions (
	id SERIAL NOT NULL, 
	version_number INTEGER NOT NULL, 
	file_path VARCHAR NOT NULL, 
	file_size INTEGER NOT NULL, 
	checksum VARCHAR NOT NULL, 
	created_at TIMESTAMP WITHOUT TIME ZONE NOT NULL, 
	updated_at TIMESTAMP WITHOUT TIME ZONE NOT NULL, 
	document_id INTEGER NOT NULL, 
	created_by_id INTEGER, 
	PRIMARY KEY (id), 
	FOREIGN KEY(document_id) REFERENCES documents (id), 
	FOREIGN KEY(created_by_id) REFERENCES "user" (id)
)

 (base.py:1842)
2025-06-17 11:27:47 [    INFO] [no key 0.00127s] {} (base.py:1842)
2025-06-17 11:27:47 [   DEBUG] Query eseguita in 0.03 secondi: 
CREATE TABLE document_versions (
	id SERIAL NOT NULL, 
	version_number INTEGER NOT NULL, 
	file_path VARCHAR NOT NULL, 
	file_size INTEGER NOT NULL, 
	checksum VARCHAR NOT NULL, 
	created_at TIMESTAMP WITHOUT TIME ZONE NOT NULL, 
	updated_at TIMESTAMP WITHOUT TIME ZONE NOT NULL, 
	document_id INTEGER NOT NULL, 
	created_by_id INTEGER, 
	PRIMARY KEY (id), 
	FOREIGN KEY(document_id) REFERENCES documents (id), 
	FOREIGN KEY(created_by_id) REFERENCES "user" (id)
)

 (session.py:30)
2025-06-17 11:27:47 [    INFO] CREATE INDEX ix_document_versions_version_number ON document_versions (version_number) (base.py:1842)
2025-06-17 11:27:47 [    INFO] [no key 0.00425s] {} (base.py:1842)
2025-06-17 11:27:47 [   DEBUG] Query eseguita in 0.01 secondi: CREATE INDEX ix_document_versions_version_number ON document_versions (version_number) (session.py:30)
2025-06-17 11:27:47 [    INFO] CREATE INDEX ix_document_versions_created_by_id ON document_versions (created_by_id) (base.py:1842)
2025-06-17 11:27:47 [    INFO] [no key 0.00142s] {} (base.py:1842)
2025-06-17 11:27:47 [   DEBUG] Query eseguita in 0.01 secondi: CREATE INDEX ix_document_versions_created_by_id ON document_versions (created_by_id) (session.py:30)
2025-06-17 11:27:47 [    INFO] CREATE INDEX ix_document_versions_document_id ON document_versions (document_id) (base.py:1842)
2025-06-17 11:27:47 [    INFO] [no key 0.00089s] {} (base.py:1842)
2025-06-17 11:27:47 [   DEBUG] Query eseguita in 0.01 secondi: CREATE INDEX ix_document_versions_document_id ON document_versions (document_id) (session.py:30)
2025-06-17 11:27:47 [    INFO] 
CREATE TABLE maintenance_records (
	id SERIAL NOT NULL, 
	node_id INTEGER NOT NULL, 
	timestamp TIMESTAMP WITHOUT TIME ZONE NOT NULL, 
	maintenance_type maintenancetype NOT NULL, 
	description VARCHAR NOT NULL, 
	status maintenancestatus NOT NULL, 
	notes VARCHAR, 
	document_id INTEGER, 
	PRIMARY KEY (id), 
	FOREIGN KEY(node_id) REFERENCES nodes (id), 
	FOREIGN KEY(document_id) REFERENCES documents (id)
)

 (base.py:1842)
2025-06-17 11:27:47 [    INFO] [no key 0.00111s] {} (base.py:1842)
2025-06-17 11:27:47 [   DEBUG] Query eseguita in 0.03 secondi: 
CREATE TABLE maintenance_records (
	id SERIAL NOT NULL, 
	node_id INTEGER NOT NULL, 
	timestamp TIMESTAMP WITHOUT TIME ZONE NOT NULL, 
	maintenance_type maintenancetype NOT NULL, 
	description VARCHAR NOT NULL, 
	status maintenancestatus NOT NULL, 
	notes VARCHAR, 
	document_id INTEGER, 
	PRIMARY KEY (id), 
	FOREIGN KEY(node_id) REFERENCES nodes (id), 
	FOREIGN KEY(document_id) REFERENCES documents (id)
)

 (session.py:30)
2025-06-17 11:27:47 [    INFO] CREATE INDEX ix_maintenance_records_node_id ON maintenance_records (node_id) (base.py:1842)
2025-06-17 11:27:47 [    INFO] [no key 0.00083s] {} (base.py:1842)
2025-06-17 11:27:47 [   DEBUG] Query eseguita in 0.01 secondi: CREATE INDEX ix_maintenance_records_node_id ON maintenance_records (node_id) (session.py:30)
2025-06-17 11:27:47 [    INFO] COMMIT (base.py:2704)
2025-06-17 11:27:47 [   DEBUG] Test database tables created successfully (test_users.py:52)
2025-06-17 11:27:47 [   DEBUG] Test database session created successfully (test_users.py:55)
2025-06-17 11:27:47 [   DEBUG] Overriding get_session for tests... (conftest.py:269)
2025-06-17 11:27:47 [   DEBUG] Setting up FakeRedis for tests... (conftest_redis.py:18)
2025-06-17 11:27:47 [   DEBUG] Connessione Redis stabilita con successo (redis.py:24)
-------------------------------- live log call --------------------------------
2025-06-17 11:27:47 [   DEBUG] Using proactor: IocpProactor (proactor_events.py:631)
2025-06-17 11:27:48 [    INFO] HTTP Request: POST http://testserver/api/v1/auth/register "HTTP/1.1 422 Unprocessable Entity" (_client.py:1025)
PASSED                                                                   [ 20%]
------------------------------ live log teardown ------------------------------
2025-06-17 11:27:48 [   DEBUG] Restored original Redis client (conftest_redis.py:29)
2025-06-17 11:27:48 [   DEBUG] get_session override cleared (conftest.py:275)
2025-06-17 11:27:48 [   DEBUG] Cleaning up test database session... (test_users.py:57)
2025-06-17 11:27:48 [    INFO] BEGIN (implicit) (base.py:2698)
2025-06-17 11:27:48 [    INFO] DROP SCHEMA public CASCADE (base.py:1842)
2025-06-17 11:27:48 [    INFO] [generated in 0.00813s] {} (base.py:1842)
2025-06-17 11:27:48 [   DEBUG] Query eseguita in 0.20 secondi: DROP SCHEMA public CASCADE (session.py:30)
2025-06-17 11:27:48 [    INFO] CREATE SCHEMA public (base.py:1842)
2025-06-17 11:27:48 [    INFO] [generated in 0.00099s] {} (base.py:1842)
2025-06-17 11:27:48 [   DEBUG] Query eseguita in 0.00 secondi: CREATE SCHEMA public (session.py:30)
2025-06-17 11:27:48 [    INFO] COMMIT (base.py:2704)
2025-06-17 11:27:48 [   DEBUG] Test database cleanup completed (test_users.py:63)
2025-06-17 11:27:48 [   DEBUG] Session fixture completed in 1.76 seconds (test_users.py:68)

tests/api/test_users.py::test_create_user_invalid_email[user@.com] 
------------------------------- live log setup --------------------------------
2025-06-17 11:27:48 [   DEBUG] Setting up test database session... (test_users.py:38)
2025-06-17 11:27:49 [    INFO] select pg_catalog.version() (base.py:1842)
2025-06-17 11:27:49 [    INFO] [raw sql] {} (base.py:1842)
2025-06-17 11:27:49 [    INFO] select current_schema() (base.py:1842)
2025-06-17 11:27:49 [    INFO] [raw sql] {} (base.py:1842)
2025-06-17 11:27:49 [    INFO] show standard_conforming_strings (base.py:1842)
2025-06-17 11:27:49 [    INFO] [raw sql] {} (base.py:1842)
2025-06-17 11:27:49 [    INFO] BEGIN (implicit) (base.py:2698)
2025-06-17 11:27:49 [    INFO] SELECT pg_catalog.pg_class.relname 
FROM pg_catalog.pg_class JOIN pg_catalog.pg_namespace ON pg_catalog.pg_namespace.oid = pg_catalog.pg_class.relnamespace 
WHERE pg_catalog.pg_class.relname = %(table_name)s AND pg_catalog.pg_class.relkind = ANY (ARRAY[%(param_1)s, %(param_2)s, %(param_3)s, %(param_4)s, %(param_5)s]) AND pg_catalog.pg_table_is_visible(pg_catalog.pg_class.oid) AND pg_catalog.pg_namespace.nspname != %(nspname_1)s (base.py:1842)
2025-06-17 11:27:49 [    INFO] [generated in 0.00154s] {'table_name': 'user', 'param_1': 'r', 'param_2': 'p', 'param_3': 'f', 'param_4': 'v', 'param_5': 'm', 'nspname_1': 'pg_catalog'} (base.py:1842)
2025-06-17 11:27:49 [   DEBUG] Query eseguita in 0.02 secondi: SELECT pg_catalog.pg_class.relname 
FROM pg_catalog.pg_class JOIN pg_catalog.pg_namespace ON pg_catalog.pg_namespace.oid = pg_catalog.pg_class.relnamespace 
WHERE pg_catalog.pg_class.relname = %(table_name)s AND pg_catalog.pg_class.relkind = ANY (ARRAY[%(param_1)s, %(param_2)s, %(param_3)s, %(param_4)s, %(param_5)s]) AND pg_catalog.pg_table_is_visible(pg_catalog.pg_class.oid) AND pg_catalog.pg_namespace.nspname != %(nspname_1)s (session.py:30)
2025-06-17 11:27:49 [    INFO] SELECT pg_catalog.pg_class.relname 
FROM pg_catalog.pg_class JOIN pg_catalog.pg_namespace ON pg_catalog.pg_namespace.oid = pg_catalog.pg_class.relnamespace 
WHERE pg_catalog.pg_class.relname = %(table_name)s AND pg_catalog.pg_class.relkind = ANY (ARRAY[%(param_1)s, %(param_2)s, %(param_3)s, %(param_4)s, %(param_5)s]) AND pg_catalog.pg_table_is_visible(pg_catalog.pg_class.oid) AND pg_catalog.pg_namespace.nspname != %(nspname_1)s (base.py:1842)
2025-06-17 11:27:49 [    INFO] [cached since 0.03306s ago] {'table_name': 'documents', 'param_1': 'r', 'param_2': 'p', 'param_3': 'f', 'param_4': 'v', 'param_5': 'm', 'nspname_1': 'pg_catalog'} (base.py:1842)
2025-06-17 11:27:49 [   DEBUG] Query eseguita in 0.01 secondi: SELECT pg_catalog.pg_class.relname 
FROM pg_catalog.pg_class JOIN pg_catalog.pg_namespace ON pg_catalog.pg_namespace.oid = pg_catalog.pg_class.relnamespace 
WHERE pg_catalog.pg_class.relname = %(table_name)s AND pg_catalog.pg_class.relkind = ANY (ARRAY[%(param_1)s, %(param_2)s, %(param_3)s, %(param_4)s, %(param_5)s]) AND pg_catalog.pg_table_is_visible(pg_catalog.pg_class.oid) AND pg_catalog.pg_namespace.nspname != %(nspname_1)s (session.py:30)
2025-06-17 11:27:49 [    INFO] SELECT pg_catalog.pg_class.relname 
FROM pg_catalog.pg_class JOIN pg_catalog.pg_namespace ON pg_catalog.pg_namespace.oid = pg_catalog.pg_class.relnamespace 
WHERE pg_catalog.pg_class.relname = %(table_name)s AND pg_catalog.pg_class.relkind = ANY (ARRAY[%(param_1)s, %(param_2)s, %(param_3)s, %(param_4)s, %(param_5)s]) AND pg_catalog.pg_table_is_visible(pg_catalog.pg_class.oid) AND pg_catalog.pg_namespace.nspname != %(nspname_1)s (base.py:1842)
2025-06-17 11:27:49 [    INFO] [cached since 0.04364s ago] {'table_name': 'document_versions', 'param_1': 'r', 'param_2': 'p', 'param_3': 'f', 'param_4': 'v', 'param_5': 'm', 'nspname_1': 'pg_catalog'} (base.py:1842)
2025-06-17 11:27:49 [   DEBUG] Query eseguita in 0.01 secondi: SELECT pg_catalog.pg_class.relname 
FROM pg_catalog.pg_class JOIN pg_catalog.pg_namespace ON pg_catalog.pg_namespace.oid = pg_catalog.pg_class.relnamespace 
WHERE pg_catalog.pg_class.relname = %(table_name)s AND pg_catalog.pg_class.relkind = ANY (ARRAY[%(param_1)s, %(param_2)s, %(param_3)s, %(param_4)s, %(param_5)s]) AND pg_catalog.pg_table_is_visible(pg_catalog.pg_class.oid) AND pg_catalog.pg_namespace.nspname != %(nspname_1)s (session.py:30)
2025-06-17 11:27:49 [    INFO] SELECT pg_catalog.pg_class.relname 
FROM pg_catalog.pg_class JOIN pg_catalog.pg_namespace ON pg_catalog.pg_namespace.oid = pg_catalog.pg_class.relnamespace 
WHERE pg_catalog.pg_class.relname = %(table_name)s AND pg_catalog.pg_class.relkind = ANY (ARRAY[%(param_1)s, %(param_2)s, %(param_3)s, %(param_4)s, %(param_5)s]) AND pg_catalog.pg_table_is_visible(pg_catalog.pg_class.oid) AND pg_catalog.pg_namespace.nspname != %(nspname_1)s (base.py:1842)
2025-06-17 11:27:49 [    INFO] [cached since 0.05665s ago] {'table_name': 'houses', 'param_1': 'r', 'param_2': 'p', 'param_3': 'f', 'param_4': 'v', 'param_5': 'm', 'nspname_1': 'pg_catalog'} (base.py:1842)
2025-06-17 11:27:49 [   DEBUG] Query eseguita in 0.01 secondi: SELECT pg_catalog.pg_class.relname 
FROM pg_catalog.pg_class JOIN pg_catalog.pg_namespace ON pg_catalog.pg_namespace.oid = pg_catalog.pg_class.relnamespace 
WHERE pg_catalog.pg_class.relname = %(table_name)s AND pg_catalog.pg_class.relkind = ANY (ARRAY[%(param_1)s, %(param_2)s, %(param_3)s, %(param_4)s, %(param_5)s]) AND pg_catalog.pg_table_is_visible(pg_catalog.pg_class.oid) AND pg_catalog.pg_namespace.nspname != %(nspname_1)s (session.py:30)
2025-06-17 11:27:49 [    INFO] SELECT pg_catalog.pg_class.relname 
FROM pg_catalog.pg_class JOIN pg_catalog.pg_namespace ON pg_catalog.pg_namespace.oid = pg_catalog.pg_class.relnamespace 
WHERE pg_catalog.pg_class.relname = %(table_name)s AND pg_catalog.pg_class.relkind = ANY (ARRAY[%(param_1)s, %(param_2)s, %(param_3)s, %(param_4)s, %(param_5)s]) AND pg_catalog.pg_table_is_visible(pg_catalog.pg_class.oid) AND pg_catalog.pg_namespace.nspname != %(nspname_1)s (base.py:1842)
2025-06-17 11:27:49 [    INFO] [cached since 0.06846s ago] {'table_name': 'nodes', 'param_1': 'r', 'param_2': 'p', 'param_3': 'f', 'param_4': 'v', 'param_5': 'm', 'nspname_1': 'pg_catalog'} (base.py:1842)
2025-06-17 11:27:49 [   DEBUG] Query eseguita in 0.00 secondi: SELECT pg_catalog.pg_class.relname 
FROM pg_catalog.pg_class JOIN pg_catalog.pg_namespace ON pg_catalog.pg_namespace.oid = pg_catalog.pg_class.relnamespace 
WHERE pg_catalog.pg_class.relname = %(table_name)s AND pg_catalog.pg_class.relkind = ANY (ARRAY[%(param_1)s, %(param_2)s, %(param_3)s, %(param_4)s, %(param_5)s]) AND pg_catalog.pg_table_is_visible(pg_catalog.pg_class.oid) AND pg_catalog.pg_namespace.nspname != %(nspname_1)s (session.py:30)
2025-06-17 11:27:49 [    INFO] SELECT pg_catalog.pg_class.relname 
FROM pg_catalog.pg_class JOIN pg_catalog.pg_namespace ON pg_catalog.pg_namespace.oid = pg_catalog.pg_class.relnamespace 
WHERE pg_catalog.pg_class.relname = %(table_name)s AND pg_catalog.pg_class.relkind = ANY (ARRAY[%(param_1)s, %(param_2)s, %(param_3)s, %(param_4)s, %(param_5)s]) AND pg_catalog.pg_table_is_visible(pg_catalog.pg_class.oid) AND pg_catalog.pg_namespace.nspname != %(nspname_1)s (base.py:1842)
2025-06-17 11:27:49 [    INFO] [cached since 0.0762s ago] {'table_name': 'rooms', 'param_1': 'r', 'param_2': 'p', 'param_3': 'f', 'param_4': 'v', 'param_5': 'm', 'nspname_1': 'pg_catalog'} (base.py:1842)
2025-06-17 11:27:49 [   DEBUG] Query eseguita in 0.01 secondi: SELECT pg_catalog.pg_class.relname 
FROM pg_catalog.pg_class JOIN pg_catalog.pg_namespace ON pg_catalog.pg_namespace.oid = pg_catalog.pg_class.relnamespace 
WHERE pg_catalog.pg_class.relname = %(table_name)s AND pg_catalog.pg_class.relkind = ANY (ARRAY[%(param_1)s, %(param_2)s, %(param_3)s, %(param_4)s, %(param_5)s]) AND pg_catalog.pg_table_is_visible(pg_catalog.pg_class.oid) AND pg_catalog.pg_namespace.nspname != %(nspname_1)s (session.py:30)
2025-06-17 11:27:49 [    INFO] SELECT pg_catalog.pg_class.relname 
FROM pg_catalog.pg_class JOIN pg_catalog.pg_namespace ON pg_catalog.pg_namespace.oid = pg_catalog.pg_class.relnamespace 
WHERE pg_catalog.pg_class.relname = %(table_name)s AND pg_catalog.pg_class.relkind = ANY (ARRAY[%(param_1)s, %(param_2)s, %(param_3)s, %(param_4)s, %(param_5)s]) AND pg_catalog.pg_table_is_visible(pg_catalog.pg_class.oid) AND pg_catalog.pg_namespace.nspname != %(nspname_1)s (base.py:1842)
2025-06-17 11:27:49 [    INFO] [cached since 0.08633s ago] {'table_name': 'bookings', 'param_1': 'r', 'param_2': 'p', 'param_3': 'f', 'param_4': 'v', 'param_5': 'm', 'nspname_1': 'pg_catalog'} (base.py:1842)
2025-06-17 11:27:49 [   DEBUG] Query eseguita in 0.01 secondi: SELECT pg_catalog.pg_class.relname 
FROM pg_catalog.pg_class JOIN pg_catalog.pg_namespace ON pg_catalog.pg_namespace.oid = pg_catalog.pg_class.relnamespace 
WHERE pg_catalog.pg_class.relname = %(table_name)s AND pg_catalog.pg_class.relkind = ANY (ARRAY[%(param_1)s, %(param_2)s, %(param_3)s, %(param_4)s, %(param_5)s]) AND pg_catalog.pg_table_is_visible(pg_catalog.pg_class.oid) AND pg_catalog.pg_namespace.nspname != %(nspname_1)s (session.py:30)
2025-06-17 11:27:49 [    INFO] SELECT pg_catalog.pg_class.relname 
FROM pg_catalog.pg_class JOIN pg_catalog.pg_namespace ON pg_catalog.pg_namespace.oid = pg_catalog.pg_class.relnamespace 
WHERE pg_catalog.pg_class.relname = %(table_name)s AND pg_catalog.pg_class.relkind = ANY (ARRAY[%(param_1)s, %(param_2)s, %(param_3)s, %(param_4)s, %(param_5)s]) AND pg_catalog.pg_table_is_visible(pg_catalog.pg_class.oid) AND pg_catalog.pg_namespace.nspname != %(nspname_1)s (base.py:1842)
2025-06-17 11:27:49 [    INFO] [cached since 0.09508s ago] {'table_name': 'maintenance_records', 'param_1': 'r', 'param_2': 'p', 'param_3': 'f', 'param_4': 'v', 'param_5': 'm', 'nspname_1': 'pg_catalog'} (base.py:1842)
2025-06-17 11:27:49 [   DEBUG] Query eseguita in 0.01 secondi: SELECT pg_catalog.pg_class.relname 
FROM pg_catalog.pg_class JOIN pg_catalog.pg_namespace ON pg_catalog.pg_namespace.oid = pg_catalog.pg_class.relnamespace 
WHERE pg_catalog.pg_class.relname = %(table_name)s AND pg_catalog.pg_class.relkind = ANY (ARRAY[%(param_1)s, %(param_2)s, %(param_3)s, %(param_4)s, %(param_5)s]) AND pg_catalog.pg_table_is_visible(pg_catalog.pg_class.oid) AND pg_catalog.pg_namespace.nspname != %(nspname_1)s (session.py:30)
2025-06-17 11:27:49 [    INFO] SELECT pg_catalog.pg_type.typname 
FROM pg_catalog.pg_type JOIN pg_catalog.pg_namespace ON pg_catalog.pg_namespace.oid = pg_catalog.pg_type.typnamespace 
WHERE pg_catalog.pg_type.typname = %(typname_1)s AND pg_catalog.pg_type_is_visible(pg_catalog.pg_type.oid) AND pg_catalog.pg_namespace.nspname != %(nspname_1)s (base.py:1842)
2025-06-17 11:27:49 [    INFO] [generated in 0.00244s] {'typname_1': 'maintenancetype', 'nspname_1': 'pg_catalog'} (base.py:1842)
2025-06-17 11:27:49 [   DEBUG] Query eseguita in 0.01 secondi: SELECT pg_catalog.pg_type.typname 
FROM pg_catalog.pg_type JOIN pg_catalog.pg_namespace ON pg_catalog.pg_namespace.oid = pg_catalog.pg_type.typnamespace 
WHERE pg_catalog.pg_type.typname = %(typname_1)s AND pg_catalog.pg_type_is_visible(pg_catalog.pg_type.oid) AND pg_catalog.pg_namespace.nspname != %(nspname_1)s (session.py:30)
2025-06-17 11:27:49 [    INFO] CREATE TYPE maintenancetype AS ENUM ('ROUTINE', 'PREVENTIVE', 'CORRECTIVE', 'EMERGENCY', 'INSPECTION') (base.py:1842)
2025-06-17 11:27:49 [    INFO] [no key 0.00595s] {} (base.py:1842)
2025-06-17 11:27:49 [   DEBUG] Query eseguita in 0.02 secondi: CREATE TYPE maintenancetype AS ENUM ('ROUTINE', 'PREVENTIVE', 'CORRECTIVE', 'EMERGENCY', 'INSPECTION') (session.py:30)
2025-06-17 11:27:49 [    INFO] SELECT pg_catalog.pg_type.typname 
FROM pg_catalog.pg_type JOIN pg_catalog.pg_namespace ON pg_catalog.pg_namespace.oid = pg_catalog.pg_type.typnamespace 
WHERE pg_catalog.pg_type.typname = %(typname_1)s AND pg_catalog.pg_type_is_visible(pg_catalog.pg_type.oid) AND pg_catalog.pg_namespace.nspname != %(nspname_1)s (base.py:1842)
2025-06-17 11:27:49 [    INFO] [cached since 0.03635s ago] {'typname_1': 'maintenancestatus', 'nspname_1': 'pg_catalog'} (base.py:1842)
2025-06-17 11:27:49 [   DEBUG] Query eseguita in 0.01 secondi: SELECT pg_catalog.pg_type.typname 
FROM pg_catalog.pg_type JOIN pg_catalog.pg_namespace ON pg_catalog.pg_namespace.oid = pg_catalog.pg_type.typnamespace 
WHERE pg_catalog.pg_type.typname = %(typname_1)s AND pg_catalog.pg_type_is_visible(pg_catalog.pg_type.oid) AND pg_catalog.pg_namespace.nspname != %(nspname_1)s (session.py:30)
2025-06-17 11:27:49 [    INFO] CREATE TYPE maintenancestatus AS ENUM ('PENDING', 'COMPLETED', 'FAILED') (base.py:1842)
2025-06-17 11:27:49 [    INFO] [no key 0.00304s] {} (base.py:1842)
2025-06-17 11:27:49 [   DEBUG] Query eseguita in 0.01 secondi: CREATE TYPE maintenancestatus AS ENUM ('PENDING', 'COMPLETED', 'FAILED') (session.py:30)
2025-06-17 11:27:49 [    INFO] 
CREATE TABLE "user" (
	id SERIAL NOT NULL, 
	email VARCHAR NOT NULL, 
	username VARCHAR NOT NULL, 
	hashed_password VARCHAR NOT NULL, 
	is_active BOOLEAN NOT NULL, 
	is_superuser BOOLEAN NOT NULL, 
	is_verified BOOLEAN NOT NULL, 
	created_at TIMESTAMP WITHOUT TIME ZONE NOT NULL, 
	updated_at TIMESTAMP WITHOUT TIME ZONE NOT NULL, 
	last_login TIMESTAMP WITH TIME ZONE, 
	full_name VARCHAR(255), 
	phone_number VARCHAR(20), 
	PRIMARY KEY (id)
)

 (base.py:1842)
2025-06-17 11:27:49 [    INFO] [no key 0.00123s] {} (base.py:1842)
2025-06-17 11:27:49 [   DEBUG] Query eseguita in 0.04 secondi: 
CREATE TABLE "user" (
	id SERIAL NOT NULL, 
	email VARCHAR NOT NULL, 
	username VARCHAR NOT NULL, 
	hashed_password VARCHAR NOT NULL, 
	is_active BOOLEAN NOT NULL, 
	is_superuser BOOLEAN NOT NULL, 
	is_verified BOOLEAN NOT NULL, 
	created_at TIMESTAMP WITHOUT TIME ZONE NOT NULL, 
	updated_at TIMESTAMP WITHOUT TIME ZONE NOT NULL, 
	last_login TIMESTAMP WITH TIME ZONE, 
	full_name VARCHAR(255), 
	phone_number VARCHAR(20), 
	PRIMARY KEY (id)
)

 (session.py:30)
2025-06-17 11:27:49 [    INFO] CREATE UNIQUE INDEX ix_user_email ON "user" (email) (base.py:1842)
2025-06-17 11:27:49 [    INFO] [no key 0.00436s] {} (base.py:1842)
2025-06-17 11:27:49 [   DEBUG] Query eseguita in 0.01 secondi: CREATE UNIQUE INDEX ix_user_email ON "user" (email) (session.py:30)
2025-06-17 11:27:49 [    INFO] CREATE UNIQUE INDEX ix_user_username ON "user" (username) (base.py:1842)
2025-06-17 11:27:49 [    INFO] [no key 0.00345s] {} (base.py:1842)
2025-06-17 11:27:49 [   DEBUG] Query eseguita in 0.01 secondi: CREATE UNIQUE INDEX ix_user_username ON "user" (username) (session.py:30)
2025-06-17 11:27:49 [    INFO] 
CREATE TABLE houses (
	id SERIAL NOT NULL, 
	name VARCHAR NOT NULL, 
	address VARCHAR NOT NULL, 
	owner_id INTEGER NOT NULL, 
	created_at TIMESTAMP WITHOUT TIME ZONE NOT NULL, 
	updated_at TIMESTAMP WITHOUT TIME ZONE NOT NULL, 
	PRIMARY KEY (id), 
	FOREIGN KEY(owner_id) REFERENCES "user" (id)
)

 (base.py:1842)
2025-06-17 11:27:49 [    INFO] [no key 0.00331s] {} (base.py:1842)
2025-06-17 11:27:49 [   DEBUG] Query eseguita in 0.05 secondi: 
CREATE TABLE houses (
	id SERIAL NOT NULL, 
	name VARCHAR NOT NULL, 
	address VARCHAR NOT NULL, 
	owner_id INTEGER NOT NULL, 
	created_at TIMESTAMP WITHOUT TIME ZONE NOT NULL, 
	updated_at TIMESTAMP WITHOUT TIME ZONE NOT NULL, 
	PRIMARY KEY (id), 
	FOREIGN KEY(owner_id) REFERENCES "user" (id)
)

 (session.py:30)
2025-06-17 11:27:49 [    INFO] CREATE INDEX ix_houses_name ON houses (name) (base.py:1842)
2025-06-17 11:27:49 [    INFO] [no key 0.00119s] {} (base.py:1842)
2025-06-17 11:27:49 [   DEBUG] Query eseguita in 0.01 secondi: CREATE INDEX ix_houses_name ON houses (name) (session.py:30)
2025-06-17 11:27:49 [    INFO] 
CREATE TABLE rooms (
	id SERIAL NOT NULL, 
	name VARCHAR NOT NULL, 
	description VARCHAR, 
	floor INTEGER NOT NULL, 
	area FLOAT NOT NULL, 
	house_id INTEGER NOT NULL, 
	created_at TIMESTAMP WITHOUT TIME ZONE NOT NULL, 
	updated_at TIMESTAMP WITHOUT TIME ZONE NOT NULL, 
	PRIMARY KEY (id), 
	FOREIGN KEY(house_id) REFERENCES houses (id)
)

 (base.py:1842)
2025-06-17 11:27:49 [    INFO] [no key 0.00090s] {} (base.py:1842)
2025-06-17 11:27:49 [   DEBUG] Query eseguita in 0.04 secondi: 
CREATE TABLE rooms (
	id SERIAL NOT NULL, 
	name VARCHAR NOT NULL, 
	description VARCHAR, 
	floor INTEGER NOT NULL, 
	area FLOAT NOT NULL, 
	house_id INTEGER NOT NULL, 
	created_at TIMESTAMP WITHOUT TIME ZONE NOT NULL, 
	updated_at TIMESTAMP WITHOUT TIME ZONE NOT NULL, 
	PRIMARY KEY (id), 
	FOREIGN KEY(house_id) REFERENCES houses (id)
)

 (session.py:30)
2025-06-17 11:27:49 [    INFO] CREATE INDEX ix_rooms_name ON rooms (name) (base.py:1842)
2025-06-17 11:27:49 [    INFO] [no key 0.00234s] {} (base.py:1842)
2025-06-17 11:27:49 [   DEBUG] Query eseguita in 0.01 secondi: CREATE INDEX ix_rooms_name ON rooms (name) (session.py:30)
2025-06-17 11:27:49 [    INFO] 
CREATE TABLE nodes (
	id SERIAL NOT NULL, 
	name VARCHAR NOT NULL, 
	description VARCHAR, 
	nfc_id VARCHAR NOT NULL, 
	house_id INTEGER NOT NULL, 
	room_id INTEGER, 
	PRIMARY KEY (id), 
	FOREIGN KEY(house_id) REFERENCES houses (id), 
	FOREIGN KEY(room_id) REFERENCES rooms (id)
)

 (base.py:1842)
2025-06-17 11:27:49 [    INFO] [no key 0.00452s] {} (base.py:1842)
2025-06-17 11:27:49 [   DEBUG] Query eseguita in 0.04 secondi: 
CREATE TABLE nodes (
	id SERIAL NOT NULL, 
	name VARCHAR NOT NULL, 
	description VARCHAR, 
	nfc_id VARCHAR NOT NULL, 
	house_id INTEGER NOT NULL, 
	room_id INTEGER, 
	PRIMARY KEY (id), 
	FOREIGN KEY(house_id) REFERENCES houses (id), 
	FOREIGN KEY(room_id) REFERENCES rooms (id)
)

 (session.py:30)
2025-06-17 11:27:49 [    INFO] CREATE UNIQUE INDEX ix_nodes_nfc_id ON nodes (nfc_id) (base.py:1842)
2025-06-17 11:27:49 [    INFO] [no key 0.00088s] {} (base.py:1842)
2025-06-17 11:27:49 [   DEBUG] Query eseguita in 0.01 secondi: CREATE UNIQUE INDEX ix_nodes_nfc_id ON nodes (nfc_id) (session.py:30)
2025-06-17 11:27:49 [    INFO] 
CREATE TABLE bookings (
	id SERIAL NOT NULL, 
	room_id INTEGER NOT NULL, 
	user_id INTEGER NOT NULL, 
	start_time TIMESTAMP WITHOUT TIME ZONE NOT NULL, 
	end_time TIMESTAMP WITHOUT TIME ZONE NOT NULL, 
	status VARCHAR NOT NULL, 
	notes VARCHAR, 
	created_at TIMESTAMP WITHOUT TIME ZONE NOT NULL, 
	updated_at TIMESTAMP WITHOUT TIME ZONE NOT NULL, 
	PRIMARY KEY (id), 
	FOREIGN KEY(room_id) REFERENCES rooms (id), 
	FOREIGN KEY(user_id) REFERENCES "user" (id)
)

 (base.py:1842)
2025-06-17 11:27:49 [    INFO] [no key 0.00243s] {} (base.py:1842)
2025-06-17 11:27:49 [   DEBUG] Query eseguita in 0.04 secondi: 
CREATE TABLE bookings (
	id SERIAL NOT NULL, 
	room_id INTEGER NOT NULL, 
	user_id INTEGER NOT NULL, 
	start_time TIMESTAMP WITHOUT TIME ZONE NOT NULL, 
	end_time TIMESTAMP WITHOUT TIME ZONE NOT NULL, 
	status VARCHAR NOT NULL, 
	notes VARCHAR, 
	created_at TIMESTAMP WITHOUT TIME ZONE NOT NULL, 
	updated_at TIMESTAMP WITHOUT TIME ZONE NOT NULL, 
	PRIMARY KEY (id), 
	FOREIGN KEY(room_id) REFERENCES rooms (id), 
	FOREIGN KEY(user_id) REFERENCES "user" (id)
)

 (session.py:30)
2025-06-17 11:27:49 [    INFO] 
CREATE TABLE documents (
	id SERIAL NOT NULL, 
	created_at TIMESTAMP WITHOUT TIME ZONE NOT NULL, 
	updated_at TIMESTAMP WITHOUT TIME ZONE NOT NULL, 
	owner_id INTEGER NOT NULL, 
	name VARCHAR NOT NULL, 
	type VARCHAR NOT NULL, 
	size INTEGER NOT NULL, 
	upload_date TIMESTAMP WITHOUT TIME ZONE NOT NULL, 
	path VARCHAR NOT NULL, 
	checksum VARCHAR NOT NULL, 
	house_id INTEGER, 
	node_id INTEGER, 
	description VARCHAR, 
	PRIMARY KEY (id), 
	FOREIGN KEY(owner_id) REFERENCES "user" (id), 
	FOREIGN KEY(house_id) REFERENCES houses (id), 
	FOREIGN KEY(node_id) REFERENCES nodes (id)
)

 (base.py:1842)
2025-06-17 11:27:49 [    INFO] [no key 0.00322s] {} (base.py:1842)
2025-06-17 11:27:49 [   DEBUG] Query eseguita in 0.04 secondi: 
CREATE TABLE documents (
	id SERIAL NOT NULL, 
	created_at TIMESTAMP WITHOUT TIME ZONE NOT NULL, 
	updated_at TIMESTAMP WITHOUT TIME ZONE NOT NULL, 
	owner_id INTEGER NOT NULL, 
	name VARCHAR NOT NULL, 
	type VARCHAR NOT NULL, 
	size INTEGER NOT NULL, 
	upload_date TIMESTAMP WITHOUT TIME ZONE NOT NULL, 
	path VARCHAR NOT NULL, 
	checksum VARCHAR NOT NULL, 
	house_id INTEGER, 
	node_id INTEGER, 
	description VARCHAR, 
	PRIMARY KEY (id), 
	FOREIGN KEY(owner_id) REFERENCES "user" (id), 
	FOREIGN KEY(house_id) REFERENCES houses (id), 
	FOREIGN KEY(node_id) REFERENCES nodes (id)
)

 (session.py:30)
2025-06-17 11:27:49 [    INFO] CREATE INDEX ix_documents_owner_id ON documents (owner_id) (base.py:1842)
2025-06-17 11:27:49 [    INFO] [no key 0.00269s] {} (base.py:1842)
2025-06-17 11:27:49 [   DEBUG] Query eseguita in 0.01 secondi: CREATE INDEX ix_documents_owner_id ON documents (owner_id) (session.py:30)
2025-06-17 11:27:49 [    INFO] 
CREATE TABLE document_versions (
	id SERIAL NOT NULL, 
	version_number INTEGER NOT NULL, 
	file_path VARCHAR NOT NULL, 
	file_size INTEGER NOT NULL, 
	checksum VARCHAR NOT NULL, 
	created_at TIMESTAMP WITHOUT TIME ZONE NOT NULL, 
	updated_at TIMESTAMP WITHOUT TIME ZONE NOT NULL, 
	document_id INTEGER NOT NULL, 
	created_by_id INTEGER, 
	PRIMARY KEY (id), 
	FOREIGN KEY(document_id) REFERENCES documents (id), 
	FOREIGN KEY(created_by_id) REFERENCES "user" (id)
)

 (base.py:1842)
2025-06-17 11:27:49 [    INFO] [no key 0.00347s] {} (base.py:1842)
2025-06-17 11:27:49 [   DEBUG] Query eseguita in 0.04 secondi: 
CREATE TABLE document_versions (
	id SERIAL NOT NULL, 
	version_number INTEGER NOT NULL, 
	file_path VARCHAR NOT NULL, 
	file_size INTEGER NOT NULL, 
	checksum VARCHAR NOT NULL, 
	created_at TIMESTAMP WITHOUT TIME ZONE NOT NULL, 
	updated_at TIMESTAMP WITHOUT TIME ZONE NOT NULL, 
	document_id INTEGER NOT NULL, 
	created_by_id INTEGER, 
	PRIMARY KEY (id), 
	FOREIGN KEY(document_id) REFERENCES documents (id), 
	FOREIGN KEY(created_by_id) REFERENCES "user" (id)
)

 (session.py:30)
2025-06-17 11:27:49 [    INFO] CREATE INDEX ix_document_versions_version_number ON document_versions (version_number) (base.py:1842)
2025-06-17 11:27:49 [    INFO] [no key 0.00224s] {} (base.py:1842)
2025-06-17 11:27:49 [   DEBUG] Query eseguita in 0.01 secondi: CREATE INDEX ix_document_versions_version_number ON document_versions (version_number) (session.py:30)
2025-06-17 11:27:49 [    INFO] CREATE INDEX ix_document_versions_created_by_id ON document_versions (created_by_id) (base.py:1842)
2025-06-17 11:27:49 [    INFO] [no key 0.00164s] {} (base.py:1842)
2025-06-17 11:27:49 [   DEBUG] Query eseguita in 0.01 secondi: CREATE INDEX ix_document_versions_created_by_id ON document_versions (created_by_id) (session.py:30)
2025-06-17 11:27:49 [    INFO] CREATE INDEX ix_document_versions_document_id ON document_versions (document_id) (base.py:1842)
2025-06-17 11:27:49 [    INFO] [no key 0.00344s] {} (base.py:1842)
2025-06-17 11:27:49 [   DEBUG] Query eseguita in 0.01 secondi: CREATE INDEX ix_document_versions_document_id ON document_versions (document_id) (session.py:30)
2025-06-17 11:27:49 [    INFO] 
CREATE TABLE maintenance_records (
	id SERIAL NOT NULL, 
	node_id INTEGER NOT NULL, 
	timestamp TIMESTAMP WITHOUT TIME ZONE NOT NULL, 
	maintenance_type maintenancetype NOT NULL, 
	description VARCHAR NOT NULL, 
	status maintenancestatus NOT NULL, 
	notes VARCHAR, 
	document_id INTEGER, 
	PRIMARY KEY (id), 
	FOREIGN KEY(node_id) REFERENCES nodes (id), 
	FOREIGN KEY(document_id) REFERENCES documents (id)
)

 (base.py:1842)
2025-06-17 11:27:49 [    INFO] [no key 0.00149s] {} (base.py:1842)
2025-06-17 11:27:49 [   DEBUG] Query eseguita in 0.05 secondi: 
CREATE TABLE maintenance_records (
	id SERIAL NOT NULL, 
	node_id INTEGER NOT NULL, 
	timestamp TIMESTAMP WITHOUT TIME ZONE NOT NULL, 
	maintenance_type maintenancetype NOT NULL, 
	description VARCHAR NOT NULL, 
	status maintenancestatus NOT NULL, 
	notes VARCHAR, 
	document_id INTEGER, 
	PRIMARY KEY (id), 
	FOREIGN KEY(node_id) REFERENCES nodes (id), 
	FOREIGN KEY(document_id) REFERENCES documents (id)
)

 (session.py:30)
2025-06-17 11:27:49 [    INFO] CREATE INDEX ix_maintenance_records_node_id ON maintenance_records (node_id) (base.py:1842)
2025-06-17 11:27:49 [    INFO] [no key 0.00062s] {} (base.py:1842)
2025-06-17 11:27:49 [   DEBUG] Query eseguita in 0.01 secondi: CREATE INDEX ix_maintenance_records_node_id ON maintenance_records (node_id) (session.py:30)
2025-06-17 11:27:49 [    INFO] COMMIT (base.py:2704)
2025-06-17 11:27:49 [   DEBUG] Test database tables created successfully (test_users.py:52)
2025-06-17 11:27:49 [   DEBUG] Test database session created successfully (test_users.py:55)
2025-06-17 11:27:49 [   DEBUG] Overriding get_session for tests... (conftest.py:269)
2025-06-17 11:27:49 [   DEBUG] Setting up FakeRedis for tests... (conftest_redis.py:18)
2025-06-17 11:27:50 [   DEBUG] Connessione Redis stabilita con successo (redis.py:24)
-------------------------------- live log call --------------------------------
2025-06-17 11:27:50 [   DEBUG] Using proactor: IocpProactor (proactor_events.py:631)
2025-06-17 11:27:51 [    INFO] HTTP Request: POST http://testserver/api/v1/auth/register "HTTP/1.1 422 Unprocessable Entity" (_client.py:1025)
PASSED                                                                   [ 22%]
------------------------------ live log teardown ------------------------------
2025-06-17 11:27:51 [   DEBUG] Restored original Redis client (conftest_redis.py:29)
2025-06-17 11:27:51 [   DEBUG] get_session override cleared (conftest.py:275)
2025-06-17 11:27:51 [   DEBUG] Cleaning up test database session... (test_users.py:57)
2025-06-17 11:27:51 [    INFO] BEGIN (implicit) (base.py:2698)
2025-06-17 11:27:51 [    INFO] DROP SCHEMA public CASCADE (base.py:1842)
2025-06-17 11:27:51 [    INFO] [generated in 0.00159s] {} (base.py:1842)
2025-06-17 11:27:51 [   DEBUG] Query eseguita in 0.25 secondi: DROP SCHEMA public CASCADE (session.py:30)
2025-06-17 11:27:51 [    INFO] CREATE SCHEMA public (base.py:1842)
2025-06-17 11:27:51 [    INFO] [generated in 0.00246s] {} (base.py:1842)
2025-06-17 11:27:51 [   DEBUG] Query eseguita in 0.01 secondi: CREATE SCHEMA public (session.py:30)
2025-06-17 11:27:51 [    INFO] COMMIT (base.py:2704)
2025-06-17 11:27:51 [   DEBUG] Test database cleanup completed (test_users.py:63)
2025-06-17 11:27:51 [   DEBUG] Session fixture completed in 3.04 seconds (test_users.py:68)

tests/api/test_users.py::test_create_user_invalid_email[user@domain.] 
------------------------------- live log setup --------------------------------
2025-06-17 11:27:51 [   DEBUG] Setting up test database session... (test_users.py:38)
2025-06-17 11:27:53 [    INFO] select pg_catalog.version() (base.py:1842)
2025-06-17 11:27:53 [    INFO] [raw sql] {} (base.py:1842)
2025-06-17 11:27:53 [    INFO] select current_schema() (base.py:1842)
2025-06-17 11:27:53 [    INFO] [raw sql] {} (base.py:1842)
2025-06-17 11:27:53 [    INFO] show standard_conforming_strings (base.py:1842)
2025-06-17 11:27:53 [    INFO] [raw sql] {} (base.py:1842)
2025-06-17 11:27:53 [    INFO] BEGIN (implicit) (base.py:2698)
2025-06-17 11:27:53 [    INFO] SELECT pg_catalog.pg_class.relname 
FROM pg_catalog.pg_class JOIN pg_catalog.pg_namespace ON pg_catalog.pg_namespace.oid = pg_catalog.pg_class.relnamespace 
WHERE pg_catalog.pg_class.relname = %(table_name)s AND pg_catalog.pg_class.relkind = ANY (ARRAY[%(param_1)s, %(param_2)s, %(param_3)s, %(param_4)s, %(param_5)s]) AND pg_catalog.pg_table_is_visible(pg_catalog.pg_class.oid) AND pg_catalog.pg_namespace.nspname != %(nspname_1)s (base.py:1842)
2025-06-17 11:27:53 [    INFO] [generated in 0.00226s] {'table_name': 'user', 'param_1': 'r', 'param_2': 'p', 'param_3': 'f', 'param_4': 'v', 'param_5': 'm', 'nspname_1': 'pg_catalog'} (base.py:1842)
2025-06-17 11:27:53 [   DEBUG] Query eseguita in 0.02 secondi: SELECT pg_catalog.pg_class.relname 
FROM pg_catalog.pg_class JOIN pg_catalog.pg_namespace ON pg_catalog.pg_namespace.oid = pg_catalog.pg_class.relnamespace 
WHERE pg_catalog.pg_class.relname = %(table_name)s AND pg_catalog.pg_class.relkind = ANY (ARRAY[%(param_1)s, %(param_2)s, %(param_3)s, %(param_4)s, %(param_5)s]) AND pg_catalog.pg_table_is_visible(pg_catalog.pg_class.oid) AND pg_catalog.pg_namespace.nspname != %(nspname_1)s (session.py:30)
2025-06-17 11:27:53 [    INFO] SELECT pg_catalog.pg_class.relname 
FROM pg_catalog.pg_class JOIN pg_catalog.pg_namespace ON pg_catalog.pg_namespace.oid = pg_catalog.pg_class.relnamespace 
WHERE pg_catalog.pg_class.relname = %(table_name)s AND pg_catalog.pg_class.relkind = ANY (ARRAY[%(param_1)s, %(param_2)s, %(param_3)s, %(param_4)s, %(param_5)s]) AND pg_catalog.pg_table_is_visible(pg_catalog.pg_class.oid) AND pg_catalog.pg_namespace.nspname != %(nspname_1)s (base.py:1842)
2025-06-17 11:27:53 [    INFO] [cached since 0.02094s ago] {'table_name': 'documents', 'param_1': 'r', 'param_2': 'p', 'param_3': 'f', 'param_4': 'v', 'param_5': 'm', 'nspname_1': 'pg_catalog'} (base.py:1842)
2025-06-17 11:27:53 [   DEBUG] Query eseguita in 0.01 secondi: SELECT pg_catalog.pg_class.relname 
FROM pg_catalog.pg_class JOIN pg_catalog.pg_namespace ON pg_catalog.pg_namespace.oid = pg_catalog.pg_class.relnamespace 
WHERE pg_catalog.pg_class.relname = %(table_name)s AND pg_catalog.pg_class.relkind = ANY (ARRAY[%(param_1)s, %(param_2)s, %(param_3)s, %(param_4)s, %(param_5)s]) AND pg_catalog.pg_table_is_visible(pg_catalog.pg_class.oid) AND pg_catalog.pg_namespace.nspname != %(nspname_1)s (session.py:30)
2025-06-17 11:27:53 [    INFO] SELECT pg_catalog.pg_class.relname 
FROM pg_catalog.pg_class JOIN pg_catalog.pg_namespace ON pg_catalog.pg_namespace.oid = pg_catalog.pg_class.relnamespace 
WHERE pg_catalog.pg_class.relname = %(table_name)s AND pg_catalog.pg_class.relkind = ANY (ARRAY[%(param_1)s, %(param_2)s, %(param_3)s, %(param_4)s, %(param_5)s]) AND pg_catalog.pg_table_is_visible(pg_catalog.pg_class.oid) AND pg_catalog.pg_namespace.nspname != %(nspname_1)s (base.py:1842)
2025-06-17 11:27:53 [    INFO] [cached since 0.03042s ago] {'table_name': 'document_versions', 'param_1': 'r', 'param_2': 'p', 'param_3': 'f', 'param_4': 'v', 'param_5': 'm', 'nspname_1': 'pg_catalog'} (base.py:1842)
2025-06-17 11:27:53 [   DEBUG] Query eseguita in 0.01 secondi: SELECT pg_catalog.pg_class.relname 
FROM pg_catalog.pg_class JOIN pg_catalog.pg_namespace ON pg_catalog.pg_namespace.oid = pg_catalog.pg_class.relnamespace 
WHERE pg_catalog.pg_class.relname = %(table_name)s AND pg_catalog.pg_class.relkind = ANY (ARRAY[%(param_1)s, %(param_2)s, %(param_3)s, %(param_4)s, %(param_5)s]) AND pg_catalog.pg_table_is_visible(pg_catalog.pg_class.oid) AND pg_catalog.pg_namespace.nspname != %(nspname_1)s (session.py:30)
2025-06-17 11:27:53 [    INFO] SELECT pg_catalog.pg_class.relname 
FROM pg_catalog.pg_class JOIN pg_catalog.pg_namespace ON pg_catalog.pg_namespace.oid = pg_catalog.pg_class.relnamespace 
WHERE pg_catalog.pg_class.relname = %(table_name)s AND pg_catalog.pg_class.relkind = ANY (ARRAY[%(param_1)s, %(param_2)s, %(param_3)s, %(param_4)s, %(param_5)s]) AND pg_catalog.pg_table_is_visible(pg_catalog.pg_class.oid) AND pg_catalog.pg_namespace.nspname != %(nspname_1)s (base.py:1842)
2025-06-17 11:27:53 [    INFO] [cached since 0.04376s ago] {'table_name': 'houses', 'param_1': 'r', 'param_2': 'p', 'param_3': 'f', 'param_4': 'v', 'param_5': 'm', 'nspname_1': 'pg_catalog'} (base.py:1842)
2025-06-17 11:27:53 [   DEBUG] Query eseguita in 0.01 secondi: SELECT pg_catalog.pg_class.relname 
FROM pg_catalog.pg_class JOIN pg_catalog.pg_namespace ON pg_catalog.pg_namespace.oid = pg_catalog.pg_class.relnamespace 
WHERE pg_catalog.pg_class.relname = %(table_name)s AND pg_catalog.pg_class.relkind = ANY (ARRAY[%(param_1)s, %(param_2)s, %(param_3)s, %(param_4)s, %(param_5)s]) AND pg_catalog.pg_table_is_visible(pg_catalog.pg_class.oid) AND pg_catalog.pg_namespace.nspname != %(nspname_1)s (session.py:30)
2025-06-17 11:27:53 [    INFO] SELECT pg_catalog.pg_class.relname 
FROM pg_catalog.pg_class JOIN pg_catalog.pg_namespace ON pg_catalog.pg_namespace.oid = pg_catalog.pg_class.relnamespace 
WHERE pg_catalog.pg_class.relname = %(table_name)s AND pg_catalog.pg_class.relkind = ANY (ARRAY[%(param_1)s, %(param_2)s, %(param_3)s, %(param_4)s, %(param_5)s]) AND pg_catalog.pg_table_is_visible(pg_catalog.pg_class.oid) AND pg_catalog.pg_namespace.nspname != %(nspname_1)s (base.py:1842)
2025-06-17 11:27:53 [    INFO] [cached since 0.05137s ago] {'table_name': 'nodes', 'param_1': 'r', 'param_2': 'p', 'param_3': 'f', 'param_4': 'v', 'param_5': 'm', 'nspname_1': 'pg_catalog'} (base.py:1842)
2025-06-17 11:27:53 [   DEBUG] Query eseguita in 0.01 secondi: SELECT pg_catalog.pg_class.relname 
FROM pg_catalog.pg_class JOIN pg_catalog.pg_namespace ON pg_catalog.pg_namespace.oid = pg_catalog.pg_class.relnamespace 
WHERE pg_catalog.pg_class.relname = %(table_name)s AND pg_catalog.pg_class.relkind = ANY (ARRAY[%(param_1)s, %(param_2)s, %(param_3)s, %(param_4)s, %(param_5)s]) AND pg_catalog.pg_table_is_visible(pg_catalog.pg_class.oid) AND pg_catalog.pg_namespace.nspname != %(nspname_1)s (session.py:30)
2025-06-17 11:27:53 [    INFO] SELECT pg_catalog.pg_class.relname 
FROM pg_catalog.pg_class JOIN pg_catalog.pg_namespace ON pg_catalog.pg_namespace.oid = pg_catalog.pg_class.relnamespace 
WHERE pg_catalog.pg_class.relname = %(table_name)s AND pg_catalog.pg_class.relkind = ANY (ARRAY[%(param_1)s, %(param_2)s, %(param_3)s, %(param_4)s, %(param_5)s]) AND pg_catalog.pg_table_is_visible(pg_catalog.pg_class.oid) AND pg_catalog.pg_namespace.nspname != %(nspname_1)s (base.py:1842)
2025-06-17 11:27:53 [    INFO] [cached since 0.06204s ago] {'table_name': 'rooms', 'param_1': 'r', 'param_2': 'p', 'param_3': 'f', 'param_4': 'v', 'param_5': 'm', 'nspname_1': 'pg_catalog'} (base.py:1842)
2025-06-17 11:27:53 [   DEBUG] Query eseguita in 0.00 secondi: SELECT pg_catalog.pg_class.relname 
FROM pg_catalog.pg_class JOIN pg_catalog.pg_namespace ON pg_catalog.pg_namespace.oid = pg_catalog.pg_class.relnamespace 
WHERE pg_catalog.pg_class.relname = %(table_name)s AND pg_catalog.pg_class.relkind = ANY (ARRAY[%(param_1)s, %(param_2)s, %(param_3)s, %(param_4)s, %(param_5)s]) AND pg_catalog.pg_table_is_visible(pg_catalog.pg_class.oid) AND pg_catalog.pg_namespace.nspname != %(nspname_1)s (session.py:30)
2025-06-17 11:27:53 [    INFO] SELECT pg_catalog.pg_class.relname 
FROM pg_catalog.pg_class JOIN pg_catalog.pg_namespace ON pg_catalog.pg_namespace.oid = pg_catalog.pg_class.relnamespace 
WHERE pg_catalog.pg_class.relname = %(table_name)s AND pg_catalog.pg_class.relkind = ANY (ARRAY[%(param_1)s, %(param_2)s, %(param_3)s, %(param_4)s, %(param_5)s]) AND pg_catalog.pg_table_is_visible(pg_catalog.pg_class.oid) AND pg_catalog.pg_namespace.nspname != %(nspname_1)s (base.py:1842)
2025-06-17 11:27:53 [    INFO] [cached since 0.06976s ago] {'table_name': 'bookings', 'param_1': 'r', 'param_2': 'p', 'param_3': 'f', 'param_4': 'v', 'param_5': 'm', 'nspname_1': 'pg_catalog'} (base.py:1842)
2025-06-17 11:27:53 [   DEBUG] Query eseguita in 0.01 secondi: SELECT pg_catalog.pg_class.relname 
FROM pg_catalog.pg_class JOIN pg_catalog.pg_namespace ON pg_catalog.pg_namespace.oid = pg_catalog.pg_class.relnamespace 
WHERE pg_catalog.pg_class.relname = %(table_name)s AND pg_catalog.pg_class.relkind = ANY (ARRAY[%(param_1)s, %(param_2)s, %(param_3)s, %(param_4)s, %(param_5)s]) AND pg_catalog.pg_table_is_visible(pg_catalog.pg_class.oid) AND pg_catalog.pg_namespace.nspname != %(nspname_1)s (session.py:30)
2025-06-17 11:27:53 [    INFO] SELECT pg_catalog.pg_class.relname 
FROM pg_catalog.pg_class JOIN pg_catalog.pg_namespace ON pg_catalog.pg_namespace.oid = pg_catalog.pg_class.relnamespace 
WHERE pg_catalog.pg_class.relname = %(table_name)s AND pg_catalog.pg_class.relkind = ANY (ARRAY[%(param_1)s, %(param_2)s, %(param_3)s, %(param_4)s, %(param_5)s]) AND pg_catalog.pg_table_is_visible(pg_catalog.pg_class.oid) AND pg_catalog.pg_namespace.nspname != %(nspname_1)s (base.py:1842)
2025-06-17 11:27:53 [    INFO] [cached since 0.07966s ago] {'table_name': 'maintenance_records', 'param_1': 'r', 'param_2': 'p', 'param_3': 'f', 'param_4': 'v', 'param_5': 'm', 'nspname_1': 'pg_catalog'} (base.py:1842)
2025-06-17 11:27:53 [   DEBUG] Query eseguita in 0.00 secondi: SELECT pg_catalog.pg_class.relname 
FROM pg_catalog.pg_class JOIN pg_catalog.pg_namespace ON pg_catalog.pg_namespace.oid = pg_catalog.pg_class.relnamespace 
WHERE pg_catalog.pg_class.relname = %(table_name)s AND pg_catalog.pg_class.relkind = ANY (ARRAY[%(param_1)s, %(param_2)s, %(param_3)s, %(param_4)s, %(param_5)s]) AND pg_catalog.pg_table_is_visible(pg_catalog.pg_class.oid) AND pg_catalog.pg_namespace.nspname != %(nspname_1)s (session.py:30)
2025-06-17 11:27:53 [    INFO] SELECT pg_catalog.pg_type.typname 
FROM pg_catalog.pg_type JOIN pg_catalog.pg_namespace ON pg_catalog.pg_namespace.oid = pg_catalog.pg_type.typnamespace 
WHERE pg_catalog.pg_type.typname = %(typname_1)s AND pg_catalog.pg_type_is_visible(pg_catalog.pg_type.oid) AND pg_catalog.pg_namespace.nspname != %(nspname_1)s (base.py:1842)
2025-06-17 11:27:53 [    INFO] [generated in 0.00105s] {'typname_1': 'maintenancetype', 'nspname_1': 'pg_catalog'} (base.py:1842)
2025-06-17 11:27:53 [   DEBUG] Query eseguita in 0.00 secondi: SELECT pg_catalog.pg_type.typname 
FROM pg_catalog.pg_type JOIN pg_catalog.pg_namespace ON pg_catalog.pg_namespace.oid = pg_catalog.pg_type.typnamespace 
WHERE pg_catalog.pg_type.typname = %(typname_1)s AND pg_catalog.pg_type_is_visible(pg_catalog.pg_type.oid) AND pg_catalog.pg_namespace.nspname != %(nspname_1)s (session.py:30)
2025-06-17 11:27:53 [    INFO] CREATE TYPE maintenancetype AS ENUM ('ROUTINE', 'PREVENTIVE', 'CORRECTIVE', 'EMERGENCY', 'INSPECTION') (base.py:1842)
2025-06-17 11:27:53 [    INFO] [no key 0.00154s] {} (base.py:1842)
2025-06-17 11:27:53 [   DEBUG] Query eseguita in 0.01 secondi: CREATE TYPE maintenancetype AS ENUM ('ROUTINE', 'PREVENTIVE', 'CORRECTIVE', 'EMERGENCY', 'INSPECTION') (session.py:30)
2025-06-17 11:27:53 [    INFO] SELECT pg_catalog.pg_type.typname 
FROM pg_catalog.pg_type JOIN pg_catalog.pg_namespace ON pg_catalog.pg_namespace.oid = pg_catalog.pg_type.typnamespace 
WHERE pg_catalog.pg_type.typname = %(typname_1)s AND pg_catalog.pg_type_is_visible(pg_catalog.pg_type.oid) AND pg_catalog.pg_namespace.nspname != %(nspname_1)s (base.py:1842)
2025-06-17 11:27:53 [    INFO] [cached since 0.03586s ago] {'typname_1': 'maintenancestatus', 'nspname_1': 'pg_catalog'} (base.py:1842)
2025-06-17 11:27:53 [   DEBUG] Query eseguita in 0.01 secondi: SELECT pg_catalog.pg_type.typname 
FROM pg_catalog.pg_type JOIN pg_catalog.pg_namespace ON pg_catalog.pg_namespace.oid = pg_catalog.pg_type.typnamespace 
WHERE pg_catalog.pg_type.typname = %(typname_1)s AND pg_catalog.pg_type_is_visible(pg_catalog.pg_type.oid) AND pg_catalog.pg_namespace.nspname != %(nspname_1)s (session.py:30)
2025-06-17 11:27:53 [    INFO] CREATE TYPE maintenancestatus AS ENUM ('PENDING', 'COMPLETED', 'FAILED') (base.py:1842)
2025-06-17 11:27:53 [    INFO] [no key 0.00480s] {} (base.py:1842)
2025-06-17 11:27:53 [   DEBUG] Query eseguita in 0.01 secondi: CREATE TYPE maintenancestatus AS ENUM ('PENDING', 'COMPLETED', 'FAILED') (session.py:30)
2025-06-17 11:27:53 [    INFO] 
CREATE TABLE "user" (
	id SERIAL NOT NULL, 
	email VARCHAR NOT NULL, 
	username VARCHAR NOT NULL, 
	hashed_password VARCHAR NOT NULL, 
	is_active BOOLEAN NOT NULL, 
	is_superuser BOOLEAN NOT NULL, 
	is_verified BOOLEAN NOT NULL, 
	created_at TIMESTAMP WITHOUT TIME ZONE NOT NULL, 
	updated_at TIMESTAMP WITHOUT TIME ZONE NOT NULL, 
	last_login TIMESTAMP WITH TIME ZONE, 
	full_name VARCHAR(255), 
	phone_number VARCHAR(20), 
	PRIMARY KEY (id)
)

 (base.py:1842)
2025-06-17 11:27:53 [    INFO] [no key 0.00591s] {} (base.py:1842)
2025-06-17 11:27:53 [   DEBUG] Query eseguita in 0.05 secondi: 
CREATE TABLE "user" (
	id SERIAL NOT NULL, 
	email VARCHAR NOT NULL, 
	username VARCHAR NOT NULL, 
	hashed_password VARCHAR NOT NULL, 
	is_active BOOLEAN NOT NULL, 
	is_superuser BOOLEAN NOT NULL, 
	is_verified BOOLEAN NOT NULL, 
	created_at TIMESTAMP WITHOUT TIME ZONE NOT NULL, 
	updated_at TIMESTAMP WITHOUT TIME ZONE NOT NULL, 
	last_login TIMESTAMP WITH TIME ZONE, 
	full_name VARCHAR(255), 
	phone_number VARCHAR(20), 
	PRIMARY KEY (id)
)

 (session.py:30)
2025-06-17 11:27:53 [    INFO] CREATE UNIQUE INDEX ix_user_email ON "user" (email) (base.py:1842)
2025-06-17 11:27:53 [    INFO] [no key 0.00410s] {} (base.py:1842)
2025-06-17 11:27:53 [   DEBUG] Query eseguita in 0.01 secondi: CREATE UNIQUE INDEX ix_user_email ON "user" (email) (session.py:30)
2025-06-17 11:27:53 [    INFO] CREATE UNIQUE INDEX ix_user_username ON "user" (username) (base.py:1842)
2025-06-17 11:27:53 [    INFO] [no key 0.00415s] {} (base.py:1842)
2025-06-17 11:27:53 [   DEBUG] Query eseguita in 0.01 secondi: CREATE UNIQUE INDEX ix_user_username ON "user" (username) (session.py:30)
2025-06-17 11:27:53 [    INFO] 
CREATE TABLE houses (
	id SERIAL NOT NULL, 
	name VARCHAR NOT NULL, 
	address VARCHAR NOT NULL, 
	owner_id INTEGER NOT NULL, 
	created_at TIMESTAMP WITHOUT TIME ZONE NOT NULL, 
	updated_at TIMESTAMP WITHOUT TIME ZONE NOT NULL, 
	PRIMARY KEY (id), 
	FOREIGN KEY(owner_id) REFERENCES "user" (id)
)

 (base.py:1842)
2025-06-17 11:27:53 [    INFO] [no key 0.00241s] {} (base.py:1842)
2025-06-17 11:27:53 [   DEBUG] Query eseguita in 0.04 secondi: 
CREATE TABLE houses (
	id SERIAL NOT NULL, 
	name VARCHAR NOT NULL, 
	address VARCHAR NOT NULL, 
	owner_id INTEGER NOT NULL, 
	created_at TIMESTAMP WITHOUT TIME ZONE NOT NULL, 
	updated_at TIMESTAMP WITHOUT TIME ZONE NOT NULL, 
	PRIMARY KEY (id), 
	FOREIGN KEY(owner_id) REFERENCES "user" (id)
)

 (session.py:30)
2025-06-17 11:27:53 [    INFO] CREATE INDEX ix_houses_name ON houses (name) (base.py:1842)
2025-06-17 11:27:53 [    INFO] [no key 0.00140s] {} (base.py:1842)
2025-06-17 11:27:53 [   DEBUG] Query eseguita in 0.01 secondi: CREATE INDEX ix_houses_name ON houses (name) (session.py:30)
2025-06-17 11:27:53 [    INFO] 
CREATE TABLE rooms (
	id SERIAL NOT NULL, 
	name VARCHAR NOT NULL, 
	description VARCHAR, 
	floor INTEGER NOT NULL, 
	area FLOAT NOT NULL, 
	house_id INTEGER NOT NULL, 
	created_at TIMESTAMP WITHOUT TIME ZONE NOT NULL, 
	updated_at TIMESTAMP WITHOUT TIME ZONE NOT NULL, 
	PRIMARY KEY (id), 
	FOREIGN KEY(house_id) REFERENCES houses (id)
)

 (base.py:1842)
2025-06-17 11:27:53 [    INFO] [no key 0.00147s] {} (base.py:1842)
2025-06-17 11:27:53 [   DEBUG] Query eseguita in 0.03 secondi: 
CREATE TABLE rooms (
	id SERIAL NOT NULL, 
	name VARCHAR NOT NULL, 
	description VARCHAR, 
	floor INTEGER NOT NULL, 
	area FLOAT NOT NULL, 
	house_id INTEGER NOT NULL, 
	created_at TIMESTAMP WITHOUT TIME ZONE NOT NULL, 
	updated_at TIMESTAMP WITHOUT TIME ZONE NOT NULL, 
	PRIMARY KEY (id), 
	FOREIGN KEY(house_id) REFERENCES houses (id)
)

 (session.py:30)
2025-06-17 11:27:53 [    INFO] CREATE INDEX ix_rooms_name ON rooms (name) (base.py:1842)
2025-06-17 11:27:53 [    INFO] [no key 0.00249s] {} (base.py:1842)
2025-06-17 11:27:53 [   DEBUG] Query eseguita in 0.01 secondi: CREATE INDEX ix_rooms_name ON rooms (name) (session.py:30)
2025-06-17 11:27:53 [    INFO] 
CREATE TABLE nodes (
	id SERIAL NOT NULL, 
	name VARCHAR NOT NULL, 
	description VARCHAR, 
	nfc_id VARCHAR NOT NULL, 
	house_id INTEGER NOT NULL, 
	room_id INTEGER, 
	PRIMARY KEY (id), 
	FOREIGN KEY(house_id) REFERENCES houses (id), 
	FOREIGN KEY(room_id) REFERENCES rooms (id)
)

 (base.py:1842)
2025-06-17 11:27:53 [    INFO] [no key 0.00125s] {} (base.py:1842)
2025-06-17 11:27:53 [   DEBUG] Query eseguita in 0.03 secondi: 
CREATE TABLE nodes (
	id SERIAL NOT NULL, 
	name VARCHAR NOT NULL, 
	description VARCHAR, 
	nfc_id VARCHAR NOT NULL, 
	house_id INTEGER NOT NULL, 
	room_id INTEGER, 
	PRIMARY KEY (id), 
	FOREIGN KEY(house_id) REFERENCES houses (id), 
	FOREIGN KEY(room_id) REFERENCES rooms (id)
)

 (session.py:30)
2025-06-17 11:27:53 [    INFO] CREATE UNIQUE INDEX ix_nodes_nfc_id ON nodes (nfc_id) (base.py:1842)
2025-06-17 11:27:53 [    INFO] [no key 0.00314s] {} (base.py:1842)
2025-06-17 11:27:53 [   DEBUG] Query eseguita in 0.01 secondi: CREATE UNIQUE INDEX ix_nodes_nfc_id ON nodes (nfc_id) (session.py:30)
2025-06-17 11:27:53 [    INFO] 
CREATE TABLE bookings (
	id SERIAL NOT NULL, 
	room_id INTEGER NOT NULL, 
	user_id INTEGER NOT NULL, 
	start_time TIMESTAMP WITHOUT TIME ZONE NOT NULL, 
	end_time TIMESTAMP WITHOUT TIME ZONE NOT NULL, 
	status VARCHAR NOT NULL, 
	notes VARCHAR, 
	created_at TIMESTAMP WITHOUT TIME ZONE NOT NULL, 
	updated_at TIMESTAMP WITHOUT TIME ZONE NOT NULL, 
	PRIMARY KEY (id), 
	FOREIGN KEY(room_id) REFERENCES rooms (id), 
	FOREIGN KEY(user_id) REFERENCES "user" (id)
)

 (base.py:1842)
2025-06-17 11:27:53 [    INFO] [no key 0.00442s] {} (base.py:1842)
2025-06-17 11:27:53 [   DEBUG] Query eseguita in 0.04 secondi: 
CREATE TABLE bookings (
	id SERIAL NOT NULL, 
	room_id INTEGER NOT NULL, 
	user_id INTEGER NOT NULL, 
	start_time TIMESTAMP WITHOUT TIME ZONE NOT NULL, 
	end_time TIMESTAMP WITHOUT TIME ZONE NOT NULL, 
	status VARCHAR NOT NULL, 
	notes VARCHAR, 
	created_at TIMESTAMP WITHOUT TIME ZONE NOT NULL, 
	updated_at TIMESTAMP WITHOUT TIME ZONE NOT NULL, 
	PRIMARY KEY (id), 
	FOREIGN KEY(room_id) REFERENCES rooms (id), 
	FOREIGN KEY(user_id) REFERENCES "user" (id)
)

 (session.py:30)
2025-06-17 11:27:53 [    INFO] 
CREATE TABLE documents (
	id SERIAL NOT NULL, 
	created_at TIMESTAMP WITHOUT TIME ZONE NOT NULL, 
	updated_at TIMESTAMP WITHOUT TIME ZONE NOT NULL, 
	owner_id INTEGER NOT NULL, 
	name VARCHAR NOT NULL, 
	type VARCHAR NOT NULL, 
	size INTEGER NOT NULL, 
	upload_date TIMESTAMP WITHOUT TIME ZONE NOT NULL, 
	path VARCHAR NOT NULL, 
	checksum VARCHAR NOT NULL, 
	house_id INTEGER, 
	node_id INTEGER, 
	description VARCHAR, 
	PRIMARY KEY (id), 
	FOREIGN KEY(owner_id) REFERENCES "user" (id), 
	FOREIGN KEY(house_id) REFERENCES houses (id), 
	FOREIGN KEY(node_id) REFERENCES nodes (id)
)

 (base.py:1842)
2025-06-17 11:27:53 [    INFO] [no key 0.00203s] {} (base.py:1842)
2025-06-17 11:27:53 [   DEBUG] Query eseguita in 0.04 secondi: 
CREATE TABLE documents (
	id SERIAL NOT NULL, 
	created_at TIMESTAMP WITHOUT TIME ZONE NOT NULL, 
	updated_at TIMESTAMP WITHOUT TIME ZONE NOT NULL, 
	owner_id INTEGER NOT NULL, 
	name VARCHAR NOT NULL, 
	type VARCHAR NOT NULL, 
	size INTEGER NOT NULL, 
	upload_date TIMESTAMP WITHOUT TIME ZONE NOT NULL, 
	path VARCHAR NOT NULL, 
	checksum VARCHAR NOT NULL, 
	house_id INTEGER, 
	node_id INTEGER, 
	description VARCHAR, 
	PRIMARY KEY (id), 
	FOREIGN KEY(owner_id) REFERENCES "user" (id), 
	FOREIGN KEY(house_id) REFERENCES houses (id), 
	FOREIGN KEY(node_id) REFERENCES nodes (id)
)

 (session.py:30)
2025-06-17 11:27:53 [    INFO] CREATE INDEX ix_documents_owner_id ON documents (owner_id) (base.py:1842)
2025-06-17 11:27:53 [    INFO] [no key 0.00395s] {} (base.py:1842)
2025-06-17 11:27:53 [   DEBUG] Query eseguita in 0.01 secondi: CREATE INDEX ix_documents_owner_id ON documents (owner_id) (session.py:30)
2025-06-17 11:27:53 [    INFO] 
CREATE TABLE document_versions (
	id SERIAL NOT NULL, 
	version_number INTEGER NOT NULL, 
	file_path VARCHAR NOT NULL, 
	file_size INTEGER NOT NULL, 
	checksum VARCHAR NOT NULL, 
	created_at TIMESTAMP WITHOUT TIME ZONE NOT NULL, 
	updated_at TIMESTAMP WITHOUT TIME ZONE NOT NULL, 
	document_id INTEGER NOT NULL, 
	created_by_id INTEGER, 
	PRIMARY KEY (id), 
	FOREIGN KEY(document_id) REFERENCES documents (id), 
	FOREIGN KEY(created_by_id) REFERENCES "user" (id)
)

 (base.py:1842)
2025-06-17 11:27:53 [    INFO] [no key 0.00305s] {} (base.py:1842)
2025-06-17 11:27:53 [   DEBUG] Query eseguita in 0.04 secondi: 
CREATE TABLE document_versions (
	id SERIAL NOT NULL, 
	version_number INTEGER NOT NULL, 
	file_path VARCHAR NOT NULL, 
	file_size INTEGER NOT NULL, 
	checksum VARCHAR NOT NULL, 
	created_at TIMESTAMP WITHOUT TIME ZONE NOT NULL, 
	updated_at TIMESTAMP WITHOUT TIME ZONE NOT NULL, 
	document_id INTEGER NOT NULL, 
	created_by_id INTEGER, 
	PRIMARY KEY (id), 
	FOREIGN KEY(document_id) REFERENCES documents (id), 
	FOREIGN KEY(created_by_id) REFERENCES "user" (id)
)

 (session.py:30)
2025-06-17 11:27:53 [    INFO] CREATE INDEX ix_document_versions_version_number ON document_versions (version_number) (base.py:1842)
2025-06-17 11:27:53 [    INFO] [no key 0.00168s] {} (base.py:1842)
2025-06-17 11:27:53 [   DEBUG] Query eseguita in 0.01 secondi: CREATE INDEX ix_document_versions_version_number ON document_versions (version_number) (session.py:30)
2025-06-17 11:27:53 [    INFO] CREATE INDEX ix_document_versions_created_by_id ON document_versions (created_by_id) (base.py:1842)
2025-06-17 11:27:53 [    INFO] [no key 0.00294s] {} (base.py:1842)
2025-06-17 11:27:53 [   DEBUG] Query eseguita in 0.01 secondi: CREATE INDEX ix_document_versions_created_by_id ON document_versions (created_by_id) (session.py:30)
2025-06-17 11:27:53 [    INFO] CREATE INDEX ix_document_versions_document_id ON document_versions (document_id) (base.py:1842)
2025-06-17 11:27:53 [    INFO] [no key 0.00159s] {} (base.py:1842)
2025-06-17 11:27:53 [   DEBUG] Query eseguita in 0.01 secondi: CREATE INDEX ix_document_versions_document_id ON document_versions (document_id) (session.py:30)
2025-06-17 11:27:53 [    INFO] 
CREATE TABLE maintenance_records (
	id SERIAL NOT NULL, 
	node_id INTEGER NOT NULL, 
	timestamp TIMESTAMP WITHOUT TIME ZONE NOT NULL, 
	maintenance_type maintenancetype NOT NULL, 
	description VARCHAR NOT NULL, 
	status maintenancestatus NOT NULL, 
	notes VARCHAR, 
	document_id INTEGER, 
	PRIMARY KEY (id), 
	FOREIGN KEY(node_id) REFERENCES nodes (id), 
	FOREIGN KEY(document_id) REFERENCES documents (id)
)

 (base.py:1842)
2025-06-17 11:27:53 [    INFO] [no key 0.00087s] {} (base.py:1842)
2025-06-17 11:27:53 [   DEBUG] Query eseguita in 0.07 secondi: 
CREATE TABLE maintenance_records (
	id SERIAL NOT NULL, 
	node_id INTEGER NOT NULL, 
	timestamp TIMESTAMP WITHOUT TIME ZONE NOT NULL, 
	maintenance_type maintenancetype NOT NULL, 
	description VARCHAR NOT NULL, 
	status maintenancestatus NOT NULL, 
	notes VARCHAR, 
	document_id INTEGER, 
	PRIMARY KEY (id), 
	FOREIGN KEY(node_id) REFERENCES nodes (id), 
	FOREIGN KEY(document_id) REFERENCES documents (id)
)

 (session.py:30)
2025-06-17 11:27:53 [    INFO] CREATE INDEX ix_maintenance_records_node_id ON maintenance_records (node_id) (base.py:1842)
2025-06-17 11:27:53 [    INFO] [no key 0.00302s] {} (base.py:1842)
2025-06-17 11:27:53 [   DEBUG] Query eseguita in 0.01 secondi: CREATE INDEX ix_maintenance_records_node_id ON maintenance_records (node_id) (session.py:30)
2025-06-17 11:27:53 [    INFO] COMMIT (base.py:2704)
2025-06-17 11:27:53 [   DEBUG] Test database tables created successfully (test_users.py:52)
2025-06-17 11:27:53 [   DEBUG] Test database session created successfully (test_users.py:55)
2025-06-17 11:27:53 [   DEBUG] Overriding get_session for tests... (conftest.py:269)
2025-06-17 11:27:53 [   DEBUG] Setting up FakeRedis for tests... (conftest_redis.py:18)
2025-06-17 11:27:53 [   DEBUG] Connessione Redis stabilita con successo (redis.py:24)
-------------------------------- live log call --------------------------------
2025-06-17 11:27:54 [   DEBUG] Using proactor: IocpProactor (proactor_events.py:631)
2025-06-17 11:27:54 [    INFO] HTTP Request: POST http://testserver/api/v1/auth/register "HTTP/1.1 422 Unprocessable Entity" (_client.py:1025)
PASSED                                                                   [ 25%]
------------------------------ live log teardown ------------------------------
2025-06-17 11:27:54 [   DEBUG] Restored original Redis client (conftest_redis.py:29)
2025-06-17 11:27:54 [   DEBUG] get_session override cleared (conftest.py:275)
2025-06-17 11:27:54 [   DEBUG] Cleaning up test database session... (test_users.py:57)
2025-06-17 11:27:54 [    INFO] BEGIN (implicit) (base.py:2698)
2025-06-17 11:27:54 [    INFO] DROP SCHEMA public CASCADE (base.py:1842)
2025-06-17 11:27:54 [    INFO] [generated in 0.00824s] {} (base.py:1842)
2025-06-17 11:27:54 [   DEBUG] Query eseguita in 0.11 secondi: DROP SCHEMA public CASCADE (session.py:30)
2025-06-17 11:27:54 [    INFO] CREATE SCHEMA public (base.py:1842)
2025-06-17 11:27:54 [    INFO] [generated in 0.00243s] {} (base.py:1842)
2025-06-17 11:27:54 [   DEBUG] Query eseguita in 0.01 secondi: CREATE SCHEMA public (session.py:30)
2025-06-17 11:27:54 [    INFO] COMMIT (base.py:2704)
2025-06-17 11:27:54 [   DEBUG] Test database cleanup completed (test_users.py:63)
2025-06-17 11:27:54 [   DEBUG] Session fixture completed in 2.96 seconds (test_users.py:68)

tests/api/test_users.py::test_create_user_invalid_email[user@domain..com] 
------------------------------- live log setup --------------------------------
2025-06-17 11:27:54 [   DEBUG] Setting up test database session... (test_users.py:38)
2025-06-17 11:27:55 [    INFO] select pg_catalog.version() (base.py:1842)
2025-06-17 11:27:55 [    INFO] [raw sql] {} (base.py:1842)
2025-06-17 11:27:55 [    INFO] select current_schema() (base.py:1842)
2025-06-17 11:27:55 [    INFO] [raw sql] {} (base.py:1842)
2025-06-17 11:27:55 [    INFO] show standard_conforming_strings (base.py:1842)
2025-06-17 11:27:55 [    INFO] [raw sql] {} (base.py:1842)
2025-06-17 11:27:55 [    INFO] BEGIN (implicit) (base.py:2698)
2025-06-17 11:27:55 [    INFO] SELECT pg_catalog.pg_class.relname 
FROM pg_catalog.pg_class JOIN pg_catalog.pg_namespace ON pg_catalog.pg_namespace.oid = pg_catalog.pg_class.relnamespace 
WHERE pg_catalog.pg_class.relname = %(table_name)s AND pg_catalog.pg_class.relkind = ANY (ARRAY[%(param_1)s, %(param_2)s, %(param_3)s, %(param_4)s, %(param_5)s]) AND pg_catalog.pg_table_is_visible(pg_catalog.pg_class.oid) AND pg_catalog.pg_namespace.nspname != %(nspname_1)s (base.py:1842)
2025-06-17 11:27:55 [    INFO] [generated in 0.00499s] {'table_name': 'user', 'param_1': 'r', 'param_2': 'p', 'param_3': 'f', 'param_4': 'v', 'param_5': 'm', 'nspname_1': 'pg_catalog'} (base.py:1842)
2025-06-17 11:27:55 [   DEBUG] Query eseguita in 0.01 secondi: SELECT pg_catalog.pg_class.relname 
FROM pg_catalog.pg_class JOIN pg_catalog.pg_namespace ON pg_catalog.pg_namespace.oid = pg_catalog.pg_class.relnamespace 
WHERE pg_catalog.pg_class.relname = %(table_name)s AND pg_catalog.pg_class.relkind = ANY (ARRAY[%(param_1)s, %(param_2)s, %(param_3)s, %(param_4)s, %(param_5)s]) AND pg_catalog.pg_table_is_visible(pg_catalog.pg_class.oid) AND pg_catalog.pg_namespace.nspname != %(nspname_1)s (session.py:30)
2025-06-17 11:27:55 [    INFO] SELECT pg_catalog.pg_class.relname 
FROM pg_catalog.pg_class JOIN pg_catalog.pg_namespace ON pg_catalog.pg_namespace.oid = pg_catalog.pg_class.relnamespace 
WHERE pg_catalog.pg_class.relname = %(table_name)s AND pg_catalog.pg_class.relkind = ANY (ARRAY[%(param_1)s, %(param_2)s, %(param_3)s, %(param_4)s, %(param_5)s]) AND pg_catalog.pg_table_is_visible(pg_catalog.pg_class.oid) AND pg_catalog.pg_namespace.nspname != %(nspname_1)s (base.py:1842)
2025-06-17 11:27:55 [    INFO] [cached since 0.0174s ago] {'table_name': 'documents', 'param_1': 'r', 'param_2': 'p', 'param_3': 'f', 'param_4': 'v', 'param_5': 'm', 'nspname_1': 'pg_catalog'} (base.py:1842)
2025-06-17 11:27:55 [   DEBUG] Query eseguita in 0.01 secondi: SELECT pg_catalog.pg_class.relname 
FROM pg_catalog.pg_class JOIN pg_catalog.pg_namespace ON pg_catalog.pg_namespace.oid = pg_catalog.pg_class.relnamespace 
WHERE pg_catalog.pg_class.relname = %(table_name)s AND pg_catalog.pg_class.relkind = ANY (ARRAY[%(param_1)s, %(param_2)s, %(param_3)s, %(param_4)s, %(param_5)s]) AND pg_catalog.pg_table_is_visible(pg_catalog.pg_class.oid) AND pg_catalog.pg_namespace.nspname != %(nspname_1)s (session.py:30)
2025-06-17 11:27:55 [    INFO] SELECT pg_catalog.pg_class.relname 
FROM pg_catalog.pg_class JOIN pg_catalog.pg_namespace ON pg_catalog.pg_namespace.oid = pg_catalog.pg_class.relnamespace 
WHERE pg_catalog.pg_class.relname = %(table_name)s AND pg_catalog.pg_class.relkind = ANY (ARRAY[%(param_1)s, %(param_2)s, %(param_3)s, %(param_4)s, %(param_5)s]) AND pg_catalog.pg_table_is_visible(pg_catalog.pg_class.oid) AND pg_catalog.pg_namespace.nspname != %(nspname_1)s (base.py:1842)
2025-06-17 11:27:55 [    INFO] [cached since 0.02694s ago] {'table_name': 'document_versions', 'param_1': 'r', 'param_2': 'p', 'param_3': 'f', 'param_4': 'v', 'param_5': 'm', 'nspname_1': 'pg_catalog'} (base.py:1842)
2025-06-17 11:27:55 [   DEBUG] Query eseguita in 0.01 secondi: SELECT pg_catalog.pg_class.relname 
FROM pg_catalog.pg_class JOIN pg_catalog.pg_namespace ON pg_catalog.pg_namespace.oid = pg_catalog.pg_class.relnamespace 
WHERE pg_catalog.pg_class.relname = %(table_name)s AND pg_catalog.pg_class.relkind = ANY (ARRAY[%(param_1)s, %(param_2)s, %(param_3)s, %(param_4)s, %(param_5)s]) AND pg_catalog.pg_table_is_visible(pg_catalog.pg_class.oid) AND pg_catalog.pg_namespace.nspname != %(nspname_1)s (session.py:30)
2025-06-17 11:27:55 [    INFO] SELECT pg_catalog.pg_class.relname 
FROM pg_catalog.pg_class JOIN pg_catalog.pg_namespace ON pg_catalog.pg_namespace.oid = pg_catalog.pg_class.relnamespace 
WHERE pg_catalog.pg_class.relname = %(table_name)s AND pg_catalog.pg_class.relkind = ANY (ARRAY[%(param_1)s, %(param_2)s, %(param_3)s, %(param_4)s, %(param_5)s]) AND pg_catalog.pg_table_is_visible(pg_catalog.pg_class.oid) AND pg_catalog.pg_namespace.nspname != %(nspname_1)s (base.py:1842)
2025-06-17 11:27:55 [    INFO] [cached since 0.03557s ago] {'table_name': 'houses', 'param_1': 'r', 'param_2': 'p', 'param_3': 'f', 'param_4': 'v', 'param_5': 'm', 'nspname_1': 'pg_catalog'} (base.py:1842)
2025-06-17 11:27:55 [   DEBUG] Query eseguita in 0.01 secondi: SELECT pg_catalog.pg_class.relname 
FROM pg_catalog.pg_class JOIN pg_catalog.pg_namespace ON pg_catalog.pg_namespace.oid = pg_catalog.pg_class.relnamespace 
WHERE pg_catalog.pg_class.relname = %(table_name)s AND pg_catalog.pg_class.relkind = ANY (ARRAY[%(param_1)s, %(param_2)s, %(param_3)s, %(param_4)s, %(param_5)s]) AND pg_catalog.pg_table_is_visible(pg_catalog.pg_class.oid) AND pg_catalog.pg_namespace.nspname != %(nspname_1)s (session.py:30)
2025-06-17 11:27:55 [    INFO] SELECT pg_catalog.pg_class.relname 
FROM pg_catalog.pg_class JOIN pg_catalog.pg_namespace ON pg_catalog.pg_namespace.oid = pg_catalog.pg_class.relnamespace 
WHERE pg_catalog.pg_class.relname = %(table_name)s AND pg_catalog.pg_class.relkind = ANY (ARRAY[%(param_1)s, %(param_2)s, %(param_3)s, %(param_4)s, %(param_5)s]) AND pg_catalog.pg_table_is_visible(pg_catalog.pg_class.oid) AND pg_catalog.pg_namespace.nspname != %(nspname_1)s (base.py:1842)
2025-06-17 11:27:55 [    INFO] [cached since 0.04458s ago] {'table_name': 'nodes', 'param_1': 'r', 'param_2': 'p', 'param_3': 'f', 'param_4': 'v', 'param_5': 'm', 'nspname_1': 'pg_catalog'} (base.py:1842)
2025-06-17 11:27:55 [   DEBUG] Query eseguita in 0.01 secondi: SELECT pg_catalog.pg_class.relname 
FROM pg_catalog.pg_class JOIN pg_catalog.pg_namespace ON pg_catalog.pg_namespace.oid = pg_catalog.pg_class.relnamespace 
WHERE pg_catalog.pg_class.relname = %(table_name)s AND pg_catalog.pg_class.relkind = ANY (ARRAY[%(param_1)s, %(param_2)s, %(param_3)s, %(param_4)s, %(param_5)s]) AND pg_catalog.pg_table_is_visible(pg_catalog.pg_class.oid) AND pg_catalog.pg_namespace.nspname != %(nspname_1)s (session.py:30)
2025-06-17 11:27:55 [    INFO] SELECT pg_catalog.pg_class.relname 
FROM pg_catalog.pg_class JOIN pg_catalog.pg_namespace ON pg_catalog.pg_namespace.oid = pg_catalog.pg_class.relnamespace 
WHERE pg_catalog.pg_class.relname = %(table_name)s AND pg_catalog.pg_class.relkind = ANY (ARRAY[%(param_1)s, %(param_2)s, %(param_3)s, %(param_4)s, %(param_5)s]) AND pg_catalog.pg_table_is_visible(pg_catalog.pg_class.oid) AND pg_catalog.pg_namespace.nspname != %(nspname_1)s (base.py:1842)
2025-06-17 11:27:55 [    INFO] [cached since 0.05789s ago] {'table_name': 'rooms', 'param_1': 'r', 'param_2': 'p', 'param_3': 'f', 'param_4': 'v', 'param_5': 'm', 'nspname_1': 'pg_catalog'} (base.py:1842)
2025-06-17 11:27:55 [   DEBUG] Query eseguita in 0.00 secondi: SELECT pg_catalog.pg_class.relname 
FROM pg_catalog.pg_class JOIN pg_catalog.pg_namespace ON pg_catalog.pg_namespace.oid = pg_catalog.pg_class.relnamespace 
WHERE pg_catalog.pg_class.relname = %(table_name)s AND pg_catalog.pg_class.relkind = ANY (ARRAY[%(param_1)s, %(param_2)s, %(param_3)s, %(param_4)s, %(param_5)s]) AND pg_catalog.pg_table_is_visible(pg_catalog.pg_class.oid) AND pg_catalog.pg_namespace.nspname != %(nspname_1)s (session.py:30)
2025-06-17 11:27:55 [    INFO] SELECT pg_catalog.pg_class.relname 
FROM pg_catalog.pg_class JOIN pg_catalog.pg_namespace ON pg_catalog.pg_namespace.oid = pg_catalog.pg_class.relnamespace 
WHERE pg_catalog.pg_class.relname = %(table_name)s AND pg_catalog.pg_class.relkind = ANY (ARRAY[%(param_1)s, %(param_2)s, %(param_3)s, %(param_4)s, %(param_5)s]) AND pg_catalog.pg_table_is_visible(pg_catalog.pg_class.oid) AND pg_catalog.pg_namespace.nspname != %(nspname_1)s (base.py:1842)
2025-06-17 11:27:55 [    INFO] [cached since 0.06365s ago] {'table_name': 'bookings', 'param_1': 'r', 'param_2': 'p', 'param_3': 'f', 'param_4': 'v', 'param_5': 'm', 'nspname_1': 'pg_catalog'} (base.py:1842)
2025-06-17 11:27:55 [   DEBUG] Query eseguita in 0.01 secondi: SELECT pg_catalog.pg_class.relname 
FROM pg_catalog.pg_class JOIN pg_catalog.pg_namespace ON pg_catalog.pg_namespace.oid = pg_catalog.pg_class.relnamespace 
WHERE pg_catalog.pg_class.relname = %(table_name)s AND pg_catalog.pg_class.relkind = ANY (ARRAY[%(param_1)s, %(param_2)s, %(param_3)s, %(param_4)s, %(param_5)s]) AND pg_catalog.pg_table_is_visible(pg_catalog.pg_class.oid) AND pg_catalog.pg_namespace.nspname != %(nspname_1)s (session.py:30)
2025-06-17 11:27:55 [    INFO] SELECT pg_catalog.pg_class.relname 
FROM pg_catalog.pg_class JOIN pg_catalog.pg_namespace ON pg_catalog.pg_namespace.oid = pg_catalog.pg_class.relnamespace 
WHERE pg_catalog.pg_class.relname = %(table_name)s AND pg_catalog.pg_class.relkind = ANY (ARRAY[%(param_1)s, %(param_2)s, %(param_3)s, %(param_4)s, %(param_5)s]) AND pg_catalog.pg_table_is_visible(pg_catalog.pg_class.oid) AND pg_catalog.pg_namespace.nspname != %(nspname_1)s (base.py:1842)
2025-06-17 11:27:55 [    INFO] [cached since 0.07471s ago] {'table_name': 'maintenance_records', 'param_1': 'r', 'param_2': 'p', 'param_3': 'f', 'param_4': 'v', 'param_5': 'm', 'nspname_1': 'pg_catalog'} (base.py:1842)
2025-06-17 11:27:55 [   DEBUG] Query eseguita in 0.00 secondi: SELECT pg_catalog.pg_class.relname 
FROM pg_catalog.pg_class JOIN pg_catalog.pg_namespace ON pg_catalog.pg_namespace.oid = pg_catalog.pg_class.relnamespace 
WHERE pg_catalog.pg_class.relname = %(table_name)s AND pg_catalog.pg_class.relkind = ANY (ARRAY[%(param_1)s, %(param_2)s, %(param_3)s, %(param_4)s, %(param_5)s]) AND pg_catalog.pg_table_is_visible(pg_catalog.pg_class.oid) AND pg_catalog.pg_namespace.nspname != %(nspname_1)s (session.py:30)
2025-06-17 11:27:55 [    INFO] SELECT pg_catalog.pg_type.typname 
FROM pg_catalog.pg_type JOIN pg_catalog.pg_namespace ON pg_catalog.pg_namespace.oid = pg_catalog.pg_type.typnamespace 
WHERE pg_catalog.pg_type.typname = %(typname_1)s AND pg_catalog.pg_type_is_visible(pg_catalog.pg_type.oid) AND pg_catalog.pg_namespace.nspname != %(nspname_1)s (base.py:1842)
2025-06-17 11:27:55 [    INFO] [generated in 0.00375s] {'typname_1': 'maintenancetype', 'nspname_1': 'pg_catalog'} (base.py:1842)
2025-06-17 11:27:55 [   DEBUG] Query eseguita in 0.01 secondi: SELECT pg_catalog.pg_type.typname 
FROM pg_catalog.pg_type JOIN pg_catalog.pg_namespace ON pg_catalog.pg_namespace.oid = pg_catalog.pg_type.typnamespace 
WHERE pg_catalog.pg_type.typname = %(typname_1)s AND pg_catalog.pg_type_is_visible(pg_catalog.pg_type.oid) AND pg_catalog.pg_namespace.nspname != %(nspname_1)s (session.py:30)
2025-06-17 11:27:55 [    INFO] CREATE TYPE maintenancetype AS ENUM ('ROUTINE', 'PREVENTIVE', 'CORRECTIVE', 'EMERGENCY', 'INSPECTION') (base.py:1842)
2025-06-17 11:27:55 [    INFO] [no key 0.00350s] {} (base.py:1842)
2025-06-17 11:27:55 [   DEBUG] Query eseguita in 0.01 secondi: CREATE TYPE maintenancetype AS ENUM ('ROUTINE', 'PREVENTIVE', 'CORRECTIVE', 'EMERGENCY', 'INSPECTION') (session.py:30)
2025-06-17 11:27:55 [    INFO] SELECT pg_catalog.pg_type.typname 
FROM pg_catalog.pg_type JOIN pg_catalog.pg_namespace ON pg_catalog.pg_namespace.oid = pg_catalog.pg_type.typnamespace 
WHERE pg_catalog.pg_type.typname = %(typname_1)s AND pg_catalog.pg_type_is_visible(pg_catalog.pg_type.oid) AND pg_catalog.pg_namespace.nspname != %(nspname_1)s (base.py:1842)
2025-06-17 11:27:55 [    INFO] [cached since 0.02873s ago] {'typname_1': 'maintenancestatus', 'nspname_1': 'pg_catalog'} (base.py:1842)
2025-06-17 11:27:55 [   DEBUG] Query eseguita in 0.01 secondi: SELECT pg_catalog.pg_type.typname 
FROM pg_catalog.pg_type JOIN pg_catalog.pg_namespace ON pg_catalog.pg_namespace.oid = pg_catalog.pg_type.typnamespace 
WHERE pg_catalog.pg_type.typname = %(typname_1)s AND pg_catalog.pg_type_is_visible(pg_catalog.pg_type.oid) AND pg_catalog.pg_namespace.nspname != %(nspname_1)s (session.py:30)
2025-06-17 11:27:55 [    INFO] CREATE TYPE maintenancestatus AS ENUM ('PENDING', 'COMPLETED', 'FAILED') (base.py:1842)
2025-06-17 11:27:55 [    INFO] [no key 0.00233s] {} (base.py:1842)
2025-06-17 11:27:55 [   DEBUG] Query eseguita in 0.00 secondi: CREATE TYPE maintenancestatus AS ENUM ('PENDING', 'COMPLETED', 'FAILED') (session.py:30)
2025-06-17 11:27:55 [    INFO] 
CREATE TABLE "user" (
	id SERIAL NOT NULL, 
	email VARCHAR NOT NULL, 
	username VARCHAR NOT NULL, 
	hashed_password VARCHAR NOT NULL, 
	is_active BOOLEAN NOT NULL, 
	is_superuser BOOLEAN NOT NULL, 
	is_verified BOOLEAN NOT NULL, 
	created_at TIMESTAMP WITHOUT TIME ZONE NOT NULL, 
	updated_at TIMESTAMP WITHOUT TIME ZONE NOT NULL, 
	last_login TIMESTAMP WITH TIME ZONE, 
	full_name VARCHAR(255), 
	phone_number VARCHAR(20), 
	PRIMARY KEY (id)
)

 (base.py:1842)
2025-06-17 11:27:55 [    INFO] [no key 0.00340s] {} (base.py:1842)
2025-06-17 11:27:55 [   DEBUG] Query eseguita in 0.04 secondi: 
CREATE TABLE "user" (
	id SERIAL NOT NULL, 
	email VARCHAR NOT NULL, 
	username VARCHAR NOT NULL, 
	hashed_password VARCHAR NOT NULL, 
	is_active BOOLEAN NOT NULL, 
	is_superuser BOOLEAN NOT NULL, 
	is_verified BOOLEAN NOT NULL, 
	created_at TIMESTAMP WITHOUT TIME ZONE NOT NULL, 
	updated_at TIMESTAMP WITHOUT TIME ZONE NOT NULL, 
	last_login TIMESTAMP WITH TIME ZONE, 
	full_name VARCHAR(255), 
	phone_number VARCHAR(20), 
	PRIMARY KEY (id)
)

 (session.py:30)
2025-06-17 11:27:55 [    INFO] CREATE UNIQUE INDEX ix_user_email ON "user" (email) (base.py:1842)
2025-06-17 11:27:55 [    INFO] [no key 0.00278s] {} (base.py:1842)
2025-06-17 11:27:55 [   DEBUG] Query eseguita in 0.01 secondi: CREATE UNIQUE INDEX ix_user_email ON "user" (email) (session.py:30)
2025-06-17 11:27:55 [    INFO] CREATE UNIQUE INDEX ix_user_username ON "user" (username) (base.py:1842)
2025-06-17 11:27:55 [    INFO] [no key 0.00056s] {} (base.py:1842)
2025-06-17 11:27:55 [   DEBUG] Query eseguita in 0.01 secondi: CREATE UNIQUE INDEX ix_user_username ON "user" (username) (session.py:30)
2025-06-17 11:27:55 [    INFO] 
CREATE TABLE houses (
	id SERIAL NOT NULL, 
	name VARCHAR NOT NULL, 
	address VARCHAR NOT NULL, 
	owner_id INTEGER NOT NULL, 
	created_at TIMESTAMP WITHOUT TIME ZONE NOT NULL, 
	updated_at TIMESTAMP WITHOUT TIME ZONE NOT NULL, 
	PRIMARY KEY (id), 
	FOREIGN KEY(owner_id) REFERENCES "user" (id)
)

 (base.py:1842)
2025-06-17 11:27:55 [    INFO] [no key 0.00333s] {} (base.py:1842)
2025-06-17 11:27:55 [   DEBUG] Query eseguita in 0.05 secondi: 
CREATE TABLE houses (
	id SERIAL NOT NULL, 
	name VARCHAR NOT NULL, 
	address VARCHAR NOT NULL, 
	owner_id INTEGER NOT NULL, 
	created_at TIMESTAMP WITHOUT TIME ZONE NOT NULL, 
	updated_at TIMESTAMP WITHOUT TIME ZONE NOT NULL, 
	PRIMARY KEY (id), 
	FOREIGN KEY(owner_id) REFERENCES "user" (id)
)

 (session.py:30)
2025-06-17 11:27:55 [    INFO] CREATE INDEX ix_houses_name ON houses (name) (base.py:1842)
2025-06-17 11:27:55 [    INFO] [no key 0.00334s] {} (base.py:1842)
2025-06-17 11:27:55 [   DEBUG] Query eseguita in 0.02 secondi: CREATE INDEX ix_houses_name ON houses (name) (session.py:30)
2025-06-17 11:27:55 [    INFO] 
CREATE TABLE rooms (
	id SERIAL NOT NULL, 
	name VARCHAR NOT NULL, 
	description VARCHAR, 
	floor INTEGER NOT NULL, 
	area FLOAT NOT NULL, 
	house_id INTEGER NOT NULL, 
	created_at TIMESTAMP WITHOUT TIME ZONE NOT NULL, 
	updated_at TIMESTAMP WITHOUT TIME ZONE NOT NULL, 
	PRIMARY KEY (id), 
	FOREIGN KEY(house_id) REFERENCES houses (id)
)

 (base.py:1842)
2025-06-17 11:27:55 [    INFO] [no key 0.00187s] {} (base.py:1842)
2025-06-17 11:27:55 [   DEBUG] Query eseguita in 0.03 secondi: 
CREATE TABLE rooms (
	id SERIAL NOT NULL, 
	name VARCHAR NOT NULL, 
	description VARCHAR, 
	floor INTEGER NOT NULL, 
	area FLOAT NOT NULL, 
	house_id INTEGER NOT NULL, 
	created_at TIMESTAMP WITHOUT TIME ZONE NOT NULL, 
	updated_at TIMESTAMP WITHOUT TIME ZONE NOT NULL, 
	PRIMARY KEY (id), 
	FOREIGN KEY(house_id) REFERENCES houses (id)
)

 (session.py:30)
2025-06-17 11:27:55 [    INFO] CREATE INDEX ix_rooms_name ON rooms (name) (base.py:1842)
2025-06-17 11:27:55 [    INFO] [no key 0.00209s] {} (base.py:1842)
2025-06-17 11:27:55 [   DEBUG] Query eseguita in 0.01 secondi: CREATE INDEX ix_rooms_name ON rooms (name) (session.py:30)
2025-06-17 11:27:55 [    INFO] 
CREATE TABLE nodes (
	id SERIAL NOT NULL, 
	name VARCHAR NOT NULL, 
	description VARCHAR, 
	nfc_id VARCHAR NOT NULL, 
	house_id INTEGER NOT NULL, 
	room_id INTEGER, 
	PRIMARY KEY (id), 
	FOREIGN KEY(house_id) REFERENCES houses (id), 
	FOREIGN KEY(room_id) REFERENCES rooms (id)
)

 (base.py:1842)
2025-06-17 11:27:55 [    INFO] [no key 0.00111s] {} (base.py:1842)
2025-06-17 11:27:55 [   DEBUG] Query eseguita in 0.04 secondi: 
CREATE TABLE nodes (
	id SERIAL NOT NULL, 
	name VARCHAR NOT NULL, 
	description VARCHAR, 
	nfc_id VARCHAR NOT NULL, 
	house_id INTEGER NOT NULL, 
	room_id INTEGER, 
	PRIMARY KEY (id), 
	FOREIGN KEY(house_id) REFERENCES houses (id), 
	FOREIGN KEY(room_id) REFERENCES rooms (id)
)

 (session.py:30)
2025-06-17 11:27:55 [    INFO] CREATE UNIQUE INDEX ix_nodes_nfc_id ON nodes (nfc_id) (base.py:1842)
2025-06-17 11:27:55 [    INFO] [no key 0.00071s] {} (base.py:1842)
2025-06-17 11:27:55 [   DEBUG] Query eseguita in 0.01 secondi: CREATE UNIQUE INDEX ix_nodes_nfc_id ON nodes (nfc_id) (session.py:30)
2025-06-17 11:27:55 [    INFO] 
CREATE TABLE bookings (
	id SERIAL NOT NULL, 
	room_id INTEGER NOT NULL, 
	user_id INTEGER NOT NULL, 
	start_time TIMESTAMP WITHOUT TIME ZONE NOT NULL, 
	end_time TIMESTAMP WITHOUT TIME ZONE NOT NULL, 
	status VARCHAR NOT NULL, 
	notes VARCHAR, 
	created_at TIMESTAMP WITHOUT TIME ZONE NOT NULL, 
	updated_at TIMESTAMP WITHOUT TIME ZONE NOT NULL, 
	PRIMARY KEY (id), 
	FOREIGN KEY(room_id) REFERENCES rooms (id), 
	FOREIGN KEY(user_id) REFERENCES "user" (id)
)

 (base.py:1842)
2025-06-17 11:27:55 [    INFO] [no key 0.00088s] {} (base.py:1842)
2025-06-17 11:27:55 [   DEBUG] Query eseguita in 0.03 secondi: 
CREATE TABLE bookings (
	id SERIAL NOT NULL, 
	room_id INTEGER NOT NULL, 
	user_id INTEGER NOT NULL, 
	start_time TIMESTAMP WITHOUT TIME ZONE NOT NULL, 
	end_time TIMESTAMP WITHOUT TIME ZONE NOT NULL, 
	status VARCHAR NOT NULL, 
	notes VARCHAR, 
	created_at TIMESTAMP WITHOUT TIME ZONE NOT NULL, 
	updated_at TIMESTAMP WITHOUT TIME ZONE NOT NULL, 
	PRIMARY KEY (id), 
	FOREIGN KEY(room_id) REFERENCES rooms (id), 
	FOREIGN KEY(user_id) REFERENCES "user" (id)
)

 (session.py:30)
2025-06-17 11:27:55 [    INFO] 
CREATE TABLE documents (
	id SERIAL NOT NULL, 
	created_at TIMESTAMP WITHOUT TIME ZONE NOT NULL, 
	updated_at TIMESTAMP WITHOUT TIME ZONE NOT NULL, 
	owner_id INTEGER NOT NULL, 
	name VARCHAR NOT NULL, 
	type VARCHAR NOT NULL, 
	size INTEGER NOT NULL, 
	upload_date TIMESTAMP WITHOUT TIME ZONE NOT NULL, 
	path VARCHAR NOT NULL, 
	checksum VARCHAR NOT NULL, 
	house_id INTEGER, 
	node_id INTEGER, 
	description VARCHAR, 
	PRIMARY KEY (id), 
	FOREIGN KEY(owner_id) REFERENCES "user" (id), 
	FOREIGN KEY(house_id) REFERENCES houses (id), 
	FOREIGN KEY(node_id) REFERENCES nodes (id)
)

 (base.py:1842)
2025-06-17 11:27:55 [    INFO] [no key 0.00299s] {} (base.py:1842)
2025-06-17 11:27:55 [   DEBUG] Query eseguita in 0.04 secondi: 
CREATE TABLE documents (
	id SERIAL NOT NULL, 
	created_at TIMESTAMP WITHOUT TIME ZONE NOT NULL, 
	updated_at TIMESTAMP WITHOUT TIME ZONE NOT NULL, 
	owner_id INTEGER NOT NULL, 
	name VARCHAR NOT NULL, 
	type VARCHAR NOT NULL, 
	size INTEGER NOT NULL, 
	upload_date TIMESTAMP WITHOUT TIME ZONE NOT NULL, 
	path VARCHAR NOT NULL, 
	checksum VARCHAR NOT NULL, 
	house_id INTEGER, 
	node_id INTEGER, 
	description VARCHAR, 
	PRIMARY KEY (id), 
	FOREIGN KEY(owner_id) REFERENCES "user" (id), 
	FOREIGN KEY(house_id) REFERENCES houses (id), 
	FOREIGN KEY(node_id) REFERENCES nodes (id)
)

 (session.py:30)
2025-06-17 11:27:55 [    INFO] CREATE INDEX ix_documents_owner_id ON documents (owner_id) (base.py:1842)
2025-06-17 11:27:55 [    INFO] [no key 0.00132s] {} (base.py:1842)
2025-06-17 11:27:55 [   DEBUG] Query eseguita in 0.01 secondi: CREATE INDEX ix_documents_owner_id ON documents (owner_id) (session.py:30)
2025-06-17 11:27:55 [    INFO] 
CREATE TABLE document_versions (
	id SERIAL NOT NULL, 
	version_number INTEGER NOT NULL, 
	file_path VARCHAR NOT NULL, 
	file_size INTEGER NOT NULL, 
	checksum VARCHAR NOT NULL, 
	created_at TIMESTAMP WITHOUT TIME ZONE NOT NULL, 
	updated_at TIMESTAMP WITHOUT TIME ZONE NOT NULL, 
	document_id INTEGER NOT NULL, 
	created_by_id INTEGER, 
	PRIMARY KEY (id), 
	FOREIGN KEY(document_id) REFERENCES documents (id), 
	FOREIGN KEY(created_by_id) REFERENCES "user" (id)
)

 (base.py:1842)
2025-06-17 11:27:55 [    INFO] [no key 0.00106s] {} (base.py:1842)
2025-06-17 11:27:55 [   DEBUG] Query eseguita in 0.03 secondi: 
CREATE TABLE document_versions (
	id SERIAL NOT NULL, 
	version_number INTEGER NOT NULL, 
	file_path VARCHAR NOT NULL, 
	file_size INTEGER NOT NULL, 
	checksum VARCHAR NOT NULL, 
	created_at TIMESTAMP WITHOUT TIME ZONE NOT NULL, 
	updated_at TIMESTAMP WITHOUT TIME ZONE NOT NULL, 
	document_id INTEGER NOT NULL, 
	created_by_id INTEGER, 
	PRIMARY KEY (id), 
	FOREIGN KEY(document_id) REFERENCES documents (id), 
	FOREIGN KEY(created_by_id) REFERENCES "user" (id)
)

 (session.py:30)
2025-06-17 11:27:55 [    INFO] CREATE INDEX ix_document_versions_version_number ON document_versions (version_number) (base.py:1842)
2025-06-17 11:27:55 [    INFO] [no key 0.00087s] {} (base.py:1842)
2025-06-17 11:27:55 [   DEBUG] Query eseguita in 0.01 secondi: CREATE INDEX ix_document_versions_version_number ON document_versions (version_number) (session.py:30)
2025-06-17 11:27:55 [    INFO] CREATE INDEX ix_document_versions_created_by_id ON document_versions (created_by_id) (base.py:1842)
2025-06-17 11:27:55 [    INFO] [no key 0.00067s] {} (base.py:1842)
2025-06-17 11:27:55 [   DEBUG] Query eseguita in 0.01 secondi: CREATE INDEX ix_document_versions_created_by_id ON document_versions (created_by_id) (session.py:30)
2025-06-17 11:27:55 [    INFO] CREATE INDEX ix_document_versions_document_id ON document_versions (document_id) (base.py:1842)
2025-06-17 11:27:55 [    INFO] [no key 0.00436s] {} (base.py:1842)
2025-06-17 11:27:55 [   DEBUG] Query eseguita in 0.01 secondi: CREATE INDEX ix_document_versions_document_id ON document_versions (document_id) (session.py:30)
2025-06-17 11:27:55 [    INFO] 
CREATE TABLE maintenance_records (
	id SERIAL NOT NULL, 
	node_id INTEGER NOT NULL, 
	timestamp TIMESTAMP WITHOUT TIME ZONE NOT NULL, 
	maintenance_type maintenancetype NOT NULL, 
	description VARCHAR NOT NULL, 
	status maintenancestatus NOT NULL, 
	notes VARCHAR, 
	document_id INTEGER, 
	PRIMARY KEY (id), 
	FOREIGN KEY(node_id) REFERENCES nodes (id), 
	FOREIGN KEY(document_id) REFERENCES documents (id)
)

 (base.py:1842)
2025-06-17 11:27:55 [    INFO] [no key 0.00546s] {} (base.py:1842)
2025-06-17 11:27:55 [   DEBUG] Query eseguita in 0.03 secondi: 
CREATE TABLE maintenance_records (
	id SERIAL NOT NULL, 
	node_id INTEGER NOT NULL, 
	timestamp TIMESTAMP WITHOUT TIME ZONE NOT NULL, 
	maintenance_type maintenancetype NOT NULL, 
	description VARCHAR NOT NULL, 
	status maintenancestatus NOT NULL, 
	notes VARCHAR, 
	document_id INTEGER, 
	PRIMARY KEY (id), 
	FOREIGN KEY(node_id) REFERENCES nodes (id), 
	FOREIGN KEY(document_id) REFERENCES documents (id)
)

 (session.py:30)
2025-06-17 11:27:55 [    INFO] CREATE INDEX ix_maintenance_records_node_id ON maintenance_records (node_id) (base.py:1842)
2025-06-17 11:27:55 [    INFO] [no key 0.00125s] {} (base.py:1842)
2025-06-17 11:27:55 [   DEBUG] Query eseguita in 0.01 secondi: CREATE INDEX ix_maintenance_records_node_id ON maintenance_records (node_id) (session.py:30)
2025-06-17 11:27:55 [    INFO] COMMIT (base.py:2704)
2025-06-17 11:27:55 [   DEBUG] Test database tables created successfully (test_users.py:52)
2025-06-17 11:27:55 [   DEBUG] Test database session created successfully (test_users.py:55)
2025-06-17 11:27:55 [   DEBUG] Overriding get_session for tests... (conftest.py:269)
2025-06-17 11:27:55 [   DEBUG] Setting up FakeRedis for tests... (conftest_redis.py:18)
2025-06-17 11:27:55 [   DEBUG] Connessione Redis stabilita con successo (redis.py:24)
-------------------------------- live log call --------------------------------
2025-06-17 11:27:55 [   DEBUG] Using proactor: IocpProactor (proactor_events.py:631)
2025-06-17 11:27:55 [    INFO] HTTP Request: POST http://testserver/api/v1/auth/register "HTTP/1.1 422 Unprocessable Entity" (_client.py:1025)
PASSED                                                                   [ 27%]
------------------------------ live log teardown ------------------------------
2025-06-17 11:27:55 [   DEBUG] Restored original Redis client (conftest_redis.py:29)
2025-06-17 11:27:55 [   DEBUG] get_session override cleared (conftest.py:275)
2025-06-17 11:27:55 [   DEBUG] Cleaning up test database session... (test_users.py:57)
2025-06-17 11:27:55 [    INFO] BEGIN (implicit) (base.py:2698)
2025-06-17 11:27:55 [    INFO] DROP SCHEMA public CASCADE (base.py:1842)
2025-06-17 11:27:55 [    INFO] [generated in 0.00569s] {} (base.py:1842)
2025-06-17 11:27:56 [   DEBUG] Query eseguita in 0.09 secondi: DROP SCHEMA public CASCADE (session.py:30)
2025-06-17 11:27:56 [    INFO] CREATE SCHEMA public (base.py:1842)
2025-06-17 11:27:56 [    INFO] [generated in 0.00250s] {} (base.py:1842)
2025-06-17 11:27:56 [   DEBUG] Query eseguita in 0.00 secondi: CREATE SCHEMA public (session.py:30)
2025-06-17 11:27:56 [    INFO] COMMIT (base.py:2704)
2025-06-17 11:27:56 [   DEBUG] Test database cleanup completed (test_users.py:63)
2025-06-17 11:27:56 [   DEBUG] Session fixture completed in 1.55 seconds (test_users.py:68)

tests/api/test_users.py::test_create_user_invalid_email[user@-domain.com] 
------------------------------- live log setup --------------------------------
2025-06-17 11:27:56 [   DEBUG] Setting up test database session... (test_users.py:38)
2025-06-17 11:27:56 [    INFO] select pg_catalog.version() (base.py:1842)
2025-06-17 11:27:56 [    INFO] [raw sql] {} (base.py:1842)
2025-06-17 11:27:56 [    INFO] select current_schema() (base.py:1842)
2025-06-17 11:27:56 [    INFO] [raw sql] {} (base.py:1842)
2025-06-17 11:27:56 [    INFO] show standard_conforming_strings (base.py:1842)
2025-06-17 11:27:56 [    INFO] [raw sql] {} (base.py:1842)
2025-06-17 11:27:56 [    INFO] BEGIN (implicit) (base.py:2698)
2025-06-17 11:27:57 [    INFO] SELECT pg_catalog.pg_class.relname 
FROM pg_catalog.pg_class JOIN pg_catalog.pg_namespace ON pg_catalog.pg_namespace.oid = pg_catalog.pg_class.relnamespace 
WHERE pg_catalog.pg_class.relname = %(table_name)s AND pg_catalog.pg_class.relkind = ANY (ARRAY[%(param_1)s, %(param_2)s, %(param_3)s, %(param_4)s, %(param_5)s]) AND pg_catalog.pg_table_is_visible(pg_catalog.pg_class.oid) AND pg_catalog.pg_namespace.nspname != %(nspname_1)s (base.py:1842)
2025-06-17 11:27:57 [    INFO] [generated in 0.00528s] {'table_name': 'user', 'param_1': 'r', 'param_2': 'p', 'param_3': 'f', 'param_4': 'v', 'param_5': 'm', 'nspname_1': 'pg_catalog'} (base.py:1842)
2025-06-17 11:27:57 [   DEBUG] Query eseguita in 0.01 secondi: SELECT pg_catalog.pg_class.relname 
FROM pg_catalog.pg_class JOIN pg_catalog.pg_namespace ON pg_catalog.pg_namespace.oid = pg_catalog.pg_class.relnamespace 
WHERE pg_catalog.pg_class.relname = %(table_name)s AND pg_catalog.pg_class.relkind = ANY (ARRAY[%(param_1)s, %(param_2)s, %(param_3)s, %(param_4)s, %(param_5)s]) AND pg_catalog.pg_table_is_visible(pg_catalog.pg_class.oid) AND pg_catalog.pg_namespace.nspname != %(nspname_1)s (session.py:30)
2025-06-17 11:27:57 [    INFO] SELECT pg_catalog.pg_class.relname 
FROM pg_catalog.pg_class JOIN pg_catalog.pg_namespace ON pg_catalog.pg_namespace.oid = pg_catalog.pg_class.relnamespace 
WHERE pg_catalog.pg_class.relname = %(table_name)s AND pg_catalog.pg_class.relkind = ANY (ARRAY[%(param_1)s, %(param_2)s, %(param_3)s, %(param_4)s, %(param_5)s]) AND pg_catalog.pg_table_is_visible(pg_catalog.pg_class.oid) AND pg_catalog.pg_namespace.nspname != %(nspname_1)s (base.py:1842)
2025-06-17 11:27:57 [    INFO] [cached since 0.01799s ago] {'table_name': 'documents', 'param_1': 'r', 'param_2': 'p', 'param_3': 'f', 'param_4': 'v', 'param_5': 'm', 'nspname_1': 'pg_catalog'} (base.py:1842)
2025-06-17 11:27:57 [   DEBUG] Query eseguita in 0.01 secondi: SELECT pg_catalog.pg_class.relname 
FROM pg_catalog.pg_class JOIN pg_catalog.pg_namespace ON pg_catalog.pg_namespace.oid = pg_catalog.pg_class.relnamespace 
WHERE pg_catalog.pg_class.relname = %(table_name)s AND pg_catalog.pg_class.relkind = ANY (ARRAY[%(param_1)s, %(param_2)s, %(param_3)s, %(param_4)s, %(param_5)s]) AND pg_catalog.pg_table_is_visible(pg_catalog.pg_class.oid) AND pg_catalog.pg_namespace.nspname != %(nspname_1)s (session.py:30)
2025-06-17 11:27:57 [    INFO] SELECT pg_catalog.pg_class.relname 
FROM pg_catalog.pg_class JOIN pg_catalog.pg_namespace ON pg_catalog.pg_namespace.oid = pg_catalog.pg_class.relnamespace 
WHERE pg_catalog.pg_class.relname = %(table_name)s AND pg_catalog.pg_class.relkind = ANY (ARRAY[%(param_1)s, %(param_2)s, %(param_3)s, %(param_4)s, %(param_5)s]) AND pg_catalog.pg_table_is_visible(pg_catalog.pg_class.oid) AND pg_catalog.pg_namespace.nspname != %(nspname_1)s (base.py:1842)
2025-06-17 11:27:57 [    INFO] [cached since 0.02737s ago] {'table_name': 'document_versions', 'param_1': 'r', 'param_2': 'p', 'param_3': 'f', 'param_4': 'v', 'param_5': 'm', 'nspname_1': 'pg_catalog'} (base.py:1842)
2025-06-17 11:27:57 [   DEBUG] Query eseguita in 0.01 secondi: SELECT pg_catalog.pg_class.relname 
FROM pg_catalog.pg_class JOIN pg_catalog.pg_namespace ON pg_catalog.pg_namespace.oid = pg_catalog.pg_class.relnamespace 
WHERE pg_catalog.pg_class.relname = %(table_name)s AND pg_catalog.pg_class.relkind = ANY (ARRAY[%(param_1)s, %(param_2)s, %(param_3)s, %(param_4)s, %(param_5)s]) AND pg_catalog.pg_table_is_visible(pg_catalog.pg_class.oid) AND pg_catalog.pg_namespace.nspname != %(nspname_1)s (session.py:30)
2025-06-17 11:27:57 [    INFO] SELECT pg_catalog.pg_class.relname 
FROM pg_catalog.pg_class JOIN pg_catalog.pg_namespace ON pg_catalog.pg_namespace.oid = pg_catalog.pg_class.relnamespace 
WHERE pg_catalog.pg_class.relname = %(table_name)s AND pg_catalog.pg_class.relkind = ANY (ARRAY[%(param_1)s, %(param_2)s, %(param_3)s, %(param_4)s, %(param_5)s]) AND pg_catalog.pg_table_is_visible(pg_catalog.pg_class.oid) AND pg_catalog.pg_namespace.nspname != %(nspname_1)s (base.py:1842)
2025-06-17 11:27:57 [    INFO] [cached since 0.03914s ago] {'table_name': 'houses', 'param_1': 'r', 'param_2': 'p', 'param_3': 'f', 'param_4': 'v', 'param_5': 'm', 'nspname_1': 'pg_catalog'} (base.py:1842)
2025-06-17 11:27:57 [   DEBUG] Query eseguita in 0.01 secondi: SELECT pg_catalog.pg_class.relname 
FROM pg_catalog.pg_class JOIN pg_catalog.pg_namespace ON pg_catalog.pg_namespace.oid = pg_catalog.pg_class.relnamespace 
WHERE pg_catalog.pg_class.relname = %(table_name)s AND pg_catalog.pg_class.relkind = ANY (ARRAY[%(param_1)s, %(param_2)s, %(param_3)s, %(param_4)s, %(param_5)s]) AND pg_catalog.pg_table_is_visible(pg_catalog.pg_class.oid) AND pg_catalog.pg_namespace.nspname != %(nspname_1)s (session.py:30)
2025-06-17 11:27:57 [    INFO] SELECT pg_catalog.pg_class.relname 
FROM pg_catalog.pg_class JOIN pg_catalog.pg_namespace ON pg_catalog.pg_namespace.oid = pg_catalog.pg_class.relnamespace 
WHERE pg_catalog.pg_class.relname = %(table_name)s AND pg_catalog.pg_class.relkind = ANY (ARRAY[%(param_1)s, %(param_2)s, %(param_3)s, %(param_4)s, %(param_5)s]) AND pg_catalog.pg_table_is_visible(pg_catalog.pg_class.oid) AND pg_catalog.pg_namespace.nspname != %(nspname_1)s (base.py:1842)
2025-06-17 11:27:57 [    INFO] [cached since 0.04607s ago] {'table_name': 'nodes', 'param_1': 'r', 'param_2': 'p', 'param_3': 'f', 'param_4': 'v', 'param_5': 'm', 'nspname_1': 'pg_catalog'} (base.py:1842)
2025-06-17 11:27:57 [   DEBUG] Query eseguita in 0.01 secondi: SELECT pg_catalog.pg_class.relname 
FROM pg_catalog.pg_class JOIN pg_catalog.pg_namespace ON pg_catalog.pg_namespace.oid = pg_catalog.pg_class.relnamespace 
WHERE pg_catalog.pg_class.relname = %(table_name)s AND pg_catalog.pg_class.relkind = ANY (ARRAY[%(param_1)s, %(param_2)s, %(param_3)s, %(param_4)s, %(param_5)s]) AND pg_catalog.pg_table_is_visible(pg_catalog.pg_class.oid) AND pg_catalog.pg_namespace.nspname != %(nspname_1)s (session.py:30)
2025-06-17 11:27:57 [    INFO] SELECT pg_catalog.pg_class.relname 
FROM pg_catalog.pg_class JOIN pg_catalog.pg_namespace ON pg_catalog.pg_namespace.oid = pg_catalog.pg_class.relnamespace 
WHERE pg_catalog.pg_class.relname = %(table_name)s AND pg_catalog.pg_class.relkind = ANY (ARRAY[%(param_1)s, %(param_2)s, %(param_3)s, %(param_4)s, %(param_5)s]) AND pg_catalog.pg_table_is_visible(pg_catalog.pg_class.oid) AND pg_catalog.pg_namespace.nspname != %(nspname_1)s (base.py:1842)
2025-06-17 11:27:57 [    INFO] [cached since 0.05803s ago] {'table_name': 'rooms', 'param_1': 'r', 'param_2': 'p', 'param_3': 'f', 'param_4': 'v', 'param_5': 'm', 'nspname_1': 'pg_catalog'} (base.py:1842)
2025-06-17 11:27:57 [   DEBUG] Query eseguita in 0.00 secondi: SELECT pg_catalog.pg_class.relname 
FROM pg_catalog.pg_class JOIN pg_catalog.pg_namespace ON pg_catalog.pg_namespace.oid = pg_catalog.pg_class.relnamespace 
WHERE pg_catalog.pg_class.relname = %(table_name)s AND pg_catalog.pg_class.relkind = ANY (ARRAY[%(param_1)s, %(param_2)s, %(param_3)s, %(param_4)s, %(param_5)s]) AND pg_catalog.pg_table_is_visible(pg_catalog.pg_class.oid) AND pg_catalog.pg_namespace.nspname != %(nspname_1)s (session.py:30)
2025-06-17 11:27:57 [    INFO] SELECT pg_catalog.pg_class.relname 
FROM pg_catalog.pg_class JOIN pg_catalog.pg_namespace ON pg_catalog.pg_namespace.oid = pg_catalog.pg_class.relnamespace 
WHERE pg_catalog.pg_class.relname = %(table_name)s AND pg_catalog.pg_class.relkind = ANY (ARRAY[%(param_1)s, %(param_2)s, %(param_3)s, %(param_4)s, %(param_5)s]) AND pg_catalog.pg_table_is_visible(pg_catalog.pg_class.oid) AND pg_catalog.pg_namespace.nspname != %(nspname_1)s (base.py:1842)
2025-06-17 11:27:57 [    INFO] [cached since 0.06464s ago] {'table_name': 'bookings', 'param_1': 'r', 'param_2': 'p', 'param_3': 'f', 'param_4': 'v', 'param_5': 'm', 'nspname_1': 'pg_catalog'} (base.py:1842)
2025-06-17 11:27:57 [   DEBUG] Query eseguita in 0.01 secondi: SELECT pg_catalog.pg_class.relname 
FROM pg_catalog.pg_class JOIN pg_catalog.pg_namespace ON pg_catalog.pg_namespace.oid = pg_catalog.pg_class.relnamespace 
WHERE pg_catalog.pg_class.relname = %(table_name)s AND pg_catalog.pg_class.relkind = ANY (ARRAY[%(param_1)s, %(param_2)s, %(param_3)s, %(param_4)s, %(param_5)s]) AND pg_catalog.pg_table_is_visible(pg_catalog.pg_class.oid) AND pg_catalog.pg_namespace.nspname != %(nspname_1)s (session.py:30)
2025-06-17 11:27:57 [    INFO] SELECT pg_catalog.pg_class.relname 
FROM pg_catalog.pg_class JOIN pg_catalog.pg_namespace ON pg_catalog.pg_namespace.oid = pg_catalog.pg_class.relnamespace 
WHERE pg_catalog.pg_class.relname = %(table_name)s AND pg_catalog.pg_class.relkind = ANY (ARRAY[%(param_1)s, %(param_2)s, %(param_3)s, %(param_4)s, %(param_5)s]) AND pg_catalog.pg_table_is_visible(pg_catalog.pg_class.oid) AND pg_catalog.pg_namespace.nspname != %(nspname_1)s (base.py:1842)
2025-06-17 11:27:57 [    INFO] [cached since 0.07519s ago] {'table_name': 'maintenance_records', 'param_1': 'r', 'param_2': 'p', 'param_3': 'f', 'param_4': 'v', 'param_5': 'm', 'nspname_1': 'pg_catalog'} (base.py:1842)
2025-06-17 11:27:57 [   DEBUG] Query eseguita in 0.00 secondi: SELECT pg_catalog.pg_class.relname 
FROM pg_catalog.pg_class JOIN pg_catalog.pg_namespace ON pg_catalog.pg_namespace.oid = pg_catalog.pg_class.relnamespace 
WHERE pg_catalog.pg_class.relname = %(table_name)s AND pg_catalog.pg_class.relkind = ANY (ARRAY[%(param_1)s, %(param_2)s, %(param_3)s, %(param_4)s, %(param_5)s]) AND pg_catalog.pg_table_is_visible(pg_catalog.pg_class.oid) AND pg_catalog.pg_namespace.nspname != %(nspname_1)s (session.py:30)
2025-06-17 11:27:57 [    INFO] SELECT pg_catalog.pg_type.typname 
FROM pg_catalog.pg_type JOIN pg_catalog.pg_namespace ON pg_catalog.pg_namespace.oid = pg_catalog.pg_type.typnamespace 
WHERE pg_catalog.pg_type.typname = %(typname_1)s AND pg_catalog.pg_type_is_visible(pg_catalog.pg_type.oid) AND pg_catalog.pg_namespace.nspname != %(nspname_1)s (base.py:1842)
2025-06-17 11:27:57 [    INFO] [generated in 0.00098s] {'typname_1': 'maintenancetype', 'nspname_1': 'pg_catalog'} (base.py:1842)
2025-06-17 11:27:57 [   DEBUG] Query eseguita in 0.00 secondi: SELECT pg_catalog.pg_type.typname 
FROM pg_catalog.pg_type JOIN pg_catalog.pg_namespace ON pg_catalog.pg_namespace.oid = pg_catalog.pg_type.typnamespace 
WHERE pg_catalog.pg_type.typname = %(typname_1)s AND pg_catalog.pg_type_is_visible(pg_catalog.pg_type.oid) AND pg_catalog.pg_namespace.nspname != %(nspname_1)s (session.py:30)
2025-06-17 11:27:57 [    INFO] CREATE TYPE maintenancetype AS ENUM ('ROUTINE', 'PREVENTIVE', 'CORRECTIVE', 'EMERGENCY', 'INSPECTION') (base.py:1842)
2025-06-17 11:27:57 [    INFO] [no key 0.00198s] {} (base.py:1842)
2025-06-17 11:27:57 [   DEBUG] Query eseguita in 0.01 secondi: CREATE TYPE maintenancetype AS ENUM ('ROUTINE', 'PREVENTIVE', 'CORRECTIVE', 'EMERGENCY', 'INSPECTION') (session.py:30)
2025-06-17 11:27:57 [    INFO] SELECT pg_catalog.pg_type.typname 
FROM pg_catalog.pg_type JOIN pg_catalog.pg_namespace ON pg_catalog.pg_namespace.oid = pg_catalog.pg_type.typnamespace 
WHERE pg_catalog.pg_type.typname = %(typname_1)s AND pg_catalog.pg_type_is_visible(pg_catalog.pg_type.oid) AND pg_catalog.pg_namespace.nspname != %(nspname_1)s (base.py:1842)
2025-06-17 11:27:57 [    INFO] [cached since 0.02623s ago] {'typname_1': 'maintenancestatus', 'nspname_1': 'pg_catalog'} (base.py:1842)
2025-06-17 11:27:57 [   DEBUG] Query eseguita in 0.01 secondi: SELECT pg_catalog.pg_type.typname 
FROM pg_catalog.pg_type JOIN pg_catalog.pg_namespace ON pg_catalog.pg_namespace.oid = pg_catalog.pg_type.typnamespace 
WHERE pg_catalog.pg_type.typname = %(typname_1)s AND pg_catalog.pg_type_is_visible(pg_catalog.pg_type.oid) AND pg_catalog.pg_namespace.nspname != %(nspname_1)s (session.py:30)
2025-06-17 11:27:57 [    INFO] CREATE TYPE maintenancestatus AS ENUM ('PENDING', 'COMPLETED', 'FAILED') (base.py:1842)
2025-06-17 11:27:57 [    INFO] [no key 0.00107s] {} (base.py:1842)
2025-06-17 11:27:57 [   DEBUG] Query eseguita in 0.01 secondi: CREATE TYPE maintenancestatus AS ENUM ('PENDING', 'COMPLETED', 'FAILED') (session.py:30)
2025-06-17 11:27:57 [    INFO] 
CREATE TABLE "user" (
	id SERIAL NOT NULL, 
	email VARCHAR NOT NULL, 
	username VARCHAR NOT NULL, 
	hashed_password VARCHAR NOT NULL, 
	is_active BOOLEAN NOT NULL, 
	is_superuser BOOLEAN NOT NULL, 
	is_verified BOOLEAN NOT NULL, 
	created_at TIMESTAMP WITHOUT TIME ZONE NOT NULL, 
	updated_at TIMESTAMP WITHOUT TIME ZONE NOT NULL, 
	last_login TIMESTAMP WITH TIME ZONE, 
	full_name VARCHAR(255), 
	phone_number VARCHAR(20), 
	PRIMARY KEY (id)
)

 (base.py:1842)
2025-06-17 11:27:57 [    INFO] [no key 0.00083s] {} (base.py:1842)
2025-06-17 11:27:57 [   DEBUG] Query eseguita in 0.04 secondi: 
CREATE TABLE "user" (
	id SERIAL NOT NULL, 
	email VARCHAR NOT NULL, 
	username VARCHAR NOT NULL, 
	hashed_password VARCHAR NOT NULL, 
	is_active BOOLEAN NOT NULL, 
	is_superuser BOOLEAN NOT NULL, 
	is_verified BOOLEAN NOT NULL, 
	created_at TIMESTAMP WITHOUT TIME ZONE NOT NULL, 
	updated_at TIMESTAMP WITHOUT TIME ZONE NOT NULL, 
	last_login TIMESTAMP WITH TIME ZONE, 
	full_name VARCHAR(255), 
	phone_number VARCHAR(20), 
	PRIMARY KEY (id)
)

 (session.py:30)
2025-06-17 11:27:57 [    INFO] CREATE UNIQUE INDEX ix_user_email ON "user" (email) (base.py:1842)
2025-06-17 11:27:57 [    INFO] [no key 0.00162s] {} (base.py:1842)
2025-06-17 11:27:57 [   DEBUG] Query eseguita in 0.01 secondi: CREATE UNIQUE INDEX ix_user_email ON "user" (email) (session.py:30)
2025-06-17 11:27:57 [    INFO] CREATE UNIQUE INDEX ix_user_username ON "user" (username) (base.py:1842)
2025-06-17 11:27:57 [    INFO] [no key 0.00144s] {} (base.py:1842)
2025-06-17 11:27:57 [   DEBUG] Query eseguita in 0.01 secondi: CREATE UNIQUE INDEX ix_user_username ON "user" (username) (session.py:30)
2025-06-17 11:27:57 [    INFO] 
CREATE TABLE houses (
	id SERIAL NOT NULL, 
	name VARCHAR NOT NULL, 
	address VARCHAR NOT NULL, 
	owner_id INTEGER NOT NULL, 
	created_at TIMESTAMP WITHOUT TIME ZONE NOT NULL, 
	updated_at TIMESTAMP WITHOUT TIME ZONE NOT NULL, 
	PRIMARY KEY (id), 
	FOREIGN KEY(owner_id) REFERENCES "user" (id)
)

 (base.py:1842)
2025-06-17 11:27:57 [    INFO] [no key 0.00079s] {} (base.py:1842)
2025-06-17 11:27:57 [   DEBUG] Query eseguita in 0.04 secondi: 
CREATE TABLE houses (
	id SERIAL NOT NULL, 
	name VARCHAR NOT NULL, 
	address VARCHAR NOT NULL, 
	owner_id INTEGER NOT NULL, 
	created_at TIMESTAMP WITHOUT TIME ZONE NOT NULL, 
	updated_at TIMESTAMP WITHOUT TIME ZONE NOT NULL, 
	PRIMARY KEY (id), 
	FOREIGN KEY(owner_id) REFERENCES "user" (id)
)

 (session.py:30)
2025-06-17 11:27:57 [    INFO] CREATE INDEX ix_houses_name ON houses (name) (base.py:1842)
2025-06-17 11:27:57 [    INFO] [no key 0.00143s] {} (base.py:1842)
2025-06-17 11:27:57 [   DEBUG] Query eseguita in 0.01 secondi: CREATE INDEX ix_houses_name ON houses (name) (session.py:30)
2025-06-17 11:27:57 [    INFO] 
CREATE TABLE rooms (
	id SERIAL NOT NULL, 
	name VARCHAR NOT NULL, 
	description VARCHAR, 
	floor INTEGER NOT NULL, 
	area FLOAT NOT NULL, 
	house_id INTEGER NOT NULL, 
	created_at TIMESTAMP WITHOUT TIME ZONE NOT NULL, 
	updated_at TIMESTAMP WITHOUT TIME ZONE NOT NULL, 
	PRIMARY KEY (id), 
	FOREIGN KEY(house_id) REFERENCES houses (id)
)

 (base.py:1842)
2025-06-17 11:27:57 [    INFO] [no key 0.00222s] {} (base.py:1842)
2025-06-17 11:27:57 [   DEBUG] Query eseguita in 0.03 secondi: 
CREATE TABLE rooms (
	id SERIAL NOT NULL, 
	name VARCHAR NOT NULL, 
	description VARCHAR, 
	floor INTEGER NOT NULL, 
	area FLOAT NOT NULL, 
	house_id INTEGER NOT NULL, 
	created_at TIMESTAMP WITHOUT TIME ZONE NOT NULL, 
	updated_at TIMESTAMP WITHOUT TIME ZONE NOT NULL, 
	PRIMARY KEY (id), 
	FOREIGN KEY(house_id) REFERENCES houses (id)
)

 (session.py:30)
2025-06-17 11:27:57 [    INFO] CREATE INDEX ix_rooms_name ON rooms (name) (base.py:1842)
2025-06-17 11:27:57 [    INFO] [no key 0.00156s] {} (base.py:1842)
2025-06-17 11:27:57 [   DEBUG] Query eseguita in 0.01 secondi: CREATE INDEX ix_rooms_name ON rooms (name) (session.py:30)
2025-06-17 11:27:57 [    INFO] 
CREATE TABLE nodes (
	id SERIAL NOT NULL, 
	name VARCHAR NOT NULL, 
	description VARCHAR, 
	nfc_id VARCHAR NOT NULL, 
	house_id INTEGER NOT NULL, 
	room_id INTEGER, 
	PRIMARY KEY (id), 
	FOREIGN KEY(house_id) REFERENCES houses (id), 
	FOREIGN KEY(room_id) REFERENCES rooms (id)
)

 (base.py:1842)
2025-06-17 11:27:57 [    INFO] [no key 0.00155s] {} (base.py:1842)
2025-06-17 11:27:57 [   DEBUG] Query eseguita in 0.03 secondi: 
CREATE TABLE nodes (
	id SERIAL NOT NULL, 
	name VARCHAR NOT NULL, 
	description VARCHAR, 
	nfc_id VARCHAR NOT NULL, 
	house_id INTEGER NOT NULL, 
	room_id INTEGER, 
	PRIMARY KEY (id), 
	FOREIGN KEY(house_id) REFERENCES houses (id), 
	FOREIGN KEY(room_id) REFERENCES rooms (id)
)

 (session.py:30)
2025-06-17 11:27:57 [    INFO] CREATE UNIQUE INDEX ix_nodes_nfc_id ON nodes (nfc_id) (base.py:1842)
2025-06-17 11:27:57 [    INFO] [no key 0.00202s] {} (base.py:1842)
2025-06-17 11:27:57 [   DEBUG] Query eseguita in 0.01 secondi: CREATE UNIQUE INDEX ix_nodes_nfc_id ON nodes (nfc_id) (session.py:30)
2025-06-17 11:27:57 [    INFO] 
CREATE TABLE bookings (
	id SERIAL NOT NULL, 
	room_id INTEGER NOT NULL, 
	user_id INTEGER NOT NULL, 
	start_time TIMESTAMP WITHOUT TIME ZONE NOT NULL, 
	end_time TIMESTAMP WITHOUT TIME ZONE NOT NULL, 
	status VARCHAR NOT NULL, 
	notes VARCHAR, 
	created_at TIMESTAMP WITHOUT TIME ZONE NOT NULL, 
	updated_at TIMESTAMP WITHOUT TIME ZONE NOT NULL, 
	PRIMARY KEY (id), 
	FOREIGN KEY(room_id) REFERENCES rooms (id), 
	FOREIGN KEY(user_id) REFERENCES "user" (id)
)

 (base.py:1842)
2025-06-17 11:27:57 [    INFO] [no key 0.00166s] {} (base.py:1842)
2025-06-17 11:27:57 [   DEBUG] Query eseguita in 0.04 secondi: 
CREATE TABLE bookings (
	id SERIAL NOT NULL, 
	room_id INTEGER NOT NULL, 
	user_id INTEGER NOT NULL, 
	start_time TIMESTAMP WITHOUT TIME ZONE NOT NULL, 
	end_time TIMESTAMP WITHOUT TIME ZONE NOT NULL, 
	status VARCHAR NOT NULL, 
	notes VARCHAR, 
	created_at TIMESTAMP WITHOUT TIME ZONE NOT NULL, 
	updated_at TIMESTAMP WITHOUT TIME ZONE NOT NULL, 
	PRIMARY KEY (id), 
	FOREIGN KEY(room_id) REFERENCES rooms (id), 
	FOREIGN KEY(user_id) REFERENCES "user" (id)
)

 (session.py:30)
2025-06-17 11:27:57 [    INFO] 
CREATE TABLE documents (
	id SERIAL NOT NULL, 
	created_at TIMESTAMP WITHOUT TIME ZONE NOT NULL, 
	updated_at TIMESTAMP WITHOUT TIME ZONE NOT NULL, 
	owner_id INTEGER NOT NULL, 
	name VARCHAR NOT NULL, 
	type VARCHAR NOT NULL, 
	size INTEGER NOT NULL, 
	upload_date TIMESTAMP WITHOUT TIME ZONE NOT NULL, 
	path VARCHAR NOT NULL, 
	checksum VARCHAR NOT NULL, 
	house_id INTEGER, 
	node_id INTEGER, 
	description VARCHAR, 
	PRIMARY KEY (id), 
	FOREIGN KEY(owner_id) REFERENCES "user" (id), 
	FOREIGN KEY(house_id) REFERENCES houses (id), 
	FOREIGN KEY(node_id) REFERENCES nodes (id)
)

 (base.py:1842)
2025-06-17 11:27:57 [    INFO] [no key 0.00091s] {} (base.py:1842)
2025-06-17 11:27:57 [   DEBUG] Query eseguita in 0.03 secondi: 
CREATE TABLE documents (
	id SERIAL NOT NULL, 
	created_at TIMESTAMP WITHOUT TIME ZONE NOT NULL, 
	updated_at TIMESTAMP WITHOUT TIME ZONE NOT NULL, 
	owner_id INTEGER NOT NULL, 
	name VARCHAR NOT NULL, 
	type VARCHAR NOT NULL, 
	size INTEGER NOT NULL, 
	upload_date TIMESTAMP WITHOUT TIME ZONE NOT NULL, 
	path VARCHAR NOT NULL, 
	checksum VARCHAR NOT NULL, 
	house_id INTEGER, 
	node_id INTEGER, 
	description VARCHAR, 
	PRIMARY KEY (id), 
	FOREIGN KEY(owner_id) REFERENCES "user" (id), 
	FOREIGN KEY(house_id) REFERENCES houses (id), 
	FOREIGN KEY(node_id) REFERENCES nodes (id)
)

 (session.py:30)
2025-06-17 11:27:57 [    INFO] CREATE INDEX ix_documents_owner_id ON documents (owner_id) (base.py:1842)
2025-06-17 11:27:57 [    INFO] [no key 0.00095s] {} (base.py:1842)
2025-06-17 11:27:57 [   DEBUG] Query eseguita in 0.01 secondi: CREATE INDEX ix_documents_owner_id ON documents (owner_id) (session.py:30)
2025-06-17 11:27:57 [    INFO] 
CREATE TABLE document_versions (
	id SERIAL NOT NULL, 
	version_number INTEGER NOT NULL, 
	file_path VARCHAR NOT NULL, 
	file_size INTEGER NOT NULL, 
	checksum VARCHAR NOT NULL, 
	created_at TIMESTAMP WITHOUT TIME ZONE NOT NULL, 
	updated_at TIMESTAMP WITHOUT TIME ZONE NOT NULL, 
	document_id INTEGER NOT NULL, 
	created_by_id INTEGER, 
	PRIMARY KEY (id), 
	FOREIGN KEY(document_id) REFERENCES documents (id), 
	FOREIGN KEY(created_by_id) REFERENCES "user" (id)
)

 (base.py:1842)
2025-06-17 11:27:57 [    INFO] [no key 0.00086s] {} (base.py:1842)
2025-06-17 11:27:57 [   DEBUG] Query eseguita in 0.03 secondi: 
CREATE TABLE document_versions (
	id SERIAL NOT NULL, 
	version_number INTEGER NOT NULL, 
	file_path VARCHAR NOT NULL, 
	file_size INTEGER NOT NULL, 
	checksum VARCHAR NOT NULL, 
	created_at TIMESTAMP WITHOUT TIME ZONE NOT NULL, 
	updated_at TIMESTAMP WITHOUT TIME ZONE NOT NULL, 
	document_id INTEGER NOT NULL, 
	created_by_id INTEGER, 
	PRIMARY KEY (id), 
	FOREIGN KEY(document_id) REFERENCES documents (id), 
	FOREIGN KEY(created_by_id) REFERENCES "user" (id)
)

 (session.py:30)
2025-06-17 11:27:57 [    INFO] CREATE INDEX ix_document_versions_version_number ON document_versions (version_number) (base.py:1842)
2025-06-17 11:27:57 [    INFO] [no key 0.00167s] {} (base.py:1842)
2025-06-17 11:27:57 [   DEBUG] Query eseguita in 0.01 secondi: CREATE INDEX ix_document_versions_version_number ON document_versions (version_number) (session.py:30)
2025-06-17 11:27:57 [    INFO] CREATE INDEX ix_document_versions_created_by_id ON document_versions (created_by_id) (base.py:1842)
2025-06-17 11:27:57 [    INFO] [no key 0.00081s] {} (base.py:1842)
2025-06-17 11:27:57 [   DEBUG] Query eseguita in 0.01 secondi: CREATE INDEX ix_document_versions_created_by_id ON document_versions (created_by_id) (session.py:30)
2025-06-17 11:27:57 [    INFO] CREATE INDEX ix_document_versions_document_id ON document_versions (document_id) (base.py:1842)
2025-06-17 11:27:57 [    INFO] [no key 0.00454s] {} (base.py:1842)
2025-06-17 11:27:57 [   DEBUG] Query eseguita in 0.01 secondi: CREATE INDEX ix_document_versions_document_id ON document_versions (document_id) (session.py:30)
2025-06-17 11:27:57 [    INFO] 
CREATE TABLE maintenance_records (
	id SERIAL NOT NULL, 
	node_id INTEGER NOT NULL, 
	timestamp TIMESTAMP WITHOUT TIME ZONE NOT NULL, 
	maintenance_type maintenancetype NOT NULL, 
	description VARCHAR NOT NULL, 
	status maintenancestatus NOT NULL, 
	notes VARCHAR, 
	document_id INTEGER, 
	PRIMARY KEY (id), 
	FOREIGN KEY(node_id) REFERENCES nodes (id), 
	FOREIGN KEY(document_id) REFERENCES documents (id)
)

 (base.py:1842)
2025-06-17 11:27:57 [    INFO] [no key 0.00113s] {} (base.py:1842)
2025-06-17 11:27:57 [   DEBUG] Query eseguita in 0.03 secondi: 
CREATE TABLE maintenance_records (
	id SERIAL NOT NULL, 
	node_id INTEGER NOT NULL, 
	timestamp TIMESTAMP WITHOUT TIME ZONE NOT NULL, 
	maintenance_type maintenancetype NOT NULL, 
	description VARCHAR NOT NULL, 
	status maintenancestatus NOT NULL, 
	notes VARCHAR, 
	document_id INTEGER, 
	PRIMARY KEY (id), 
	FOREIGN KEY(node_id) REFERENCES nodes (id), 
	FOREIGN KEY(document_id) REFERENCES documents (id)
)

 (session.py:30)
2025-06-17 11:27:57 [    INFO] CREATE INDEX ix_maintenance_records_node_id ON maintenance_records (node_id) (base.py:1842)
2025-06-17 11:27:57 [    INFO] [no key 0.00155s] {} (base.py:1842)
2025-06-17 11:27:57 [   DEBUG] Query eseguita in 0.01 secondi: CREATE INDEX ix_maintenance_records_node_id ON maintenance_records (node_id) (session.py:30)
2025-06-17 11:27:57 [    INFO] COMMIT (base.py:2704)
2025-06-17 11:27:57 [   DEBUG] Test database tables created successfully (test_users.py:52)
2025-06-17 11:27:57 [   DEBUG] Test database session created successfully (test_users.py:55)
2025-06-17 11:27:57 [   DEBUG] Overriding get_session for tests... (conftest.py:269)
2025-06-17 11:27:57 [   DEBUG] Setting up FakeRedis for tests... (conftest_redis.py:18)
2025-06-17 11:27:57 [   DEBUG] Connessione Redis stabilita con successo (redis.py:24)
-------------------------------- live log call --------------------------------
2025-06-17 11:27:57 [   DEBUG] Using proactor: IocpProactor (proactor_events.py:631)
2025-06-17 11:27:57 [    INFO] HTTP Request: POST http://testserver/api/v1/auth/register "HTTP/1.1 422 Unprocessable Entity" (_client.py:1025)
PASSED                                                                   [ 29%]
------------------------------ live log teardown ------------------------------
2025-06-17 11:27:57 [   DEBUG] Restored original Redis client (conftest_redis.py:29)
2025-06-17 11:27:57 [   DEBUG] get_session override cleared (conftest.py:275)
2025-06-17 11:27:57 [   DEBUG] Cleaning up test database session... (test_users.py:57)
2025-06-17 11:27:57 [    INFO] BEGIN (implicit) (base.py:2698)
2025-06-17 11:27:57 [    INFO] DROP SCHEMA public CASCADE (base.py:1842)
2025-06-17 11:27:57 [    INFO] [generated in 0.00152s] {} (base.py:1842)
2025-06-17 11:27:57 [   DEBUG] Query eseguita in 0.14 secondi: DROP SCHEMA public CASCADE (session.py:30)
2025-06-17 11:27:57 [    INFO] CREATE SCHEMA public (base.py:1842)
2025-06-17 11:27:57 [    INFO] [generated in 0.00377s] {} (base.py:1842)
2025-06-17 11:27:57 [   DEBUG] Query eseguita in 0.01 secondi: CREATE SCHEMA public (session.py:30)
2025-06-17 11:27:57 [    INFO] COMMIT (base.py:2704)
2025-06-17 11:27:58 [   DEBUG] Test database cleanup completed (test_users.py:63)
2025-06-17 11:27:58 [   DEBUG] Session fixture completed in 1.87 seconds (test_users.py:68)

tests/api/test_users.py::test_create_user_invalid_email[user@domain-.com] 
------------------------------- live log setup --------------------------------
2025-06-17 11:27:58 [   DEBUG] Setting up test database session... (test_users.py:38)
2025-06-17 11:27:58 [    INFO] select pg_catalog.version() (base.py:1842)
2025-06-17 11:27:58 [    INFO] [raw sql] {} (base.py:1842)
2025-06-17 11:27:58 [    INFO] select current_schema() (base.py:1842)
2025-06-17 11:27:58 [    INFO] [raw sql] {} (base.py:1842)
2025-06-17 11:27:58 [    INFO] show standard_conforming_strings (base.py:1842)
2025-06-17 11:27:58 [    INFO] [raw sql] {} (base.py:1842)
2025-06-17 11:27:58 [    INFO] BEGIN (implicit) (base.py:2698)
2025-06-17 11:27:58 [    INFO] SELECT pg_catalog.pg_class.relname 
FROM pg_catalog.pg_class JOIN pg_catalog.pg_namespace ON pg_catalog.pg_namespace.oid = pg_catalog.pg_class.relnamespace 
WHERE pg_catalog.pg_class.relname = %(table_name)s AND pg_catalog.pg_class.relkind = ANY (ARRAY[%(param_1)s, %(param_2)s, %(param_3)s, %(param_4)s, %(param_5)s]) AND pg_catalog.pg_table_is_visible(pg_catalog.pg_class.oid) AND pg_catalog.pg_namespace.nspname != %(nspname_1)s (base.py:1842)
2025-06-17 11:27:58 [    INFO] [generated in 0.00181s] {'table_name': 'user', 'param_1': 'r', 'param_2': 'p', 'param_3': 'f', 'param_4': 'v', 'param_5': 'm', 'nspname_1': 'pg_catalog'} (base.py:1842)
2025-06-17 11:27:58 [   DEBUG] Query eseguita in 0.01 secondi: SELECT pg_catalog.pg_class.relname 
FROM pg_catalog.pg_class JOIN pg_catalog.pg_namespace ON pg_catalog.pg_namespace.oid = pg_catalog.pg_class.relnamespace 
WHERE pg_catalog.pg_class.relname = %(table_name)s AND pg_catalog.pg_class.relkind = ANY (ARRAY[%(param_1)s, %(param_2)s, %(param_3)s, %(param_4)s, %(param_5)s]) AND pg_catalog.pg_table_is_visible(pg_catalog.pg_class.oid) AND pg_catalog.pg_namespace.nspname != %(nspname_1)s (session.py:30)
2025-06-17 11:27:58 [    INFO] SELECT pg_catalog.pg_class.relname 
FROM pg_catalog.pg_class JOIN pg_catalog.pg_namespace ON pg_catalog.pg_namespace.oid = pg_catalog.pg_class.relnamespace 
WHERE pg_catalog.pg_class.relname = %(table_name)s AND pg_catalog.pg_class.relkind = ANY (ARRAY[%(param_1)s, %(param_2)s, %(param_3)s, %(param_4)s, %(param_5)s]) AND pg_catalog.pg_table_is_visible(pg_catalog.pg_class.oid) AND pg_catalog.pg_namespace.nspname != %(nspname_1)s (base.py:1842)
2025-06-17 11:27:58 [    INFO] [cached since 0.01906s ago] {'table_name': 'documents', 'param_1': 'r', 'param_2': 'p', 'param_3': 'f', 'param_4': 'v', 'param_5': 'm', 'nspname_1': 'pg_catalog'} (base.py:1842)
2025-06-17 11:27:58 [   DEBUG] Query eseguita in 0.00 secondi: SELECT pg_catalog.pg_class.relname 
FROM pg_catalog.pg_class JOIN pg_catalog.pg_namespace ON pg_catalog.pg_namespace.oid = pg_catalog.pg_class.relnamespace 
WHERE pg_catalog.pg_class.relname = %(table_name)s AND pg_catalog.pg_class.relkind = ANY (ARRAY[%(param_1)s, %(param_2)s, %(param_3)s, %(param_4)s, %(param_5)s]) AND pg_catalog.pg_table_is_visible(pg_catalog.pg_class.oid) AND pg_catalog.pg_namespace.nspname != %(nspname_1)s (session.py:30)
2025-06-17 11:27:58 [    INFO] SELECT pg_catalog.pg_class.relname 
FROM pg_catalog.pg_class JOIN pg_catalog.pg_namespace ON pg_catalog.pg_namespace.oid = pg_catalog.pg_class.relnamespace 
WHERE pg_catalog.pg_class.relname = %(table_name)s AND pg_catalog.pg_class.relkind = ANY (ARRAY[%(param_1)s, %(param_2)s, %(param_3)s, %(param_4)s, %(param_5)s]) AND pg_catalog.pg_table_is_visible(pg_catalog.pg_class.oid) AND pg_catalog.pg_namespace.nspname != %(nspname_1)s (base.py:1842)
2025-06-17 11:27:58 [    INFO] [cached since 0.02686s ago] {'table_name': 'document_versions', 'param_1': 'r', 'param_2': 'p', 'param_3': 'f', 'param_4': 'v', 'param_5': 'm', 'nspname_1': 'pg_catalog'} (base.py:1842)
2025-06-17 11:27:58 [   DEBUG] Query eseguita in 0.01 secondi: SELECT pg_catalog.pg_class.relname 
FROM pg_catalog.pg_class JOIN pg_catalog.pg_namespace ON pg_catalog.pg_namespace.oid = pg_catalog.pg_class.relnamespace 
WHERE pg_catalog.pg_class.relname = %(table_name)s AND pg_catalog.pg_class.relkind = ANY (ARRAY[%(param_1)s, %(param_2)s, %(param_3)s, %(param_4)s, %(param_5)s]) AND pg_catalog.pg_table_is_visible(pg_catalog.pg_class.oid) AND pg_catalog.pg_namespace.nspname != %(nspname_1)s (session.py:30)
2025-06-17 11:27:58 [    INFO] SELECT pg_catalog.pg_class.relname 
FROM pg_catalog.pg_class JOIN pg_catalog.pg_namespace ON pg_catalog.pg_namespace.oid = pg_catalog.pg_class.relnamespace 
WHERE pg_catalog.pg_class.relname = %(table_name)s AND pg_catalog.pg_class.relkind = ANY (ARRAY[%(param_1)s, %(param_2)s, %(param_3)s, %(param_4)s, %(param_5)s]) AND pg_catalog.pg_table_is_visible(pg_catalog.pg_class.oid) AND pg_catalog.pg_namespace.nspname != %(nspname_1)s (base.py:1842)
2025-06-17 11:27:58 [    INFO] [cached since 0.04153s ago] {'table_name': 'houses', 'param_1': 'r', 'param_2': 'p', 'param_3': 'f', 'param_4': 'v', 'param_5': 'm', 'nspname_1': 'pg_catalog'} (base.py:1842)
2025-06-17 11:27:58 [   DEBUG] Query eseguita in 0.01 secondi: SELECT pg_catalog.pg_class.relname 
FROM pg_catalog.pg_class JOIN pg_catalog.pg_namespace ON pg_catalog.pg_namespace.oid = pg_catalog.pg_class.relnamespace 
WHERE pg_catalog.pg_class.relname = %(table_name)s AND pg_catalog.pg_class.relkind = ANY (ARRAY[%(param_1)s, %(param_2)s, %(param_3)s, %(param_4)s, %(param_5)s]) AND pg_catalog.pg_table_is_visible(pg_catalog.pg_class.oid) AND pg_catalog.pg_namespace.nspname != %(nspname_1)s (session.py:30)
2025-06-17 11:27:58 [    INFO] SELECT pg_catalog.pg_class.relname 
FROM pg_catalog.pg_class JOIN pg_catalog.pg_namespace ON pg_catalog.pg_namespace.oid = pg_catalog.pg_class.relnamespace 
WHERE pg_catalog.pg_class.relname = %(table_name)s AND pg_catalog.pg_class.relkind = ANY (ARRAY[%(param_1)s, %(param_2)s, %(param_3)s, %(param_4)s, %(param_5)s]) AND pg_catalog.pg_table_is_visible(pg_catalog.pg_class.oid) AND pg_catalog.pg_namespace.nspname != %(nspname_1)s (base.py:1842)
2025-06-17 11:27:58 [    INFO] [cached since 0.05181s ago] {'table_name': 'nodes', 'param_1': 'r', 'param_2': 'p', 'param_3': 'f', 'param_4': 'v', 'param_5': 'm', 'nspname_1': 'pg_catalog'} (base.py:1842)
2025-06-17 11:27:58 [   DEBUG] Query eseguita in 0.00 secondi: SELECT pg_catalog.pg_class.relname 
FROM pg_catalog.pg_class JOIN pg_catalog.pg_namespace ON pg_catalog.pg_namespace.oid = pg_catalog.pg_class.relnamespace 
WHERE pg_catalog.pg_class.relname = %(table_name)s AND pg_catalog.pg_class.relkind = ANY (ARRAY[%(param_1)s, %(param_2)s, %(param_3)s, %(param_4)s, %(param_5)s]) AND pg_catalog.pg_table_is_visible(pg_catalog.pg_class.oid) AND pg_catalog.pg_namespace.nspname != %(nspname_1)s (session.py:30)
2025-06-17 11:27:58 [    INFO] SELECT pg_catalog.pg_class.relname 
FROM pg_catalog.pg_class JOIN pg_catalog.pg_namespace ON pg_catalog.pg_namespace.oid = pg_catalog.pg_class.relnamespace 
WHERE pg_catalog.pg_class.relname = %(table_name)s AND pg_catalog.pg_class.relkind = ANY (ARRAY[%(param_1)s, %(param_2)s, %(param_3)s, %(param_4)s, %(param_5)s]) AND pg_catalog.pg_table_is_visible(pg_catalog.pg_class.oid) AND pg_catalog.pg_namespace.nspname != %(nspname_1)s (base.py:1842)
2025-06-17 11:27:58 [    INFO] [cached since 0.05869s ago] {'table_name': 'rooms', 'param_1': 'r', 'param_2': 'p', 'param_3': 'f', 'param_4': 'v', 'param_5': 'm', 'nspname_1': 'pg_catalog'} (base.py:1842)
2025-06-17 11:27:58 [   DEBUG] Query eseguita in 0.01 secondi: SELECT pg_catalog.pg_class.relname 
FROM pg_catalog.pg_class JOIN pg_catalog.pg_namespace ON pg_catalog.pg_namespace.oid = pg_catalog.pg_class.relnamespace 
WHERE pg_catalog.pg_class.relname = %(table_name)s AND pg_catalog.pg_class.relkind = ANY (ARRAY[%(param_1)s, %(param_2)s, %(param_3)s, %(param_4)s, %(param_5)s]) AND pg_catalog.pg_table_is_visible(pg_catalog.pg_class.oid) AND pg_catalog.pg_namespace.nspname != %(nspname_1)s (session.py:30)
2025-06-17 11:27:58 [    INFO] SELECT pg_catalog.pg_class.relname 
FROM pg_catalog.pg_class JOIN pg_catalog.pg_namespace ON pg_catalog.pg_namespace.oid = pg_catalog.pg_class.relnamespace 
WHERE pg_catalog.pg_class.relname = %(table_name)s AND pg_catalog.pg_class.relkind = ANY (ARRAY[%(param_1)s, %(param_2)s, %(param_3)s, %(param_4)s, %(param_5)s]) AND pg_catalog.pg_table_is_visible(pg_catalog.pg_class.oid) AND pg_catalog.pg_namespace.nspname != %(nspname_1)s (base.py:1842)
2025-06-17 11:27:58 [    INFO] [cached since 0.06874s ago] {'table_name': 'bookings', 'param_1': 'r', 'param_2': 'p', 'param_3': 'f', 'param_4': 'v', 'param_5': 'm', 'nspname_1': 'pg_catalog'} (base.py:1842)
2025-06-17 11:27:58 [   DEBUG] Query eseguita in 0.00 secondi: SELECT pg_catalog.pg_class.relname 
FROM pg_catalog.pg_class JOIN pg_catalog.pg_namespace ON pg_catalog.pg_namespace.oid = pg_catalog.pg_class.relnamespace 
WHERE pg_catalog.pg_class.relname = %(table_name)s AND pg_catalog.pg_class.relkind = ANY (ARRAY[%(param_1)s, %(param_2)s, %(param_3)s, %(param_4)s, %(param_5)s]) AND pg_catalog.pg_table_is_visible(pg_catalog.pg_class.oid) AND pg_catalog.pg_namespace.nspname != %(nspname_1)s (session.py:30)
2025-06-17 11:27:58 [    INFO] SELECT pg_catalog.pg_class.relname 
FROM pg_catalog.pg_class JOIN pg_catalog.pg_namespace ON pg_catalog.pg_namespace.oid = pg_catalog.pg_class.relnamespace 
WHERE pg_catalog.pg_class.relname = %(table_name)s AND pg_catalog.pg_class.relkind = ANY (ARRAY[%(param_1)s, %(param_2)s, %(param_3)s, %(param_4)s, %(param_5)s]) AND pg_catalog.pg_table_is_visible(pg_catalog.pg_class.oid) AND pg_catalog.pg_namespace.nspname != %(nspname_1)s (base.py:1842)
2025-06-17 11:27:58 [    INFO] [cached since 0.07515s ago] {'table_name': 'maintenance_records', 'param_1': 'r', 'param_2': 'p', 'param_3': 'f', 'param_4': 'v', 'param_5': 'm', 'nspname_1': 'pg_catalog'} (base.py:1842)
2025-06-17 11:27:58 [   DEBUG] Query eseguita in 0.01 secondi: SELECT pg_catalog.pg_class.relname 
FROM pg_catalog.pg_class JOIN pg_catalog.pg_namespace ON pg_catalog.pg_namespace.oid = pg_catalog.pg_class.relnamespace 
WHERE pg_catalog.pg_class.relname = %(table_name)s AND pg_catalog.pg_class.relkind = ANY (ARRAY[%(param_1)s, %(param_2)s, %(param_3)s, %(param_4)s, %(param_5)s]) AND pg_catalog.pg_table_is_visible(pg_catalog.pg_class.oid) AND pg_catalog.pg_namespace.nspname != %(nspname_1)s (session.py:30)
2025-06-17 11:27:58 [    INFO] SELECT pg_catalog.pg_type.typname 
FROM pg_catalog.pg_type JOIN pg_catalog.pg_namespace ON pg_catalog.pg_namespace.oid = pg_catalog.pg_type.typnamespace 
WHERE pg_catalog.pg_type.typname = %(typname_1)s AND pg_catalog.pg_type_is_visible(pg_catalog.pg_type.oid) AND pg_catalog.pg_namespace.nspname != %(nspname_1)s (base.py:1842)
2025-06-17 11:27:58 [    INFO] [generated in 0.00368s] {'typname_1': 'maintenancetype', 'nspname_1': 'pg_catalog'} (base.py:1842)
2025-06-17 11:27:58 [   DEBUG] Query eseguita in 0.01 secondi: SELECT pg_catalog.pg_type.typname 
FROM pg_catalog.pg_type JOIN pg_catalog.pg_namespace ON pg_catalog.pg_namespace.oid = pg_catalog.pg_type.typnamespace 
WHERE pg_catalog.pg_type.typname = %(typname_1)s AND pg_catalog.pg_type_is_visible(pg_catalog.pg_type.oid) AND pg_catalog.pg_namespace.nspname != %(nspname_1)s (session.py:30)
2025-06-17 11:27:58 [    INFO] CREATE TYPE maintenancetype AS ENUM ('ROUTINE', 'PREVENTIVE', 'CORRECTIVE', 'EMERGENCY', 'INSPECTION') (base.py:1842)
2025-06-17 11:27:58 [    INFO] [no key 0.00100s] {} (base.py:1842)
2025-06-17 11:27:58 [   DEBUG] Query eseguita in 0.01 secondi: CREATE TYPE maintenancetype AS ENUM ('ROUTINE', 'PREVENTIVE', 'CORRECTIVE', 'EMERGENCY', 'INSPECTION') (session.py:30)
2025-06-17 11:27:58 [    INFO] SELECT pg_catalog.pg_type.typname 
FROM pg_catalog.pg_type JOIN pg_catalog.pg_namespace ON pg_catalog.pg_namespace.oid = pg_catalog.pg_type.typnamespace 
WHERE pg_catalog.pg_type.typname = %(typname_1)s AND pg_catalog.pg_type_is_visible(pg_catalog.pg_type.oid) AND pg_catalog.pg_namespace.nspname != %(nspname_1)s (base.py:1842)
2025-06-17 11:27:58 [    INFO] [cached since 0.03187s ago] {'typname_1': 'maintenancestatus', 'nspname_1': 'pg_catalog'} (base.py:1842)
2025-06-17 11:27:58 [   DEBUG] Query eseguita in 0.00 secondi: SELECT pg_catalog.pg_type.typname 
FROM pg_catalog.pg_type JOIN pg_catalog.pg_namespace ON pg_catalog.pg_namespace.oid = pg_catalog.pg_type.typnamespace 
WHERE pg_catalog.pg_type.typname = %(typname_1)s AND pg_catalog.pg_type_is_visible(pg_catalog.pg_type.oid) AND pg_catalog.pg_namespace.nspname != %(nspname_1)s (session.py:30)
2025-06-17 11:27:58 [    INFO] CREATE TYPE maintenancestatus AS ENUM ('PENDING', 'COMPLETED', 'FAILED') (base.py:1842)
2025-06-17 11:27:58 [    INFO] [no key 0.00115s] {} (base.py:1842)
2025-06-17 11:27:58 [   DEBUG] Query eseguita in 0.01 secondi: CREATE TYPE maintenancestatus AS ENUM ('PENDING', 'COMPLETED', 'FAILED') (session.py:30)
2025-06-17 11:27:58 [    INFO] 
CREATE TABLE "user" (
	id SERIAL NOT NULL, 
	email VARCHAR NOT NULL, 
	username VARCHAR NOT NULL, 
	hashed_password VARCHAR NOT NULL, 
	is_active BOOLEAN NOT NULL, 
	is_superuser BOOLEAN NOT NULL, 
	is_verified BOOLEAN NOT NULL, 
	created_at TIMESTAMP WITHOUT TIME ZONE NOT NULL, 
	updated_at TIMESTAMP WITHOUT TIME ZONE NOT NULL, 
	last_login TIMESTAMP WITH TIME ZONE, 
	full_name VARCHAR(255), 
	phone_number VARCHAR(20), 
	PRIMARY KEY (id)
)

 (base.py:1842)
2025-06-17 11:27:58 [    INFO] [no key 0.00418s] {} (base.py:1842)
2025-06-17 11:27:58 [   DEBUG] Query eseguita in 0.05 secondi: 
CREATE TABLE "user" (
	id SERIAL NOT NULL, 
	email VARCHAR NOT NULL, 
	username VARCHAR NOT NULL, 
	hashed_password VARCHAR NOT NULL, 
	is_active BOOLEAN NOT NULL, 
	is_superuser BOOLEAN NOT NULL, 
	is_verified BOOLEAN NOT NULL, 
	created_at TIMESTAMP WITHOUT TIME ZONE NOT NULL, 
	updated_at TIMESTAMP WITHOUT TIME ZONE NOT NULL, 
	last_login TIMESTAMP WITH TIME ZONE, 
	full_name VARCHAR(255), 
	phone_number VARCHAR(20), 
	PRIMARY KEY (id)
)

 (session.py:30)
2025-06-17 11:27:58 [    INFO] CREATE UNIQUE INDEX ix_user_email ON "user" (email) (base.py:1842)
2025-06-17 11:27:58 [    INFO] [no key 0.00297s] {} (base.py:1842)
2025-06-17 11:27:58 [   DEBUG] Query eseguita in 0.01 secondi: CREATE UNIQUE INDEX ix_user_email ON "user" (email) (session.py:30)
2025-06-17 11:27:58 [    INFO] CREATE UNIQUE INDEX ix_user_username ON "user" (username) (base.py:1842)
2025-06-17 11:27:58 [    INFO] [no key 0.00138s] {} (base.py:1842)
2025-06-17 11:27:58 [   DEBUG] Query eseguita in 0.01 secondi: CREATE UNIQUE INDEX ix_user_username ON "user" (username) (session.py:30)
2025-06-17 11:27:58 [    INFO] 
CREATE TABLE houses (
	id SERIAL NOT NULL, 
	name VARCHAR NOT NULL, 
	address VARCHAR NOT NULL, 
	owner_id INTEGER NOT NULL, 
	created_at TIMESTAMP WITHOUT TIME ZONE NOT NULL, 
	updated_at TIMESTAMP WITHOUT TIME ZONE NOT NULL, 
	PRIMARY KEY (id), 
	FOREIGN KEY(owner_id) REFERENCES "user" (id)
)

 (base.py:1842)
2025-06-17 11:27:58 [    INFO] [no key 0.00138s] {} (base.py:1842)
2025-06-17 11:27:58 [   DEBUG] Query eseguita in 0.03 secondi: 
CREATE TABLE houses (
	id SERIAL NOT NULL, 
	name VARCHAR NOT NULL, 
	address VARCHAR NOT NULL, 
	owner_id INTEGER NOT NULL, 
	created_at TIMESTAMP WITHOUT TIME ZONE NOT NULL, 
	updated_at TIMESTAMP WITHOUT TIME ZONE NOT NULL, 
	PRIMARY KEY (id), 
	FOREIGN KEY(owner_id) REFERENCES "user" (id)
)

 (session.py:30)
2025-06-17 11:27:58 [    INFO] CREATE INDEX ix_houses_name ON houses (name) (base.py:1842)
2025-06-17 11:27:58 [    INFO] [no key 0.00271s] {} (base.py:1842)
2025-06-17 11:27:58 [   DEBUG] Query eseguita in 0.01 secondi: CREATE INDEX ix_houses_name ON houses (name) (session.py:30)
2025-06-17 11:27:58 [    INFO] 
CREATE TABLE rooms (
	id SERIAL NOT NULL, 
	name VARCHAR NOT NULL, 
	description VARCHAR, 
	floor INTEGER NOT NULL, 
	area FLOAT NOT NULL, 
	house_id INTEGER NOT NULL, 
	created_at TIMESTAMP WITHOUT TIME ZONE NOT NULL, 
	updated_at TIMESTAMP WITHOUT TIME ZONE NOT NULL, 
	PRIMARY KEY (id), 
	FOREIGN KEY(house_id) REFERENCES houses (id)
)

 (base.py:1842)
2025-06-17 11:27:58 [    INFO] [no key 0.00131s] {} (base.py:1842)
2025-06-17 11:27:58 [   DEBUG] Query eseguita in 0.03 secondi: 
CREATE TABLE rooms (
	id SERIAL NOT NULL, 
	name VARCHAR NOT NULL, 
	description VARCHAR, 
	floor INTEGER NOT NULL, 
	area FLOAT NOT NULL, 
	house_id INTEGER NOT NULL, 
	created_at TIMESTAMP WITHOUT TIME ZONE NOT NULL, 
	updated_at TIMESTAMP WITHOUT TIME ZONE NOT NULL, 
	PRIMARY KEY (id), 
	FOREIGN KEY(house_id) REFERENCES houses (id)
)

 (session.py:30)
2025-06-17 11:27:58 [    INFO] CREATE INDEX ix_rooms_name ON rooms (name) (base.py:1842)
2025-06-17 11:27:58 [    INFO] [no key 0.00193s] {} (base.py:1842)
2025-06-17 11:27:58 [   DEBUG] Query eseguita in 0.01 secondi: CREATE INDEX ix_rooms_name ON rooms (name) (session.py:30)
2025-06-17 11:27:59 [    INFO] 
CREATE TABLE nodes (
	id SERIAL NOT NULL, 
	name VARCHAR NOT NULL, 
	description VARCHAR, 
	nfc_id VARCHAR NOT NULL, 
	house_id INTEGER NOT NULL, 
	room_id INTEGER, 
	PRIMARY KEY (id), 
	FOREIGN KEY(house_id) REFERENCES houses (id), 
	FOREIGN KEY(room_id) REFERENCES rooms (id)
)

 (base.py:1842)
2025-06-17 11:27:59 [    INFO] [no key 0.00099s] {} (base.py:1842)
2025-06-17 11:27:59 [   DEBUG] Query eseguita in 0.03 secondi: 
CREATE TABLE nodes (
	id SERIAL NOT NULL, 
	name VARCHAR NOT NULL, 
	description VARCHAR, 
	nfc_id VARCHAR NOT NULL, 
	house_id INTEGER NOT NULL, 
	room_id INTEGER, 
	PRIMARY KEY (id), 
	FOREIGN KEY(house_id) REFERENCES houses (id), 
	FOREIGN KEY(room_id) REFERENCES rooms (id)
)

 (session.py:30)
2025-06-17 11:27:59 [    INFO] CREATE UNIQUE INDEX ix_nodes_nfc_id ON nodes (nfc_id) (base.py:1842)
2025-06-17 11:27:59 [    INFO] [no key 0.00061s] {} (base.py:1842)
2025-06-17 11:27:59 [   DEBUG] Query eseguita in 0.01 secondi: CREATE UNIQUE INDEX ix_nodes_nfc_id ON nodes (nfc_id) (session.py:30)
2025-06-17 11:27:59 [    INFO] 
CREATE TABLE bookings (
	id SERIAL NOT NULL, 
	room_id INTEGER NOT NULL, 
	user_id INTEGER NOT NULL, 
	start_time TIMESTAMP WITHOUT TIME ZONE NOT NULL, 
	end_time TIMESTAMP WITHOUT TIME ZONE NOT NULL, 
	status VARCHAR NOT NULL, 
	notes VARCHAR, 
	created_at TIMESTAMP WITHOUT TIME ZONE NOT NULL, 
	updated_at TIMESTAMP WITHOUT TIME ZONE NOT NULL, 
	PRIMARY KEY (id), 
	FOREIGN KEY(room_id) REFERENCES rooms (id), 
	FOREIGN KEY(user_id) REFERENCES "user" (id)
)

 (base.py:1842)
2025-06-17 11:27:59 [    INFO] [no key 0.00082s] {} (base.py:1842)
2025-06-17 11:27:59 [   DEBUG] Query eseguita in 0.03 secondi: 
CREATE TABLE bookings (
	id SERIAL NOT NULL, 
	room_id INTEGER NOT NULL, 
	user_id INTEGER NOT NULL, 
	start_time TIMESTAMP WITHOUT TIME ZONE NOT NULL, 
	end_time TIMESTAMP WITHOUT TIME ZONE NOT NULL, 
	status VARCHAR NOT NULL, 
	notes VARCHAR, 
	created_at TIMESTAMP WITHOUT TIME ZONE NOT NULL, 
	updated_at TIMESTAMP WITHOUT TIME ZONE NOT NULL, 
	PRIMARY KEY (id), 
	FOREIGN KEY(room_id) REFERENCES rooms (id), 
	FOREIGN KEY(user_id) REFERENCES "user" (id)
)

 (session.py:30)
2025-06-17 11:27:59 [    INFO] 
CREATE TABLE documents (
	id SERIAL NOT NULL, 
	created_at TIMESTAMP WITHOUT TIME ZONE NOT NULL, 
	updated_at TIMESTAMP WITHOUT TIME ZONE NOT NULL, 
	owner_id INTEGER NOT NULL, 
	name VARCHAR NOT NULL, 
	type VARCHAR NOT NULL, 
	size INTEGER NOT NULL, 
	upload_date TIMESTAMP WITHOUT TIME ZONE NOT NULL, 
	path VARCHAR NOT NULL, 
	checksum VARCHAR NOT NULL, 
	house_id INTEGER, 
	node_id INTEGER, 
	description VARCHAR, 
	PRIMARY KEY (id), 
	FOREIGN KEY(owner_id) REFERENCES "user" (id), 
	FOREIGN KEY(house_id) REFERENCES houses (id), 
	FOREIGN KEY(node_id) REFERENCES nodes (id)
)

 (base.py:1842)
2025-06-17 11:27:59 [    INFO] [no key 0.00142s] {} (base.py:1842)
2025-06-17 11:27:59 [   DEBUG] Query eseguita in 0.06 secondi: 
CREATE TABLE documents (
	id SERIAL NOT NULL, 
	created_at TIMESTAMP WITHOUT TIME ZONE NOT NULL, 
	updated_at TIMESTAMP WITHOUT TIME ZONE NOT NULL, 
	owner_id INTEGER NOT NULL, 
	name VARCHAR NOT NULL, 
	type VARCHAR NOT NULL, 
	size INTEGER NOT NULL, 
	upload_date TIMESTAMP WITHOUT TIME ZONE NOT NULL, 
	path VARCHAR NOT NULL, 
	checksum VARCHAR NOT NULL, 
	house_id INTEGER, 
	node_id INTEGER, 
	description VARCHAR, 
	PRIMARY KEY (id), 
	FOREIGN KEY(owner_id) REFERENCES "user" (id), 
	FOREIGN KEY(house_id) REFERENCES houses (id), 
	FOREIGN KEY(node_id) REFERENCES nodes (id)
)

 (session.py:30)
2025-06-17 11:27:59 [    INFO] CREATE INDEX ix_documents_owner_id ON documents (owner_id) (base.py:1842)
2025-06-17 11:27:59 [    INFO] [no key 0.00086s] {} (base.py:1842)
2025-06-17 11:27:59 [   DEBUG] Query eseguita in 0.03 secondi: CREATE INDEX ix_documents_owner_id ON documents (owner_id) (session.py:30)
2025-06-17 11:27:59 [    INFO] 
CREATE TABLE document_versions (
	id SERIAL NOT NULL, 
	version_number INTEGER NOT NULL, 
	file_path VARCHAR NOT NULL, 
	file_size INTEGER NOT NULL, 
	checksum VARCHAR NOT NULL, 
	created_at TIMESTAMP WITHOUT TIME ZONE NOT NULL, 
	updated_at TIMESTAMP WITHOUT TIME ZONE NOT NULL, 
	document_id INTEGER NOT NULL, 
	created_by_id INTEGER, 
	PRIMARY KEY (id), 
	FOREIGN KEY(document_id) REFERENCES documents (id), 
	FOREIGN KEY(created_by_id) REFERENCES "user" (id)
)

 (base.py:1842)
2025-06-17 11:27:59 [    INFO] [no key 0.00082s] {} (base.py:1842)
2025-06-17 11:27:59 [   DEBUG] Query eseguita in 0.03 secondi: 
CREATE TABLE document_versions (
	id SERIAL NOT NULL, 
	version_number INTEGER NOT NULL, 
	file_path VARCHAR NOT NULL, 
	file_size INTEGER NOT NULL, 
	checksum VARCHAR NOT NULL, 
	created_at TIMESTAMP WITHOUT TIME ZONE NOT NULL, 
	updated_at TIMESTAMP WITHOUT TIME ZONE NOT NULL, 
	document_id INTEGER NOT NULL, 
	created_by_id INTEGER, 
	PRIMARY KEY (id), 
	FOREIGN KEY(document_id) REFERENCES documents (id), 
	FOREIGN KEY(created_by_id) REFERENCES "user" (id)
)

 (session.py:30)
2025-06-17 11:27:59 [    INFO] CREATE INDEX ix_document_versions_version_number ON document_versions (version_number) (base.py:1842)
2025-06-17 11:27:59 [    INFO] [no key 0.00057s] {} (base.py:1842)
2025-06-17 11:27:59 [   DEBUG] Query eseguita in 0.01 secondi: CREATE INDEX ix_document_versions_version_number ON document_versions (version_number) (session.py:30)
2025-06-17 11:27:59 [    INFO] CREATE INDEX ix_document_versions_created_by_id ON document_versions (created_by_id) (base.py:1842)
2025-06-17 11:27:59 [    INFO] [no key 0.00282s] {} (base.py:1842)
2025-06-17 11:27:59 [   DEBUG] Query eseguita in 0.01 secondi: CREATE INDEX ix_document_versions_created_by_id ON document_versions (created_by_id) (session.py:30)
2025-06-17 11:27:59 [    INFO] CREATE INDEX ix_document_versions_document_id ON document_versions (document_id) (base.py:1842)
2025-06-17 11:27:59 [    INFO] [no key 0.00149s] {} (base.py:1842)
2025-06-17 11:27:59 [   DEBUG] Query eseguita in 0.01 secondi: CREATE INDEX ix_document_versions_document_id ON document_versions (document_id) (session.py:30)
2025-06-17 11:27:59 [    INFO] 
CREATE TABLE maintenance_records (
	id SERIAL NOT NULL, 
	node_id INTEGER NOT NULL, 
	timestamp TIMESTAMP WITHOUT TIME ZONE NOT NULL, 
	maintenance_type maintenancetype NOT NULL, 
	description VARCHAR NOT NULL, 
	status maintenancestatus NOT NULL, 
	notes VARCHAR, 
	document_id INTEGER, 
	PRIMARY KEY (id), 
	FOREIGN KEY(node_id) REFERENCES nodes (id), 
	FOREIGN KEY(document_id) REFERENCES documents (id)
)

 (base.py:1842)
2025-06-17 11:27:59 [    INFO] [no key 0.00163s] {} (base.py:1842)
2025-06-17 11:27:59 [   DEBUG] Query eseguita in 0.03 secondi: 
CREATE TABLE maintenance_records (
	id SERIAL NOT NULL, 
	node_id INTEGER NOT NULL, 
	timestamp TIMESTAMP WITHOUT TIME ZONE NOT NULL, 
	maintenance_type maintenancetype NOT NULL, 
	description VARCHAR NOT NULL, 
	status maintenancestatus NOT NULL, 
	notes VARCHAR, 
	document_id INTEGER, 
	PRIMARY KEY (id), 
	FOREIGN KEY(node_id) REFERENCES nodes (id), 
	FOREIGN KEY(document_id) REFERENCES documents (id)
)

 (session.py:30)
2025-06-17 11:27:59 [    INFO] CREATE INDEX ix_maintenance_records_node_id ON maintenance_records (node_id) (base.py:1842)
2025-06-17 11:27:59 [    INFO] [no key 0.00137s] {} (base.py:1842)
2025-06-17 11:27:59 [   DEBUG] Query eseguita in 0.01 secondi: CREATE INDEX ix_maintenance_records_node_id ON maintenance_records (node_id) (session.py:30)
2025-06-17 11:27:59 [    INFO] COMMIT (base.py:2704)
2025-06-17 11:27:59 [   DEBUG] Test database tables created successfully (test_users.py:52)
2025-06-17 11:27:59 [   DEBUG] Test database session created successfully (test_users.py:55)
2025-06-17 11:27:59 [   DEBUG] Overriding get_session for tests... (conftest.py:269)
2025-06-17 11:27:59 [   DEBUG] Setting up FakeRedis for tests... (conftest_redis.py:18)
2025-06-17 11:27:59 [   DEBUG] Connessione Redis stabilita con successo (redis.py:24)
-------------------------------- live log call --------------------------------
2025-06-17 11:27:59 [   DEBUG] Using proactor: IocpProactor (proactor_events.py:631)
2025-06-17 11:27:59 [    INFO] HTTP Request: POST http://testserver/api/v1/auth/register "HTTP/1.1 422 Unprocessable Entity" (_client.py:1025)
PASSED                                                                   [ 31%]
------------------------------ live log teardown ------------------------------
2025-06-17 11:27:59 [   DEBUG] Restored original Redis client (conftest_redis.py:29)
2025-06-17 11:27:59 [   DEBUG] get_session override cleared (conftest.py:275)
2025-06-17 11:27:59 [   DEBUG] Cleaning up test database session... (test_users.py:57)
2025-06-17 11:27:59 [    INFO] BEGIN (implicit) (base.py:2698)
2025-06-17 11:27:59 [    INFO] DROP SCHEMA public CASCADE (base.py:1842)
2025-06-17 11:27:59 [    INFO] [generated in 0.00436s] {} (base.py:1842)
2025-06-17 11:28:00 [   DEBUG] Query eseguita in 0.22 secondi: DROP SCHEMA public CASCADE (session.py:30)
2025-06-17 11:28:00 [    INFO] CREATE SCHEMA public (base.py:1842)
2025-06-17 11:28:00 [    INFO] [generated in 0.00524s] {} (base.py:1842)
2025-06-17 11:28:00 [   DEBUG] Query eseguita in 0.01 secondi: CREATE SCHEMA public (session.py:30)
2025-06-17 11:28:00 [    INFO] COMMIT (base.py:2704)
2025-06-17 11:28:00 [   DEBUG] Test database cleanup completed (test_users.py:63)
2025-06-17 11:28:00 [   DEBUG] Session fixture completed in 2.16 seconds (test_users.py:68)

tests/api/test_users.py::test_create_user_invalid_email[user@domain.com.] 
------------------------------- live log setup --------------------------------
2025-06-17 11:28:00 [   DEBUG] Setting up test database session... (test_users.py:38)
2025-06-17 11:28:00 [    INFO] select pg_catalog.version() (base.py:1842)
2025-06-17 11:28:00 [    INFO] [raw sql] {} (base.py:1842)
2025-06-17 11:28:00 [    INFO] select current_schema() (base.py:1842)
2025-06-17 11:28:00 [    INFO] [raw sql] {} (base.py:1842)
2025-06-17 11:28:00 [    INFO] show standard_conforming_strings (base.py:1842)
2025-06-17 11:28:00 [    INFO] [raw sql] {} (base.py:1842)
2025-06-17 11:28:00 [    INFO] BEGIN (implicit) (base.py:2698)
2025-06-17 11:28:00 [    INFO] SELECT pg_catalog.pg_class.relname 
FROM pg_catalog.pg_class JOIN pg_catalog.pg_namespace ON pg_catalog.pg_namespace.oid = pg_catalog.pg_class.relnamespace 
WHERE pg_catalog.pg_class.relname = %(table_name)s AND pg_catalog.pg_class.relkind = ANY (ARRAY[%(param_1)s, %(param_2)s, %(param_3)s, %(param_4)s, %(param_5)s]) AND pg_catalog.pg_table_is_visible(pg_catalog.pg_class.oid) AND pg_catalog.pg_namespace.nspname != %(nspname_1)s (base.py:1842)
2025-06-17 11:28:00 [    INFO] [generated in 0.00115s] {'table_name': 'user', 'param_1': 'r', 'param_2': 'p', 'param_3': 'f', 'param_4': 'v', 'param_5': 'm', 'nspname_1': 'pg_catalog'} (base.py:1842)
2025-06-17 11:28:00 [   DEBUG] Query eseguita in 0.01 secondi: SELECT pg_catalog.pg_class.relname 
FROM pg_catalog.pg_class JOIN pg_catalog.pg_namespace ON pg_catalog.pg_namespace.oid = pg_catalog.pg_class.relnamespace 
WHERE pg_catalog.pg_class.relname = %(table_name)s AND pg_catalog.pg_class.relkind = ANY (ARRAY[%(param_1)s, %(param_2)s, %(param_3)s, %(param_4)s, %(param_5)s]) AND pg_catalog.pg_table_is_visible(pg_catalog.pg_class.oid) AND pg_catalog.pg_namespace.nspname != %(nspname_1)s (session.py:30)
2025-06-17 11:28:00 [    INFO] SELECT pg_catalog.pg_class.relname 
FROM pg_catalog.pg_class JOIN pg_catalog.pg_namespace ON pg_catalog.pg_namespace.oid = pg_catalog.pg_class.relnamespace 
WHERE pg_catalog.pg_class.relname = %(table_name)s AND pg_catalog.pg_class.relkind = ANY (ARRAY[%(param_1)s, %(param_2)s, %(param_3)s, %(param_4)s, %(param_5)s]) AND pg_catalog.pg_table_is_visible(pg_catalog.pg_class.oid) AND pg_catalog.pg_namespace.nspname != %(nspname_1)s (base.py:1842)
2025-06-17 11:28:00 [    INFO] [cached since 0.01791s ago] {'table_name': 'documents', 'param_1': 'r', 'param_2': 'p', 'param_3': 'f', 'param_4': 'v', 'param_5': 'm', 'nspname_1': 'pg_catalog'} (base.py:1842)
2025-06-17 11:28:00 [   DEBUG] Query eseguita in 0.00 secondi: SELECT pg_catalog.pg_class.relname 
FROM pg_catalog.pg_class JOIN pg_catalog.pg_namespace ON pg_catalog.pg_namespace.oid = pg_catalog.pg_class.relnamespace 
WHERE pg_catalog.pg_class.relname = %(table_name)s AND pg_catalog.pg_class.relkind = ANY (ARRAY[%(param_1)s, %(param_2)s, %(param_3)s, %(param_4)s, %(param_5)s]) AND pg_catalog.pg_table_is_visible(pg_catalog.pg_class.oid) AND pg_catalog.pg_namespace.nspname != %(nspname_1)s (session.py:30)
2025-06-17 11:28:00 [    INFO] SELECT pg_catalog.pg_class.relname 
FROM pg_catalog.pg_class JOIN pg_catalog.pg_namespace ON pg_catalog.pg_namespace.oid = pg_catalog.pg_class.relnamespace 
WHERE pg_catalog.pg_class.relname = %(table_name)s AND pg_catalog.pg_class.relkind = ANY (ARRAY[%(param_1)s, %(param_2)s, %(param_3)s, %(param_4)s, %(param_5)s]) AND pg_catalog.pg_table_is_visible(pg_catalog.pg_class.oid) AND pg_catalog.pg_namespace.nspname != %(nspname_1)s (base.py:1842)
2025-06-17 11:28:00 [    INFO] [cached since 0.02633s ago] {'table_name': 'document_versions', 'param_1': 'r', 'param_2': 'p', 'param_3': 'f', 'param_4': 'v', 'param_5': 'm', 'nspname_1': 'pg_catalog'} (base.py:1842)
2025-06-17 11:28:00 [   DEBUG] Query eseguita in 0.01 secondi: SELECT pg_catalog.pg_class.relname 
FROM pg_catalog.pg_class JOIN pg_catalog.pg_namespace ON pg_catalog.pg_namespace.oid = pg_catalog.pg_class.relnamespace 
WHERE pg_catalog.pg_class.relname = %(table_name)s AND pg_catalog.pg_class.relkind = ANY (ARRAY[%(param_1)s, %(param_2)s, %(param_3)s, %(param_4)s, %(param_5)s]) AND pg_catalog.pg_table_is_visible(pg_catalog.pg_class.oid) AND pg_catalog.pg_namespace.nspname != %(nspname_1)s (session.py:30)
2025-06-17 11:28:00 [    INFO] SELECT pg_catalog.pg_class.relname 
FROM pg_catalog.pg_class JOIN pg_catalog.pg_namespace ON pg_catalog.pg_namespace.oid = pg_catalog.pg_class.relnamespace 
WHERE pg_catalog.pg_class.relname = %(table_name)s AND pg_catalog.pg_class.relkind = ANY (ARRAY[%(param_1)s, %(param_2)s, %(param_3)s, %(param_4)s, %(param_5)s]) AND pg_catalog.pg_table_is_visible(pg_catalog.pg_class.oid) AND pg_catalog.pg_namespace.nspname != %(nspname_1)s (base.py:1842)
2025-06-17 11:28:00 [    INFO] [cached since 0.03575s ago] {'table_name': 'houses', 'param_1': 'r', 'param_2': 'p', 'param_3': 'f', 'param_4': 'v', 'param_5': 'm', 'nspname_1': 'pg_catalog'} (base.py:1842)
2025-06-17 11:28:00 [   DEBUG] Query eseguita in 0.01 secondi: SELECT pg_catalog.pg_class.relname 
FROM pg_catalog.pg_class JOIN pg_catalog.pg_namespace ON pg_catalog.pg_namespace.oid = pg_catalog.pg_class.relnamespace 
WHERE pg_catalog.pg_class.relname = %(table_name)s AND pg_catalog.pg_class.relkind = ANY (ARRAY[%(param_1)s, %(param_2)s, %(param_3)s, %(param_4)s, %(param_5)s]) AND pg_catalog.pg_table_is_visible(pg_catalog.pg_class.oid) AND pg_catalog.pg_namespace.nspname != %(nspname_1)s (session.py:30)
2025-06-17 11:28:00 [    INFO] SELECT pg_catalog.pg_class.relname 
FROM pg_catalog.pg_class JOIN pg_catalog.pg_namespace ON pg_catalog.pg_namespace.oid = pg_catalog.pg_class.relnamespace 
WHERE pg_catalog.pg_class.relname = %(table_name)s AND pg_catalog.pg_class.relkind = ANY (ARRAY[%(param_1)s, %(param_2)s, %(param_3)s, %(param_4)s, %(param_5)s]) AND pg_catalog.pg_table_is_visible(pg_catalog.pg_class.oid) AND pg_catalog.pg_namespace.nspname != %(nspname_1)s (base.py:1842)
2025-06-17 11:28:00 [    INFO] [cached since 0.04871s ago] {'table_name': 'nodes', 'param_1': 'r', 'param_2': 'p', 'param_3': 'f', 'param_4': 'v', 'param_5': 'm', 'nspname_1': 'pg_catalog'} (base.py:1842)
2025-06-17 11:28:00 [   DEBUG] Query eseguita in 0.01 secondi: SELECT pg_catalog.pg_class.relname 
FROM pg_catalog.pg_class JOIN pg_catalog.pg_namespace ON pg_catalog.pg_namespace.oid = pg_catalog.pg_class.relnamespace 
WHERE pg_catalog.pg_class.relname = %(table_name)s AND pg_catalog.pg_class.relkind = ANY (ARRAY[%(param_1)s, %(param_2)s, %(param_3)s, %(param_4)s, %(param_5)s]) AND pg_catalog.pg_table_is_visible(pg_catalog.pg_class.oid) AND pg_catalog.pg_namespace.nspname != %(nspname_1)s (session.py:30)
2025-06-17 11:28:00 [    INFO] SELECT pg_catalog.pg_class.relname 
FROM pg_catalog.pg_class JOIN pg_catalog.pg_namespace ON pg_catalog.pg_namespace.oid = pg_catalog.pg_class.relnamespace 
WHERE pg_catalog.pg_class.relname = %(table_name)s AND pg_catalog.pg_class.relkind = ANY (ARRAY[%(param_1)s, %(param_2)s, %(param_3)s, %(param_4)s, %(param_5)s]) AND pg_catalog.pg_table_is_visible(pg_catalog.pg_class.oid) AND pg_catalog.pg_namespace.nspname != %(nspname_1)s (base.py:1842)
2025-06-17 11:28:00 [    INFO] [cached since 0.05802s ago] {'table_name': 'rooms', 'param_1': 'r', 'param_2': 'p', 'param_3': 'f', 'param_4': 'v', 'param_5': 'm', 'nspname_1': 'pg_catalog'} (base.py:1842)
2025-06-17 11:28:00 [   DEBUG] Query eseguita in 0.01 secondi: SELECT pg_catalog.pg_class.relname 
FROM pg_catalog.pg_class JOIN pg_catalog.pg_namespace ON pg_catalog.pg_namespace.oid = pg_catalog.pg_class.relnamespace 
WHERE pg_catalog.pg_class.relname = %(table_name)s AND pg_catalog.pg_class.relkind = ANY (ARRAY[%(param_1)s, %(param_2)s, %(param_3)s, %(param_4)s, %(param_5)s]) AND pg_catalog.pg_table_is_visible(pg_catalog.pg_class.oid) AND pg_catalog.pg_namespace.nspname != %(nspname_1)s (session.py:30)
2025-06-17 11:28:00 [    INFO] SELECT pg_catalog.pg_class.relname 
FROM pg_catalog.pg_class JOIN pg_catalog.pg_namespace ON pg_catalog.pg_namespace.oid = pg_catalog.pg_class.relnamespace 
WHERE pg_catalog.pg_class.relname = %(table_name)s AND pg_catalog.pg_class.relkind = ANY (ARRAY[%(param_1)s, %(param_2)s, %(param_3)s, %(param_4)s, %(param_5)s]) AND pg_catalog.pg_table_is_visible(pg_catalog.pg_class.oid) AND pg_catalog.pg_namespace.nspname != %(nspname_1)s (base.py:1842)
2025-06-17 11:28:00 [    INFO] [cached since 0.06809s ago] {'table_name': 'bookings', 'param_1': 'r', 'param_2': 'p', 'param_3': 'f', 'param_4': 'v', 'param_5': 'm', 'nspname_1': 'pg_catalog'} (base.py:1842)
2025-06-17 11:28:00 [   DEBUG] Query eseguita in 0.01 secondi: SELECT pg_catalog.pg_class.relname 
FROM pg_catalog.pg_class JOIN pg_catalog.pg_namespace ON pg_catalog.pg_namespace.oid = pg_catalog.pg_class.relnamespace 
WHERE pg_catalog.pg_class.relname = %(table_name)s AND pg_catalog.pg_class.relkind = ANY (ARRAY[%(param_1)s, %(param_2)s, %(param_3)s, %(param_4)s, %(param_5)s]) AND pg_catalog.pg_table_is_visible(pg_catalog.pg_class.oid) AND pg_catalog.pg_namespace.nspname != %(nspname_1)s (session.py:30)
2025-06-17 11:28:00 [    INFO] SELECT pg_catalog.pg_class.relname 
FROM pg_catalog.pg_class JOIN pg_catalog.pg_namespace ON pg_catalog.pg_namespace.oid = pg_catalog.pg_class.relnamespace 
WHERE pg_catalog.pg_class.relname = %(table_name)s AND pg_catalog.pg_class.relkind = ANY (ARRAY[%(param_1)s, %(param_2)s, %(param_3)s, %(param_4)s, %(param_5)s]) AND pg_catalog.pg_table_is_visible(pg_catalog.pg_class.oid) AND pg_catalog.pg_namespace.nspname != %(nspname_1)s (base.py:1842)
2025-06-17 11:28:00 [    INFO] [cached since 0.07731s ago] {'table_name': 'maintenance_records', 'param_1': 'r', 'param_2': 'p', 'param_3': 'f', 'param_4': 'v', 'param_5': 'm', 'nspname_1': 'pg_catalog'} (base.py:1842)
2025-06-17 11:28:00 [   DEBUG] Query eseguita in 0.01 secondi: SELECT pg_catalog.pg_class.relname 
FROM pg_catalog.pg_class JOIN pg_catalog.pg_namespace ON pg_catalog.pg_namespace.oid = pg_catalog.pg_class.relnamespace 
WHERE pg_catalog.pg_class.relname = %(table_name)s AND pg_catalog.pg_class.relkind = ANY (ARRAY[%(param_1)s, %(param_2)s, %(param_3)s, %(param_4)s, %(param_5)s]) AND pg_catalog.pg_table_is_visible(pg_catalog.pg_class.oid) AND pg_catalog.pg_namespace.nspname != %(nspname_1)s (session.py:30)
2025-06-17 11:28:00 [    INFO] SELECT pg_catalog.pg_type.typname 
FROM pg_catalog.pg_type JOIN pg_catalog.pg_namespace ON pg_catalog.pg_namespace.oid = pg_catalog.pg_type.typnamespace 
WHERE pg_catalog.pg_type.typname = %(typname_1)s AND pg_catalog.pg_type_is_visible(pg_catalog.pg_type.oid) AND pg_catalog.pg_namespace.nspname != %(nspname_1)s (base.py:1842)
2025-06-17 11:28:00 [    INFO] [generated in 0.00251s] {'typname_1': 'maintenancetype', 'nspname_1': 'pg_catalog'} (base.py:1842)
2025-06-17 11:28:00 [   DEBUG] Query eseguita in 0.01 secondi: SELECT pg_catalog.pg_type.typname 
FROM pg_catalog.pg_type JOIN pg_catalog.pg_namespace ON pg_catalog.pg_namespace.oid = pg_catalog.pg_type.typnamespace 
WHERE pg_catalog.pg_type.typname = %(typname_1)s AND pg_catalog.pg_type_is_visible(pg_catalog.pg_type.oid) AND pg_catalog.pg_namespace.nspname != %(nspname_1)s (session.py:30)
2025-06-17 11:28:00 [    INFO] CREATE TYPE maintenancetype AS ENUM ('ROUTINE', 'PREVENTIVE', 'CORRECTIVE', 'EMERGENCY', 'INSPECTION') (base.py:1842)
2025-06-17 11:28:00 [    INFO] [no key 0.00114s] {} (base.py:1842)
2025-06-17 11:28:00 [   DEBUG] Query eseguita in 0.01 secondi: CREATE TYPE maintenancetype AS ENUM ('ROUTINE', 'PREVENTIVE', 'CORRECTIVE', 'EMERGENCY', 'INSPECTION') (session.py:30)
2025-06-17 11:28:00 [    INFO] SELECT pg_catalog.pg_type.typname 
FROM pg_catalog.pg_type JOIN pg_catalog.pg_namespace ON pg_catalog.pg_namespace.oid = pg_catalog.pg_type.typnamespace 
WHERE pg_catalog.pg_type.typname = %(typname_1)s AND pg_catalog.pg_type_is_visible(pg_catalog.pg_type.oid) AND pg_catalog.pg_namespace.nspname != %(nspname_1)s (base.py:1842)
2025-06-17 11:28:00 [    INFO] [cached since 0.02954s ago] {'typname_1': 'maintenancestatus', 'nspname_1': 'pg_catalog'} (base.py:1842)
2025-06-17 11:28:00 [   DEBUG] Query eseguita in 0.01 secondi: SELECT pg_catalog.pg_type.typname 
FROM pg_catalog.pg_type JOIN pg_catalog.pg_namespace ON pg_catalog.pg_namespace.oid = pg_catalog.pg_type.typnamespace 
WHERE pg_catalog.pg_type.typname = %(typname_1)s AND pg_catalog.pg_type_is_visible(pg_catalog.pg_type.oid) AND pg_catalog.pg_namespace.nspname != %(nspname_1)s (session.py:30)
2025-06-17 11:28:00 [    INFO] CREATE TYPE maintenancestatus AS ENUM ('PENDING', 'COMPLETED', 'FAILED') (base.py:1842)
2025-06-17 11:28:00 [    INFO] [no key 0.00502s] {} (base.py:1842)
2025-06-17 11:28:00 [   DEBUG] Query eseguita in 0.01 secondi: CREATE TYPE maintenancestatus AS ENUM ('PENDING', 'COMPLETED', 'FAILED') (session.py:30)
2025-06-17 11:28:00 [    INFO] 
CREATE TABLE "user" (
	id SERIAL NOT NULL, 
	email VARCHAR NOT NULL, 
	username VARCHAR NOT NULL, 
	hashed_password VARCHAR NOT NULL, 
	is_active BOOLEAN NOT NULL, 
	is_superuser BOOLEAN NOT NULL, 
	is_verified BOOLEAN NOT NULL, 
	created_at TIMESTAMP WITHOUT TIME ZONE NOT NULL, 
	updated_at TIMESTAMP WITHOUT TIME ZONE NOT NULL, 
	last_login TIMESTAMP WITH TIME ZONE, 
	full_name VARCHAR(255), 
	phone_number VARCHAR(20), 
	PRIMARY KEY (id)
)

 (base.py:1842)
2025-06-17 11:28:00 [    INFO] [no key 0.00276s] {} (base.py:1842)
2025-06-17 11:28:00 [   DEBUG] Query eseguita in 0.04 secondi: 
CREATE TABLE "user" (
	id SERIAL NOT NULL, 
	email VARCHAR NOT NULL, 
	username VARCHAR NOT NULL, 
	hashed_password VARCHAR NOT NULL, 
	is_active BOOLEAN NOT NULL, 
	is_superuser BOOLEAN NOT NULL, 
	is_verified BOOLEAN NOT NULL, 
	created_at TIMESTAMP WITHOUT TIME ZONE NOT NULL, 
	updated_at TIMESTAMP WITHOUT TIME ZONE NOT NULL, 
	last_login TIMESTAMP WITH TIME ZONE, 
	full_name VARCHAR(255), 
	phone_number VARCHAR(20), 
	PRIMARY KEY (id)
)

 (session.py:30)
2025-06-17 11:28:00 [    INFO] CREATE UNIQUE INDEX ix_user_email ON "user" (email) (base.py:1842)
2025-06-17 11:28:00 [    INFO] [no key 0.00067s] {} (base.py:1842)
2025-06-17 11:28:00 [   DEBUG] Query eseguita in 0.01 secondi: CREATE UNIQUE INDEX ix_user_email ON "user" (email) (session.py:30)
2025-06-17 11:28:00 [    INFO] CREATE UNIQUE INDEX ix_user_username ON "user" (username) (base.py:1842)
2025-06-17 11:28:01 [    INFO] [no key 0.00082s] {} (base.py:1842)
2025-06-17 11:28:01 [   DEBUG] Query eseguita in 0.01 secondi: CREATE UNIQUE INDEX ix_user_username ON "user" (username) (session.py:30)
2025-06-17 11:28:01 [    INFO] 
CREATE TABLE houses (
	id SERIAL NOT NULL, 
	name VARCHAR NOT NULL, 
	address VARCHAR NOT NULL, 
	owner_id INTEGER NOT NULL, 
	created_at TIMESTAMP WITHOUT TIME ZONE NOT NULL, 
	updated_at TIMESTAMP WITHOUT TIME ZONE NOT NULL, 
	PRIMARY KEY (id), 
	FOREIGN KEY(owner_id) REFERENCES "user" (id)
)

 (base.py:1842)
2025-06-17 11:28:01 [    INFO] [no key 0.00143s] {} (base.py:1842)
2025-06-17 11:28:01 [   DEBUG] Query eseguita in 0.04 secondi: 
CREATE TABLE houses (
	id SERIAL NOT NULL, 
	name VARCHAR NOT NULL, 
	address VARCHAR NOT NULL, 
	owner_id INTEGER NOT NULL, 
	created_at TIMESTAMP WITHOUT TIME ZONE NOT NULL, 
	updated_at TIMESTAMP WITHOUT TIME ZONE NOT NULL, 
	PRIMARY KEY (id), 
	FOREIGN KEY(owner_id) REFERENCES "user" (id)
)

 (session.py:30)
2025-06-17 11:28:01 [    INFO] CREATE INDEX ix_houses_name ON houses (name) (base.py:1842)
2025-06-17 11:28:01 [    INFO] [no key 0.00150s] {} (base.py:1842)
2025-06-17 11:28:01 [   DEBUG] Query eseguita in 0.01 secondi: CREATE INDEX ix_houses_name ON houses (name) (session.py:30)
2025-06-17 11:28:01 [    INFO] 
CREATE TABLE rooms (
	id SERIAL NOT NULL, 
	name VARCHAR NOT NULL, 
	description VARCHAR, 
	floor INTEGER NOT NULL, 
	area FLOAT NOT NULL, 
	house_id INTEGER NOT NULL, 
	created_at TIMESTAMP WITHOUT TIME ZONE NOT NULL, 
	updated_at TIMESTAMP WITHOUT TIME ZONE NOT NULL, 
	PRIMARY KEY (id), 
	FOREIGN KEY(house_id) REFERENCES houses (id)
)

 (base.py:1842)
2025-06-17 11:28:01 [    INFO] [no key 0.00215s] {} (base.py:1842)
2025-06-17 11:28:01 [   DEBUG] Query eseguita in 0.03 secondi: 
CREATE TABLE rooms (
	id SERIAL NOT NULL, 
	name VARCHAR NOT NULL, 
	description VARCHAR, 
	floor INTEGER NOT NULL, 
	area FLOAT NOT NULL, 
	house_id INTEGER NOT NULL, 
	created_at TIMESTAMP WITHOUT TIME ZONE NOT NULL, 
	updated_at TIMESTAMP WITHOUT TIME ZONE NOT NULL, 
	PRIMARY KEY (id), 
	FOREIGN KEY(house_id) REFERENCES houses (id)
)

 (session.py:30)
2025-06-17 11:28:01 [    INFO] CREATE INDEX ix_rooms_name ON rooms (name) (base.py:1842)
2025-06-17 11:28:01 [    INFO] [no key 0.00162s] {} (base.py:1842)
2025-06-17 11:28:01 [   DEBUG] Query eseguita in 0.01 secondi: CREATE INDEX ix_rooms_name ON rooms (name) (session.py:30)
2025-06-17 11:28:01 [    INFO] 
CREATE TABLE nodes (
	id SERIAL NOT NULL, 
	name VARCHAR NOT NULL, 
	description VARCHAR, 
	nfc_id VARCHAR NOT NULL, 
	house_id INTEGER NOT NULL, 
	room_id INTEGER, 
	PRIMARY KEY (id), 
	FOREIGN KEY(house_id) REFERENCES houses (id), 
	FOREIGN KEY(room_id) REFERENCES rooms (id)
)

 (base.py:1842)
2025-06-17 11:28:01 [    INFO] [no key 0.00288s] {} (base.py:1842)
2025-06-17 11:28:01 [   DEBUG] Query eseguita in 0.03 secondi: 
CREATE TABLE nodes (
	id SERIAL NOT NULL, 
	name VARCHAR NOT NULL, 
	description VARCHAR, 
	nfc_id VARCHAR NOT NULL, 
	house_id INTEGER NOT NULL, 
	room_id INTEGER, 
	PRIMARY KEY (id), 
	FOREIGN KEY(house_id) REFERENCES houses (id), 
	FOREIGN KEY(room_id) REFERENCES rooms (id)
)

 (session.py:30)
2025-06-17 11:28:01 [    INFO] CREATE UNIQUE INDEX ix_nodes_nfc_id ON nodes (nfc_id) (base.py:1842)
2025-06-17 11:28:01 [    INFO] [no key 0.00330s] {} (base.py:1842)
2025-06-17 11:28:01 [   DEBUG] Query eseguita in 0.01 secondi: CREATE UNIQUE INDEX ix_nodes_nfc_id ON nodes (nfc_id) (session.py:30)
2025-06-17 11:28:01 [    INFO] 
CREATE TABLE bookings (
	id SERIAL NOT NULL, 
	room_id INTEGER NOT NULL, 
	user_id INTEGER NOT NULL, 
	start_time TIMESTAMP WITHOUT TIME ZONE NOT NULL, 
	end_time TIMESTAMP WITHOUT TIME ZONE NOT NULL, 
	status VARCHAR NOT NULL, 
	notes VARCHAR, 
	created_at TIMESTAMP WITHOUT TIME ZONE NOT NULL, 
	updated_at TIMESTAMP WITHOUT TIME ZONE NOT NULL, 
	PRIMARY KEY (id), 
	FOREIGN KEY(room_id) REFERENCES rooms (id), 
	FOREIGN KEY(user_id) REFERENCES "user" (id)
)

 (base.py:1842)
2025-06-17 11:28:01 [    INFO] [no key 0.00112s] {} (base.py:1842)
2025-06-17 11:28:01 [   DEBUG] Query eseguita in 0.03 secondi: 
CREATE TABLE bookings (
	id SERIAL NOT NULL, 
	room_id INTEGER NOT NULL, 
	user_id INTEGER NOT NULL, 
	start_time TIMESTAMP WITHOUT TIME ZONE NOT NULL, 
	end_time TIMESTAMP WITHOUT TIME ZONE NOT NULL, 
	status VARCHAR NOT NULL, 
	notes VARCHAR, 
	created_at TIMESTAMP WITHOUT TIME ZONE NOT NULL, 
	updated_at TIMESTAMP WITHOUT TIME ZONE NOT NULL, 
	PRIMARY KEY (id), 
	FOREIGN KEY(room_id) REFERENCES rooms (id), 
	FOREIGN KEY(user_id) REFERENCES "user" (id)
)

 (session.py:30)
2025-06-17 11:28:01 [    INFO] 
CREATE TABLE documents (
	id SERIAL NOT NULL, 
	created_at TIMESTAMP WITHOUT TIME ZONE NOT NULL, 
	updated_at TIMESTAMP WITHOUT TIME ZONE NOT NULL, 
	owner_id INTEGER NOT NULL, 
	name VARCHAR NOT NULL, 
	type VARCHAR NOT NULL, 
	size INTEGER NOT NULL, 
	upload_date TIMESTAMP WITHOUT TIME ZONE NOT NULL, 
	path VARCHAR NOT NULL, 
	checksum VARCHAR NOT NULL, 
	house_id INTEGER, 
	node_id INTEGER, 
	description VARCHAR, 
	PRIMARY KEY (id), 
	FOREIGN KEY(owner_id) REFERENCES "user" (id), 
	FOREIGN KEY(house_id) REFERENCES houses (id), 
	FOREIGN KEY(node_id) REFERENCES nodes (id)
)

 (base.py:1842)
2025-06-17 11:28:01 [    INFO] [no key 0.00116s] {} (base.py:1842)
2025-06-17 11:28:01 [   DEBUG] Query eseguita in 0.04 secondi: 
CREATE TABLE documents (
	id SERIAL NOT NULL, 
	created_at TIMESTAMP WITHOUT TIME ZONE NOT NULL, 
	updated_at TIMESTAMP WITHOUT TIME ZONE NOT NULL, 
	owner_id INTEGER NOT NULL, 
	name VARCHAR NOT NULL, 
	type VARCHAR NOT NULL, 
	size INTEGER NOT NULL, 
	upload_date TIMESTAMP WITHOUT TIME ZONE NOT NULL, 
	path VARCHAR NOT NULL, 
	checksum VARCHAR NOT NULL, 
	house_id INTEGER, 
	node_id INTEGER, 
	description VARCHAR, 
	PRIMARY KEY (id), 
	FOREIGN KEY(owner_id) REFERENCES "user" (id), 
	FOREIGN KEY(house_id) REFERENCES houses (id), 
	FOREIGN KEY(node_id) REFERENCES nodes (id)
)

 (session.py:30)
2025-06-17 11:28:01 [    INFO] CREATE INDEX ix_documents_owner_id ON documents (owner_id) (base.py:1842)
2025-06-17 11:28:01 [    INFO] [no key 0.00082s] {} (base.py:1842)
2025-06-17 11:28:01 [   DEBUG] Query eseguita in 0.01 secondi: CREATE INDEX ix_documents_owner_id ON documents (owner_id) (session.py:30)
2025-06-17 11:28:01 [    INFO] 
CREATE TABLE document_versions (
	id SERIAL NOT NULL, 
	version_number INTEGER NOT NULL, 
	file_path VARCHAR NOT NULL, 
	file_size INTEGER NOT NULL, 
	checksum VARCHAR NOT NULL, 
	created_at TIMESTAMP WITHOUT TIME ZONE NOT NULL, 
	updated_at TIMESTAMP WITHOUT TIME ZONE NOT NULL, 
	document_id INTEGER NOT NULL, 
	created_by_id INTEGER, 
	PRIMARY KEY (id), 
	FOREIGN KEY(document_id) REFERENCES documents (id), 
	FOREIGN KEY(created_by_id) REFERENCES "user" (id)
)

 (base.py:1842)
2025-06-17 11:28:01 [    INFO] [no key 0.00095s] {} (base.py:1842)
2025-06-17 11:28:01 [   DEBUG] Query eseguita in 0.04 secondi: 
CREATE TABLE document_versions (
	id SERIAL NOT NULL, 
	version_number INTEGER NOT NULL, 
	file_path VARCHAR NOT NULL, 
	file_size INTEGER NOT NULL, 
	checksum VARCHAR NOT NULL, 
	created_at TIMESTAMP WITHOUT TIME ZONE NOT NULL, 
	updated_at TIMESTAMP WITHOUT TIME ZONE NOT NULL, 
	document_id INTEGER NOT NULL, 
	created_by_id INTEGER, 
	PRIMARY KEY (id), 
	FOREIGN KEY(document_id) REFERENCES documents (id), 
	FOREIGN KEY(created_by_id) REFERENCES "user" (id)
)

 (session.py:30)
2025-06-17 11:28:01 [    INFO] CREATE INDEX ix_document_versions_version_number ON document_versions (version_number) (base.py:1842)
2025-06-17 11:28:01 [    INFO] [no key 0.00244s] {} (base.py:1842)
2025-06-17 11:28:01 [   DEBUG] Query eseguita in 0.01 secondi: CREATE INDEX ix_document_versions_version_number ON document_versions (version_number) (session.py:30)
2025-06-17 11:28:01 [    INFO] CREATE INDEX ix_document_versions_created_by_id ON document_versions (created_by_id) (base.py:1842)
2025-06-17 11:28:01 [    INFO] [no key 0.00067s] {} (base.py:1842)
2025-06-17 11:28:01 [   DEBUG] Query eseguita in 0.01 secondi: CREATE INDEX ix_document_versions_created_by_id ON document_versions (created_by_id) (session.py:30)
2025-06-17 11:28:01 [    INFO] CREATE INDEX ix_document_versions_document_id ON document_versions (document_id) (base.py:1842)
2025-06-17 11:28:01 [    INFO] [no key 0.00344s] {} (base.py:1842)
2025-06-17 11:28:01 [   DEBUG] Query eseguita in 0.01 secondi: CREATE INDEX ix_document_versions_document_id ON document_versions (document_id) (session.py:30)
2025-06-17 11:28:01 [    INFO] 
CREATE TABLE maintenance_records (
	id SERIAL NOT NULL, 
	node_id INTEGER NOT NULL, 
	timestamp TIMESTAMP WITHOUT TIME ZONE NOT NULL, 
	maintenance_type maintenancetype NOT NULL, 
	description VARCHAR NOT NULL, 
	status maintenancestatus NOT NULL, 
	notes VARCHAR, 
	document_id INTEGER, 
	PRIMARY KEY (id), 
	FOREIGN KEY(node_id) REFERENCES nodes (id), 
	FOREIGN KEY(document_id) REFERENCES documents (id)
)

 (base.py:1842)
2025-06-17 11:28:01 [    INFO] [no key 0.00492s] {} (base.py:1842)
2025-06-17 11:28:01 [   DEBUG] Query eseguita in 0.03 secondi: 
CREATE TABLE maintenance_records (
	id SERIAL NOT NULL, 
	node_id INTEGER NOT NULL, 
	timestamp TIMESTAMP WITHOUT TIME ZONE NOT NULL, 
	maintenance_type maintenancetype NOT NULL, 
	description VARCHAR NOT NULL, 
	status maintenancestatus NOT NULL, 
	notes VARCHAR, 
	document_id INTEGER, 
	PRIMARY KEY (id), 
	FOREIGN KEY(node_id) REFERENCES nodes (id), 
	FOREIGN KEY(document_id) REFERENCES documents (id)
)

 (session.py:30)
2025-06-17 11:28:01 [    INFO] CREATE INDEX ix_maintenance_records_node_id ON maintenance_records (node_id) (base.py:1842)
2025-06-17 11:28:01 [    INFO] [no key 0.00401s] {} (base.py:1842)
2025-06-17 11:28:01 [   DEBUG] Query eseguita in 0.01 secondi: CREATE INDEX ix_maintenance_records_node_id ON maintenance_records (node_id) (session.py:30)
2025-06-17 11:28:01 [    INFO] COMMIT (base.py:2704)
2025-06-17 11:28:01 [   DEBUG] Test database tables created successfully (test_users.py:52)
2025-06-17 11:28:01 [   DEBUG] Test database session created successfully (test_users.py:55)
2025-06-17 11:28:01 [   DEBUG] Overriding get_session for tests... (conftest.py:269)
2025-06-17 11:28:01 [   DEBUG] Setting up FakeRedis for tests... (conftest_redis.py:18)
2025-06-17 11:28:01 [   DEBUG] Connessione Redis stabilita con successo (redis.py:24)
-------------------------------- live log call --------------------------------
2025-06-17 11:28:01 [   DEBUG] Using proactor: IocpProactor (proactor_events.py:631)
2025-06-17 11:28:01 [    INFO] HTTP Request: POST http://testserver/api/v1/auth/register "HTTP/1.1 422 Unprocessable Entity" (_client.py:1025)
PASSED                                                                   [ 33%]
------------------------------ live log teardown ------------------------------
2025-06-17 11:28:01 [   DEBUG] Restored original Redis client (conftest_redis.py:29)
2025-06-17 11:28:01 [   DEBUG] get_session override cleared (conftest.py:275)
2025-06-17 11:28:01 [   DEBUG] Cleaning up test database session... (test_users.py:57)
2025-06-17 11:28:01 [    INFO] BEGIN (implicit) (base.py:2698)
2025-06-17 11:28:01 [    INFO] DROP SCHEMA public CASCADE (base.py:1842)
2025-06-17 11:28:01 [    INFO] [generated in 0.00417s] {} (base.py:1842)
2025-06-17 11:28:01 [   DEBUG] Query eseguita in 0.18 secondi: DROP SCHEMA public CASCADE (session.py:30)
2025-06-17 11:28:01 [    INFO] CREATE SCHEMA public (base.py:1842)
2025-06-17 11:28:01 [    INFO] [generated in 0.00104s] {} (base.py:1842)
2025-06-17 11:28:01 [   DEBUG] Query eseguita in 0.01 secondi: CREATE SCHEMA public (session.py:30)
2025-06-17 11:28:01 [    INFO] COMMIT (base.py:2704)
2025-06-17 11:28:01 [   DEBUG] Test database cleanup completed (test_users.py:63)
2025-06-17 11:28:01 [   DEBUG] Session fixture completed in 1.69 seconds (test_users.py:68)

tests/api/test_users.py::test_create_user_invalid_email[.user@domain.com] 
------------------------------- live log setup --------------------------------
2025-06-17 11:28:01 [   DEBUG] Setting up test database session... (test_users.py:38)
2025-06-17 11:28:02 [    INFO] select pg_catalog.version() (base.py:1842)
2025-06-17 11:28:02 [    INFO] [raw sql] {} (base.py:1842)
2025-06-17 11:28:02 [    INFO] select current_schema() (base.py:1842)
2025-06-17 11:28:02 [    INFO] [raw sql] {} (base.py:1842)
2025-06-17 11:28:02 [    INFO] show standard_conforming_strings (base.py:1842)
2025-06-17 11:28:02 [    INFO] [raw sql] {} (base.py:1842)
2025-06-17 11:28:02 [    INFO] BEGIN (implicit) (base.py:2698)
2025-06-17 11:28:02 [    INFO] SELECT pg_catalog.pg_class.relname 
FROM pg_catalog.pg_class JOIN pg_catalog.pg_namespace ON pg_catalog.pg_namespace.oid = pg_catalog.pg_class.relnamespace 
WHERE pg_catalog.pg_class.relname = %(table_name)s AND pg_catalog.pg_class.relkind = ANY (ARRAY[%(param_1)s, %(param_2)s, %(param_3)s, %(param_4)s, %(param_5)s]) AND pg_catalog.pg_table_is_visible(pg_catalog.pg_class.oid) AND pg_catalog.pg_namespace.nspname != %(nspname_1)s (base.py:1842)
2025-06-17 11:28:02 [    INFO] [generated in 0.00485s] {'table_name': 'user', 'param_1': 'r', 'param_2': 'p', 'param_3': 'f', 'param_4': 'v', 'param_5': 'm', 'nspname_1': 'pg_catalog'} (base.py:1842)
2025-06-17 11:28:02 [   DEBUG] Query eseguita in 0.01 secondi: SELECT pg_catalog.pg_class.relname 
FROM pg_catalog.pg_class JOIN pg_catalog.pg_namespace ON pg_catalog.pg_namespace.oid = pg_catalog.pg_class.relnamespace 
WHERE pg_catalog.pg_class.relname = %(table_name)s AND pg_catalog.pg_class.relkind = ANY (ARRAY[%(param_1)s, %(param_2)s, %(param_3)s, %(param_4)s, %(param_5)s]) AND pg_catalog.pg_table_is_visible(pg_catalog.pg_class.oid) AND pg_catalog.pg_namespace.nspname != %(nspname_1)s (session.py:30)
2025-06-17 11:28:02 [    INFO] SELECT pg_catalog.pg_class.relname 
FROM pg_catalog.pg_class JOIN pg_catalog.pg_namespace ON pg_catalog.pg_namespace.oid = pg_catalog.pg_class.relnamespace 
WHERE pg_catalog.pg_class.relname = %(table_name)s AND pg_catalog.pg_class.relkind = ANY (ARRAY[%(param_1)s, %(param_2)s, %(param_3)s, %(param_4)s, %(param_5)s]) AND pg_catalog.pg_table_is_visible(pg_catalog.pg_class.oid) AND pg_catalog.pg_namespace.nspname != %(nspname_1)s (base.py:1842)
2025-06-17 11:28:02 [    INFO] [cached since 0.0206s ago] {'table_name': 'documents', 'param_1': 'r', 'param_2': 'p', 'param_3': 'f', 'param_4': 'v', 'param_5': 'm', 'nspname_1': 'pg_catalog'} (base.py:1842)
2025-06-17 11:28:02 [   DEBUG] Query eseguita in 0.01 secondi: SELECT pg_catalog.pg_class.relname 
FROM pg_catalog.pg_class JOIN pg_catalog.pg_namespace ON pg_catalog.pg_namespace.oid = pg_catalog.pg_class.relnamespace 
WHERE pg_catalog.pg_class.relname = %(table_name)s AND pg_catalog.pg_class.relkind = ANY (ARRAY[%(param_1)s, %(param_2)s, %(param_3)s, %(param_4)s, %(param_5)s]) AND pg_catalog.pg_table_is_visible(pg_catalog.pg_class.oid) AND pg_catalog.pg_namespace.nspname != %(nspname_1)s (session.py:30)
2025-06-17 11:28:02 [    INFO] SELECT pg_catalog.pg_class.relname 
FROM pg_catalog.pg_class JOIN pg_catalog.pg_namespace ON pg_catalog.pg_namespace.oid = pg_catalog.pg_class.relnamespace 
WHERE pg_catalog.pg_class.relname = %(table_name)s AND pg_catalog.pg_class.relkind = ANY (ARRAY[%(param_1)s, %(param_2)s, %(param_3)s, %(param_4)s, %(param_5)s]) AND pg_catalog.pg_table_is_visible(pg_catalog.pg_class.oid) AND pg_catalog.pg_namespace.nspname != %(nspname_1)s (base.py:1842)
2025-06-17 11:28:02 [    INFO] [cached since 0.03126s ago] {'table_name': 'document_versions', 'param_1': 'r', 'param_2': 'p', 'param_3': 'f', 'param_4': 'v', 'param_5': 'm', 'nspname_1': 'pg_catalog'} (base.py:1842)
2025-06-17 11:28:02 [   DEBUG] Query eseguita in 0.01 secondi: SELECT pg_catalog.pg_class.relname 
FROM pg_catalog.pg_class JOIN pg_catalog.pg_namespace ON pg_catalog.pg_namespace.oid = pg_catalog.pg_class.relnamespace 
WHERE pg_catalog.pg_class.relname = %(table_name)s AND pg_catalog.pg_class.relkind = ANY (ARRAY[%(param_1)s, %(param_2)s, %(param_3)s, %(param_4)s, %(param_5)s]) AND pg_catalog.pg_table_is_visible(pg_catalog.pg_class.oid) AND pg_catalog.pg_namespace.nspname != %(nspname_1)s (session.py:30)
2025-06-17 11:28:02 [    INFO] SELECT pg_catalog.pg_class.relname 
FROM pg_catalog.pg_class JOIN pg_catalog.pg_namespace ON pg_catalog.pg_namespace.oid = pg_catalog.pg_class.relnamespace 
WHERE pg_catalog.pg_class.relname = %(table_name)s AND pg_catalog.pg_class.relkind = ANY (ARRAY[%(param_1)s, %(param_2)s, %(param_3)s, %(param_4)s, %(param_5)s]) AND pg_catalog.pg_table_is_visible(pg_catalog.pg_class.oid) AND pg_catalog.pg_namespace.nspname != %(nspname_1)s (base.py:1842)
2025-06-17 11:28:02 [    INFO] [cached since 0.043s ago] {'table_name': 'houses', 'param_1': 'r', 'param_2': 'p', 'param_3': 'f', 'param_4': 'v', 'param_5': 'm', 'nspname_1': 'pg_catalog'} (base.py:1842)
2025-06-17 11:28:02 [   DEBUG] Query eseguita in 0.01 secondi: SELECT pg_catalog.pg_class.relname 
FROM pg_catalog.pg_class JOIN pg_catalog.pg_namespace ON pg_catalog.pg_namespace.oid = pg_catalog.pg_class.relnamespace 
WHERE pg_catalog.pg_class.relname = %(table_name)s AND pg_catalog.pg_class.relkind = ANY (ARRAY[%(param_1)s, %(param_2)s, %(param_3)s, %(param_4)s, %(param_5)s]) AND pg_catalog.pg_table_is_visible(pg_catalog.pg_class.oid) AND pg_catalog.pg_namespace.nspname != %(nspname_1)s (session.py:30)
2025-06-17 11:28:02 [    INFO] SELECT pg_catalog.pg_class.relname 
FROM pg_catalog.pg_class JOIN pg_catalog.pg_namespace ON pg_catalog.pg_namespace.oid = pg_catalog.pg_class.relnamespace 
WHERE pg_catalog.pg_class.relname = %(table_name)s AND pg_catalog.pg_class.relkind = ANY (ARRAY[%(param_1)s, %(param_2)s, %(param_3)s, %(param_4)s, %(param_5)s]) AND pg_catalog.pg_table_is_visible(pg_catalog.pg_class.oid) AND pg_catalog.pg_namespace.nspname != %(nspname_1)s (base.py:1842)
2025-06-17 11:28:02 [    INFO] [cached since 0.05194s ago] {'table_name': 'nodes', 'param_1': 'r', 'param_2': 'p', 'param_3': 'f', 'param_4': 'v', 'param_5': 'm', 'nspname_1': 'pg_catalog'} (base.py:1842)
2025-06-17 11:28:02 [   DEBUG] Query eseguita in 0.01 secondi: SELECT pg_catalog.pg_class.relname 
FROM pg_catalog.pg_class JOIN pg_catalog.pg_namespace ON pg_catalog.pg_namespace.oid = pg_catalog.pg_class.relnamespace 
WHERE pg_catalog.pg_class.relname = %(table_name)s AND pg_catalog.pg_class.relkind = ANY (ARRAY[%(param_1)s, %(param_2)s, %(param_3)s, %(param_4)s, %(param_5)s]) AND pg_catalog.pg_table_is_visible(pg_catalog.pg_class.oid) AND pg_catalog.pg_namespace.nspname != %(nspname_1)s (session.py:30)
2025-06-17 11:28:02 [    INFO] SELECT pg_catalog.pg_class.relname 
FROM pg_catalog.pg_class JOIN pg_catalog.pg_namespace ON pg_catalog.pg_namespace.oid = pg_catalog.pg_class.relnamespace 
WHERE pg_catalog.pg_class.relname = %(table_name)s AND pg_catalog.pg_class.relkind = ANY (ARRAY[%(param_1)s, %(param_2)s, %(param_3)s, %(param_4)s, %(param_5)s]) AND pg_catalog.pg_table_is_visible(pg_catalog.pg_class.oid) AND pg_catalog.pg_namespace.nspname != %(nspname_1)s (base.py:1842)
2025-06-17 11:28:02 [    INFO] [cached since 0.06476s ago] {'table_name': 'rooms', 'param_1': 'r', 'param_2': 'p', 'param_3': 'f', 'param_4': 'v', 'param_5': 'm', 'nspname_1': 'pg_catalog'} (base.py:1842)
2025-06-17 11:28:02 [   DEBUG] Query eseguita in 0.00 secondi: SELECT pg_catalog.pg_class.relname 
FROM pg_catalog.pg_class JOIN pg_catalog.pg_namespace ON pg_catalog.pg_namespace.oid = pg_catalog.pg_class.relnamespace 
WHERE pg_catalog.pg_class.relname = %(table_name)s AND pg_catalog.pg_class.relkind = ANY (ARRAY[%(param_1)s, %(param_2)s, %(param_3)s, %(param_4)s, %(param_5)s]) AND pg_catalog.pg_table_is_visible(pg_catalog.pg_class.oid) AND pg_catalog.pg_namespace.nspname != %(nspname_1)s (session.py:30)
2025-06-17 11:28:02 [    INFO] SELECT pg_catalog.pg_class.relname 
FROM pg_catalog.pg_class JOIN pg_catalog.pg_namespace ON pg_catalog.pg_namespace.oid = pg_catalog.pg_class.relnamespace 
WHERE pg_catalog.pg_class.relname = %(table_name)s AND pg_catalog.pg_class.relkind = ANY (ARRAY[%(param_1)s, %(param_2)s, %(param_3)s, %(param_4)s, %(param_5)s]) AND pg_catalog.pg_table_is_visible(pg_catalog.pg_class.oid) AND pg_catalog.pg_namespace.nspname != %(nspname_1)s (base.py:1842)
2025-06-17 11:28:02 [    INFO] [cached since 0.07097s ago] {'table_name': 'bookings', 'param_1': 'r', 'param_2': 'p', 'param_3': 'f', 'param_4': 'v', 'param_5': 'm', 'nspname_1': 'pg_catalog'} (base.py:1842)
2025-06-17 11:28:02 [   DEBUG] Query eseguita in 0.01 secondi: SELECT pg_catalog.pg_class.relname 
FROM pg_catalog.pg_class JOIN pg_catalog.pg_namespace ON pg_catalog.pg_namespace.oid = pg_catalog.pg_class.relnamespace 
WHERE pg_catalog.pg_class.relname = %(table_name)s AND pg_catalog.pg_class.relkind = ANY (ARRAY[%(param_1)s, %(param_2)s, %(param_3)s, %(param_4)s, %(param_5)s]) AND pg_catalog.pg_table_is_visible(pg_catalog.pg_class.oid) AND pg_catalog.pg_namespace.nspname != %(nspname_1)s (session.py:30)
2025-06-17 11:28:02 [    INFO] SELECT pg_catalog.pg_class.relname 
FROM pg_catalog.pg_class JOIN pg_catalog.pg_namespace ON pg_catalog.pg_namespace.oid = pg_catalog.pg_class.relnamespace 
WHERE pg_catalog.pg_class.relname = %(table_name)s AND pg_catalog.pg_class.relkind = ANY (ARRAY[%(param_1)s, %(param_2)s, %(param_3)s, %(param_4)s, %(param_5)s]) AND pg_catalog.pg_table_is_visible(pg_catalog.pg_class.oid) AND pg_catalog.pg_namespace.nspname != %(nspname_1)s (base.py:1842)
2025-06-17 11:28:02 [    INFO] [cached since 0.08133s ago] {'table_name': 'maintenance_records', 'param_1': 'r', 'param_2': 'p', 'param_3': 'f', 'param_4': 'v', 'param_5': 'm', 'nspname_1': 'pg_catalog'} (base.py:1842)
2025-06-17 11:28:02 [   DEBUG] Query eseguita in 0.00 secondi: SELECT pg_catalog.pg_class.relname 
FROM pg_catalog.pg_class JOIN pg_catalog.pg_namespace ON pg_catalog.pg_namespace.oid = pg_catalog.pg_class.relnamespace 
WHERE pg_catalog.pg_class.relname = %(table_name)s AND pg_catalog.pg_class.relkind = ANY (ARRAY[%(param_1)s, %(param_2)s, %(param_3)s, %(param_4)s, %(param_5)s]) AND pg_catalog.pg_table_is_visible(pg_catalog.pg_class.oid) AND pg_catalog.pg_namespace.nspname != %(nspname_1)s (session.py:30)
2025-06-17 11:28:02 [    INFO] SELECT pg_catalog.pg_type.typname 
FROM pg_catalog.pg_type JOIN pg_catalog.pg_namespace ON pg_catalog.pg_namespace.oid = pg_catalog.pg_type.typnamespace 
WHERE pg_catalog.pg_type.typname = %(typname_1)s AND pg_catalog.pg_type_is_visible(pg_catalog.pg_type.oid) AND pg_catalog.pg_namespace.nspname != %(nspname_1)s (base.py:1842)
2025-06-17 11:28:02 [    INFO] [generated in 0.00490s] {'typname_1': 'maintenancetype', 'nspname_1': 'pg_catalog'} (base.py:1842)
2025-06-17 11:28:02 [   DEBUG] Query eseguita in 0.01 secondi: SELECT pg_catalog.pg_type.typname 
FROM pg_catalog.pg_type JOIN pg_catalog.pg_namespace ON pg_catalog.pg_namespace.oid = pg_catalog.pg_type.typnamespace 
WHERE pg_catalog.pg_type.typname = %(typname_1)s AND pg_catalog.pg_type_is_visible(pg_catalog.pg_type.oid) AND pg_catalog.pg_namespace.nspname != %(nspname_1)s (session.py:30)
2025-06-17 11:28:02 [    INFO] CREATE TYPE maintenancetype AS ENUM ('ROUTINE', 'PREVENTIVE', 'CORRECTIVE', 'EMERGENCY', 'INSPECTION') (base.py:1842)
2025-06-17 11:28:02 [    INFO] [no key 0.00174s] {} (base.py:1842)
2025-06-17 11:28:02 [   DEBUG] Query eseguita in 0.01 secondi: CREATE TYPE maintenancetype AS ENUM ('ROUTINE', 'PREVENTIVE', 'CORRECTIVE', 'EMERGENCY', 'INSPECTION') (session.py:30)
2025-06-17 11:28:02 [    INFO] SELECT pg_catalog.pg_type.typname 
FROM pg_catalog.pg_type JOIN pg_catalog.pg_namespace ON pg_catalog.pg_namespace.oid = pg_catalog.pg_type.typnamespace 
WHERE pg_catalog.pg_type.typname = %(typname_1)s AND pg_catalog.pg_type_is_visible(pg_catalog.pg_type.oid) AND pg_catalog.pg_namespace.nspname != %(nspname_1)s (base.py:1842)
2025-06-17 11:28:02 [    INFO] [cached since 0.02478s ago] {'typname_1': 'maintenancestatus', 'nspname_1': 'pg_catalog'} (base.py:1842)
2025-06-17 11:28:02 [   DEBUG] Query eseguita in 0.01 secondi: SELECT pg_catalog.pg_type.typname 
FROM pg_catalog.pg_type JOIN pg_catalog.pg_namespace ON pg_catalog.pg_namespace.oid = pg_catalog.pg_type.typnamespace 
WHERE pg_catalog.pg_type.typname = %(typname_1)s AND pg_catalog.pg_type_is_visible(pg_catalog.pg_type.oid) AND pg_catalog.pg_namespace.nspname != %(nspname_1)s (session.py:30)
2025-06-17 11:28:02 [    INFO] CREATE TYPE maintenancestatus AS ENUM ('PENDING', 'COMPLETED', 'FAILED') (base.py:1842)
2025-06-17 11:28:02 [    INFO] [no key 0.00392s] {} (base.py:1842)
2025-06-17 11:28:02 [   DEBUG] Query eseguita in 0.01 secondi: CREATE TYPE maintenancestatus AS ENUM ('PENDING', 'COMPLETED', 'FAILED') (session.py:30)
2025-06-17 11:28:02 [    INFO] 
CREATE TABLE "user" (
	id SERIAL NOT NULL, 
	email VARCHAR NOT NULL, 
	username VARCHAR NOT NULL, 
	hashed_password VARCHAR NOT NULL, 
	is_active BOOLEAN NOT NULL, 
	is_superuser BOOLEAN NOT NULL, 
	is_verified BOOLEAN NOT NULL, 
	created_at TIMESTAMP WITHOUT TIME ZONE NOT NULL, 
	updated_at TIMESTAMP WITHOUT TIME ZONE NOT NULL, 
	last_login TIMESTAMP WITH TIME ZONE, 
	full_name VARCHAR(255), 
	phone_number VARCHAR(20), 
	PRIMARY KEY (id)
)

 (base.py:1842)
2025-06-17 11:28:02 [    INFO] [no key 0.00236s] {} (base.py:1842)
2025-06-17 11:28:02 [   DEBUG] Query eseguita in 0.04 secondi: 
CREATE TABLE "user" (
	id SERIAL NOT NULL, 
	email VARCHAR NOT NULL, 
	username VARCHAR NOT NULL, 
	hashed_password VARCHAR NOT NULL, 
	is_active BOOLEAN NOT NULL, 
	is_superuser BOOLEAN NOT NULL, 
	is_verified BOOLEAN NOT NULL, 
	created_at TIMESTAMP WITHOUT TIME ZONE NOT NULL, 
	updated_at TIMESTAMP WITHOUT TIME ZONE NOT NULL, 
	last_login TIMESTAMP WITH TIME ZONE, 
	full_name VARCHAR(255), 
	phone_number VARCHAR(20), 
	PRIMARY KEY (id)
)

 (session.py:30)
2025-06-17 11:28:02 [    INFO] CREATE UNIQUE INDEX ix_user_email ON "user" (email) (base.py:1842)
2025-06-17 11:28:02 [    INFO] [no key 0.00086s] {} (base.py:1842)
2025-06-17 11:28:02 [   DEBUG] Query eseguita in 0.02 secondi: CREATE UNIQUE INDEX ix_user_email ON "user" (email) (session.py:30)
2025-06-17 11:28:02 [    INFO] CREATE UNIQUE INDEX ix_user_username ON "user" (username) (base.py:1842)
2025-06-17 11:28:02 [    INFO] [no key 0.00085s] {} (base.py:1842)
2025-06-17 11:28:02 [   DEBUG] Query eseguita in 0.01 secondi: CREATE UNIQUE INDEX ix_user_username ON "user" (username) (session.py:30)
2025-06-17 11:28:02 [    INFO] 
CREATE TABLE houses (
	id SERIAL NOT NULL, 
	name VARCHAR NOT NULL, 
	address VARCHAR NOT NULL, 
	owner_id INTEGER NOT NULL, 
	created_at TIMESTAMP WITHOUT TIME ZONE NOT NULL, 
	updated_at TIMESTAMP WITHOUT TIME ZONE NOT NULL, 
	PRIMARY KEY (id), 
	FOREIGN KEY(owner_id) REFERENCES "user" (id)
)

 (base.py:1842)
2025-06-17 11:28:02 [    INFO] [no key 0.00086s] {} (base.py:1842)
2025-06-17 11:28:02 [   DEBUG] Query eseguita in 0.03 secondi: 
CREATE TABLE houses (
	id SERIAL NOT NULL, 
	name VARCHAR NOT NULL, 
	address VARCHAR NOT NULL, 
	owner_id INTEGER NOT NULL, 
	created_at TIMESTAMP WITHOUT TIME ZONE NOT NULL, 
	updated_at TIMESTAMP WITHOUT TIME ZONE NOT NULL, 
	PRIMARY KEY (id), 
	FOREIGN KEY(owner_id) REFERENCES "user" (id)
)

 (session.py:30)
2025-06-17 11:28:02 [    INFO] CREATE INDEX ix_houses_name ON houses (name) (base.py:1842)
2025-06-17 11:28:02 [    INFO] [no key 0.00076s] {} (base.py:1842)
2025-06-17 11:28:02 [   DEBUG] Query eseguita in 0.01 secondi: CREATE INDEX ix_houses_name ON houses (name) (session.py:30)
2025-06-17 11:28:02 [    INFO] 
CREATE TABLE rooms (
	id SERIAL NOT NULL, 
	name VARCHAR NOT NULL, 
	description VARCHAR, 
	floor INTEGER NOT NULL, 
	area FLOAT NOT NULL, 
	house_id INTEGER NOT NULL, 
	created_at TIMESTAMP WITHOUT TIME ZONE NOT NULL, 
	updated_at TIMESTAMP WITHOUT TIME ZONE NOT NULL, 
	PRIMARY KEY (id), 
	FOREIGN KEY(house_id) REFERENCES houses (id)
)

 (base.py:1842)
2025-06-17 11:28:02 [    INFO] [no key 0.00200s] {} (base.py:1842)
2025-06-17 11:28:02 [   DEBUG] Query eseguita in 0.03 secondi: 
CREATE TABLE rooms (
	id SERIAL NOT NULL, 
	name VARCHAR NOT NULL, 
	description VARCHAR, 
	floor INTEGER NOT NULL, 
	area FLOAT NOT NULL, 
	house_id INTEGER NOT NULL, 
	created_at TIMESTAMP WITHOUT TIME ZONE NOT NULL, 
	updated_at TIMESTAMP WITHOUT TIME ZONE NOT NULL, 
	PRIMARY KEY (id), 
	FOREIGN KEY(house_id) REFERENCES houses (id)
)

 (session.py:30)
2025-06-17 11:28:02 [    INFO] CREATE INDEX ix_rooms_name ON rooms (name) (base.py:1842)
2025-06-17 11:28:02 [    INFO] [no key 0.00074s] {} (base.py:1842)
2025-06-17 11:28:02 [   DEBUG] Query eseguita in 0.01 secondi: CREATE INDEX ix_rooms_name ON rooms (name) (session.py:30)
2025-06-17 11:28:02 [    INFO] 
CREATE TABLE nodes (
	id SERIAL NOT NULL, 
	name VARCHAR NOT NULL, 
	description VARCHAR, 
	nfc_id VARCHAR NOT NULL, 
	house_id INTEGER NOT NULL, 
	room_id INTEGER, 
	PRIMARY KEY (id), 
	FOREIGN KEY(house_id) REFERENCES houses (id), 
	FOREIGN KEY(room_id) REFERENCES rooms (id)
)

 (base.py:1842)
2025-06-17 11:28:02 [    INFO] [no key 0.00073s] {} (base.py:1842)
2025-06-17 11:28:02 [   DEBUG] Query eseguita in 0.03 secondi: 
CREATE TABLE nodes (
	id SERIAL NOT NULL, 
	name VARCHAR NOT NULL, 
	description VARCHAR, 
	nfc_id VARCHAR NOT NULL, 
	house_id INTEGER NOT NULL, 
	room_id INTEGER, 
	PRIMARY KEY (id), 
	FOREIGN KEY(house_id) REFERENCES houses (id), 
	FOREIGN KEY(room_id) REFERENCES rooms (id)
)

 (session.py:30)
2025-06-17 11:28:02 [    INFO] CREATE UNIQUE INDEX ix_nodes_nfc_id ON nodes (nfc_id) (base.py:1842)
2025-06-17 11:28:02 [    INFO] [no key 0.00082s] {} (base.py:1842)
2025-06-17 11:28:02 [   DEBUG] Query eseguita in 0.01 secondi: CREATE UNIQUE INDEX ix_nodes_nfc_id ON nodes (nfc_id) (session.py:30)
2025-06-17 11:28:02 [    INFO] 
CREATE TABLE bookings (
	id SERIAL NOT NULL, 
	room_id INTEGER NOT NULL, 
	user_id INTEGER NOT NULL, 
	start_time TIMESTAMP WITHOUT TIME ZONE NOT NULL, 
	end_time TIMESTAMP WITHOUT TIME ZONE NOT NULL, 
	status VARCHAR NOT NULL, 
	notes VARCHAR, 
	created_at TIMESTAMP WITHOUT TIME ZONE NOT NULL, 
	updated_at TIMESTAMP WITHOUT TIME ZONE NOT NULL, 
	PRIMARY KEY (id), 
	FOREIGN KEY(room_id) REFERENCES rooms (id), 
	FOREIGN KEY(user_id) REFERENCES "user" (id)
)

 (base.py:1842)
2025-06-17 11:28:02 [    INFO] [no key 0.00311s] {} (base.py:1842)
2025-06-17 11:28:02 [   DEBUG] Query eseguita in 0.03 secondi: 
CREATE TABLE bookings (
	id SERIAL NOT NULL, 
	room_id INTEGER NOT NULL, 
	user_id INTEGER NOT NULL, 
	start_time TIMESTAMP WITHOUT TIME ZONE NOT NULL, 
	end_time TIMESTAMP WITHOUT TIME ZONE NOT NULL, 
	status VARCHAR NOT NULL, 
	notes VARCHAR, 
	created_at TIMESTAMP WITHOUT TIME ZONE NOT NULL, 
	updated_at TIMESTAMP WITHOUT TIME ZONE NOT NULL, 
	PRIMARY KEY (id), 
	FOREIGN KEY(room_id) REFERENCES rooms (id), 
	FOREIGN KEY(user_id) REFERENCES "user" (id)
)

 (session.py:30)
2025-06-17 11:28:02 [    INFO] 
CREATE TABLE documents (
	id SERIAL NOT NULL, 
	created_at TIMESTAMP WITHOUT TIME ZONE NOT NULL, 
	updated_at TIMESTAMP WITHOUT TIME ZONE NOT NULL, 
	owner_id INTEGER NOT NULL, 
	name VARCHAR NOT NULL, 
	type VARCHAR NOT NULL, 
	size INTEGER NOT NULL, 
	upload_date TIMESTAMP WITHOUT TIME ZONE NOT NULL, 
	path VARCHAR NOT NULL, 
	checksum VARCHAR NOT NULL, 
	house_id INTEGER, 
	node_id INTEGER, 
	description VARCHAR, 
	PRIMARY KEY (id), 
	FOREIGN KEY(owner_id) REFERENCES "user" (id), 
	FOREIGN KEY(house_id) REFERENCES houses (id), 
	FOREIGN KEY(node_id) REFERENCES nodes (id)
)

 (base.py:1842)
2025-06-17 11:28:02 [    INFO] [no key 0.00087s] {} (base.py:1842)
2025-06-17 11:28:03 [   DEBUG] Query eseguita in 0.03 secondi: 
CREATE TABLE documents (
	id SERIAL NOT NULL, 
	created_at TIMESTAMP WITHOUT TIME ZONE NOT NULL, 
	updated_at TIMESTAMP WITHOUT TIME ZONE NOT NULL, 
	owner_id INTEGER NOT NULL, 
	name VARCHAR NOT NULL, 
	type VARCHAR NOT NULL, 
	size INTEGER NOT NULL, 
	upload_date TIMESTAMP WITHOUT TIME ZONE NOT NULL, 
	path VARCHAR NOT NULL, 
	checksum VARCHAR NOT NULL, 
	house_id INTEGER, 
	node_id INTEGER, 
	description VARCHAR, 
	PRIMARY KEY (id), 
	FOREIGN KEY(owner_id) REFERENCES "user" (id), 
	FOREIGN KEY(house_id) REFERENCES houses (id), 
	FOREIGN KEY(node_id) REFERENCES nodes (id)
)

 (session.py:30)
2025-06-17 11:28:03 [    INFO] CREATE INDEX ix_documents_owner_id ON documents (owner_id) (base.py:1842)
2025-06-17 11:28:03 [    INFO] [no key 0.00060s] {} (base.py:1842)
2025-06-17 11:28:03 [   DEBUG] Query eseguita in 0.01 secondi: CREATE INDEX ix_documents_owner_id ON documents (owner_id) (session.py:30)
2025-06-17 11:28:03 [    INFO] 
CREATE TABLE document_versions (
	id SERIAL NOT NULL, 
	version_number INTEGER NOT NULL, 
	file_path VARCHAR NOT NULL, 
	file_size INTEGER NOT NULL, 
	checksum VARCHAR NOT NULL, 
	created_at TIMESTAMP WITHOUT TIME ZONE NOT NULL, 
	updated_at TIMESTAMP WITHOUT TIME ZONE NOT NULL, 
	document_id INTEGER NOT NULL, 
	created_by_id INTEGER, 
	PRIMARY KEY (id), 
	FOREIGN KEY(document_id) REFERENCES documents (id), 
	FOREIGN KEY(created_by_id) REFERENCES "user" (id)
)

 (base.py:1842)
2025-06-17 11:28:03 [    INFO] [no key 0.00090s] {} (base.py:1842)
2025-06-17 11:28:03 [   DEBUG] Query eseguita in 0.03 secondi: 
CREATE TABLE document_versions (
	id SERIAL NOT NULL, 
	version_number INTEGER NOT NULL, 
	file_path VARCHAR NOT NULL, 
	file_size INTEGER NOT NULL, 
	checksum VARCHAR NOT NULL, 
	created_at TIMESTAMP WITHOUT TIME ZONE NOT NULL, 
	updated_at TIMESTAMP WITHOUT TIME ZONE NOT NULL, 
	document_id INTEGER NOT NULL, 
	created_by_id INTEGER, 
	PRIMARY KEY (id), 
	FOREIGN KEY(document_id) REFERENCES documents (id), 
	FOREIGN KEY(created_by_id) REFERENCES "user" (id)
)

 (session.py:30)
2025-06-17 11:28:03 [    INFO] CREATE INDEX ix_document_versions_version_number ON document_versions (version_number) (base.py:1842)
2025-06-17 11:28:03 [    INFO] [no key 0.00067s] {} (base.py:1842)
2025-06-17 11:28:03 [   DEBUG] Query eseguita in 0.01 secondi: CREATE INDEX ix_document_versions_version_number ON document_versions (version_number) (session.py:30)
2025-06-17 11:28:03 [    INFO] CREATE INDEX ix_document_versions_created_by_id ON document_versions (created_by_id) (base.py:1842)
2025-06-17 11:28:03 [    INFO] [no key 0.00303s] {} (base.py:1842)
2025-06-17 11:28:03 [   DEBUG] Query eseguita in 0.01 secondi: CREATE INDEX ix_document_versions_created_by_id ON document_versions (created_by_id) (session.py:30)
2025-06-17 11:28:03 [    INFO] CREATE INDEX ix_document_versions_document_id ON document_versions (document_id) (base.py:1842)
2025-06-17 11:28:03 [    INFO] [no key 0.00189s] {} (base.py:1842)
2025-06-17 11:28:03 [   DEBUG] Query eseguita in 0.01 secondi: CREATE INDEX ix_document_versions_document_id ON document_versions (document_id) (session.py:30)
2025-06-17 11:28:03 [    INFO] 
CREATE TABLE maintenance_records (
	id SERIAL NOT NULL, 
	node_id INTEGER NOT NULL, 
	timestamp TIMESTAMP WITHOUT TIME ZONE NOT NULL, 
	maintenance_type maintenancetype NOT NULL, 
	description VARCHAR NOT NULL, 
	status maintenancestatus NOT NULL, 
	notes VARCHAR, 
	document_id INTEGER, 
	PRIMARY KEY (id), 
	FOREIGN KEY(node_id) REFERENCES nodes (id), 
	FOREIGN KEY(document_id) REFERENCES documents (id)
)

 (base.py:1842)
2025-06-17 11:28:03 [    INFO] [no key 0.00157s] {} (base.py:1842)
2025-06-17 11:28:03 [   DEBUG] Query eseguita in 0.03 secondi: 
CREATE TABLE maintenance_records (
	id SERIAL NOT NULL, 
	node_id INTEGER NOT NULL, 
	timestamp TIMESTAMP WITHOUT TIME ZONE NOT NULL, 
	maintenance_type maintenancetype NOT NULL, 
	description VARCHAR NOT NULL, 
	status maintenancestatus NOT NULL, 
	notes VARCHAR, 
	document_id INTEGER, 
	PRIMARY KEY (id), 
	FOREIGN KEY(node_id) REFERENCES nodes (id), 
	FOREIGN KEY(document_id) REFERENCES documents (id)
)

 (session.py:30)
2025-06-17 11:28:03 [    INFO] CREATE INDEX ix_maintenance_records_node_id ON maintenance_records (node_id) (base.py:1842)
2025-06-17 11:28:03 [    INFO] [no key 0.00361s] {} (base.py:1842)
2025-06-17 11:28:03 [   DEBUG] Query eseguita in 0.01 secondi: CREATE INDEX ix_maintenance_records_node_id ON maintenance_records (node_id) (session.py:30)
2025-06-17 11:28:03 [    INFO] COMMIT (base.py:2704)
2025-06-17 11:28:03 [   DEBUG] Test database tables created successfully (test_users.py:52)
2025-06-17 11:28:03 [   DEBUG] Test database session created successfully (test_users.py:55)
2025-06-17 11:28:03 [   DEBUG] Overriding get_session for tests... (conftest.py:269)
2025-06-17 11:28:03 [   DEBUG] Setting up FakeRedis for tests... (conftest_redis.py:18)
2025-06-17 11:28:03 [   DEBUG] Connessione Redis stabilita con successo (redis.py:24)
-------------------------------- live log call --------------------------------
2025-06-17 11:28:03 [   DEBUG] Using proactor: IocpProactor (proactor_events.py:631)
2025-06-17 11:28:03 [    INFO] HTTP Request: POST http://testserver/api/v1/auth/register "HTTP/1.1 422 Unprocessable Entity" (_client.py:1025)
PASSED                                                                   [ 35%]
------------------------------ live log teardown ------------------------------
2025-06-17 11:28:03 [   DEBUG] Restored original Redis client (conftest_redis.py:29)
2025-06-17 11:28:03 [   DEBUG] get_session override cleared (conftest.py:275)
2025-06-17 11:28:03 [   DEBUG] Cleaning up test database session... (test_users.py:57)
2025-06-17 11:28:03 [    INFO] BEGIN (implicit) (base.py:2698)
2025-06-17 11:28:03 [    INFO] DROP SCHEMA public CASCADE (base.py:1842)
2025-06-17 11:28:03 [    INFO] [generated in 0.00733s] {} (base.py:1842)
2025-06-17 11:28:03 [   DEBUG] Query eseguita in 0.10 secondi: DROP SCHEMA public CASCADE (session.py:30)
2025-06-17 11:28:03 [    INFO] CREATE SCHEMA public (base.py:1842)
2025-06-17 11:28:03 [    INFO] [generated in 0.00228s] {} (base.py:1842)
2025-06-17 11:28:03 [   DEBUG] Query eseguita in 0.01 secondi: CREATE SCHEMA public (session.py:30)
2025-06-17 11:28:03 [    INFO] COMMIT (base.py:2704)
2025-06-17 11:28:03 [   DEBUG] Test database cleanup completed (test_users.py:63)
2025-06-17 11:28:03 [   DEBUG] Session fixture completed in 1.84 seconds (test_users.py:68)

tests/api/test_users.py::test_create_user_invalid_email[user..name@domain.com] 
------------------------------- live log setup --------------------------------
2025-06-17 11:28:03 [   DEBUG] Setting up test database session... (test_users.py:38)
2025-06-17 11:28:04 [    INFO] select pg_catalog.version() (base.py:1842)
2025-06-17 11:28:04 [    INFO] [raw sql] {} (base.py:1842)
2025-06-17 11:28:04 [    INFO] select current_schema() (base.py:1842)
2025-06-17 11:28:04 [    INFO] [raw sql] {} (base.py:1842)
2025-06-17 11:28:04 [    INFO] show standard_conforming_strings (base.py:1842)
2025-06-17 11:28:04 [    INFO] [raw sql] {} (base.py:1842)
2025-06-17 11:28:04 [    INFO] BEGIN (implicit) (base.py:2698)
2025-06-17 11:28:04 [    INFO] SELECT pg_catalog.pg_class.relname 
FROM pg_catalog.pg_class JOIN pg_catalog.pg_namespace ON pg_catalog.pg_namespace.oid = pg_catalog.pg_class.relnamespace 
WHERE pg_catalog.pg_class.relname = %(table_name)s AND pg_catalog.pg_class.relkind = ANY (ARRAY[%(param_1)s, %(param_2)s, %(param_3)s, %(param_4)s, %(param_5)s]) AND pg_catalog.pg_table_is_visible(pg_catalog.pg_class.oid) AND pg_catalog.pg_namespace.nspname != %(nspname_1)s (base.py:1842)
2025-06-17 11:28:04 [    INFO] [generated in 0.00120s] {'table_name': 'user', 'param_1': 'r', 'param_2': 'p', 'param_3': 'f', 'param_4': 'v', 'param_5': 'm', 'nspname_1': 'pg_catalog'} (base.py:1842)
2025-06-17 11:28:04 [   DEBUG] Query eseguita in 0.02 secondi: SELECT pg_catalog.pg_class.relname 
FROM pg_catalog.pg_class JOIN pg_catalog.pg_namespace ON pg_catalog.pg_namespace.oid = pg_catalog.pg_class.relnamespace 
WHERE pg_catalog.pg_class.relname = %(table_name)s AND pg_catalog.pg_class.relkind = ANY (ARRAY[%(param_1)s, %(param_2)s, %(param_3)s, %(param_4)s, %(param_5)s]) AND pg_catalog.pg_table_is_visible(pg_catalog.pg_class.oid) AND pg_catalog.pg_namespace.nspname != %(nspname_1)s (session.py:30)
2025-06-17 11:28:04 [    INFO] SELECT pg_catalog.pg_class.relname 
FROM pg_catalog.pg_class JOIN pg_catalog.pg_namespace ON pg_catalog.pg_namespace.oid = pg_catalog.pg_class.relnamespace 
WHERE pg_catalog.pg_class.relname = %(table_name)s AND pg_catalog.pg_class.relkind = ANY (ARRAY[%(param_1)s, %(param_2)s, %(param_3)s, %(param_4)s, %(param_5)s]) AND pg_catalog.pg_table_is_visible(pg_catalog.pg_class.oid) AND pg_catalog.pg_namespace.nspname != %(nspname_1)s (base.py:1842)
2025-06-17 11:28:04 [    INFO] [cached since 0.02338s ago] {'table_name': 'documents', 'param_1': 'r', 'param_2': 'p', 'param_3': 'f', 'param_4': 'v', 'param_5': 'm', 'nspname_1': 'pg_catalog'} (base.py:1842)
2025-06-17 11:28:04 [   DEBUG] Query eseguita in 0.01 secondi: SELECT pg_catalog.pg_class.relname 
FROM pg_catalog.pg_class JOIN pg_catalog.pg_namespace ON pg_catalog.pg_namespace.oid = pg_catalog.pg_class.relnamespace 
WHERE pg_catalog.pg_class.relname = %(table_name)s AND pg_catalog.pg_class.relkind = ANY (ARRAY[%(param_1)s, %(param_2)s, %(param_3)s, %(param_4)s, %(param_5)s]) AND pg_catalog.pg_table_is_visible(pg_catalog.pg_class.oid) AND pg_catalog.pg_namespace.nspname != %(nspname_1)s (session.py:30)
2025-06-17 11:28:04 [    INFO] SELECT pg_catalog.pg_class.relname 
FROM pg_catalog.pg_class JOIN pg_catalog.pg_namespace ON pg_catalog.pg_namespace.oid = pg_catalog.pg_class.relnamespace 
WHERE pg_catalog.pg_class.relname = %(table_name)s AND pg_catalog.pg_class.relkind = ANY (ARRAY[%(param_1)s, %(param_2)s, %(param_3)s, %(param_4)s, %(param_5)s]) AND pg_catalog.pg_table_is_visible(pg_catalog.pg_class.oid) AND pg_catalog.pg_namespace.nspname != %(nspname_1)s (base.py:1842)
2025-06-17 11:28:04 [    INFO] [cached since 0.03378s ago] {'table_name': 'document_versions', 'param_1': 'r', 'param_2': 'p', 'param_3': 'f', 'param_4': 'v', 'param_5': 'm', 'nspname_1': 'pg_catalog'} (base.py:1842)
2025-06-17 11:28:04 [   DEBUG] Query eseguita in 0.00 secondi: SELECT pg_catalog.pg_class.relname 
FROM pg_catalog.pg_class JOIN pg_catalog.pg_namespace ON pg_catalog.pg_namespace.oid = pg_catalog.pg_class.relnamespace 
WHERE pg_catalog.pg_class.relname = %(table_name)s AND pg_catalog.pg_class.relkind = ANY (ARRAY[%(param_1)s, %(param_2)s, %(param_3)s, %(param_4)s, %(param_5)s]) AND pg_catalog.pg_table_is_visible(pg_catalog.pg_class.oid) AND pg_catalog.pg_namespace.nspname != %(nspname_1)s (session.py:30)
2025-06-17 11:28:04 [    INFO] SELECT pg_catalog.pg_class.relname 
FROM pg_catalog.pg_class JOIN pg_catalog.pg_namespace ON pg_catalog.pg_namespace.oid = pg_catalog.pg_class.relnamespace 
WHERE pg_catalog.pg_class.relname = %(table_name)s AND pg_catalog.pg_class.relkind = ANY (ARRAY[%(param_1)s, %(param_2)s, %(param_3)s, %(param_4)s, %(param_5)s]) AND pg_catalog.pg_table_is_visible(pg_catalog.pg_class.oid) AND pg_catalog.pg_namespace.nspname != %(nspname_1)s (base.py:1842)
2025-06-17 11:28:04 [    INFO] [cached since 0.0427s ago] {'table_name': 'houses', 'param_1': 'r', 'param_2': 'p', 'param_3': 'f', 'param_4': 'v', 'param_5': 'm', 'nspname_1': 'pg_catalog'} (base.py:1842)
2025-06-17 11:28:04 [   DEBUG] Query eseguita in 0.01 secondi: SELECT pg_catalog.pg_class.relname 
FROM pg_catalog.pg_class JOIN pg_catalog.pg_namespace ON pg_catalog.pg_namespace.oid = pg_catalog.pg_class.relnamespace 
WHERE pg_catalog.pg_class.relname = %(table_name)s AND pg_catalog.pg_class.relkind = ANY (ARRAY[%(param_1)s, %(param_2)s, %(param_3)s, %(param_4)s, %(param_5)s]) AND pg_catalog.pg_table_is_visible(pg_catalog.pg_class.oid) AND pg_catalog.pg_namespace.nspname != %(nspname_1)s (session.py:30)
2025-06-17 11:28:04 [    INFO] SELECT pg_catalog.pg_class.relname 
FROM pg_catalog.pg_class JOIN pg_catalog.pg_namespace ON pg_catalog.pg_namespace.oid = pg_catalog.pg_class.relnamespace 
WHERE pg_catalog.pg_class.relname = %(table_name)s AND pg_catalog.pg_class.relkind = ANY (ARRAY[%(param_1)s, %(param_2)s, %(param_3)s, %(param_4)s, %(param_5)s]) AND pg_catalog.pg_table_is_visible(pg_catalog.pg_class.oid) AND pg_catalog.pg_namespace.nspname != %(nspname_1)s (base.py:1842)
2025-06-17 11:28:04 [    INFO] [cached since 0.05174s ago] {'table_name': 'nodes', 'param_1': 'r', 'param_2': 'p', 'param_3': 'f', 'param_4': 'v', 'param_5': 'm', 'nspname_1': 'pg_catalog'} (base.py:1842)
2025-06-17 11:28:04 [   DEBUG] Query eseguita in 0.01 secondi: SELECT pg_catalog.pg_class.relname 
FROM pg_catalog.pg_class JOIN pg_catalog.pg_namespace ON pg_catalog.pg_namespace.oid = pg_catalog.pg_class.relnamespace 
WHERE pg_catalog.pg_class.relname = %(table_name)s AND pg_catalog.pg_class.relkind = ANY (ARRAY[%(param_1)s, %(param_2)s, %(param_3)s, %(param_4)s, %(param_5)s]) AND pg_catalog.pg_table_is_visible(pg_catalog.pg_class.oid) AND pg_catalog.pg_namespace.nspname != %(nspname_1)s (session.py:30)
2025-06-17 11:28:04 [    INFO] SELECT pg_catalog.pg_class.relname 
FROM pg_catalog.pg_class JOIN pg_catalog.pg_namespace ON pg_catalog.pg_namespace.oid = pg_catalog.pg_class.relnamespace 
WHERE pg_catalog.pg_class.relname = %(table_name)s AND pg_catalog.pg_class.relkind = ANY (ARRAY[%(param_1)s, %(param_2)s, %(param_3)s, %(param_4)s, %(param_5)s]) AND pg_catalog.pg_table_is_visible(pg_catalog.pg_class.oid) AND pg_catalog.pg_namespace.nspname != %(nspname_1)s (base.py:1842)
2025-06-17 11:28:04 [    INFO] [cached since 0.06375s ago] {'table_name': 'rooms', 'param_1': 'r', 'param_2': 'p', 'param_3': 'f', 'param_4': 'v', 'param_5': 'm', 'nspname_1': 'pg_catalog'} (base.py:1842)
2025-06-17 11:28:04 [   DEBUG] Query eseguita in 0.01 secondi: SELECT pg_catalog.pg_class.relname 
FROM pg_catalog.pg_class JOIN pg_catalog.pg_namespace ON pg_catalog.pg_namespace.oid = pg_catalog.pg_class.relnamespace 
WHERE pg_catalog.pg_class.relname = %(table_name)s AND pg_catalog.pg_class.relkind = ANY (ARRAY[%(param_1)s, %(param_2)s, %(param_3)s, %(param_4)s, %(param_5)s]) AND pg_catalog.pg_table_is_visible(pg_catalog.pg_class.oid) AND pg_catalog.pg_namespace.nspname != %(nspname_1)s (session.py:30)
2025-06-17 11:28:04 [    INFO] SELECT pg_catalog.pg_class.relname 
FROM pg_catalog.pg_class JOIN pg_catalog.pg_namespace ON pg_catalog.pg_namespace.oid = pg_catalog.pg_class.relnamespace 
WHERE pg_catalog.pg_class.relname = %(table_name)s AND pg_catalog.pg_class.relkind = ANY (ARRAY[%(param_1)s, %(param_2)s, %(param_3)s, %(param_4)s, %(param_5)s]) AND pg_catalog.pg_table_is_visible(pg_catalog.pg_class.oid) AND pg_catalog.pg_namespace.nspname != %(nspname_1)s (base.py:1842)
2025-06-17 11:28:04 [    INFO] [cached since 0.07172s ago] {'table_name': 'bookings', 'param_1': 'r', 'param_2': 'p', 'param_3': 'f', 'param_4': 'v', 'param_5': 'm', 'nspname_1': 'pg_catalog'} (base.py:1842)
2025-06-17 11:28:04 [   DEBUG] Query eseguita in 0.01 secondi: SELECT pg_catalog.pg_class.relname 
FROM pg_catalog.pg_class JOIN pg_catalog.pg_namespace ON pg_catalog.pg_namespace.oid = pg_catalog.pg_class.relnamespace 
WHERE pg_catalog.pg_class.relname = %(table_name)s AND pg_catalog.pg_class.relkind = ANY (ARRAY[%(param_1)s, %(param_2)s, %(param_3)s, %(param_4)s, %(param_5)s]) AND pg_catalog.pg_table_is_visible(pg_catalog.pg_class.oid) AND pg_catalog.pg_namespace.nspname != %(nspname_1)s (session.py:30)
2025-06-17 11:28:04 [    INFO] SELECT pg_catalog.pg_class.relname 
FROM pg_catalog.pg_class JOIN pg_catalog.pg_namespace ON pg_catalog.pg_namespace.oid = pg_catalog.pg_class.relnamespace 
WHERE pg_catalog.pg_class.relname = %(table_name)s AND pg_catalog.pg_class.relkind = ANY (ARRAY[%(param_1)s, %(param_2)s, %(param_3)s, %(param_4)s, %(param_5)s]) AND pg_catalog.pg_table_is_visible(pg_catalog.pg_class.oid) AND pg_catalog.pg_namespace.nspname != %(nspname_1)s (base.py:1842)
2025-06-17 11:28:04 [    INFO] [cached since 0.0831s ago] {'table_name': 'maintenance_records', 'param_1': 'r', 'param_2': 'p', 'param_3': 'f', 'param_4': 'v', 'param_5': 'm', 'nspname_1': 'pg_catalog'} (base.py:1842)
2025-06-17 11:28:04 [   DEBUG] Query eseguita in 0.00 secondi: SELECT pg_catalog.pg_class.relname 
FROM pg_catalog.pg_class JOIN pg_catalog.pg_namespace ON pg_catalog.pg_namespace.oid = pg_catalog.pg_class.relnamespace 
WHERE pg_catalog.pg_class.relname = %(table_name)s AND pg_catalog.pg_class.relkind = ANY (ARRAY[%(param_1)s, %(param_2)s, %(param_3)s, %(param_4)s, %(param_5)s]) AND pg_catalog.pg_table_is_visible(pg_catalog.pg_class.oid) AND pg_catalog.pg_namespace.nspname != %(nspname_1)s (session.py:30)
2025-06-17 11:28:04 [    INFO] SELECT pg_catalog.pg_type.typname 
FROM pg_catalog.pg_type JOIN pg_catalog.pg_namespace ON pg_catalog.pg_namespace.oid = pg_catalog.pg_type.typnamespace 
WHERE pg_catalog.pg_type.typname = %(typname_1)s AND pg_catalog.pg_type_is_visible(pg_catalog.pg_type.oid) AND pg_catalog.pg_namespace.nspname != %(nspname_1)s (base.py:1842)
2025-06-17 11:28:04 [    INFO] [generated in 0.00120s] {'typname_1': 'maintenancetype', 'nspname_1': 'pg_catalog'} (base.py:1842)
2025-06-17 11:28:04 [   DEBUG] Query eseguita in 0.00 secondi: SELECT pg_catalog.pg_type.typname 
FROM pg_catalog.pg_type JOIN pg_catalog.pg_namespace ON pg_catalog.pg_namespace.oid = pg_catalog.pg_type.typnamespace 
WHERE pg_catalog.pg_type.typname = %(typname_1)s AND pg_catalog.pg_type_is_visible(pg_catalog.pg_type.oid) AND pg_catalog.pg_namespace.nspname != %(nspname_1)s (session.py:30)
2025-06-17 11:28:04 [    INFO] CREATE TYPE maintenancetype AS ENUM ('ROUTINE', 'PREVENTIVE', 'CORRECTIVE', 'EMERGENCY', 'INSPECTION') (base.py:1842)
2025-06-17 11:28:04 [    INFO] [no key 0.00139s] {} (base.py:1842)
2025-06-17 11:28:04 [   DEBUG] Query eseguita in 0.01 secondi: CREATE TYPE maintenancetype AS ENUM ('ROUTINE', 'PREVENTIVE', 'CORRECTIVE', 'EMERGENCY', 'INSPECTION') (session.py:30)
2025-06-17 11:28:04 [    INFO] SELECT pg_catalog.pg_type.typname 
FROM pg_catalog.pg_type JOIN pg_catalog.pg_namespace ON pg_catalog.pg_namespace.oid = pg_catalog.pg_type.typnamespace 
WHERE pg_catalog.pg_type.typname = %(typname_1)s AND pg_catalog.pg_type_is_visible(pg_catalog.pg_type.oid) AND pg_catalog.pg_namespace.nspname != %(nspname_1)s (base.py:1842)
2025-06-17 11:28:04 [    INFO] [cached since 0.02515s ago] {'typname_1': 'maintenancestatus', 'nspname_1': 'pg_catalog'} (base.py:1842)
2025-06-17 11:28:04 [   DEBUG] Query eseguita in 0.01 secondi: SELECT pg_catalog.pg_type.typname 
FROM pg_catalog.pg_type JOIN pg_catalog.pg_namespace ON pg_catalog.pg_namespace.oid = pg_catalog.pg_type.typnamespace 
WHERE pg_catalog.pg_type.typname = %(typname_1)s AND pg_catalog.pg_type_is_visible(pg_catalog.pg_type.oid) AND pg_catalog.pg_namespace.nspname != %(nspname_1)s (session.py:30)
2025-06-17 11:28:04 [    INFO] CREATE TYPE maintenancestatus AS ENUM ('PENDING', 'COMPLETED', 'FAILED') (base.py:1842)
2025-06-17 11:28:04 [    INFO] [no key 0.00073s] {} (base.py:1842)
2025-06-17 11:28:04 [   DEBUG] Query eseguita in 0.00 secondi: CREATE TYPE maintenancestatus AS ENUM ('PENDING', 'COMPLETED', 'FAILED') (session.py:30)
2025-06-17 11:28:04 [    INFO] 
CREATE TABLE "user" (
	id SERIAL NOT NULL, 
	email VARCHAR NOT NULL, 
	username VARCHAR NOT NULL, 
	hashed_password VARCHAR NOT NULL, 
	is_active BOOLEAN NOT NULL, 
	is_superuser BOOLEAN NOT NULL, 
	is_verified BOOLEAN NOT NULL, 
	created_at TIMESTAMP WITHOUT TIME ZONE NOT NULL, 
	updated_at TIMESTAMP WITHOUT TIME ZONE NOT NULL, 
	last_login TIMESTAMP WITH TIME ZONE, 
	full_name VARCHAR(255), 
	phone_number VARCHAR(20), 
	PRIMARY KEY (id)
)

 (base.py:1842)
2025-06-17 11:28:04 [    INFO] [no key 0.00102s] {} (base.py:1842)
2025-06-17 11:28:04 [   DEBUG] Query eseguita in 0.04 secondi: 
CREATE TABLE "user" (
	id SERIAL NOT NULL, 
	email VARCHAR NOT NULL, 
	username VARCHAR NOT NULL, 
	hashed_password VARCHAR NOT NULL, 
	is_active BOOLEAN NOT NULL, 
	is_superuser BOOLEAN NOT NULL, 
	is_verified BOOLEAN NOT NULL, 
	created_at TIMESTAMP WITHOUT TIME ZONE NOT NULL, 
	updated_at TIMESTAMP WITHOUT TIME ZONE NOT NULL, 
	last_login TIMESTAMP WITH TIME ZONE, 
	full_name VARCHAR(255), 
	phone_number VARCHAR(20), 
	PRIMARY KEY (id)
)

 (session.py:30)
2025-06-17 11:28:04 [    INFO] CREATE UNIQUE INDEX ix_user_email ON "user" (email) (base.py:1842)
2025-06-17 11:28:04 [    INFO] [no key 0.00134s] {} (base.py:1842)
2025-06-17 11:28:04 [   DEBUG] Query eseguita in 0.01 secondi: CREATE UNIQUE INDEX ix_user_email ON "user" (email) (session.py:30)
2025-06-17 11:28:04 [    INFO] CREATE UNIQUE INDEX ix_user_username ON "user" (username) (base.py:1842)
2025-06-17 11:28:04 [    INFO] [no key 0.00305s] {} (base.py:1842)
2025-06-17 11:28:04 [   DEBUG] Query eseguita in 0.01 secondi: CREATE UNIQUE INDEX ix_user_username ON "user" (username) (session.py:30)
2025-06-17 11:28:04 [    INFO] 
CREATE TABLE houses (
	id SERIAL NOT NULL, 
	name VARCHAR NOT NULL, 
	address VARCHAR NOT NULL, 
	owner_id INTEGER NOT NULL, 
	created_at TIMESTAMP WITHOUT TIME ZONE NOT NULL, 
	updated_at TIMESTAMP WITHOUT TIME ZONE NOT NULL, 
	PRIMARY KEY (id), 
	FOREIGN KEY(owner_id) REFERENCES "user" (id)
)

 (base.py:1842)
2025-06-17 11:28:04 [    INFO] [no key 0.00221s] {} (base.py:1842)
2025-06-17 11:28:04 [   DEBUG] Query eseguita in 0.03 secondi: 
CREATE TABLE houses (
	id SERIAL NOT NULL, 
	name VARCHAR NOT NULL, 
	address VARCHAR NOT NULL, 
	owner_id INTEGER NOT NULL, 
	created_at TIMESTAMP WITHOUT TIME ZONE NOT NULL, 
	updated_at TIMESTAMP WITHOUT TIME ZONE NOT NULL, 
	PRIMARY KEY (id), 
	FOREIGN KEY(owner_id) REFERENCES "user" (id)
)

 (session.py:30)
2025-06-17 11:28:04 [    INFO] CREATE INDEX ix_houses_name ON houses (name) (base.py:1842)
2025-06-17 11:28:04 [    INFO] [no key 0.00184s] {} (base.py:1842)
2025-06-17 11:28:04 [   DEBUG] Query eseguita in 0.01 secondi: CREATE INDEX ix_houses_name ON houses (name) (session.py:30)
2025-06-17 11:28:04 [    INFO] 
CREATE TABLE rooms (
	id SERIAL NOT NULL, 
	name VARCHAR NOT NULL, 
	description VARCHAR, 
	floor INTEGER NOT NULL, 
	area FLOAT NOT NULL, 
	house_id INTEGER NOT NULL, 
	created_at TIMESTAMP WITHOUT TIME ZONE NOT NULL, 
	updated_at TIMESTAMP WITHOUT TIME ZONE NOT NULL, 
	PRIMARY KEY (id), 
	FOREIGN KEY(house_id) REFERENCES houses (id)
)

 (base.py:1842)
2025-06-17 11:28:04 [    INFO] [no key 0.00165s] {} (base.py:1842)
2025-06-17 11:28:04 [   DEBUG] Query eseguita in 0.03 secondi: 
CREATE TABLE rooms (
	id SERIAL NOT NULL, 
	name VARCHAR NOT NULL, 
	description VARCHAR, 
	floor INTEGER NOT NULL, 
	area FLOAT NOT NULL, 
	house_id INTEGER NOT NULL, 
	created_at TIMESTAMP WITHOUT TIME ZONE NOT NULL, 
	updated_at TIMESTAMP WITHOUT TIME ZONE NOT NULL, 
	PRIMARY KEY (id), 
	FOREIGN KEY(house_id) REFERENCES houses (id)
)

 (session.py:30)
2025-06-17 11:28:04 [    INFO] CREATE INDEX ix_rooms_name ON rooms (name) (base.py:1842)
2025-06-17 11:28:04 [    INFO] [no key 0.00189s] {} (base.py:1842)
2025-06-17 11:28:04 [   DEBUG] Query eseguita in 0.01 secondi: CREATE INDEX ix_rooms_name ON rooms (name) (session.py:30)
2025-06-17 11:28:04 [    INFO] 
CREATE TABLE nodes (
	id SERIAL NOT NULL, 
	name VARCHAR NOT NULL, 
	description VARCHAR, 
	nfc_id VARCHAR NOT NULL, 
	house_id INTEGER NOT NULL, 
	room_id INTEGER, 
	PRIMARY KEY (id), 
	FOREIGN KEY(house_id) REFERENCES houses (id), 
	FOREIGN KEY(room_id) REFERENCES rooms (id)
)

 (base.py:1842)
2025-06-17 11:28:04 [    INFO] [no key 0.00142s] {} (base.py:1842)
2025-06-17 11:28:04 [   DEBUG] Query eseguita in 0.03 secondi: 
CREATE TABLE nodes (
	id SERIAL NOT NULL, 
	name VARCHAR NOT NULL, 
	description VARCHAR, 
	nfc_id VARCHAR NOT NULL, 
	house_id INTEGER NOT NULL, 
	room_id INTEGER, 
	PRIMARY KEY (id), 
	FOREIGN KEY(house_id) REFERENCES houses (id), 
	FOREIGN KEY(room_id) REFERENCES rooms (id)
)

 (session.py:30)
2025-06-17 11:28:04 [    INFO] CREATE UNIQUE INDEX ix_nodes_nfc_id ON nodes (nfc_id) (base.py:1842)
2025-06-17 11:28:04 [    INFO] [no key 0.00211s] {} (base.py:1842)
2025-06-17 11:28:04 [   DEBUG] Query eseguita in 0.01 secondi: CREATE UNIQUE INDEX ix_nodes_nfc_id ON nodes (nfc_id) (session.py:30)
2025-06-17 11:28:04 [    INFO] 
CREATE TABLE bookings (
	id SERIAL NOT NULL, 
	room_id INTEGER NOT NULL, 
	user_id INTEGER NOT NULL, 
	start_time TIMESTAMP WITHOUT TIME ZONE NOT NULL, 
	end_time TIMESTAMP WITHOUT TIME ZONE NOT NULL, 
	status VARCHAR NOT NULL, 
	notes VARCHAR, 
	created_at TIMESTAMP WITHOUT TIME ZONE NOT NULL, 
	updated_at TIMESTAMP WITHOUT TIME ZONE NOT NULL, 
	PRIMARY KEY (id), 
	FOREIGN KEY(room_id) REFERENCES rooms (id), 
	FOREIGN KEY(user_id) REFERENCES "user" (id)
)

 (base.py:1842)
2025-06-17 11:28:04 [    INFO] [no key 0.00081s] {} (base.py:1842)
2025-06-17 11:28:04 [   DEBUG] Query eseguita in 0.03 secondi: 
CREATE TABLE bookings (
	id SERIAL NOT NULL, 
	room_id INTEGER NOT NULL, 
	user_id INTEGER NOT NULL, 
	start_time TIMESTAMP WITHOUT TIME ZONE NOT NULL, 
	end_time TIMESTAMP WITHOUT TIME ZONE NOT NULL, 
	status VARCHAR NOT NULL, 
	notes VARCHAR, 
	created_at TIMESTAMP WITHOUT TIME ZONE NOT NULL, 
	updated_at TIMESTAMP WITHOUT TIME ZONE NOT NULL, 
	PRIMARY KEY (id), 
	FOREIGN KEY(room_id) REFERENCES rooms (id), 
	FOREIGN KEY(user_id) REFERENCES "user" (id)
)

 (session.py:30)
2025-06-17 11:28:04 [    INFO] 
CREATE TABLE documents (
	id SERIAL NOT NULL, 
	created_at TIMESTAMP WITHOUT TIME ZONE NOT NULL, 
	updated_at TIMESTAMP WITHOUT TIME ZONE NOT NULL, 
	owner_id INTEGER NOT NULL, 
	name VARCHAR NOT NULL, 
	type VARCHAR NOT NULL, 
	size INTEGER NOT NULL, 
	upload_date TIMESTAMP WITHOUT TIME ZONE NOT NULL, 
	path VARCHAR NOT NULL, 
	checksum VARCHAR NOT NULL, 
	house_id INTEGER, 
	node_id INTEGER, 
	description VARCHAR, 
	PRIMARY KEY (id), 
	FOREIGN KEY(owner_id) REFERENCES "user" (id), 
	FOREIGN KEY(house_id) REFERENCES houses (id), 
	FOREIGN KEY(node_id) REFERENCES nodes (id)
)

 (base.py:1842)
2025-06-17 11:28:04 [    INFO] [no key 0.00297s] {} (base.py:1842)
2025-06-17 11:28:04 [   DEBUG] Query eseguita in 0.03 secondi: 
CREATE TABLE documents (
	id SERIAL NOT NULL, 
	created_at TIMESTAMP WITHOUT TIME ZONE NOT NULL, 
	updated_at TIMESTAMP WITHOUT TIME ZONE NOT NULL, 
	owner_id INTEGER NOT NULL, 
	name VARCHAR NOT NULL, 
	type VARCHAR NOT NULL, 
	size INTEGER NOT NULL, 
	upload_date TIMESTAMP WITHOUT TIME ZONE NOT NULL, 
	path VARCHAR NOT NULL, 
	checksum VARCHAR NOT NULL, 
	house_id INTEGER, 
	node_id INTEGER, 
	description VARCHAR, 
	PRIMARY KEY (id), 
	FOREIGN KEY(owner_id) REFERENCES "user" (id), 
	FOREIGN KEY(house_id) REFERENCES houses (id), 
	FOREIGN KEY(node_id) REFERENCES nodes (id)
)

 (session.py:30)
2025-06-17 11:28:04 [    INFO] CREATE INDEX ix_documents_owner_id ON documents (owner_id) (base.py:1842)
2025-06-17 11:28:04 [    INFO] [no key 0.00258s] {} (base.py:1842)
2025-06-17 11:28:04 [   DEBUG] Query eseguita in 0.01 secondi: CREATE INDEX ix_documents_owner_id ON documents (owner_id) (session.py:30)
2025-06-17 11:28:04 [    INFO] 
CREATE TABLE document_versions (
	id SERIAL NOT NULL, 
	version_number INTEGER NOT NULL, 
	file_path VARCHAR NOT NULL, 
	file_size INTEGER NOT NULL, 
	checksum VARCHAR NOT NULL, 
	created_at TIMESTAMP WITHOUT TIME ZONE NOT NULL, 
	updated_at TIMESTAMP WITHOUT TIME ZONE NOT NULL, 
	document_id INTEGER NOT NULL, 
	created_by_id INTEGER, 
	PRIMARY KEY (id), 
	FOREIGN KEY(document_id) REFERENCES documents (id), 
	FOREIGN KEY(created_by_id) REFERENCES "user" (id)
)

 (base.py:1842)
2025-06-17 11:28:04 [    INFO] [no key 0.00224s] {} (base.py:1842)
2025-06-17 11:28:04 [   DEBUG] Query eseguita in 0.03 secondi: 
CREATE TABLE document_versions (
	id SERIAL NOT NULL, 
	version_number INTEGER NOT NULL, 
	file_path VARCHAR NOT NULL, 
	file_size INTEGER NOT NULL, 
	checksum VARCHAR NOT NULL, 
	created_at TIMESTAMP WITHOUT TIME ZONE NOT NULL, 
	updated_at TIMESTAMP WITHOUT TIME ZONE NOT NULL, 
	document_id INTEGER NOT NULL, 
	created_by_id INTEGER, 
	PRIMARY KEY (id), 
	FOREIGN KEY(document_id) REFERENCES documents (id), 
	FOREIGN KEY(created_by_id) REFERENCES "user" (id)
)

 (session.py:30)
2025-06-17 11:28:04 [    INFO] CREATE INDEX ix_document_versions_version_number ON document_versions (version_number) (base.py:1842)
2025-06-17 11:28:04 [    INFO] [no key 0.00097s] {} (base.py:1842)
2025-06-17 11:28:04 [   DEBUG] Query eseguita in 0.01 secondi: CREATE INDEX ix_document_versions_version_number ON document_versions (version_number) (session.py:30)
2025-06-17 11:28:04 [    INFO] CREATE INDEX ix_document_versions_created_by_id ON document_versions (created_by_id) (base.py:1842)
2025-06-17 11:28:04 [    INFO] [no key 0.00571s] {} (base.py:1842)
2025-06-17 11:28:04 [   DEBUG] Query eseguita in 0.01 secondi: CREATE INDEX ix_document_versions_created_by_id ON document_versions (created_by_id) (session.py:30)
2025-06-17 11:28:04 [    INFO] CREATE INDEX ix_document_versions_document_id ON document_versions (document_id) (base.py:1842)
2025-06-17 11:28:04 [    INFO] [no key 0.00129s] {} (base.py:1842)
2025-06-17 11:28:04 [   DEBUG] Query eseguita in 0.01 secondi: CREATE INDEX ix_document_versions_document_id ON document_versions (document_id) (session.py:30)
2025-06-17 11:28:04 [    INFO] 
CREATE TABLE maintenance_records (
	id SERIAL NOT NULL, 
	node_id INTEGER NOT NULL, 
	timestamp TIMESTAMP WITHOUT TIME ZONE NOT NULL, 
	maintenance_type maintenancetype NOT NULL, 
	description VARCHAR NOT NULL, 
	status maintenancestatus NOT NULL, 
	notes VARCHAR, 
	document_id INTEGER, 
	PRIMARY KEY (id), 
	FOREIGN KEY(node_id) REFERENCES nodes (id), 
	FOREIGN KEY(document_id) REFERENCES documents (id)
)

 (base.py:1842)
2025-06-17 11:28:04 [    INFO] [no key 0.00234s] {} (base.py:1842)
2025-06-17 11:28:05 [   DEBUG] Query eseguita in 0.04 secondi: 
CREATE TABLE maintenance_records (
	id SERIAL NOT NULL, 
	node_id INTEGER NOT NULL, 
	timestamp TIMESTAMP WITHOUT TIME ZONE NOT NULL, 
	maintenance_type maintenancetype NOT NULL, 
	description VARCHAR NOT NULL, 
	status maintenancestatus NOT NULL, 
	notes VARCHAR, 
	document_id INTEGER, 
	PRIMARY KEY (id), 
	FOREIGN KEY(node_id) REFERENCES nodes (id), 
	FOREIGN KEY(document_id) REFERENCES documents (id)
)

 (session.py:30)
2025-06-17 11:28:05 [    INFO] CREATE INDEX ix_maintenance_records_node_id ON maintenance_records (node_id) (base.py:1842)
2025-06-17 11:28:05 [    INFO] [no key 0.00070s] {} (base.py:1842)
2025-06-17 11:28:05 [   DEBUG] Query eseguita in 0.01 secondi: CREATE INDEX ix_maintenance_records_node_id ON maintenance_records (node_id) (session.py:30)
2025-06-17 11:28:05 [    INFO] COMMIT (base.py:2704)
2025-06-17 11:28:05 [   DEBUG] Test database tables created successfully (test_users.py:52)
2025-06-17 11:28:05 [   DEBUG] Test database session created successfully (test_users.py:55)
2025-06-17 11:28:05 [   DEBUG] Overriding get_session for tests... (conftest.py:269)
2025-06-17 11:28:05 [   DEBUG] Setting up FakeRedis for tests... (conftest_redis.py:18)
2025-06-17 11:28:05 [   DEBUG] Connessione Redis stabilita con successo (redis.py:24)
-------------------------------- live log call --------------------------------
2025-06-17 11:28:05 [   DEBUG] Using proactor: IocpProactor (proactor_events.py:631)
2025-06-17 11:28:05 [    INFO] HTTP Request: POST http://testserver/api/v1/auth/register "HTTP/1.1 422 Unprocessable Entity" (_client.py:1025)
PASSED                                                                   [ 37%]
------------------------------ live log teardown ------------------------------
2025-06-17 11:28:05 [   DEBUG] Restored original Redis client (conftest_redis.py:29)
2025-06-17 11:28:05 [   DEBUG] get_session override cleared (conftest.py:275)
2025-06-17 11:28:05 [   DEBUG] Cleaning up test database session... (test_users.py:57)
2025-06-17 11:28:05 [    INFO] BEGIN (implicit) (base.py:2698)
2025-06-17 11:28:05 [    INFO] DROP SCHEMA public CASCADE (base.py:1842)
2025-06-17 11:28:05 [    INFO] [generated in 0.00216s] {} (base.py:1842)
2025-06-17 11:28:05 [   DEBUG] Query eseguita in 0.14 secondi: DROP SCHEMA public CASCADE (session.py:30)
2025-06-17 11:28:05 [    INFO] CREATE SCHEMA public (base.py:1842)
2025-06-17 11:28:05 [    INFO] [generated in 0.00388s] {} (base.py:1842)
2025-06-17 11:28:05 [   DEBUG] Query eseguita in 0.01 secondi: CREATE SCHEMA public (session.py:30)
2025-06-17 11:28:05 [    INFO] COMMIT (base.py:2704)
2025-06-17 11:28:05 [   DEBUG] Test database cleanup completed (test_users.py:63)
2025-06-17 11:28:05 [   DEBUG] Session fixture completed in 1.63 seconds (test_users.py:68)

tests/api/test_users.py::test_create_user_invalid_password[short] 
------------------------------- live log setup --------------------------------
2025-06-17 11:28:05 [   DEBUG] Setting up test database session... (test_users.py:38)
2025-06-17 11:28:06 [    INFO] select pg_catalog.version() (base.py:1842)
2025-06-17 11:28:06 [    INFO] [raw sql] {} (base.py:1842)
2025-06-17 11:28:06 [    INFO] select current_schema() (base.py:1842)
2025-06-17 11:28:06 [    INFO] [raw sql] {} (base.py:1842)
2025-06-17 11:28:06 [    INFO] show standard_conforming_strings (base.py:1842)
2025-06-17 11:28:06 [    INFO] [raw sql] {} (base.py:1842)
2025-06-17 11:28:06 [    INFO] BEGIN (implicit) (base.py:2698)
2025-06-17 11:28:06 [    INFO] SELECT pg_catalog.pg_class.relname 
FROM pg_catalog.pg_class JOIN pg_catalog.pg_namespace ON pg_catalog.pg_namespace.oid = pg_catalog.pg_class.relnamespace 
WHERE pg_catalog.pg_class.relname = %(table_name)s AND pg_catalog.pg_class.relkind = ANY (ARRAY[%(param_1)s, %(param_2)s, %(param_3)s, %(param_4)s, %(param_5)s]) AND pg_catalog.pg_table_is_visible(pg_catalog.pg_class.oid) AND pg_catalog.pg_namespace.nspname != %(nspname_1)s (base.py:1842)
2025-06-17 11:28:06 [    INFO] [generated in 0.00119s] {'table_name': 'user', 'param_1': 'r', 'param_2': 'p', 'param_3': 'f', 'param_4': 'v', 'param_5': 'm', 'nspname_1': 'pg_catalog'} (base.py:1842)
2025-06-17 11:28:06 [   DEBUG] Query eseguita in 0.02 secondi: SELECT pg_catalog.pg_class.relname 
FROM pg_catalog.pg_class JOIN pg_catalog.pg_namespace ON pg_catalog.pg_namespace.oid = pg_catalog.pg_class.relnamespace 
WHERE pg_catalog.pg_class.relname = %(table_name)s AND pg_catalog.pg_class.relkind = ANY (ARRAY[%(param_1)s, %(param_2)s, %(param_3)s, %(param_4)s, %(param_5)s]) AND pg_catalog.pg_table_is_visible(pg_catalog.pg_class.oid) AND pg_catalog.pg_namespace.nspname != %(nspname_1)s (session.py:30)
2025-06-17 11:28:06 [    INFO] SELECT pg_catalog.pg_class.relname 
FROM pg_catalog.pg_class JOIN pg_catalog.pg_namespace ON pg_catalog.pg_namespace.oid = pg_catalog.pg_class.relnamespace 
WHERE pg_catalog.pg_class.relname = %(table_name)s AND pg_catalog.pg_class.relkind = ANY (ARRAY[%(param_1)s, %(param_2)s, %(param_3)s, %(param_4)s, %(param_5)s]) AND pg_catalog.pg_table_is_visible(pg_catalog.pg_class.oid) AND pg_catalog.pg_namespace.nspname != %(nspname_1)s (base.py:1842)
2025-06-17 11:28:06 [    INFO] [cached since 0.01888s ago] {'table_name': 'documents', 'param_1': 'r', 'param_2': 'p', 'param_3': 'f', 'param_4': 'v', 'param_5': 'm', 'nspname_1': 'pg_catalog'} (base.py:1842)
2025-06-17 11:28:06 [   DEBUG] Query eseguita in 0.01 secondi: SELECT pg_catalog.pg_class.relname 
FROM pg_catalog.pg_class JOIN pg_catalog.pg_namespace ON pg_catalog.pg_namespace.oid = pg_catalog.pg_class.relnamespace 
WHERE pg_catalog.pg_class.relname = %(table_name)s AND pg_catalog.pg_class.relkind = ANY (ARRAY[%(param_1)s, %(param_2)s, %(param_3)s, %(param_4)s, %(param_5)s]) AND pg_catalog.pg_table_is_visible(pg_catalog.pg_class.oid) AND pg_catalog.pg_namespace.nspname != %(nspname_1)s (session.py:30)
2025-06-17 11:28:06 [    INFO] SELECT pg_catalog.pg_class.relname 
FROM pg_catalog.pg_class JOIN pg_catalog.pg_namespace ON pg_catalog.pg_namespace.oid = pg_catalog.pg_class.relnamespace 
WHERE pg_catalog.pg_class.relname = %(table_name)s AND pg_catalog.pg_class.relkind = ANY (ARRAY[%(param_1)s, %(param_2)s, %(param_3)s, %(param_4)s, %(param_5)s]) AND pg_catalog.pg_table_is_visible(pg_catalog.pg_class.oid) AND pg_catalog.pg_namespace.nspname != %(nspname_1)s (base.py:1842)
2025-06-17 11:28:06 [    INFO] [cached since 0.03226s ago] {'table_name': 'document_versions', 'param_1': 'r', 'param_2': 'p', 'param_3': 'f', 'param_4': 'v', 'param_5': 'm', 'nspname_1': 'pg_catalog'} (base.py:1842)
2025-06-17 11:28:06 [   DEBUG] Query eseguita in 0.00 secondi: SELECT pg_catalog.pg_class.relname 
FROM pg_catalog.pg_class JOIN pg_catalog.pg_namespace ON pg_catalog.pg_namespace.oid = pg_catalog.pg_class.relnamespace 
WHERE pg_catalog.pg_class.relname = %(table_name)s AND pg_catalog.pg_class.relkind = ANY (ARRAY[%(param_1)s, %(param_2)s, %(param_3)s, %(param_4)s, %(param_5)s]) AND pg_catalog.pg_table_is_visible(pg_catalog.pg_class.oid) AND pg_catalog.pg_namespace.nspname != %(nspname_1)s (session.py:30)
2025-06-17 11:28:06 [    INFO] SELECT pg_catalog.pg_class.relname 
FROM pg_catalog.pg_class JOIN pg_catalog.pg_namespace ON pg_catalog.pg_namespace.oid = pg_catalog.pg_class.relnamespace 
WHERE pg_catalog.pg_class.relname = %(table_name)s AND pg_catalog.pg_class.relkind = ANY (ARRAY[%(param_1)s, %(param_2)s, %(param_3)s, %(param_4)s, %(param_5)s]) AND pg_catalog.pg_table_is_visible(pg_catalog.pg_class.oid) AND pg_catalog.pg_namespace.nspname != %(nspname_1)s (base.py:1842)
2025-06-17 11:28:06 [    INFO] [cached since 0.03894s ago] {'table_name': 'houses', 'param_1': 'r', 'param_2': 'p', 'param_3': 'f', 'param_4': 'v', 'param_5': 'm', 'nspname_1': 'pg_catalog'} (base.py:1842)
2025-06-17 11:28:06 [   DEBUG] Query eseguita in 0.01 secondi: SELECT pg_catalog.pg_class.relname 
FROM pg_catalog.pg_class JOIN pg_catalog.pg_namespace ON pg_catalog.pg_namespace.oid = pg_catalog.pg_class.relnamespace 
WHERE pg_catalog.pg_class.relname = %(table_name)s AND pg_catalog.pg_class.relkind = ANY (ARRAY[%(param_1)s, %(param_2)s, %(param_3)s, %(param_4)s, %(param_5)s]) AND pg_catalog.pg_table_is_visible(pg_catalog.pg_class.oid) AND pg_catalog.pg_namespace.nspname != %(nspname_1)s (session.py:30)
2025-06-17 11:28:06 [    INFO] SELECT pg_catalog.pg_class.relname 
FROM pg_catalog.pg_class JOIN pg_catalog.pg_namespace ON pg_catalog.pg_namespace.oid = pg_catalog.pg_class.relnamespace 
WHERE pg_catalog.pg_class.relname = %(table_name)s AND pg_catalog.pg_class.relkind = ANY (ARRAY[%(param_1)s, %(param_2)s, %(param_3)s, %(param_4)s, %(param_5)s]) AND pg_catalog.pg_table_is_visible(pg_catalog.pg_class.oid) AND pg_catalog.pg_namespace.nspname != %(nspname_1)s (base.py:1842)
2025-06-17 11:28:06 [    INFO] [cached since 0.0497s ago] {'table_name': 'nodes', 'param_1': 'r', 'param_2': 'p', 'param_3': 'f', 'param_4': 'v', 'param_5': 'm', 'nspname_1': 'pg_catalog'} (base.py:1842)
2025-06-17 11:28:06 [   DEBUG] Query eseguita in 0.00 secondi: SELECT pg_catalog.pg_class.relname 
FROM pg_catalog.pg_class JOIN pg_catalog.pg_namespace ON pg_catalog.pg_namespace.oid = pg_catalog.pg_class.relnamespace 
WHERE pg_catalog.pg_class.relname = %(table_name)s AND pg_catalog.pg_class.relkind = ANY (ARRAY[%(param_1)s, %(param_2)s, %(param_3)s, %(param_4)s, %(param_5)s]) AND pg_catalog.pg_table_is_visible(pg_catalog.pg_class.oid) AND pg_catalog.pg_namespace.nspname != %(nspname_1)s (session.py:30)
2025-06-17 11:28:06 [    INFO] SELECT pg_catalog.pg_class.relname 
FROM pg_catalog.pg_class JOIN pg_catalog.pg_namespace ON pg_catalog.pg_namespace.oid = pg_catalog.pg_class.relnamespace 
WHERE pg_catalog.pg_class.relname = %(table_name)s AND pg_catalog.pg_class.relkind = ANY (ARRAY[%(param_1)s, %(param_2)s, %(param_3)s, %(param_4)s, %(param_5)s]) AND pg_catalog.pg_table_is_visible(pg_catalog.pg_class.oid) AND pg_catalog.pg_namespace.nspname != %(nspname_1)s (base.py:1842)
2025-06-17 11:28:06 [    INFO] [cached since 0.05735s ago] {'table_name': 'rooms', 'param_1': 'r', 'param_2': 'p', 'param_3': 'f', 'param_4': 'v', 'param_5': 'm', 'nspname_1': 'pg_catalog'} (base.py:1842)
2025-06-17 11:28:06 [   DEBUG] Query eseguita in 0.01 secondi: SELECT pg_catalog.pg_class.relname 
FROM pg_catalog.pg_class JOIN pg_catalog.pg_namespace ON pg_catalog.pg_namespace.oid = pg_catalog.pg_class.relnamespace 
WHERE pg_catalog.pg_class.relname = %(table_name)s AND pg_catalog.pg_class.relkind = ANY (ARRAY[%(param_1)s, %(param_2)s, %(param_3)s, %(param_4)s, %(param_5)s]) AND pg_catalog.pg_table_is_visible(pg_catalog.pg_class.oid) AND pg_catalog.pg_namespace.nspname != %(nspname_1)s (session.py:30)
2025-06-17 11:28:06 [    INFO] SELECT pg_catalog.pg_class.relname 
FROM pg_catalog.pg_class JOIN pg_catalog.pg_namespace ON pg_catalog.pg_namespace.oid = pg_catalog.pg_class.relnamespace 
WHERE pg_catalog.pg_class.relname = %(table_name)s AND pg_catalog.pg_class.relkind = ANY (ARRAY[%(param_1)s, %(param_2)s, %(param_3)s, %(param_4)s, %(param_5)s]) AND pg_catalog.pg_table_is_visible(pg_catalog.pg_class.oid) AND pg_catalog.pg_namespace.nspname != %(nspname_1)s (base.py:1842)
2025-06-17 11:28:06 [    INFO] [cached since 0.06723s ago] {'table_name': 'bookings', 'param_1': 'r', 'param_2': 'p', 'param_3': 'f', 'param_4': 'v', 'param_5': 'm', 'nspname_1': 'pg_catalog'} (base.py:1842)
2025-06-17 11:28:06 [   DEBUG] Query eseguita in 0.00 secondi: SELECT pg_catalog.pg_class.relname 
FROM pg_catalog.pg_class JOIN pg_catalog.pg_namespace ON pg_catalog.pg_namespace.oid = pg_catalog.pg_class.relnamespace 
WHERE pg_catalog.pg_class.relname = %(table_name)s AND pg_catalog.pg_class.relkind = ANY (ARRAY[%(param_1)s, %(param_2)s, %(param_3)s, %(param_4)s, %(param_5)s]) AND pg_catalog.pg_table_is_visible(pg_catalog.pg_class.oid) AND pg_catalog.pg_namespace.nspname != %(nspname_1)s (session.py:30)
2025-06-17 11:28:06 [    INFO] SELECT pg_catalog.pg_class.relname 
FROM pg_catalog.pg_class JOIN pg_catalog.pg_namespace ON pg_catalog.pg_namespace.oid = pg_catalog.pg_class.relnamespace 
WHERE pg_catalog.pg_class.relname = %(table_name)s AND pg_catalog.pg_class.relkind = ANY (ARRAY[%(param_1)s, %(param_2)s, %(param_3)s, %(param_4)s, %(param_5)s]) AND pg_catalog.pg_table_is_visible(pg_catalog.pg_class.oid) AND pg_catalog.pg_namespace.nspname != %(nspname_1)s (base.py:1842)
2025-06-17 11:28:06 [    INFO] [cached since 0.07461s ago] {'table_name': 'maintenance_records', 'param_1': 'r', 'param_2': 'p', 'param_3': 'f', 'param_4': 'v', 'param_5': 'm', 'nspname_1': 'pg_catalog'} (base.py:1842)
2025-06-17 11:28:06 [   DEBUG] Query eseguita in 0.01 secondi: SELECT pg_catalog.pg_class.relname 
FROM pg_catalog.pg_class JOIN pg_catalog.pg_namespace ON pg_catalog.pg_namespace.oid = pg_catalog.pg_class.relnamespace 
WHERE pg_catalog.pg_class.relname = %(table_name)s AND pg_catalog.pg_class.relkind = ANY (ARRAY[%(param_1)s, %(param_2)s, %(param_3)s, %(param_4)s, %(param_5)s]) AND pg_catalog.pg_table_is_visible(pg_catalog.pg_class.oid) AND pg_catalog.pg_namespace.nspname != %(nspname_1)s (session.py:30)
2025-06-17 11:28:06 [    INFO] SELECT pg_catalog.pg_type.typname 
FROM pg_catalog.pg_type JOIN pg_catalog.pg_namespace ON pg_catalog.pg_namespace.oid = pg_catalog.pg_type.typnamespace 
WHERE pg_catalog.pg_type.typname = %(typname_1)s AND pg_catalog.pg_type_is_visible(pg_catalog.pg_type.oid) AND pg_catalog.pg_namespace.nspname != %(nspname_1)s (base.py:1842)
2025-06-17 11:28:06 [    INFO] [generated in 0.00153s] {'typname_1': 'maintenancetype', 'nspname_1': 'pg_catalog'} (base.py:1842)
2025-06-17 11:28:06 [   DEBUG] Query eseguita in 0.01 secondi: SELECT pg_catalog.pg_type.typname 
FROM pg_catalog.pg_type JOIN pg_catalog.pg_namespace ON pg_catalog.pg_namespace.oid = pg_catalog.pg_type.typnamespace 
WHERE pg_catalog.pg_type.typname = %(typname_1)s AND pg_catalog.pg_type_is_visible(pg_catalog.pg_type.oid) AND pg_catalog.pg_namespace.nspname != %(nspname_1)s (session.py:30)
2025-06-17 11:28:06 [    INFO] CREATE TYPE maintenancetype AS ENUM ('ROUTINE', 'PREVENTIVE', 'CORRECTIVE', 'EMERGENCY', 'INSPECTION') (base.py:1842)
2025-06-17 11:28:06 [    INFO] [no key 0.00085s] {} (base.py:1842)
2025-06-17 11:28:06 [   DEBUG] Query eseguita in 0.01 secondi: CREATE TYPE maintenancetype AS ENUM ('ROUTINE', 'PREVENTIVE', 'CORRECTIVE', 'EMERGENCY', 'INSPECTION') (session.py:30)
2025-06-17 11:28:06 [    INFO] SELECT pg_catalog.pg_type.typname 
FROM pg_catalog.pg_type JOIN pg_catalog.pg_namespace ON pg_catalog.pg_namespace.oid = pg_catalog.pg_type.typnamespace 
WHERE pg_catalog.pg_type.typname = %(typname_1)s AND pg_catalog.pg_type_is_visible(pg_catalog.pg_type.oid) AND pg_catalog.pg_namespace.nspname != %(nspname_1)s (base.py:1842)
2025-06-17 11:28:06 [    INFO] [cached since 0.02844s ago] {'typname_1': 'maintenancestatus', 'nspname_1': 'pg_catalog'} (base.py:1842)
2025-06-17 11:28:06 [   DEBUG] Query eseguita in 0.01 secondi: SELECT pg_catalog.pg_type.typname 
FROM pg_catalog.pg_type JOIN pg_catalog.pg_namespace ON pg_catalog.pg_namespace.oid = pg_catalog.pg_type.typnamespace 
WHERE pg_catalog.pg_type.typname = %(typname_1)s AND pg_catalog.pg_type_is_visible(pg_catalog.pg_type.oid) AND pg_catalog.pg_namespace.nspname != %(nspname_1)s (session.py:30)
2025-06-17 11:28:06 [    INFO] CREATE TYPE maintenancestatus AS ENUM ('PENDING', 'COMPLETED', 'FAILED') (base.py:1842)
2025-06-17 11:28:06 [    INFO] [no key 0.00169s] {} (base.py:1842)
2025-06-17 11:28:06 [   DEBUG] Query eseguita in 0.01 secondi: CREATE TYPE maintenancestatus AS ENUM ('PENDING', 'COMPLETED', 'FAILED') (session.py:30)
2025-06-17 11:28:06 [    INFO] 
CREATE TABLE "user" (
	id SERIAL NOT NULL, 
	email VARCHAR NOT NULL, 
	username VARCHAR NOT NULL, 
	hashed_password VARCHAR NOT NULL, 
	is_active BOOLEAN NOT NULL, 
	is_superuser BOOLEAN NOT NULL, 
	is_verified BOOLEAN NOT NULL, 
	created_at TIMESTAMP WITHOUT TIME ZONE NOT NULL, 
	updated_at TIMESTAMP WITHOUT TIME ZONE NOT NULL, 
	last_login TIMESTAMP WITH TIME ZONE, 
	full_name VARCHAR(255), 
	phone_number VARCHAR(20), 
	PRIMARY KEY (id)
)

 (base.py:1842)
2025-06-17 11:28:06 [    INFO] [no key 0.00233s] {} (base.py:1842)
2025-06-17 11:28:06 [   DEBUG] Query eseguita in 0.04 secondi: 
CREATE TABLE "user" (
	id SERIAL NOT NULL, 
	email VARCHAR NOT NULL, 
	username VARCHAR NOT NULL, 
	hashed_password VARCHAR NOT NULL, 
	is_active BOOLEAN NOT NULL, 
	is_superuser BOOLEAN NOT NULL, 
	is_verified BOOLEAN NOT NULL, 
	created_at TIMESTAMP WITHOUT TIME ZONE NOT NULL, 
	updated_at TIMESTAMP WITHOUT TIME ZONE NOT NULL, 
	last_login TIMESTAMP WITH TIME ZONE, 
	full_name VARCHAR(255), 
	phone_number VARCHAR(20), 
	PRIMARY KEY (id)
)

 (session.py:30)
2025-06-17 11:28:06 [    INFO] CREATE UNIQUE INDEX ix_user_email ON "user" (email) (base.py:1842)
2025-06-17 11:28:06 [    INFO] [no key 0.00083s] {} (base.py:1842)
2025-06-17 11:28:06 [   DEBUG] Query eseguita in 0.01 secondi: CREATE UNIQUE INDEX ix_user_email ON "user" (email) (session.py:30)
2025-06-17 11:28:06 [    INFO] CREATE UNIQUE INDEX ix_user_username ON "user" (username) (base.py:1842)
2025-06-17 11:28:06 [    INFO] [no key 0.00085s] {} (base.py:1842)
2025-06-17 11:28:06 [   DEBUG] Query eseguita in 0.01 secondi: CREATE UNIQUE INDEX ix_user_username ON "user" (username) (session.py:30)
2025-06-17 11:28:06 [    INFO] 
CREATE TABLE houses (
	id SERIAL NOT NULL, 
	name VARCHAR NOT NULL, 
	address VARCHAR NOT NULL, 
	owner_id INTEGER NOT NULL, 
	created_at TIMESTAMP WITHOUT TIME ZONE NOT NULL, 
	updated_at TIMESTAMP WITHOUT TIME ZONE NOT NULL, 
	PRIMARY KEY (id), 
	FOREIGN KEY(owner_id) REFERENCES "user" (id)
)

 (base.py:1842)
2025-06-17 11:28:06 [    INFO] [no key 0.00340s] {} (base.py:1842)
2025-06-17 11:28:06 [   DEBUG] Query eseguita in 0.04 secondi: 
CREATE TABLE houses (
	id SERIAL NOT NULL, 
	name VARCHAR NOT NULL, 
	address VARCHAR NOT NULL, 
	owner_id INTEGER NOT NULL, 
	created_at TIMESTAMP WITHOUT TIME ZONE NOT NULL, 
	updated_at TIMESTAMP WITHOUT TIME ZONE NOT NULL, 
	PRIMARY KEY (id), 
	FOREIGN KEY(owner_id) REFERENCES "user" (id)
)

 (session.py:30)
2025-06-17 11:28:06 [    INFO] CREATE INDEX ix_houses_name ON houses (name) (base.py:1842)
2025-06-17 11:28:06 [    INFO] [no key 0.00126s] {} (base.py:1842)
2025-06-17 11:28:06 [   DEBUG] Query eseguita in 0.01 secondi: CREATE INDEX ix_houses_name ON houses (name) (session.py:30)
2025-06-17 11:28:06 [    INFO] 
CREATE TABLE rooms (
	id SERIAL NOT NULL, 
	name VARCHAR NOT NULL, 
	description VARCHAR, 
	floor INTEGER NOT NULL, 
	area FLOAT NOT NULL, 
	house_id INTEGER NOT NULL, 
	created_at TIMESTAMP WITHOUT TIME ZONE NOT NULL, 
	updated_at TIMESTAMP WITHOUT TIME ZONE NOT NULL, 
	PRIMARY KEY (id), 
	FOREIGN KEY(house_id) REFERENCES houses (id)
)

 (base.py:1842)
2025-06-17 11:28:06 [    INFO] [no key 0.00133s] {} (base.py:1842)
2025-06-17 11:28:06 [   DEBUG] Query eseguita in 0.04 secondi: 
CREATE TABLE rooms (
	id SERIAL NOT NULL, 
	name VARCHAR NOT NULL, 
	description VARCHAR, 
	floor INTEGER NOT NULL, 
	area FLOAT NOT NULL, 
	house_id INTEGER NOT NULL, 
	created_at TIMESTAMP WITHOUT TIME ZONE NOT NULL, 
	updated_at TIMESTAMP WITHOUT TIME ZONE NOT NULL, 
	PRIMARY KEY (id), 
	FOREIGN KEY(house_id) REFERENCES houses (id)
)

 (session.py:30)
2025-06-17 11:28:06 [    INFO] CREATE INDEX ix_rooms_name ON rooms (name) (base.py:1842)
2025-06-17 11:28:06 [    INFO] [no key 0.00258s] {} (base.py:1842)
2025-06-17 11:28:06 [   DEBUG] Query eseguita in 0.01 secondi: CREATE INDEX ix_rooms_name ON rooms (name) (session.py:30)
2025-06-17 11:28:06 [    INFO] 
CREATE TABLE nodes (
	id SERIAL NOT NULL, 
	name VARCHAR NOT NULL, 
	description VARCHAR, 
	nfc_id VARCHAR NOT NULL, 
	house_id INTEGER NOT NULL, 
	room_id INTEGER, 
	PRIMARY KEY (id), 
	FOREIGN KEY(house_id) REFERENCES houses (id), 
	FOREIGN KEY(room_id) REFERENCES rooms (id)
)

 (base.py:1842)
2025-06-17 11:28:06 [    INFO] [no key 0.00397s] {} (base.py:1842)
2025-06-17 11:28:06 [   DEBUG] Query eseguita in 0.04 secondi: 
CREATE TABLE nodes (
	id SERIAL NOT NULL, 
	name VARCHAR NOT NULL, 
	description VARCHAR, 
	nfc_id VARCHAR NOT NULL, 
	house_id INTEGER NOT NULL, 
	room_id INTEGER, 
	PRIMARY KEY (id), 
	FOREIGN KEY(house_id) REFERENCES houses (id), 
	FOREIGN KEY(room_id) REFERENCES rooms (id)
)

 (session.py:30)
2025-06-17 11:28:06 [    INFO] CREATE UNIQUE INDEX ix_nodes_nfc_id ON nodes (nfc_id) (base.py:1842)
2025-06-17 11:28:06 [    INFO] [no key 0.00111s] {} (base.py:1842)
2025-06-17 11:28:06 [   DEBUG] Query eseguita in 0.01 secondi: CREATE UNIQUE INDEX ix_nodes_nfc_id ON nodes (nfc_id) (session.py:30)
2025-06-17 11:28:06 [    INFO] 
CREATE TABLE bookings (
	id SERIAL NOT NULL, 
	room_id INTEGER NOT NULL, 
	user_id INTEGER NOT NULL, 
	start_time TIMESTAMP WITHOUT TIME ZONE NOT NULL, 
	end_time TIMESTAMP WITHOUT TIME ZONE NOT NULL, 
	status VARCHAR NOT NULL, 
	notes VARCHAR, 
	created_at TIMESTAMP WITHOUT TIME ZONE NOT NULL, 
	updated_at TIMESTAMP WITHOUT TIME ZONE NOT NULL, 
	PRIMARY KEY (id), 
	FOREIGN KEY(room_id) REFERENCES rooms (id), 
	FOREIGN KEY(user_id) REFERENCES "user" (id)
)

 (base.py:1842)
2025-06-17 11:28:06 [    INFO] [no key 0.00146s] {} (base.py:1842)
2025-06-17 11:28:06 [   DEBUG] Query eseguita in 0.05 secondi: 
CREATE TABLE bookings (
	id SERIAL NOT NULL, 
	room_id INTEGER NOT NULL, 
	user_id INTEGER NOT NULL, 
	start_time TIMESTAMP WITHOUT TIME ZONE NOT NULL, 
	end_time TIMESTAMP WITHOUT TIME ZONE NOT NULL, 
	status VARCHAR NOT NULL, 
	notes VARCHAR, 
	created_at TIMESTAMP WITHOUT TIME ZONE NOT NULL, 
	updated_at TIMESTAMP WITHOUT TIME ZONE NOT NULL, 
	PRIMARY KEY (id), 
	FOREIGN KEY(room_id) REFERENCES rooms (id), 
	FOREIGN KEY(user_id) REFERENCES "user" (id)
)

 (session.py:30)
2025-06-17 11:28:06 [    INFO] 
CREATE TABLE documents (
	id SERIAL NOT NULL, 
	created_at TIMESTAMP WITHOUT TIME ZONE NOT NULL, 
	updated_at TIMESTAMP WITHOUT TIME ZONE NOT NULL, 
	owner_id INTEGER NOT NULL, 
	name VARCHAR NOT NULL, 
	type VARCHAR NOT NULL, 
	size INTEGER NOT NULL, 
	upload_date TIMESTAMP WITHOUT TIME ZONE NOT NULL, 
	path VARCHAR NOT NULL, 
	checksum VARCHAR NOT NULL, 
	house_id INTEGER, 
	node_id INTEGER, 
	description VARCHAR, 
	PRIMARY KEY (id), 
	FOREIGN KEY(owner_id) REFERENCES "user" (id), 
	FOREIGN KEY(house_id) REFERENCES houses (id), 
	FOREIGN KEY(node_id) REFERENCES nodes (id)
)

 (base.py:1842)
2025-06-17 11:28:06 [    INFO] [no key 0.00099s] {} (base.py:1842)
2025-06-17 11:28:06 [   DEBUG] Query eseguita in 0.04 secondi: 
CREATE TABLE documents (
	id SERIAL NOT NULL, 
	created_at TIMESTAMP WITHOUT TIME ZONE NOT NULL, 
	updated_at TIMESTAMP WITHOUT TIME ZONE NOT NULL, 
	owner_id INTEGER NOT NULL, 
	name VARCHAR NOT NULL, 
	type VARCHAR NOT NULL, 
	size INTEGER NOT NULL, 
	upload_date TIMESTAMP WITHOUT TIME ZONE NOT NULL, 
	path VARCHAR NOT NULL, 
	checksum VARCHAR NOT NULL, 
	house_id INTEGER, 
	node_id INTEGER, 
	description VARCHAR, 
	PRIMARY KEY (id), 
	FOREIGN KEY(owner_id) REFERENCES "user" (id), 
	FOREIGN KEY(house_id) REFERENCES houses (id), 
	FOREIGN KEY(node_id) REFERENCES nodes (id)
)

 (session.py:30)
2025-06-17 11:28:06 [    INFO] CREATE INDEX ix_documents_owner_id ON documents (owner_id) (base.py:1842)
2025-06-17 11:28:06 [    INFO] [no key 0.00456s] {} (base.py:1842)
2025-06-17 11:28:06 [   DEBUG] Query eseguita in 0.01 secondi: CREATE INDEX ix_documents_owner_id ON documents (owner_id) (session.py:30)
2025-06-17 11:28:06 [    INFO] 
CREATE TABLE document_versions (
	id SERIAL NOT NULL, 
	version_number INTEGER NOT NULL, 
	file_path VARCHAR NOT NULL, 
	file_size INTEGER NOT NULL, 
	checksum VARCHAR NOT NULL, 
	created_at TIMESTAMP WITHOUT TIME ZONE NOT NULL, 
	updated_at TIMESTAMP WITHOUT TIME ZONE NOT NULL, 
	document_id INTEGER NOT NULL, 
	created_by_id INTEGER, 
	PRIMARY KEY (id), 
	FOREIGN KEY(document_id) REFERENCES documents (id), 
	FOREIGN KEY(created_by_id) REFERENCES "user" (id)
)

 (base.py:1842)
2025-06-17 11:28:06 [    INFO] [no key 0.00112s] {} (base.py:1842)
2025-06-17 11:28:06 [   DEBUG] Query eseguita in 0.04 secondi: 
CREATE TABLE document_versions (
	id SERIAL NOT NULL, 
	version_number INTEGER NOT NULL, 
	file_path VARCHAR NOT NULL, 
	file_size INTEGER NOT NULL, 
	checksum VARCHAR NOT NULL, 
	created_at TIMESTAMP WITHOUT TIME ZONE NOT NULL, 
	updated_at TIMESTAMP WITHOUT TIME ZONE NOT NULL, 
	document_id INTEGER NOT NULL, 
	created_by_id INTEGER, 
	PRIMARY KEY (id), 
	FOREIGN KEY(document_id) REFERENCES documents (id), 
	FOREIGN KEY(created_by_id) REFERENCES "user" (id)
)

 (session.py:30)
2025-06-17 11:28:06 [    INFO] CREATE INDEX ix_document_versions_version_number ON document_versions (version_number) (base.py:1842)
2025-06-17 11:28:06 [    INFO] [no key 0.00159s] {} (base.py:1842)
2025-06-17 11:28:06 [   DEBUG] Query eseguita in 0.01 secondi: CREATE INDEX ix_document_versions_version_number ON document_versions (version_number) (session.py:30)
2025-06-17 11:28:06 [    INFO] CREATE INDEX ix_document_versions_created_by_id ON document_versions (created_by_id) (base.py:1842)
2025-06-17 11:28:06 [    INFO] [no key 0.00291s] {} (base.py:1842)
2025-06-17 11:28:06 [   DEBUG] Query eseguita in 0.01 secondi: CREATE INDEX ix_document_versions_created_by_id ON document_versions (created_by_id) (session.py:30)
2025-06-17 11:28:06 [    INFO] CREATE INDEX ix_document_versions_document_id ON document_versions (document_id) (base.py:1842)
2025-06-17 11:28:06 [    INFO] [no key 0.00078s] {} (base.py:1842)
2025-06-17 11:28:06 [   DEBUG] Query eseguita in 0.01 secondi: CREATE INDEX ix_document_versions_document_id ON document_versions (document_id) (session.py:30)
2025-06-17 11:28:06 [    INFO] 
CREATE TABLE maintenance_records (
	id SERIAL NOT NULL, 
	node_id INTEGER NOT NULL, 
	timestamp TIMESTAMP WITHOUT TIME ZONE NOT NULL, 
	maintenance_type maintenancetype NOT NULL, 
	description VARCHAR NOT NULL, 
	status maintenancestatus NOT NULL, 
	notes VARCHAR, 
	document_id INTEGER, 
	PRIMARY KEY (id), 
	FOREIGN KEY(node_id) REFERENCES nodes (id), 
	FOREIGN KEY(document_id) REFERENCES documents (id)
)

 (base.py:1842)
2025-06-17 11:28:06 [    INFO] [no key 0.00092s] {} (base.py:1842)
2025-06-17 11:28:06 [   DEBUG] Query eseguita in 0.03 secondi: 
CREATE TABLE maintenance_records (
	id SERIAL NOT NULL, 
	node_id INTEGER NOT NULL, 
	timestamp TIMESTAMP WITHOUT TIME ZONE NOT NULL, 
	maintenance_type maintenancetype NOT NULL, 
	description VARCHAR NOT NULL, 
	status maintenancestatus NOT NULL, 
	notes VARCHAR, 
	document_id INTEGER, 
	PRIMARY KEY (id), 
	FOREIGN KEY(node_id) REFERENCES nodes (id), 
	FOREIGN KEY(document_id) REFERENCES documents (id)
)

 (session.py:30)
2025-06-17 11:28:06 [    INFO] CREATE INDEX ix_maintenance_records_node_id ON maintenance_records (node_id) (base.py:1842)
2025-06-17 11:28:06 [    INFO] [no key 0.00106s] {} (base.py:1842)
2025-06-17 11:28:06 [   DEBUG] Query eseguita in 0.01 secondi: CREATE INDEX ix_maintenance_records_node_id ON maintenance_records (node_id) (session.py:30)
2025-06-17 11:28:06 [    INFO] COMMIT (base.py:2704)
2025-06-17 11:28:06 [   DEBUG] Test database tables created successfully (test_users.py:52)
2025-06-17 11:28:06 [   DEBUG] Test database session created successfully (test_users.py:55)
2025-06-17 11:28:06 [   DEBUG] Overriding get_session for tests... (conftest.py:269)
2025-06-17 11:28:06 [   DEBUG] Setting up FakeRedis for tests... (conftest_redis.py:18)
2025-06-17 11:28:06 [   DEBUG] Connessione Redis stabilita con successo (redis.py:24)
-------------------------------- live log call --------------------------------
2025-06-17 11:28:06 [   DEBUG] Using proactor: IocpProactor (proactor_events.py:631)
2025-06-17 11:28:07 [    INFO] HTTP Request: POST http://testserver/api/v1/auth/register "HTTP/1.1 422 Unprocessable Entity" (_client.py:1025)
PASSED                                                                   [ 39%]
------------------------------ live log teardown ------------------------------
2025-06-17 11:28:07 [   DEBUG] Restored original Redis client (conftest_redis.py:29)
2025-06-17 11:28:07 [   DEBUG] get_session override cleared (conftest.py:275)
2025-06-17 11:28:07 [   DEBUG] Cleaning up test database session... (test_users.py:57)
2025-06-17 11:28:07 [    INFO] BEGIN (implicit) (base.py:2698)
2025-06-17 11:28:07 [    INFO] DROP SCHEMA public CASCADE (base.py:1842)
2025-06-17 11:28:07 [    INFO] [generated in 0.00610s] {} (base.py:1842)
2025-06-17 11:28:07 [   DEBUG] Query eseguita in 0.10 secondi: DROP SCHEMA public CASCADE (session.py:30)
2025-06-17 11:28:07 [    INFO] CREATE SCHEMA public (base.py:1842)
2025-06-17 11:28:07 [    INFO] [generated in 0.00268s] {} (base.py:1842)
2025-06-17 11:28:07 [   DEBUG] Query eseguita in 0.01 secondi: CREATE SCHEMA public (session.py:30)
2025-06-17 11:28:07 [    INFO] COMMIT (base.py:2704)
2025-06-17 11:28:07 [   DEBUG] Test database cleanup completed (test_users.py:63)
2025-06-17 11:28:07 [   DEBUG] Session fixture completed in 1.85 seconds (test_users.py:68)

tests/api/test_users.py::test_create_user_invalid_password[12345678] 
------------------------------- live log setup --------------------------------
2025-06-17 11:28:07 [   DEBUG] Setting up test database session... (test_users.py:38)
2025-06-17 11:28:07 [    INFO] select pg_catalog.version() (base.py:1842)
2025-06-17 11:28:07 [    INFO] [raw sql] {} (base.py:1842)
2025-06-17 11:28:07 [    INFO] select current_schema() (base.py:1842)
2025-06-17 11:28:07 [    INFO] [raw sql] {} (base.py:1842)
2025-06-17 11:28:07 [    INFO] show standard_conforming_strings (base.py:1842)
2025-06-17 11:28:07 [    INFO] [raw sql] {} (base.py:1842)
2025-06-17 11:28:07 [    INFO] BEGIN (implicit) (base.py:2698)
2025-06-17 11:28:07 [    INFO] SELECT pg_catalog.pg_class.relname 
FROM pg_catalog.pg_class JOIN pg_catalog.pg_namespace ON pg_catalog.pg_namespace.oid = pg_catalog.pg_class.relnamespace 
WHERE pg_catalog.pg_class.relname = %(table_name)s AND pg_catalog.pg_class.relkind = ANY (ARRAY[%(param_1)s, %(param_2)s, %(param_3)s, %(param_4)s, %(param_5)s]) AND pg_catalog.pg_table_is_visible(pg_catalog.pg_class.oid) AND pg_catalog.pg_namespace.nspname != %(nspname_1)s (base.py:1842)
2025-06-17 11:28:07 [    INFO] [generated in 0.00532s] {'table_name': 'user', 'param_1': 'r', 'param_2': 'p', 'param_3': 'f', 'param_4': 'v', 'param_5': 'm', 'nspname_1': 'pg_catalog'} (base.py:1842)
2025-06-17 11:28:07 [   DEBUG] Query eseguita in 0.02 secondi: SELECT pg_catalog.pg_class.relname 
FROM pg_catalog.pg_class JOIN pg_catalog.pg_namespace ON pg_catalog.pg_namespace.oid = pg_catalog.pg_class.relnamespace 
WHERE pg_catalog.pg_class.relname = %(table_name)s AND pg_catalog.pg_class.relkind = ANY (ARRAY[%(param_1)s, %(param_2)s, %(param_3)s, %(param_4)s, %(param_5)s]) AND pg_catalog.pg_table_is_visible(pg_catalog.pg_class.oid) AND pg_catalog.pg_namespace.nspname != %(nspname_1)s (session.py:30)
2025-06-17 11:28:07 [    INFO] SELECT pg_catalog.pg_class.relname 
FROM pg_catalog.pg_class JOIN pg_catalog.pg_namespace ON pg_catalog.pg_namespace.oid = pg_catalog.pg_class.relnamespace 
WHERE pg_catalog.pg_class.relname = %(table_name)s AND pg_catalog.pg_class.relkind = ANY (ARRAY[%(param_1)s, %(param_2)s, %(param_3)s, %(param_4)s, %(param_5)s]) AND pg_catalog.pg_table_is_visible(pg_catalog.pg_class.oid) AND pg_catalog.pg_namespace.nspname != %(nspname_1)s (base.py:1842)
2025-06-17 11:28:07 [    INFO] [cached since 0.02368s ago] {'table_name': 'documents', 'param_1': 'r', 'param_2': 'p', 'param_3': 'f', 'param_4': 'v', 'param_5': 'm', 'nspname_1': 'pg_catalog'} (base.py:1842)
2025-06-17 11:28:07 [   DEBUG] Query eseguita in 0.00 secondi: SELECT pg_catalog.pg_class.relname 
FROM pg_catalog.pg_class JOIN pg_catalog.pg_namespace ON pg_catalog.pg_namespace.oid = pg_catalog.pg_class.relnamespace 
WHERE pg_catalog.pg_class.relname = %(table_name)s AND pg_catalog.pg_class.relkind = ANY (ARRAY[%(param_1)s, %(param_2)s, %(param_3)s, %(param_4)s, %(param_5)s]) AND pg_catalog.pg_table_is_visible(pg_catalog.pg_class.oid) AND pg_catalog.pg_namespace.nspname != %(nspname_1)s (session.py:30)
2025-06-17 11:28:07 [    INFO] SELECT pg_catalog.pg_class.relname 
FROM pg_catalog.pg_class JOIN pg_catalog.pg_namespace ON pg_catalog.pg_namespace.oid = pg_catalog.pg_class.relnamespace 
WHERE pg_catalog.pg_class.relname = %(table_name)s AND pg_catalog.pg_class.relkind = ANY (ARRAY[%(param_1)s, %(param_2)s, %(param_3)s, %(param_4)s, %(param_5)s]) AND pg_catalog.pg_table_is_visible(pg_catalog.pg_class.oid) AND pg_catalog.pg_namespace.nspname != %(nspname_1)s (base.py:1842)
2025-06-17 11:28:07 [    INFO] [cached since 0.03087s ago] {'table_name': 'document_versions', 'param_1': 'r', 'param_2': 'p', 'param_3': 'f', 'param_4': 'v', 'param_5': 'm', 'nspname_1': 'pg_catalog'} (base.py:1842)
2025-06-17 11:28:07 [   DEBUG] Query eseguita in 0.01 secondi: SELECT pg_catalog.pg_class.relname 
FROM pg_catalog.pg_class JOIN pg_catalog.pg_namespace ON pg_catalog.pg_namespace.oid = pg_catalog.pg_class.relnamespace 
WHERE pg_catalog.pg_class.relname = %(table_name)s AND pg_catalog.pg_class.relkind = ANY (ARRAY[%(param_1)s, %(param_2)s, %(param_3)s, %(param_4)s, %(param_5)s]) AND pg_catalog.pg_table_is_visible(pg_catalog.pg_class.oid) AND pg_catalog.pg_namespace.nspname != %(nspname_1)s (session.py:30)
2025-06-17 11:28:07 [    INFO] SELECT pg_catalog.pg_class.relname 
FROM pg_catalog.pg_class JOIN pg_catalog.pg_namespace ON pg_catalog.pg_namespace.oid = pg_catalog.pg_class.relnamespace 
WHERE pg_catalog.pg_class.relname = %(table_name)s AND pg_catalog.pg_class.relkind = ANY (ARRAY[%(param_1)s, %(param_2)s, %(param_3)s, %(param_4)s, %(param_5)s]) AND pg_catalog.pg_table_is_visible(pg_catalog.pg_class.oid) AND pg_catalog.pg_namespace.nspname != %(nspname_1)s (base.py:1842)
2025-06-17 11:28:07 [    INFO] [cached since 0.0403s ago] {'table_name': 'houses', 'param_1': 'r', 'param_2': 'p', 'param_3': 'f', 'param_4': 'v', 'param_5': 'm', 'nspname_1': 'pg_catalog'} (base.py:1842)
2025-06-17 11:28:07 [   DEBUG] Query eseguita in 0.00 secondi: SELECT pg_catalog.pg_class.relname 
FROM pg_catalog.pg_class JOIN pg_catalog.pg_namespace ON pg_catalog.pg_namespace.oid = pg_catalog.pg_class.relnamespace 
WHERE pg_catalog.pg_class.relname = %(table_name)s AND pg_catalog.pg_class.relkind = ANY (ARRAY[%(param_1)s, %(param_2)s, %(param_3)s, %(param_4)s, %(param_5)s]) AND pg_catalog.pg_table_is_visible(pg_catalog.pg_class.oid) AND pg_catalog.pg_namespace.nspname != %(nspname_1)s (session.py:30)
2025-06-17 11:28:07 [    INFO] SELECT pg_catalog.pg_class.relname 
FROM pg_catalog.pg_class JOIN pg_catalog.pg_namespace ON pg_catalog.pg_namespace.oid = pg_catalog.pg_class.relnamespace 
WHERE pg_catalog.pg_class.relname = %(table_name)s AND pg_catalog.pg_class.relkind = ANY (ARRAY[%(param_1)s, %(param_2)s, %(param_3)s, %(param_4)s, %(param_5)s]) AND pg_catalog.pg_table_is_visible(pg_catalog.pg_class.oid) AND pg_catalog.pg_namespace.nspname != %(nspname_1)s (base.py:1842)
2025-06-17 11:28:07 [    INFO] [cached since 0.04804s ago] {'table_name': 'nodes', 'param_1': 'r', 'param_2': 'p', 'param_3': 'f', 'param_4': 'v', 'param_5': 'm', 'nspname_1': 'pg_catalog'} (base.py:1842)
2025-06-17 11:28:07 [   DEBUG] Query eseguita in 0.01 secondi: SELECT pg_catalog.pg_class.relname 
FROM pg_catalog.pg_class JOIN pg_catalog.pg_namespace ON pg_catalog.pg_namespace.oid = pg_catalog.pg_class.relnamespace 
WHERE pg_catalog.pg_class.relname = %(table_name)s AND pg_catalog.pg_class.relkind = ANY (ARRAY[%(param_1)s, %(param_2)s, %(param_3)s, %(param_4)s, %(param_5)s]) AND pg_catalog.pg_table_is_visible(pg_catalog.pg_class.oid) AND pg_catalog.pg_namespace.nspname != %(nspname_1)s (session.py:30)
2025-06-17 11:28:07 [    INFO] SELECT pg_catalog.pg_class.relname 
FROM pg_catalog.pg_class JOIN pg_catalog.pg_namespace ON pg_catalog.pg_namespace.oid = pg_catalog.pg_class.relnamespace 
WHERE pg_catalog.pg_class.relname = %(table_name)s AND pg_catalog.pg_class.relkind = ANY (ARRAY[%(param_1)s, %(param_2)s, %(param_3)s, %(param_4)s, %(param_5)s]) AND pg_catalog.pg_table_is_visible(pg_catalog.pg_class.oid) AND pg_catalog.pg_namespace.nspname != %(nspname_1)s (base.py:1842)
2025-06-17 11:28:07 [    INFO] [cached since 0.05808s ago] {'table_name': 'rooms', 'param_1': 'r', 'param_2': 'p', 'param_3': 'f', 'param_4': 'v', 'param_5': 'm', 'nspname_1': 'pg_catalog'} (base.py:1842)
2025-06-17 11:28:07 [   DEBUG] Query eseguita in 0.01 secondi: SELECT pg_catalog.pg_class.relname 
FROM pg_catalog.pg_class JOIN pg_catalog.pg_namespace ON pg_catalog.pg_namespace.oid = pg_catalog.pg_class.relnamespace 
WHERE pg_catalog.pg_class.relname = %(table_name)s AND pg_catalog.pg_class.relkind = ANY (ARRAY[%(param_1)s, %(param_2)s, %(param_3)s, %(param_4)s, %(param_5)s]) AND pg_catalog.pg_table_is_visible(pg_catalog.pg_class.oid) AND pg_catalog.pg_namespace.nspname != %(nspname_1)s (session.py:30)
2025-06-17 11:28:07 [    INFO] SELECT pg_catalog.pg_class.relname 
FROM pg_catalog.pg_class JOIN pg_catalog.pg_namespace ON pg_catalog.pg_namespace.oid = pg_catalog.pg_class.relnamespace 
WHERE pg_catalog.pg_class.relname = %(table_name)s AND pg_catalog.pg_class.relkind = ANY (ARRAY[%(param_1)s, %(param_2)s, %(param_3)s, %(param_4)s, %(param_5)s]) AND pg_catalog.pg_table_is_visible(pg_catalog.pg_class.oid) AND pg_catalog.pg_namespace.nspname != %(nspname_1)s (base.py:1842)
2025-06-17 11:28:07 [    INFO] [cached since 0.07102s ago] {'table_name': 'bookings', 'param_1': 'r', 'param_2': 'p', 'param_3': 'f', 'param_4': 'v', 'param_5': 'm', 'nspname_1': 'pg_catalog'} (base.py:1842)
2025-06-17 11:28:07 [   DEBUG] Query eseguita in 0.01 secondi: SELECT pg_catalog.pg_class.relname 
FROM pg_catalog.pg_class JOIN pg_catalog.pg_namespace ON pg_catalog.pg_namespace.oid = pg_catalog.pg_class.relnamespace 
WHERE pg_catalog.pg_class.relname = %(table_name)s AND pg_catalog.pg_class.relkind = ANY (ARRAY[%(param_1)s, %(param_2)s, %(param_3)s, %(param_4)s, %(param_5)s]) AND pg_catalog.pg_table_is_visible(pg_catalog.pg_class.oid) AND pg_catalog.pg_namespace.nspname != %(nspname_1)s (session.py:30)
2025-06-17 11:28:07 [    INFO] SELECT pg_catalog.pg_class.relname 
FROM pg_catalog.pg_class JOIN pg_catalog.pg_namespace ON pg_catalog.pg_namespace.oid = pg_catalog.pg_class.relnamespace 
WHERE pg_catalog.pg_class.relname = %(table_name)s AND pg_catalog.pg_class.relkind = ANY (ARRAY[%(param_1)s, %(param_2)s, %(param_3)s, %(param_4)s, %(param_5)s]) AND pg_catalog.pg_table_is_visible(pg_catalog.pg_class.oid) AND pg_catalog.pg_namespace.nspname != %(nspname_1)s (base.py:1842)
2025-06-17 11:28:07 [    INFO] [cached since 0.07808s ago] {'table_name': 'maintenance_records', 'param_1': 'r', 'param_2': 'p', 'param_3': 'f', 'param_4': 'v', 'param_5': 'm', 'nspname_1': 'pg_catalog'} (base.py:1842)
2025-06-17 11:28:07 [   DEBUG] Query eseguita in 0.01 secondi: SELECT pg_catalog.pg_class.relname 
FROM pg_catalog.pg_class JOIN pg_catalog.pg_namespace ON pg_catalog.pg_namespace.oid = pg_catalog.pg_class.relnamespace 
WHERE pg_catalog.pg_class.relname = %(table_name)s AND pg_catalog.pg_class.relkind = ANY (ARRAY[%(param_1)s, %(param_2)s, %(param_3)s, %(param_4)s, %(param_5)s]) AND pg_catalog.pg_table_is_visible(pg_catalog.pg_class.oid) AND pg_catalog.pg_namespace.nspname != %(nspname_1)s (session.py:30)
2025-06-17 11:28:07 [    INFO] SELECT pg_catalog.pg_type.typname 
FROM pg_catalog.pg_type JOIN pg_catalog.pg_namespace ON pg_catalog.pg_namespace.oid = pg_catalog.pg_type.typnamespace 
WHERE pg_catalog.pg_type.typname = %(typname_1)s AND pg_catalog.pg_type_is_visible(pg_catalog.pg_type.oid) AND pg_catalog.pg_namespace.nspname != %(nspname_1)s (base.py:1842)
2025-06-17 11:28:08 [    INFO] [generated in 0.00571s] {'typname_1': 'maintenancetype', 'nspname_1': 'pg_catalog'} (base.py:1842)
2025-06-17 11:28:08 [   DEBUG] Query eseguita in 0.01 secondi: SELECT pg_catalog.pg_type.typname 
FROM pg_catalog.pg_type JOIN pg_catalog.pg_namespace ON pg_catalog.pg_namespace.oid = pg_catalog.pg_type.typnamespace 
WHERE pg_catalog.pg_type.typname = %(typname_1)s AND pg_catalog.pg_type_is_visible(pg_catalog.pg_type.oid) AND pg_catalog.pg_namespace.nspname != %(nspname_1)s (session.py:30)
2025-06-17 11:28:08 [    INFO] CREATE TYPE maintenancetype AS ENUM ('ROUTINE', 'PREVENTIVE', 'CORRECTIVE', 'EMERGENCY', 'INSPECTION') (base.py:1842)
2025-06-17 11:28:08 [    INFO] [no key 0.00142s] {} (base.py:1842)
2025-06-17 11:28:08 [   DEBUG] Query eseguita in 0.01 secondi: CREATE TYPE maintenancetype AS ENUM ('ROUTINE', 'PREVENTIVE', 'CORRECTIVE', 'EMERGENCY', 'INSPECTION') (session.py:30)
2025-06-17 11:28:08 [    INFO] SELECT pg_catalog.pg_type.typname 
FROM pg_catalog.pg_type JOIN pg_catalog.pg_namespace ON pg_catalog.pg_namespace.oid = pg_catalog.pg_type.typnamespace 
WHERE pg_catalog.pg_type.typname = %(typname_1)s AND pg_catalog.pg_type_is_visible(pg_catalog.pg_type.oid) AND pg_catalog.pg_namespace.nspname != %(nspname_1)s (base.py:1842)
2025-06-17 11:28:08 [    INFO] [cached since 0.02934s ago] {'typname_1': 'maintenancestatus', 'nspname_1': 'pg_catalog'} (base.py:1842)
2025-06-17 11:28:08 [   DEBUG] Query eseguita in 0.01 secondi: SELECT pg_catalog.pg_type.typname 
FROM pg_catalog.pg_type JOIN pg_catalog.pg_namespace ON pg_catalog.pg_namespace.oid = pg_catalog.pg_type.typnamespace 
WHERE pg_catalog.pg_type.typname = %(typname_1)s AND pg_catalog.pg_type_is_visible(pg_catalog.pg_type.oid) AND pg_catalog.pg_namespace.nspname != %(nspname_1)s (session.py:30)
2025-06-17 11:28:08 [    INFO] CREATE TYPE maintenancestatus AS ENUM ('PENDING', 'COMPLETED', 'FAILED') (base.py:1842)
2025-06-17 11:28:08 [    INFO] [no key 0.00510s] {} (base.py:1842)
2025-06-17 11:28:08 [   DEBUG] Query eseguita in 0.01 secondi: CREATE TYPE maintenancestatus AS ENUM ('PENDING', 'COMPLETED', 'FAILED') (session.py:30)
2025-06-17 11:28:08 [    INFO] 
CREATE TABLE "user" (
	id SERIAL NOT NULL, 
	email VARCHAR NOT NULL, 
	username VARCHAR NOT NULL, 
	hashed_password VARCHAR NOT NULL, 
	is_active BOOLEAN NOT NULL, 
	is_superuser BOOLEAN NOT NULL, 
	is_verified BOOLEAN NOT NULL, 
	created_at TIMESTAMP WITHOUT TIME ZONE NOT NULL, 
	updated_at TIMESTAMP WITHOUT TIME ZONE NOT NULL, 
	last_login TIMESTAMP WITH TIME ZONE, 
	full_name VARCHAR(255), 
	phone_number VARCHAR(20), 
	PRIMARY KEY (id)
)

 (base.py:1842)
2025-06-17 11:28:08 [    INFO] [no key 0.00735s] {} (base.py:1842)
2025-06-17 11:28:08 [   DEBUG] Query eseguita in 0.06 secondi: 
CREATE TABLE "user" (
	id SERIAL NOT NULL, 
	email VARCHAR NOT NULL, 
	username VARCHAR NOT NULL, 
	hashed_password VARCHAR NOT NULL, 
	is_active BOOLEAN NOT NULL, 
	is_superuser BOOLEAN NOT NULL, 
	is_verified BOOLEAN NOT NULL, 
	created_at TIMESTAMP WITHOUT TIME ZONE NOT NULL, 
	updated_at TIMESTAMP WITHOUT TIME ZONE NOT NULL, 
	last_login TIMESTAMP WITH TIME ZONE, 
	full_name VARCHAR(255), 
	phone_number VARCHAR(20), 
	PRIMARY KEY (id)
)

 (session.py:30)
2025-06-17 11:28:08 [    INFO] CREATE UNIQUE INDEX ix_user_email ON "user" (email) (base.py:1842)
2025-06-17 11:28:08 [    INFO] [no key 0.00130s] {} (base.py:1842)
2025-06-17 11:28:08 [   DEBUG] Query eseguita in 0.01 secondi: CREATE UNIQUE INDEX ix_user_email ON "user" (email) (session.py:30)
2025-06-17 11:28:08 [    INFO] CREATE UNIQUE INDEX ix_user_username ON "user" (username) (base.py:1842)
2025-06-17 11:28:08 [    INFO] [no key 0.00068s] {} (base.py:1842)
2025-06-17 11:28:08 [   DEBUG] Query eseguita in 0.01 secondi: CREATE UNIQUE INDEX ix_user_username ON "user" (username) (session.py:30)
2025-06-17 11:28:08 [    INFO] 
CREATE TABLE houses (
	id SERIAL NOT NULL, 
	name VARCHAR NOT NULL, 
	address VARCHAR NOT NULL, 
	owner_id INTEGER NOT NULL, 
	created_at TIMESTAMP WITHOUT TIME ZONE NOT NULL, 
	updated_at TIMESTAMP WITHOUT TIME ZONE NOT NULL, 
	PRIMARY KEY (id), 
	FOREIGN KEY(owner_id) REFERENCES "user" (id)
)

 (base.py:1842)
2025-06-17 11:28:08 [    INFO] [no key 0.00098s] {} (base.py:1842)
2025-06-17 11:28:08 [   DEBUG] Query eseguita in 0.04 secondi: 
CREATE TABLE houses (
	id SERIAL NOT NULL, 
	name VARCHAR NOT NULL, 
	address VARCHAR NOT NULL, 
	owner_id INTEGER NOT NULL, 
	created_at TIMESTAMP WITHOUT TIME ZONE NOT NULL, 
	updated_at TIMESTAMP WITHOUT TIME ZONE NOT NULL, 
	PRIMARY KEY (id), 
	FOREIGN KEY(owner_id) REFERENCES "user" (id)
)

 (session.py:30)
2025-06-17 11:28:08 [    INFO] CREATE INDEX ix_houses_name ON houses (name) (base.py:1842)
2025-06-17 11:28:08 [    INFO] [no key 0.00080s] {} (base.py:1842)
2025-06-17 11:28:08 [   DEBUG] Query eseguita in 0.01 secondi: CREATE INDEX ix_houses_name ON houses (name) (session.py:30)
2025-06-17 11:28:08 [    INFO] 
CREATE TABLE rooms (
	id SERIAL NOT NULL, 
	name VARCHAR NOT NULL, 
	description VARCHAR, 
	floor INTEGER NOT NULL, 
	area FLOAT NOT NULL, 
	house_id INTEGER NOT NULL, 
	created_at TIMESTAMP WITHOUT TIME ZONE NOT NULL, 
	updated_at TIMESTAMP WITHOUT TIME ZONE NOT NULL, 
	PRIMARY KEY (id), 
	FOREIGN KEY(house_id) REFERENCES houses (id)
)

 (base.py:1842)
2025-06-17 11:28:08 [    INFO] [no key 0.00086s] {} (base.py:1842)
2025-06-17 11:28:08 [   DEBUG] Query eseguita in 0.03 secondi: 
CREATE TABLE rooms (
	id SERIAL NOT NULL, 
	name VARCHAR NOT NULL, 
	description VARCHAR, 
	floor INTEGER NOT NULL, 
	area FLOAT NOT NULL, 
	house_id INTEGER NOT NULL, 
	created_at TIMESTAMP WITHOUT TIME ZONE NOT NULL, 
	updated_at TIMESTAMP WITHOUT TIME ZONE NOT NULL, 
	PRIMARY KEY (id), 
	FOREIGN KEY(house_id) REFERENCES houses (id)
)

 (session.py:30)
2025-06-17 11:28:08 [    INFO] CREATE INDEX ix_rooms_name ON rooms (name) (base.py:1842)
2025-06-17 11:28:08 [    INFO] [no key 0.00255s] {} (base.py:1842)
2025-06-17 11:28:08 [   DEBUG] Query eseguita in 0.01 secondi: CREATE INDEX ix_rooms_name ON rooms (name) (session.py:30)
2025-06-17 11:28:08 [    INFO] 
CREATE TABLE nodes (
	id SERIAL NOT NULL, 
	name VARCHAR NOT NULL, 
	description VARCHAR, 
	nfc_id VARCHAR NOT NULL, 
	house_id INTEGER NOT NULL, 
	room_id INTEGER, 
	PRIMARY KEY (id), 
	FOREIGN KEY(house_id) REFERENCES houses (id), 
	FOREIGN KEY(room_id) REFERENCES rooms (id)
)

 (base.py:1842)
2025-06-17 11:28:08 [    INFO] [no key 0.00094s] {} (base.py:1842)
2025-06-17 11:28:08 [   DEBUG] Query eseguita in 0.04 secondi: 
CREATE TABLE nodes (
	id SERIAL NOT NULL, 
	name VARCHAR NOT NULL, 
	description VARCHAR, 
	nfc_id VARCHAR NOT NULL, 
	house_id INTEGER NOT NULL, 
	room_id INTEGER, 
	PRIMARY KEY (id), 
	FOREIGN KEY(house_id) REFERENCES houses (id), 
	FOREIGN KEY(room_id) REFERENCES rooms (id)
)

 (session.py:30)
2025-06-17 11:28:08 [    INFO] CREATE UNIQUE INDEX ix_nodes_nfc_id ON nodes (nfc_id) (base.py:1842)
2025-06-17 11:28:08 [    INFO] [no key 0.00131s] {} (base.py:1842)
2025-06-17 11:28:08 [   DEBUG] Query eseguita in 0.01 secondi: CREATE UNIQUE INDEX ix_nodes_nfc_id ON nodes (nfc_id) (session.py:30)
2025-06-17 11:28:08 [    INFO] 
CREATE TABLE bookings (
	id SERIAL NOT NULL, 
	room_id INTEGER NOT NULL, 
	user_id INTEGER NOT NULL, 
	start_time TIMESTAMP WITHOUT TIME ZONE NOT NULL, 
	end_time TIMESTAMP WITHOUT TIME ZONE NOT NULL, 
	status VARCHAR NOT NULL, 
	notes VARCHAR, 
	created_at TIMESTAMP WITHOUT TIME ZONE NOT NULL, 
	updated_at TIMESTAMP WITHOUT TIME ZONE NOT NULL, 
	PRIMARY KEY (id), 
	FOREIGN KEY(room_id) REFERENCES rooms (id), 
	FOREIGN KEY(user_id) REFERENCES "user" (id)
)

 (base.py:1842)
2025-06-17 11:28:08 [    INFO] [no key 0.00150s] {} (base.py:1842)
2025-06-17 11:28:08 [   DEBUG] Query eseguita in 0.05 secondi: 
CREATE TABLE bookings (
	id SERIAL NOT NULL, 
	room_id INTEGER NOT NULL, 
	user_id INTEGER NOT NULL, 
	start_time TIMESTAMP WITHOUT TIME ZONE NOT NULL, 
	end_time TIMESTAMP WITHOUT TIME ZONE NOT NULL, 
	status VARCHAR NOT NULL, 
	notes VARCHAR, 
	created_at TIMESTAMP WITHOUT TIME ZONE NOT NULL, 
	updated_at TIMESTAMP WITHOUT TIME ZONE NOT NULL, 
	PRIMARY KEY (id), 
	FOREIGN KEY(room_id) REFERENCES rooms (id), 
	FOREIGN KEY(user_id) REFERENCES "user" (id)
)

 (session.py:30)
2025-06-17 11:28:08 [    INFO] 
CREATE TABLE documents (
	id SERIAL NOT NULL, 
	created_at TIMESTAMP WITHOUT TIME ZONE NOT NULL, 
	updated_at TIMESTAMP WITHOUT TIME ZONE NOT NULL, 
	owner_id INTEGER NOT NULL, 
	name VARCHAR NOT NULL, 
	type VARCHAR NOT NULL, 
	size INTEGER NOT NULL, 
	upload_date TIMESTAMP WITHOUT TIME ZONE NOT NULL, 
	path VARCHAR NOT NULL, 
	checksum VARCHAR NOT NULL, 
	house_id INTEGER, 
	node_id INTEGER, 
	description VARCHAR, 
	PRIMARY KEY (id), 
	FOREIGN KEY(owner_id) REFERENCES "user" (id), 
	FOREIGN KEY(house_id) REFERENCES houses (id), 
	FOREIGN KEY(node_id) REFERENCES nodes (id)
)

 (base.py:1842)
2025-06-17 11:28:08 [    INFO] [no key 0.00167s] {} (base.py:1842)
2025-06-17 11:28:08 [   DEBUG] Query eseguita in 0.15 secondi: 
CREATE TABLE documents (
	id SERIAL NOT NULL, 
	created_at TIMESTAMP WITHOUT TIME ZONE NOT NULL, 
	updated_at TIMESTAMP WITHOUT TIME ZONE NOT NULL, 
	owner_id INTEGER NOT NULL, 
	name VARCHAR NOT NULL, 
	type VARCHAR NOT NULL, 
	size INTEGER NOT NULL, 
	upload_date TIMESTAMP WITHOUT TIME ZONE NOT NULL, 
	path VARCHAR NOT NULL, 
	checksum VARCHAR NOT NULL, 
	house_id INTEGER, 
	node_id INTEGER, 
	description VARCHAR, 
	PRIMARY KEY (id), 
	FOREIGN KEY(owner_id) REFERENCES "user" (id), 
	FOREIGN KEY(house_id) REFERENCES houses (id), 
	FOREIGN KEY(node_id) REFERENCES nodes (id)
)

 (session.py:30)
2025-06-17 11:28:08 [    INFO] CREATE INDEX ix_documents_owner_id ON documents (owner_id) (base.py:1842)
2025-06-17 11:28:08 [    INFO] [no key 0.00087s] {} (base.py:1842)
2025-06-17 11:28:08 [   DEBUG] Query eseguita in 0.01 secondi: CREATE INDEX ix_documents_owner_id ON documents (owner_id) (session.py:30)
2025-06-17 11:28:08 [    INFO] 
CREATE TABLE document_versions (
	id SERIAL NOT NULL, 
	version_number INTEGER NOT NULL, 
	file_path VARCHAR NOT NULL, 
	file_size INTEGER NOT NULL, 
	checksum VARCHAR NOT NULL, 
	created_at TIMESTAMP WITHOUT TIME ZONE NOT NULL, 
	updated_at TIMESTAMP WITHOUT TIME ZONE NOT NULL, 
	document_id INTEGER NOT NULL, 
	created_by_id INTEGER, 
	PRIMARY KEY (id), 
	FOREIGN KEY(document_id) REFERENCES documents (id), 
	FOREIGN KEY(created_by_id) REFERENCES "user" (id)
)

 (base.py:1842)
2025-06-17 11:28:08 [    INFO] [no key 0.00368s] {} (base.py:1842)
2025-06-17 11:28:08 [   DEBUG] Query eseguita in 0.05 secondi: 
CREATE TABLE document_versions (
	id SERIAL NOT NULL, 
	version_number INTEGER NOT NULL, 
	file_path VARCHAR NOT NULL, 
	file_size INTEGER NOT NULL, 
	checksum VARCHAR NOT NULL, 
	created_at TIMESTAMP WITHOUT TIME ZONE NOT NULL, 
	updated_at TIMESTAMP WITHOUT TIME ZONE NOT NULL, 
	document_id INTEGER NOT NULL, 
	created_by_id INTEGER, 
	PRIMARY KEY (id), 
	FOREIGN KEY(document_id) REFERENCES documents (id), 
	FOREIGN KEY(created_by_id) REFERENCES "user" (id)
)

 (session.py:30)
2025-06-17 11:28:08 [    INFO] CREATE INDEX ix_document_versions_version_number ON document_versions (version_number) (base.py:1842)
2025-06-17 11:28:08 [    INFO] [no key 0.00082s] {} (base.py:1842)
2025-06-17 11:28:08 [   DEBUG] Query eseguita in 0.01 secondi: CREATE INDEX ix_document_versions_version_number ON document_versions (version_number) (session.py:30)
2025-06-17 11:28:08 [    INFO] CREATE INDEX ix_document_versions_created_by_id ON document_versions (created_by_id) (base.py:1842)
2025-06-17 11:28:08 [    INFO] [no key 0.00130s] {} (base.py:1842)
2025-06-17 11:28:08 [   DEBUG] Query eseguita in 0.01 secondi: CREATE INDEX ix_document_versions_created_by_id ON document_versions (created_by_id) (session.py:30)
2025-06-17 11:28:08 [    INFO] CREATE INDEX ix_document_versions_document_id ON document_versions (document_id) (base.py:1842)
2025-06-17 11:28:08 [    INFO] [no key 0.00394s] {} (base.py:1842)
2025-06-17 11:28:08 [   DEBUG] Query eseguita in 0.01 secondi: CREATE INDEX ix_document_versions_document_id ON document_versions (document_id) (session.py:30)
2025-06-17 11:28:08 [    INFO] 
CREATE TABLE maintenance_records (
	id SERIAL NOT NULL, 
	node_id INTEGER NOT NULL, 
	timestamp TIMESTAMP WITHOUT TIME ZONE NOT NULL, 
	maintenance_type maintenancetype NOT NULL, 
	description VARCHAR NOT NULL, 
	status maintenancestatus NOT NULL, 
	notes VARCHAR, 
	document_id INTEGER, 
	PRIMARY KEY (id), 
	FOREIGN KEY(node_id) REFERENCES nodes (id), 
	FOREIGN KEY(document_id) REFERENCES documents (id)
)

 (base.py:1842)
2025-06-17 11:28:08 [    INFO] [no key 0.00421s] {} (base.py:1842)
2025-06-17 11:28:08 [   DEBUG] Query eseguita in 0.04 secondi: 
CREATE TABLE maintenance_records (
	id SERIAL NOT NULL, 
	node_id INTEGER NOT NULL, 
	timestamp TIMESTAMP WITHOUT TIME ZONE NOT NULL, 
	maintenance_type maintenancetype NOT NULL, 
	description VARCHAR NOT NULL, 
	status maintenancestatus NOT NULL, 
	notes VARCHAR, 
	document_id INTEGER, 
	PRIMARY KEY (id), 
	FOREIGN KEY(node_id) REFERENCES nodes (id), 
	FOREIGN KEY(document_id) REFERENCES documents (id)
)

 (session.py:30)
2025-06-17 11:28:08 [    INFO] CREATE INDEX ix_maintenance_records_node_id ON maintenance_records (node_id) (base.py:1842)
2025-06-17 11:28:08 [    INFO] [no key 0.00082s] {} (base.py:1842)
2025-06-17 11:28:08 [   DEBUG] Query eseguita in 0.01 secondi: CREATE INDEX ix_maintenance_records_node_id ON maintenance_records (node_id) (session.py:30)
2025-06-17 11:28:08 [    INFO] COMMIT (base.py:2704)
2025-06-17 11:28:08 [   DEBUG] Test database tables created successfully (test_users.py:52)
2025-06-17 11:28:08 [   DEBUG] Test database session created successfully (test_users.py:55)
2025-06-17 11:28:08 [   DEBUG] Overriding get_session for tests... (conftest.py:269)
2025-06-17 11:28:08 [   DEBUG] Setting up FakeRedis for tests... (conftest_redis.py:18)
2025-06-17 11:28:08 [   DEBUG] Connessione Redis stabilita con successo (redis.py:24)
-------------------------------- live log call --------------------------------
2025-06-17 11:28:08 [   DEBUG] Using proactor: IocpProactor (proactor_events.py:631)
2025-06-17 11:28:08 [    INFO] HTTP Request: POST http://testserver/api/v1/auth/register "HTTP/1.1 422 Unprocessable Entity" (_client.py:1025)
PASSED                                                                   [ 41%]
------------------------------ live log teardown ------------------------------
2025-06-17 11:28:08 [   DEBUG] Restored original Redis client (conftest_redis.py:29)
2025-06-17 11:28:08 [   DEBUG] get_session override cleared (conftest.py:275)
2025-06-17 11:28:08 [   DEBUG] Cleaning up test database session... (test_users.py:57)
2025-06-17 11:28:08 [    INFO] BEGIN (implicit) (base.py:2698)
2025-06-17 11:28:08 [    INFO] DROP SCHEMA public CASCADE (base.py:1842)
2025-06-17 11:28:08 [    INFO] [generated in 0.00480s] {} (base.py:1842)
2025-06-17 11:28:09 [   DEBUG] Query eseguita in 0.19 secondi: DROP SCHEMA public CASCADE (session.py:30)
2025-06-17 11:28:09 [    INFO] CREATE SCHEMA public (base.py:1842)
2025-06-17 11:28:09 [    INFO] [generated in 0.00090s] {} (base.py:1842)
2025-06-17 11:28:09 [   DEBUG] Query eseguita in 0.00 secondi: CREATE SCHEMA public (session.py:30)
2025-06-17 11:28:09 [    INFO] COMMIT (base.py:2704)
2025-06-17 11:28:09 [   DEBUG] Test database cleanup completed (test_users.py:63)
2025-06-17 11:28:09 [   DEBUG] Session fixture completed in 1.88 seconds (test_users.py:68)

tests/api/test_users.py::test_create_user_invalid_password[abcdefgh] 
------------------------------- live log setup --------------------------------
2025-06-17 11:28:09 [   DEBUG] Setting up test database session... (test_users.py:38)
2025-06-17 11:28:09 [    INFO] select pg_catalog.version() (base.py:1842)
2025-06-17 11:28:09 [    INFO] [raw sql] {} (base.py:1842)
2025-06-17 11:28:09 [    INFO] select current_schema() (base.py:1842)
2025-06-17 11:28:09 [    INFO] [raw sql] {} (base.py:1842)
2025-06-17 11:28:09 [    INFO] show standard_conforming_strings (base.py:1842)
2025-06-17 11:28:09 [    INFO] [raw sql] {} (base.py:1842)
2025-06-17 11:28:09 [    INFO] BEGIN (implicit) (base.py:2698)
2025-06-17 11:28:09 [    INFO] SELECT pg_catalog.pg_class.relname 
FROM pg_catalog.pg_class JOIN pg_catalog.pg_namespace ON pg_catalog.pg_namespace.oid = pg_catalog.pg_class.relnamespace 
WHERE pg_catalog.pg_class.relname = %(table_name)s AND pg_catalog.pg_class.relkind = ANY (ARRAY[%(param_1)s, %(param_2)s, %(param_3)s, %(param_4)s, %(param_5)s]) AND pg_catalog.pg_table_is_visible(pg_catalog.pg_class.oid) AND pg_catalog.pg_namespace.nspname != %(nspname_1)s (base.py:1842)
2025-06-17 11:28:09 [    INFO] [generated in 0.00464s] {'table_name': 'user', 'param_1': 'r', 'param_2': 'p', 'param_3': 'f', 'param_4': 'v', 'param_5': 'm', 'nspname_1': 'pg_catalog'} (base.py:1842)
2025-06-17 11:28:09 [   DEBUG] Query eseguita in 0.02 secondi: SELECT pg_catalog.pg_class.relname 
FROM pg_catalog.pg_class JOIN pg_catalog.pg_namespace ON pg_catalog.pg_namespace.oid = pg_catalog.pg_class.relnamespace 
WHERE pg_catalog.pg_class.relname = %(table_name)s AND pg_catalog.pg_class.relkind = ANY (ARRAY[%(param_1)s, %(param_2)s, %(param_3)s, %(param_4)s, %(param_5)s]) AND pg_catalog.pg_table_is_visible(pg_catalog.pg_class.oid) AND pg_catalog.pg_namespace.nspname != %(nspname_1)s (session.py:30)
2025-06-17 11:28:09 [    INFO] SELECT pg_catalog.pg_class.relname 
FROM pg_catalog.pg_class JOIN pg_catalog.pg_namespace ON pg_catalog.pg_namespace.oid = pg_catalog.pg_class.relnamespace 
WHERE pg_catalog.pg_class.relname = %(table_name)s AND pg_catalog.pg_class.relkind = ANY (ARRAY[%(param_1)s, %(param_2)s, %(param_3)s, %(param_4)s, %(param_5)s]) AND pg_catalog.pg_table_is_visible(pg_catalog.pg_class.oid) AND pg_catalog.pg_namespace.nspname != %(nspname_1)s (base.py:1842)
2025-06-17 11:28:09 [    INFO] [cached since 0.02347s ago] {'table_name': 'documents', 'param_1': 'r', 'param_2': 'p', 'param_3': 'f', 'param_4': 'v', 'param_5': 'm', 'nspname_1': 'pg_catalog'} (base.py:1842)
2025-06-17 11:28:09 [   DEBUG] Query eseguita in 0.01 secondi: SELECT pg_catalog.pg_class.relname 
FROM pg_catalog.pg_class JOIN pg_catalog.pg_namespace ON pg_catalog.pg_namespace.oid = pg_catalog.pg_class.relnamespace 
WHERE pg_catalog.pg_class.relname = %(table_name)s AND pg_catalog.pg_class.relkind = ANY (ARRAY[%(param_1)s, %(param_2)s, %(param_3)s, %(param_4)s, %(param_5)s]) AND pg_catalog.pg_table_is_visible(pg_catalog.pg_class.oid) AND pg_catalog.pg_namespace.nspname != %(nspname_1)s (session.py:30)
2025-06-17 11:28:09 [    INFO] SELECT pg_catalog.pg_class.relname 
FROM pg_catalog.pg_class JOIN pg_catalog.pg_namespace ON pg_catalog.pg_namespace.oid = pg_catalog.pg_class.relnamespace 
WHERE pg_catalog.pg_class.relname = %(table_name)s AND pg_catalog.pg_class.relkind = ANY (ARRAY[%(param_1)s, %(param_2)s, %(param_3)s, %(param_4)s, %(param_5)s]) AND pg_catalog.pg_table_is_visible(pg_catalog.pg_class.oid) AND pg_catalog.pg_namespace.nspname != %(nspname_1)s (base.py:1842)
2025-06-17 11:28:09 [    INFO] [cached since 0.03326s ago] {'table_name': 'document_versions', 'param_1': 'r', 'param_2': 'p', 'param_3': 'f', 'param_4': 'v', 'param_5': 'm', 'nspname_1': 'pg_catalog'} (base.py:1842)
2025-06-17 11:28:09 [   DEBUG] Query eseguita in 0.01 secondi: SELECT pg_catalog.pg_class.relname 
FROM pg_catalog.pg_class JOIN pg_catalog.pg_namespace ON pg_catalog.pg_namespace.oid = pg_catalog.pg_class.relnamespace 
WHERE pg_catalog.pg_class.relname = %(table_name)s AND pg_catalog.pg_class.relkind = ANY (ARRAY[%(param_1)s, %(param_2)s, %(param_3)s, %(param_4)s, %(param_5)s]) AND pg_catalog.pg_table_is_visible(pg_catalog.pg_class.oid) AND pg_catalog.pg_namespace.nspname != %(nspname_1)s (session.py:30)
2025-06-17 11:28:09 [    INFO] SELECT pg_catalog.pg_class.relname 
FROM pg_catalog.pg_class JOIN pg_catalog.pg_namespace ON pg_catalog.pg_namespace.oid = pg_catalog.pg_class.relnamespace 
WHERE pg_catalog.pg_class.relname = %(table_name)s AND pg_catalog.pg_class.relkind = ANY (ARRAY[%(param_1)s, %(param_2)s, %(param_3)s, %(param_4)s, %(param_5)s]) AND pg_catalog.pg_table_is_visible(pg_catalog.pg_class.oid) AND pg_catalog.pg_namespace.nspname != %(nspname_1)s (base.py:1842)
2025-06-17 11:28:09 [    INFO] [cached since 0.04187s ago] {'table_name': 'houses', 'param_1': 'r', 'param_2': 'p', 'param_3': 'f', 'param_4': 'v', 'param_5': 'm', 'nspname_1': 'pg_catalog'} (base.py:1842)
2025-06-17 11:28:09 [   DEBUG] Query eseguita in 0.01 secondi: SELECT pg_catalog.pg_class.relname 
FROM pg_catalog.pg_class JOIN pg_catalog.pg_namespace ON pg_catalog.pg_namespace.oid = pg_catalog.pg_class.relnamespace 
WHERE pg_catalog.pg_class.relname = %(table_name)s AND pg_catalog.pg_class.relkind = ANY (ARRAY[%(param_1)s, %(param_2)s, %(param_3)s, %(param_4)s, %(param_5)s]) AND pg_catalog.pg_table_is_visible(pg_catalog.pg_class.oid) AND pg_catalog.pg_namespace.nspname != %(nspname_1)s (session.py:30)
2025-06-17 11:28:09 [    INFO] SELECT pg_catalog.pg_class.relname 
FROM pg_catalog.pg_class JOIN pg_catalog.pg_namespace ON pg_catalog.pg_namespace.oid = pg_catalog.pg_class.relnamespace 
WHERE pg_catalog.pg_class.relname = %(table_name)s AND pg_catalog.pg_class.relkind = ANY (ARRAY[%(param_1)s, %(param_2)s, %(param_3)s, %(param_4)s, %(param_5)s]) AND pg_catalog.pg_table_is_visible(pg_catalog.pg_class.oid) AND pg_catalog.pg_namespace.nspname != %(nspname_1)s (base.py:1842)
2025-06-17 11:28:09 [    INFO] [cached since 0.05268s ago] {'table_name': 'nodes', 'param_1': 'r', 'param_2': 'p', 'param_3': 'f', 'param_4': 'v', 'param_5': 'm', 'nspname_1': 'pg_catalog'} (base.py:1842)
2025-06-17 11:28:09 [   DEBUG] Query eseguita in 0.01 secondi: SELECT pg_catalog.pg_class.relname 
FROM pg_catalog.pg_class JOIN pg_catalog.pg_namespace ON pg_catalog.pg_namespace.oid = pg_catalog.pg_class.relnamespace 
WHERE pg_catalog.pg_class.relname = %(table_name)s AND pg_catalog.pg_class.relkind = ANY (ARRAY[%(param_1)s, %(param_2)s, %(param_3)s, %(param_4)s, %(param_5)s]) AND pg_catalog.pg_table_is_visible(pg_catalog.pg_class.oid) AND pg_catalog.pg_namespace.nspname != %(nspname_1)s (session.py:30)
2025-06-17 11:28:09 [    INFO] SELECT pg_catalog.pg_class.relname 
FROM pg_catalog.pg_class JOIN pg_catalog.pg_namespace ON pg_catalog.pg_namespace.oid = pg_catalog.pg_class.relnamespace 
WHERE pg_catalog.pg_class.relname = %(table_name)s AND pg_catalog.pg_class.relkind = ANY (ARRAY[%(param_1)s, %(param_2)s, %(param_3)s, %(param_4)s, %(param_5)s]) AND pg_catalog.pg_table_is_visible(pg_catalog.pg_class.oid) AND pg_catalog.pg_namespace.nspname != %(nspname_1)s (base.py:1842)
2025-06-17 11:28:09 [    INFO] [cached since 0.06444s ago] {'table_name': 'rooms', 'param_1': 'r', 'param_2': 'p', 'param_3': 'f', 'param_4': 'v', 'param_5': 'm', 'nspname_1': 'pg_catalog'} (base.py:1842)
2025-06-17 11:28:09 [   DEBUG] Query eseguita in 0.00 secondi: SELECT pg_catalog.pg_class.relname 
FROM pg_catalog.pg_class JOIN pg_catalog.pg_namespace ON pg_catalog.pg_namespace.oid = pg_catalog.pg_class.relnamespace 
WHERE pg_catalog.pg_class.relname = %(table_name)s AND pg_catalog.pg_class.relkind = ANY (ARRAY[%(param_1)s, %(param_2)s, %(param_3)s, %(param_4)s, %(param_5)s]) AND pg_catalog.pg_table_is_visible(pg_catalog.pg_class.oid) AND pg_catalog.pg_namespace.nspname != %(nspname_1)s (session.py:30)
2025-06-17 11:28:09 [    INFO] SELECT pg_catalog.pg_class.relname 
FROM pg_catalog.pg_class JOIN pg_catalog.pg_namespace ON pg_catalog.pg_namespace.oid = pg_catalog.pg_class.relnamespace 
WHERE pg_catalog.pg_class.relname = %(table_name)s AND pg_catalog.pg_class.relkind = ANY (ARRAY[%(param_1)s, %(param_2)s, %(param_3)s, %(param_4)s, %(param_5)s]) AND pg_catalog.pg_table_is_visible(pg_catalog.pg_class.oid) AND pg_catalog.pg_namespace.nspname != %(nspname_1)s (base.py:1842)
2025-06-17 11:28:09 [    INFO] [cached since 0.07148s ago] {'table_name': 'bookings', 'param_1': 'r', 'param_2': 'p', 'param_3': 'f', 'param_4': 'v', 'param_5': 'm', 'nspname_1': 'pg_catalog'} (base.py:1842)
2025-06-17 11:28:09 [   DEBUG] Query eseguita in 0.01 secondi: SELECT pg_catalog.pg_class.relname 
FROM pg_catalog.pg_class JOIN pg_catalog.pg_namespace ON pg_catalog.pg_namespace.oid = pg_catalog.pg_class.relnamespace 
WHERE pg_catalog.pg_class.relname = %(table_name)s AND pg_catalog.pg_class.relkind = ANY (ARRAY[%(param_1)s, %(param_2)s, %(param_3)s, %(param_4)s, %(param_5)s]) AND pg_catalog.pg_table_is_visible(pg_catalog.pg_class.oid) AND pg_catalog.pg_namespace.nspname != %(nspname_1)s (session.py:30)
2025-06-17 11:28:09 [    INFO] SELECT pg_catalog.pg_class.relname 
FROM pg_catalog.pg_class JOIN pg_catalog.pg_namespace ON pg_catalog.pg_namespace.oid = pg_catalog.pg_class.relnamespace 
WHERE pg_catalog.pg_class.relname = %(table_name)s AND pg_catalog.pg_class.relkind = ANY (ARRAY[%(param_1)s, %(param_2)s, %(param_3)s, %(param_4)s, %(param_5)s]) AND pg_catalog.pg_table_is_visible(pg_catalog.pg_class.oid) AND pg_catalog.pg_namespace.nspname != %(nspname_1)s (base.py:1842)
2025-06-17 11:28:09 [    INFO] [cached since 0.08218s ago] {'table_name': 'maintenance_records', 'param_1': 'r', 'param_2': 'p', 'param_3': 'f', 'param_4': 'v', 'param_5': 'm', 'nspname_1': 'pg_catalog'} (base.py:1842)
2025-06-17 11:28:09 [   DEBUG] Query eseguita in 0.01 secondi: SELECT pg_catalog.pg_class.relname 
FROM pg_catalog.pg_class JOIN pg_catalog.pg_namespace ON pg_catalog.pg_namespace.oid = pg_catalog.pg_class.relnamespace 
WHERE pg_catalog.pg_class.relname = %(table_name)s AND pg_catalog.pg_class.relkind = ANY (ARRAY[%(param_1)s, %(param_2)s, %(param_3)s, %(param_4)s, %(param_5)s]) AND pg_catalog.pg_table_is_visible(pg_catalog.pg_class.oid) AND pg_catalog.pg_namespace.nspname != %(nspname_1)s (session.py:30)
2025-06-17 11:28:09 [    INFO] SELECT pg_catalog.pg_type.typname 
FROM pg_catalog.pg_type JOIN pg_catalog.pg_namespace ON pg_catalog.pg_namespace.oid = pg_catalog.pg_type.typnamespace 
WHERE pg_catalog.pg_type.typname = %(typname_1)s AND pg_catalog.pg_type_is_visible(pg_catalog.pg_type.oid) AND pg_catalog.pg_namespace.nspname != %(nspname_1)s (base.py:1842)
2025-06-17 11:28:09 [    INFO] [generated in 0.00121s] {'typname_1': 'maintenancetype', 'nspname_1': 'pg_catalog'} (base.py:1842)
2025-06-17 11:28:09 [   DEBUG] Query eseguita in 0.01 secondi: SELECT pg_catalog.pg_type.typname 
FROM pg_catalog.pg_type JOIN pg_catalog.pg_namespace ON pg_catalog.pg_namespace.oid = pg_catalog.pg_type.typnamespace 
WHERE pg_catalog.pg_type.typname = %(typname_1)s AND pg_catalog.pg_type_is_visible(pg_catalog.pg_type.oid) AND pg_catalog.pg_namespace.nspname != %(nspname_1)s (session.py:30)
2025-06-17 11:28:09 [    INFO] CREATE TYPE maintenancetype AS ENUM ('ROUTINE', 'PREVENTIVE', 'CORRECTIVE', 'EMERGENCY', 'INSPECTION') (base.py:1842)
2025-06-17 11:28:09 [    INFO] [no key 0.00363s] {} (base.py:1842)
2025-06-17 11:28:09 [   DEBUG] Query eseguita in 0.01 secondi: CREATE TYPE maintenancetype AS ENUM ('ROUTINE', 'PREVENTIVE', 'CORRECTIVE', 'EMERGENCY', 'INSPECTION') (session.py:30)
2025-06-17 11:28:09 [    INFO] SELECT pg_catalog.pg_type.typname 
FROM pg_catalog.pg_type JOIN pg_catalog.pg_namespace ON pg_catalog.pg_namespace.oid = pg_catalog.pg_type.typnamespace 
WHERE pg_catalog.pg_type.typname = %(typname_1)s AND pg_catalog.pg_type_is_visible(pg_catalog.pg_type.oid) AND pg_catalog.pg_namespace.nspname != %(nspname_1)s (base.py:1842)
2025-06-17 11:28:09 [    INFO] [cached since 0.0278s ago] {'typname_1': 'maintenancestatus', 'nspname_1': 'pg_catalog'} (base.py:1842)
2025-06-17 11:28:09 [   DEBUG] Query eseguita in 0.01 secondi: SELECT pg_catalog.pg_type.typname 
FROM pg_catalog.pg_type JOIN pg_catalog.pg_namespace ON pg_catalog.pg_namespace.oid = pg_catalog.pg_type.typnamespace 
WHERE pg_catalog.pg_type.typname = %(typname_1)s AND pg_catalog.pg_type_is_visible(pg_catalog.pg_type.oid) AND pg_catalog.pg_namespace.nspname != %(nspname_1)s (session.py:30)
2025-06-17 11:28:09 [    INFO] CREATE TYPE maintenancestatus AS ENUM ('PENDING', 'COMPLETED', 'FAILED') (base.py:1842)
2025-06-17 11:28:09 [    INFO] [no key 0.00390s] {} (base.py:1842)
2025-06-17 11:28:09 [   DEBUG] Query eseguita in 0.01 secondi: CREATE TYPE maintenancestatus AS ENUM ('PENDING', 'COMPLETED', 'FAILED') (session.py:30)
2025-06-17 11:28:09 [    INFO] 
CREATE TABLE "user" (
	id SERIAL NOT NULL, 
	email VARCHAR NOT NULL, 
	username VARCHAR NOT NULL, 
	hashed_password VARCHAR NOT NULL, 
	is_active BOOLEAN NOT NULL, 
	is_superuser BOOLEAN NOT NULL, 
	is_verified BOOLEAN NOT NULL, 
	created_at TIMESTAMP WITHOUT TIME ZONE NOT NULL, 
	updated_at TIMESTAMP WITHOUT TIME ZONE NOT NULL, 
	last_login TIMESTAMP WITH TIME ZONE, 
	full_name VARCHAR(255), 
	phone_number VARCHAR(20), 
	PRIMARY KEY (id)
)

 (base.py:1842)
2025-06-17 11:28:09 [    INFO] [no key 0.00099s] {} (base.py:1842)
2025-06-17 11:28:09 [   DEBUG] Query eseguita in 0.04 secondi: 
CREATE TABLE "user" (
	id SERIAL NOT NULL, 
	email VARCHAR NOT NULL, 
	username VARCHAR NOT NULL, 
	hashed_password VARCHAR NOT NULL, 
	is_active BOOLEAN NOT NULL, 
	is_superuser BOOLEAN NOT NULL, 
	is_verified BOOLEAN NOT NULL, 
	created_at TIMESTAMP WITHOUT TIME ZONE NOT NULL, 
	updated_at TIMESTAMP WITHOUT TIME ZONE NOT NULL, 
	last_login TIMESTAMP WITH TIME ZONE, 
	full_name VARCHAR(255), 
	phone_number VARCHAR(20), 
	PRIMARY KEY (id)
)

 (session.py:30)
2025-06-17 11:28:09 [    INFO] CREATE UNIQUE INDEX ix_user_email ON "user" (email) (base.py:1842)
2025-06-17 11:28:09 [    INFO] [no key 0.00413s] {} (base.py:1842)
2025-06-17 11:28:10 [   DEBUG] Query eseguita in 0.01 secondi: CREATE UNIQUE INDEX ix_user_email ON "user" (email) (session.py:30)
2025-06-17 11:28:10 [    INFO] CREATE UNIQUE INDEX ix_user_username ON "user" (username) (base.py:1842)
2025-06-17 11:28:10 [    INFO] [no key 0.00201s] {} (base.py:1842)
2025-06-17 11:28:10 [   DEBUG] Query eseguita in 0.01 secondi: CREATE UNIQUE INDEX ix_user_username ON "user" (username) (session.py:30)
2025-06-17 11:28:10 [    INFO] 
CREATE TABLE houses (
	id SERIAL NOT NULL, 
	name VARCHAR NOT NULL, 
	address VARCHAR NOT NULL, 
	owner_id INTEGER NOT NULL, 
	created_at TIMESTAMP WITHOUT TIME ZONE NOT NULL, 
	updated_at TIMESTAMP WITHOUT TIME ZONE NOT NULL, 
	PRIMARY KEY (id), 
	FOREIGN KEY(owner_id) REFERENCES "user" (id)
)

 (base.py:1842)
2025-06-17 11:28:10 [    INFO] [no key 0.00178s] {} (base.py:1842)
2025-06-17 11:28:10 [   DEBUG] Query eseguita in 0.04 secondi: 
CREATE TABLE houses (
	id SERIAL NOT NULL, 
	name VARCHAR NOT NULL, 
	address VARCHAR NOT NULL, 
	owner_id INTEGER NOT NULL, 
	created_at TIMESTAMP WITHOUT TIME ZONE NOT NULL, 
	updated_at TIMESTAMP WITHOUT TIME ZONE NOT NULL, 
	PRIMARY KEY (id), 
	FOREIGN KEY(owner_id) REFERENCES "user" (id)
)

 (session.py:30)
2025-06-17 11:28:10 [    INFO] CREATE INDEX ix_houses_name ON houses (name) (base.py:1842)
2025-06-17 11:28:10 [    INFO] [no key 0.00376s] {} (base.py:1842)
2025-06-17 11:28:10 [   DEBUG] Query eseguita in 0.01 secondi: CREATE INDEX ix_houses_name ON houses (name) (session.py:30)
2025-06-17 11:28:10 [    INFO] 
CREATE TABLE rooms (
	id SERIAL NOT NULL, 
	name VARCHAR NOT NULL, 
	description VARCHAR, 
	floor INTEGER NOT NULL, 
	area FLOAT NOT NULL, 
	house_id INTEGER NOT NULL, 
	created_at TIMESTAMP WITHOUT TIME ZONE NOT NULL, 
	updated_at TIMESTAMP WITHOUT TIME ZONE NOT NULL, 
	PRIMARY KEY (id), 
	FOREIGN KEY(house_id) REFERENCES houses (id)
)

 (base.py:1842)
2025-06-17 11:28:10 [    INFO] [no key 0.00169s] {} (base.py:1842)
2025-06-17 11:28:10 [   DEBUG] Query eseguita in 0.03 secondi: 
CREATE TABLE rooms (
	id SERIAL NOT NULL, 
	name VARCHAR NOT NULL, 
	description VARCHAR, 
	floor INTEGER NOT NULL, 
	area FLOAT NOT NULL, 
	house_id INTEGER NOT NULL, 
	created_at TIMESTAMP WITHOUT TIME ZONE NOT NULL, 
	updated_at TIMESTAMP WITHOUT TIME ZONE NOT NULL, 
	PRIMARY KEY (id), 
	FOREIGN KEY(house_id) REFERENCES houses (id)
)

 (session.py:30)
2025-06-17 11:28:10 [    INFO] CREATE INDEX ix_rooms_name ON rooms (name) (base.py:1842)
2025-06-17 11:28:10 [    INFO] [no key 0.00387s] {} (base.py:1842)
2025-06-17 11:28:10 [   DEBUG] Query eseguita in 0.01 secondi: CREATE INDEX ix_rooms_name ON rooms (name) (session.py:30)
2025-06-17 11:28:10 [    INFO] 
CREATE TABLE nodes (
	id SERIAL NOT NULL, 
	name VARCHAR NOT NULL, 
	description VARCHAR, 
	nfc_id VARCHAR NOT NULL, 
	house_id INTEGER NOT NULL, 
	room_id INTEGER, 
	PRIMARY KEY (id), 
	FOREIGN KEY(house_id) REFERENCES houses (id), 
	FOREIGN KEY(room_id) REFERENCES rooms (id)
)

 (base.py:1842)
2025-06-17 11:28:10 [    INFO] [no key 0.00464s] {} (base.py:1842)
2025-06-17 11:28:10 [   DEBUG] Query eseguita in 0.03 secondi: 
CREATE TABLE nodes (
	id SERIAL NOT NULL, 
	name VARCHAR NOT NULL, 
	description VARCHAR, 
	nfc_id VARCHAR NOT NULL, 
	house_id INTEGER NOT NULL, 
	room_id INTEGER, 
	PRIMARY KEY (id), 
	FOREIGN KEY(house_id) REFERENCES houses (id), 
	FOREIGN KEY(room_id) REFERENCES rooms (id)
)

 (session.py:30)
2025-06-17 11:28:10 [    INFO] CREATE UNIQUE INDEX ix_nodes_nfc_id ON nodes (nfc_id) (base.py:1842)
2025-06-17 11:28:10 [    INFO] [no key 0.00112s] {} (base.py:1842)
2025-06-17 11:28:10 [   DEBUG] Query eseguita in 0.01 secondi: CREATE UNIQUE INDEX ix_nodes_nfc_id ON nodes (nfc_id) (session.py:30)
2025-06-17 11:28:10 [    INFO] 
CREATE TABLE bookings (
	id SERIAL NOT NULL, 
	room_id INTEGER NOT NULL, 
	user_id INTEGER NOT NULL, 
	start_time TIMESTAMP WITHOUT TIME ZONE NOT NULL, 
	end_time TIMESTAMP WITHOUT TIME ZONE NOT NULL, 
	status VARCHAR NOT NULL, 
	notes VARCHAR, 
	created_at TIMESTAMP WITHOUT TIME ZONE NOT NULL, 
	updated_at TIMESTAMP WITHOUT TIME ZONE NOT NULL, 
	PRIMARY KEY (id), 
	FOREIGN KEY(room_id) REFERENCES rooms (id), 
	FOREIGN KEY(user_id) REFERENCES "user" (id)
)

 (base.py:1842)
2025-06-17 11:28:10 [    INFO] [no key 0.00449s] {} (base.py:1842)
2025-06-17 11:28:10 [   DEBUG] Query eseguita in 0.03 secondi: 
CREATE TABLE bookings (
	id SERIAL NOT NULL, 
	room_id INTEGER NOT NULL, 
	user_id INTEGER NOT NULL, 
	start_time TIMESTAMP WITHOUT TIME ZONE NOT NULL, 
	end_time TIMESTAMP WITHOUT TIME ZONE NOT NULL, 
	status VARCHAR NOT NULL, 
	notes VARCHAR, 
	created_at TIMESTAMP WITHOUT TIME ZONE NOT NULL, 
	updated_at TIMESTAMP WITHOUT TIME ZONE NOT NULL, 
	PRIMARY KEY (id), 
	FOREIGN KEY(room_id) REFERENCES rooms (id), 
	FOREIGN KEY(user_id) REFERENCES "user" (id)
)

 (session.py:30)
2025-06-17 11:28:10 [    INFO] 
CREATE TABLE documents (
	id SERIAL NOT NULL, 
	created_at TIMESTAMP WITHOUT TIME ZONE NOT NULL, 
	updated_at TIMESTAMP WITHOUT TIME ZONE NOT NULL, 
	owner_id INTEGER NOT NULL, 
	name VARCHAR NOT NULL, 
	type VARCHAR NOT NULL, 
	size INTEGER NOT NULL, 
	upload_date TIMESTAMP WITHOUT TIME ZONE NOT NULL, 
	path VARCHAR NOT NULL, 
	checksum VARCHAR NOT NULL, 
	house_id INTEGER, 
	node_id INTEGER, 
	description VARCHAR, 
	PRIMARY KEY (id), 
	FOREIGN KEY(owner_id) REFERENCES "user" (id), 
	FOREIGN KEY(house_id) REFERENCES houses (id), 
	FOREIGN KEY(node_id) REFERENCES nodes (id)
)

 (base.py:1842)
2025-06-17 11:28:10 [    INFO] [no key 0.00082s] {} (base.py:1842)
2025-06-17 11:28:10 [   DEBUG] Query eseguita in 0.04 secondi: 
CREATE TABLE documents (
	id SERIAL NOT NULL, 
	created_at TIMESTAMP WITHOUT TIME ZONE NOT NULL, 
	updated_at TIMESTAMP WITHOUT TIME ZONE NOT NULL, 
	owner_id INTEGER NOT NULL, 
	name VARCHAR NOT NULL, 
	type VARCHAR NOT NULL, 
	size INTEGER NOT NULL, 
	upload_date TIMESTAMP WITHOUT TIME ZONE NOT NULL, 
	path VARCHAR NOT NULL, 
	checksum VARCHAR NOT NULL, 
	house_id INTEGER, 
	node_id INTEGER, 
	description VARCHAR, 
	PRIMARY KEY (id), 
	FOREIGN KEY(owner_id) REFERENCES "user" (id), 
	FOREIGN KEY(house_id) REFERENCES houses (id), 
	FOREIGN KEY(node_id) REFERENCES nodes (id)
)

 (session.py:30)
2025-06-17 11:28:10 [    INFO] CREATE INDEX ix_documents_owner_id ON documents (owner_id) (base.py:1842)
2025-06-17 11:28:10 [    INFO] [no key 0.00141s] {} (base.py:1842)
2025-06-17 11:28:10 [   DEBUG] Query eseguita in 0.01 secondi: CREATE INDEX ix_documents_owner_id ON documents (owner_id) (session.py:30)
2025-06-17 11:28:10 [    INFO] 
CREATE TABLE document_versions (
	id SERIAL NOT NULL, 
	version_number INTEGER NOT NULL, 
	file_path VARCHAR NOT NULL, 
	file_size INTEGER NOT NULL, 
	checksum VARCHAR NOT NULL, 
	created_at TIMESTAMP WITHOUT TIME ZONE NOT NULL, 
	updated_at TIMESTAMP WITHOUT TIME ZONE NOT NULL, 
	document_id INTEGER NOT NULL, 
	created_by_id INTEGER, 
	PRIMARY KEY (id), 
	FOREIGN KEY(document_id) REFERENCES documents (id), 
	FOREIGN KEY(created_by_id) REFERENCES "user" (id)
)

 (base.py:1842)
2025-06-17 11:28:10 [    INFO] [no key 0.00238s] {} (base.py:1842)
2025-06-17 11:28:10 [   DEBUG] Query eseguita in 0.03 secondi: 
CREATE TABLE document_versions (
	id SERIAL NOT NULL, 
	version_number INTEGER NOT NULL, 
	file_path VARCHAR NOT NULL, 
	file_size INTEGER NOT NULL, 
	checksum VARCHAR NOT NULL, 
	created_at TIMESTAMP WITHOUT TIME ZONE NOT NULL, 
	updated_at TIMESTAMP WITHOUT TIME ZONE NOT NULL, 
	document_id INTEGER NOT NULL, 
	created_by_id INTEGER, 
	PRIMARY KEY (id), 
	FOREIGN KEY(document_id) REFERENCES documents (id), 
	FOREIGN KEY(created_by_id) REFERENCES "user" (id)
)

 (session.py:30)
2025-06-17 11:28:10 [    INFO] CREATE INDEX ix_document_versions_version_number ON document_versions (version_number) (base.py:1842)
2025-06-17 11:28:10 [    INFO] [no key 0.00391s] {} (base.py:1842)
2025-06-17 11:28:10 [   DEBUG] Query eseguita in 0.01 secondi: CREATE INDEX ix_document_versions_version_number ON document_versions (version_number) (session.py:30)
2025-06-17 11:28:10 [    INFO] CREATE INDEX ix_document_versions_created_by_id ON document_versions (created_by_id) (base.py:1842)
2025-06-17 11:28:10 [    INFO] [no key 0.00127s] {} (base.py:1842)
2025-06-17 11:28:10 [   DEBUG] Query eseguita in 0.01 secondi: CREATE INDEX ix_document_versions_created_by_id ON document_versions (created_by_id) (session.py:30)
2025-06-17 11:28:10 [    INFO] CREATE INDEX ix_document_versions_document_id ON document_versions (document_id) (base.py:1842)
2025-06-17 11:28:10 [    INFO] [no key 0.00106s] {} (base.py:1842)
2025-06-17 11:28:10 [   DEBUG] Query eseguita in 0.01 secondi: CREATE INDEX ix_document_versions_document_id ON document_versions (document_id) (session.py:30)
2025-06-17 11:28:10 [    INFO] 
CREATE TABLE maintenance_records (
	id SERIAL NOT NULL, 
	node_id INTEGER NOT NULL, 
	timestamp TIMESTAMP WITHOUT TIME ZONE NOT NULL, 
	maintenance_type maintenancetype NOT NULL, 
	description VARCHAR NOT NULL, 
	status maintenancestatus NOT NULL, 
	notes VARCHAR, 
	document_id INTEGER, 
	PRIMARY KEY (id), 
	FOREIGN KEY(node_id) REFERENCES nodes (id), 
	FOREIGN KEY(document_id) REFERENCES documents (id)
)

 (base.py:1842)
2025-06-17 11:28:10 [    INFO] [no key 0.00121s] {} (base.py:1842)
2025-06-17 11:28:10 [   DEBUG] Query eseguita in 0.03 secondi: 
CREATE TABLE maintenance_records (
	id SERIAL NOT NULL, 
	node_id INTEGER NOT NULL, 
	timestamp TIMESTAMP WITHOUT TIME ZONE NOT NULL, 
	maintenance_type maintenancetype NOT NULL, 
	description VARCHAR NOT NULL, 
	status maintenancestatus NOT NULL, 
	notes VARCHAR, 
	document_id INTEGER, 
	PRIMARY KEY (id), 
	FOREIGN KEY(node_id) REFERENCES nodes (id), 
	FOREIGN KEY(document_id) REFERENCES documents (id)
)

 (session.py:30)
2025-06-17 11:28:10 [    INFO] CREATE INDEX ix_maintenance_records_node_id ON maintenance_records (node_id) (base.py:1842)
2025-06-17 11:28:10 [    INFO] [no key 0.00185s] {} (base.py:1842)
2025-06-17 11:28:10 [   DEBUG] Query eseguita in 0.01 secondi: CREATE INDEX ix_maintenance_records_node_id ON maintenance_records (node_id) (session.py:30)
2025-06-17 11:28:10 [    INFO] COMMIT (base.py:2704)
2025-06-17 11:28:10 [   DEBUG] Test database tables created successfully (test_users.py:52)
2025-06-17 11:28:10 [   DEBUG] Test database session created successfully (test_users.py:55)
2025-06-17 11:28:10 [   DEBUG] Overriding get_session for tests... (conftest.py:269)
2025-06-17 11:28:10 [   DEBUG] Setting up FakeRedis for tests... (conftest_redis.py:18)
2025-06-17 11:28:10 [   DEBUG] Connessione Redis stabilita con successo (redis.py:24)
-------------------------------- live log call --------------------------------
2025-06-17 11:28:10 [   DEBUG] Using proactor: IocpProactor (proactor_events.py:631)
2025-06-17 11:28:10 [    INFO] HTTP Request: POST http://testserver/api/v1/auth/register "HTTP/1.1 422 Unprocessable Entity" (_client.py:1025)
PASSED                                                                   [ 43%]
------------------------------ live log teardown ------------------------------
2025-06-17 11:28:10 [   DEBUG] Restored original Redis client (conftest_redis.py:29)
2025-06-17 11:28:10 [   DEBUG] get_session override cleared (conftest.py:275)
2025-06-17 11:28:10 [   DEBUG] Cleaning up test database session... (test_users.py:57)
2025-06-17 11:28:10 [    INFO] BEGIN (implicit) (base.py:2698)
2025-06-17 11:28:10 [    INFO] DROP SCHEMA public CASCADE (base.py:1842)
2025-06-17 11:28:10 [    INFO] [generated in 0.00196s] {} (base.py:1842)
2025-06-17 11:28:10 [   DEBUG] Query eseguita in 0.09 secondi: DROP SCHEMA public CASCADE (session.py:30)
2025-06-17 11:28:10 [    INFO] CREATE SCHEMA public (base.py:1842)
2025-06-17 11:28:10 [    INFO] [generated in 0.00261s] {} (base.py:1842)
2025-06-17 11:28:10 [   DEBUG] Query eseguita in 0.00 secondi: CREATE SCHEMA public (session.py:30)
2025-06-17 11:28:10 [    INFO] COMMIT (base.py:2704)
2025-06-17 11:28:10 [   DEBUG] Test database cleanup completed (test_users.py:63)
2025-06-17 11:28:10 [   DEBUG] Session fixture completed in 1.52 seconds (test_users.py:68)

tests/api/test_users.py::test_create_user_invalid_password[ABCDEFGH] 
------------------------------- live log setup --------------------------------
2025-06-17 11:28:10 [   DEBUG] Setting up test database session... (test_users.py:38)
2025-06-17 11:28:11 [    INFO] select pg_catalog.version() (base.py:1842)
2025-06-17 11:28:11 [    INFO] [raw sql] {} (base.py:1842)
2025-06-17 11:28:11 [    INFO] select current_schema() (base.py:1842)
2025-06-17 11:28:11 [    INFO] [raw sql] {} (base.py:1842)
2025-06-17 11:28:11 [    INFO] show standard_conforming_strings (base.py:1842)
2025-06-17 11:28:11 [    INFO] [raw sql] {} (base.py:1842)
2025-06-17 11:28:11 [    INFO] BEGIN (implicit) (base.py:2698)
2025-06-17 11:28:11 [    INFO] SELECT pg_catalog.pg_class.relname 
FROM pg_catalog.pg_class JOIN pg_catalog.pg_namespace ON pg_catalog.pg_namespace.oid = pg_catalog.pg_class.relnamespace 
WHERE pg_catalog.pg_class.relname = %(table_name)s AND pg_catalog.pg_class.relkind = ANY (ARRAY[%(param_1)s, %(param_2)s, %(param_3)s, %(param_4)s, %(param_5)s]) AND pg_catalog.pg_table_is_visible(pg_catalog.pg_class.oid) AND pg_catalog.pg_namespace.nspname != %(nspname_1)s (base.py:1842)
2025-06-17 11:28:11 [    INFO] [generated in 0.00487s] {'table_name': 'user', 'param_1': 'r', 'param_2': 'p', 'param_3': 'f', 'param_4': 'v', 'param_5': 'm', 'nspname_1': 'pg_catalog'} (base.py:1842)
2025-06-17 11:28:11 [   DEBUG] Query eseguita in 0.02 secondi: SELECT pg_catalog.pg_class.relname 
FROM pg_catalog.pg_class JOIN pg_catalog.pg_namespace ON pg_catalog.pg_namespace.oid = pg_catalog.pg_class.relnamespace 
WHERE pg_catalog.pg_class.relname = %(table_name)s AND pg_catalog.pg_class.relkind = ANY (ARRAY[%(param_1)s, %(param_2)s, %(param_3)s, %(param_4)s, %(param_5)s]) AND pg_catalog.pg_table_is_visible(pg_catalog.pg_class.oid) AND pg_catalog.pg_namespace.nspname != %(nspname_1)s (session.py:30)
2025-06-17 11:28:11 [    INFO] SELECT pg_catalog.pg_class.relname 
FROM pg_catalog.pg_class JOIN pg_catalog.pg_namespace ON pg_catalog.pg_namespace.oid = pg_catalog.pg_class.relnamespace 
WHERE pg_catalog.pg_class.relname = %(table_name)s AND pg_catalog.pg_class.relkind = ANY (ARRAY[%(param_1)s, %(param_2)s, %(param_3)s, %(param_4)s, %(param_5)s]) AND pg_catalog.pg_table_is_visible(pg_catalog.pg_class.oid) AND pg_catalog.pg_namespace.nspname != %(nspname_1)s (base.py:1842)
2025-06-17 11:28:11 [    INFO] [cached since 0.02252s ago] {'table_name': 'documents', 'param_1': 'r', 'param_2': 'p', 'param_3': 'f', 'param_4': 'v', 'param_5': 'm', 'nspname_1': 'pg_catalog'} (base.py:1842)
2025-06-17 11:28:11 [   DEBUG] Query eseguita in 0.01 secondi: SELECT pg_catalog.pg_class.relname 
FROM pg_catalog.pg_class JOIN pg_catalog.pg_namespace ON pg_catalog.pg_namespace.oid = pg_catalog.pg_class.relnamespace 
WHERE pg_catalog.pg_class.relname = %(table_name)s AND pg_catalog.pg_class.relkind = ANY (ARRAY[%(param_1)s, %(param_2)s, %(param_3)s, %(param_4)s, %(param_5)s]) AND pg_catalog.pg_table_is_visible(pg_catalog.pg_class.oid) AND pg_catalog.pg_namespace.nspname != %(nspname_1)s (session.py:30)
2025-06-17 11:28:11 [    INFO] SELECT pg_catalog.pg_class.relname 
FROM pg_catalog.pg_class JOIN pg_catalog.pg_namespace ON pg_catalog.pg_namespace.oid = pg_catalog.pg_class.relnamespace 
WHERE pg_catalog.pg_class.relname = %(table_name)s AND pg_catalog.pg_class.relkind = ANY (ARRAY[%(param_1)s, %(param_2)s, %(param_3)s, %(param_4)s, %(param_5)s]) AND pg_catalog.pg_table_is_visible(pg_catalog.pg_class.oid) AND pg_catalog.pg_namespace.nspname != %(nspname_1)s (base.py:1842)
2025-06-17 11:28:11 [    INFO] [cached since 0.03225s ago] {'table_name': 'document_versions', 'param_1': 'r', 'param_2': 'p', 'param_3': 'f', 'param_4': 'v', 'param_5': 'm', 'nspname_1': 'pg_catalog'} (base.py:1842)
2025-06-17 11:28:11 [   DEBUG] Query eseguita in 0.00 secondi: SELECT pg_catalog.pg_class.relname 
FROM pg_catalog.pg_class JOIN pg_catalog.pg_namespace ON pg_catalog.pg_namespace.oid = pg_catalog.pg_class.relnamespace 
WHERE pg_catalog.pg_class.relname = %(table_name)s AND pg_catalog.pg_class.relkind = ANY (ARRAY[%(param_1)s, %(param_2)s, %(param_3)s, %(param_4)s, %(param_5)s]) AND pg_catalog.pg_table_is_visible(pg_catalog.pg_class.oid) AND pg_catalog.pg_namespace.nspname != %(nspname_1)s (session.py:30)
2025-06-17 11:28:11 [    INFO] SELECT pg_catalog.pg_class.relname 
FROM pg_catalog.pg_class JOIN pg_catalog.pg_namespace ON pg_catalog.pg_namespace.oid = pg_catalog.pg_class.relnamespace 
WHERE pg_catalog.pg_class.relname = %(table_name)s AND pg_catalog.pg_class.relkind = ANY (ARRAY[%(param_1)s, %(param_2)s, %(param_3)s, %(param_4)s, %(param_5)s]) AND pg_catalog.pg_table_is_visible(pg_catalog.pg_class.oid) AND pg_catalog.pg_namespace.nspname != %(nspname_1)s (base.py:1842)
2025-06-17 11:28:11 [    INFO] [cached since 0.03953s ago] {'table_name': 'houses', 'param_1': 'r', 'param_2': 'p', 'param_3': 'f', 'param_4': 'v', 'param_5': 'm', 'nspname_1': 'pg_catalog'} (base.py:1842)
2025-06-17 11:28:11 [   DEBUG] Query eseguita in 0.01 secondi: SELECT pg_catalog.pg_class.relname 
FROM pg_catalog.pg_class JOIN pg_catalog.pg_namespace ON pg_catalog.pg_namespace.oid = pg_catalog.pg_class.relnamespace 
WHERE pg_catalog.pg_class.relname = %(table_name)s AND pg_catalog.pg_class.relkind = ANY (ARRAY[%(param_1)s, %(param_2)s, %(param_3)s, %(param_4)s, %(param_5)s]) AND pg_catalog.pg_table_is_visible(pg_catalog.pg_class.oid) AND pg_catalog.pg_namespace.nspname != %(nspname_1)s (session.py:30)
2025-06-17 11:28:11 [    INFO] SELECT pg_catalog.pg_class.relname 
FROM pg_catalog.pg_class JOIN pg_catalog.pg_namespace ON pg_catalog.pg_namespace.oid = pg_catalog.pg_class.relnamespace 
WHERE pg_catalog.pg_class.relname = %(table_name)s AND pg_catalog.pg_class.relkind = ANY (ARRAY[%(param_1)s, %(param_2)s, %(param_3)s, %(param_4)s, %(param_5)s]) AND pg_catalog.pg_table_is_visible(pg_catalog.pg_class.oid) AND pg_catalog.pg_namespace.nspname != %(nspname_1)s (base.py:1842)
2025-06-17 11:28:11 [    INFO] [cached since 0.04986s ago] {'table_name': 'nodes', 'param_1': 'r', 'param_2': 'p', 'param_3': 'f', 'param_4': 'v', 'param_5': 'm', 'nspname_1': 'pg_catalog'} (base.py:1842)
2025-06-17 11:28:11 [   DEBUG] Query eseguita in 0.01 secondi: SELECT pg_catalog.pg_class.relname 
FROM pg_catalog.pg_class JOIN pg_catalog.pg_namespace ON pg_catalog.pg_namespace.oid = pg_catalog.pg_class.relnamespace 
WHERE pg_catalog.pg_class.relname = %(table_name)s AND pg_catalog.pg_class.relkind = ANY (ARRAY[%(param_1)s, %(param_2)s, %(param_3)s, %(param_4)s, %(param_5)s]) AND pg_catalog.pg_table_is_visible(pg_catalog.pg_class.oid) AND pg_catalog.pg_namespace.nspname != %(nspname_1)s (session.py:30)
2025-06-17 11:28:11 [    INFO] SELECT pg_catalog.pg_class.relname 
FROM pg_catalog.pg_class JOIN pg_catalog.pg_namespace ON pg_catalog.pg_namespace.oid = pg_catalog.pg_class.relnamespace 
WHERE pg_catalog.pg_class.relname = %(table_name)s AND pg_catalog.pg_class.relkind = ANY (ARRAY[%(param_1)s, %(param_2)s, %(param_3)s, %(param_4)s, %(param_5)s]) AND pg_catalog.pg_table_is_visible(pg_catalog.pg_class.oid) AND pg_catalog.pg_namespace.nspname != %(nspname_1)s (base.py:1842)
2025-06-17 11:28:11 [    INFO] [cached since 0.06438s ago] {'table_name': 'rooms', 'param_1': 'r', 'param_2': 'p', 'param_3': 'f', 'param_4': 'v', 'param_5': 'm', 'nspname_1': 'pg_catalog'} (base.py:1842)
2025-06-17 11:28:11 [   DEBUG] Query eseguita in 0.00 secondi: SELECT pg_catalog.pg_class.relname 
FROM pg_catalog.pg_class JOIN pg_catalog.pg_namespace ON pg_catalog.pg_namespace.oid = pg_catalog.pg_class.relnamespace 
WHERE pg_catalog.pg_class.relname = %(table_name)s AND pg_catalog.pg_class.relkind = ANY (ARRAY[%(param_1)s, %(param_2)s, %(param_3)s, %(param_4)s, %(param_5)s]) AND pg_catalog.pg_table_is_visible(pg_catalog.pg_class.oid) AND pg_catalog.pg_namespace.nspname != %(nspname_1)s (session.py:30)
2025-06-17 11:28:11 [    INFO] SELECT pg_catalog.pg_class.relname 
FROM pg_catalog.pg_class JOIN pg_catalog.pg_namespace ON pg_catalog.pg_namespace.oid = pg_catalog.pg_class.relnamespace 
WHERE pg_catalog.pg_class.relname = %(table_name)s AND pg_catalog.pg_class.relkind = ANY (ARRAY[%(param_1)s, %(param_2)s, %(param_3)s, %(param_4)s, %(param_5)s]) AND pg_catalog.pg_table_is_visible(pg_catalog.pg_class.oid) AND pg_catalog.pg_namespace.nspname != %(nspname_1)s (base.py:1842)
2025-06-17 11:28:11 [    INFO] [cached since 0.07127s ago] {'table_name': 'bookings', 'param_1': 'r', 'param_2': 'p', 'param_3': 'f', 'param_4': 'v', 'param_5': 'm', 'nspname_1': 'pg_catalog'} (base.py:1842)
2025-06-17 11:28:11 [   DEBUG] Query eseguita in 0.01 secondi: SELECT pg_catalog.pg_class.relname 
FROM pg_catalog.pg_class JOIN pg_catalog.pg_namespace ON pg_catalog.pg_namespace.oid = pg_catalog.pg_class.relnamespace 
WHERE pg_catalog.pg_class.relname = %(table_name)s AND pg_catalog.pg_class.relkind = ANY (ARRAY[%(param_1)s, %(param_2)s, %(param_3)s, %(param_4)s, %(param_5)s]) AND pg_catalog.pg_table_is_visible(pg_catalog.pg_class.oid) AND pg_catalog.pg_namespace.nspname != %(nspname_1)s (session.py:30)
2025-06-17 11:28:11 [    INFO] SELECT pg_catalog.pg_class.relname 
FROM pg_catalog.pg_class JOIN pg_catalog.pg_namespace ON pg_catalog.pg_namespace.oid = pg_catalog.pg_class.relnamespace 
WHERE pg_catalog.pg_class.relname = %(table_name)s AND pg_catalog.pg_class.relkind = ANY (ARRAY[%(param_1)s, %(param_2)s, %(param_3)s, %(param_4)s, %(param_5)s]) AND pg_catalog.pg_table_is_visible(pg_catalog.pg_class.oid) AND pg_catalog.pg_namespace.nspname != %(nspname_1)s (base.py:1842)
2025-06-17 11:28:11 [    INFO] [cached since 0.08176s ago] {'table_name': 'maintenance_records', 'param_1': 'r', 'param_2': 'p', 'param_3': 'f', 'param_4': 'v', 'param_5': 'm', 'nspname_1': 'pg_catalog'} (base.py:1842)
2025-06-17 11:28:11 [   DEBUG] Query eseguita in 0.00 secondi: SELECT pg_catalog.pg_class.relname 
FROM pg_catalog.pg_class JOIN pg_catalog.pg_namespace ON pg_catalog.pg_namespace.oid = pg_catalog.pg_class.relnamespace 
WHERE pg_catalog.pg_class.relname = %(table_name)s AND pg_catalog.pg_class.relkind = ANY (ARRAY[%(param_1)s, %(param_2)s, %(param_3)s, %(param_4)s, %(param_5)s]) AND pg_catalog.pg_table_is_visible(pg_catalog.pg_class.oid) AND pg_catalog.pg_namespace.nspname != %(nspname_1)s (session.py:30)
2025-06-17 11:28:11 [    INFO] SELECT pg_catalog.pg_type.typname 
FROM pg_catalog.pg_type JOIN pg_catalog.pg_namespace ON pg_catalog.pg_namespace.oid = pg_catalog.pg_type.typnamespace 
WHERE pg_catalog.pg_type.typname = %(typname_1)s AND pg_catalog.pg_type_is_visible(pg_catalog.pg_type.oid) AND pg_catalog.pg_namespace.nspname != %(nspname_1)s (base.py:1842)
2025-06-17 11:28:11 [    INFO] [generated in 0.00116s] {'typname_1': 'maintenancetype', 'nspname_1': 'pg_catalog'} (base.py:1842)
2025-06-17 11:28:11 [   DEBUG] Query eseguita in 0.00 secondi: SELECT pg_catalog.pg_type.typname 
FROM pg_catalog.pg_type JOIN pg_catalog.pg_namespace ON pg_catalog.pg_namespace.oid = pg_catalog.pg_type.typnamespace 
WHERE pg_catalog.pg_type.typname = %(typname_1)s AND pg_catalog.pg_type_is_visible(pg_catalog.pg_type.oid) AND pg_catalog.pg_namespace.nspname != %(nspname_1)s (session.py:30)
2025-06-17 11:28:11 [    INFO] CREATE TYPE maintenancetype AS ENUM ('ROUTINE', 'PREVENTIVE', 'CORRECTIVE', 'EMERGENCY', 'INSPECTION') (base.py:1842)
2025-06-17 11:28:11 [    INFO] [no key 0.00138s] {} (base.py:1842)
2025-06-17 11:28:11 [   DEBUG] Query eseguita in 0.01 secondi: CREATE TYPE maintenancetype AS ENUM ('ROUTINE', 'PREVENTIVE', 'CORRECTIVE', 'EMERGENCY', 'INSPECTION') (session.py:30)
2025-06-17 11:28:11 [    INFO] SELECT pg_catalog.pg_type.typname 
FROM pg_catalog.pg_type JOIN pg_catalog.pg_namespace ON pg_catalog.pg_namespace.oid = pg_catalog.pg_type.typnamespace 
WHERE pg_catalog.pg_type.typname = %(typname_1)s AND pg_catalog.pg_type_is_visible(pg_catalog.pg_type.oid) AND pg_catalog.pg_namespace.nspname != %(nspname_1)s (base.py:1842)
2025-06-17 11:28:11 [    INFO] [cached since 0.02549s ago] {'typname_1': 'maintenancestatus', 'nspname_1': 'pg_catalog'} (base.py:1842)
2025-06-17 11:28:11 [   DEBUG] Query eseguita in 0.01 secondi: SELECT pg_catalog.pg_type.typname 
FROM pg_catalog.pg_type JOIN pg_catalog.pg_namespace ON pg_catalog.pg_namespace.oid = pg_catalog.pg_type.typnamespace 
WHERE pg_catalog.pg_type.typname = %(typname_1)s AND pg_catalog.pg_type_is_visible(pg_catalog.pg_type.oid) AND pg_catalog.pg_namespace.nspname != %(nspname_1)s (session.py:30)
2025-06-17 11:28:11 [    INFO] CREATE TYPE maintenancestatus AS ENUM ('PENDING', 'COMPLETED', 'FAILED') (base.py:1842)
2025-06-17 11:28:11 [    INFO] [no key 0.00077s] {} (base.py:1842)
2025-06-17 11:28:11 [   DEBUG] Query eseguita in 0.00 secondi: CREATE TYPE maintenancestatus AS ENUM ('PENDING', 'COMPLETED', 'FAILED') (session.py:30)
2025-06-17 11:28:11 [    INFO] 
CREATE TABLE "user" (
	id SERIAL NOT NULL, 
	email VARCHAR NOT NULL, 
	username VARCHAR NOT NULL, 
	hashed_password VARCHAR NOT NULL, 
	is_active BOOLEAN NOT NULL, 
	is_superuser BOOLEAN NOT NULL, 
	is_verified BOOLEAN NOT NULL, 
	created_at TIMESTAMP WITHOUT TIME ZONE NOT NULL, 
	updated_at TIMESTAMP WITHOUT TIME ZONE NOT NULL, 
	last_login TIMESTAMP WITH TIME ZONE, 
	full_name VARCHAR(255), 
	phone_number VARCHAR(20), 
	PRIMARY KEY (id)
)

 (base.py:1842)
2025-06-17 11:28:11 [    INFO] [no key 0.00088s] {} (base.py:1842)
2025-06-17 11:28:11 [   DEBUG] Query eseguita in 0.04 secondi: 
CREATE TABLE "user" (
	id SERIAL NOT NULL, 
	email VARCHAR NOT NULL, 
	username VARCHAR NOT NULL, 
	hashed_password VARCHAR NOT NULL, 
	is_active BOOLEAN NOT NULL, 
	is_superuser BOOLEAN NOT NULL, 
	is_verified BOOLEAN NOT NULL, 
	created_at TIMESTAMP WITHOUT TIME ZONE NOT NULL, 
	updated_at TIMESTAMP WITHOUT TIME ZONE NOT NULL, 
	last_login TIMESTAMP WITH TIME ZONE, 
	full_name VARCHAR(255), 
	phone_number VARCHAR(20), 
	PRIMARY KEY (id)
)

 (session.py:30)
2025-06-17 11:28:11 [    INFO] CREATE UNIQUE INDEX ix_user_email ON "user" (email) (base.py:1842)
2025-06-17 11:28:11 [    INFO] [no key 0.00366s] {} (base.py:1842)
2025-06-17 11:28:11 [   DEBUG] Query eseguita in 0.01 secondi: CREATE UNIQUE INDEX ix_user_email ON "user" (email) (session.py:30)
2025-06-17 11:28:11 [    INFO] CREATE UNIQUE INDEX ix_user_username ON "user" (username) (base.py:1842)
2025-06-17 11:28:11 [    INFO] [no key 0.00153s] {} (base.py:1842)
2025-06-17 11:28:11 [   DEBUG] Query eseguita in 0.01 secondi: CREATE UNIQUE INDEX ix_user_username ON "user" (username) (session.py:30)
2025-06-17 11:28:11 [    INFO] 
CREATE TABLE houses (
	id SERIAL NOT NULL, 
	name VARCHAR NOT NULL, 
	address VARCHAR NOT NULL, 
	owner_id INTEGER NOT NULL, 
	created_at TIMESTAMP WITHOUT TIME ZONE NOT NULL, 
	updated_at TIMESTAMP WITHOUT TIME ZONE NOT NULL, 
	PRIMARY KEY (id), 
	FOREIGN KEY(owner_id) REFERENCES "user" (id)
)

 (base.py:1842)
2025-06-17 11:28:11 [    INFO] [no key 0.00122s] {} (base.py:1842)
2025-06-17 11:28:11 [   DEBUG] Query eseguita in 0.03 secondi: 
CREATE TABLE houses (
	id SERIAL NOT NULL, 
	name VARCHAR NOT NULL, 
	address VARCHAR NOT NULL, 
	owner_id INTEGER NOT NULL, 
	created_at TIMESTAMP WITHOUT TIME ZONE NOT NULL, 
	updated_at TIMESTAMP WITHOUT TIME ZONE NOT NULL, 
	PRIMARY KEY (id), 
	FOREIGN KEY(owner_id) REFERENCES "user" (id)
)

 (session.py:30)
2025-06-17 11:28:11 [    INFO] CREATE INDEX ix_houses_name ON houses (name) (base.py:1842)
2025-06-17 11:28:11 [    INFO] [no key 0.00443s] {} (base.py:1842)
2025-06-17 11:28:11 [   DEBUG] Query eseguita in 0.01 secondi: CREATE INDEX ix_houses_name ON houses (name) (session.py:30)
2025-06-17 11:28:11 [    INFO] 
CREATE TABLE rooms (
	id SERIAL NOT NULL, 
	name VARCHAR NOT NULL, 
	description VARCHAR, 
	floor INTEGER NOT NULL, 
	area FLOAT NOT NULL, 
	house_id INTEGER NOT NULL, 
	created_at TIMESTAMP WITHOUT TIME ZONE NOT NULL, 
	updated_at TIMESTAMP WITHOUT TIME ZONE NOT NULL, 
	PRIMARY KEY (id), 
	FOREIGN KEY(house_id) REFERENCES houses (id)
)

 (base.py:1842)
2025-06-17 11:28:11 [    INFO] [no key 0.00493s] {} (base.py:1842)
2025-06-17 11:28:11 [   DEBUG] Query eseguita in 0.03 secondi: 
CREATE TABLE rooms (
	id SERIAL NOT NULL, 
	name VARCHAR NOT NULL, 
	description VARCHAR, 
	floor INTEGER NOT NULL, 
	area FLOAT NOT NULL, 
	house_id INTEGER NOT NULL, 
	created_at TIMESTAMP WITHOUT TIME ZONE NOT NULL, 
	updated_at TIMESTAMP WITHOUT TIME ZONE NOT NULL, 
	PRIMARY KEY (id), 
	FOREIGN KEY(house_id) REFERENCES houses (id)
)

 (session.py:30)
2025-06-17 11:28:11 [    INFO] CREATE INDEX ix_rooms_name ON rooms (name) (base.py:1842)
2025-06-17 11:28:11 [    INFO] [no key 0.00345s] {} (base.py:1842)
2025-06-17 11:28:11 [   DEBUG] Query eseguita in 0.01 secondi: CREATE INDEX ix_rooms_name ON rooms (name) (session.py:30)
2025-06-17 11:28:11 [    INFO] 
CREATE TABLE nodes (
	id SERIAL NOT NULL, 
	name VARCHAR NOT NULL, 
	description VARCHAR, 
	nfc_id VARCHAR NOT NULL, 
	house_id INTEGER NOT NULL, 
	room_id INTEGER, 
	PRIMARY KEY (id), 
	FOREIGN KEY(house_id) REFERENCES houses (id), 
	FOREIGN KEY(room_id) REFERENCES rooms (id)
)

 (base.py:1842)
2025-06-17 11:28:11 [    INFO] [no key 0.00443s] {} (base.py:1842)
2025-06-17 11:28:11 [   DEBUG] Query eseguita in 0.03 secondi: 
CREATE TABLE nodes (
	id SERIAL NOT NULL, 
	name VARCHAR NOT NULL, 
	description VARCHAR, 
	nfc_id VARCHAR NOT NULL, 
	house_id INTEGER NOT NULL, 
	room_id INTEGER, 
	PRIMARY KEY (id), 
	FOREIGN KEY(house_id) REFERENCES houses (id), 
	FOREIGN KEY(room_id) REFERENCES rooms (id)
)

 (session.py:30)
2025-06-17 11:28:11 [    INFO] CREATE UNIQUE INDEX ix_nodes_nfc_id ON nodes (nfc_id) (base.py:1842)
2025-06-17 11:28:11 [    INFO] [no key 0.00393s] {} (base.py:1842)
2025-06-17 11:28:11 [   DEBUG] Query eseguita in 0.01 secondi: CREATE UNIQUE INDEX ix_nodes_nfc_id ON nodes (nfc_id) (session.py:30)
2025-06-17 11:28:11 [    INFO] 
CREATE TABLE bookings (
	id SERIAL NOT NULL, 
	room_id INTEGER NOT NULL, 
	user_id INTEGER NOT NULL, 
	start_time TIMESTAMP WITHOUT TIME ZONE NOT NULL, 
	end_time TIMESTAMP WITHOUT TIME ZONE NOT NULL, 
	status VARCHAR NOT NULL, 
	notes VARCHAR, 
	created_at TIMESTAMP WITHOUT TIME ZONE NOT NULL, 
	updated_at TIMESTAMP WITHOUT TIME ZONE NOT NULL, 
	PRIMARY KEY (id), 
	FOREIGN KEY(room_id) REFERENCES rooms (id), 
	FOREIGN KEY(user_id) REFERENCES "user" (id)
)

 (base.py:1842)
2025-06-17 11:28:11 [    INFO] [no key 0.00438s] {} (base.py:1842)
2025-06-17 11:28:11 [   DEBUG] Query eseguita in 0.04 secondi: 
CREATE TABLE bookings (
	id SERIAL NOT NULL, 
	room_id INTEGER NOT NULL, 
	user_id INTEGER NOT NULL, 
	start_time TIMESTAMP WITHOUT TIME ZONE NOT NULL, 
	end_time TIMESTAMP WITHOUT TIME ZONE NOT NULL, 
	status VARCHAR NOT NULL, 
	notes VARCHAR, 
	created_at TIMESTAMP WITHOUT TIME ZONE NOT NULL, 
	updated_at TIMESTAMP WITHOUT TIME ZONE NOT NULL, 
	PRIMARY KEY (id), 
	FOREIGN KEY(room_id) REFERENCES rooms (id), 
	FOREIGN KEY(user_id) REFERENCES "user" (id)
)

 (session.py:30)
2025-06-17 11:28:11 [    INFO] 
CREATE TABLE documents (
	id SERIAL NOT NULL, 
	created_at TIMESTAMP WITHOUT TIME ZONE NOT NULL, 
	updated_at TIMESTAMP WITHOUT TIME ZONE NOT NULL, 
	owner_id INTEGER NOT NULL, 
	name VARCHAR NOT NULL, 
	type VARCHAR NOT NULL, 
	size INTEGER NOT NULL, 
	upload_date TIMESTAMP WITHOUT TIME ZONE NOT NULL, 
	path VARCHAR NOT NULL, 
	checksum VARCHAR NOT NULL, 
	house_id INTEGER, 
	node_id INTEGER, 
	description VARCHAR, 
	PRIMARY KEY (id), 
	FOREIGN KEY(owner_id) REFERENCES "user" (id), 
	FOREIGN KEY(house_id) REFERENCES houses (id), 
	FOREIGN KEY(node_id) REFERENCES nodes (id)
)

 (base.py:1842)
2025-06-17 11:28:11 [    INFO] [no key 0.00284s] {} (base.py:1842)
2025-06-17 11:28:11 [   DEBUG] Query eseguita in 0.04 secondi: 
CREATE TABLE documents (
	id SERIAL NOT NULL, 
	created_at TIMESTAMP WITHOUT TIME ZONE NOT NULL, 
	updated_at TIMESTAMP WITHOUT TIME ZONE NOT NULL, 
	owner_id INTEGER NOT NULL, 
	name VARCHAR NOT NULL, 
	type VARCHAR NOT NULL, 
	size INTEGER NOT NULL, 
	upload_date TIMESTAMP WITHOUT TIME ZONE NOT NULL, 
	path VARCHAR NOT NULL, 
	checksum VARCHAR NOT NULL, 
	house_id INTEGER, 
	node_id INTEGER, 
	description VARCHAR, 
	PRIMARY KEY (id), 
	FOREIGN KEY(owner_id) REFERENCES "user" (id), 
	FOREIGN KEY(house_id) REFERENCES houses (id), 
	FOREIGN KEY(node_id) REFERENCES nodes (id)
)

 (session.py:30)
2025-06-17 11:28:11 [    INFO] CREATE INDEX ix_documents_owner_id ON documents (owner_id) (base.py:1842)
2025-06-17 11:28:11 [    INFO] [no key 0.00207s] {} (base.py:1842)
2025-06-17 11:28:11 [   DEBUG] Query eseguita in 0.01 secondi: CREATE INDEX ix_documents_owner_id ON documents (owner_id) (session.py:30)
2025-06-17 11:28:11 [    INFO] 
CREATE TABLE document_versions (
	id SERIAL NOT NULL, 
	version_number INTEGER NOT NULL, 
	file_path VARCHAR NOT NULL, 
	file_size INTEGER NOT NULL, 
	checksum VARCHAR NOT NULL, 
	created_at TIMESTAMP WITHOUT TIME ZONE NOT NULL, 
	updated_at TIMESTAMP WITHOUT TIME ZONE NOT NULL, 
	document_id INTEGER NOT NULL, 
	created_by_id INTEGER, 
	PRIMARY KEY (id), 
	FOREIGN KEY(document_id) REFERENCES documents (id), 
	FOREIGN KEY(created_by_id) REFERENCES "user" (id)
)

 (base.py:1842)
2025-06-17 11:28:11 [    INFO] [no key 0.00167s] {} (base.py:1842)
2025-06-17 11:28:11 [   DEBUG] Query eseguita in 0.04 secondi: 
CREATE TABLE document_versions (
	id SERIAL NOT NULL, 
	version_number INTEGER NOT NULL, 
	file_path VARCHAR NOT NULL, 
	file_size INTEGER NOT NULL, 
	checksum VARCHAR NOT NULL, 
	created_at TIMESTAMP WITHOUT TIME ZONE NOT NULL, 
	updated_at TIMESTAMP WITHOUT TIME ZONE NOT NULL, 
	document_id INTEGER NOT NULL, 
	created_by_id INTEGER, 
	PRIMARY KEY (id), 
	FOREIGN KEY(document_id) REFERENCES documents (id), 
	FOREIGN KEY(created_by_id) REFERENCES "user" (id)
)

 (session.py:30)
2025-06-17 11:28:11 [    INFO] CREATE INDEX ix_document_versions_version_number ON document_versions (version_number) (base.py:1842)
2025-06-17 11:28:11 [    INFO] [no key 0.00092s] {} (base.py:1842)
2025-06-17 11:28:11 [   DEBUG] Query eseguita in 0.01 secondi: CREATE INDEX ix_document_versions_version_number ON document_versions (version_number) (session.py:30)
2025-06-17 11:28:11 [    INFO] CREATE INDEX ix_document_versions_created_by_id ON document_versions (created_by_id) (base.py:1842)
2025-06-17 11:28:11 [    INFO] [no key 0.00415s] {} (base.py:1842)
2025-06-17 11:28:11 [   DEBUG] Query eseguita in 0.01 secondi: CREATE INDEX ix_document_versions_created_by_id ON document_versions (created_by_id) (session.py:30)
2025-06-17 11:28:11 [    INFO] CREATE INDEX ix_document_versions_document_id ON document_versions (document_id) (base.py:1842)
2025-06-17 11:28:11 [    INFO] [no key 0.00180s] {} (base.py:1842)
2025-06-17 11:28:11 [   DEBUG] Query eseguita in 0.01 secondi: CREATE INDEX ix_document_versions_document_id ON document_versions (document_id) (session.py:30)
2025-06-17 11:28:11 [    INFO] 
CREATE TABLE maintenance_records (
	id SERIAL NOT NULL, 
	node_id INTEGER NOT NULL, 
	timestamp TIMESTAMP WITHOUT TIME ZONE NOT NULL, 
	maintenance_type maintenancetype NOT NULL, 
	description VARCHAR NOT NULL, 
	status maintenancestatus NOT NULL, 
	notes VARCHAR, 
	document_id INTEGER, 
	PRIMARY KEY (id), 
	FOREIGN KEY(node_id) REFERENCES nodes (id), 
	FOREIGN KEY(document_id) REFERENCES documents (id)
)

 (base.py:1842)
2025-06-17 11:28:11 [    INFO] [no key 0.00142s] {} (base.py:1842)
2025-06-17 11:28:11 [   DEBUG] Query eseguita in 0.04 secondi: 
CREATE TABLE maintenance_records (
	id SERIAL NOT NULL, 
	node_id INTEGER NOT NULL, 
	timestamp TIMESTAMP WITHOUT TIME ZONE NOT NULL, 
	maintenance_type maintenancetype NOT NULL, 
	description VARCHAR NOT NULL, 
	status maintenancestatus NOT NULL, 
	notes VARCHAR, 
	document_id INTEGER, 
	PRIMARY KEY (id), 
	FOREIGN KEY(node_id) REFERENCES nodes (id), 
	FOREIGN KEY(document_id) REFERENCES documents (id)
)

 (session.py:30)
2025-06-17 11:28:11 [    INFO] CREATE INDEX ix_maintenance_records_node_id ON maintenance_records (node_id) (base.py:1842)
2025-06-17 11:28:11 [    INFO] [no key 0.00214s] {} (base.py:1842)
2025-06-17 11:28:11 [   DEBUG] Query eseguita in 0.01 secondi: CREATE INDEX ix_maintenance_records_node_id ON maintenance_records (node_id) (session.py:30)
2025-06-17 11:28:11 [    INFO] COMMIT (base.py:2704)
2025-06-17 11:28:11 [   DEBUG] Test database tables created successfully (test_users.py:52)
2025-06-17 11:28:11 [   DEBUG] Test database session created successfully (test_users.py:55)
2025-06-17 11:28:11 [   DEBUG] Overriding get_session for tests... (conftest.py:269)
2025-06-17 11:28:11 [   DEBUG] Setting up FakeRedis for tests... (conftest_redis.py:18)
2025-06-17 11:28:11 [   DEBUG] Connessione Redis stabilita con successo (redis.py:24)
-------------------------------- live log call --------------------------------
2025-06-17 11:28:11 [   DEBUG] Using proactor: IocpProactor (proactor_events.py:631)
2025-06-17 11:28:11 [    INFO] HTTP Request: POST http://testserver/api/v1/auth/register "HTTP/1.1 422 Unprocessable Entity" (_client.py:1025)
PASSED                                                                   [ 45%]
------------------------------ live log teardown ------------------------------
2025-06-17 11:28:11 [   DEBUG] Restored original Redis client (conftest_redis.py:29)
2025-06-17 11:28:11 [   DEBUG] get_session override cleared (conftest.py:275)
2025-06-17 11:28:11 [   DEBUG] Cleaning up test database session... (test_users.py:57)
2025-06-17 11:28:12 [    INFO] BEGIN (implicit) (base.py:2698)
2025-06-17 11:28:12 [    INFO] DROP SCHEMA public CASCADE (base.py:1842)
2025-06-17 11:28:12 [    INFO] [generated in 0.00204s] {} (base.py:1842)
2025-06-17 11:28:12 [   DEBUG] Query eseguita in 0.09 secondi: DROP SCHEMA public CASCADE (session.py:30)
2025-06-17 11:28:12 [    INFO] CREATE SCHEMA public (base.py:1842)
2025-06-17 11:28:12 [    INFO] [generated in 0.00156s] {} (base.py:1842)
2025-06-17 11:28:12 [   DEBUG] Query eseguita in 0.01 secondi: CREATE SCHEMA public (session.py:30)
2025-06-17 11:28:12 [    INFO] COMMIT (base.py:2704)
2025-06-17 11:28:12 [   DEBUG] Test database cleanup completed (test_users.py:63)
2025-06-17 11:28:12 [   DEBUG] Session fixture completed in 1.49 seconds (test_users.py:68)

tests/api/test_users.py::test_create_user_invalid_password[!@#$%^&*] 
------------------------------- live log setup --------------------------------
2025-06-17 11:28:12 [   DEBUG] Setting up test database session... (test_users.py:38)
2025-06-17 11:28:12 [    INFO] select pg_catalog.version() (base.py:1842)
2025-06-17 11:28:12 [    INFO] [raw sql] {} (base.py:1842)
2025-06-17 11:28:12 [    INFO] select current_schema() (base.py:1842)
2025-06-17 11:28:12 [    INFO] [raw sql] {} (base.py:1842)
2025-06-17 11:28:12 [    INFO] show standard_conforming_strings (base.py:1842)
2025-06-17 11:28:12 [    INFO] [raw sql] {} (base.py:1842)
2025-06-17 11:28:12 [    INFO] BEGIN (implicit) (base.py:2698)
2025-06-17 11:28:12 [    INFO] SELECT pg_catalog.pg_class.relname 
FROM pg_catalog.pg_class JOIN pg_catalog.pg_namespace ON pg_catalog.pg_namespace.oid = pg_catalog.pg_class.relnamespace 
WHERE pg_catalog.pg_class.relname = %(table_name)s AND pg_catalog.pg_class.relkind = ANY (ARRAY[%(param_1)s, %(param_2)s, %(param_3)s, %(param_4)s, %(param_5)s]) AND pg_catalog.pg_table_is_visible(pg_catalog.pg_class.oid) AND pg_catalog.pg_namespace.nspname != %(nspname_1)s (base.py:1842)
2025-06-17 11:28:12 [    INFO] [generated in 0.00370s] {'table_name': 'user', 'param_1': 'r', 'param_2': 'p', 'param_3': 'f', 'param_4': 'v', 'param_5': 'm', 'nspname_1': 'pg_catalog'} (base.py:1842)
2025-06-17 11:28:12 [   DEBUG] Query eseguita in 0.02 secondi: SELECT pg_catalog.pg_class.relname 
FROM pg_catalog.pg_class JOIN pg_catalog.pg_namespace ON pg_catalog.pg_namespace.oid = pg_catalog.pg_class.relnamespace 
WHERE pg_catalog.pg_class.relname = %(table_name)s AND pg_catalog.pg_class.relkind = ANY (ARRAY[%(param_1)s, %(param_2)s, %(param_3)s, %(param_4)s, %(param_5)s]) AND pg_catalog.pg_table_is_visible(pg_catalog.pg_class.oid) AND pg_catalog.pg_namespace.nspname != %(nspname_1)s (session.py:30)
2025-06-17 11:28:12 [    INFO] SELECT pg_catalog.pg_class.relname 
FROM pg_catalog.pg_class JOIN pg_catalog.pg_namespace ON pg_catalog.pg_namespace.oid = pg_catalog.pg_class.relnamespace 
WHERE pg_catalog.pg_class.relname = %(table_name)s AND pg_catalog.pg_class.relkind = ANY (ARRAY[%(param_1)s, %(param_2)s, %(param_3)s, %(param_4)s, %(param_5)s]) AND pg_catalog.pg_table_is_visible(pg_catalog.pg_class.oid) AND pg_catalog.pg_namespace.nspname != %(nspname_1)s (base.py:1842)
2025-06-17 11:28:12 [    INFO] [cached since 0.02151s ago] {'table_name': 'documents', 'param_1': 'r', 'param_2': 'p', 'param_3': 'f', 'param_4': 'v', 'param_5': 'm', 'nspname_1': 'pg_catalog'} (base.py:1842)
2025-06-17 11:28:12 [   DEBUG] Query eseguita in 0.01 secondi: SELECT pg_catalog.pg_class.relname 
FROM pg_catalog.pg_class JOIN pg_catalog.pg_namespace ON pg_catalog.pg_namespace.oid = pg_catalog.pg_class.relnamespace 
WHERE pg_catalog.pg_class.relname = %(table_name)s AND pg_catalog.pg_class.relkind = ANY (ARRAY[%(param_1)s, %(param_2)s, %(param_3)s, %(param_4)s, %(param_5)s]) AND pg_catalog.pg_table_is_visible(pg_catalog.pg_class.oid) AND pg_catalog.pg_namespace.nspname != %(nspname_1)s (session.py:30)
2025-06-17 11:28:12 [    INFO] SELECT pg_catalog.pg_class.relname 
FROM pg_catalog.pg_class JOIN pg_catalog.pg_namespace ON pg_catalog.pg_namespace.oid = pg_catalog.pg_class.relnamespace 
WHERE pg_catalog.pg_class.relname = %(table_name)s AND pg_catalog.pg_class.relkind = ANY (ARRAY[%(param_1)s, %(param_2)s, %(param_3)s, %(param_4)s, %(param_5)s]) AND pg_catalog.pg_table_is_visible(pg_catalog.pg_class.oid) AND pg_catalog.pg_namespace.nspname != %(nspname_1)s (base.py:1842)
2025-06-17 11:28:12 [    INFO] [cached since 0.03159s ago] {'table_name': 'document_versions', 'param_1': 'r', 'param_2': 'p', 'param_3': 'f', 'param_4': 'v', 'param_5': 'm', 'nspname_1': 'pg_catalog'} (base.py:1842)
2025-06-17 11:28:12 [   DEBUG] Query eseguita in 0.00 secondi: SELECT pg_catalog.pg_class.relname 
FROM pg_catalog.pg_class JOIN pg_catalog.pg_namespace ON pg_catalog.pg_namespace.oid = pg_catalog.pg_class.relnamespace 
WHERE pg_catalog.pg_class.relname = %(table_name)s AND pg_catalog.pg_class.relkind = ANY (ARRAY[%(param_1)s, %(param_2)s, %(param_3)s, %(param_4)s, %(param_5)s]) AND pg_catalog.pg_table_is_visible(pg_catalog.pg_class.oid) AND pg_catalog.pg_namespace.nspname != %(nspname_1)s (session.py:30)
2025-06-17 11:28:12 [    INFO] SELECT pg_catalog.pg_class.relname 
FROM pg_catalog.pg_class JOIN pg_catalog.pg_namespace ON pg_catalog.pg_namespace.oid = pg_catalog.pg_class.relnamespace 
WHERE pg_catalog.pg_class.relname = %(table_name)s AND pg_catalog.pg_class.relkind = ANY (ARRAY[%(param_1)s, %(param_2)s, %(param_3)s, %(param_4)s, %(param_5)s]) AND pg_catalog.pg_table_is_visible(pg_catalog.pg_class.oid) AND pg_catalog.pg_namespace.nspname != %(nspname_1)s (base.py:1842)
2025-06-17 11:28:12 [    INFO] [cached since 0.03765s ago] {'table_name': 'houses', 'param_1': 'r', 'param_2': 'p', 'param_3': 'f', 'param_4': 'v', 'param_5': 'm', 'nspname_1': 'pg_catalog'} (base.py:1842)
2025-06-17 11:28:12 [   DEBUG] Query eseguita in 0.01 secondi: SELECT pg_catalog.pg_class.relname 
FROM pg_catalog.pg_class JOIN pg_catalog.pg_namespace ON pg_catalog.pg_namespace.oid = pg_catalog.pg_class.relnamespace 
WHERE pg_catalog.pg_class.relname = %(table_name)s AND pg_catalog.pg_class.relkind = ANY (ARRAY[%(param_1)s, %(param_2)s, %(param_3)s, %(param_4)s, %(param_5)s]) AND pg_catalog.pg_table_is_visible(pg_catalog.pg_class.oid) AND pg_catalog.pg_namespace.nspname != %(nspname_1)s (session.py:30)
2025-06-17 11:28:12 [    INFO] SELECT pg_catalog.pg_class.relname 
FROM pg_catalog.pg_class JOIN pg_catalog.pg_namespace ON pg_catalog.pg_namespace.oid = pg_catalog.pg_class.relnamespace 
WHERE pg_catalog.pg_class.relname = %(table_name)s AND pg_catalog.pg_class.relkind = ANY (ARRAY[%(param_1)s, %(param_2)s, %(param_3)s, %(param_4)s, %(param_5)s]) AND pg_catalog.pg_table_is_visible(pg_catalog.pg_class.oid) AND pg_catalog.pg_namespace.nspname != %(nspname_1)s (base.py:1842)
2025-06-17 11:28:12 [    INFO] [cached since 0.04818s ago] {'table_name': 'nodes', 'param_1': 'r', 'param_2': 'p', 'param_3': 'f', 'param_4': 'v', 'param_5': 'm', 'nspname_1': 'pg_catalog'} (base.py:1842)
2025-06-17 11:28:12 [   DEBUG] Query eseguita in 0.00 secondi: SELECT pg_catalog.pg_class.relname 
FROM pg_catalog.pg_class JOIN pg_catalog.pg_namespace ON pg_catalog.pg_namespace.oid = pg_catalog.pg_class.relnamespace 
WHERE pg_catalog.pg_class.relname = %(table_name)s AND pg_catalog.pg_class.relkind = ANY (ARRAY[%(param_1)s, %(param_2)s, %(param_3)s, %(param_4)s, %(param_5)s]) AND pg_catalog.pg_table_is_visible(pg_catalog.pg_class.oid) AND pg_catalog.pg_namespace.nspname != %(nspname_1)s (session.py:30)
2025-06-17 11:28:12 [    INFO] SELECT pg_catalog.pg_class.relname 
FROM pg_catalog.pg_class JOIN pg_catalog.pg_namespace ON pg_catalog.pg_namespace.oid = pg_catalog.pg_class.relnamespace 
WHERE pg_catalog.pg_class.relname = %(table_name)s AND pg_catalog.pg_class.relkind = ANY (ARRAY[%(param_1)s, %(param_2)s, %(param_3)s, %(param_4)s, %(param_5)s]) AND pg_catalog.pg_table_is_visible(pg_catalog.pg_class.oid) AND pg_catalog.pg_namespace.nspname != %(nspname_1)s (base.py:1842)
2025-06-17 11:28:12 [    INFO] [cached since 0.05542s ago] {'table_name': 'rooms', 'param_1': 'r', 'param_2': 'p', 'param_3': 'f', 'param_4': 'v', 'param_5': 'm', 'nspname_1': 'pg_catalog'} (base.py:1842)
2025-06-17 11:28:12 [   DEBUG] Query eseguita in 0.01 secondi: SELECT pg_catalog.pg_class.relname 
FROM pg_catalog.pg_class JOIN pg_catalog.pg_namespace ON pg_catalog.pg_namespace.oid = pg_catalog.pg_class.relnamespace 
WHERE pg_catalog.pg_class.relname = %(table_name)s AND pg_catalog.pg_class.relkind = ANY (ARRAY[%(param_1)s, %(param_2)s, %(param_3)s, %(param_4)s, %(param_5)s]) AND pg_catalog.pg_table_is_visible(pg_catalog.pg_class.oid) AND pg_catalog.pg_namespace.nspname != %(nspname_1)s (session.py:30)
2025-06-17 11:28:12 [    INFO] SELECT pg_catalog.pg_class.relname 
FROM pg_catalog.pg_class JOIN pg_catalog.pg_namespace ON pg_catalog.pg_namespace.oid = pg_catalog.pg_class.relnamespace 
WHERE pg_catalog.pg_class.relname = %(table_name)s AND pg_catalog.pg_class.relkind = ANY (ARRAY[%(param_1)s, %(param_2)s, %(param_3)s, %(param_4)s, %(param_5)s]) AND pg_catalog.pg_table_is_visible(pg_catalog.pg_class.oid) AND pg_catalog.pg_namespace.nspname != %(nspname_1)s (base.py:1842)
2025-06-17 11:28:12 [    INFO] [cached since 0.06539s ago] {'table_name': 'bookings', 'param_1': 'r', 'param_2': 'p', 'param_3': 'f', 'param_4': 'v', 'param_5': 'm', 'nspname_1': 'pg_catalog'} (base.py:1842)
2025-06-17 11:28:12 [   DEBUG] Query eseguita in 0.00 secondi: SELECT pg_catalog.pg_class.relname 
FROM pg_catalog.pg_class JOIN pg_catalog.pg_namespace ON pg_catalog.pg_namespace.oid = pg_catalog.pg_class.relnamespace 
WHERE pg_catalog.pg_class.relname = %(table_name)s AND pg_catalog.pg_class.relkind = ANY (ARRAY[%(param_1)s, %(param_2)s, %(param_3)s, %(param_4)s, %(param_5)s]) AND pg_catalog.pg_table_is_visible(pg_catalog.pg_class.oid) AND pg_catalog.pg_namespace.nspname != %(nspname_1)s (session.py:30)
2025-06-17 11:28:12 [    INFO] SELECT pg_catalog.pg_class.relname 
FROM pg_catalog.pg_class JOIN pg_catalog.pg_namespace ON pg_catalog.pg_namespace.oid = pg_catalog.pg_class.relnamespace 
WHERE pg_catalog.pg_class.relname = %(table_name)s AND pg_catalog.pg_class.relkind = ANY (ARRAY[%(param_1)s, %(param_2)s, %(param_3)s, %(param_4)s, %(param_5)s]) AND pg_catalog.pg_table_is_visible(pg_catalog.pg_class.oid) AND pg_catalog.pg_namespace.nspname != %(nspname_1)s (base.py:1842)
2025-06-17 11:28:12 [    INFO] [cached since 0.07262s ago] {'table_name': 'maintenance_records', 'param_1': 'r', 'param_2': 'p', 'param_3': 'f', 'param_4': 'v', 'param_5': 'm', 'nspname_1': 'pg_catalog'} (base.py:1842)
2025-06-17 11:28:12 [   DEBUG] Query eseguita in 0.01 secondi: SELECT pg_catalog.pg_class.relname 
FROM pg_catalog.pg_class JOIN pg_catalog.pg_namespace ON pg_catalog.pg_namespace.oid = pg_catalog.pg_class.relnamespace 
WHERE pg_catalog.pg_class.relname = %(table_name)s AND pg_catalog.pg_class.relkind = ANY (ARRAY[%(param_1)s, %(param_2)s, %(param_3)s, %(param_4)s, %(param_5)s]) AND pg_catalog.pg_table_is_visible(pg_catalog.pg_class.oid) AND pg_catalog.pg_namespace.nspname != %(nspname_1)s (session.py:30)
2025-06-17 11:28:12 [    INFO] SELECT pg_catalog.pg_type.typname 
FROM pg_catalog.pg_type JOIN pg_catalog.pg_namespace ON pg_catalog.pg_namespace.oid = pg_catalog.pg_type.typnamespace 
WHERE pg_catalog.pg_type.typname = %(typname_1)s AND pg_catalog.pg_type_is_visible(pg_catalog.pg_type.oid) AND pg_catalog.pg_namespace.nspname != %(nspname_1)s (base.py:1842)
2025-06-17 11:28:12 [    INFO] [generated in 0.00256s] {'typname_1': 'maintenancetype', 'nspname_1': 'pg_catalog'} (base.py:1842)
2025-06-17 11:28:12 [   DEBUG] Query eseguita in 0.01 secondi: SELECT pg_catalog.pg_type.typname 
FROM pg_catalog.pg_type JOIN pg_catalog.pg_namespace ON pg_catalog.pg_namespace.oid = pg_catalog.pg_type.typnamespace 
WHERE pg_catalog.pg_type.typname = %(typname_1)s AND pg_catalog.pg_type_is_visible(pg_catalog.pg_type.oid) AND pg_catalog.pg_namespace.nspname != %(nspname_1)s (session.py:30)
2025-06-17 11:28:12 [    INFO] CREATE TYPE maintenancetype AS ENUM ('ROUTINE', 'PREVENTIVE', 'CORRECTIVE', 'EMERGENCY', 'INSPECTION') (base.py:1842)
2025-06-17 11:28:12 [    INFO] [no key 0.00090s] {} (base.py:1842)
2025-06-17 11:28:12 [   DEBUG] Query eseguita in 0.01 secondi: CREATE TYPE maintenancetype AS ENUM ('ROUTINE', 'PREVENTIVE', 'CORRECTIVE', 'EMERGENCY', 'INSPECTION') (session.py:30)
2025-06-17 11:28:12 [    INFO] SELECT pg_catalog.pg_type.typname 
FROM pg_catalog.pg_type JOIN pg_catalog.pg_namespace ON pg_catalog.pg_namespace.oid = pg_catalog.pg_type.typnamespace 
WHERE pg_catalog.pg_type.typname = %(typname_1)s AND pg_catalog.pg_type_is_visible(pg_catalog.pg_type.oid) AND pg_catalog.pg_namespace.nspname != %(nspname_1)s (base.py:1842)
2025-06-17 11:28:12 [    INFO] [cached since 0.03065s ago] {'typname_1': 'maintenancestatus', 'nspname_1': 'pg_catalog'} (base.py:1842)
2025-06-17 11:28:12 [   DEBUG] Query eseguita in 0.00 secondi: SELECT pg_catalog.pg_type.typname 
FROM pg_catalog.pg_type JOIN pg_catalog.pg_namespace ON pg_catalog.pg_namespace.oid = pg_catalog.pg_type.typnamespace 
WHERE pg_catalog.pg_type.typname = %(typname_1)s AND pg_catalog.pg_type_is_visible(pg_catalog.pg_type.oid) AND pg_catalog.pg_namespace.nspname != %(nspname_1)s (session.py:30)
2025-06-17 11:28:12 [    INFO] CREATE TYPE maintenancestatus AS ENUM ('PENDING', 'COMPLETED', 'FAILED') (base.py:1842)
2025-06-17 11:28:12 [    INFO] [no key 0.00207s] {} (base.py:1842)
2025-06-17 11:28:12 [   DEBUG] Query eseguita in 0.01 secondi: CREATE TYPE maintenancestatus AS ENUM ('PENDING', 'COMPLETED', 'FAILED') (session.py:30)
2025-06-17 11:28:12 [    INFO] 
CREATE TABLE "user" (
	id SERIAL NOT NULL, 
	email VARCHAR NOT NULL, 
	username VARCHAR NOT NULL, 
	hashed_password VARCHAR NOT NULL, 
	is_active BOOLEAN NOT NULL, 
	is_superuser BOOLEAN NOT NULL, 
	is_verified BOOLEAN NOT NULL, 
	created_at TIMESTAMP WITHOUT TIME ZONE NOT NULL, 
	updated_at TIMESTAMP WITHOUT TIME ZONE NOT NULL, 
	last_login TIMESTAMP WITH TIME ZONE, 
	full_name VARCHAR(255), 
	phone_number VARCHAR(20), 
	PRIMARY KEY (id)
)

 (base.py:1842)
2025-06-17 11:28:12 [    INFO] [no key 0.00347s] {} (base.py:1842)
2025-06-17 11:28:12 [   DEBUG] Query eseguita in 0.04 secondi: 
CREATE TABLE "user" (
	id SERIAL NOT NULL, 
	email VARCHAR NOT NULL, 
	username VARCHAR NOT NULL, 
	hashed_password VARCHAR NOT NULL, 
	is_active BOOLEAN NOT NULL, 
	is_superuser BOOLEAN NOT NULL, 
	is_verified BOOLEAN NOT NULL, 
	created_at TIMESTAMP WITHOUT TIME ZONE NOT NULL, 
	updated_at TIMESTAMP WITHOUT TIME ZONE NOT NULL, 
	last_login TIMESTAMP WITH TIME ZONE, 
	full_name VARCHAR(255), 
	phone_number VARCHAR(20), 
	PRIMARY KEY (id)
)

 (session.py:30)
2025-06-17 11:28:12 [    INFO] CREATE UNIQUE INDEX ix_user_email ON "user" (email) (base.py:1842)
2025-06-17 11:28:12 [    INFO] [no key 0.00285s] {} (base.py:1842)
2025-06-17 11:28:12 [   DEBUG] Query eseguita in 0.01 secondi: CREATE UNIQUE INDEX ix_user_email ON "user" (email) (session.py:30)
2025-06-17 11:28:12 [    INFO] CREATE UNIQUE INDEX ix_user_username ON "user" (username) (base.py:1842)
2025-06-17 11:28:12 [    INFO] [no key 0.00158s] {} (base.py:1842)
2025-06-17 11:28:12 [   DEBUG] Query eseguita in 0.01 secondi: CREATE UNIQUE INDEX ix_user_username ON "user" (username) (session.py:30)
2025-06-17 11:28:12 [    INFO] 
CREATE TABLE houses (
	id SERIAL NOT NULL, 
	name VARCHAR NOT NULL, 
	address VARCHAR NOT NULL, 
	owner_id INTEGER NOT NULL, 
	created_at TIMESTAMP WITHOUT TIME ZONE NOT NULL, 
	updated_at TIMESTAMP WITHOUT TIME ZONE NOT NULL, 
	PRIMARY KEY (id), 
	FOREIGN KEY(owner_id) REFERENCES "user" (id)
)

 (base.py:1842)
2025-06-17 11:28:12 [    INFO] [no key 0.00273s] {} (base.py:1842)
2025-06-17 11:28:12 [   DEBUG] Query eseguita in 0.04 secondi: 
CREATE TABLE houses (
	id SERIAL NOT NULL, 
	name VARCHAR NOT NULL, 
	address VARCHAR NOT NULL, 
	owner_id INTEGER NOT NULL, 
	created_at TIMESTAMP WITHOUT TIME ZONE NOT NULL, 
	updated_at TIMESTAMP WITHOUT TIME ZONE NOT NULL, 
	PRIMARY KEY (id), 
	FOREIGN KEY(owner_id) REFERENCES "user" (id)
)

 (session.py:30)
2025-06-17 11:28:12 [    INFO] CREATE INDEX ix_houses_name ON houses (name) (base.py:1842)
2025-06-17 11:28:12 [    INFO] [no key 0.00177s] {} (base.py:1842)
2025-06-17 11:28:12 [   DEBUG] Query eseguita in 0.01 secondi: CREATE INDEX ix_houses_name ON houses (name) (session.py:30)
2025-06-17 11:28:12 [    INFO] 
CREATE TABLE rooms (
	id SERIAL NOT NULL, 
	name VARCHAR NOT NULL, 
	description VARCHAR, 
	floor INTEGER NOT NULL, 
	area FLOAT NOT NULL, 
	house_id INTEGER NOT NULL, 
	created_at TIMESTAMP WITHOUT TIME ZONE NOT NULL, 
	updated_at TIMESTAMP WITHOUT TIME ZONE NOT NULL, 
	PRIMARY KEY (id), 
	FOREIGN KEY(house_id) REFERENCES houses (id)
)

 (base.py:1842)
2025-06-17 11:28:12 [    INFO] [no key 0.00139s] {} (base.py:1842)
2025-06-17 11:28:12 [   DEBUG] Query eseguita in 0.03 secondi: 
CREATE TABLE rooms (
	id SERIAL NOT NULL, 
	name VARCHAR NOT NULL, 
	description VARCHAR, 
	floor INTEGER NOT NULL, 
	area FLOAT NOT NULL, 
	house_id INTEGER NOT NULL, 
	created_at TIMESTAMP WITHOUT TIME ZONE NOT NULL, 
	updated_at TIMESTAMP WITHOUT TIME ZONE NOT NULL, 
	PRIMARY KEY (id), 
	FOREIGN KEY(house_id) REFERENCES houses (id)
)

 (session.py:30)
2025-06-17 11:28:12 [    INFO] CREATE INDEX ix_rooms_name ON rooms (name) (base.py:1842)
2025-06-17 11:28:12 [    INFO] [no key 0.00328s] {} (base.py:1842)
2025-06-17 11:28:12 [   DEBUG] Query eseguita in 0.01 secondi: CREATE INDEX ix_rooms_name ON rooms (name) (session.py:30)
2025-06-17 11:28:12 [    INFO] 
CREATE TABLE nodes (
	id SERIAL NOT NULL, 
	name VARCHAR NOT NULL, 
	description VARCHAR, 
	nfc_id VARCHAR NOT NULL, 
	house_id INTEGER NOT NULL, 
	room_id INTEGER, 
	PRIMARY KEY (id), 
	FOREIGN KEY(house_id) REFERENCES houses (id), 
	FOREIGN KEY(room_id) REFERENCES rooms (id)
)

 (base.py:1842)
2025-06-17 11:28:12 [    INFO] [no key 0.00141s] {} (base.py:1842)
2025-06-17 11:28:13 [   DEBUG] Query eseguita in 0.03 secondi: 
CREATE TABLE nodes (
	id SERIAL NOT NULL, 
	name VARCHAR NOT NULL, 
	description VARCHAR, 
	nfc_id VARCHAR NOT NULL, 
	house_id INTEGER NOT NULL, 
	room_id INTEGER, 
	PRIMARY KEY (id), 
	FOREIGN KEY(house_id) REFERENCES houses (id), 
	FOREIGN KEY(room_id) REFERENCES rooms (id)
)

 (session.py:30)
2025-06-17 11:28:13 [    INFO] CREATE UNIQUE INDEX ix_nodes_nfc_id ON nodes (nfc_id) (base.py:1842)
2025-06-17 11:28:13 [    INFO] [no key 0.00251s] {} (base.py:1842)
2025-06-17 11:28:13 [   DEBUG] Query eseguita in 0.01 secondi: CREATE UNIQUE INDEX ix_nodes_nfc_id ON nodes (nfc_id) (session.py:30)
2025-06-17 11:28:13 [    INFO] 
CREATE TABLE bookings (
	id SERIAL NOT NULL, 
	room_id INTEGER NOT NULL, 
	user_id INTEGER NOT NULL, 
	start_time TIMESTAMP WITHOUT TIME ZONE NOT NULL, 
	end_time TIMESTAMP WITHOUT TIME ZONE NOT NULL, 
	status VARCHAR NOT NULL, 
	notes VARCHAR, 
	created_at TIMESTAMP WITHOUT TIME ZONE NOT NULL, 
	updated_at TIMESTAMP WITHOUT TIME ZONE NOT NULL, 
	PRIMARY KEY (id), 
	FOREIGN KEY(room_id) REFERENCES rooms (id), 
	FOREIGN KEY(user_id) REFERENCES "user" (id)
)

 (base.py:1842)
2025-06-17 11:28:13 [    INFO] [no key 0.00462s] {} (base.py:1842)
2025-06-17 11:28:13 [   DEBUG] Query eseguita in 0.03 secondi: 
CREATE TABLE bookings (
	id SERIAL NOT NULL, 
	room_id INTEGER NOT NULL, 
	user_id INTEGER NOT NULL, 
	start_time TIMESTAMP WITHOUT TIME ZONE NOT NULL, 
	end_time TIMESTAMP WITHOUT TIME ZONE NOT NULL, 
	status VARCHAR NOT NULL, 
	notes VARCHAR, 
	created_at TIMESTAMP WITHOUT TIME ZONE NOT NULL, 
	updated_at TIMESTAMP WITHOUT TIME ZONE NOT NULL, 
	PRIMARY KEY (id), 
	FOREIGN KEY(room_id) REFERENCES rooms (id), 
	FOREIGN KEY(user_id) REFERENCES "user" (id)
)

 (session.py:30)
2025-06-17 11:28:13 [    INFO] 
CREATE TABLE documents (
	id SERIAL NOT NULL, 
	created_at TIMESTAMP WITHOUT TIME ZONE NOT NULL, 
	updated_at TIMESTAMP WITHOUT TIME ZONE NOT NULL, 
	owner_id INTEGER NOT NULL, 
	name VARCHAR NOT NULL, 
	type VARCHAR NOT NULL, 
	size INTEGER NOT NULL, 
	upload_date TIMESTAMP WITHOUT TIME ZONE NOT NULL, 
	path VARCHAR NOT NULL, 
	checksum VARCHAR NOT NULL, 
	house_id INTEGER, 
	node_id INTEGER, 
	description VARCHAR, 
	PRIMARY KEY (id), 
	FOREIGN KEY(owner_id) REFERENCES "user" (id), 
	FOREIGN KEY(house_id) REFERENCES houses (id), 
	FOREIGN KEY(node_id) REFERENCES nodes (id)
)

 (base.py:1842)
2025-06-17 11:28:13 [    INFO] [no key 0.00115s] {} (base.py:1842)
2025-06-17 11:28:13 [   DEBUG] Query eseguita in 0.04 secondi: 
CREATE TABLE documents (
	id SERIAL NOT NULL, 
	created_at TIMESTAMP WITHOUT TIME ZONE NOT NULL, 
	updated_at TIMESTAMP WITHOUT TIME ZONE NOT NULL, 
	owner_id INTEGER NOT NULL, 
	name VARCHAR NOT NULL, 
	type VARCHAR NOT NULL, 
	size INTEGER NOT NULL, 
	upload_date TIMESTAMP WITHOUT TIME ZONE NOT NULL, 
	path VARCHAR NOT NULL, 
	checksum VARCHAR NOT NULL, 
	house_id INTEGER, 
	node_id INTEGER, 
	description VARCHAR, 
	PRIMARY KEY (id), 
	FOREIGN KEY(owner_id) REFERENCES "user" (id), 
	FOREIGN KEY(house_id) REFERENCES houses (id), 
	FOREIGN KEY(node_id) REFERENCES nodes (id)
)

 (session.py:30)
2025-06-17 11:28:13 [    INFO] CREATE INDEX ix_documents_owner_id ON documents (owner_id) (base.py:1842)
2025-06-17 11:28:13 [    INFO] [no key 0.00260s] {} (base.py:1842)
2025-06-17 11:28:13 [   DEBUG] Query eseguita in 0.01 secondi: CREATE INDEX ix_documents_owner_id ON documents (owner_id) (session.py:30)
2025-06-17 11:28:13 [    INFO] 
CREATE TABLE document_versions (
	id SERIAL NOT NULL, 
	version_number INTEGER NOT NULL, 
	file_path VARCHAR NOT NULL, 
	file_size INTEGER NOT NULL, 
	checksum VARCHAR NOT NULL, 
	created_at TIMESTAMP WITHOUT TIME ZONE NOT NULL, 
	updated_at TIMESTAMP WITHOUT TIME ZONE NOT NULL, 
	document_id INTEGER NOT NULL, 
	created_by_id INTEGER, 
	PRIMARY KEY (id), 
	FOREIGN KEY(document_id) REFERENCES documents (id), 
	FOREIGN KEY(created_by_id) REFERENCES "user" (id)
)

 (base.py:1842)
2025-06-17 11:28:13 [    INFO] [no key 0.00447s] {} (base.py:1842)
2025-06-17 11:28:13 [   DEBUG] Query eseguita in 0.05 secondi: 
CREATE TABLE document_versions (
	id SERIAL NOT NULL, 
	version_number INTEGER NOT NULL, 
	file_path VARCHAR NOT NULL, 
	file_size INTEGER NOT NULL, 
	checksum VARCHAR NOT NULL, 
	created_at TIMESTAMP WITHOUT TIME ZONE NOT NULL, 
	updated_at TIMESTAMP WITHOUT TIME ZONE NOT NULL, 
	document_id INTEGER NOT NULL, 
	created_by_id INTEGER, 
	PRIMARY KEY (id), 
	FOREIGN KEY(document_id) REFERENCES documents (id), 
	FOREIGN KEY(created_by_id) REFERENCES "user" (id)
)

 (session.py:30)
2025-06-17 11:28:13 [    INFO] CREATE INDEX ix_document_versions_version_number ON document_versions (version_number) (base.py:1842)
2025-06-17 11:28:13 [    INFO] [no key 0.00131s] {} (base.py:1842)
2025-06-17 11:28:13 [   DEBUG] Query eseguita in 0.01 secondi: CREATE INDEX ix_document_versions_version_number ON document_versions (version_number) (session.py:30)
2025-06-17 11:28:13 [    INFO] CREATE INDEX ix_document_versions_created_by_id ON document_versions (created_by_id) (base.py:1842)
2025-06-17 11:28:13 [    INFO] [no key 0.00072s] {} (base.py:1842)
2025-06-17 11:28:13 [   DEBUG] Query eseguita in 0.01 secondi: CREATE INDEX ix_document_versions_created_by_id ON document_versions (created_by_id) (session.py:30)
2025-06-17 11:28:13 [    INFO] CREATE INDEX ix_document_versions_document_id ON document_versions (document_id) (base.py:1842)
2025-06-17 11:28:13 [    INFO] [no key 0.00465s] {} (base.py:1842)
2025-06-17 11:28:13 [   DEBUG] Query eseguita in 0.01 secondi: CREATE INDEX ix_document_versions_document_id ON document_versions (document_id) (session.py:30)
2025-06-17 11:28:13 [    INFO] 
CREATE TABLE maintenance_records (
	id SERIAL NOT NULL, 
	node_id INTEGER NOT NULL, 
	timestamp TIMESTAMP WITHOUT TIME ZONE NOT NULL, 
	maintenance_type maintenancetype NOT NULL, 
	description VARCHAR NOT NULL, 
	status maintenancestatus NOT NULL, 
	notes VARCHAR, 
	document_id INTEGER, 
	PRIMARY KEY (id), 
	FOREIGN KEY(node_id) REFERENCES nodes (id), 
	FOREIGN KEY(document_id) REFERENCES documents (id)
)

 (base.py:1842)
2025-06-17 11:28:13 [    INFO] [no key 0.00230s] {} (base.py:1842)
2025-06-17 11:28:13 [   DEBUG] Query eseguita in 0.03 secondi: 
CREATE TABLE maintenance_records (
	id SERIAL NOT NULL, 
	node_id INTEGER NOT NULL, 
	timestamp TIMESTAMP WITHOUT TIME ZONE NOT NULL, 
	maintenance_type maintenancetype NOT NULL, 
	description VARCHAR NOT NULL, 
	status maintenancestatus NOT NULL, 
	notes VARCHAR, 
	document_id INTEGER, 
	PRIMARY KEY (id), 
	FOREIGN KEY(node_id) REFERENCES nodes (id), 
	FOREIGN KEY(document_id) REFERENCES documents (id)
)

 (session.py:30)
2025-06-17 11:28:13 [    INFO] CREATE INDEX ix_maintenance_records_node_id ON maintenance_records (node_id) (base.py:1842)
2025-06-17 11:28:13 [    INFO] [no key 0.00069s] {} (base.py:1842)
2025-06-17 11:28:13 [   DEBUG] Query eseguita in 0.01 secondi: CREATE INDEX ix_maintenance_records_node_id ON maintenance_records (node_id) (session.py:30)
2025-06-17 11:28:13 [    INFO] COMMIT (base.py:2704)
2025-06-17 11:28:13 [   DEBUG] Test database tables created successfully (test_users.py:52)
2025-06-17 11:28:13 [   DEBUG] Test database session created successfully (test_users.py:55)
2025-06-17 11:28:13 [   DEBUG] Overriding get_session for tests... (conftest.py:269)
2025-06-17 11:28:13 [   DEBUG] Setting up FakeRedis for tests... (conftest_redis.py:18)
2025-06-17 11:28:13 [   DEBUG] Connessione Redis stabilita con successo (redis.py:24)
-------------------------------- live log call --------------------------------
2025-06-17 11:28:13 [   DEBUG] Using proactor: IocpProactor (proactor_events.py:631)
2025-06-17 11:28:13 [    INFO] HTTP Request: POST http://testserver/api/v1/auth/register "HTTP/1.1 422 Unprocessable Entity" (_client.py:1025)
PASSED                                                                   [ 47%]
------------------------------ live log teardown ------------------------------
2025-06-17 11:28:13 [   DEBUG] Restored original Redis client (conftest_redis.py:29)
2025-06-17 11:28:13 [   DEBUG] get_session override cleared (conftest.py:275)
2025-06-17 11:28:13 [   DEBUG] Cleaning up test database session... (test_users.py:57)
2025-06-17 11:28:13 [    INFO] BEGIN (implicit) (base.py:2698)
2025-06-17 11:28:13 [    INFO] DROP SCHEMA public CASCADE (base.py:1842)
2025-06-17 11:28:13 [    INFO] [generated in 0.00870s] {} (base.py:1842)
2025-06-17 11:28:13 [   DEBUG] Query eseguita in 0.11 secondi: DROP SCHEMA public CASCADE (session.py:30)
2025-06-17 11:28:13 [    INFO] CREATE SCHEMA public (base.py:1842)
2025-06-17 11:28:13 [    INFO] [generated in 0.00259s] {} (base.py:1842)
2025-06-17 11:28:13 [   DEBUG] Query eseguita in 0.01 secondi: CREATE SCHEMA public (session.py:30)
2025-06-17 11:28:13 [    INFO] COMMIT (base.py:2704)
2025-06-17 11:28:13 [   DEBUG] Test database cleanup completed (test_users.py:63)
2025-06-17 11:28:13 [   DEBUG] Session fixture completed in 1.49 seconds (test_users.py:68)

tests/api/test_users.py::test_create_user_invalid_password[password123] 
------------------------------- live log setup --------------------------------
2025-06-17 11:28:13 [   DEBUG] Setting up test database session... (test_users.py:38)
2025-06-17 11:28:14 [    INFO] select pg_catalog.version() (base.py:1842)
2025-06-17 11:28:14 [    INFO] [raw sql] {} (base.py:1842)
2025-06-17 11:28:14 [    INFO] select current_schema() (base.py:1842)
2025-06-17 11:28:14 [    INFO] [raw sql] {} (base.py:1842)
2025-06-17 11:28:14 [    INFO] show standard_conforming_strings (base.py:1842)
2025-06-17 11:28:14 [    INFO] [raw sql] {} (base.py:1842)
2025-06-17 11:28:14 [    INFO] BEGIN (implicit) (base.py:2698)
2025-06-17 11:28:14 [    INFO] SELECT pg_catalog.pg_class.relname 
FROM pg_catalog.pg_class JOIN pg_catalog.pg_namespace ON pg_catalog.pg_namespace.oid = pg_catalog.pg_class.relnamespace 
WHERE pg_catalog.pg_class.relname = %(table_name)s AND pg_catalog.pg_class.relkind = ANY (ARRAY[%(param_1)s, %(param_2)s, %(param_3)s, %(param_4)s, %(param_5)s]) AND pg_catalog.pg_table_is_visible(pg_catalog.pg_class.oid) AND pg_catalog.pg_namespace.nspname != %(nspname_1)s (base.py:1842)
2025-06-17 11:28:14 [    INFO] [generated in 0.00322s] {'table_name': 'user', 'param_1': 'r', 'param_2': 'p', 'param_3': 'f', 'param_4': 'v', 'param_5': 'm', 'nspname_1': 'pg_catalog'} (base.py:1842)
2025-06-17 11:28:14 [   DEBUG] Query eseguita in 0.02 secondi: SELECT pg_catalog.pg_class.relname 
FROM pg_catalog.pg_class JOIN pg_catalog.pg_namespace ON pg_catalog.pg_namespace.oid = pg_catalog.pg_class.relnamespace 
WHERE pg_catalog.pg_class.relname = %(table_name)s AND pg_catalog.pg_class.relkind = ANY (ARRAY[%(param_1)s, %(param_2)s, %(param_3)s, %(param_4)s, %(param_5)s]) AND pg_catalog.pg_table_is_visible(pg_catalog.pg_class.oid) AND pg_catalog.pg_namespace.nspname != %(nspname_1)s (session.py:30)
2025-06-17 11:28:14 [    INFO] SELECT pg_catalog.pg_class.relname 
FROM pg_catalog.pg_class JOIN pg_catalog.pg_namespace ON pg_catalog.pg_namespace.oid = pg_catalog.pg_class.relnamespace 
WHERE pg_catalog.pg_class.relname = %(table_name)s AND pg_catalog.pg_class.relkind = ANY (ARRAY[%(param_1)s, %(param_2)s, %(param_3)s, %(param_4)s, %(param_5)s]) AND pg_catalog.pg_table_is_visible(pg_catalog.pg_class.oid) AND pg_catalog.pg_namespace.nspname != %(nspname_1)s (base.py:1842)
2025-06-17 11:28:14 [    INFO] [cached since 0.02096s ago] {'table_name': 'documents', 'param_1': 'r', 'param_2': 'p', 'param_3': 'f', 'param_4': 'v', 'param_5': 'm', 'nspname_1': 'pg_catalog'} (base.py:1842)
2025-06-17 11:28:14 [   DEBUG] Query eseguita in 0.01 secondi: SELECT pg_catalog.pg_class.relname 
FROM pg_catalog.pg_class JOIN pg_catalog.pg_namespace ON pg_catalog.pg_namespace.oid = pg_catalog.pg_class.relnamespace 
WHERE pg_catalog.pg_class.relname = %(table_name)s AND pg_catalog.pg_class.relkind = ANY (ARRAY[%(param_1)s, %(param_2)s, %(param_3)s, %(param_4)s, %(param_5)s]) AND pg_catalog.pg_table_is_visible(pg_catalog.pg_class.oid) AND pg_catalog.pg_namespace.nspname != %(nspname_1)s (session.py:30)
2025-06-17 11:28:14 [    INFO] SELECT pg_catalog.pg_class.relname 
FROM pg_catalog.pg_class JOIN pg_catalog.pg_namespace ON pg_catalog.pg_namespace.oid = pg_catalog.pg_class.relnamespace 
WHERE pg_catalog.pg_class.relname = %(table_name)s AND pg_catalog.pg_class.relkind = ANY (ARRAY[%(param_1)s, %(param_2)s, %(param_3)s, %(param_4)s, %(param_5)s]) AND pg_catalog.pg_table_is_visible(pg_catalog.pg_class.oid) AND pg_catalog.pg_namespace.nspname != %(nspname_1)s (base.py:1842)
2025-06-17 11:28:14 [    INFO] [cached since 0.03203s ago] {'table_name': 'document_versions', 'param_1': 'r', 'param_2': 'p', 'param_3': 'f', 'param_4': 'v', 'param_5': 'm', 'nspname_1': 'pg_catalog'} (base.py:1842)
2025-06-17 11:28:14 [   DEBUG] Query eseguita in 0.00 secondi: SELECT pg_catalog.pg_class.relname 
FROM pg_catalog.pg_class JOIN pg_catalog.pg_namespace ON pg_catalog.pg_namespace.oid = pg_catalog.pg_class.relnamespace 
WHERE pg_catalog.pg_class.relname = %(table_name)s AND pg_catalog.pg_class.relkind = ANY (ARRAY[%(param_1)s, %(param_2)s, %(param_3)s, %(param_4)s, %(param_5)s]) AND pg_catalog.pg_table_is_visible(pg_catalog.pg_class.oid) AND pg_catalog.pg_namespace.nspname != %(nspname_1)s (session.py:30)
2025-06-17 11:28:14 [    INFO] SELECT pg_catalog.pg_class.relname 
FROM pg_catalog.pg_class JOIN pg_catalog.pg_namespace ON pg_catalog.pg_namespace.oid = pg_catalog.pg_class.relnamespace 
WHERE pg_catalog.pg_class.relname = %(table_name)s AND pg_catalog.pg_class.relkind = ANY (ARRAY[%(param_1)s, %(param_2)s, %(param_3)s, %(param_4)s, %(param_5)s]) AND pg_catalog.pg_table_is_visible(pg_catalog.pg_class.oid) AND pg_catalog.pg_namespace.nspname != %(nspname_1)s (base.py:1842)
2025-06-17 11:28:14 [    INFO] [cached since 0.03984s ago] {'table_name': 'houses', 'param_1': 'r', 'param_2': 'p', 'param_3': 'f', 'param_4': 'v', 'param_5': 'm', 'nspname_1': 'pg_catalog'} (base.py:1842)
2025-06-17 11:28:14 [   DEBUG] Query eseguita in 0.01 secondi: SELECT pg_catalog.pg_class.relname 
FROM pg_catalog.pg_class JOIN pg_catalog.pg_namespace ON pg_catalog.pg_namespace.oid = pg_catalog.pg_class.relnamespace 
WHERE pg_catalog.pg_class.relname = %(table_name)s AND pg_catalog.pg_class.relkind = ANY (ARRAY[%(param_1)s, %(param_2)s, %(param_3)s, %(param_4)s, %(param_5)s]) AND pg_catalog.pg_table_is_visible(pg_catalog.pg_class.oid) AND pg_catalog.pg_namespace.nspname != %(nspname_1)s (session.py:30)
2025-06-17 11:28:14 [    INFO] SELECT pg_catalog.pg_class.relname 
FROM pg_catalog.pg_class JOIN pg_catalog.pg_namespace ON pg_catalog.pg_namespace.oid = pg_catalog.pg_class.relnamespace 
WHERE pg_catalog.pg_class.relname = %(table_name)s AND pg_catalog.pg_class.relkind = ANY (ARRAY[%(param_1)s, %(param_2)s, %(param_3)s, %(param_4)s, %(param_5)s]) AND pg_catalog.pg_table_is_visible(pg_catalog.pg_class.oid) AND pg_catalog.pg_namespace.nspname != %(nspname_1)s (base.py:1842)
2025-06-17 11:28:14 [    INFO] [cached since 0.0498s ago] {'table_name': 'nodes', 'param_1': 'r', 'param_2': 'p', 'param_3': 'f', 'param_4': 'v', 'param_5': 'm', 'nspname_1': 'pg_catalog'} (base.py:1842)
2025-06-17 11:28:14 [   DEBUG] Query eseguita in 0.01 secondi: SELECT pg_catalog.pg_class.relname 
FROM pg_catalog.pg_class JOIN pg_catalog.pg_namespace ON pg_catalog.pg_namespace.oid = pg_catalog.pg_class.relnamespace 
WHERE pg_catalog.pg_class.relname = %(table_name)s AND pg_catalog.pg_class.relkind = ANY (ARRAY[%(param_1)s, %(param_2)s, %(param_3)s, %(param_4)s, %(param_5)s]) AND pg_catalog.pg_table_is_visible(pg_catalog.pg_class.oid) AND pg_catalog.pg_namespace.nspname != %(nspname_1)s (session.py:30)
2025-06-17 11:28:14 [    INFO] SELECT pg_catalog.pg_class.relname 
FROM pg_catalog.pg_class JOIN pg_catalog.pg_namespace ON pg_catalog.pg_namespace.oid = pg_catalog.pg_class.relnamespace 
WHERE pg_catalog.pg_class.relname = %(table_name)s AND pg_catalog.pg_class.relkind = ANY (ARRAY[%(param_1)s, %(param_2)s, %(param_3)s, %(param_4)s, %(param_5)s]) AND pg_catalog.pg_table_is_visible(pg_catalog.pg_class.oid) AND pg_catalog.pg_namespace.nspname != %(nspname_1)s (base.py:1842)
2025-06-17 11:28:14 [    INFO] [cached since 0.05898s ago] {'table_name': 'rooms', 'param_1': 'r', 'param_2': 'p', 'param_3': 'f', 'param_4': 'v', 'param_5': 'm', 'nspname_1': 'pg_catalog'} (base.py:1842)
2025-06-17 11:28:14 [   DEBUG] Query eseguita in 0.01 secondi: SELECT pg_catalog.pg_class.relname 
FROM pg_catalog.pg_class JOIN pg_catalog.pg_namespace ON pg_catalog.pg_namespace.oid = pg_catalog.pg_class.relnamespace 
WHERE pg_catalog.pg_class.relname = %(table_name)s AND pg_catalog.pg_class.relkind = ANY (ARRAY[%(param_1)s, %(param_2)s, %(param_3)s, %(param_4)s, %(param_5)s]) AND pg_catalog.pg_table_is_visible(pg_catalog.pg_class.oid) AND pg_catalog.pg_namespace.nspname != %(nspname_1)s (session.py:30)
2025-06-17 11:28:14 [    INFO] SELECT pg_catalog.pg_class.relname 
FROM pg_catalog.pg_class JOIN pg_catalog.pg_namespace ON pg_catalog.pg_namespace.oid = pg_catalog.pg_class.relnamespace 
WHERE pg_catalog.pg_class.relname = %(table_name)s AND pg_catalog.pg_class.relkind = ANY (ARRAY[%(param_1)s, %(param_2)s, %(param_3)s, %(param_4)s, %(param_5)s]) AND pg_catalog.pg_table_is_visible(pg_catalog.pg_class.oid) AND pg_catalog.pg_namespace.nspname != %(nspname_1)s (base.py:1842)
2025-06-17 11:28:14 [    INFO] [cached since 0.06924s ago] {'table_name': 'bookings', 'param_1': 'r', 'param_2': 'p', 'param_3': 'f', 'param_4': 'v', 'param_5': 'm', 'nspname_1': 'pg_catalog'} (base.py:1842)
2025-06-17 11:28:14 [   DEBUG] Query eseguita in 0.01 secondi: SELECT pg_catalog.pg_class.relname 
FROM pg_catalog.pg_class JOIN pg_catalog.pg_namespace ON pg_catalog.pg_namespace.oid = pg_catalog.pg_class.relnamespace 
WHERE pg_catalog.pg_class.relname = %(table_name)s AND pg_catalog.pg_class.relkind = ANY (ARRAY[%(param_1)s, %(param_2)s, %(param_3)s, %(param_4)s, %(param_5)s]) AND pg_catalog.pg_table_is_visible(pg_catalog.pg_class.oid) AND pg_catalog.pg_namespace.nspname != %(nspname_1)s (session.py:30)
2025-06-17 11:28:14 [    INFO] SELECT pg_catalog.pg_class.relname 
FROM pg_catalog.pg_class JOIN pg_catalog.pg_namespace ON pg_catalog.pg_namespace.oid = pg_catalog.pg_class.relnamespace 
WHERE pg_catalog.pg_class.relname = %(table_name)s AND pg_catalog.pg_class.relkind = ANY (ARRAY[%(param_1)s, %(param_2)s, %(param_3)s, %(param_4)s, %(param_5)s]) AND pg_catalog.pg_table_is_visible(pg_catalog.pg_class.oid) AND pg_catalog.pg_namespace.nspname != %(nspname_1)s (base.py:1842)
2025-06-17 11:28:14 [    INFO] [cached since 0.08123s ago] {'table_name': 'maintenance_records', 'param_1': 'r', 'param_2': 'p', 'param_3': 'f', 'param_4': 'v', 'param_5': 'm', 'nspname_1': 'pg_catalog'} (base.py:1842)
2025-06-17 11:28:14 [   DEBUG] Query eseguita in 0.01 secondi: SELECT pg_catalog.pg_class.relname 
FROM pg_catalog.pg_class JOIN pg_catalog.pg_namespace ON pg_catalog.pg_namespace.oid = pg_catalog.pg_class.relnamespace 
WHERE pg_catalog.pg_class.relname = %(table_name)s AND pg_catalog.pg_class.relkind = ANY (ARRAY[%(param_1)s, %(param_2)s, %(param_3)s, %(param_4)s, %(param_5)s]) AND pg_catalog.pg_table_is_visible(pg_catalog.pg_class.oid) AND pg_catalog.pg_namespace.nspname != %(nspname_1)s (session.py:30)
2025-06-17 11:28:14 [    INFO] SELECT pg_catalog.pg_type.typname 
FROM pg_catalog.pg_type JOIN pg_catalog.pg_namespace ON pg_catalog.pg_namespace.oid = pg_catalog.pg_type.typnamespace 
WHERE pg_catalog.pg_type.typname = %(typname_1)s AND pg_catalog.pg_type_is_visible(pg_catalog.pg_type.oid) AND pg_catalog.pg_namespace.nspname != %(nspname_1)s (base.py:1842)
2025-06-17 11:28:14 [    INFO] [generated in 0.00655s] {'typname_1': 'maintenancetype', 'nspname_1': 'pg_catalog'} (base.py:1842)
2025-06-17 11:28:14 [   DEBUG] Query eseguita in 0.01 secondi: SELECT pg_catalog.pg_type.typname 
FROM pg_catalog.pg_type JOIN pg_catalog.pg_namespace ON pg_catalog.pg_namespace.oid = pg_catalog.pg_type.typnamespace 
WHERE pg_catalog.pg_type.typname = %(typname_1)s AND pg_catalog.pg_type_is_visible(pg_catalog.pg_type.oid) AND pg_catalog.pg_namespace.nspname != %(nspname_1)s (session.py:30)
2025-06-17 11:28:14 [    INFO] CREATE TYPE maintenancetype AS ENUM ('ROUTINE', 'PREVENTIVE', 'CORRECTIVE', 'EMERGENCY', 'INSPECTION') (base.py:1842)
2025-06-17 11:28:14 [    INFO] [no key 0.00188s] {} (base.py:1842)
2025-06-17 11:28:14 [   DEBUG] Query eseguita in 0.01 secondi: CREATE TYPE maintenancetype AS ENUM ('ROUTINE', 'PREVENTIVE', 'CORRECTIVE', 'EMERGENCY', 'INSPECTION') (session.py:30)
2025-06-17 11:28:14 [    INFO] SELECT pg_catalog.pg_type.typname 
FROM pg_catalog.pg_type JOIN pg_catalog.pg_namespace ON pg_catalog.pg_namespace.oid = pg_catalog.pg_type.typnamespace 
WHERE pg_catalog.pg_type.typname = %(typname_1)s AND pg_catalog.pg_type_is_visible(pg_catalog.pg_type.oid) AND pg_catalog.pg_namespace.nspname != %(nspname_1)s (base.py:1842)
2025-06-17 11:28:14 [    INFO] [cached since 0.03064s ago] {'typname_1': 'maintenancestatus', 'nspname_1': 'pg_catalog'} (base.py:1842)
2025-06-17 11:28:14 [   DEBUG] Query eseguita in 0.01 secondi: SELECT pg_catalog.pg_type.typname 
FROM pg_catalog.pg_type JOIN pg_catalog.pg_namespace ON pg_catalog.pg_namespace.oid = pg_catalog.pg_type.typnamespace 
WHERE pg_catalog.pg_type.typname = %(typname_1)s AND pg_catalog.pg_type_is_visible(pg_catalog.pg_type.oid) AND pg_catalog.pg_namespace.nspname != %(nspname_1)s (session.py:30)
2025-06-17 11:28:14 [    INFO] CREATE TYPE maintenancestatus AS ENUM ('PENDING', 'COMPLETED', 'FAILED') (base.py:1842)
2025-06-17 11:28:14 [    INFO] [no key 0.00073s] {} (base.py:1842)
2025-06-17 11:28:14 [   DEBUG] Query eseguita in 0.00 secondi: CREATE TYPE maintenancestatus AS ENUM ('PENDING', 'COMPLETED', 'FAILED') (session.py:30)
2025-06-17 11:28:14 [    INFO] 
CREATE TABLE "user" (
	id SERIAL NOT NULL, 
	email VARCHAR NOT NULL, 
	username VARCHAR NOT NULL, 
	hashed_password VARCHAR NOT NULL, 
	is_active BOOLEAN NOT NULL, 
	is_superuser BOOLEAN NOT NULL, 
	is_verified BOOLEAN NOT NULL, 
	created_at TIMESTAMP WITHOUT TIME ZONE NOT NULL, 
	updated_at TIMESTAMP WITHOUT TIME ZONE NOT NULL, 
	last_login TIMESTAMP WITH TIME ZONE, 
	full_name VARCHAR(255), 
	phone_number VARCHAR(20), 
	PRIMARY KEY (id)
)

 (base.py:1842)
2025-06-17 11:28:14 [    INFO] [no key 0.00305s] {} (base.py:1842)
2025-06-17 11:28:14 [   DEBUG] Query eseguita in 0.04 secondi: 
CREATE TABLE "user" (
	id SERIAL NOT NULL, 
	email VARCHAR NOT NULL, 
	username VARCHAR NOT NULL, 
	hashed_password VARCHAR NOT NULL, 
	is_active BOOLEAN NOT NULL, 
	is_superuser BOOLEAN NOT NULL, 
	is_verified BOOLEAN NOT NULL, 
	created_at TIMESTAMP WITHOUT TIME ZONE NOT NULL, 
	updated_at TIMESTAMP WITHOUT TIME ZONE NOT NULL, 
	last_login TIMESTAMP WITH TIME ZONE, 
	full_name VARCHAR(255), 
	phone_number VARCHAR(20), 
	PRIMARY KEY (id)
)

 (session.py:30)
2025-06-17 11:28:14 [    INFO] CREATE UNIQUE INDEX ix_user_email ON "user" (email) (base.py:1842)
2025-06-17 11:28:14 [    INFO] [no key 0.00065s] {} (base.py:1842)
2025-06-17 11:28:14 [   DEBUG] Query eseguita in 0.01 secondi: CREATE UNIQUE INDEX ix_user_email ON "user" (email) (session.py:30)
2025-06-17 11:28:14 [    INFO] CREATE UNIQUE INDEX ix_user_username ON "user" (username) (base.py:1842)
2025-06-17 11:28:14 [    INFO] [no key 0.00131s] {} (base.py:1842)
2025-06-17 11:28:14 [   DEBUG] Query eseguita in 0.01 secondi: CREATE UNIQUE INDEX ix_user_username ON "user" (username) (session.py:30)
2025-06-17 11:28:14 [    INFO] 
CREATE TABLE houses (
	id SERIAL NOT NULL, 
	name VARCHAR NOT NULL, 
	address VARCHAR NOT NULL, 
	owner_id INTEGER NOT NULL, 
	created_at TIMESTAMP WITHOUT TIME ZONE NOT NULL, 
	updated_at TIMESTAMP WITHOUT TIME ZONE NOT NULL, 
	PRIMARY KEY (id), 
	FOREIGN KEY(owner_id) REFERENCES "user" (id)
)

 (base.py:1842)
2025-06-17 11:28:14 [    INFO] [no key 0.00435s] {} (base.py:1842)
2025-06-17 11:28:14 [   DEBUG] Query eseguita in 0.04 secondi: 
CREATE TABLE houses (
	id SERIAL NOT NULL, 
	name VARCHAR NOT NULL, 
	address VARCHAR NOT NULL, 
	owner_id INTEGER NOT NULL, 
	created_at TIMESTAMP WITHOUT TIME ZONE NOT NULL, 
	updated_at TIMESTAMP WITHOUT TIME ZONE NOT NULL, 
	PRIMARY KEY (id), 
	FOREIGN KEY(owner_id) REFERENCES "user" (id)
)

 (session.py:30)
2025-06-17 11:28:14 [    INFO] CREATE INDEX ix_houses_name ON houses (name) (base.py:1842)
2025-06-17 11:28:14 [    INFO] [no key 0.00068s] {} (base.py:1842)
2025-06-17 11:28:14 [   DEBUG] Query eseguita in 0.01 secondi: CREATE INDEX ix_houses_name ON houses (name) (session.py:30)
2025-06-17 11:28:14 [    INFO] 
CREATE TABLE rooms (
	id SERIAL NOT NULL, 
	name VARCHAR NOT NULL, 
	description VARCHAR, 
	floor INTEGER NOT NULL, 
	area FLOAT NOT NULL, 
	house_id INTEGER NOT NULL, 
	created_at TIMESTAMP WITHOUT TIME ZONE NOT NULL, 
	updated_at TIMESTAMP WITHOUT TIME ZONE NOT NULL, 
	PRIMARY KEY (id), 
	FOREIGN KEY(house_id) REFERENCES houses (id)
)

 (base.py:1842)
2025-06-17 11:28:14 [    INFO] [no key 0.00254s] {} (base.py:1842)
2025-06-17 11:28:14 [   DEBUG] Query eseguita in 0.03 secondi: 
CREATE TABLE rooms (
	id SERIAL NOT NULL, 
	name VARCHAR NOT NULL, 
	description VARCHAR, 
	floor INTEGER NOT NULL, 
	area FLOAT NOT NULL, 
	house_id INTEGER NOT NULL, 
	created_at TIMESTAMP WITHOUT TIME ZONE NOT NULL, 
	updated_at TIMESTAMP WITHOUT TIME ZONE NOT NULL, 
	PRIMARY KEY (id), 
	FOREIGN KEY(house_id) REFERENCES houses (id)
)

 (session.py:30)
2025-06-17 11:28:14 [    INFO] CREATE INDEX ix_rooms_name ON rooms (name) (base.py:1842)
2025-06-17 11:28:14 [    INFO] [no key 0.00335s] {} (base.py:1842)
2025-06-17 11:28:14 [   DEBUG] Query eseguita in 0.01 secondi: CREATE INDEX ix_rooms_name ON rooms (name) (session.py:30)
2025-06-17 11:28:14 [    INFO] 
CREATE TABLE nodes (
	id SERIAL NOT NULL, 
	name VARCHAR NOT NULL, 
	description VARCHAR, 
	nfc_id VARCHAR NOT NULL, 
	house_id INTEGER NOT NULL, 
	room_id INTEGER, 
	PRIMARY KEY (id), 
	FOREIGN KEY(house_id) REFERENCES houses (id), 
	FOREIGN KEY(room_id) REFERENCES rooms (id)
)

 (base.py:1842)
2025-06-17 11:28:14 [    INFO] [no key 0.00272s] {} (base.py:1842)
2025-06-17 11:28:14 [   DEBUG] Query eseguita in 0.03 secondi: 
CREATE TABLE nodes (
	id SERIAL NOT NULL, 
	name VARCHAR NOT NULL, 
	description VARCHAR, 
	nfc_id VARCHAR NOT NULL, 
	house_id INTEGER NOT NULL, 
	room_id INTEGER, 
	PRIMARY KEY (id), 
	FOREIGN KEY(house_id) REFERENCES houses (id), 
	FOREIGN KEY(room_id) REFERENCES rooms (id)
)

 (session.py:30)
2025-06-17 11:28:14 [    INFO] CREATE UNIQUE INDEX ix_nodes_nfc_id ON nodes (nfc_id) (base.py:1842)
2025-06-17 11:28:14 [    INFO] [no key 0.00073s] {} (base.py:1842)
2025-06-17 11:28:14 [   DEBUG] Query eseguita in 0.01 secondi: CREATE UNIQUE INDEX ix_nodes_nfc_id ON nodes (nfc_id) (session.py:30)
2025-06-17 11:28:14 [    INFO] 
CREATE TABLE bookings (
	id SERIAL NOT NULL, 
	room_id INTEGER NOT NULL, 
	user_id INTEGER NOT NULL, 
	start_time TIMESTAMP WITHOUT TIME ZONE NOT NULL, 
	end_time TIMESTAMP WITHOUT TIME ZONE NOT NULL, 
	status VARCHAR NOT NULL, 
	notes VARCHAR, 
	created_at TIMESTAMP WITHOUT TIME ZONE NOT NULL, 
	updated_at TIMESTAMP WITHOUT TIME ZONE NOT NULL, 
	PRIMARY KEY (id), 
	FOREIGN KEY(room_id) REFERENCES rooms (id), 
	FOREIGN KEY(user_id) REFERENCES "user" (id)
)

 (base.py:1842)
2025-06-17 11:28:14 [    INFO] [no key 0.00094s] {} (base.py:1842)
2025-06-17 11:28:14 [   DEBUG] Query eseguita in 0.03 secondi: 
CREATE TABLE bookings (
	id SERIAL NOT NULL, 
	room_id INTEGER NOT NULL, 
	user_id INTEGER NOT NULL, 
	start_time TIMESTAMP WITHOUT TIME ZONE NOT NULL, 
	end_time TIMESTAMP WITHOUT TIME ZONE NOT NULL, 
	status VARCHAR NOT NULL, 
	notes VARCHAR, 
	created_at TIMESTAMP WITHOUT TIME ZONE NOT NULL, 
	updated_at TIMESTAMP WITHOUT TIME ZONE NOT NULL, 
	PRIMARY KEY (id), 
	FOREIGN KEY(room_id) REFERENCES rooms (id), 
	FOREIGN KEY(user_id) REFERENCES "user" (id)
)

 (session.py:30)
2025-06-17 11:28:14 [    INFO] 
CREATE TABLE documents (
	id SERIAL NOT NULL, 
	created_at TIMESTAMP WITHOUT TIME ZONE NOT NULL, 
	updated_at TIMESTAMP WITHOUT TIME ZONE NOT NULL, 
	owner_id INTEGER NOT NULL, 
	name VARCHAR NOT NULL, 
	type VARCHAR NOT NULL, 
	size INTEGER NOT NULL, 
	upload_date TIMESTAMP WITHOUT TIME ZONE NOT NULL, 
	path VARCHAR NOT NULL, 
	checksum VARCHAR NOT NULL, 
	house_id INTEGER, 
	node_id INTEGER, 
	description VARCHAR, 
	PRIMARY KEY (id), 
	FOREIGN KEY(owner_id) REFERENCES "user" (id), 
	FOREIGN KEY(house_id) REFERENCES houses (id), 
	FOREIGN KEY(node_id) REFERENCES nodes (id)
)

 (base.py:1842)
2025-06-17 11:28:14 [    INFO] [no key 0.00124s] {} (base.py:1842)
2025-06-17 11:28:15 [   DEBUG] Query eseguita in 0.04 secondi: 
CREATE TABLE documents (
	id SERIAL NOT NULL, 
	created_at TIMESTAMP WITHOUT TIME ZONE NOT NULL, 
	updated_at TIMESTAMP WITHOUT TIME ZONE NOT NULL, 
	owner_id INTEGER NOT NULL, 
	name VARCHAR NOT NULL, 
	type VARCHAR NOT NULL, 
	size INTEGER NOT NULL, 
	upload_date TIMESTAMP WITHOUT TIME ZONE NOT NULL, 
	path VARCHAR NOT NULL, 
	checksum VARCHAR NOT NULL, 
	house_id INTEGER, 
	node_id INTEGER, 
	description VARCHAR, 
	PRIMARY KEY (id), 
	FOREIGN KEY(owner_id) REFERENCES "user" (id), 
	FOREIGN KEY(house_id) REFERENCES houses (id), 
	FOREIGN KEY(node_id) REFERENCES nodes (id)
)

 (session.py:30)
2025-06-17 11:28:15 [    INFO] CREATE INDEX ix_documents_owner_id ON documents (owner_id) (base.py:1842)
2025-06-17 11:28:15 [    INFO] [no key 0.00366s] {} (base.py:1842)
2025-06-17 11:28:15 [   DEBUG] Query eseguita in 0.01 secondi: CREATE INDEX ix_documents_owner_id ON documents (owner_id) (session.py:30)
2025-06-17 11:28:15 [    INFO] 
CREATE TABLE document_versions (
	id SERIAL NOT NULL, 
	version_number INTEGER NOT NULL, 
	file_path VARCHAR NOT NULL, 
	file_size INTEGER NOT NULL, 
	checksum VARCHAR NOT NULL, 
	created_at TIMESTAMP WITHOUT TIME ZONE NOT NULL, 
	updated_at TIMESTAMP WITHOUT TIME ZONE NOT NULL, 
	document_id INTEGER NOT NULL, 
	created_by_id INTEGER, 
	PRIMARY KEY (id), 
	FOREIGN KEY(document_id) REFERENCES documents (id), 
	FOREIGN KEY(created_by_id) REFERENCES "user" (id)
)

 (base.py:1842)
2025-06-17 11:28:15 [    INFO] [no key 0.00218s] {} (base.py:1842)
2025-06-17 11:28:15 [   DEBUG] Query eseguita in 0.03 secondi: 
CREATE TABLE document_versions (
	id SERIAL NOT NULL, 
	version_number INTEGER NOT NULL, 
	file_path VARCHAR NOT NULL, 
	file_size INTEGER NOT NULL, 
	checksum VARCHAR NOT NULL, 
	created_at TIMESTAMP WITHOUT TIME ZONE NOT NULL, 
	updated_at TIMESTAMP WITHOUT TIME ZONE NOT NULL, 
	document_id INTEGER NOT NULL, 
	created_by_id INTEGER, 
	PRIMARY KEY (id), 
	FOREIGN KEY(document_id) REFERENCES documents (id), 
	FOREIGN KEY(created_by_id) REFERENCES "user" (id)
)

 (session.py:30)
2025-06-17 11:28:15 [    INFO] CREATE INDEX ix_document_versions_version_number ON document_versions (version_number) (base.py:1842)
2025-06-17 11:28:15 [    INFO] [no key 0.00432s] {} (base.py:1842)
2025-06-17 11:28:15 [   DEBUG] Query eseguita in 0.01 secondi: CREATE INDEX ix_document_versions_version_number ON document_versions (version_number) (session.py:30)
2025-06-17 11:28:15 [    INFO] CREATE INDEX ix_document_versions_created_by_id ON document_versions (created_by_id) (base.py:1842)
2025-06-17 11:28:15 [    INFO] [no key 0.00224s] {} (base.py:1842)
2025-06-17 11:28:15 [   DEBUG] Query eseguita in 0.01 secondi: CREATE INDEX ix_document_versions_created_by_id ON document_versions (created_by_id) (session.py:30)
2025-06-17 11:28:15 [    INFO] CREATE INDEX ix_document_versions_document_id ON document_versions (document_id) (base.py:1842)
2025-06-17 11:28:15 [    INFO] [no key 0.00228s] {} (base.py:1842)
2025-06-17 11:28:15 [   DEBUG] Query eseguita in 0.01 secondi: CREATE INDEX ix_document_versions_document_id ON document_versions (document_id) (session.py:30)
2025-06-17 11:28:15 [    INFO] 
CREATE TABLE maintenance_records (
	id SERIAL NOT NULL, 
	node_id INTEGER NOT NULL, 
	timestamp TIMESTAMP WITHOUT TIME ZONE NOT NULL, 
	maintenance_type maintenancetype NOT NULL, 
	description VARCHAR NOT NULL, 
	status maintenancestatus NOT NULL, 
	notes VARCHAR, 
	document_id INTEGER, 
	PRIMARY KEY (id), 
	FOREIGN KEY(node_id) REFERENCES nodes (id), 
	FOREIGN KEY(document_id) REFERENCES documents (id)
)

 (base.py:1842)
2025-06-17 11:28:15 [    INFO] [no key 0.00277s] {} (base.py:1842)
2025-06-17 11:28:15 [   DEBUG] Query eseguita in 0.04 secondi: 
CREATE TABLE maintenance_records (
	id SERIAL NOT NULL, 
	node_id INTEGER NOT NULL, 
	timestamp TIMESTAMP WITHOUT TIME ZONE NOT NULL, 
	maintenance_type maintenancetype NOT NULL, 
	description VARCHAR NOT NULL, 
	status maintenancestatus NOT NULL, 
	notes VARCHAR, 
	document_id INTEGER, 
	PRIMARY KEY (id), 
	FOREIGN KEY(node_id) REFERENCES nodes (id), 
	FOREIGN KEY(document_id) REFERENCES documents (id)
)

 (session.py:30)
2025-06-17 11:28:15 [    INFO] CREATE INDEX ix_maintenance_records_node_id ON maintenance_records (node_id) (base.py:1842)
2025-06-17 11:28:15 [    INFO] [no key 0.00424s] {} (base.py:1842)
2025-06-17 11:28:15 [   DEBUG] Query eseguita in 0.01 secondi: CREATE INDEX ix_maintenance_records_node_id ON maintenance_records (node_id) (session.py:30)
2025-06-17 11:28:15 [    INFO] COMMIT (base.py:2704)
2025-06-17 11:28:15 [   DEBUG] Test database tables created successfully (test_users.py:52)
2025-06-17 11:28:15 [   DEBUG] Test database session created successfully (test_users.py:55)
2025-06-17 11:28:15 [   DEBUG] Overriding get_session for tests... (conftest.py:269)
2025-06-17 11:28:15 [   DEBUG] Setting up FakeRedis for tests... (conftest_redis.py:18)
2025-06-17 11:28:15 [   DEBUG] Connessione Redis stabilita con successo (redis.py:24)
-------------------------------- live log call --------------------------------
2025-06-17 11:28:15 [   DEBUG] Using proactor: IocpProactor (proactor_events.py:631)
2025-06-17 11:28:15 [    INFO] HTTP Request: POST http://testserver/api/v1/auth/register "HTTP/1.1 422 Unprocessable Entity" (_client.py:1025)
PASSED                                                                   [ 50%]
------------------------------ live log teardown ------------------------------
2025-06-17 11:28:15 [   DEBUG] Restored original Redis client (conftest_redis.py:29)
2025-06-17 11:28:15 [   DEBUG] get_session override cleared (conftest.py:275)
2025-06-17 11:28:15 [   DEBUG] Cleaning up test database session... (test_users.py:57)
2025-06-17 11:28:15 [    INFO] BEGIN (implicit) (base.py:2698)
2025-06-17 11:28:15 [    INFO] DROP SCHEMA public CASCADE (base.py:1842)
2025-06-17 11:28:15 [    INFO] [generated in 0.00820s] {} (base.py:1842)
2025-06-17 11:28:15 [   DEBUG] Query eseguita in 0.11 secondi: DROP SCHEMA public CASCADE (session.py:30)
2025-06-17 11:28:15 [    INFO] CREATE SCHEMA public (base.py:1842)
2025-06-17 11:28:15 [    INFO] [generated in 0.00174s] {} (base.py:1842)
2025-06-17 11:28:15 [   DEBUG] Query eseguita in 0.01 secondi: CREATE SCHEMA public (session.py:30)
2025-06-17 11:28:15 [    INFO] COMMIT (base.py:2704)
2025-06-17 11:28:15 [   DEBUG] Test database cleanup completed (test_users.py:63)
2025-06-17 11:28:15 [   DEBUG] Session fixture completed in 1.83 seconds (test_users.py:68)

tests/api/test_users.py::test_create_user_invalid_password[qwerty123] 
------------------------------- live log setup --------------------------------
2025-06-17 11:28:15 [   DEBUG] Setting up test database session... (test_users.py:38)
2025-06-17 11:28:16 [    INFO] select pg_catalog.version() (base.py:1842)
2025-06-17 11:28:16 [    INFO] [raw sql] {} (base.py:1842)
2025-06-17 11:28:16 [    INFO] select current_schema() (base.py:1842)
2025-06-17 11:28:16 [    INFO] [raw sql] {} (base.py:1842)
2025-06-17 11:28:16 [    INFO] show standard_conforming_strings (base.py:1842)
2025-06-17 11:28:16 [    INFO] [raw sql] {} (base.py:1842)
2025-06-17 11:28:16 [    INFO] BEGIN (implicit) (base.py:2698)
2025-06-17 11:28:16 [    INFO] SELECT pg_catalog.pg_class.relname 
FROM pg_catalog.pg_class JOIN pg_catalog.pg_namespace ON pg_catalog.pg_namespace.oid = pg_catalog.pg_class.relnamespace 
WHERE pg_catalog.pg_class.relname = %(table_name)s AND pg_catalog.pg_class.relkind = ANY (ARRAY[%(param_1)s, %(param_2)s, %(param_3)s, %(param_4)s, %(param_5)s]) AND pg_catalog.pg_table_is_visible(pg_catalog.pg_class.oid) AND pg_catalog.pg_namespace.nspname != %(nspname_1)s (base.py:1842)
2025-06-17 11:28:16 [    INFO] [generated in 0.00194s] {'table_name': 'user', 'param_1': 'r', 'param_2': 'p', 'param_3': 'f', 'param_4': 'v', 'param_5': 'm', 'nspname_1': 'pg_catalog'} (base.py:1842)
2025-06-17 11:28:16 [   DEBUG] Query eseguita in 0.01 secondi: SELECT pg_catalog.pg_class.relname 
FROM pg_catalog.pg_class JOIN pg_catalog.pg_namespace ON pg_catalog.pg_namespace.oid = pg_catalog.pg_class.relnamespace 
WHERE pg_catalog.pg_class.relname = %(table_name)s AND pg_catalog.pg_class.relkind = ANY (ARRAY[%(param_1)s, %(param_2)s, %(param_3)s, %(param_4)s, %(param_5)s]) AND pg_catalog.pg_table_is_visible(pg_catalog.pg_class.oid) AND pg_catalog.pg_namespace.nspname != %(nspname_1)s (session.py:30)
2025-06-17 11:28:16 [    INFO] SELECT pg_catalog.pg_class.relname 
FROM pg_catalog.pg_class JOIN pg_catalog.pg_namespace ON pg_catalog.pg_namespace.oid = pg_catalog.pg_class.relnamespace 
WHERE pg_catalog.pg_class.relname = %(table_name)s AND pg_catalog.pg_class.relkind = ANY (ARRAY[%(param_1)s, %(param_2)s, %(param_3)s, %(param_4)s, %(param_5)s]) AND pg_catalog.pg_table_is_visible(pg_catalog.pg_class.oid) AND pg_catalog.pg_namespace.nspname != %(nspname_1)s (base.py:1842)
2025-06-17 11:28:16 [    INFO] [cached since 0.0177s ago] {'table_name': 'documents', 'param_1': 'r', 'param_2': 'p', 'param_3': 'f', 'param_4': 'v', 'param_5': 'm', 'nspname_1': 'pg_catalog'} (base.py:1842)
2025-06-17 11:28:16 [   DEBUG] Query eseguita in 0.01 secondi: SELECT pg_catalog.pg_class.relname 
FROM pg_catalog.pg_class JOIN pg_catalog.pg_namespace ON pg_catalog.pg_namespace.oid = pg_catalog.pg_class.relnamespace 
WHERE pg_catalog.pg_class.relname = %(table_name)s AND pg_catalog.pg_class.relkind = ANY (ARRAY[%(param_1)s, %(param_2)s, %(param_3)s, %(param_4)s, %(param_5)s]) AND pg_catalog.pg_table_is_visible(pg_catalog.pg_class.oid) AND pg_catalog.pg_namespace.nspname != %(nspname_1)s (session.py:30)
2025-06-17 11:28:16 [    INFO] SELECT pg_catalog.pg_class.relname 
FROM pg_catalog.pg_class JOIN pg_catalog.pg_namespace ON pg_catalog.pg_namespace.oid = pg_catalog.pg_class.relnamespace 
WHERE pg_catalog.pg_class.relname = %(table_name)s AND pg_catalog.pg_class.relkind = ANY (ARRAY[%(param_1)s, %(param_2)s, %(param_3)s, %(param_4)s, %(param_5)s]) AND pg_catalog.pg_table_is_visible(pg_catalog.pg_class.oid) AND pg_catalog.pg_namespace.nspname != %(nspname_1)s (base.py:1842)
2025-06-17 11:28:16 [    INFO] [cached since 0.02799s ago] {'table_name': 'document_versions', 'param_1': 'r', 'param_2': 'p', 'param_3': 'f', 'param_4': 'v', 'param_5': 'm', 'nspname_1': 'pg_catalog'} (base.py:1842)
2025-06-17 11:28:16 [   DEBUG] Query eseguita in 0.00 secondi: SELECT pg_catalog.pg_class.relname 
FROM pg_catalog.pg_class JOIN pg_catalog.pg_namespace ON pg_catalog.pg_namespace.oid = pg_catalog.pg_class.relnamespace 
WHERE pg_catalog.pg_class.relname = %(table_name)s AND pg_catalog.pg_class.relkind = ANY (ARRAY[%(param_1)s, %(param_2)s, %(param_3)s, %(param_4)s, %(param_5)s]) AND pg_catalog.pg_table_is_visible(pg_catalog.pg_class.oid) AND pg_catalog.pg_namespace.nspname != %(nspname_1)s (session.py:30)
2025-06-17 11:28:16 [    INFO] SELECT pg_catalog.pg_class.relname 
FROM pg_catalog.pg_class JOIN pg_catalog.pg_namespace ON pg_catalog.pg_namespace.oid = pg_catalog.pg_class.relnamespace 
WHERE pg_catalog.pg_class.relname = %(table_name)s AND pg_catalog.pg_class.relkind = ANY (ARRAY[%(param_1)s, %(param_2)s, %(param_3)s, %(param_4)s, %(param_5)s]) AND pg_catalog.pg_table_is_visible(pg_catalog.pg_class.oid) AND pg_catalog.pg_namespace.nspname != %(nspname_1)s (base.py:1842)
2025-06-17 11:28:16 [    INFO] [cached since 0.03528s ago] {'table_name': 'houses', 'param_1': 'r', 'param_2': 'p', 'param_3': 'f', 'param_4': 'v', 'param_5': 'm', 'nspname_1': 'pg_catalog'} (base.py:1842)
2025-06-17 11:28:16 [   DEBUG] Query eseguita in 0.01 secondi: SELECT pg_catalog.pg_class.relname 
FROM pg_catalog.pg_class JOIN pg_catalog.pg_namespace ON pg_catalog.pg_namespace.oid = pg_catalog.pg_class.relnamespace 
WHERE pg_catalog.pg_class.relname = %(table_name)s AND pg_catalog.pg_class.relkind = ANY (ARRAY[%(param_1)s, %(param_2)s, %(param_3)s, %(param_4)s, %(param_5)s]) AND pg_catalog.pg_table_is_visible(pg_catalog.pg_class.oid) AND pg_catalog.pg_namespace.nspname != %(nspname_1)s (session.py:30)
2025-06-17 11:28:16 [    INFO] SELECT pg_catalog.pg_class.relname 
FROM pg_catalog.pg_class JOIN pg_catalog.pg_namespace ON pg_catalog.pg_namespace.oid = pg_catalog.pg_class.relnamespace 
WHERE pg_catalog.pg_class.relname = %(table_name)s AND pg_catalog.pg_class.relkind = ANY (ARRAY[%(param_1)s, %(param_2)s, %(param_3)s, %(param_4)s, %(param_5)s]) AND pg_catalog.pg_table_is_visible(pg_catalog.pg_class.oid) AND pg_catalog.pg_namespace.nspname != %(nspname_1)s (base.py:1842)
2025-06-17 11:28:16 [    INFO] [cached since 0.0446s ago] {'table_name': 'nodes', 'param_1': 'r', 'param_2': 'p', 'param_3': 'f', 'param_4': 'v', 'param_5': 'm', 'nspname_1': 'pg_catalog'} (base.py:1842)
2025-06-17 11:28:16 [   DEBUG] Query eseguita in 0.01 secondi: SELECT pg_catalog.pg_class.relname 
FROM pg_catalog.pg_class JOIN pg_catalog.pg_namespace ON pg_catalog.pg_namespace.oid = pg_catalog.pg_class.relnamespace 
WHERE pg_catalog.pg_class.relname = %(table_name)s AND pg_catalog.pg_class.relkind = ANY (ARRAY[%(param_1)s, %(param_2)s, %(param_3)s, %(param_4)s, %(param_5)s]) AND pg_catalog.pg_table_is_visible(pg_catalog.pg_class.oid) AND pg_catalog.pg_namespace.nspname != %(nspname_1)s (session.py:30)
2025-06-17 11:28:16 [    INFO] SELECT pg_catalog.pg_class.relname 
FROM pg_catalog.pg_class JOIN pg_catalog.pg_namespace ON pg_catalog.pg_namespace.oid = pg_catalog.pg_class.relnamespace 
WHERE pg_catalog.pg_class.relname = %(table_name)s AND pg_catalog.pg_class.relkind = ANY (ARRAY[%(param_1)s, %(param_2)s, %(param_3)s, %(param_4)s, %(param_5)s]) AND pg_catalog.pg_table_is_visible(pg_catalog.pg_class.oid) AND pg_catalog.pg_namespace.nspname != %(nspname_1)s (base.py:1842)
2025-06-17 11:28:16 [    INFO] [cached since 0.0531s ago] {'table_name': 'rooms', 'param_1': 'r', 'param_2': 'p', 'param_3': 'f', 'param_4': 'v', 'param_5': 'm', 'nspname_1': 'pg_catalog'} (base.py:1842)
2025-06-17 11:28:16 [   DEBUG] Query eseguita in 0.01 secondi: SELECT pg_catalog.pg_class.relname 
FROM pg_catalog.pg_class JOIN pg_catalog.pg_namespace ON pg_catalog.pg_namespace.oid = pg_catalog.pg_class.relnamespace 
WHERE pg_catalog.pg_class.relname = %(table_name)s AND pg_catalog.pg_class.relkind = ANY (ARRAY[%(param_1)s, %(param_2)s, %(param_3)s, %(param_4)s, %(param_5)s]) AND pg_catalog.pg_table_is_visible(pg_catalog.pg_class.oid) AND pg_catalog.pg_namespace.nspname != %(nspname_1)s (session.py:30)
2025-06-17 11:28:16 [    INFO] SELECT pg_catalog.pg_class.relname 
FROM pg_catalog.pg_class JOIN pg_catalog.pg_namespace ON pg_catalog.pg_namespace.oid = pg_catalog.pg_class.relnamespace 
WHERE pg_catalog.pg_class.relname = %(table_name)s AND pg_catalog.pg_class.relkind = ANY (ARRAY[%(param_1)s, %(param_2)s, %(param_3)s, %(param_4)s, %(param_5)s]) AND pg_catalog.pg_table_is_visible(pg_catalog.pg_class.oid) AND pg_catalog.pg_namespace.nspname != %(nspname_1)s (base.py:1842)
2025-06-17 11:28:16 [    INFO] [cached since 0.06343s ago] {'table_name': 'bookings', 'param_1': 'r', 'param_2': 'p', 'param_3': 'f', 'param_4': 'v', 'param_5': 'm', 'nspname_1': 'pg_catalog'} (base.py:1842)
2025-06-17 11:28:16 [   DEBUG] Query eseguita in 0.01 secondi: SELECT pg_catalog.pg_class.relname 
FROM pg_catalog.pg_class JOIN pg_catalog.pg_namespace ON pg_catalog.pg_namespace.oid = pg_catalog.pg_class.relnamespace 
WHERE pg_catalog.pg_class.relname = %(table_name)s AND pg_catalog.pg_class.relkind = ANY (ARRAY[%(param_1)s, %(param_2)s, %(param_3)s, %(param_4)s, %(param_5)s]) AND pg_catalog.pg_table_is_visible(pg_catalog.pg_class.oid) AND pg_catalog.pg_namespace.nspname != %(nspname_1)s (session.py:30)
2025-06-17 11:28:16 [    INFO] SELECT pg_catalog.pg_class.relname 
FROM pg_catalog.pg_class JOIN pg_catalog.pg_namespace ON pg_catalog.pg_namespace.oid = pg_catalog.pg_class.relnamespace 
WHERE pg_catalog.pg_class.relname = %(table_name)s AND pg_catalog.pg_class.relkind = ANY (ARRAY[%(param_1)s, %(param_2)s, %(param_3)s, %(param_4)s, %(param_5)s]) AND pg_catalog.pg_table_is_visible(pg_catalog.pg_class.oid) AND pg_catalog.pg_namespace.nspname != %(nspname_1)s (base.py:1842)
2025-06-17 11:28:16 [    INFO] [cached since 0.0758s ago] {'table_name': 'maintenance_records', 'param_1': 'r', 'param_2': 'p', 'param_3': 'f', 'param_4': 'v', 'param_5': 'm', 'nspname_1': 'pg_catalog'} (base.py:1842)
2025-06-17 11:28:16 [   DEBUG] Query eseguita in 0.01 secondi: SELECT pg_catalog.pg_class.relname 
FROM pg_catalog.pg_class JOIN pg_catalog.pg_namespace ON pg_catalog.pg_namespace.oid = pg_catalog.pg_class.relnamespace 
WHERE pg_catalog.pg_class.relname = %(table_name)s AND pg_catalog.pg_class.relkind = ANY (ARRAY[%(param_1)s, %(param_2)s, %(param_3)s, %(param_4)s, %(param_5)s]) AND pg_catalog.pg_table_is_visible(pg_catalog.pg_class.oid) AND pg_catalog.pg_namespace.nspname != %(nspname_1)s (session.py:30)
2025-06-17 11:28:16 [    INFO] SELECT pg_catalog.pg_type.typname 
FROM pg_catalog.pg_type JOIN pg_catalog.pg_namespace ON pg_catalog.pg_namespace.oid = pg_catalog.pg_type.typnamespace 
WHERE pg_catalog.pg_type.typname = %(typname_1)s AND pg_catalog.pg_type_is_visible(pg_catalog.pg_type.oid) AND pg_catalog.pg_namespace.nspname != %(nspname_1)s (base.py:1842)
2025-06-17 11:28:16 [    INFO] [generated in 0.00379s] {'typname_1': 'maintenancetype', 'nspname_1': 'pg_catalog'} (base.py:1842)
2025-06-17 11:28:16 [   DEBUG] Query eseguita in 0.01 secondi: SELECT pg_catalog.pg_type.typname 
FROM pg_catalog.pg_type JOIN pg_catalog.pg_namespace ON pg_catalog.pg_namespace.oid = pg_catalog.pg_type.typnamespace 
WHERE pg_catalog.pg_type.typname = %(typname_1)s AND pg_catalog.pg_type_is_visible(pg_catalog.pg_type.oid) AND pg_catalog.pg_namespace.nspname != %(nspname_1)s (session.py:30)
2025-06-17 11:28:16 [    INFO] CREATE TYPE maintenancetype AS ENUM ('ROUTINE', 'PREVENTIVE', 'CORRECTIVE', 'EMERGENCY', 'INSPECTION') (base.py:1842)
2025-06-17 11:28:16 [    INFO] [no key 0.00248s] {} (base.py:1842)
2025-06-17 11:28:16 [   DEBUG] Query eseguita in 0.01 secondi: CREATE TYPE maintenancetype AS ENUM ('ROUTINE', 'PREVENTIVE', 'CORRECTIVE', 'EMERGENCY', 'INSPECTION') (session.py:30)
2025-06-17 11:28:16 [    INFO] SELECT pg_catalog.pg_type.typname 
FROM pg_catalog.pg_type JOIN pg_catalog.pg_namespace ON pg_catalog.pg_namespace.oid = pg_catalog.pg_type.typnamespace 
WHERE pg_catalog.pg_type.typname = %(typname_1)s AND pg_catalog.pg_type_is_visible(pg_catalog.pg_type.oid) AND pg_catalog.pg_namespace.nspname != %(nspname_1)s (base.py:1842)
2025-06-17 11:28:16 [    INFO] [cached since 0.0318s ago] {'typname_1': 'maintenancestatus', 'nspname_1': 'pg_catalog'} (base.py:1842)
2025-06-17 11:28:16 [   DEBUG] Query eseguita in 0.01 secondi: SELECT pg_catalog.pg_type.typname 
FROM pg_catalog.pg_type JOIN pg_catalog.pg_namespace ON pg_catalog.pg_namespace.oid = pg_catalog.pg_type.typnamespace 
WHERE pg_catalog.pg_type.typname = %(typname_1)s AND pg_catalog.pg_type_is_visible(pg_catalog.pg_type.oid) AND pg_catalog.pg_namespace.nspname != %(nspname_1)s (session.py:30)
2025-06-17 11:28:16 [    INFO] CREATE TYPE maintenancestatus AS ENUM ('PENDING', 'COMPLETED', 'FAILED') (base.py:1842)
2025-06-17 11:28:16 [    INFO] [no key 0.00091s] {} (base.py:1842)
2025-06-17 11:28:16 [   DEBUG] Query eseguita in 0.00 secondi: CREATE TYPE maintenancestatus AS ENUM ('PENDING', 'COMPLETED', 'FAILED') (session.py:30)
2025-06-17 11:28:16 [    INFO] 
CREATE TABLE "user" (
	id SERIAL NOT NULL, 
	email VARCHAR NOT NULL, 
	username VARCHAR NOT NULL, 
	hashed_password VARCHAR NOT NULL, 
	is_active BOOLEAN NOT NULL, 
	is_superuser BOOLEAN NOT NULL, 
	is_verified BOOLEAN NOT NULL, 
	created_at TIMESTAMP WITHOUT TIME ZONE NOT NULL, 
	updated_at TIMESTAMP WITHOUT TIME ZONE NOT NULL, 
	last_login TIMESTAMP WITH TIME ZONE, 
	full_name VARCHAR(255), 
	phone_number VARCHAR(20), 
	PRIMARY KEY (id)
)

 (base.py:1842)
2025-06-17 11:28:16 [    INFO] [no key 0.00466s] {} (base.py:1842)
2025-06-17 11:28:16 [   DEBUG] Query eseguita in 0.04 secondi: 
CREATE TABLE "user" (
	id SERIAL NOT NULL, 
	email VARCHAR NOT NULL, 
	username VARCHAR NOT NULL, 
	hashed_password VARCHAR NOT NULL, 
	is_active BOOLEAN NOT NULL, 
	is_superuser BOOLEAN NOT NULL, 
	is_verified BOOLEAN NOT NULL, 
	created_at TIMESTAMP WITHOUT TIME ZONE NOT NULL, 
	updated_at TIMESTAMP WITHOUT TIME ZONE NOT NULL, 
	last_login TIMESTAMP WITH TIME ZONE, 
	full_name VARCHAR(255), 
	phone_number VARCHAR(20), 
	PRIMARY KEY (id)
)

 (session.py:30)
2025-06-17 11:28:16 [    INFO] CREATE UNIQUE INDEX ix_user_email ON "user" (email) (base.py:1842)
2025-06-17 11:28:16 [    INFO] [no key 0.00220s] {} (base.py:1842)
2025-06-17 11:28:16 [   DEBUG] Query eseguita in 0.02 secondi: CREATE UNIQUE INDEX ix_user_email ON "user" (email) (session.py:30)
2025-06-17 11:28:16 [    INFO] CREATE UNIQUE INDEX ix_user_username ON "user" (username) (base.py:1842)
2025-06-17 11:28:16 [    INFO] [no key 0.00150s] {} (base.py:1842)
2025-06-17 11:28:16 [   DEBUG] Query eseguita in 0.01 secondi: CREATE UNIQUE INDEX ix_user_username ON "user" (username) (session.py:30)
2025-06-17 11:28:16 [    INFO] 
CREATE TABLE houses (
	id SERIAL NOT NULL, 
	name VARCHAR NOT NULL, 
	address VARCHAR NOT NULL, 
	owner_id INTEGER NOT NULL, 
	created_at TIMESTAMP WITHOUT TIME ZONE NOT NULL, 
	updated_at TIMESTAMP WITHOUT TIME ZONE NOT NULL, 
	PRIMARY KEY (id), 
	FOREIGN KEY(owner_id) REFERENCES "user" (id)
)

 (base.py:1842)
2025-06-17 11:28:16 [    INFO] [no key 0.00299s] {} (base.py:1842)
2025-06-17 11:28:16 [   DEBUG] Query eseguita in 0.06 secondi: 
CREATE TABLE houses (
	id SERIAL NOT NULL, 
	name VARCHAR NOT NULL, 
	address VARCHAR NOT NULL, 
	owner_id INTEGER NOT NULL, 
	created_at TIMESTAMP WITHOUT TIME ZONE NOT NULL, 
	updated_at TIMESTAMP WITHOUT TIME ZONE NOT NULL, 
	PRIMARY KEY (id), 
	FOREIGN KEY(owner_id) REFERENCES "user" (id)
)

 (session.py:30)
2025-06-17 11:28:16 [    INFO] CREATE INDEX ix_houses_name ON houses (name) (base.py:1842)
2025-06-17 11:28:16 [    INFO] [no key 0.00079s] {} (base.py:1842)
2025-06-17 11:28:16 [   DEBUG] Query eseguita in 0.01 secondi: CREATE INDEX ix_houses_name ON houses (name) (session.py:30)
2025-06-17 11:28:16 [    INFO] 
CREATE TABLE rooms (
	id SERIAL NOT NULL, 
	name VARCHAR NOT NULL, 
	description VARCHAR, 
	floor INTEGER NOT NULL, 
	area FLOAT NOT NULL, 
	house_id INTEGER NOT NULL, 
	created_at TIMESTAMP WITHOUT TIME ZONE NOT NULL, 
	updated_at TIMESTAMP WITHOUT TIME ZONE NOT NULL, 
	PRIMARY KEY (id), 
	FOREIGN KEY(house_id) REFERENCES houses (id)
)

 (base.py:1842)
2025-06-17 11:28:16 [    INFO] [no key 0.00104s] {} (base.py:1842)
2025-06-17 11:28:16 [   DEBUG] Query eseguita in 0.03 secondi: 
CREATE TABLE rooms (
	id SERIAL NOT NULL, 
	name VARCHAR NOT NULL, 
	description VARCHAR, 
	floor INTEGER NOT NULL, 
	area FLOAT NOT NULL, 
	house_id INTEGER NOT NULL, 
	created_at TIMESTAMP WITHOUT TIME ZONE NOT NULL, 
	updated_at TIMESTAMP WITHOUT TIME ZONE NOT NULL, 
	PRIMARY KEY (id), 
	FOREIGN KEY(house_id) REFERENCES houses (id)
)

 (session.py:30)
2025-06-17 11:28:16 [    INFO] CREATE INDEX ix_rooms_name ON rooms (name) (base.py:1842)
2025-06-17 11:28:16 [    INFO] [no key 0.00179s] {} (base.py:1842)
2025-06-17 11:28:16 [   DEBUG] Query eseguita in 0.01 secondi: CREATE INDEX ix_rooms_name ON rooms (name) (session.py:30)
2025-06-17 11:28:16 [    INFO] 
CREATE TABLE nodes (
	id SERIAL NOT NULL, 
	name VARCHAR NOT NULL, 
	description VARCHAR, 
	nfc_id VARCHAR NOT NULL, 
	house_id INTEGER NOT NULL, 
	room_id INTEGER, 
	PRIMARY KEY (id), 
	FOREIGN KEY(house_id) REFERENCES houses (id), 
	FOREIGN KEY(room_id) REFERENCES rooms (id)
)

 (base.py:1842)
2025-06-17 11:28:16 [    INFO] [no key 0.00413s] {} (base.py:1842)
2025-06-17 11:28:16 [   DEBUG] Query eseguita in 0.04 secondi: 
CREATE TABLE nodes (
	id SERIAL NOT NULL, 
	name VARCHAR NOT NULL, 
	description VARCHAR, 
	nfc_id VARCHAR NOT NULL, 
	house_id INTEGER NOT NULL, 
	room_id INTEGER, 
	PRIMARY KEY (id), 
	FOREIGN KEY(house_id) REFERENCES houses (id), 
	FOREIGN KEY(room_id) REFERENCES rooms (id)
)

 (session.py:30)
2025-06-17 11:28:16 [    INFO] CREATE UNIQUE INDEX ix_nodes_nfc_id ON nodes (nfc_id) (base.py:1842)
2025-06-17 11:28:16 [    INFO] [no key 0.00084s] {} (base.py:1842)
2025-06-17 11:28:16 [   DEBUG] Query eseguita in 0.01 secondi: CREATE UNIQUE INDEX ix_nodes_nfc_id ON nodes (nfc_id) (session.py:30)
2025-06-17 11:28:16 [    INFO] 
CREATE TABLE bookings (
	id SERIAL NOT NULL, 
	room_id INTEGER NOT NULL, 
	user_id INTEGER NOT NULL, 
	start_time TIMESTAMP WITHOUT TIME ZONE NOT NULL, 
	end_time TIMESTAMP WITHOUT TIME ZONE NOT NULL, 
	status VARCHAR NOT NULL, 
	notes VARCHAR, 
	created_at TIMESTAMP WITHOUT TIME ZONE NOT NULL, 
	updated_at TIMESTAMP WITHOUT TIME ZONE NOT NULL, 
	PRIMARY KEY (id), 
	FOREIGN KEY(room_id) REFERENCES rooms (id), 
	FOREIGN KEY(user_id) REFERENCES "user" (id)
)

 (base.py:1842)
2025-06-17 11:28:16 [    INFO] [no key 0.00089s] {} (base.py:1842)
2025-06-17 11:28:16 [   DEBUG] Query eseguita in 0.03 secondi: 
CREATE TABLE bookings (
	id SERIAL NOT NULL, 
	room_id INTEGER NOT NULL, 
	user_id INTEGER NOT NULL, 
	start_time TIMESTAMP WITHOUT TIME ZONE NOT NULL, 
	end_time TIMESTAMP WITHOUT TIME ZONE NOT NULL, 
	status VARCHAR NOT NULL, 
	notes VARCHAR, 
	created_at TIMESTAMP WITHOUT TIME ZONE NOT NULL, 
	updated_at TIMESTAMP WITHOUT TIME ZONE NOT NULL, 
	PRIMARY KEY (id), 
	FOREIGN KEY(room_id) REFERENCES rooms (id), 
	FOREIGN KEY(user_id) REFERENCES "user" (id)
)

 (session.py:30)
2025-06-17 11:28:16 [    INFO] 
CREATE TABLE documents (
	id SERIAL NOT NULL, 
	created_at TIMESTAMP WITHOUT TIME ZONE NOT NULL, 
	updated_at TIMESTAMP WITHOUT TIME ZONE NOT NULL, 
	owner_id INTEGER NOT NULL, 
	name VARCHAR NOT NULL, 
	type VARCHAR NOT NULL, 
	size INTEGER NOT NULL, 
	upload_date TIMESTAMP WITHOUT TIME ZONE NOT NULL, 
	path VARCHAR NOT NULL, 
	checksum VARCHAR NOT NULL, 
	house_id INTEGER, 
	node_id INTEGER, 
	description VARCHAR, 
	PRIMARY KEY (id), 
	FOREIGN KEY(owner_id) REFERENCES "user" (id), 
	FOREIGN KEY(house_id) REFERENCES houses (id), 
	FOREIGN KEY(node_id) REFERENCES nodes (id)
)

 (base.py:1842)
2025-06-17 11:28:16 [    INFO] [no key 0.00140s] {} (base.py:1842)
2025-06-17 11:28:16 [   DEBUG] Query eseguita in 0.04 secondi: 
CREATE TABLE documents (
	id SERIAL NOT NULL, 
	created_at TIMESTAMP WITHOUT TIME ZONE NOT NULL, 
	updated_at TIMESTAMP WITHOUT TIME ZONE NOT NULL, 
	owner_id INTEGER NOT NULL, 
	name VARCHAR NOT NULL, 
	type VARCHAR NOT NULL, 
	size INTEGER NOT NULL, 
	upload_date TIMESTAMP WITHOUT TIME ZONE NOT NULL, 
	path VARCHAR NOT NULL, 
	checksum VARCHAR NOT NULL, 
	house_id INTEGER, 
	node_id INTEGER, 
	description VARCHAR, 
	PRIMARY KEY (id), 
	FOREIGN KEY(owner_id) REFERENCES "user" (id), 
	FOREIGN KEY(house_id) REFERENCES houses (id), 
	FOREIGN KEY(node_id) REFERENCES nodes (id)
)

 (session.py:30)
2025-06-17 11:28:16 [    INFO] CREATE INDEX ix_documents_owner_id ON documents (owner_id) (base.py:1842)
2025-06-17 11:28:16 [    INFO] [no key 0.00392s] {} (base.py:1842)
2025-06-17 11:28:16 [   DEBUG] Query eseguita in 0.01 secondi: CREATE INDEX ix_documents_owner_id ON documents (owner_id) (session.py:30)
2025-06-17 11:28:16 [    INFO] 
CREATE TABLE document_versions (
	id SERIAL NOT NULL, 
	version_number INTEGER NOT NULL, 
	file_path VARCHAR NOT NULL, 
	file_size INTEGER NOT NULL, 
	checksum VARCHAR NOT NULL, 
	created_at TIMESTAMP WITHOUT TIME ZONE NOT NULL, 
	updated_at TIMESTAMP WITHOUT TIME ZONE NOT NULL, 
	document_id INTEGER NOT NULL, 
	created_by_id INTEGER, 
	PRIMARY KEY (id), 
	FOREIGN KEY(document_id) REFERENCES documents (id), 
	FOREIGN KEY(created_by_id) REFERENCES "user" (id)
)

 (base.py:1842)
2025-06-17 11:28:16 [    INFO] [no key 0.00411s] {} (base.py:1842)
2025-06-17 11:28:16 [   DEBUG] Query eseguita in 0.04 secondi: 
CREATE TABLE document_versions (
	id SERIAL NOT NULL, 
	version_number INTEGER NOT NULL, 
	file_path VARCHAR NOT NULL, 
	file_size INTEGER NOT NULL, 
	checksum VARCHAR NOT NULL, 
	created_at TIMESTAMP WITHOUT TIME ZONE NOT NULL, 
	updated_at TIMESTAMP WITHOUT TIME ZONE NOT NULL, 
	document_id INTEGER NOT NULL, 
	created_by_id INTEGER, 
	PRIMARY KEY (id), 
	FOREIGN KEY(document_id) REFERENCES documents (id), 
	FOREIGN KEY(created_by_id) REFERENCES "user" (id)
)

 (session.py:30)
2025-06-17 11:28:16 [    INFO] CREATE INDEX ix_document_versions_version_number ON document_versions (version_number) (base.py:1842)
2025-06-17 11:28:16 [    INFO] [no key 0.00075s] {} (base.py:1842)
2025-06-17 11:28:16 [   DEBUG] Query eseguita in 0.01 secondi: CREATE INDEX ix_document_versions_version_number ON document_versions (version_number) (session.py:30)
2025-06-17 11:28:16 [    INFO] CREATE INDEX ix_document_versions_created_by_id ON document_versions (created_by_id) (base.py:1842)
2025-06-17 11:28:16 [    INFO] [no key 0.00252s] {} (base.py:1842)
2025-06-17 11:28:16 [   DEBUG] Query eseguita in 0.01 secondi: CREATE INDEX ix_document_versions_created_by_id ON document_versions (created_by_id) (session.py:30)
2025-06-17 11:28:16 [    INFO] CREATE INDEX ix_document_versions_document_id ON document_versions (document_id) (base.py:1842)
2025-06-17 11:28:16 [    INFO] [no key 0.00324s] {} (base.py:1842)
2025-06-17 11:28:16 [   DEBUG] Query eseguita in 0.01 secondi: CREATE INDEX ix_document_versions_document_id ON document_versions (document_id) (session.py:30)
2025-06-17 11:28:16 [    INFO] 
CREATE TABLE maintenance_records (
	id SERIAL NOT NULL, 
	node_id INTEGER NOT NULL, 
	timestamp TIMESTAMP WITHOUT TIME ZONE NOT NULL, 
	maintenance_type maintenancetype NOT NULL, 
	description VARCHAR NOT NULL, 
	status maintenancestatus NOT NULL, 
	notes VARCHAR, 
	document_id INTEGER, 
	PRIMARY KEY (id), 
	FOREIGN KEY(node_id) REFERENCES nodes (id), 
	FOREIGN KEY(document_id) REFERENCES documents (id)
)

 (base.py:1842)
2025-06-17 11:28:16 [    INFO] [no key 0.00158s] {} (base.py:1842)
2025-06-17 11:28:16 [   DEBUG] Query eseguita in 0.04 secondi: 
CREATE TABLE maintenance_records (
	id SERIAL NOT NULL, 
	node_id INTEGER NOT NULL, 
	timestamp TIMESTAMP WITHOUT TIME ZONE NOT NULL, 
	maintenance_type maintenancetype NOT NULL, 
	description VARCHAR NOT NULL, 
	status maintenancestatus NOT NULL, 
	notes VARCHAR, 
	document_id INTEGER, 
	PRIMARY KEY (id), 
	FOREIGN KEY(node_id) REFERENCES nodes (id), 
	FOREIGN KEY(document_id) REFERENCES documents (id)
)

 (session.py:30)
2025-06-17 11:28:16 [    INFO] CREATE INDEX ix_maintenance_records_node_id ON maintenance_records (node_id) (base.py:1842)
2025-06-17 11:28:16 [    INFO] [no key 0.00330s] {} (base.py:1842)
2025-06-17 11:28:16 [   DEBUG] Query eseguita in 0.01 secondi: CREATE INDEX ix_maintenance_records_node_id ON maintenance_records (node_id) (session.py:30)
2025-06-17 11:28:16 [    INFO] COMMIT (base.py:2704)
2025-06-17 11:28:16 [   DEBUG] Test database tables created successfully (test_users.py:52)
2025-06-17 11:28:16 [   DEBUG] Test database session created successfully (test_users.py:55)
2025-06-17 11:28:16 [   DEBUG] Overriding get_session for tests... (conftest.py:269)
2025-06-17 11:28:16 [   DEBUG] Setting up FakeRedis for tests... (conftest_redis.py:18)
2025-06-17 11:28:16 [   DEBUG] Connessione Redis stabilita con successo (redis.py:24)
-------------------------------- live log call --------------------------------
2025-06-17 11:28:16 [   DEBUG] Using proactor: IocpProactor (proactor_events.py:631)
2025-06-17 11:28:17 [    INFO] HTTP Request: POST http://testserver/api/v1/auth/register "HTTP/1.1 422 Unprocessable Entity" (_client.py:1025)
PASSED                                                                   [ 52%]
------------------------------ live log teardown ------------------------------
2025-06-17 11:28:17 [   DEBUG] Restored original Redis client (conftest_redis.py:29)
2025-06-17 11:28:17 [   DEBUG] get_session override cleared (conftest.py:275)
2025-06-17 11:28:17 [   DEBUG] Cleaning up test database session... (test_users.py:57)
2025-06-17 11:28:17 [    INFO] BEGIN (implicit) (base.py:2698)
2025-06-17 11:28:17 [    INFO] DROP SCHEMA public CASCADE (base.py:1842)
2025-06-17 11:28:17 [    INFO] [generated in 0.00483s] {} (base.py:1842)
2025-06-17 11:28:17 [   DEBUG] Query eseguita in 0.13 secondi: DROP SCHEMA public CASCADE (session.py:30)
2025-06-17 11:28:17 [    INFO] CREATE SCHEMA public (base.py:1842)
2025-06-17 11:28:17 [    INFO] [generated in 0.00103s] {} (base.py:1842)
2025-06-17 11:28:17 [   DEBUG] Query eseguita in 0.01 secondi: CREATE SCHEMA public (session.py:30)
2025-06-17 11:28:17 [    INFO] COMMIT (base.py:2704)
2025-06-17 11:28:17 [   DEBUG] Test database cleanup completed (test_users.py:63)
2025-06-17 11:28:17 [   DEBUG] Session fixture completed in 1.91 seconds (test_users.py:68)

tests/api/test_users.py::test_create_user_invalid_password[admin123] 
------------------------------- live log setup --------------------------------
2025-06-17 11:28:17 [   DEBUG] Setting up test database session... (test_users.py:38)
2025-06-17 11:28:18 [    INFO] select pg_catalog.version() (base.py:1842)
2025-06-17 11:28:18 [    INFO] [raw sql] {} (base.py:1842)
2025-06-17 11:28:18 [    INFO] select current_schema() (base.py:1842)
2025-06-17 11:28:18 [    INFO] [raw sql] {} (base.py:1842)
2025-06-17 11:28:18 [    INFO] show standard_conforming_strings (base.py:1842)
2025-06-17 11:28:18 [    INFO] [raw sql] {} (base.py:1842)
2025-06-17 11:28:18 [    INFO] BEGIN (implicit) (base.py:2698)
2025-06-17 11:28:18 [    INFO] SELECT pg_catalog.pg_class.relname 
FROM pg_catalog.pg_class JOIN pg_catalog.pg_namespace ON pg_catalog.pg_namespace.oid = pg_catalog.pg_class.relnamespace 
WHERE pg_catalog.pg_class.relname = %(table_name)s AND pg_catalog.pg_class.relkind = ANY (ARRAY[%(param_1)s, %(param_2)s, %(param_3)s, %(param_4)s, %(param_5)s]) AND pg_catalog.pg_table_is_visible(pg_catalog.pg_class.oid) AND pg_catalog.pg_namespace.nspname != %(nspname_1)s (base.py:1842)
2025-06-17 11:28:18 [    INFO] [generated in 0.00222s] {'table_name': 'user', 'param_1': 'r', 'param_2': 'p', 'param_3': 'f', 'param_4': 'v', 'param_5': 'm', 'nspname_1': 'pg_catalog'} (base.py:1842)
2025-06-17 11:28:18 [   DEBUG] Query eseguita in 0.02 secondi: SELECT pg_catalog.pg_class.relname 
FROM pg_catalog.pg_class JOIN pg_catalog.pg_namespace ON pg_catalog.pg_namespace.oid = pg_catalog.pg_class.relnamespace 
WHERE pg_catalog.pg_class.relname = %(table_name)s AND pg_catalog.pg_class.relkind = ANY (ARRAY[%(param_1)s, %(param_2)s, %(param_3)s, %(param_4)s, %(param_5)s]) AND pg_catalog.pg_table_is_visible(pg_catalog.pg_class.oid) AND pg_catalog.pg_namespace.nspname != %(nspname_1)s (session.py:30)
2025-06-17 11:28:18 [    INFO] SELECT pg_catalog.pg_class.relname 
FROM pg_catalog.pg_class JOIN pg_catalog.pg_namespace ON pg_catalog.pg_namespace.oid = pg_catalog.pg_class.relnamespace 
WHERE pg_catalog.pg_class.relname = %(table_name)s AND pg_catalog.pg_class.relkind = ANY (ARRAY[%(param_1)s, %(param_2)s, %(param_3)s, %(param_4)s, %(param_5)s]) AND pg_catalog.pg_table_is_visible(pg_catalog.pg_class.oid) AND pg_catalog.pg_namespace.nspname != %(nspname_1)s (base.py:1842)
2025-06-17 11:28:18 [    INFO] [cached since 0.03188s ago] {'table_name': 'documents', 'param_1': 'r', 'param_2': 'p', 'param_3': 'f', 'param_4': 'v', 'param_5': 'm', 'nspname_1': 'pg_catalog'} (base.py:1842)
2025-06-17 11:28:18 [   DEBUG] Query eseguita in 0.01 secondi: SELECT pg_catalog.pg_class.relname 
FROM pg_catalog.pg_class JOIN pg_catalog.pg_namespace ON pg_catalog.pg_namespace.oid = pg_catalog.pg_class.relnamespace 
WHERE pg_catalog.pg_class.relname = %(table_name)s AND pg_catalog.pg_class.relkind = ANY (ARRAY[%(param_1)s, %(param_2)s, %(param_3)s, %(param_4)s, %(param_5)s]) AND pg_catalog.pg_table_is_visible(pg_catalog.pg_class.oid) AND pg_catalog.pg_namespace.nspname != %(nspname_1)s (session.py:30)
2025-06-17 11:28:18 [    INFO] SELECT pg_catalog.pg_class.relname 
FROM pg_catalog.pg_class JOIN pg_catalog.pg_namespace ON pg_catalog.pg_namespace.oid = pg_catalog.pg_class.relnamespace 
WHERE pg_catalog.pg_class.relname = %(table_name)s AND pg_catalog.pg_class.relkind = ANY (ARRAY[%(param_1)s, %(param_2)s, %(param_3)s, %(param_4)s, %(param_5)s]) AND pg_catalog.pg_table_is_visible(pg_catalog.pg_class.oid) AND pg_catalog.pg_namespace.nspname != %(nspname_1)s (base.py:1842)
2025-06-17 11:28:18 [    INFO] [cached since 0.04396s ago] {'table_name': 'document_versions', 'param_1': 'r', 'param_2': 'p', 'param_3': 'f', 'param_4': 'v', 'param_5': 'm', 'nspname_1': 'pg_catalog'} (base.py:1842)
2025-06-17 11:28:18 [   DEBUG] Query eseguita in 0.01 secondi: SELECT pg_catalog.pg_class.relname 
FROM pg_catalog.pg_class JOIN pg_catalog.pg_namespace ON pg_catalog.pg_namespace.oid = pg_catalog.pg_class.relnamespace 
WHERE pg_catalog.pg_class.relname = %(table_name)s AND pg_catalog.pg_class.relkind = ANY (ARRAY[%(param_1)s, %(param_2)s, %(param_3)s, %(param_4)s, %(param_5)s]) AND pg_catalog.pg_table_is_visible(pg_catalog.pg_class.oid) AND pg_catalog.pg_namespace.nspname != %(nspname_1)s (session.py:30)
2025-06-17 11:28:18 [    INFO] SELECT pg_catalog.pg_class.relname 
FROM pg_catalog.pg_class JOIN pg_catalog.pg_namespace ON pg_catalog.pg_namespace.oid = pg_catalog.pg_class.relnamespace 
WHERE pg_catalog.pg_class.relname = %(table_name)s AND pg_catalog.pg_class.relkind = ANY (ARRAY[%(param_1)s, %(param_2)s, %(param_3)s, %(param_4)s, %(param_5)s]) AND pg_catalog.pg_table_is_visible(pg_catalog.pg_class.oid) AND pg_catalog.pg_namespace.nspname != %(nspname_1)s (base.py:1842)
2025-06-17 11:28:18 [    INFO] [cached since 0.05689s ago] {'table_name': 'houses', 'param_1': 'r', 'param_2': 'p', 'param_3': 'f', 'param_4': 'v', 'param_5': 'm', 'nspname_1': 'pg_catalog'} (base.py:1842)
2025-06-17 11:28:18 [   DEBUG] Query eseguita in 0.01 secondi: SELECT pg_catalog.pg_class.relname 
FROM pg_catalog.pg_class JOIN pg_catalog.pg_namespace ON pg_catalog.pg_namespace.oid = pg_catalog.pg_class.relnamespace 
WHERE pg_catalog.pg_class.relname = %(table_name)s AND pg_catalog.pg_class.relkind = ANY (ARRAY[%(param_1)s, %(param_2)s, %(param_3)s, %(param_4)s, %(param_5)s]) AND pg_catalog.pg_table_is_visible(pg_catalog.pg_class.oid) AND pg_catalog.pg_namespace.nspname != %(nspname_1)s (session.py:30)
2025-06-17 11:28:18 [    INFO] SELECT pg_catalog.pg_class.relname 
FROM pg_catalog.pg_class JOIN pg_catalog.pg_namespace ON pg_catalog.pg_namespace.oid = pg_catalog.pg_class.relnamespace 
WHERE pg_catalog.pg_class.relname = %(table_name)s AND pg_catalog.pg_class.relkind = ANY (ARRAY[%(param_1)s, %(param_2)s, %(param_3)s, %(param_4)s, %(param_5)s]) AND pg_catalog.pg_table_is_visible(pg_catalog.pg_class.oid) AND pg_catalog.pg_namespace.nspname != %(nspname_1)s (base.py:1842)
2025-06-17 11:28:18 [    INFO] [cached since 0.06833s ago] {'table_name': 'nodes', 'param_1': 'r', 'param_2': 'p', 'param_3': 'f', 'param_4': 'v', 'param_5': 'm', 'nspname_1': 'pg_catalog'} (base.py:1842)
2025-06-17 11:28:18 [   DEBUG] Query eseguita in 0.01 secondi: SELECT pg_catalog.pg_class.relname 
FROM pg_catalog.pg_class JOIN pg_catalog.pg_namespace ON pg_catalog.pg_namespace.oid = pg_catalog.pg_class.relnamespace 
WHERE pg_catalog.pg_class.relname = %(table_name)s AND pg_catalog.pg_class.relkind = ANY (ARRAY[%(param_1)s, %(param_2)s, %(param_3)s, %(param_4)s, %(param_5)s]) AND pg_catalog.pg_table_is_visible(pg_catalog.pg_class.oid) AND pg_catalog.pg_namespace.nspname != %(nspname_1)s (session.py:30)
2025-06-17 11:28:18 [    INFO] SELECT pg_catalog.pg_class.relname 
FROM pg_catalog.pg_class JOIN pg_catalog.pg_namespace ON pg_catalog.pg_namespace.oid = pg_catalog.pg_class.relnamespace 
WHERE pg_catalog.pg_class.relname = %(table_name)s AND pg_catalog.pg_class.relkind = ANY (ARRAY[%(param_1)s, %(param_2)s, %(param_3)s, %(param_4)s, %(param_5)s]) AND pg_catalog.pg_table_is_visible(pg_catalog.pg_class.oid) AND pg_catalog.pg_namespace.nspname != %(nspname_1)s (base.py:1842)
2025-06-17 11:28:18 [    INFO] [cached since 0.07847s ago] {'table_name': 'rooms', 'param_1': 'r', 'param_2': 'p', 'param_3': 'f', 'param_4': 'v', 'param_5': 'm', 'nspname_1': 'pg_catalog'} (base.py:1842)
2025-06-17 11:28:18 [   DEBUG] Query eseguita in 0.01 secondi: SELECT pg_catalog.pg_class.relname 
FROM pg_catalog.pg_class JOIN pg_catalog.pg_namespace ON pg_catalog.pg_namespace.oid = pg_catalog.pg_class.relnamespace 
WHERE pg_catalog.pg_class.relname = %(table_name)s AND pg_catalog.pg_class.relkind = ANY (ARRAY[%(param_1)s, %(param_2)s, %(param_3)s, %(param_4)s, %(param_5)s]) AND pg_catalog.pg_table_is_visible(pg_catalog.pg_class.oid) AND pg_catalog.pg_namespace.nspname != %(nspname_1)s (session.py:30)
2025-06-17 11:28:18 [    INFO] SELECT pg_catalog.pg_class.relname 
FROM pg_catalog.pg_class JOIN pg_catalog.pg_namespace ON pg_catalog.pg_namespace.oid = pg_catalog.pg_class.relnamespace 
WHERE pg_catalog.pg_class.relname = %(table_name)s AND pg_catalog.pg_class.relkind = ANY (ARRAY[%(param_1)s, %(param_2)s, %(param_3)s, %(param_4)s, %(param_5)s]) AND pg_catalog.pg_table_is_visible(pg_catalog.pg_class.oid) AND pg_catalog.pg_namespace.nspname != %(nspname_1)s (base.py:1842)
2025-06-17 11:28:18 [    INFO] [cached since 0.09026s ago] {'table_name': 'bookings', 'param_1': 'r', 'param_2': 'p', 'param_3': 'f', 'param_4': 'v', 'param_5': 'm', 'nspname_1': 'pg_catalog'} (base.py:1842)
2025-06-17 11:28:18 [   DEBUG] Query eseguita in 0.01 secondi: SELECT pg_catalog.pg_class.relname 
FROM pg_catalog.pg_class JOIN pg_catalog.pg_namespace ON pg_catalog.pg_namespace.oid = pg_catalog.pg_class.relnamespace 
WHERE pg_catalog.pg_class.relname = %(table_name)s AND pg_catalog.pg_class.relkind = ANY (ARRAY[%(param_1)s, %(param_2)s, %(param_3)s, %(param_4)s, %(param_5)s]) AND pg_catalog.pg_table_is_visible(pg_catalog.pg_class.oid) AND pg_catalog.pg_namespace.nspname != %(nspname_1)s (session.py:30)
2025-06-17 11:28:18 [    INFO] SELECT pg_catalog.pg_class.relname 
FROM pg_catalog.pg_class JOIN pg_catalog.pg_namespace ON pg_catalog.pg_namespace.oid = pg_catalog.pg_class.relnamespace 
WHERE pg_catalog.pg_class.relname = %(table_name)s AND pg_catalog.pg_class.relkind = ANY (ARRAY[%(param_1)s, %(param_2)s, %(param_3)s, %(param_4)s, %(param_5)s]) AND pg_catalog.pg_table_is_visible(pg_catalog.pg_class.oid) AND pg_catalog.pg_namespace.nspname != %(nspname_1)s (base.py:1842)
2025-06-17 11:28:18 [    INFO] [cached since 0.1003s ago] {'table_name': 'maintenance_records', 'param_1': 'r', 'param_2': 'p', 'param_3': 'f', 'param_4': 'v', 'param_5': 'm', 'nspname_1': 'pg_catalog'} (base.py:1842)
2025-06-17 11:28:18 [   DEBUG] Query eseguita in 0.01 secondi: SELECT pg_catalog.pg_class.relname 
FROM pg_catalog.pg_class JOIN pg_catalog.pg_namespace ON pg_catalog.pg_namespace.oid = pg_catalog.pg_class.relnamespace 
WHERE pg_catalog.pg_class.relname = %(table_name)s AND pg_catalog.pg_class.relkind = ANY (ARRAY[%(param_1)s, %(param_2)s, %(param_3)s, %(param_4)s, %(param_5)s]) AND pg_catalog.pg_table_is_visible(pg_catalog.pg_class.oid) AND pg_catalog.pg_namespace.nspname != %(nspname_1)s (session.py:30)
2025-06-17 11:28:18 [    INFO] SELECT pg_catalog.pg_type.typname 
FROM pg_catalog.pg_type JOIN pg_catalog.pg_namespace ON pg_catalog.pg_namespace.oid = pg_catalog.pg_type.typnamespace 
WHERE pg_catalog.pg_type.typname = %(typname_1)s AND pg_catalog.pg_type_is_visible(pg_catalog.pg_type.oid) AND pg_catalog.pg_namespace.nspname != %(nspname_1)s (base.py:1842)
2025-06-17 11:28:18 [    INFO] [generated in 0.00559s] {'typname_1': 'maintenancetype', 'nspname_1': 'pg_catalog'} (base.py:1842)
2025-06-17 11:28:18 [   DEBUG] Query eseguita in 0.01 secondi: SELECT pg_catalog.pg_type.typname 
FROM pg_catalog.pg_type JOIN pg_catalog.pg_namespace ON pg_catalog.pg_namespace.oid = pg_catalog.pg_type.typnamespace 
WHERE pg_catalog.pg_type.typname = %(typname_1)s AND pg_catalog.pg_type_is_visible(pg_catalog.pg_type.oid) AND pg_catalog.pg_namespace.nspname != %(nspname_1)s (session.py:30)
2025-06-17 11:28:18 [    INFO] CREATE TYPE maintenancetype AS ENUM ('ROUTINE', 'PREVENTIVE', 'CORRECTIVE', 'EMERGENCY', 'INSPECTION') (base.py:1842)
2025-06-17 11:28:18 [    INFO] [no key 0.00133s] {} (base.py:1842)
2025-06-17 11:28:18 [   DEBUG] Query eseguita in 0.01 secondi: CREATE TYPE maintenancetype AS ENUM ('ROUTINE', 'PREVENTIVE', 'CORRECTIVE', 'EMERGENCY', 'INSPECTION') (session.py:30)
2025-06-17 11:28:18 [    INFO] SELECT pg_catalog.pg_type.typname 
FROM pg_catalog.pg_type JOIN pg_catalog.pg_namespace ON pg_catalog.pg_namespace.oid = pg_catalog.pg_type.typnamespace 
WHERE pg_catalog.pg_type.typname = %(typname_1)s AND pg_catalog.pg_type_is_visible(pg_catalog.pg_type.oid) AND pg_catalog.pg_namespace.nspname != %(nspname_1)s (base.py:1842)
2025-06-17 11:28:18 [    INFO] [cached since 0.0404s ago] {'typname_1': 'maintenancestatus', 'nspname_1': 'pg_catalog'} (base.py:1842)
2025-06-17 11:28:18 [   DEBUG] Query eseguita in 0.01 secondi: SELECT pg_catalog.pg_type.typname 
FROM pg_catalog.pg_type JOIN pg_catalog.pg_namespace ON pg_catalog.pg_namespace.oid = pg_catalog.pg_type.typnamespace 
WHERE pg_catalog.pg_type.typname = %(typname_1)s AND pg_catalog.pg_type_is_visible(pg_catalog.pg_type.oid) AND pg_catalog.pg_namespace.nspname != %(nspname_1)s (session.py:30)
2025-06-17 11:28:18 [    INFO] CREATE TYPE maintenancestatus AS ENUM ('PENDING', 'COMPLETED', 'FAILED') (base.py:1842)
2025-06-17 11:28:18 [    INFO] [no key 0.00265s] {} (base.py:1842)
2025-06-17 11:28:18 [   DEBUG] Query eseguita in 0.01 secondi: CREATE TYPE maintenancestatus AS ENUM ('PENDING', 'COMPLETED', 'FAILED') (session.py:30)
2025-06-17 11:28:18 [    INFO] 
CREATE TABLE "user" (
	id SERIAL NOT NULL, 
	email VARCHAR NOT NULL, 
	username VARCHAR NOT NULL, 
	hashed_password VARCHAR NOT NULL, 
	is_active BOOLEAN NOT NULL, 
	is_superuser BOOLEAN NOT NULL, 
	is_verified BOOLEAN NOT NULL, 
	created_at TIMESTAMP WITHOUT TIME ZONE NOT NULL, 
	updated_at TIMESTAMP WITHOUT TIME ZONE NOT NULL, 
	last_login TIMESTAMP WITH TIME ZONE, 
	full_name VARCHAR(255), 
	phone_number VARCHAR(20), 
	PRIMARY KEY (id)
)

 (base.py:1842)
2025-06-17 11:28:18 [    INFO] [no key 0.00159s] {} (base.py:1842)
2025-06-17 11:28:18 [   DEBUG] Query eseguita in 0.04 secondi: 
CREATE TABLE "user" (
	id SERIAL NOT NULL, 
	email VARCHAR NOT NULL, 
	username VARCHAR NOT NULL, 
	hashed_password VARCHAR NOT NULL, 
	is_active BOOLEAN NOT NULL, 
	is_superuser BOOLEAN NOT NULL, 
	is_verified BOOLEAN NOT NULL, 
	created_at TIMESTAMP WITHOUT TIME ZONE NOT NULL, 
	updated_at TIMESTAMP WITHOUT TIME ZONE NOT NULL, 
	last_login TIMESTAMP WITH TIME ZONE, 
	full_name VARCHAR(255), 
	phone_number VARCHAR(20), 
	PRIMARY KEY (id)
)

 (session.py:30)
2025-06-17 11:28:18 [    INFO] CREATE UNIQUE INDEX ix_user_email ON "user" (email) (base.py:1842)
2025-06-17 11:28:18 [    INFO] [no key 0.00209s] {} (base.py:1842)
2025-06-17 11:28:18 [   DEBUG] Query eseguita in 0.01 secondi: CREATE UNIQUE INDEX ix_user_email ON "user" (email) (session.py:30)
2025-06-17 11:28:18 [    INFO] CREATE UNIQUE INDEX ix_user_username ON "user" (username) (base.py:1842)
2025-06-17 11:28:18 [    INFO] [no key 0.00220s] {} (base.py:1842)
2025-06-17 11:28:18 [   DEBUG] Query eseguita in 0.01 secondi: CREATE UNIQUE INDEX ix_user_username ON "user" (username) (session.py:30)
2025-06-17 11:28:18 [    INFO] 
CREATE TABLE houses (
	id SERIAL NOT NULL, 
	name VARCHAR NOT NULL, 
	address VARCHAR NOT NULL, 
	owner_id INTEGER NOT NULL, 
	created_at TIMESTAMP WITHOUT TIME ZONE NOT NULL, 
	updated_at TIMESTAMP WITHOUT TIME ZONE NOT NULL, 
	PRIMARY KEY (id), 
	FOREIGN KEY(owner_id) REFERENCES "user" (id)
)

 (base.py:1842)
2025-06-17 11:28:18 [    INFO] [no key 0.00300s] {} (base.py:1842)
2025-06-17 11:28:18 [   DEBUG] Query eseguita in 0.04 secondi: 
CREATE TABLE houses (
	id SERIAL NOT NULL, 
	name VARCHAR NOT NULL, 
	address VARCHAR NOT NULL, 
	owner_id INTEGER NOT NULL, 
	created_at TIMESTAMP WITHOUT TIME ZONE NOT NULL, 
	updated_at TIMESTAMP WITHOUT TIME ZONE NOT NULL, 
	PRIMARY KEY (id), 
	FOREIGN KEY(owner_id) REFERENCES "user" (id)
)

 (session.py:30)
2025-06-17 11:28:18 [    INFO] CREATE INDEX ix_houses_name ON houses (name) (base.py:1842)
2025-06-17 11:28:18 [    INFO] [no key 0.00124s] {} (base.py:1842)
2025-06-17 11:28:18 [   DEBUG] Query eseguita in 0.01 secondi: CREATE INDEX ix_houses_name ON houses (name) (session.py:30)
2025-06-17 11:28:18 [    INFO] 
CREATE TABLE rooms (
	id SERIAL NOT NULL, 
	name VARCHAR NOT NULL, 
	description VARCHAR, 
	floor INTEGER NOT NULL, 
	area FLOAT NOT NULL, 
	house_id INTEGER NOT NULL, 
	created_at TIMESTAMP WITHOUT TIME ZONE NOT NULL, 
	updated_at TIMESTAMP WITHOUT TIME ZONE NOT NULL, 
	PRIMARY KEY (id), 
	FOREIGN KEY(house_id) REFERENCES houses (id)
)

 (base.py:1842)
2025-06-17 11:28:18 [    INFO] [no key 0.00128s] {} (base.py:1842)
2025-06-17 11:28:18 [   DEBUG] Query eseguita in 0.03 secondi: 
CREATE TABLE rooms (
	id SERIAL NOT NULL, 
	name VARCHAR NOT NULL, 
	description VARCHAR, 
	floor INTEGER NOT NULL, 
	area FLOAT NOT NULL, 
	house_id INTEGER NOT NULL, 
	created_at TIMESTAMP WITHOUT TIME ZONE NOT NULL, 
	updated_at TIMESTAMP WITHOUT TIME ZONE NOT NULL, 
	PRIMARY KEY (id), 
	FOREIGN KEY(house_id) REFERENCES houses (id)
)

 (session.py:30)
2025-06-17 11:28:18 [    INFO] CREATE INDEX ix_rooms_name ON rooms (name) (base.py:1842)
2025-06-17 11:28:18 [    INFO] [no key 0.00126s] {} (base.py:1842)
2025-06-17 11:28:18 [   DEBUG] Query eseguita in 0.01 secondi: CREATE INDEX ix_rooms_name ON rooms (name) (session.py:30)
2025-06-17 11:28:18 [    INFO] 
CREATE TABLE nodes (
	id SERIAL NOT NULL, 
	name VARCHAR NOT NULL, 
	description VARCHAR, 
	nfc_id VARCHAR NOT NULL, 
	house_id INTEGER NOT NULL, 
	room_id INTEGER, 
	PRIMARY KEY (id), 
	FOREIGN KEY(house_id) REFERENCES houses (id), 
	FOREIGN KEY(room_id) REFERENCES rooms (id)
)

 (base.py:1842)
2025-06-17 11:28:18 [    INFO] [no key 0.00295s] {} (base.py:1842)
2025-06-17 11:28:18 [   DEBUG] Query eseguita in 0.03 secondi: 
CREATE TABLE nodes (
	id SERIAL NOT NULL, 
	name VARCHAR NOT NULL, 
	description VARCHAR, 
	nfc_id VARCHAR NOT NULL, 
	house_id INTEGER NOT NULL, 
	room_id INTEGER, 
	PRIMARY KEY (id), 
	FOREIGN KEY(house_id) REFERENCES houses (id), 
	FOREIGN KEY(room_id) REFERENCES rooms (id)
)

 (session.py:30)
2025-06-17 11:28:18 [    INFO] CREATE UNIQUE INDEX ix_nodes_nfc_id ON nodes (nfc_id) (base.py:1842)
2025-06-17 11:28:18 [    INFO] [no key 0.00240s] {} (base.py:1842)
2025-06-17 11:28:18 [   DEBUG] Query eseguita in 0.01 secondi: CREATE UNIQUE INDEX ix_nodes_nfc_id ON nodes (nfc_id) (session.py:30)
2025-06-17 11:28:18 [    INFO] 
CREATE TABLE bookings (
	id SERIAL NOT NULL, 
	room_id INTEGER NOT NULL, 
	user_id INTEGER NOT NULL, 
	start_time TIMESTAMP WITHOUT TIME ZONE NOT NULL, 
	end_time TIMESTAMP WITHOUT TIME ZONE NOT NULL, 
	status VARCHAR NOT NULL, 
	notes VARCHAR, 
	created_at TIMESTAMP WITHOUT TIME ZONE NOT NULL, 
	updated_at TIMESTAMP WITHOUT TIME ZONE NOT NULL, 
	PRIMARY KEY (id), 
	FOREIGN KEY(room_id) REFERENCES rooms (id), 
	FOREIGN KEY(user_id) REFERENCES "user" (id)
)

 (base.py:1842)
2025-06-17 11:28:18 [    INFO] [no key 0.00294s] {} (base.py:1842)
2025-06-17 11:28:18 [   DEBUG] Query eseguita in 0.04 secondi: 
CREATE TABLE bookings (
	id SERIAL NOT NULL, 
	room_id INTEGER NOT NULL, 
	user_id INTEGER NOT NULL, 
	start_time TIMESTAMP WITHOUT TIME ZONE NOT NULL, 
	end_time TIMESTAMP WITHOUT TIME ZONE NOT NULL, 
	status VARCHAR NOT NULL, 
	notes VARCHAR, 
	created_at TIMESTAMP WITHOUT TIME ZONE NOT NULL, 
	updated_at TIMESTAMP WITHOUT TIME ZONE NOT NULL, 
	PRIMARY KEY (id), 
	FOREIGN KEY(room_id) REFERENCES rooms (id), 
	FOREIGN KEY(user_id) REFERENCES "user" (id)
)

 (session.py:30)
2025-06-17 11:28:18 [    INFO] 
CREATE TABLE documents (
	id SERIAL NOT NULL, 
	created_at TIMESTAMP WITHOUT TIME ZONE NOT NULL, 
	updated_at TIMESTAMP WITHOUT TIME ZONE NOT NULL, 
	owner_id INTEGER NOT NULL, 
	name VARCHAR NOT NULL, 
	type VARCHAR NOT NULL, 
	size INTEGER NOT NULL, 
	upload_date TIMESTAMP WITHOUT TIME ZONE NOT NULL, 
	path VARCHAR NOT NULL, 
	checksum VARCHAR NOT NULL, 
	house_id INTEGER, 
	node_id INTEGER, 
	description VARCHAR, 
	PRIMARY KEY (id), 
	FOREIGN KEY(owner_id) REFERENCES "user" (id), 
	FOREIGN KEY(house_id) REFERENCES houses (id), 
	FOREIGN KEY(node_id) REFERENCES nodes (id)
)

 (base.py:1842)
2025-06-17 11:28:18 [    INFO] [no key 0.00091s] {} (base.py:1842)
2025-06-17 11:28:18 [   DEBUG] Query eseguita in 0.03 secondi: 
CREATE TABLE documents (
	id SERIAL NOT NULL, 
	created_at TIMESTAMP WITHOUT TIME ZONE NOT NULL, 
	updated_at TIMESTAMP WITHOUT TIME ZONE NOT NULL, 
	owner_id INTEGER NOT NULL, 
	name VARCHAR NOT NULL, 
	type VARCHAR NOT NULL, 
	size INTEGER NOT NULL, 
	upload_date TIMESTAMP WITHOUT TIME ZONE NOT NULL, 
	path VARCHAR NOT NULL, 
	checksum VARCHAR NOT NULL, 
	house_id INTEGER, 
	node_id INTEGER, 
	description VARCHAR, 
	PRIMARY KEY (id), 
	FOREIGN KEY(owner_id) REFERENCES "user" (id), 
	FOREIGN KEY(house_id) REFERENCES houses (id), 
	FOREIGN KEY(node_id) REFERENCES nodes (id)
)

 (session.py:30)
2025-06-17 11:28:18 [    INFO] CREATE INDEX ix_documents_owner_id ON documents (owner_id) (base.py:1842)
2025-06-17 11:28:18 [    INFO] [no key 0.00110s] {} (base.py:1842)
2025-06-17 11:28:18 [   DEBUG] Query eseguita in 0.01 secondi: CREATE INDEX ix_documents_owner_id ON documents (owner_id) (session.py:30)
2025-06-17 11:28:18 [    INFO] 
CREATE TABLE document_versions (
	id SERIAL NOT NULL, 
	version_number INTEGER NOT NULL, 
	file_path VARCHAR NOT NULL, 
	file_size INTEGER NOT NULL, 
	checksum VARCHAR NOT NULL, 
	created_at TIMESTAMP WITHOUT TIME ZONE NOT NULL, 
	updated_at TIMESTAMP WITHOUT TIME ZONE NOT NULL, 
	document_id INTEGER NOT NULL, 
	created_by_id INTEGER, 
	PRIMARY KEY (id), 
	FOREIGN KEY(document_id) REFERENCES documents (id), 
	FOREIGN KEY(created_by_id) REFERENCES "user" (id)
)

 (base.py:1842)
2025-06-17 11:28:18 [    INFO] [no key 0.00406s] {} (base.py:1842)
2025-06-17 11:28:18 [   DEBUG] Query eseguita in 0.04 secondi: 
CREATE TABLE document_versions (
	id SERIAL NOT NULL, 
	version_number INTEGER NOT NULL, 
	file_path VARCHAR NOT NULL, 
	file_size INTEGER NOT NULL, 
	checksum VARCHAR NOT NULL, 
	created_at TIMESTAMP WITHOUT TIME ZONE NOT NULL, 
	updated_at TIMESTAMP WITHOUT TIME ZONE NOT NULL, 
	document_id INTEGER NOT NULL, 
	created_by_id INTEGER, 
	PRIMARY KEY (id), 
	FOREIGN KEY(document_id) REFERENCES documents (id), 
	FOREIGN KEY(created_by_id) REFERENCES "user" (id)
)

 (session.py:30)
2025-06-17 11:28:18 [    INFO] CREATE INDEX ix_document_versions_version_number ON document_versions (version_number) (base.py:1842)
2025-06-17 11:28:18 [    INFO] [no key 0.00086s] {} (base.py:1842)
2025-06-17 11:28:18 [   DEBUG] Query eseguita in 0.01 secondi: CREATE INDEX ix_document_versions_version_number ON document_versions (version_number) (session.py:30)
2025-06-17 11:28:18 [    INFO] CREATE INDEX ix_document_versions_created_by_id ON document_versions (created_by_id) (base.py:1842)
2025-06-17 11:28:18 [    INFO] [no key 0.00411s] {} (base.py:1842)
2025-06-17 11:28:18 [   DEBUG] Query eseguita in 0.01 secondi: CREATE INDEX ix_document_versions_created_by_id ON document_versions (created_by_id) (session.py:30)
2025-06-17 11:28:18 [    INFO] CREATE INDEX ix_document_versions_document_id ON document_versions (document_id) (base.py:1842)
2025-06-17 11:28:18 [    INFO] [no key 0.00120s] {} (base.py:1842)
2025-06-17 11:28:18 [   DEBUG] Query eseguita in 0.01 secondi: CREATE INDEX ix_document_versions_document_id ON document_versions (document_id) (session.py:30)
2025-06-17 11:28:18 [    INFO] 
CREATE TABLE maintenance_records (
	id SERIAL NOT NULL, 
	node_id INTEGER NOT NULL, 
	timestamp TIMESTAMP WITHOUT TIME ZONE NOT NULL, 
	maintenance_type maintenancetype NOT NULL, 
	description VARCHAR NOT NULL, 
	status maintenancestatus NOT NULL, 
	notes VARCHAR, 
	document_id INTEGER, 
	PRIMARY KEY (id), 
	FOREIGN KEY(node_id) REFERENCES nodes (id), 
	FOREIGN KEY(document_id) REFERENCES documents (id)
)

 (base.py:1842)
2025-06-17 11:28:18 [    INFO] [no key 0.00168s] {} (base.py:1842)
2025-06-17 11:28:18 [   DEBUG] Query eseguita in 0.04 secondi: 
CREATE TABLE maintenance_records (
	id SERIAL NOT NULL, 
	node_id INTEGER NOT NULL, 
	timestamp TIMESTAMP WITHOUT TIME ZONE NOT NULL, 
	maintenance_type maintenancetype NOT NULL, 
	description VARCHAR NOT NULL, 
	status maintenancestatus NOT NULL, 
	notes VARCHAR, 
	document_id INTEGER, 
	PRIMARY KEY (id), 
	FOREIGN KEY(node_id) REFERENCES nodes (id), 
	FOREIGN KEY(document_id) REFERENCES documents (id)
)

 (session.py:30)
2025-06-17 11:28:18 [    INFO] CREATE INDEX ix_maintenance_records_node_id ON maintenance_records (node_id) (base.py:1842)
2025-06-17 11:28:18 [    INFO] [no key 0.00345s] {} (base.py:1842)
2025-06-17 11:28:18 [   DEBUG] Query eseguita in 0.01 secondi: CREATE INDEX ix_maintenance_records_node_id ON maintenance_records (node_id) (session.py:30)
2025-06-17 11:28:18 [    INFO] COMMIT (base.py:2704)
2025-06-17 11:28:18 [   DEBUG] Test database tables created successfully (test_users.py:52)
2025-06-17 11:28:18 [   DEBUG] Test database session created successfully (test_users.py:55)
2025-06-17 11:28:18 [   DEBUG] Overriding get_session for tests... (conftest.py:269)
2025-06-17 11:28:18 [   DEBUG] Setting up FakeRedis for tests... (conftest_redis.py:18)
2025-06-17 11:28:18 [   DEBUG] Connessione Redis stabilita con successo (redis.py:24)
-------------------------------- live log call --------------------------------
2025-06-17 11:28:18 [   DEBUG] Using proactor: IocpProactor (proactor_events.py:631)
2025-06-17 11:28:18 [    INFO] HTTP Request: POST http://testserver/api/v1/auth/register "HTTP/1.1 422 Unprocessable Entity" (_client.py:1025)
PASSED                                                                   [ 54%]
------------------------------ live log teardown ------------------------------
2025-06-17 11:28:18 [   DEBUG] Restored original Redis client (conftest_redis.py:29)
2025-06-17 11:28:18 [   DEBUG] get_session override cleared (conftest.py:275)
2025-06-17 11:28:18 [   DEBUG] Cleaning up test database session... (test_users.py:57)
2025-06-17 11:28:18 [    INFO] BEGIN (implicit) (base.py:2698)
2025-06-17 11:28:18 [    INFO] DROP SCHEMA public CASCADE (base.py:1842)
2025-06-17 11:28:18 [    INFO] [generated in 0.00591s] {} (base.py:1842)
2025-06-17 11:28:19 [   DEBUG] Query eseguita in 0.11 secondi: DROP SCHEMA public CASCADE (session.py:30)
2025-06-17 11:28:19 [    INFO] CREATE SCHEMA public (base.py:1842)
2025-06-17 11:28:19 [    INFO] [generated in 0.00390s] {} (base.py:1842)
2025-06-17 11:28:19 [   DEBUG] Query eseguita in 0.01 secondi: CREATE SCHEMA public (session.py:30)
2025-06-17 11:28:19 [    INFO] COMMIT (base.py:2704)
2025-06-17 11:28:19 [   DEBUG] Test database cleanup completed (test_users.py:63)
2025-06-17 11:28:19 [   DEBUG] Session fixture completed in 1.68 seconds (test_users.py:68)

tests/api/test_users.py::test_create_user_invalid_password[letmein123] 
------------------------------- live log setup --------------------------------
2025-06-17 11:28:19 [   DEBUG] Setting up test database session... (test_users.py:38)
2025-06-17 11:28:19 [    INFO] select pg_catalog.version() (base.py:1842)
2025-06-17 11:28:19 [    INFO] [raw sql] {} (base.py:1842)
2025-06-17 11:28:19 [    INFO] select current_schema() (base.py:1842)
2025-06-17 11:28:19 [    INFO] [raw sql] {} (base.py:1842)
2025-06-17 11:28:19 [    INFO] show standard_conforming_strings (base.py:1842)
2025-06-17 11:28:19 [    INFO] [raw sql] {} (base.py:1842)
2025-06-17 11:28:19 [    INFO] BEGIN (implicit) (base.py:2698)
2025-06-17 11:28:19 [    INFO] SELECT pg_catalog.pg_class.relname 
FROM pg_catalog.pg_class JOIN pg_catalog.pg_namespace ON pg_catalog.pg_namespace.oid = pg_catalog.pg_class.relnamespace 
WHERE pg_catalog.pg_class.relname = %(table_name)s AND pg_catalog.pg_class.relkind = ANY (ARRAY[%(param_1)s, %(param_2)s, %(param_3)s, %(param_4)s, %(param_5)s]) AND pg_catalog.pg_table_is_visible(pg_catalog.pg_class.oid) AND pg_catalog.pg_namespace.nspname != %(nspname_1)s (base.py:1842)
2025-06-17 11:28:19 [    INFO] [generated in 0.00328s] {'table_name': 'user', 'param_1': 'r', 'param_2': 'p', 'param_3': 'f', 'param_4': 'v', 'param_5': 'm', 'nspname_1': 'pg_catalog'} (base.py:1842)
2025-06-17 11:28:19 [   DEBUG] Query eseguita in 0.01 secondi: SELECT pg_catalog.pg_class.relname 
FROM pg_catalog.pg_class JOIN pg_catalog.pg_namespace ON pg_catalog.pg_namespace.oid = pg_catalog.pg_class.relnamespace 
WHERE pg_catalog.pg_class.relname = %(table_name)s AND pg_catalog.pg_class.relkind = ANY (ARRAY[%(param_1)s, %(param_2)s, %(param_3)s, %(param_4)s, %(param_5)s]) AND pg_catalog.pg_table_is_visible(pg_catalog.pg_class.oid) AND pg_catalog.pg_namespace.nspname != %(nspname_1)s (session.py:30)
2025-06-17 11:28:19 [    INFO] SELECT pg_catalog.pg_class.relname 
FROM pg_catalog.pg_class JOIN pg_catalog.pg_namespace ON pg_catalog.pg_namespace.oid = pg_catalog.pg_class.relnamespace 
WHERE pg_catalog.pg_class.relname = %(table_name)s AND pg_catalog.pg_class.relkind = ANY (ARRAY[%(param_1)s, %(param_2)s, %(param_3)s, %(param_4)s, %(param_5)s]) AND pg_catalog.pg_table_is_visible(pg_catalog.pg_class.oid) AND pg_catalog.pg_namespace.nspname != %(nspname_1)s (base.py:1842)
2025-06-17 11:28:19 [    INFO] [cached since 0.01943s ago] {'table_name': 'documents', 'param_1': 'r', 'param_2': 'p', 'param_3': 'f', 'param_4': 'v', 'param_5': 'm', 'nspname_1': 'pg_catalog'} (base.py:1842)
2025-06-17 11:28:19 [   DEBUG] Query eseguita in 0.01 secondi: SELECT pg_catalog.pg_class.relname 
FROM pg_catalog.pg_class JOIN pg_catalog.pg_namespace ON pg_catalog.pg_namespace.oid = pg_catalog.pg_class.relnamespace 
WHERE pg_catalog.pg_class.relname = %(table_name)s AND pg_catalog.pg_class.relkind = ANY (ARRAY[%(param_1)s, %(param_2)s, %(param_3)s, %(param_4)s, %(param_5)s]) AND pg_catalog.pg_table_is_visible(pg_catalog.pg_class.oid) AND pg_catalog.pg_namespace.nspname != %(nspname_1)s (session.py:30)
2025-06-17 11:28:19 [    INFO] SELECT pg_catalog.pg_class.relname 
FROM pg_catalog.pg_class JOIN pg_catalog.pg_namespace ON pg_catalog.pg_namespace.oid = pg_catalog.pg_class.relnamespace 
WHERE pg_catalog.pg_class.relname = %(table_name)s AND pg_catalog.pg_class.relkind = ANY (ARRAY[%(param_1)s, %(param_2)s, %(param_3)s, %(param_4)s, %(param_5)s]) AND pg_catalog.pg_table_is_visible(pg_catalog.pg_class.oid) AND pg_catalog.pg_namespace.nspname != %(nspname_1)s (base.py:1842)
2025-06-17 11:28:19 [    INFO] [cached since 0.02624s ago] {'table_name': 'document_versions', 'param_1': 'r', 'param_2': 'p', 'param_3': 'f', 'param_4': 'v', 'param_5': 'm', 'nspname_1': 'pg_catalog'} (base.py:1842)
2025-06-17 11:28:19 [   DEBUG] Query eseguita in 0.01 secondi: SELECT pg_catalog.pg_class.relname 
FROM pg_catalog.pg_class JOIN pg_catalog.pg_namespace ON pg_catalog.pg_namespace.oid = pg_catalog.pg_class.relnamespace 
WHERE pg_catalog.pg_class.relname = %(table_name)s AND pg_catalog.pg_class.relkind = ANY (ARRAY[%(param_1)s, %(param_2)s, %(param_3)s, %(param_4)s, %(param_5)s]) AND pg_catalog.pg_table_is_visible(pg_catalog.pg_class.oid) AND pg_catalog.pg_namespace.nspname != %(nspname_1)s (session.py:30)
2025-06-17 11:28:19 [    INFO] SELECT pg_catalog.pg_class.relname 
FROM pg_catalog.pg_class JOIN pg_catalog.pg_namespace ON pg_catalog.pg_namespace.oid = pg_catalog.pg_class.relnamespace 
WHERE pg_catalog.pg_class.relname = %(table_name)s AND pg_catalog.pg_class.relkind = ANY (ARRAY[%(param_1)s, %(param_2)s, %(param_3)s, %(param_4)s, %(param_5)s]) AND pg_catalog.pg_table_is_visible(pg_catalog.pg_class.oid) AND pg_catalog.pg_namespace.nspname != %(nspname_1)s (base.py:1842)
2025-06-17 11:28:19 [    INFO] [cached since 0.03708s ago] {'table_name': 'houses', 'param_1': 'r', 'param_2': 'p', 'param_3': 'f', 'param_4': 'v', 'param_5': 'm', 'nspname_1': 'pg_catalog'} (base.py:1842)
2025-06-17 11:28:19 [   DEBUG] Query eseguita in 0.00 secondi: SELECT pg_catalog.pg_class.relname 
FROM pg_catalog.pg_class JOIN pg_catalog.pg_namespace ON pg_catalog.pg_namespace.oid = pg_catalog.pg_class.relnamespace 
WHERE pg_catalog.pg_class.relname = %(table_name)s AND pg_catalog.pg_class.relkind = ANY (ARRAY[%(param_1)s, %(param_2)s, %(param_3)s, %(param_4)s, %(param_5)s]) AND pg_catalog.pg_table_is_visible(pg_catalog.pg_class.oid) AND pg_catalog.pg_namespace.nspname != %(nspname_1)s (session.py:30)
2025-06-17 11:28:19 [    INFO] SELECT pg_catalog.pg_class.relname 
FROM pg_catalog.pg_class JOIN pg_catalog.pg_namespace ON pg_catalog.pg_namespace.oid = pg_catalog.pg_class.relnamespace 
WHERE pg_catalog.pg_class.relname = %(table_name)s AND pg_catalog.pg_class.relkind = ANY (ARRAY[%(param_1)s, %(param_2)s, %(param_3)s, %(param_4)s, %(param_5)s]) AND pg_catalog.pg_table_is_visible(pg_catalog.pg_class.oid) AND pg_catalog.pg_namespace.nspname != %(nspname_1)s (base.py:1842)
2025-06-17 11:28:19 [    INFO] [cached since 0.04465s ago] {'table_name': 'nodes', 'param_1': 'r', 'param_2': 'p', 'param_3': 'f', 'param_4': 'v', 'param_5': 'm', 'nspname_1': 'pg_catalog'} (base.py:1842)
2025-06-17 11:28:19 [   DEBUG] Query eseguita in 0.01 secondi: SELECT pg_catalog.pg_class.relname 
FROM pg_catalog.pg_class JOIN pg_catalog.pg_namespace ON pg_catalog.pg_namespace.oid = pg_catalog.pg_class.relnamespace 
WHERE pg_catalog.pg_class.relname = %(table_name)s AND pg_catalog.pg_class.relkind = ANY (ARRAY[%(param_1)s, %(param_2)s, %(param_3)s, %(param_4)s, %(param_5)s]) AND pg_catalog.pg_table_is_visible(pg_catalog.pg_class.oid) AND pg_catalog.pg_namespace.nspname != %(nspname_1)s (session.py:30)
2025-06-17 11:28:19 [    INFO] SELECT pg_catalog.pg_class.relname 
FROM pg_catalog.pg_class JOIN pg_catalog.pg_namespace ON pg_catalog.pg_namespace.oid = pg_catalog.pg_class.relnamespace 
WHERE pg_catalog.pg_class.relname = %(table_name)s AND pg_catalog.pg_class.relkind = ANY (ARRAY[%(param_1)s, %(param_2)s, %(param_3)s, %(param_4)s, %(param_5)s]) AND pg_catalog.pg_table_is_visible(pg_catalog.pg_class.oid) AND pg_catalog.pg_namespace.nspname != %(nspname_1)s (base.py:1842)
2025-06-17 11:28:19 [    INFO] [cached since 0.05542s ago] {'table_name': 'rooms', 'param_1': 'r', 'param_2': 'p', 'param_3': 'f', 'param_4': 'v', 'param_5': 'm', 'nspname_1': 'pg_catalog'} (base.py:1842)
2025-06-17 11:28:19 [   DEBUG] Query eseguita in 0.01 secondi: SELECT pg_catalog.pg_class.relname 
FROM pg_catalog.pg_class JOIN pg_catalog.pg_namespace ON pg_catalog.pg_namespace.oid = pg_catalog.pg_class.relnamespace 
WHERE pg_catalog.pg_class.relname = %(table_name)s AND pg_catalog.pg_class.relkind = ANY (ARRAY[%(param_1)s, %(param_2)s, %(param_3)s, %(param_4)s, %(param_5)s]) AND pg_catalog.pg_table_is_visible(pg_catalog.pg_class.oid) AND pg_catalog.pg_namespace.nspname != %(nspname_1)s (session.py:30)
2025-06-17 11:28:19 [    INFO] SELECT pg_catalog.pg_class.relname 
FROM pg_catalog.pg_class JOIN pg_catalog.pg_namespace ON pg_catalog.pg_namespace.oid = pg_catalog.pg_class.relnamespace 
WHERE pg_catalog.pg_class.relname = %(table_name)s AND pg_catalog.pg_class.relkind = ANY (ARRAY[%(param_1)s, %(param_2)s, %(param_3)s, %(param_4)s, %(param_5)s]) AND pg_catalog.pg_table_is_visible(pg_catalog.pg_class.oid) AND pg_catalog.pg_namespace.nspname != %(nspname_1)s (base.py:1842)
2025-06-17 11:28:19 [    INFO] [cached since 0.06562s ago] {'table_name': 'bookings', 'param_1': 'r', 'param_2': 'p', 'param_3': 'f', 'param_4': 'v', 'param_5': 'm', 'nspname_1': 'pg_catalog'} (base.py:1842)
2025-06-17 11:28:19 [   DEBUG] Query eseguita in 0.01 secondi: SELECT pg_catalog.pg_class.relname 
FROM pg_catalog.pg_class JOIN pg_catalog.pg_namespace ON pg_catalog.pg_namespace.oid = pg_catalog.pg_class.relnamespace 
WHERE pg_catalog.pg_class.relname = %(table_name)s AND pg_catalog.pg_class.relkind = ANY (ARRAY[%(param_1)s, %(param_2)s, %(param_3)s, %(param_4)s, %(param_5)s]) AND pg_catalog.pg_table_is_visible(pg_catalog.pg_class.oid) AND pg_catalog.pg_namespace.nspname != %(nspname_1)s (session.py:30)
2025-06-17 11:28:19 [    INFO] SELECT pg_catalog.pg_class.relname 
FROM pg_catalog.pg_class JOIN pg_catalog.pg_namespace ON pg_catalog.pg_namespace.oid = pg_catalog.pg_class.relnamespace 
WHERE pg_catalog.pg_class.relname = %(table_name)s AND pg_catalog.pg_class.relkind = ANY (ARRAY[%(param_1)s, %(param_2)s, %(param_3)s, %(param_4)s, %(param_5)s]) AND pg_catalog.pg_table_is_visible(pg_catalog.pg_class.oid) AND pg_catalog.pg_namespace.nspname != %(nspname_1)s (base.py:1842)
2025-06-17 11:28:19 [    INFO] [cached since 0.07273s ago] {'table_name': 'maintenance_records', 'param_1': 'r', 'param_2': 'p', 'param_3': 'f', 'param_4': 'v', 'param_5': 'm', 'nspname_1': 'pg_catalog'} (base.py:1842)
2025-06-17 11:28:19 [   DEBUG] Query eseguita in 0.01 secondi: SELECT pg_catalog.pg_class.relname 
FROM pg_catalog.pg_class JOIN pg_catalog.pg_namespace ON pg_catalog.pg_namespace.oid = pg_catalog.pg_class.relnamespace 
WHERE pg_catalog.pg_class.relname = %(table_name)s AND pg_catalog.pg_class.relkind = ANY (ARRAY[%(param_1)s, %(param_2)s, %(param_3)s, %(param_4)s, %(param_5)s]) AND pg_catalog.pg_table_is_visible(pg_catalog.pg_class.oid) AND pg_catalog.pg_namespace.nspname != %(nspname_1)s (session.py:30)
2025-06-17 11:28:19 [    INFO] SELECT pg_catalog.pg_type.typname 
FROM pg_catalog.pg_type JOIN pg_catalog.pg_namespace ON pg_catalog.pg_namespace.oid = pg_catalog.pg_type.typnamespace 
WHERE pg_catalog.pg_type.typname = %(typname_1)s AND pg_catalog.pg_type_is_visible(pg_catalog.pg_type.oid) AND pg_catalog.pg_namespace.nspname != %(nspname_1)s (base.py:1842)
2025-06-17 11:28:19 [    INFO] [generated in 0.00328s] {'typname_1': 'maintenancetype', 'nspname_1': 'pg_catalog'} (base.py:1842)
2025-06-17 11:28:19 [   DEBUG] Query eseguita in 0.01 secondi: SELECT pg_catalog.pg_type.typname 
FROM pg_catalog.pg_type JOIN pg_catalog.pg_namespace ON pg_catalog.pg_namespace.oid = pg_catalog.pg_type.typnamespace 
WHERE pg_catalog.pg_type.typname = %(typname_1)s AND pg_catalog.pg_type_is_visible(pg_catalog.pg_type.oid) AND pg_catalog.pg_namespace.nspname != %(nspname_1)s (session.py:30)
2025-06-17 11:28:19 [    INFO] CREATE TYPE maintenancetype AS ENUM ('ROUTINE', 'PREVENTIVE', 'CORRECTIVE', 'EMERGENCY', 'INSPECTION') (base.py:1842)
2025-06-17 11:28:19 [    INFO] [no key 0.00081s] {} (base.py:1842)
2025-06-17 11:28:19 [   DEBUG] Query eseguita in 0.01 secondi: CREATE TYPE maintenancetype AS ENUM ('ROUTINE', 'PREVENTIVE', 'CORRECTIVE', 'EMERGENCY', 'INSPECTION') (session.py:30)
2025-06-17 11:28:19 [    INFO] SELECT pg_catalog.pg_type.typname 
FROM pg_catalog.pg_type JOIN pg_catalog.pg_namespace ON pg_catalog.pg_namespace.oid = pg_catalog.pg_type.typnamespace 
WHERE pg_catalog.pg_type.typname = %(typname_1)s AND pg_catalog.pg_type_is_visible(pg_catalog.pg_type.oid) AND pg_catalog.pg_namespace.nspname != %(nspname_1)s (base.py:1842)
2025-06-17 11:28:19 [    INFO] [cached since 0.03249s ago] {'typname_1': 'maintenancestatus', 'nspname_1': 'pg_catalog'} (base.py:1842)
2025-06-17 11:28:19 [   DEBUG] Query eseguita in 0.00 secondi: SELECT pg_catalog.pg_type.typname 
FROM pg_catalog.pg_type JOIN pg_catalog.pg_namespace ON pg_catalog.pg_namespace.oid = pg_catalog.pg_type.typnamespace 
WHERE pg_catalog.pg_type.typname = %(typname_1)s AND pg_catalog.pg_type_is_visible(pg_catalog.pg_type.oid) AND pg_catalog.pg_namespace.nspname != %(nspname_1)s (session.py:30)
2025-06-17 11:28:19 [    INFO] CREATE TYPE maintenancestatus AS ENUM ('PENDING', 'COMPLETED', 'FAILED') (base.py:1842)
2025-06-17 11:28:19 [    INFO] [no key 0.00147s] {} (base.py:1842)
2025-06-17 11:28:19 [   DEBUG] Query eseguita in 0.01 secondi: CREATE TYPE maintenancestatus AS ENUM ('PENDING', 'COMPLETED', 'FAILED') (session.py:30)
2025-06-17 11:28:19 [    INFO] 
CREATE TABLE "user" (
	id SERIAL NOT NULL, 
	email VARCHAR NOT NULL, 
	username VARCHAR NOT NULL, 
	hashed_password VARCHAR NOT NULL, 
	is_active BOOLEAN NOT NULL, 
	is_superuser BOOLEAN NOT NULL, 
	is_verified BOOLEAN NOT NULL, 
	created_at TIMESTAMP WITHOUT TIME ZONE NOT NULL, 
	updated_at TIMESTAMP WITHOUT TIME ZONE NOT NULL, 
	last_login TIMESTAMP WITH TIME ZONE, 
	full_name VARCHAR(255), 
	phone_number VARCHAR(20), 
	PRIMARY KEY (id)
)

 (base.py:1842)
2025-06-17 11:28:19 [    INFO] [no key 0.00250s] {} (base.py:1842)
2025-06-17 11:28:19 [   DEBUG] Query eseguita in 0.04 secondi: 
CREATE TABLE "user" (
	id SERIAL NOT NULL, 
	email VARCHAR NOT NULL, 
	username VARCHAR NOT NULL, 
	hashed_password VARCHAR NOT NULL, 
	is_active BOOLEAN NOT NULL, 
	is_superuser BOOLEAN NOT NULL, 
	is_verified BOOLEAN NOT NULL, 
	created_at TIMESTAMP WITHOUT TIME ZONE NOT NULL, 
	updated_at TIMESTAMP WITHOUT TIME ZONE NOT NULL, 
	last_login TIMESTAMP WITH TIME ZONE, 
	full_name VARCHAR(255), 
	phone_number VARCHAR(20), 
	PRIMARY KEY (id)
)

 (session.py:30)
2025-06-17 11:28:19 [    INFO] CREATE UNIQUE INDEX ix_user_email ON "user" (email) (base.py:1842)
2025-06-17 11:28:19 [    INFO] [no key 0.00072s] {} (base.py:1842)
2025-06-17 11:28:19 [   DEBUG] Query eseguita in 0.01 secondi: CREATE UNIQUE INDEX ix_user_email ON "user" (email) (session.py:30)
2025-06-17 11:28:19 [    INFO] CREATE UNIQUE INDEX ix_user_username ON "user" (username) (base.py:1842)
2025-06-17 11:28:19 [    INFO] [no key 0.00463s] {} (base.py:1842)
2025-06-17 11:28:19 [   DEBUG] Query eseguita in 0.01 secondi: CREATE UNIQUE INDEX ix_user_username ON "user" (username) (session.py:30)
2025-06-17 11:28:19 [    INFO] 
CREATE TABLE houses (
	id SERIAL NOT NULL, 
	name VARCHAR NOT NULL, 
	address VARCHAR NOT NULL, 
	owner_id INTEGER NOT NULL, 
	created_at TIMESTAMP WITHOUT TIME ZONE NOT NULL, 
	updated_at TIMESTAMP WITHOUT TIME ZONE NOT NULL, 
	PRIMARY KEY (id), 
	FOREIGN KEY(owner_id) REFERENCES "user" (id)
)

 (base.py:1842)
2025-06-17 11:28:19 [    INFO] [no key 0.00199s] {} (base.py:1842)
2025-06-17 11:28:19 [   DEBUG] Query eseguita in 0.03 secondi: 
CREATE TABLE houses (
	id SERIAL NOT NULL, 
	name VARCHAR NOT NULL, 
	address VARCHAR NOT NULL, 
	owner_id INTEGER NOT NULL, 
	created_at TIMESTAMP WITHOUT TIME ZONE NOT NULL, 
	updated_at TIMESTAMP WITHOUT TIME ZONE NOT NULL, 
	PRIMARY KEY (id), 
	FOREIGN KEY(owner_id) REFERENCES "user" (id)
)

 (session.py:30)
2025-06-17 11:28:19 [    INFO] CREATE INDEX ix_houses_name ON houses (name) (base.py:1842)
2025-06-17 11:28:19 [    INFO] [no key 0.00358s] {} (base.py:1842)
2025-06-17 11:28:19 [   DEBUG] Query eseguita in 0.01 secondi: CREATE INDEX ix_houses_name ON houses (name) (session.py:30)
2025-06-17 11:28:19 [    INFO] 
CREATE TABLE rooms (
	id SERIAL NOT NULL, 
	name VARCHAR NOT NULL, 
	description VARCHAR, 
	floor INTEGER NOT NULL, 
	area FLOAT NOT NULL, 
	house_id INTEGER NOT NULL, 
	created_at TIMESTAMP WITHOUT TIME ZONE NOT NULL, 
	updated_at TIMESTAMP WITHOUT TIME ZONE NOT NULL, 
	PRIMARY KEY (id), 
	FOREIGN KEY(house_id) REFERENCES houses (id)
)

 (base.py:1842)
2025-06-17 11:28:19 [    INFO] [no key 0.00354s] {} (base.py:1842)
2025-06-17 11:28:19 [   DEBUG] Query eseguita in 0.03 secondi: 
CREATE TABLE rooms (
	id SERIAL NOT NULL, 
	name VARCHAR NOT NULL, 
	description VARCHAR, 
	floor INTEGER NOT NULL, 
	area FLOAT NOT NULL, 
	house_id INTEGER NOT NULL, 
	created_at TIMESTAMP WITHOUT TIME ZONE NOT NULL, 
	updated_at TIMESTAMP WITHOUT TIME ZONE NOT NULL, 
	PRIMARY KEY (id), 
	FOREIGN KEY(house_id) REFERENCES houses (id)
)

 (session.py:30)
2025-06-17 11:28:19 [    INFO] CREATE INDEX ix_rooms_name ON rooms (name) (base.py:1842)
2025-06-17 11:28:19 [    INFO] [no key 0.00169s] {} (base.py:1842)
2025-06-17 11:28:19 [   DEBUG] Query eseguita in 0.01 secondi: CREATE INDEX ix_rooms_name ON rooms (name) (session.py:30)
2025-06-17 11:28:19 [    INFO] 
CREATE TABLE nodes (
	id SERIAL NOT NULL, 
	name VARCHAR NOT NULL, 
	description VARCHAR, 
	nfc_id VARCHAR NOT NULL, 
	house_id INTEGER NOT NULL, 
	room_id INTEGER, 
	PRIMARY KEY (id), 
	FOREIGN KEY(house_id) REFERENCES houses (id), 
	FOREIGN KEY(room_id) REFERENCES rooms (id)
)

 (base.py:1842)
2025-06-17 11:28:19 [    INFO] [no key 0.00101s] {} (base.py:1842)
2025-06-17 11:28:20 [   DEBUG] Query eseguita in 0.03 secondi: 
CREATE TABLE nodes (
	id SERIAL NOT NULL, 
	name VARCHAR NOT NULL, 
	description VARCHAR, 
	nfc_id VARCHAR NOT NULL, 
	house_id INTEGER NOT NULL, 
	room_id INTEGER, 
	PRIMARY KEY (id), 
	FOREIGN KEY(house_id) REFERENCES houses (id), 
	FOREIGN KEY(room_id) REFERENCES rooms (id)
)

 (session.py:30)
2025-06-17 11:28:20 [    INFO] CREATE UNIQUE INDEX ix_nodes_nfc_id ON nodes (nfc_id) (base.py:1842)
2025-06-17 11:28:20 [    INFO] [no key 0.00212s] {} (base.py:1842)
2025-06-17 11:28:20 [   DEBUG] Query eseguita in 0.01 secondi: CREATE UNIQUE INDEX ix_nodes_nfc_id ON nodes (nfc_id) (session.py:30)
2025-06-17 11:28:20 [    INFO] 
CREATE TABLE bookings (
	id SERIAL NOT NULL, 
	room_id INTEGER NOT NULL, 
	user_id INTEGER NOT NULL, 
	start_time TIMESTAMP WITHOUT TIME ZONE NOT NULL, 
	end_time TIMESTAMP WITHOUT TIME ZONE NOT NULL, 
	status VARCHAR NOT NULL, 
	notes VARCHAR, 
	created_at TIMESTAMP WITHOUT TIME ZONE NOT NULL, 
	updated_at TIMESTAMP WITHOUT TIME ZONE NOT NULL, 
	PRIMARY KEY (id), 
	FOREIGN KEY(room_id) REFERENCES rooms (id), 
	FOREIGN KEY(user_id) REFERENCES "user" (id)
)

 (base.py:1842)
2025-06-17 11:28:20 [    INFO] [no key 0.00105s] {} (base.py:1842)
2025-06-17 11:28:20 [   DEBUG] Query eseguita in 0.03 secondi: 
CREATE TABLE bookings (
	id SERIAL NOT NULL, 
	room_id INTEGER NOT NULL, 
	user_id INTEGER NOT NULL, 
	start_time TIMESTAMP WITHOUT TIME ZONE NOT NULL, 
	end_time TIMESTAMP WITHOUT TIME ZONE NOT NULL, 
	status VARCHAR NOT NULL, 
	notes VARCHAR, 
	created_at TIMESTAMP WITHOUT TIME ZONE NOT NULL, 
	updated_at TIMESTAMP WITHOUT TIME ZONE NOT NULL, 
	PRIMARY KEY (id), 
	FOREIGN KEY(room_id) REFERENCES rooms (id), 
	FOREIGN KEY(user_id) REFERENCES "user" (id)
)

 (session.py:30)
2025-06-17 11:28:20 [    INFO] 
CREATE TABLE documents (
	id SERIAL NOT NULL, 
	created_at TIMESTAMP WITHOUT TIME ZONE NOT NULL, 
	updated_at TIMESTAMP WITHOUT TIME ZONE NOT NULL, 
	owner_id INTEGER NOT NULL, 
	name VARCHAR NOT NULL, 
	type VARCHAR NOT NULL, 
	size INTEGER NOT NULL, 
	upload_date TIMESTAMP WITHOUT TIME ZONE NOT NULL, 
	path VARCHAR NOT NULL, 
	checksum VARCHAR NOT NULL, 
	house_id INTEGER, 
	node_id INTEGER, 
	description VARCHAR, 
	PRIMARY KEY (id), 
	FOREIGN KEY(owner_id) REFERENCES "user" (id), 
	FOREIGN KEY(house_id) REFERENCES houses (id), 
	FOREIGN KEY(node_id) REFERENCES nodes (id)
)

 (base.py:1842)
2025-06-17 11:28:20 [    INFO] [no key 0.00187s] {} (base.py:1842)
2025-06-17 11:28:20 [   DEBUG] Query eseguita in 0.04 secondi: 
CREATE TABLE documents (
	id SERIAL NOT NULL, 
	created_at TIMESTAMP WITHOUT TIME ZONE NOT NULL, 
	updated_at TIMESTAMP WITHOUT TIME ZONE NOT NULL, 
	owner_id INTEGER NOT NULL, 
	name VARCHAR NOT NULL, 
	type VARCHAR NOT NULL, 
	size INTEGER NOT NULL, 
	upload_date TIMESTAMP WITHOUT TIME ZONE NOT NULL, 
	path VARCHAR NOT NULL, 
	checksum VARCHAR NOT NULL, 
	house_id INTEGER, 
	node_id INTEGER, 
	description VARCHAR, 
	PRIMARY KEY (id), 
	FOREIGN KEY(owner_id) REFERENCES "user" (id), 
	FOREIGN KEY(house_id) REFERENCES houses (id), 
	FOREIGN KEY(node_id) REFERENCES nodes (id)
)

 (session.py:30)
2025-06-17 11:28:20 [    INFO] CREATE INDEX ix_documents_owner_id ON documents (owner_id) (base.py:1842)
2025-06-17 11:28:20 [    INFO] [no key 0.00212s] {} (base.py:1842)
2025-06-17 11:28:20 [   DEBUG] Query eseguita in 0.01 secondi: CREATE INDEX ix_documents_owner_id ON documents (owner_id) (session.py:30)
2025-06-17 11:28:20 [    INFO] 
CREATE TABLE document_versions (
	id SERIAL NOT NULL, 
	version_number INTEGER NOT NULL, 
	file_path VARCHAR NOT NULL, 
	file_size INTEGER NOT NULL, 
	checksum VARCHAR NOT NULL, 
	created_at TIMESTAMP WITHOUT TIME ZONE NOT NULL, 
	updated_at TIMESTAMP WITHOUT TIME ZONE NOT NULL, 
	document_id INTEGER NOT NULL, 
	created_by_id INTEGER, 
	PRIMARY KEY (id), 
	FOREIGN KEY(document_id) REFERENCES documents (id), 
	FOREIGN KEY(created_by_id) REFERENCES "user" (id)
)

 (base.py:1842)
2025-06-17 11:28:20 [    INFO] [no key 0.00142s] {} (base.py:1842)
2025-06-17 11:28:20 [   DEBUG] Query eseguita in 0.03 secondi: 
CREATE TABLE document_versions (
	id SERIAL NOT NULL, 
	version_number INTEGER NOT NULL, 
	file_path VARCHAR NOT NULL, 
	file_size INTEGER NOT NULL, 
	checksum VARCHAR NOT NULL, 
	created_at TIMESTAMP WITHOUT TIME ZONE NOT NULL, 
	updated_at TIMESTAMP WITHOUT TIME ZONE NOT NULL, 
	document_id INTEGER NOT NULL, 
	created_by_id INTEGER, 
	PRIMARY KEY (id), 
	FOREIGN KEY(document_id) REFERENCES documents (id), 
	FOREIGN KEY(created_by_id) REFERENCES "user" (id)
)

 (session.py:30)
2025-06-17 11:28:20 [    INFO] CREATE INDEX ix_document_versions_version_number ON document_versions (version_number) (base.py:1842)
2025-06-17 11:28:20 [    INFO] [no key 0.00061s] {} (base.py:1842)
2025-06-17 11:28:20 [   DEBUG] Query eseguita in 0.01 secondi: CREATE INDEX ix_document_versions_version_number ON document_versions (version_number) (session.py:30)
2025-06-17 11:28:20 [    INFO] CREATE INDEX ix_document_versions_created_by_id ON document_versions (created_by_id) (base.py:1842)
2025-06-17 11:28:20 [    INFO] [no key 0.00239s] {} (base.py:1842)
2025-06-17 11:28:20 [   DEBUG] Query eseguita in 0.01 secondi: CREATE INDEX ix_document_versions_created_by_id ON document_versions (created_by_id) (session.py:30)
2025-06-17 11:28:20 [    INFO] CREATE INDEX ix_document_versions_document_id ON document_versions (document_id) (base.py:1842)
2025-06-17 11:28:20 [    INFO] [no key 0.00157s] {} (base.py:1842)
2025-06-17 11:28:20 [   DEBUG] Query eseguita in 0.01 secondi: CREATE INDEX ix_document_versions_document_id ON document_versions (document_id) (session.py:30)
2025-06-17 11:28:20 [    INFO] 
CREATE TABLE maintenance_records (
	id SERIAL NOT NULL, 
	node_id INTEGER NOT NULL, 
	timestamp TIMESTAMP WITHOUT TIME ZONE NOT NULL, 
	maintenance_type maintenancetype NOT NULL, 
	description VARCHAR NOT NULL, 
	status maintenancestatus NOT NULL, 
	notes VARCHAR, 
	document_id INTEGER, 
	PRIMARY KEY (id), 
	FOREIGN KEY(node_id) REFERENCES nodes (id), 
	FOREIGN KEY(document_id) REFERENCES documents (id)
)

 (base.py:1842)
2025-06-17 11:28:20 [    INFO] [no key 0.00210s] {} (base.py:1842)
2025-06-17 11:28:20 [   DEBUG] Query eseguita in 0.04 secondi: 
CREATE TABLE maintenance_records (
	id SERIAL NOT NULL, 
	node_id INTEGER NOT NULL, 
	timestamp TIMESTAMP WITHOUT TIME ZONE NOT NULL, 
	maintenance_type maintenancetype NOT NULL, 
	description VARCHAR NOT NULL, 
	status maintenancestatus NOT NULL, 
	notes VARCHAR, 
	document_id INTEGER, 
	PRIMARY KEY (id), 
	FOREIGN KEY(node_id) REFERENCES nodes (id), 
	FOREIGN KEY(document_id) REFERENCES documents (id)
)

 (session.py:30)
2025-06-17 11:28:20 [    INFO] CREATE INDEX ix_maintenance_records_node_id ON maintenance_records (node_id) (base.py:1842)
2025-06-17 11:28:20 [    INFO] [no key 0.00090s] {} (base.py:1842)
2025-06-17 11:28:20 [   DEBUG] Query eseguita in 0.01 secondi: CREATE INDEX ix_maintenance_records_node_id ON maintenance_records (node_id) (session.py:30)
2025-06-17 11:28:20 [    INFO] COMMIT (base.py:2704)
2025-06-17 11:28:20 [   DEBUG] Test database tables created successfully (test_users.py:52)
2025-06-17 11:28:20 [   DEBUG] Test database session created successfully (test_users.py:55)
2025-06-17 11:28:20 [   DEBUG] Overriding get_session for tests... (conftest.py:269)
2025-06-17 11:28:20 [   DEBUG] Setting up FakeRedis for tests... (conftest_redis.py:18)
2025-06-17 11:28:20 [   DEBUG] Connessione Redis stabilita con successo (redis.py:24)
-------------------------------- live log call --------------------------------
2025-06-17 11:28:20 [   DEBUG] Using proactor: IocpProactor (proactor_events.py:631)
2025-06-17 11:28:20 [    INFO] HTTP Request: POST http://testserver/api/v1/auth/register "HTTP/1.1 422 Unprocessable Entity" (_client.py:1025)
PASSED                                                                   [ 56%]
------------------------------ live log teardown ------------------------------
2025-06-17 11:28:20 [   DEBUG] Restored original Redis client (conftest_redis.py:29)
2025-06-17 11:28:20 [   DEBUG] get_session override cleared (conftest.py:275)
2025-06-17 11:28:20 [   DEBUG] Cleaning up test database session... (test_users.py:57)
2025-06-17 11:28:20 [    INFO] BEGIN (implicit) (base.py:2698)
2025-06-17 11:28:20 [    INFO] DROP SCHEMA public CASCADE (base.py:1842)
2025-06-17 11:28:20 [    INFO] [generated in 0.00772s] {} (base.py:1842)
2025-06-17 11:28:20 [   DEBUG] Query eseguita in 0.09 secondi: DROP SCHEMA public CASCADE (session.py:30)
2025-06-17 11:28:20 [    INFO] CREATE SCHEMA public (base.py:1842)
2025-06-17 11:28:20 [    INFO] [generated in 0.00076s] {} (base.py:1842)
2025-06-17 11:28:20 [   DEBUG] Query eseguita in 0.00 secondi: CREATE SCHEMA public (session.py:30)
2025-06-17 11:28:20 [    INFO] COMMIT (base.py:2704)
2025-06-17 11:28:20 [   DEBUG] Test database cleanup completed (test_users.py:63)
2025-06-17 11:28:20 [   DEBUG] Session fixture completed in 1.49 seconds (test_users.py:68)

tests/api/test_users.py::test_create_user_invalid_password[welcome123] 
------------------------------- live log setup --------------------------------
2025-06-17 11:28:20 [   DEBUG] Setting up test database session... (test_users.py:38)
2025-06-17 11:28:21 [    INFO] select pg_catalog.version() (base.py:1842)
2025-06-17 11:28:21 [    INFO] [raw sql] {} (base.py:1842)
2025-06-17 11:28:21 [    INFO] select current_schema() (base.py:1842)
2025-06-17 11:28:21 [    INFO] [raw sql] {} (base.py:1842)
2025-06-17 11:28:21 [    INFO] show standard_conforming_strings (base.py:1842)
2025-06-17 11:28:21 [    INFO] [raw sql] {} (base.py:1842)
2025-06-17 11:28:21 [    INFO] BEGIN (implicit) (base.py:2698)
2025-06-17 11:28:21 [    INFO] SELECT pg_catalog.pg_class.relname 
FROM pg_catalog.pg_class JOIN pg_catalog.pg_namespace ON pg_catalog.pg_namespace.oid = pg_catalog.pg_class.relnamespace 
WHERE pg_catalog.pg_class.relname = %(table_name)s AND pg_catalog.pg_class.relkind = ANY (ARRAY[%(param_1)s, %(param_2)s, %(param_3)s, %(param_4)s, %(param_5)s]) AND pg_catalog.pg_table_is_visible(pg_catalog.pg_class.oid) AND pg_catalog.pg_namespace.nspname != %(nspname_1)s (base.py:1842)
2025-06-17 11:28:21 [    INFO] [generated in 0.00555s] {'table_name': 'user', 'param_1': 'r', 'param_2': 'p', 'param_3': 'f', 'param_4': 'v', 'param_5': 'm', 'nspname_1': 'pg_catalog'} (base.py:1842)
2025-06-17 11:28:21 [   DEBUG] Query eseguita in 0.01 secondi: SELECT pg_catalog.pg_class.relname 
FROM pg_catalog.pg_class JOIN pg_catalog.pg_namespace ON pg_catalog.pg_namespace.oid = pg_catalog.pg_class.relnamespace 
WHERE pg_catalog.pg_class.relname = %(table_name)s AND pg_catalog.pg_class.relkind = ANY (ARRAY[%(param_1)s, %(param_2)s, %(param_3)s, %(param_4)s, %(param_5)s]) AND pg_catalog.pg_table_is_visible(pg_catalog.pg_class.oid) AND pg_catalog.pg_namespace.nspname != %(nspname_1)s (session.py:30)
2025-06-17 11:28:21 [    INFO] SELECT pg_catalog.pg_class.relname 
FROM pg_catalog.pg_class JOIN pg_catalog.pg_namespace ON pg_catalog.pg_namespace.oid = pg_catalog.pg_class.relnamespace 
WHERE pg_catalog.pg_class.relname = %(table_name)s AND pg_catalog.pg_class.relkind = ANY (ARRAY[%(param_1)s, %(param_2)s, %(param_3)s, %(param_4)s, %(param_5)s]) AND pg_catalog.pg_table_is_visible(pg_catalog.pg_class.oid) AND pg_catalog.pg_namespace.nspname != %(nspname_1)s (base.py:1842)
2025-06-17 11:28:21 [    INFO] [cached since 0.01781s ago] {'table_name': 'documents', 'param_1': 'r', 'param_2': 'p', 'param_3': 'f', 'param_4': 'v', 'param_5': 'm', 'nspname_1': 'pg_catalog'} (base.py:1842)
2025-06-17 11:28:21 [   DEBUG] Query eseguita in 0.01 secondi: SELECT pg_catalog.pg_class.relname 
FROM pg_catalog.pg_class JOIN pg_catalog.pg_namespace ON pg_catalog.pg_namespace.oid = pg_catalog.pg_class.relnamespace 
WHERE pg_catalog.pg_class.relname = %(table_name)s AND pg_catalog.pg_class.relkind = ANY (ARRAY[%(param_1)s, %(param_2)s, %(param_3)s, %(param_4)s, %(param_5)s]) AND pg_catalog.pg_table_is_visible(pg_catalog.pg_class.oid) AND pg_catalog.pg_namespace.nspname != %(nspname_1)s (session.py:30)
2025-06-17 11:28:21 [    INFO] SELECT pg_catalog.pg_class.relname 
FROM pg_catalog.pg_class JOIN pg_catalog.pg_namespace ON pg_catalog.pg_namespace.oid = pg_catalog.pg_class.relnamespace 
WHERE pg_catalog.pg_class.relname = %(table_name)s AND pg_catalog.pg_class.relkind = ANY (ARRAY[%(param_1)s, %(param_2)s, %(param_3)s, %(param_4)s, %(param_5)s]) AND pg_catalog.pg_table_is_visible(pg_catalog.pg_class.oid) AND pg_catalog.pg_namespace.nspname != %(nspname_1)s (base.py:1842)
2025-06-17 11:28:21 [    INFO] [cached since 0.02562s ago] {'table_name': 'document_versions', 'param_1': 'r', 'param_2': 'p', 'param_3': 'f', 'param_4': 'v', 'param_5': 'm', 'nspname_1': 'pg_catalog'} (base.py:1842)
2025-06-17 11:28:21 [   DEBUG] Query eseguita in 0.01 secondi: SELECT pg_catalog.pg_class.relname 
FROM pg_catalog.pg_class JOIN pg_catalog.pg_namespace ON pg_catalog.pg_namespace.oid = pg_catalog.pg_class.relnamespace 
WHERE pg_catalog.pg_class.relname = %(table_name)s AND pg_catalog.pg_class.relkind = ANY (ARRAY[%(param_1)s, %(param_2)s, %(param_3)s, %(param_4)s, %(param_5)s]) AND pg_catalog.pg_table_is_visible(pg_catalog.pg_class.oid) AND pg_catalog.pg_namespace.nspname != %(nspname_1)s (session.py:30)
2025-06-17 11:28:21 [    INFO] SELECT pg_catalog.pg_class.relname 
FROM pg_catalog.pg_class JOIN pg_catalog.pg_namespace ON pg_catalog.pg_namespace.oid = pg_catalog.pg_class.relnamespace 
WHERE pg_catalog.pg_class.relname = %(table_name)s AND pg_catalog.pg_class.relkind = ANY (ARRAY[%(param_1)s, %(param_2)s, %(param_3)s, %(param_4)s, %(param_5)s]) AND pg_catalog.pg_table_is_visible(pg_catalog.pg_class.oid) AND pg_catalog.pg_namespace.nspname != %(nspname_1)s (base.py:1842)
2025-06-17 11:28:21 [    INFO] [cached since 0.0367s ago] {'table_name': 'houses', 'param_1': 'r', 'param_2': 'p', 'param_3': 'f', 'param_4': 'v', 'param_5': 'm', 'nspname_1': 'pg_catalog'} (base.py:1842)
2025-06-17 11:28:21 [   DEBUG] Query eseguita in 0.01 secondi: SELECT pg_catalog.pg_class.relname 
FROM pg_catalog.pg_class JOIN pg_catalog.pg_namespace ON pg_catalog.pg_namespace.oid = pg_catalog.pg_class.relnamespace 
WHERE pg_catalog.pg_class.relname = %(table_name)s AND pg_catalog.pg_class.relkind = ANY (ARRAY[%(param_1)s, %(param_2)s, %(param_3)s, %(param_4)s, %(param_5)s]) AND pg_catalog.pg_table_is_visible(pg_catalog.pg_class.oid) AND pg_catalog.pg_namespace.nspname != %(nspname_1)s (session.py:30)
2025-06-17 11:28:21 [    INFO] SELECT pg_catalog.pg_class.relname 
FROM pg_catalog.pg_class JOIN pg_catalog.pg_namespace ON pg_catalog.pg_namespace.oid = pg_catalog.pg_class.relnamespace 
WHERE pg_catalog.pg_class.relname = %(table_name)s AND pg_catalog.pg_class.relkind = ANY (ARRAY[%(param_1)s, %(param_2)s, %(param_3)s, %(param_4)s, %(param_5)s]) AND pg_catalog.pg_table_is_visible(pg_catalog.pg_class.oid) AND pg_catalog.pg_namespace.nspname != %(nspname_1)s (base.py:1842)
2025-06-17 11:28:21 [    INFO] [cached since 0.04387s ago] {'table_name': 'nodes', 'param_1': 'r', 'param_2': 'p', 'param_3': 'f', 'param_4': 'v', 'param_5': 'm', 'nspname_1': 'pg_catalog'} (base.py:1842)
2025-06-17 11:28:21 [   DEBUG] Query eseguita in 0.01 secondi: SELECT pg_catalog.pg_class.relname 
FROM pg_catalog.pg_class JOIN pg_catalog.pg_namespace ON pg_catalog.pg_namespace.oid = pg_catalog.pg_class.relnamespace 
WHERE pg_catalog.pg_class.relname = %(table_name)s AND pg_catalog.pg_class.relkind = ANY (ARRAY[%(param_1)s, %(param_2)s, %(param_3)s, %(param_4)s, %(param_5)s]) AND pg_catalog.pg_table_is_visible(pg_catalog.pg_class.oid) AND pg_catalog.pg_namespace.nspname != %(nspname_1)s (session.py:30)
2025-06-17 11:28:21 [    INFO] SELECT pg_catalog.pg_class.relname 
FROM pg_catalog.pg_class JOIN pg_catalog.pg_namespace ON pg_catalog.pg_namespace.oid = pg_catalog.pg_class.relnamespace 
WHERE pg_catalog.pg_class.relname = %(table_name)s AND pg_catalog.pg_class.relkind = ANY (ARRAY[%(param_1)s, %(param_2)s, %(param_3)s, %(param_4)s, %(param_5)s]) AND pg_catalog.pg_table_is_visible(pg_catalog.pg_class.oid) AND pg_catalog.pg_namespace.nspname != %(nspname_1)s (base.py:1842)
2025-06-17 11:28:21 [    INFO] [cached since 0.05595s ago] {'table_name': 'rooms', 'param_1': 'r', 'param_2': 'p', 'param_3': 'f', 'param_4': 'v', 'param_5': 'm', 'nspname_1': 'pg_catalog'} (base.py:1842)
2025-06-17 11:28:21 [   DEBUG] Query eseguita in 0.00 secondi: SELECT pg_catalog.pg_class.relname 
FROM pg_catalog.pg_class JOIN pg_catalog.pg_namespace ON pg_catalog.pg_namespace.oid = pg_catalog.pg_class.relnamespace 
WHERE pg_catalog.pg_class.relname = %(table_name)s AND pg_catalog.pg_class.relkind = ANY (ARRAY[%(param_1)s, %(param_2)s, %(param_3)s, %(param_4)s, %(param_5)s]) AND pg_catalog.pg_table_is_visible(pg_catalog.pg_class.oid) AND pg_catalog.pg_namespace.nspname != %(nspname_1)s (session.py:30)
2025-06-17 11:28:21 [    INFO] SELECT pg_catalog.pg_class.relname 
FROM pg_catalog.pg_class JOIN pg_catalog.pg_namespace ON pg_catalog.pg_namespace.oid = pg_catalog.pg_class.relnamespace 
WHERE pg_catalog.pg_class.relname = %(table_name)s AND pg_catalog.pg_class.relkind = ANY (ARRAY[%(param_1)s, %(param_2)s, %(param_3)s, %(param_4)s, %(param_5)s]) AND pg_catalog.pg_table_is_visible(pg_catalog.pg_class.oid) AND pg_catalog.pg_namespace.nspname != %(nspname_1)s (base.py:1842)
2025-06-17 11:28:21 [    INFO] [cached since 0.06338s ago] {'table_name': 'bookings', 'param_1': 'r', 'param_2': 'p', 'param_3': 'f', 'param_4': 'v', 'param_5': 'm', 'nspname_1': 'pg_catalog'} (base.py:1842)
2025-06-17 11:28:21 [   DEBUG] Query eseguita in 0.01 secondi: SELECT pg_catalog.pg_class.relname 
FROM pg_catalog.pg_class JOIN pg_catalog.pg_namespace ON pg_catalog.pg_namespace.oid = pg_catalog.pg_class.relnamespace 
WHERE pg_catalog.pg_class.relname = %(table_name)s AND pg_catalog.pg_class.relkind = ANY (ARRAY[%(param_1)s, %(param_2)s, %(param_3)s, %(param_4)s, %(param_5)s]) AND pg_catalog.pg_table_is_visible(pg_catalog.pg_class.oid) AND pg_catalog.pg_namespace.nspname != %(nspname_1)s (session.py:30)
2025-06-17 11:28:21 [    INFO] SELECT pg_catalog.pg_class.relname 
FROM pg_catalog.pg_class JOIN pg_catalog.pg_namespace ON pg_catalog.pg_namespace.oid = pg_catalog.pg_class.relnamespace 
WHERE pg_catalog.pg_class.relname = %(table_name)s AND pg_catalog.pg_class.relkind = ANY (ARRAY[%(param_1)s, %(param_2)s, %(param_3)s, %(param_4)s, %(param_5)s]) AND pg_catalog.pg_table_is_visible(pg_catalog.pg_class.oid) AND pg_catalog.pg_namespace.nspname != %(nspname_1)s (base.py:1842)
2025-06-17 11:28:21 [    INFO] [cached since 0.07359s ago] {'table_name': 'maintenance_records', 'param_1': 'r', 'param_2': 'p', 'param_3': 'f', 'param_4': 'v', 'param_5': 'm', 'nspname_1': 'pg_catalog'} (base.py:1842)
2025-06-17 11:28:21 [   DEBUG] Query eseguita in 0.00 secondi: SELECT pg_catalog.pg_class.relname 
FROM pg_catalog.pg_class JOIN pg_catalog.pg_namespace ON pg_catalog.pg_namespace.oid = pg_catalog.pg_class.relnamespace 
WHERE pg_catalog.pg_class.relname = %(table_name)s AND pg_catalog.pg_class.relkind = ANY (ARRAY[%(param_1)s, %(param_2)s, %(param_3)s, %(param_4)s, %(param_5)s]) AND pg_catalog.pg_table_is_visible(pg_catalog.pg_class.oid) AND pg_catalog.pg_namespace.nspname != %(nspname_1)s (session.py:30)
2025-06-17 11:28:21 [    INFO] SELECT pg_catalog.pg_type.typname 
FROM pg_catalog.pg_type JOIN pg_catalog.pg_namespace ON pg_catalog.pg_namespace.oid = pg_catalog.pg_type.typnamespace 
WHERE pg_catalog.pg_type.typname = %(typname_1)s AND pg_catalog.pg_type_is_visible(pg_catalog.pg_type.oid) AND pg_catalog.pg_namespace.nspname != %(nspname_1)s (base.py:1842)
2025-06-17 11:28:21 [    INFO] [generated in 0.00506s] {'typname_1': 'maintenancetype', 'nspname_1': 'pg_catalog'} (base.py:1842)
2025-06-17 11:28:21 [   DEBUG] Query eseguita in 0.01 secondi: SELECT pg_catalog.pg_type.typname 
FROM pg_catalog.pg_type JOIN pg_catalog.pg_namespace ON pg_catalog.pg_namespace.oid = pg_catalog.pg_type.typnamespace 
WHERE pg_catalog.pg_type.typname = %(typname_1)s AND pg_catalog.pg_type_is_visible(pg_catalog.pg_type.oid) AND pg_catalog.pg_namespace.nspname != %(nspname_1)s (session.py:30)
2025-06-17 11:28:21 [    INFO] CREATE TYPE maintenancetype AS ENUM ('ROUTINE', 'PREVENTIVE', 'CORRECTIVE', 'EMERGENCY', 'INSPECTION') (base.py:1842)
2025-06-17 11:28:21 [    INFO] [no key 0.00301s] {} (base.py:1842)
2025-06-17 11:28:21 [   DEBUG] Query eseguita in 0.01 secondi: CREATE TYPE maintenancetype AS ENUM ('ROUTINE', 'PREVENTIVE', 'CORRECTIVE', 'EMERGENCY', 'INSPECTION') (session.py:30)
2025-06-17 11:28:21 [    INFO] SELECT pg_catalog.pg_type.typname 
FROM pg_catalog.pg_type JOIN pg_catalog.pg_namespace ON pg_catalog.pg_namespace.oid = pg_catalog.pg_type.typnamespace 
WHERE pg_catalog.pg_type.typname = %(typname_1)s AND pg_catalog.pg_type_is_visible(pg_catalog.pg_type.oid) AND pg_catalog.pg_namespace.nspname != %(nspname_1)s (base.py:1842)
2025-06-17 11:28:21 [    INFO] [cached since 0.02456s ago] {'typname_1': 'maintenancestatus', 'nspname_1': 'pg_catalog'} (base.py:1842)
2025-06-17 11:28:21 [   DEBUG] Query eseguita in 0.01 secondi: SELECT pg_catalog.pg_type.typname 
FROM pg_catalog.pg_type JOIN pg_catalog.pg_namespace ON pg_catalog.pg_namespace.oid = pg_catalog.pg_type.typnamespace 
WHERE pg_catalog.pg_type.typname = %(typname_1)s AND pg_catalog.pg_type_is_visible(pg_catalog.pg_type.oid) AND pg_catalog.pg_namespace.nspname != %(nspname_1)s (session.py:30)
2025-06-17 11:28:21 [    INFO] CREATE TYPE maintenancestatus AS ENUM ('PENDING', 'COMPLETED', 'FAILED') (base.py:1842)
2025-06-17 11:28:21 [    INFO] [no key 0.00185s] {} (base.py:1842)
2025-06-17 11:28:21 [   DEBUG] Query eseguita in 0.00 secondi: CREATE TYPE maintenancestatus AS ENUM ('PENDING', 'COMPLETED', 'FAILED') (session.py:30)
2025-06-17 11:28:21 [    INFO] 
CREATE TABLE "user" (
	id SERIAL NOT NULL, 
	email VARCHAR NOT NULL, 
	username VARCHAR NOT NULL, 
	hashed_password VARCHAR NOT NULL, 
	is_active BOOLEAN NOT NULL, 
	is_superuser BOOLEAN NOT NULL, 
	is_verified BOOLEAN NOT NULL, 
	created_at TIMESTAMP WITHOUT TIME ZONE NOT NULL, 
	updated_at TIMESTAMP WITHOUT TIME ZONE NOT NULL, 
	last_login TIMESTAMP WITH TIME ZONE, 
	full_name VARCHAR(255), 
	phone_number VARCHAR(20), 
	PRIMARY KEY (id)
)

 (base.py:1842)
2025-06-17 11:28:21 [    INFO] [no key 0.00430s] {} (base.py:1842)
2025-06-17 11:28:21 [   DEBUG] Query eseguita in 0.04 secondi: 
CREATE TABLE "user" (
	id SERIAL NOT NULL, 
	email VARCHAR NOT NULL, 
	username VARCHAR NOT NULL, 
	hashed_password VARCHAR NOT NULL, 
	is_active BOOLEAN NOT NULL, 
	is_superuser BOOLEAN NOT NULL, 
	is_verified BOOLEAN NOT NULL, 
	created_at TIMESTAMP WITHOUT TIME ZONE NOT NULL, 
	updated_at TIMESTAMP WITHOUT TIME ZONE NOT NULL, 
	last_login TIMESTAMP WITH TIME ZONE, 
	full_name VARCHAR(255), 
	phone_number VARCHAR(20), 
	PRIMARY KEY (id)
)

 (session.py:30)
2025-06-17 11:28:21 [    INFO] CREATE UNIQUE INDEX ix_user_email ON "user" (email) (base.py:1842)
2025-06-17 11:28:21 [    INFO] [no key 0.00314s] {} (base.py:1842)
2025-06-17 11:28:21 [   DEBUG] Query eseguita in 0.01 secondi: CREATE UNIQUE INDEX ix_user_email ON "user" (email) (session.py:30)
2025-06-17 11:28:21 [    INFO] CREATE UNIQUE INDEX ix_user_username ON "user" (username) (base.py:1842)
2025-06-17 11:28:21 [    INFO] [no key 0.00097s] {} (base.py:1842)
2025-06-17 11:28:21 [   DEBUG] Query eseguita in 0.01 secondi: CREATE UNIQUE INDEX ix_user_username ON "user" (username) (session.py:30)
2025-06-17 11:28:21 [    INFO] 
CREATE TABLE houses (
	id SERIAL NOT NULL, 
	name VARCHAR NOT NULL, 
	address VARCHAR NOT NULL, 
	owner_id INTEGER NOT NULL, 
	created_at TIMESTAMP WITHOUT TIME ZONE NOT NULL, 
	updated_at TIMESTAMP WITHOUT TIME ZONE NOT NULL, 
	PRIMARY KEY (id), 
	FOREIGN KEY(owner_id) REFERENCES "user" (id)
)

 (base.py:1842)
2025-06-17 11:28:21 [    INFO] [no key 0.00091s] {} (base.py:1842)
2025-06-17 11:28:21 [   DEBUG] Query eseguita in 0.03 secondi: 
CREATE TABLE houses (
	id SERIAL NOT NULL, 
	name VARCHAR NOT NULL, 
	address VARCHAR NOT NULL, 
	owner_id INTEGER NOT NULL, 
	created_at TIMESTAMP WITHOUT TIME ZONE NOT NULL, 
	updated_at TIMESTAMP WITHOUT TIME ZONE NOT NULL, 
	PRIMARY KEY (id), 
	FOREIGN KEY(owner_id) REFERENCES "user" (id)
)

 (session.py:30)
2025-06-17 11:28:21 [    INFO] CREATE INDEX ix_houses_name ON houses (name) (base.py:1842)
2025-06-17 11:28:21 [    INFO] [no key 0.00348s] {} (base.py:1842)
2025-06-17 11:28:21 [   DEBUG] Query eseguita in 0.01 secondi: CREATE INDEX ix_houses_name ON houses (name) (session.py:30)
2025-06-17 11:28:21 [    INFO] 
CREATE TABLE rooms (
	id SERIAL NOT NULL, 
	name VARCHAR NOT NULL, 
	description VARCHAR, 
	floor INTEGER NOT NULL, 
	area FLOAT NOT NULL, 
	house_id INTEGER NOT NULL, 
	created_at TIMESTAMP WITHOUT TIME ZONE NOT NULL, 
	updated_at TIMESTAMP WITHOUT TIME ZONE NOT NULL, 
	PRIMARY KEY (id), 
	FOREIGN KEY(house_id) REFERENCES houses (id)
)

 (base.py:1842)
2025-06-17 11:28:21 [    INFO] [no key 0.00226s] {} (base.py:1842)
2025-06-17 11:28:21 [   DEBUG] Query eseguita in 0.03 secondi: 
CREATE TABLE rooms (
	id SERIAL NOT NULL, 
	name VARCHAR NOT NULL, 
	description VARCHAR, 
	floor INTEGER NOT NULL, 
	area FLOAT NOT NULL, 
	house_id INTEGER NOT NULL, 
	created_at TIMESTAMP WITHOUT TIME ZONE NOT NULL, 
	updated_at TIMESTAMP WITHOUT TIME ZONE NOT NULL, 
	PRIMARY KEY (id), 
	FOREIGN KEY(house_id) REFERENCES houses (id)
)

 (session.py:30)
2025-06-17 11:28:21 [    INFO] CREATE INDEX ix_rooms_name ON rooms (name) (base.py:1842)
2025-06-17 11:28:21 [    INFO] [no key 0.00072s] {} (base.py:1842)
2025-06-17 11:28:21 [   DEBUG] Query eseguita in 0.01 secondi: CREATE INDEX ix_rooms_name ON rooms (name) (session.py:30)
2025-06-17 11:28:21 [    INFO] 
CREATE TABLE nodes (
	id SERIAL NOT NULL, 
	name VARCHAR NOT NULL, 
	description VARCHAR, 
	nfc_id VARCHAR NOT NULL, 
	house_id INTEGER NOT NULL, 
	room_id INTEGER, 
	PRIMARY KEY (id), 
	FOREIGN KEY(house_id) REFERENCES houses (id), 
	FOREIGN KEY(room_id) REFERENCES rooms (id)
)

 (base.py:1842)
2025-06-17 11:28:21 [    INFO] [no key 0.00071s] {} (base.py:1842)
2025-06-17 11:28:21 [   DEBUG] Query eseguita in 0.03 secondi: 
CREATE TABLE nodes (
	id SERIAL NOT NULL, 
	name VARCHAR NOT NULL, 
	description VARCHAR, 
	nfc_id VARCHAR NOT NULL, 
	house_id INTEGER NOT NULL, 
	room_id INTEGER, 
	PRIMARY KEY (id), 
	FOREIGN KEY(house_id) REFERENCES houses (id), 
	FOREIGN KEY(room_id) REFERENCES rooms (id)
)

 (session.py:30)
2025-06-17 11:28:21 [    INFO] CREATE UNIQUE INDEX ix_nodes_nfc_id ON nodes (nfc_id) (base.py:1842)
2025-06-17 11:28:21 [    INFO] [no key 0.00217s] {} (base.py:1842)
2025-06-17 11:28:21 [   DEBUG] Query eseguita in 0.01 secondi: CREATE UNIQUE INDEX ix_nodes_nfc_id ON nodes (nfc_id) (session.py:30)
2025-06-17 11:28:21 [    INFO] 
CREATE TABLE bookings (
	id SERIAL NOT NULL, 
	room_id INTEGER NOT NULL, 
	user_id INTEGER NOT NULL, 
	start_time TIMESTAMP WITHOUT TIME ZONE NOT NULL, 
	end_time TIMESTAMP WITHOUT TIME ZONE NOT NULL, 
	status VARCHAR NOT NULL, 
	notes VARCHAR, 
	created_at TIMESTAMP WITHOUT TIME ZONE NOT NULL, 
	updated_at TIMESTAMP WITHOUT TIME ZONE NOT NULL, 
	PRIMARY KEY (id), 
	FOREIGN KEY(room_id) REFERENCES rooms (id), 
	FOREIGN KEY(user_id) REFERENCES "user" (id)
)

 (base.py:1842)
2025-06-17 11:28:21 [    INFO] [no key 0.00131s] {} (base.py:1842)
2025-06-17 11:28:21 [   DEBUG] Query eseguita in 0.03 secondi: 
CREATE TABLE bookings (
	id SERIAL NOT NULL, 
	room_id INTEGER NOT NULL, 
	user_id INTEGER NOT NULL, 
	start_time TIMESTAMP WITHOUT TIME ZONE NOT NULL, 
	end_time TIMESTAMP WITHOUT TIME ZONE NOT NULL, 
	status VARCHAR NOT NULL, 
	notes VARCHAR, 
	created_at TIMESTAMP WITHOUT TIME ZONE NOT NULL, 
	updated_at TIMESTAMP WITHOUT TIME ZONE NOT NULL, 
	PRIMARY KEY (id), 
	FOREIGN KEY(room_id) REFERENCES rooms (id), 
	FOREIGN KEY(user_id) REFERENCES "user" (id)
)

 (session.py:30)
2025-06-17 11:28:21 [    INFO] 
CREATE TABLE documents (
	id SERIAL NOT NULL, 
	created_at TIMESTAMP WITHOUT TIME ZONE NOT NULL, 
	updated_at TIMESTAMP WITHOUT TIME ZONE NOT NULL, 
	owner_id INTEGER NOT NULL, 
	name VARCHAR NOT NULL, 
	type VARCHAR NOT NULL, 
	size INTEGER NOT NULL, 
	upload_date TIMESTAMP WITHOUT TIME ZONE NOT NULL, 
	path VARCHAR NOT NULL, 
	checksum VARCHAR NOT NULL, 
	house_id INTEGER, 
	node_id INTEGER, 
	description VARCHAR, 
	PRIMARY KEY (id), 
	FOREIGN KEY(owner_id) REFERENCES "user" (id), 
	FOREIGN KEY(house_id) REFERENCES houses (id), 
	FOREIGN KEY(node_id) REFERENCES nodes (id)
)

 (base.py:1842)
2025-06-17 11:28:21 [    INFO] [no key 0.00234s] {} (base.py:1842)
2025-06-17 11:28:21 [   DEBUG] Query eseguita in 0.05 secondi: 
CREATE TABLE documents (
	id SERIAL NOT NULL, 
	created_at TIMESTAMP WITHOUT TIME ZONE NOT NULL, 
	updated_at TIMESTAMP WITHOUT TIME ZONE NOT NULL, 
	owner_id INTEGER NOT NULL, 
	name VARCHAR NOT NULL, 
	type VARCHAR NOT NULL, 
	size INTEGER NOT NULL, 
	upload_date TIMESTAMP WITHOUT TIME ZONE NOT NULL, 
	path VARCHAR NOT NULL, 
	checksum VARCHAR NOT NULL, 
	house_id INTEGER, 
	node_id INTEGER, 
	description VARCHAR, 
	PRIMARY KEY (id), 
	FOREIGN KEY(owner_id) REFERENCES "user" (id), 
	FOREIGN KEY(house_id) REFERENCES houses (id), 
	FOREIGN KEY(node_id) REFERENCES nodes (id)
)

 (session.py:30)
2025-06-17 11:28:21 [    INFO] CREATE INDEX ix_documents_owner_id ON documents (owner_id) (base.py:1842)
2025-06-17 11:28:21 [    INFO] [no key 0.00074s] {} (base.py:1842)
2025-06-17 11:28:21 [   DEBUG] Query eseguita in 0.01 secondi: CREATE INDEX ix_documents_owner_id ON documents (owner_id) (session.py:30)
2025-06-17 11:28:21 [    INFO] 
CREATE TABLE document_versions (
	id SERIAL NOT NULL, 
	version_number INTEGER NOT NULL, 
	file_path VARCHAR NOT NULL, 
	file_size INTEGER NOT NULL, 
	checksum VARCHAR NOT NULL, 
	created_at TIMESTAMP WITHOUT TIME ZONE NOT NULL, 
	updated_at TIMESTAMP WITHOUT TIME ZONE NOT NULL, 
	document_id INTEGER NOT NULL, 
	created_by_id INTEGER, 
	PRIMARY KEY (id), 
	FOREIGN KEY(document_id) REFERENCES documents (id), 
	FOREIGN KEY(created_by_id) REFERENCES "user" (id)
)

 (base.py:1842)
2025-06-17 11:28:21 [    INFO] [no key 0.00123s] {} (base.py:1842)
2025-06-17 11:28:21 [   DEBUG] Query eseguita in 0.02 secondi: 
CREATE TABLE document_versions (
	id SERIAL NOT NULL, 
	version_number INTEGER NOT NULL, 
	file_path VARCHAR NOT NULL, 
	file_size INTEGER NOT NULL, 
	checksum VARCHAR NOT NULL, 
	created_at TIMESTAMP WITHOUT TIME ZONE NOT NULL, 
	updated_at TIMESTAMP WITHOUT TIME ZONE NOT NULL, 
	document_id INTEGER NOT NULL, 
	created_by_id INTEGER, 
	PRIMARY KEY (id), 
	FOREIGN KEY(document_id) REFERENCES documents (id), 
	FOREIGN KEY(created_by_id) REFERENCES "user" (id)
)

 (session.py:30)
2025-06-17 11:28:21 [    INFO] CREATE INDEX ix_document_versions_version_number ON document_versions (version_number) (base.py:1842)
2025-06-17 11:28:21 [    INFO] [no key 0.00290s] {} (base.py:1842)
2025-06-17 11:28:21 [   DEBUG] Query eseguita in 0.01 secondi: CREATE INDEX ix_document_versions_version_number ON document_versions (version_number) (session.py:30)
2025-06-17 11:28:21 [    INFO] CREATE INDEX ix_document_versions_created_by_id ON document_versions (created_by_id) (base.py:1842)
2025-06-17 11:28:21 [    INFO] [no key 0.00239s] {} (base.py:1842)
2025-06-17 11:28:21 [   DEBUG] Query eseguita in 0.01 secondi: CREATE INDEX ix_document_versions_created_by_id ON document_versions (created_by_id) (session.py:30)
2025-06-17 11:28:21 [    INFO] CREATE INDEX ix_document_versions_document_id ON document_versions (document_id) (base.py:1842)
2025-06-17 11:28:21 [    INFO] [no key 0.00296s] {} (base.py:1842)
2025-06-17 11:28:21 [   DEBUG] Query eseguita in 0.01 secondi: CREATE INDEX ix_document_versions_document_id ON document_versions (document_id) (session.py:30)
2025-06-17 11:28:21 [    INFO] 
CREATE TABLE maintenance_records (
	id SERIAL NOT NULL, 
	node_id INTEGER NOT NULL, 
	timestamp TIMESTAMP WITHOUT TIME ZONE NOT NULL, 
	maintenance_type maintenancetype NOT NULL, 
	description VARCHAR NOT NULL, 
	status maintenancestatus NOT NULL, 
	notes VARCHAR, 
	document_id INTEGER, 
	PRIMARY KEY (id), 
	FOREIGN KEY(node_id) REFERENCES nodes (id), 
	FOREIGN KEY(document_id) REFERENCES documents (id)
)

 (base.py:1842)
2025-06-17 11:28:21 [    INFO] [no key 0.00156s] {} (base.py:1842)
2025-06-17 11:28:21 [   DEBUG] Query eseguita in 0.03 secondi: 
CREATE TABLE maintenance_records (
	id SERIAL NOT NULL, 
	node_id INTEGER NOT NULL, 
	timestamp TIMESTAMP WITHOUT TIME ZONE NOT NULL, 
	maintenance_type maintenancetype NOT NULL, 
	description VARCHAR NOT NULL, 
	status maintenancestatus NOT NULL, 
	notes VARCHAR, 
	document_id INTEGER, 
	PRIMARY KEY (id), 
	FOREIGN KEY(node_id) REFERENCES nodes (id), 
	FOREIGN KEY(document_id) REFERENCES documents (id)
)

 (session.py:30)
2025-06-17 11:28:21 [    INFO] CREATE INDEX ix_maintenance_records_node_id ON maintenance_records (node_id) (base.py:1842)
2025-06-17 11:28:21 [    INFO] [no key 0.00144s] {} (base.py:1842)
2025-06-17 11:28:21 [   DEBUG] Query eseguita in 0.01 secondi: CREATE INDEX ix_maintenance_records_node_id ON maintenance_records (node_id) (session.py:30)
2025-06-17 11:28:21 [    INFO] COMMIT (base.py:2704)
2025-06-17 11:28:21 [   DEBUG] Test database tables created successfully (test_users.py:52)
2025-06-17 11:28:21 [   DEBUG] Test database session created successfully (test_users.py:55)
2025-06-17 11:28:21 [   DEBUG] Overriding get_session for tests... (conftest.py:269)
2025-06-17 11:28:21 [   DEBUG] Setting up FakeRedis for tests... (conftest_redis.py:18)
2025-06-17 11:28:21 [   DEBUG] Connessione Redis stabilita con successo (redis.py:24)
-------------------------------- live log call --------------------------------
2025-06-17 11:28:21 [   DEBUG] Using proactor: IocpProactor (proactor_events.py:631)
2025-06-17 11:28:21 [    INFO] HTTP Request: POST http://testserver/api/v1/auth/register "HTTP/1.1 422 Unprocessable Entity" (_client.py:1025)
PASSED                                                                   [ 58%]
------------------------------ live log teardown ------------------------------
2025-06-17 11:28:21 [   DEBUG] Restored original Redis client (conftest_redis.py:29)
2025-06-17 11:28:21 [   DEBUG] get_session override cleared (conftest.py:275)
2025-06-17 11:28:21 [   DEBUG] Cleaning up test database session... (test_users.py:57)
2025-06-17 11:28:21 [    INFO] BEGIN (implicit) (base.py:2698)
2025-06-17 11:28:21 [    INFO] DROP SCHEMA public CASCADE (base.py:1842)
2025-06-17 11:28:21 [    INFO] [generated in 0.00556s] {} (base.py:1842)
2025-06-17 11:28:21 [   DEBUG] Query eseguita in 0.13 secondi: DROP SCHEMA public CASCADE (session.py:30)
2025-06-17 11:28:21 [    INFO] CREATE SCHEMA public (base.py:1842)
2025-06-17 11:28:21 [    INFO] [generated in 0.00317s] {} (base.py:1842)
2025-06-17 11:28:21 [   DEBUG] Query eseguita in 0.01 secondi: CREATE SCHEMA public (session.py:30)
2025-06-17 11:28:21 [    INFO] COMMIT (base.py:2704)
2025-06-17 11:28:21 [   DEBUG] Test database cleanup completed (test_users.py:63)
2025-06-17 11:28:21 [   DEBUG] Session fixture completed in 1.28 seconds (test_users.py:68)

tests/api/test_users.py::test_create_user_invalid_password[            ] 
------------------------------- live log setup --------------------------------
2025-06-17 11:28:21 [   DEBUG] Setting up test database session... (test_users.py:38)
2025-06-17 11:28:22 [    INFO] select pg_catalog.version() (base.py:1842)
2025-06-17 11:28:22 [    INFO] [raw sql] {} (base.py:1842)
2025-06-17 11:28:22 [    INFO] select current_schema() (base.py:1842)
2025-06-17 11:28:22 [    INFO] [raw sql] {} (base.py:1842)
2025-06-17 11:28:22 [    INFO] show standard_conforming_strings (base.py:1842)
2025-06-17 11:28:22 [    INFO] [raw sql] {} (base.py:1842)
2025-06-17 11:28:22 [    INFO] BEGIN (implicit) (base.py:2698)
2025-06-17 11:28:22 [    INFO] SELECT pg_catalog.pg_class.relname 
FROM pg_catalog.pg_class JOIN pg_catalog.pg_namespace ON pg_catalog.pg_namespace.oid = pg_catalog.pg_class.relnamespace 
WHERE pg_catalog.pg_class.relname = %(table_name)s AND pg_catalog.pg_class.relkind = ANY (ARRAY[%(param_1)s, %(param_2)s, %(param_3)s, %(param_4)s, %(param_5)s]) AND pg_catalog.pg_table_is_visible(pg_catalog.pg_class.oid) AND pg_catalog.pg_namespace.nspname != %(nspname_1)s (base.py:1842)
2025-06-17 11:28:22 [    INFO] [generated in 0.00207s] {'table_name': 'user', 'param_1': 'r', 'param_2': 'p', 'param_3': 'f', 'param_4': 'v', 'param_5': 'm', 'nspname_1': 'pg_catalog'} (base.py:1842)
2025-06-17 11:28:22 [   DEBUG] Query eseguita in 0.01 secondi: SELECT pg_catalog.pg_class.relname 
FROM pg_catalog.pg_class JOIN pg_catalog.pg_namespace ON pg_catalog.pg_namespace.oid = pg_catalog.pg_class.relnamespace 
WHERE pg_catalog.pg_class.relname = %(table_name)s AND pg_catalog.pg_class.relkind = ANY (ARRAY[%(param_1)s, %(param_2)s, %(param_3)s, %(param_4)s, %(param_5)s]) AND pg_catalog.pg_table_is_visible(pg_catalog.pg_class.oid) AND pg_catalog.pg_namespace.nspname != %(nspname_1)s (session.py:30)
2025-06-17 11:28:22 [    INFO] SELECT pg_catalog.pg_class.relname 
FROM pg_catalog.pg_class JOIN pg_catalog.pg_namespace ON pg_catalog.pg_namespace.oid = pg_catalog.pg_class.relnamespace 
WHERE pg_catalog.pg_class.relname = %(table_name)s AND pg_catalog.pg_class.relkind = ANY (ARRAY[%(param_1)s, %(param_2)s, %(param_3)s, %(param_4)s, %(param_5)s]) AND pg_catalog.pg_table_is_visible(pg_catalog.pg_class.oid) AND pg_catalog.pg_namespace.nspname != %(nspname_1)s (base.py:1842)
2025-06-17 11:28:22 [    INFO] [cached since 0.01828s ago] {'table_name': 'documents', 'param_1': 'r', 'param_2': 'p', 'param_3': 'f', 'param_4': 'v', 'param_5': 'm', 'nspname_1': 'pg_catalog'} (base.py:1842)
2025-06-17 11:28:22 [   DEBUG] Query eseguita in 0.01 secondi: SELECT pg_catalog.pg_class.relname 
FROM pg_catalog.pg_class JOIN pg_catalog.pg_namespace ON pg_catalog.pg_namespace.oid = pg_catalog.pg_class.relnamespace 
WHERE pg_catalog.pg_class.relname = %(table_name)s AND pg_catalog.pg_class.relkind = ANY (ARRAY[%(param_1)s, %(param_2)s, %(param_3)s, %(param_4)s, %(param_5)s]) AND pg_catalog.pg_table_is_visible(pg_catalog.pg_class.oid) AND pg_catalog.pg_namespace.nspname != %(nspname_1)s (session.py:30)
2025-06-17 11:28:22 [    INFO] SELECT pg_catalog.pg_class.relname 
FROM pg_catalog.pg_class JOIN pg_catalog.pg_namespace ON pg_catalog.pg_namespace.oid = pg_catalog.pg_class.relnamespace 
WHERE pg_catalog.pg_class.relname = %(table_name)s AND pg_catalog.pg_class.relkind = ANY (ARRAY[%(param_1)s, %(param_2)s, %(param_3)s, %(param_4)s, %(param_5)s]) AND pg_catalog.pg_table_is_visible(pg_catalog.pg_class.oid) AND pg_catalog.pg_namespace.nspname != %(nspname_1)s (base.py:1842)
2025-06-17 11:28:22 [    INFO] [cached since 0.02909s ago] {'table_name': 'document_versions', 'param_1': 'r', 'param_2': 'p', 'param_3': 'f', 'param_4': 'v', 'param_5': 'm', 'nspname_1': 'pg_catalog'} (base.py:1842)
2025-06-17 11:28:22 [   DEBUG] Query eseguita in 0.00 secondi: SELECT pg_catalog.pg_class.relname 
FROM pg_catalog.pg_class JOIN pg_catalog.pg_namespace ON pg_catalog.pg_namespace.oid = pg_catalog.pg_class.relnamespace 
WHERE pg_catalog.pg_class.relname = %(table_name)s AND pg_catalog.pg_class.relkind = ANY (ARRAY[%(param_1)s, %(param_2)s, %(param_3)s, %(param_4)s, %(param_5)s]) AND pg_catalog.pg_table_is_visible(pg_catalog.pg_class.oid) AND pg_catalog.pg_namespace.nspname != %(nspname_1)s (session.py:30)
2025-06-17 11:28:22 [    INFO] SELECT pg_catalog.pg_class.relname 
FROM pg_catalog.pg_class JOIN pg_catalog.pg_namespace ON pg_catalog.pg_namespace.oid = pg_catalog.pg_class.relnamespace 
WHERE pg_catalog.pg_class.relname = %(table_name)s AND pg_catalog.pg_class.relkind = ANY (ARRAY[%(param_1)s, %(param_2)s, %(param_3)s, %(param_4)s, %(param_5)s]) AND pg_catalog.pg_table_is_visible(pg_catalog.pg_class.oid) AND pg_catalog.pg_namespace.nspname != %(nspname_1)s (base.py:1842)
2025-06-17 11:28:22 [    INFO] [cached since 0.03636s ago] {'table_name': 'houses', 'param_1': 'r', 'param_2': 'p', 'param_3': 'f', 'param_4': 'v', 'param_5': 'm', 'nspname_1': 'pg_catalog'} (base.py:1842)
2025-06-17 11:28:22 [   DEBUG] Query eseguita in 0.01 secondi: SELECT pg_catalog.pg_class.relname 
FROM pg_catalog.pg_class JOIN pg_catalog.pg_namespace ON pg_catalog.pg_namespace.oid = pg_catalog.pg_class.relnamespace 
WHERE pg_catalog.pg_class.relname = %(table_name)s AND pg_catalog.pg_class.relkind = ANY (ARRAY[%(param_1)s, %(param_2)s, %(param_3)s, %(param_4)s, %(param_5)s]) AND pg_catalog.pg_table_is_visible(pg_catalog.pg_class.oid) AND pg_catalog.pg_namespace.nspname != %(nspname_1)s (session.py:30)
2025-06-17 11:28:22 [    INFO] SELECT pg_catalog.pg_class.relname 
FROM pg_catalog.pg_class JOIN pg_catalog.pg_namespace ON pg_catalog.pg_namespace.oid = pg_catalog.pg_class.relnamespace 
WHERE pg_catalog.pg_class.relname = %(table_name)s AND pg_catalog.pg_class.relkind = ANY (ARRAY[%(param_1)s, %(param_2)s, %(param_3)s, %(param_4)s, %(param_5)s]) AND pg_catalog.pg_table_is_visible(pg_catalog.pg_class.oid) AND pg_catalog.pg_namespace.nspname != %(nspname_1)s (base.py:1842)
2025-06-17 11:28:22 [    INFO] [cached since 0.04616s ago] {'table_name': 'nodes', 'param_1': 'r', 'param_2': 'p', 'param_3': 'f', 'param_4': 'v', 'param_5': 'm', 'nspname_1': 'pg_catalog'} (base.py:1842)
2025-06-17 11:28:22 [   DEBUG] Query eseguita in 0.01 secondi: SELECT pg_catalog.pg_class.relname 
FROM pg_catalog.pg_class JOIN pg_catalog.pg_namespace ON pg_catalog.pg_namespace.oid = pg_catalog.pg_class.relnamespace 
WHERE pg_catalog.pg_class.relname = %(table_name)s AND pg_catalog.pg_class.relkind = ANY (ARRAY[%(param_1)s, %(param_2)s, %(param_3)s, %(param_4)s, %(param_5)s]) AND pg_catalog.pg_table_is_visible(pg_catalog.pg_class.oid) AND pg_catalog.pg_namespace.nspname != %(nspname_1)s (session.py:30)
2025-06-17 11:28:22 [    INFO] SELECT pg_catalog.pg_class.relname 
FROM pg_catalog.pg_class JOIN pg_catalog.pg_namespace ON pg_catalog.pg_namespace.oid = pg_catalog.pg_class.relnamespace 
WHERE pg_catalog.pg_class.relname = %(table_name)s AND pg_catalog.pg_class.relkind = ANY (ARRAY[%(param_1)s, %(param_2)s, %(param_3)s, %(param_4)s, %(param_5)s]) AND pg_catalog.pg_table_is_visible(pg_catalog.pg_class.oid) AND pg_catalog.pg_namespace.nspname != %(nspname_1)s (base.py:1842)
2025-06-17 11:28:22 [    INFO] [cached since 0.0577s ago] {'table_name': 'rooms', 'param_1': 'r', 'param_2': 'p', 'param_3': 'f', 'param_4': 'v', 'param_5': 'm', 'nspname_1': 'pg_catalog'} (base.py:1842)
2025-06-17 11:28:22 [   DEBUG] Query eseguita in 0.01 secondi: SELECT pg_catalog.pg_class.relname 
FROM pg_catalog.pg_class JOIN pg_catalog.pg_namespace ON pg_catalog.pg_namespace.oid = pg_catalog.pg_class.relnamespace 
WHERE pg_catalog.pg_class.relname = %(table_name)s AND pg_catalog.pg_class.relkind = ANY (ARRAY[%(param_1)s, %(param_2)s, %(param_3)s, %(param_4)s, %(param_5)s]) AND pg_catalog.pg_table_is_visible(pg_catalog.pg_class.oid) AND pg_catalog.pg_namespace.nspname != %(nspname_1)s (session.py:30)
2025-06-17 11:28:22 [    INFO] SELECT pg_catalog.pg_class.relname 
FROM pg_catalog.pg_class JOIN pg_catalog.pg_namespace ON pg_catalog.pg_namespace.oid = pg_catalog.pg_class.relnamespace 
WHERE pg_catalog.pg_class.relname = %(table_name)s AND pg_catalog.pg_class.relkind = ANY (ARRAY[%(param_1)s, %(param_2)s, %(param_3)s, %(param_4)s, %(param_5)s]) AND pg_catalog.pg_table_is_visible(pg_catalog.pg_class.oid) AND pg_catalog.pg_namespace.nspname != %(nspname_1)s (base.py:1842)
2025-06-17 11:28:22 [    INFO] [cached since 0.06839s ago] {'table_name': 'bookings', 'param_1': 'r', 'param_2': 'p', 'param_3': 'f', 'param_4': 'v', 'param_5': 'm', 'nspname_1': 'pg_catalog'} (base.py:1842)
2025-06-17 11:28:22 [   DEBUG] Query eseguita in 0.01 secondi: SELECT pg_catalog.pg_class.relname 
FROM pg_catalog.pg_class JOIN pg_catalog.pg_namespace ON pg_catalog.pg_namespace.oid = pg_catalog.pg_class.relnamespace 
WHERE pg_catalog.pg_class.relname = %(table_name)s AND pg_catalog.pg_class.relkind = ANY (ARRAY[%(param_1)s, %(param_2)s, %(param_3)s, %(param_4)s, %(param_5)s]) AND pg_catalog.pg_table_is_visible(pg_catalog.pg_class.oid) AND pg_catalog.pg_namespace.nspname != %(nspname_1)s (session.py:30)
2025-06-17 11:28:22 [    INFO] SELECT pg_catalog.pg_class.relname 
FROM pg_catalog.pg_class JOIN pg_catalog.pg_namespace ON pg_catalog.pg_namespace.oid = pg_catalog.pg_class.relnamespace 
WHERE pg_catalog.pg_class.relname = %(table_name)s AND pg_catalog.pg_class.relkind = ANY (ARRAY[%(param_1)s, %(param_2)s, %(param_3)s, %(param_4)s, %(param_5)s]) AND pg_catalog.pg_table_is_visible(pg_catalog.pg_class.oid) AND pg_catalog.pg_namespace.nspname != %(nspname_1)s (base.py:1842)
2025-06-17 11:28:22 [    INFO] [cached since 0.07924s ago] {'table_name': 'maintenance_records', 'param_1': 'r', 'param_2': 'p', 'param_3': 'f', 'param_4': 'v', 'param_5': 'm', 'nspname_1': 'pg_catalog'} (base.py:1842)
2025-06-17 11:28:22 [   DEBUG] Query eseguita in 0.01 secondi: SELECT pg_catalog.pg_class.relname 
FROM pg_catalog.pg_class JOIN pg_catalog.pg_namespace ON pg_catalog.pg_namespace.oid = pg_catalog.pg_class.relnamespace 
WHERE pg_catalog.pg_class.relname = %(table_name)s AND pg_catalog.pg_class.relkind = ANY (ARRAY[%(param_1)s, %(param_2)s, %(param_3)s, %(param_4)s, %(param_5)s]) AND pg_catalog.pg_table_is_visible(pg_catalog.pg_class.oid) AND pg_catalog.pg_namespace.nspname != %(nspname_1)s (session.py:30)
2025-06-17 11:28:22 [    INFO] SELECT pg_catalog.pg_type.typname 
FROM pg_catalog.pg_type JOIN pg_catalog.pg_namespace ON pg_catalog.pg_namespace.oid = pg_catalog.pg_type.typnamespace 
WHERE pg_catalog.pg_type.typname = %(typname_1)s AND pg_catalog.pg_type_is_visible(pg_catalog.pg_type.oid) AND pg_catalog.pg_namespace.nspname != %(nspname_1)s (base.py:1842)
2025-06-17 11:28:22 [    INFO] [generated in 0.00097s] {'typname_1': 'maintenancetype', 'nspname_1': 'pg_catalog'} (base.py:1842)
2025-06-17 11:28:22 [   DEBUG] Query eseguita in 0.01 secondi: SELECT pg_catalog.pg_type.typname 
FROM pg_catalog.pg_type JOIN pg_catalog.pg_namespace ON pg_catalog.pg_namespace.oid = pg_catalog.pg_type.typnamespace 
WHERE pg_catalog.pg_type.typname = %(typname_1)s AND pg_catalog.pg_type_is_visible(pg_catalog.pg_type.oid) AND pg_catalog.pg_namespace.nspname != %(nspname_1)s (session.py:30)
2025-06-17 11:28:22 [    INFO] CREATE TYPE maintenancetype AS ENUM ('ROUTINE', 'PREVENTIVE', 'CORRECTIVE', 'EMERGENCY', 'INSPECTION') (base.py:1842)
2025-06-17 11:28:22 [    INFO] [no key 0.00206s] {} (base.py:1842)
2025-06-17 11:28:22 [   DEBUG] Query eseguita in 0.01 secondi: CREATE TYPE maintenancetype AS ENUM ('ROUTINE', 'PREVENTIVE', 'CORRECTIVE', 'EMERGENCY', 'INSPECTION') (session.py:30)
2025-06-17 11:28:22 [    INFO] SELECT pg_catalog.pg_type.typname 
FROM pg_catalog.pg_type JOIN pg_catalog.pg_namespace ON pg_catalog.pg_namespace.oid = pg_catalog.pg_type.typnamespace 
WHERE pg_catalog.pg_type.typname = %(typname_1)s AND pg_catalog.pg_type_is_visible(pg_catalog.pg_type.oid) AND pg_catalog.pg_namespace.nspname != %(nspname_1)s (base.py:1842)
2025-06-17 11:28:22 [    INFO] [cached since 0.02347s ago] {'typname_1': 'maintenancestatus', 'nspname_1': 'pg_catalog'} (base.py:1842)
2025-06-17 11:28:22 [   DEBUG] Query eseguita in 0.01 secondi: SELECT pg_catalog.pg_type.typname 
FROM pg_catalog.pg_type JOIN pg_catalog.pg_namespace ON pg_catalog.pg_namespace.oid = pg_catalog.pg_type.typnamespace 
WHERE pg_catalog.pg_type.typname = %(typname_1)s AND pg_catalog.pg_type_is_visible(pg_catalog.pg_type.oid) AND pg_catalog.pg_namespace.nspname != %(nspname_1)s (session.py:30)
2025-06-17 11:28:22 [    INFO] CREATE TYPE maintenancestatus AS ENUM ('PENDING', 'COMPLETED', 'FAILED') (base.py:1842)
2025-06-17 11:28:22 [    INFO] [no key 0.00078s] {} (base.py:1842)
2025-06-17 11:28:22 [   DEBUG] Query eseguita in 0.00 secondi: CREATE TYPE maintenancestatus AS ENUM ('PENDING', 'COMPLETED', 'FAILED') (session.py:30)
2025-06-17 11:28:22 [    INFO] 
CREATE TABLE "user" (
	id SERIAL NOT NULL, 
	email VARCHAR NOT NULL, 
	username VARCHAR NOT NULL, 
	hashed_password VARCHAR NOT NULL, 
	is_active BOOLEAN NOT NULL, 
	is_superuser BOOLEAN NOT NULL, 
	is_verified BOOLEAN NOT NULL, 
	created_at TIMESTAMP WITHOUT TIME ZONE NOT NULL, 
	updated_at TIMESTAMP WITHOUT TIME ZONE NOT NULL, 
	last_login TIMESTAMP WITH TIME ZONE, 
	full_name VARCHAR(255), 
	phone_number VARCHAR(20), 
	PRIMARY KEY (id)
)

 (base.py:1842)
2025-06-17 11:28:22 [    INFO] [no key 0.00110s] {} (base.py:1842)
2025-06-17 11:28:22 [   DEBUG] Query eseguita in 0.03 secondi: 
CREATE TABLE "user" (
	id SERIAL NOT NULL, 
	email VARCHAR NOT NULL, 
	username VARCHAR NOT NULL, 
	hashed_password VARCHAR NOT NULL, 
	is_active BOOLEAN NOT NULL, 
	is_superuser BOOLEAN NOT NULL, 
	is_verified BOOLEAN NOT NULL, 
	created_at TIMESTAMP WITHOUT TIME ZONE NOT NULL, 
	updated_at TIMESTAMP WITHOUT TIME ZONE NOT NULL, 
	last_login TIMESTAMP WITH TIME ZONE, 
	full_name VARCHAR(255), 
	phone_number VARCHAR(20), 
	PRIMARY KEY (id)
)

 (session.py:30)
2025-06-17 11:28:22 [    INFO] CREATE UNIQUE INDEX ix_user_email ON "user" (email) (base.py:1842)
2025-06-17 11:28:22 [    INFO] [no key 0.00085s] {} (base.py:1842)
2025-06-17 11:28:22 [   DEBUG] Query eseguita in 0.01 secondi: CREATE UNIQUE INDEX ix_user_email ON "user" (email) (session.py:30)
2025-06-17 11:28:22 [    INFO] CREATE UNIQUE INDEX ix_user_username ON "user" (username) (base.py:1842)
2025-06-17 11:28:22 [    INFO] [no key 0.00066s] {} (base.py:1842)
2025-06-17 11:28:22 [   DEBUG] Query eseguita in 0.01 secondi: CREATE UNIQUE INDEX ix_user_username ON "user" (username) (session.py:30)
2025-06-17 11:28:22 [    INFO] 
CREATE TABLE houses (
	id SERIAL NOT NULL, 
	name VARCHAR NOT NULL, 
	address VARCHAR NOT NULL, 
	owner_id INTEGER NOT NULL, 
	created_at TIMESTAMP WITHOUT TIME ZONE NOT NULL, 
	updated_at TIMESTAMP WITHOUT TIME ZONE NOT NULL, 
	PRIMARY KEY (id), 
	FOREIGN KEY(owner_id) REFERENCES "user" (id)
)

 (base.py:1842)
2025-06-17 11:28:22 [    INFO] [no key 0.00095s] {} (base.py:1842)
2025-06-17 11:28:22 [   DEBUG] Query eseguita in 0.03 secondi: 
CREATE TABLE houses (
	id SERIAL NOT NULL, 
	name VARCHAR NOT NULL, 
	address VARCHAR NOT NULL, 
	owner_id INTEGER NOT NULL, 
	created_at TIMESTAMP WITHOUT TIME ZONE NOT NULL, 
	updated_at TIMESTAMP WITHOUT TIME ZONE NOT NULL, 
	PRIMARY KEY (id), 
	FOREIGN KEY(owner_id) REFERENCES "user" (id)
)

 (session.py:30)
2025-06-17 11:28:22 [    INFO] CREATE INDEX ix_houses_name ON houses (name) (base.py:1842)
2025-06-17 11:28:22 [    INFO] [no key 0.00341s] {} (base.py:1842)
2025-06-17 11:28:22 [   DEBUG] Query eseguita in 0.01 secondi: CREATE INDEX ix_houses_name ON houses (name) (session.py:30)
2025-06-17 11:28:22 [    INFO] 
CREATE TABLE rooms (
	id SERIAL NOT NULL, 
	name VARCHAR NOT NULL, 
	description VARCHAR, 
	floor INTEGER NOT NULL, 
	area FLOAT NOT NULL, 
	house_id INTEGER NOT NULL, 
	created_at TIMESTAMP WITHOUT TIME ZONE NOT NULL, 
	updated_at TIMESTAMP WITHOUT TIME ZONE NOT NULL, 
	PRIMARY KEY (id), 
	FOREIGN KEY(house_id) REFERENCES houses (id)
)

 (base.py:1842)
2025-06-17 11:28:22 [    INFO] [no key 0.00283s] {} (base.py:1842)
2025-06-17 11:28:22 [   DEBUG] Query eseguita in 0.03 secondi: 
CREATE TABLE rooms (
	id SERIAL NOT NULL, 
	name VARCHAR NOT NULL, 
	description VARCHAR, 
	floor INTEGER NOT NULL, 
	area FLOAT NOT NULL, 
	house_id INTEGER NOT NULL, 
	created_at TIMESTAMP WITHOUT TIME ZONE NOT NULL, 
	updated_at TIMESTAMP WITHOUT TIME ZONE NOT NULL, 
	PRIMARY KEY (id), 
	FOREIGN KEY(house_id) REFERENCES houses (id)
)

 (session.py:30)
2025-06-17 11:28:22 [    INFO] CREATE INDEX ix_rooms_name ON rooms (name) (base.py:1842)
2025-06-17 11:28:22 [    INFO] [no key 0.00217s] {} (base.py:1842)
2025-06-17 11:28:22 [   DEBUG] Query eseguita in 0.01 secondi: CREATE INDEX ix_rooms_name ON rooms (name) (session.py:30)
2025-06-17 11:28:22 [    INFO] 
CREATE TABLE nodes (
	id SERIAL NOT NULL, 
	name VARCHAR NOT NULL, 
	description VARCHAR, 
	nfc_id VARCHAR NOT NULL, 
	house_id INTEGER NOT NULL, 
	room_id INTEGER, 
	PRIMARY KEY (id), 
	FOREIGN KEY(house_id) REFERENCES houses (id), 
	FOREIGN KEY(room_id) REFERENCES rooms (id)
)

 (base.py:1842)
2025-06-17 11:28:22 [    INFO] [no key 0.00192s] {} (base.py:1842)
2025-06-17 11:28:22 [   DEBUG] Query eseguita in 0.03 secondi: 
CREATE TABLE nodes (
	id SERIAL NOT NULL, 
	name VARCHAR NOT NULL, 
	description VARCHAR, 
	nfc_id VARCHAR NOT NULL, 
	house_id INTEGER NOT NULL, 
	room_id INTEGER, 
	PRIMARY KEY (id), 
	FOREIGN KEY(house_id) REFERENCES houses (id), 
	FOREIGN KEY(room_id) REFERENCES rooms (id)
)

 (session.py:30)
2025-06-17 11:28:22 [    INFO] CREATE UNIQUE INDEX ix_nodes_nfc_id ON nodes (nfc_id) (base.py:1842)
2025-06-17 11:28:22 [    INFO] [no key 0.00303s] {} (base.py:1842)
2025-06-17 11:28:22 [   DEBUG] Query eseguita in 0.01 secondi: CREATE UNIQUE INDEX ix_nodes_nfc_id ON nodes (nfc_id) (session.py:30)
2025-06-17 11:28:22 [    INFO] 
CREATE TABLE bookings (
	id SERIAL NOT NULL, 
	room_id INTEGER NOT NULL, 
	user_id INTEGER NOT NULL, 
	start_time TIMESTAMP WITHOUT TIME ZONE NOT NULL, 
	end_time TIMESTAMP WITHOUT TIME ZONE NOT NULL, 
	status VARCHAR NOT NULL, 
	notes VARCHAR, 
	created_at TIMESTAMP WITHOUT TIME ZONE NOT NULL, 
	updated_at TIMESTAMP WITHOUT TIME ZONE NOT NULL, 
	PRIMARY KEY (id), 
	FOREIGN KEY(room_id) REFERENCES rooms (id), 
	FOREIGN KEY(user_id) REFERENCES "user" (id)
)

 (base.py:1842)
2025-06-17 11:28:22 [    INFO] [no key 0.00100s] {} (base.py:1842)
2025-06-17 11:28:22 [   DEBUG] Query eseguita in 0.04 secondi: 
CREATE TABLE bookings (
	id SERIAL NOT NULL, 
	room_id INTEGER NOT NULL, 
	user_id INTEGER NOT NULL, 
	start_time TIMESTAMP WITHOUT TIME ZONE NOT NULL, 
	end_time TIMESTAMP WITHOUT TIME ZONE NOT NULL, 
	status VARCHAR NOT NULL, 
	notes VARCHAR, 
	created_at TIMESTAMP WITHOUT TIME ZONE NOT NULL, 
	updated_at TIMESTAMP WITHOUT TIME ZONE NOT NULL, 
	PRIMARY KEY (id), 
	FOREIGN KEY(room_id) REFERENCES rooms (id), 
	FOREIGN KEY(user_id) REFERENCES "user" (id)
)

 (session.py:30)
2025-06-17 11:28:22 [    INFO] 
CREATE TABLE documents (
	id SERIAL NOT NULL, 
	created_at TIMESTAMP WITHOUT TIME ZONE NOT NULL, 
	updated_at TIMESTAMP WITHOUT TIME ZONE NOT NULL, 
	owner_id INTEGER NOT NULL, 
	name VARCHAR NOT NULL, 
	type VARCHAR NOT NULL, 
	size INTEGER NOT NULL, 
	upload_date TIMESTAMP WITHOUT TIME ZONE NOT NULL, 
	path VARCHAR NOT NULL, 
	checksum VARCHAR NOT NULL, 
	house_id INTEGER, 
	node_id INTEGER, 
	description VARCHAR, 
	PRIMARY KEY (id), 
	FOREIGN KEY(owner_id) REFERENCES "user" (id), 
	FOREIGN KEY(house_id) REFERENCES houses (id), 
	FOREIGN KEY(node_id) REFERENCES nodes (id)
)

 (base.py:1842)
2025-06-17 11:28:22 [    INFO] [no key 0.00159s] {} (base.py:1842)
2025-06-17 11:28:22 [   DEBUG] Query eseguita in 0.04 secondi: 
CREATE TABLE documents (
	id SERIAL NOT NULL, 
	created_at TIMESTAMP WITHOUT TIME ZONE NOT NULL, 
	updated_at TIMESTAMP WITHOUT TIME ZONE NOT NULL, 
	owner_id INTEGER NOT NULL, 
	name VARCHAR NOT NULL, 
	type VARCHAR NOT NULL, 
	size INTEGER NOT NULL, 
	upload_date TIMESTAMP WITHOUT TIME ZONE NOT NULL, 
	path VARCHAR NOT NULL, 
	checksum VARCHAR NOT NULL, 
	house_id INTEGER, 
	node_id INTEGER, 
	description VARCHAR, 
	PRIMARY KEY (id), 
	FOREIGN KEY(owner_id) REFERENCES "user" (id), 
	FOREIGN KEY(house_id) REFERENCES houses (id), 
	FOREIGN KEY(node_id) REFERENCES nodes (id)
)

 (session.py:30)
2025-06-17 11:28:22 [    INFO] CREATE INDEX ix_documents_owner_id ON documents (owner_id) (base.py:1842)
2025-06-17 11:28:22 [    INFO] [no key 0.00067s] {} (base.py:1842)
2025-06-17 11:28:23 [   DEBUG] Query eseguita in 0.01 secondi: CREATE INDEX ix_documents_owner_id ON documents (owner_id) (session.py:30)
2025-06-17 11:28:23 [    INFO] 
CREATE TABLE document_versions (
	id SERIAL NOT NULL, 
	version_number INTEGER NOT NULL, 
	file_path VARCHAR NOT NULL, 
	file_size INTEGER NOT NULL, 
	checksum VARCHAR NOT NULL, 
	created_at TIMESTAMP WITHOUT TIME ZONE NOT NULL, 
	updated_at TIMESTAMP WITHOUT TIME ZONE NOT NULL, 
	document_id INTEGER NOT NULL, 
	created_by_id INTEGER, 
	PRIMARY KEY (id), 
	FOREIGN KEY(document_id) REFERENCES documents (id), 
	FOREIGN KEY(created_by_id) REFERENCES "user" (id)
)

 (base.py:1842)
2025-06-17 11:28:23 [    INFO] [no key 0.00090s] {} (base.py:1842)
2025-06-17 11:28:23 [   DEBUG] Query eseguita in 0.04 secondi: 
CREATE TABLE document_versions (
	id SERIAL NOT NULL, 
	version_number INTEGER NOT NULL, 
	file_path VARCHAR NOT NULL, 
	file_size INTEGER NOT NULL, 
	checksum VARCHAR NOT NULL, 
	created_at TIMESTAMP WITHOUT TIME ZONE NOT NULL, 
	updated_at TIMESTAMP WITHOUT TIME ZONE NOT NULL, 
	document_id INTEGER NOT NULL, 
	created_by_id INTEGER, 
	PRIMARY KEY (id), 
	FOREIGN KEY(document_id) REFERENCES documents (id), 
	FOREIGN KEY(created_by_id) REFERENCES "user" (id)
)

 (session.py:30)
2025-06-17 11:28:23 [    INFO] CREATE INDEX ix_document_versions_version_number ON document_versions (version_number) (base.py:1842)
2025-06-17 11:28:23 [    INFO] [no key 0.00144s] {} (base.py:1842)
2025-06-17 11:28:23 [   DEBUG] Query eseguita in 0.01 secondi: CREATE INDEX ix_document_versions_version_number ON document_versions (version_number) (session.py:30)
2025-06-17 11:28:23 [    INFO] CREATE INDEX ix_document_versions_created_by_id ON document_versions (created_by_id) (base.py:1842)
2025-06-17 11:28:23 [    INFO] [no key 0.00219s] {} (base.py:1842)
2025-06-17 11:28:23 [   DEBUG] Query eseguita in 0.01 secondi: CREATE INDEX ix_document_versions_created_by_id ON document_versions (created_by_id) (session.py:30)
2025-06-17 11:28:23 [    INFO] CREATE INDEX ix_document_versions_document_id ON document_versions (document_id) (base.py:1842)
2025-06-17 11:28:23 [    INFO] [no key 0.00055s] {} (base.py:1842)
2025-06-17 11:28:23 [   DEBUG] Query eseguita in 0.01 secondi: CREATE INDEX ix_document_versions_document_id ON document_versions (document_id) (session.py:30)
2025-06-17 11:28:23 [    INFO] 
CREATE TABLE maintenance_records (
	id SERIAL NOT NULL, 
	node_id INTEGER NOT NULL, 
	timestamp TIMESTAMP WITHOUT TIME ZONE NOT NULL, 
	maintenance_type maintenancetype NOT NULL, 
	description VARCHAR NOT NULL, 
	status maintenancestatus NOT NULL, 
	notes VARCHAR, 
	document_id INTEGER, 
	PRIMARY KEY (id), 
	FOREIGN KEY(node_id) REFERENCES nodes (id), 
	FOREIGN KEY(document_id) REFERENCES documents (id)
)

 (base.py:1842)
2025-06-17 11:28:23 [    INFO] [no key 0.00072s] {} (base.py:1842)
2025-06-17 11:28:23 [   DEBUG] Query eseguita in 0.03 secondi: 
CREATE TABLE maintenance_records (
	id SERIAL NOT NULL, 
	node_id INTEGER NOT NULL, 
	timestamp TIMESTAMP WITHOUT TIME ZONE NOT NULL, 
	maintenance_type maintenancetype NOT NULL, 
	description VARCHAR NOT NULL, 
	status maintenancestatus NOT NULL, 
	notes VARCHAR, 
	document_id INTEGER, 
	PRIMARY KEY (id), 
	FOREIGN KEY(node_id) REFERENCES nodes (id), 
	FOREIGN KEY(document_id) REFERENCES documents (id)
)

 (session.py:30)
2025-06-17 11:28:23 [    INFO] CREATE INDEX ix_maintenance_records_node_id ON maintenance_records (node_id) (base.py:1842)
2025-06-17 11:28:23 [    INFO] [no key 0.00087s] {} (base.py:1842)
2025-06-17 11:28:23 [   DEBUG] Query eseguita in 0.01 secondi: CREATE INDEX ix_maintenance_records_node_id ON maintenance_records (node_id) (session.py:30)
2025-06-17 11:28:23 [    INFO] COMMIT (base.py:2704)
2025-06-17 11:28:23 [   DEBUG] Test database tables created successfully (test_users.py:52)
2025-06-17 11:28:23 [   DEBUG] Test database session created successfully (test_users.py:55)
2025-06-17 11:28:23 [   DEBUG] Overriding get_session for tests... (conftest.py:269)
2025-06-17 11:28:23 [   DEBUG] Setting up FakeRedis for tests... (conftest_redis.py:18)
2025-06-17 11:28:23 [   DEBUG] Connessione Redis stabilita con successo (redis.py:24)
-------------------------------- live log call --------------------------------
2025-06-17 11:28:23 [   DEBUG] Using proactor: IocpProactor (proactor_events.py:631)
2025-06-17 11:28:23 [    INFO] HTTP Request: POST http://testserver/api/v1/auth/register "HTTP/1.1 422 Unprocessable Entity" (_client.py:1025)
PASSED                                                                   [ 60%]
------------------------------ live log teardown ------------------------------
2025-06-17 11:28:23 [   DEBUG] Restored original Redis client (conftest_redis.py:29)
2025-06-17 11:28:23 [   DEBUG] get_session override cleared (conftest.py:275)
2025-06-17 11:28:23 [   DEBUG] Cleaning up test database session... (test_users.py:57)
2025-06-17 11:28:23 [    INFO] BEGIN (implicit) (base.py:2698)
2025-06-17 11:28:23 [    INFO] DROP SCHEMA public CASCADE (base.py:1842)
2025-06-17 11:28:23 [    INFO] [generated in 0.00626s] {} (base.py:1842)
2025-06-17 11:28:23 [   DEBUG] Query eseguita in 0.13 secondi: DROP SCHEMA public CASCADE (session.py:30)
2025-06-17 11:28:23 [    INFO] CREATE SCHEMA public (base.py:1842)
2025-06-17 11:28:23 [    INFO] [generated in 0.00178s] {} (base.py:1842)
2025-06-17 11:28:23 [   DEBUG] Query eseguita in 0.00 secondi: CREATE SCHEMA public (session.py:30)
2025-06-17 11:28:23 [    INFO] COMMIT (base.py:2704)
2025-06-17 11:28:23 [   DEBUG] Test database cleanup completed (test_users.py:63)
2025-06-17 11:28:23 [   DEBUG] Session fixture completed in 1.51 seconds (test_users.py:68)

tests/api/test_users.py::test_create_user_invalid_password[pass word] 
------------------------------- live log setup --------------------------------
2025-06-17 11:28:23 [   DEBUG] Setting up test database session... (test_users.py:38)
2025-06-17 11:28:23 [    INFO] select pg_catalog.version() (base.py:1842)
2025-06-17 11:28:23 [    INFO] [raw sql] {} (base.py:1842)
2025-06-17 11:28:23 [    INFO] select current_schema() (base.py:1842)
2025-06-17 11:28:24 [    INFO] [raw sql] {} (base.py:1842)
2025-06-17 11:28:24 [    INFO] show standard_conforming_strings (base.py:1842)
2025-06-17 11:28:24 [    INFO] [raw sql] {} (base.py:1842)
2025-06-17 11:28:24 [    INFO] BEGIN (implicit) (base.py:2698)
2025-06-17 11:28:24 [    INFO] SELECT pg_catalog.pg_class.relname 
FROM pg_catalog.pg_class JOIN pg_catalog.pg_namespace ON pg_catalog.pg_namespace.oid = pg_catalog.pg_class.relnamespace 
WHERE pg_catalog.pg_class.relname = %(table_name)s AND pg_catalog.pg_class.relkind = ANY (ARRAY[%(param_1)s, %(param_2)s, %(param_3)s, %(param_4)s, %(param_5)s]) AND pg_catalog.pg_table_is_visible(pg_catalog.pg_class.oid) AND pg_catalog.pg_namespace.nspname != %(nspname_1)s (base.py:1842)
2025-06-17 11:28:24 [    INFO] [generated in 0.00365s] {'table_name': 'user', 'param_1': 'r', 'param_2': 'p', 'param_3': 'f', 'param_4': 'v', 'param_5': 'm', 'nspname_1': 'pg_catalog'} (base.py:1842)
2025-06-17 11:28:24 [   DEBUG] Query eseguita in 0.01 secondi: SELECT pg_catalog.pg_class.relname 
FROM pg_catalog.pg_class JOIN pg_catalog.pg_namespace ON pg_catalog.pg_namespace.oid = pg_catalog.pg_class.relnamespace 
WHERE pg_catalog.pg_class.relname = %(table_name)s AND pg_catalog.pg_class.relkind = ANY (ARRAY[%(param_1)s, %(param_2)s, %(param_3)s, %(param_4)s, %(param_5)s]) AND pg_catalog.pg_table_is_visible(pg_catalog.pg_class.oid) AND pg_catalog.pg_namespace.nspname != %(nspname_1)s (session.py:30)
2025-06-17 11:28:24 [    INFO] SELECT pg_catalog.pg_class.relname 
FROM pg_catalog.pg_class JOIN pg_catalog.pg_namespace ON pg_catalog.pg_namespace.oid = pg_catalog.pg_class.relnamespace 
WHERE pg_catalog.pg_class.relname = %(table_name)s AND pg_catalog.pg_class.relkind = ANY (ARRAY[%(param_1)s, %(param_2)s, %(param_3)s, %(param_4)s, %(param_5)s]) AND pg_catalog.pg_table_is_visible(pg_catalog.pg_class.oid) AND pg_catalog.pg_namespace.nspname != %(nspname_1)s (base.py:1842)
2025-06-17 11:28:24 [    INFO] [cached since 0.02089s ago] {'table_name': 'documents', 'param_1': 'r', 'param_2': 'p', 'param_3': 'f', 'param_4': 'v', 'param_5': 'm', 'nspname_1': 'pg_catalog'} (base.py:1842)
2025-06-17 11:28:24 [   DEBUG] Query eseguita in 0.01 secondi: SELECT pg_catalog.pg_class.relname 
FROM pg_catalog.pg_class JOIN pg_catalog.pg_namespace ON pg_catalog.pg_namespace.oid = pg_catalog.pg_class.relnamespace 
WHERE pg_catalog.pg_class.relname = %(table_name)s AND pg_catalog.pg_class.relkind = ANY (ARRAY[%(param_1)s, %(param_2)s, %(param_3)s, %(param_4)s, %(param_5)s]) AND pg_catalog.pg_table_is_visible(pg_catalog.pg_class.oid) AND pg_catalog.pg_namespace.nspname != %(nspname_1)s (session.py:30)
2025-06-17 11:28:24 [    INFO] SELECT pg_catalog.pg_class.relname 
FROM pg_catalog.pg_class JOIN pg_catalog.pg_namespace ON pg_catalog.pg_namespace.oid = pg_catalog.pg_class.relnamespace 
WHERE pg_catalog.pg_class.relname = %(table_name)s AND pg_catalog.pg_class.relkind = ANY (ARRAY[%(param_1)s, %(param_2)s, %(param_3)s, %(param_4)s, %(param_5)s]) AND pg_catalog.pg_table_is_visible(pg_catalog.pg_class.oid) AND pg_catalog.pg_namespace.nspname != %(nspname_1)s (base.py:1842)
2025-06-17 11:28:24 [    INFO] [cached since 0.02995s ago] {'table_name': 'document_versions', 'param_1': 'r', 'param_2': 'p', 'param_3': 'f', 'param_4': 'v', 'param_5': 'm', 'nspname_1': 'pg_catalog'} (base.py:1842)
2025-06-17 11:28:24 [   DEBUG] Query eseguita in 0.01 secondi: SELECT pg_catalog.pg_class.relname 
FROM pg_catalog.pg_class JOIN pg_catalog.pg_namespace ON pg_catalog.pg_namespace.oid = pg_catalog.pg_class.relnamespace 
WHERE pg_catalog.pg_class.relname = %(table_name)s AND pg_catalog.pg_class.relkind = ANY (ARRAY[%(param_1)s, %(param_2)s, %(param_3)s, %(param_4)s, %(param_5)s]) AND pg_catalog.pg_table_is_visible(pg_catalog.pg_class.oid) AND pg_catalog.pg_namespace.nspname != %(nspname_1)s (session.py:30)
2025-06-17 11:28:24 [    INFO] SELECT pg_catalog.pg_class.relname 
FROM pg_catalog.pg_class JOIN pg_catalog.pg_namespace ON pg_catalog.pg_namespace.oid = pg_catalog.pg_class.relnamespace 
WHERE pg_catalog.pg_class.relname = %(table_name)s AND pg_catalog.pg_class.relkind = ANY (ARRAY[%(param_1)s, %(param_2)s, %(param_3)s, %(param_4)s, %(param_5)s]) AND pg_catalog.pg_table_is_visible(pg_catalog.pg_class.oid) AND pg_catalog.pg_namespace.nspname != %(nspname_1)s (base.py:1842)
2025-06-17 11:28:24 [    INFO] [cached since 0.04185s ago] {'table_name': 'houses', 'param_1': 'r', 'param_2': 'p', 'param_3': 'f', 'param_4': 'v', 'param_5': 'm', 'nspname_1': 'pg_catalog'} (base.py:1842)
2025-06-17 11:28:24 [   DEBUG] Query eseguita in 0.00 secondi: SELECT pg_catalog.pg_class.relname 
FROM pg_catalog.pg_class JOIN pg_catalog.pg_namespace ON pg_catalog.pg_namespace.oid = pg_catalog.pg_class.relnamespace 
WHERE pg_catalog.pg_class.relname = %(table_name)s AND pg_catalog.pg_class.relkind = ANY (ARRAY[%(param_1)s, %(param_2)s, %(param_3)s, %(param_4)s, %(param_5)s]) AND pg_catalog.pg_table_is_visible(pg_catalog.pg_class.oid) AND pg_catalog.pg_namespace.nspname != %(nspname_1)s (session.py:30)
2025-06-17 11:28:24 [    INFO] SELECT pg_catalog.pg_class.relname 
FROM pg_catalog.pg_class JOIN pg_catalog.pg_namespace ON pg_catalog.pg_namespace.oid = pg_catalog.pg_class.relnamespace 
WHERE pg_catalog.pg_class.relname = %(table_name)s AND pg_catalog.pg_class.relkind = ANY (ARRAY[%(param_1)s, %(param_2)s, %(param_3)s, %(param_4)s, %(param_5)s]) AND pg_catalog.pg_table_is_visible(pg_catalog.pg_class.oid) AND pg_catalog.pg_namespace.nspname != %(nspname_1)s (base.py:1842)
2025-06-17 11:28:24 [    INFO] [cached since 0.04858s ago] {'table_name': 'nodes', 'param_1': 'r', 'param_2': 'p', 'param_3': 'f', 'param_4': 'v', 'param_5': 'm', 'nspname_1': 'pg_catalog'} (base.py:1842)
2025-06-17 11:28:24 [   DEBUG] Query eseguita in 0.01 secondi: SELECT pg_catalog.pg_class.relname 
FROM pg_catalog.pg_class JOIN pg_catalog.pg_namespace ON pg_catalog.pg_namespace.oid = pg_catalog.pg_class.relnamespace 
WHERE pg_catalog.pg_class.relname = %(table_name)s AND pg_catalog.pg_class.relkind = ANY (ARRAY[%(param_1)s, %(param_2)s, %(param_3)s, %(param_4)s, %(param_5)s]) AND pg_catalog.pg_table_is_visible(pg_catalog.pg_class.oid) AND pg_catalog.pg_namespace.nspname != %(nspname_1)s (session.py:30)
2025-06-17 11:28:24 [    INFO] SELECT pg_catalog.pg_class.relname 
FROM pg_catalog.pg_class JOIN pg_catalog.pg_namespace ON pg_catalog.pg_namespace.oid = pg_catalog.pg_class.relnamespace 
WHERE pg_catalog.pg_class.relname = %(table_name)s AND pg_catalog.pg_class.relkind = ANY (ARRAY[%(param_1)s, %(param_2)s, %(param_3)s, %(param_4)s, %(param_5)s]) AND pg_catalog.pg_table_is_visible(pg_catalog.pg_class.oid) AND pg_catalog.pg_namespace.nspname != %(nspname_1)s (base.py:1842)
2025-06-17 11:28:24 [    INFO] [cached since 0.05934s ago] {'table_name': 'rooms', 'param_1': 'r', 'param_2': 'p', 'param_3': 'f', 'param_4': 'v', 'param_5': 'm', 'nspname_1': 'pg_catalog'} (base.py:1842)
2025-06-17 11:28:24 [   DEBUG] Query eseguita in 0.00 secondi: SELECT pg_catalog.pg_class.relname 
FROM pg_catalog.pg_class JOIN pg_catalog.pg_namespace ON pg_catalog.pg_namespace.oid = pg_catalog.pg_class.relnamespace 
WHERE pg_catalog.pg_class.relname = %(table_name)s AND pg_catalog.pg_class.relkind = ANY (ARRAY[%(param_1)s, %(param_2)s, %(param_3)s, %(param_4)s, %(param_5)s]) AND pg_catalog.pg_table_is_visible(pg_catalog.pg_class.oid) AND pg_catalog.pg_namespace.nspname != %(nspname_1)s (session.py:30)
2025-06-17 11:28:24 [    INFO] SELECT pg_catalog.pg_class.relname 
FROM pg_catalog.pg_class JOIN pg_catalog.pg_namespace ON pg_catalog.pg_namespace.oid = pg_catalog.pg_class.relnamespace 
WHERE pg_catalog.pg_class.relname = %(table_name)s AND pg_catalog.pg_class.relkind = ANY (ARRAY[%(param_1)s, %(param_2)s, %(param_3)s, %(param_4)s, %(param_5)s]) AND pg_catalog.pg_table_is_visible(pg_catalog.pg_class.oid) AND pg_catalog.pg_namespace.nspname != %(nspname_1)s (base.py:1842)
2025-06-17 11:28:24 [    INFO] [cached since 0.07016s ago] {'table_name': 'bookings', 'param_1': 'r', 'param_2': 'p', 'param_3': 'f', 'param_4': 'v', 'param_5': 'm', 'nspname_1': 'pg_catalog'} (base.py:1842)
2025-06-17 11:28:24 [   DEBUG] Query eseguita in 0.01 secondi: SELECT pg_catalog.pg_class.relname 
FROM pg_catalog.pg_class JOIN pg_catalog.pg_namespace ON pg_catalog.pg_namespace.oid = pg_catalog.pg_class.relnamespace 
WHERE pg_catalog.pg_class.relname = %(table_name)s AND pg_catalog.pg_class.relkind = ANY (ARRAY[%(param_1)s, %(param_2)s, %(param_3)s, %(param_4)s, %(param_5)s]) AND pg_catalog.pg_table_is_visible(pg_catalog.pg_class.oid) AND pg_catalog.pg_namespace.nspname != %(nspname_1)s (session.py:30)
2025-06-17 11:28:24 [    INFO] SELECT pg_catalog.pg_class.relname 
FROM pg_catalog.pg_class JOIN pg_catalog.pg_namespace ON pg_catalog.pg_namespace.oid = pg_catalog.pg_class.relnamespace 
WHERE pg_catalog.pg_class.relname = %(table_name)s AND pg_catalog.pg_class.relkind = ANY (ARRAY[%(param_1)s, %(param_2)s, %(param_3)s, %(param_4)s, %(param_5)s]) AND pg_catalog.pg_table_is_visible(pg_catalog.pg_class.oid) AND pg_catalog.pg_namespace.nspname != %(nspname_1)s (base.py:1842)
2025-06-17 11:28:24 [    INFO] [cached since 0.0779s ago] {'table_name': 'maintenance_records', 'param_1': 'r', 'param_2': 'p', 'param_3': 'f', 'param_4': 'v', 'param_5': 'm', 'nspname_1': 'pg_catalog'} (base.py:1842)
2025-06-17 11:28:24 [   DEBUG] Query eseguita in 0.01 secondi: SELECT pg_catalog.pg_class.relname 
FROM pg_catalog.pg_class JOIN pg_catalog.pg_namespace ON pg_catalog.pg_namespace.oid = pg_catalog.pg_class.relnamespace 
WHERE pg_catalog.pg_class.relname = %(table_name)s AND pg_catalog.pg_class.relkind = ANY (ARRAY[%(param_1)s, %(param_2)s, %(param_3)s, %(param_4)s, %(param_5)s]) AND pg_catalog.pg_table_is_visible(pg_catalog.pg_class.oid) AND pg_catalog.pg_namespace.nspname != %(nspname_1)s (session.py:30)
2025-06-17 11:28:24 [    INFO] SELECT pg_catalog.pg_type.typname 
FROM pg_catalog.pg_type JOIN pg_catalog.pg_namespace ON pg_catalog.pg_namespace.oid = pg_catalog.pg_type.typnamespace 
WHERE pg_catalog.pg_type.typname = %(typname_1)s AND pg_catalog.pg_type_is_visible(pg_catalog.pg_type.oid) AND pg_catalog.pg_namespace.nspname != %(nspname_1)s (base.py:1842)
2025-06-17 11:28:24 [    INFO] [generated in 0.00112s] {'typname_1': 'maintenancetype', 'nspname_1': 'pg_catalog'} (base.py:1842)
2025-06-17 11:28:24 [   DEBUG] Query eseguita in 0.01 secondi: SELECT pg_catalog.pg_type.typname 
FROM pg_catalog.pg_type JOIN pg_catalog.pg_namespace ON pg_catalog.pg_namespace.oid = pg_catalog.pg_type.typnamespace 
WHERE pg_catalog.pg_type.typname = %(typname_1)s AND pg_catalog.pg_type_is_visible(pg_catalog.pg_type.oid) AND pg_catalog.pg_namespace.nspname != %(nspname_1)s (session.py:30)
2025-06-17 11:28:24 [    INFO] CREATE TYPE maintenancetype AS ENUM ('ROUTINE', 'PREVENTIVE', 'CORRECTIVE', 'EMERGENCY', 'INSPECTION') (base.py:1842)
2025-06-17 11:28:24 [    INFO] [no key 0.00351s] {} (base.py:1842)
2025-06-17 11:28:24 [   DEBUG] Query eseguita in 0.01 secondi: CREATE TYPE maintenancetype AS ENUM ('ROUTINE', 'PREVENTIVE', 'CORRECTIVE', 'EMERGENCY', 'INSPECTION') (session.py:30)
2025-06-17 11:28:24 [    INFO] SELECT pg_catalog.pg_type.typname 
FROM pg_catalog.pg_type JOIN pg_catalog.pg_namespace ON pg_catalog.pg_namespace.oid = pg_catalog.pg_type.typnamespace 
WHERE pg_catalog.pg_type.typname = %(typname_1)s AND pg_catalog.pg_type_is_visible(pg_catalog.pg_type.oid) AND pg_catalog.pg_namespace.nspname != %(nspname_1)s (base.py:1842)
2025-06-17 11:28:24 [    INFO] [cached since 0.03832s ago] {'typname_1': 'maintenancestatus', 'nspname_1': 'pg_catalog'} (base.py:1842)
2025-06-17 11:28:24 [   DEBUG] Query eseguita in 0.01 secondi: SELECT pg_catalog.pg_type.typname 
FROM pg_catalog.pg_type JOIN pg_catalog.pg_namespace ON pg_catalog.pg_namespace.oid = pg_catalog.pg_type.typnamespace 
WHERE pg_catalog.pg_type.typname = %(typname_1)s AND pg_catalog.pg_type_is_visible(pg_catalog.pg_type.oid) AND pg_catalog.pg_namespace.nspname != %(nspname_1)s (session.py:30)
2025-06-17 11:28:24 [    INFO] CREATE TYPE maintenancestatus AS ENUM ('PENDING', 'COMPLETED', 'FAILED') (base.py:1842)
2025-06-17 11:28:24 [    INFO] [no key 0.00197s] {} (base.py:1842)
2025-06-17 11:28:24 [   DEBUG] Query eseguita in 0.01 secondi: CREATE TYPE maintenancestatus AS ENUM ('PENDING', 'COMPLETED', 'FAILED') (session.py:30)
2025-06-17 11:28:24 [    INFO] 
CREATE TABLE "user" (
	id SERIAL NOT NULL, 
	email VARCHAR NOT NULL, 
	username VARCHAR NOT NULL, 
	hashed_password VARCHAR NOT NULL, 
	is_active BOOLEAN NOT NULL, 
	is_superuser BOOLEAN NOT NULL, 
	is_verified BOOLEAN NOT NULL, 
	created_at TIMESTAMP WITHOUT TIME ZONE NOT NULL, 
	updated_at TIMESTAMP WITHOUT TIME ZONE NOT NULL, 
	last_login TIMESTAMP WITH TIME ZONE, 
	full_name VARCHAR(255), 
	phone_number VARCHAR(20), 
	PRIMARY KEY (id)
)

 (base.py:1842)
2025-06-17 11:28:24 [    INFO] [no key 0.00106s] {} (base.py:1842)
2025-06-17 11:28:24 [   DEBUG] Query eseguita in 0.05 secondi: 
CREATE TABLE "user" (
	id SERIAL NOT NULL, 
	email VARCHAR NOT NULL, 
	username VARCHAR NOT NULL, 
	hashed_password VARCHAR NOT NULL, 
	is_active BOOLEAN NOT NULL, 
	is_superuser BOOLEAN NOT NULL, 
	is_verified BOOLEAN NOT NULL, 
	created_at TIMESTAMP WITHOUT TIME ZONE NOT NULL, 
	updated_at TIMESTAMP WITHOUT TIME ZONE NOT NULL, 
	last_login TIMESTAMP WITH TIME ZONE, 
	full_name VARCHAR(255), 
	phone_number VARCHAR(20), 
	PRIMARY KEY (id)
)

 (session.py:30)
2025-06-17 11:28:24 [    INFO] CREATE UNIQUE INDEX ix_user_email ON "user" (email) (base.py:1842)
2025-06-17 11:28:24 [    INFO] [no key 0.00090s] {} (base.py:1842)
2025-06-17 11:28:24 [   DEBUG] Query eseguita in 0.01 secondi: CREATE UNIQUE INDEX ix_user_email ON "user" (email) (session.py:30)
2025-06-17 11:28:24 [    INFO] CREATE UNIQUE INDEX ix_user_username ON "user" (username) (base.py:1842)
2025-06-17 11:28:24 [    INFO] [no key 0.00247s] {} (base.py:1842)
2025-06-17 11:28:24 [   DEBUG] Query eseguita in 0.01 secondi: CREATE UNIQUE INDEX ix_user_username ON "user" (username) (session.py:30)
2025-06-17 11:28:24 [    INFO] 
CREATE TABLE houses (
	id SERIAL NOT NULL, 
	name VARCHAR NOT NULL, 
	address VARCHAR NOT NULL, 
	owner_id INTEGER NOT NULL, 
	created_at TIMESTAMP WITHOUT TIME ZONE NOT NULL, 
	updated_at TIMESTAMP WITHOUT TIME ZONE NOT NULL, 
	PRIMARY KEY (id), 
	FOREIGN KEY(owner_id) REFERENCES "user" (id)
)

 (base.py:1842)
2025-06-17 11:28:24 [    INFO] [no key 0.00446s] {} (base.py:1842)
2025-06-17 11:28:24 [   DEBUG] Query eseguita in 0.04 secondi: 
CREATE TABLE houses (
	id SERIAL NOT NULL, 
	name VARCHAR NOT NULL, 
	address VARCHAR NOT NULL, 
	owner_id INTEGER NOT NULL, 
	created_at TIMESTAMP WITHOUT TIME ZONE NOT NULL, 
	updated_at TIMESTAMP WITHOUT TIME ZONE NOT NULL, 
	PRIMARY KEY (id), 
	FOREIGN KEY(owner_id) REFERENCES "user" (id)
)

 (session.py:30)
2025-06-17 11:28:24 [    INFO] CREATE INDEX ix_houses_name ON houses (name) (base.py:1842)
2025-06-17 11:28:24 [    INFO] [no key 0.00086s] {} (base.py:1842)
2025-06-17 11:28:24 [   DEBUG] Query eseguita in 0.01 secondi: CREATE INDEX ix_houses_name ON houses (name) (session.py:30)
2025-06-17 11:28:24 [    INFO] 
CREATE TABLE rooms (
	id SERIAL NOT NULL, 
	name VARCHAR NOT NULL, 
	description VARCHAR, 
	floor INTEGER NOT NULL, 
	area FLOAT NOT NULL, 
	house_id INTEGER NOT NULL, 
	created_at TIMESTAMP WITHOUT TIME ZONE NOT NULL, 
	updated_at TIMESTAMP WITHOUT TIME ZONE NOT NULL, 
	PRIMARY KEY (id), 
	FOREIGN KEY(house_id) REFERENCES houses (id)
)

 (base.py:1842)
2025-06-17 11:28:24 [    INFO] [no key 0.00102s] {} (base.py:1842)
2025-06-17 11:28:24 [   DEBUG] Query eseguita in 0.03 secondi: 
CREATE TABLE rooms (
	id SERIAL NOT NULL, 
	name VARCHAR NOT NULL, 
	description VARCHAR, 
	floor INTEGER NOT NULL, 
	area FLOAT NOT NULL, 
	house_id INTEGER NOT NULL, 
	created_at TIMESTAMP WITHOUT TIME ZONE NOT NULL, 
	updated_at TIMESTAMP WITHOUT TIME ZONE NOT NULL, 
	PRIMARY KEY (id), 
	FOREIGN KEY(house_id) REFERENCES houses (id)
)

 (session.py:30)
2025-06-17 11:28:24 [    INFO] CREATE INDEX ix_rooms_name ON rooms (name) (base.py:1842)
2025-06-17 11:28:24 [    INFO] [no key 0.00081s] {} (base.py:1842)
2025-06-17 11:28:24 [   DEBUG] Query eseguita in 0.01 secondi: CREATE INDEX ix_rooms_name ON rooms (name) (session.py:30)
2025-06-17 11:28:24 [    INFO] 
CREATE TABLE nodes (
	id SERIAL NOT NULL, 
	name VARCHAR NOT NULL, 
	description VARCHAR, 
	nfc_id VARCHAR NOT NULL, 
	house_id INTEGER NOT NULL, 
	room_id INTEGER, 
	PRIMARY KEY (id), 
	FOREIGN KEY(house_id) REFERENCES houses (id), 
	FOREIGN KEY(room_id) REFERENCES rooms (id)
)

 (base.py:1842)
2025-06-17 11:28:24 [    INFO] [no key 0.00521s] {} (base.py:1842)
2025-06-17 11:28:24 [   DEBUG] Query eseguita in 0.04 secondi: 
CREATE TABLE nodes (
	id SERIAL NOT NULL, 
	name VARCHAR NOT NULL, 
	description VARCHAR, 
	nfc_id VARCHAR NOT NULL, 
	house_id INTEGER NOT NULL, 
	room_id INTEGER, 
	PRIMARY KEY (id), 
	FOREIGN KEY(house_id) REFERENCES houses (id), 
	FOREIGN KEY(room_id) REFERENCES rooms (id)
)

 (session.py:30)
2025-06-17 11:28:24 [    INFO] CREATE UNIQUE INDEX ix_nodes_nfc_id ON nodes (nfc_id) (base.py:1842)
2025-06-17 11:28:24 [    INFO] [no key 0.00118s] {} (base.py:1842)
2025-06-17 11:28:24 [   DEBUG] Query eseguita in 0.01 secondi: CREATE UNIQUE INDEX ix_nodes_nfc_id ON nodes (nfc_id) (session.py:30)
2025-06-17 11:28:24 [    INFO] 
CREATE TABLE bookings (
	id SERIAL NOT NULL, 
	room_id INTEGER NOT NULL, 
	user_id INTEGER NOT NULL, 
	start_time TIMESTAMP WITHOUT TIME ZONE NOT NULL, 
	end_time TIMESTAMP WITHOUT TIME ZONE NOT NULL, 
	status VARCHAR NOT NULL, 
	notes VARCHAR, 
	created_at TIMESTAMP WITHOUT TIME ZONE NOT NULL, 
	updated_at TIMESTAMP WITHOUT TIME ZONE NOT NULL, 
	PRIMARY KEY (id), 
	FOREIGN KEY(room_id) REFERENCES rooms (id), 
	FOREIGN KEY(user_id) REFERENCES "user" (id)
)

 (base.py:1842)
2025-06-17 11:28:24 [    INFO] [no key 0.00159s] {} (base.py:1842)
2025-06-17 11:28:24 [   DEBUG] Query eseguita in 0.04 secondi: 
CREATE TABLE bookings (
	id SERIAL NOT NULL, 
	room_id INTEGER NOT NULL, 
	user_id INTEGER NOT NULL, 
	start_time TIMESTAMP WITHOUT TIME ZONE NOT NULL, 
	end_time TIMESTAMP WITHOUT TIME ZONE NOT NULL, 
	status VARCHAR NOT NULL, 
	notes VARCHAR, 
	created_at TIMESTAMP WITHOUT TIME ZONE NOT NULL, 
	updated_at TIMESTAMP WITHOUT TIME ZONE NOT NULL, 
	PRIMARY KEY (id), 
	FOREIGN KEY(room_id) REFERENCES rooms (id), 
	FOREIGN KEY(user_id) REFERENCES "user" (id)
)

 (session.py:30)
2025-06-17 11:28:24 [    INFO] 
CREATE TABLE documents (
	id SERIAL NOT NULL, 
	created_at TIMESTAMP WITHOUT TIME ZONE NOT NULL, 
	updated_at TIMESTAMP WITHOUT TIME ZONE NOT NULL, 
	owner_id INTEGER NOT NULL, 
	name VARCHAR NOT NULL, 
	type VARCHAR NOT NULL, 
	size INTEGER NOT NULL, 
	upload_date TIMESTAMP WITHOUT TIME ZONE NOT NULL, 
	path VARCHAR NOT NULL, 
	checksum VARCHAR NOT NULL, 
	house_id INTEGER, 
	node_id INTEGER, 
	description VARCHAR, 
	PRIMARY KEY (id), 
	FOREIGN KEY(owner_id) REFERENCES "user" (id), 
	FOREIGN KEY(house_id) REFERENCES houses (id), 
	FOREIGN KEY(node_id) REFERENCES nodes (id)
)

 (base.py:1842)
2025-06-17 11:28:24 [    INFO] [no key 0.00268s] {} (base.py:1842)
2025-06-17 11:28:24 [   DEBUG] Query eseguita in 0.05 secondi: 
CREATE TABLE documents (
	id SERIAL NOT NULL, 
	created_at TIMESTAMP WITHOUT TIME ZONE NOT NULL, 
	updated_at TIMESTAMP WITHOUT TIME ZONE NOT NULL, 
	owner_id INTEGER NOT NULL, 
	name VARCHAR NOT NULL, 
	type VARCHAR NOT NULL, 
	size INTEGER NOT NULL, 
	upload_date TIMESTAMP WITHOUT TIME ZONE NOT NULL, 
	path VARCHAR NOT NULL, 
	checksum VARCHAR NOT NULL, 
	house_id INTEGER, 
	node_id INTEGER, 
	description VARCHAR, 
	PRIMARY KEY (id), 
	FOREIGN KEY(owner_id) REFERENCES "user" (id), 
	FOREIGN KEY(house_id) REFERENCES houses (id), 
	FOREIGN KEY(node_id) REFERENCES nodes (id)
)

 (session.py:30)
2025-06-17 11:28:24 [    INFO] CREATE INDEX ix_documents_owner_id ON documents (owner_id) (base.py:1842)
2025-06-17 11:28:24 [    INFO] [no key 0.00173s] {} (base.py:1842)
2025-06-17 11:28:24 [   DEBUG] Query eseguita in 0.01 secondi: CREATE INDEX ix_documents_owner_id ON documents (owner_id) (session.py:30)
2025-06-17 11:28:24 [    INFO] 
CREATE TABLE document_versions (
	id SERIAL NOT NULL, 
	version_number INTEGER NOT NULL, 
	file_path VARCHAR NOT NULL, 
	file_size INTEGER NOT NULL, 
	checksum VARCHAR NOT NULL, 
	created_at TIMESTAMP WITHOUT TIME ZONE NOT NULL, 
	updated_at TIMESTAMP WITHOUT TIME ZONE NOT NULL, 
	document_id INTEGER NOT NULL, 
	created_by_id INTEGER, 
	PRIMARY KEY (id), 
	FOREIGN KEY(document_id) REFERENCES documents (id), 
	FOREIGN KEY(created_by_id) REFERENCES "user" (id)
)

 (base.py:1842)
2025-06-17 11:28:24 [    INFO] [no key 0.00146s] {} (base.py:1842)
2025-06-17 11:28:24 [   DEBUG] Query eseguita in 0.04 secondi: 
CREATE TABLE document_versions (
	id SERIAL NOT NULL, 
	version_number INTEGER NOT NULL, 
	file_path VARCHAR NOT NULL, 
	file_size INTEGER NOT NULL, 
	checksum VARCHAR NOT NULL, 
	created_at TIMESTAMP WITHOUT TIME ZONE NOT NULL, 
	updated_at TIMESTAMP WITHOUT TIME ZONE NOT NULL, 
	document_id INTEGER NOT NULL, 
	created_by_id INTEGER, 
	PRIMARY KEY (id), 
	FOREIGN KEY(document_id) REFERENCES documents (id), 
	FOREIGN KEY(created_by_id) REFERENCES "user" (id)
)

 (session.py:30)
2025-06-17 11:28:24 [    INFO] CREATE INDEX ix_document_versions_version_number ON document_versions (version_number) (base.py:1842)
2025-06-17 11:28:24 [    INFO] [no key 0.00077s] {} (base.py:1842)
2025-06-17 11:28:24 [   DEBUG] Query eseguita in 0.01 secondi: CREATE INDEX ix_document_versions_version_number ON document_versions (version_number) (session.py:30)
2025-06-17 11:28:24 [    INFO] CREATE INDEX ix_document_versions_created_by_id ON document_versions (created_by_id) (base.py:1842)
2025-06-17 11:28:24 [    INFO] [no key 0.00222s] {} (base.py:1842)
2025-06-17 11:28:24 [   DEBUG] Query eseguita in 0.01 secondi: CREATE INDEX ix_document_versions_created_by_id ON document_versions (created_by_id) (session.py:30)
2025-06-17 11:28:24 [    INFO] CREATE INDEX ix_document_versions_document_id ON document_versions (document_id) (base.py:1842)
2025-06-17 11:28:24 [    INFO] [no key 0.00163s] {} (base.py:1842)
2025-06-17 11:28:24 [   DEBUG] Query eseguita in 0.01 secondi: CREATE INDEX ix_document_versions_document_id ON document_versions (document_id) (session.py:30)
2025-06-17 11:28:24 [    INFO] 
CREATE TABLE maintenance_records (
	id SERIAL NOT NULL, 
	node_id INTEGER NOT NULL, 
	timestamp TIMESTAMP WITHOUT TIME ZONE NOT NULL, 
	maintenance_type maintenancetype NOT NULL, 
	description VARCHAR NOT NULL, 
	status maintenancestatus NOT NULL, 
	notes VARCHAR, 
	document_id INTEGER, 
	PRIMARY KEY (id), 
	FOREIGN KEY(node_id) REFERENCES nodes (id), 
	FOREIGN KEY(document_id) REFERENCES documents (id)
)

 (base.py:1842)
2025-06-17 11:28:24 [    INFO] [no key 0.00143s] {} (base.py:1842)
2025-06-17 11:28:24 [   DEBUG] Query eseguita in 0.04 secondi: 
CREATE TABLE maintenance_records (
	id SERIAL NOT NULL, 
	node_id INTEGER NOT NULL, 
	timestamp TIMESTAMP WITHOUT TIME ZONE NOT NULL, 
	maintenance_type maintenancetype NOT NULL, 
	description VARCHAR NOT NULL, 
	status maintenancestatus NOT NULL, 
	notes VARCHAR, 
	document_id INTEGER, 
	PRIMARY KEY (id), 
	FOREIGN KEY(node_id) REFERENCES nodes (id), 
	FOREIGN KEY(document_id) REFERENCES documents (id)
)

 (session.py:30)
2025-06-17 11:28:24 [    INFO] CREATE INDEX ix_maintenance_records_node_id ON maintenance_records (node_id) (base.py:1842)
2025-06-17 11:28:24 [    INFO] [no key 0.00144s] {} (base.py:1842)
2025-06-17 11:28:24 [   DEBUG] Query eseguita in 0.01 secondi: CREATE INDEX ix_maintenance_records_node_id ON maintenance_records (node_id) (session.py:30)
2025-06-17 11:28:24 [    INFO] COMMIT (base.py:2704)
2025-06-17 11:28:24 [   DEBUG] Test database tables created successfully (test_users.py:52)
2025-06-17 11:28:24 [   DEBUG] Test database session created successfully (test_users.py:55)
2025-06-17 11:28:24 [   DEBUG] Overriding get_session for tests... (conftest.py:269)
2025-06-17 11:28:24 [   DEBUG] Setting up FakeRedis for tests... (conftest_redis.py:18)
2025-06-17 11:28:24 [   DEBUG] Connessione Redis stabilita con successo (redis.py:24)
-------------------------------- live log call --------------------------------
2025-06-17 11:28:24 [   DEBUG] Using proactor: IocpProactor (proactor_events.py:631)
2025-06-17 11:28:24 [    INFO] HTTP Request: POST http://testserver/api/v1/auth/register "HTTP/1.1 422 Unprocessable Entity" (_client.py:1025)
PASSED                                                                   [ 62%]
------------------------------ live log teardown ------------------------------
2025-06-17 11:28:24 [   DEBUG] Restored original Redis client (conftest_redis.py:29)
2025-06-17 11:28:24 [   DEBUG] get_session override cleared (conftest.py:275)
2025-06-17 11:28:24 [   DEBUG] Cleaning up test database session... (test_users.py:57)
2025-06-17 11:28:24 [    INFO] BEGIN (implicit) (base.py:2698)
2025-06-17 11:28:24 [    INFO] DROP SCHEMA public CASCADE (base.py:1842)
2025-06-17 11:28:24 [    INFO] [generated in 0.00363s] {} (base.py:1842)
2025-06-17 11:28:25 [   DEBUG] Query eseguita in 0.12 secondi: DROP SCHEMA public CASCADE (session.py:30)
2025-06-17 11:28:25 [    INFO] CREATE SCHEMA public (base.py:1842)
2025-06-17 11:28:25 [    INFO] [generated in 0.00107s] {} (base.py:1842)
2025-06-17 11:28:25 [   DEBUG] Query eseguita in 0.00 secondi: CREATE SCHEMA public (session.py:30)
2025-06-17 11:28:25 [    INFO] COMMIT (base.py:2704)
2025-06-17 11:28:25 [   DEBUG] Test database cleanup completed (test_users.py:63)
2025-06-17 11:28:25 [   DEBUG] Session fixture completed in 1.83 seconds (test_users.py:68)

tests/api/test_users.py::test_create_user_invalid_password[pass\tword] 
------------------------------- live log setup --------------------------------
2025-06-17 11:28:25 [   DEBUG] Setting up test database session... (test_users.py:38)
2025-06-17 11:28:26 [    INFO] select pg_catalog.version() (base.py:1842)
2025-06-17 11:28:26 [    INFO] [raw sql] {} (base.py:1842)
2025-06-17 11:28:26 [    INFO] select current_schema() (base.py:1842)
2025-06-17 11:28:26 [    INFO] [raw sql] {} (base.py:1842)
2025-06-17 11:28:26 [    INFO] show standard_conforming_strings (base.py:1842)
2025-06-17 11:28:26 [    INFO] [raw sql] {} (base.py:1842)
2025-06-17 11:28:26 [    INFO] BEGIN (implicit) (base.py:2698)
2025-06-17 11:28:26 [    INFO] SELECT pg_catalog.pg_class.relname 
FROM pg_catalog.pg_class JOIN pg_catalog.pg_namespace ON pg_catalog.pg_namespace.oid = pg_catalog.pg_class.relnamespace 
WHERE pg_catalog.pg_class.relname = %(table_name)s AND pg_catalog.pg_class.relkind = ANY (ARRAY[%(param_1)s, %(param_2)s, %(param_3)s, %(param_4)s, %(param_5)s]) AND pg_catalog.pg_table_is_visible(pg_catalog.pg_class.oid) AND pg_catalog.pg_namespace.nspname != %(nspname_1)s (base.py:1842)
2025-06-17 11:28:26 [    INFO] [generated in 0.00535s] {'table_name': 'user', 'param_1': 'r', 'param_2': 'p', 'param_3': 'f', 'param_4': 'v', 'param_5': 'm', 'nspname_1': 'pg_catalog'} (base.py:1842)
2025-06-17 11:28:26 [   DEBUG] Query eseguita in 0.01 secondi: SELECT pg_catalog.pg_class.relname 
FROM pg_catalog.pg_class JOIN pg_catalog.pg_namespace ON pg_catalog.pg_namespace.oid = pg_catalog.pg_class.relnamespace 
WHERE pg_catalog.pg_class.relname = %(table_name)s AND pg_catalog.pg_class.relkind = ANY (ARRAY[%(param_1)s, %(param_2)s, %(param_3)s, %(param_4)s, %(param_5)s]) AND pg_catalog.pg_table_is_visible(pg_catalog.pg_class.oid) AND pg_catalog.pg_namespace.nspname != %(nspname_1)s (session.py:30)
2025-06-17 11:28:26 [    INFO] SELECT pg_catalog.pg_class.relname 
FROM pg_catalog.pg_class JOIN pg_catalog.pg_namespace ON pg_catalog.pg_namespace.oid = pg_catalog.pg_class.relnamespace 
WHERE pg_catalog.pg_class.relname = %(table_name)s AND pg_catalog.pg_class.relkind = ANY (ARRAY[%(param_1)s, %(param_2)s, %(param_3)s, %(param_4)s, %(param_5)s]) AND pg_catalog.pg_table_is_visible(pg_catalog.pg_class.oid) AND pg_catalog.pg_namespace.nspname != %(nspname_1)s (base.py:1842)
2025-06-17 11:28:26 [    INFO] [cached since 0.02221s ago] {'table_name': 'documents', 'param_1': 'r', 'param_2': 'p', 'param_3': 'f', 'param_4': 'v', 'param_5': 'm', 'nspname_1': 'pg_catalog'} (base.py:1842)
2025-06-17 11:28:26 [   DEBUG] Query eseguita in 0.01 secondi: SELECT pg_catalog.pg_class.relname 
FROM pg_catalog.pg_class JOIN pg_catalog.pg_namespace ON pg_catalog.pg_namespace.oid = pg_catalog.pg_class.relnamespace 
WHERE pg_catalog.pg_class.relname = %(table_name)s AND pg_catalog.pg_class.relkind = ANY (ARRAY[%(param_1)s, %(param_2)s, %(param_3)s, %(param_4)s, %(param_5)s]) AND pg_catalog.pg_table_is_visible(pg_catalog.pg_class.oid) AND pg_catalog.pg_namespace.nspname != %(nspname_1)s (session.py:30)
2025-06-17 11:28:26 [    INFO] SELECT pg_catalog.pg_class.relname 
FROM pg_catalog.pg_class JOIN pg_catalog.pg_namespace ON pg_catalog.pg_namespace.oid = pg_catalog.pg_class.relnamespace 
WHERE pg_catalog.pg_class.relname = %(table_name)s AND pg_catalog.pg_class.relkind = ANY (ARRAY[%(param_1)s, %(param_2)s, %(param_3)s, %(param_4)s, %(param_5)s]) AND pg_catalog.pg_table_is_visible(pg_catalog.pg_class.oid) AND pg_catalog.pg_namespace.nspname != %(nspname_1)s (base.py:1842)
2025-06-17 11:28:26 [    INFO] [cached since 0.03087s ago] {'table_name': 'document_versions', 'param_1': 'r', 'param_2': 'p', 'param_3': 'f', 'param_4': 'v', 'param_5': 'm', 'nspname_1': 'pg_catalog'} (base.py:1842)
2025-06-17 11:28:26 [   DEBUG] Query eseguita in 0.01 secondi: SELECT pg_catalog.pg_class.relname 
FROM pg_catalog.pg_class JOIN pg_catalog.pg_namespace ON pg_catalog.pg_namespace.oid = pg_catalog.pg_class.relnamespace 
WHERE pg_catalog.pg_class.relname = %(table_name)s AND pg_catalog.pg_class.relkind = ANY (ARRAY[%(param_1)s, %(param_2)s, %(param_3)s, %(param_4)s, %(param_5)s]) AND pg_catalog.pg_table_is_visible(pg_catalog.pg_class.oid) AND pg_catalog.pg_namespace.nspname != %(nspname_1)s (session.py:30)
2025-06-17 11:28:26 [    INFO] SELECT pg_catalog.pg_class.relname 
FROM pg_catalog.pg_class JOIN pg_catalog.pg_namespace ON pg_catalog.pg_namespace.oid = pg_catalog.pg_class.relnamespace 
WHERE pg_catalog.pg_class.relname = %(table_name)s AND pg_catalog.pg_class.relkind = ANY (ARRAY[%(param_1)s, %(param_2)s, %(param_3)s, %(param_4)s, %(param_5)s]) AND pg_catalog.pg_table_is_visible(pg_catalog.pg_class.oid) AND pg_catalog.pg_namespace.nspname != %(nspname_1)s (base.py:1842)
2025-06-17 11:28:26 [    INFO] [cached since 0.04466s ago] {'table_name': 'houses', 'param_1': 'r', 'param_2': 'p', 'param_3': 'f', 'param_4': 'v', 'param_5': 'm', 'nspname_1': 'pg_catalog'} (base.py:1842)
2025-06-17 11:28:26 [   DEBUG] Query eseguita in 0.01 secondi: SELECT pg_catalog.pg_class.relname 
FROM pg_catalog.pg_class JOIN pg_catalog.pg_namespace ON pg_catalog.pg_namespace.oid = pg_catalog.pg_class.relnamespace 
WHERE pg_catalog.pg_class.relname = %(table_name)s AND pg_catalog.pg_class.relkind = ANY (ARRAY[%(param_1)s, %(param_2)s, %(param_3)s, %(param_4)s, %(param_5)s]) AND pg_catalog.pg_table_is_visible(pg_catalog.pg_class.oid) AND pg_catalog.pg_namespace.nspname != %(nspname_1)s (session.py:30)
2025-06-17 11:28:26 [    INFO] SELECT pg_catalog.pg_class.relname 
FROM pg_catalog.pg_class JOIN pg_catalog.pg_namespace ON pg_catalog.pg_namespace.oid = pg_catalog.pg_class.relnamespace 
WHERE pg_catalog.pg_class.relname = %(table_name)s AND pg_catalog.pg_class.relkind = ANY (ARRAY[%(param_1)s, %(param_2)s, %(param_3)s, %(param_4)s, %(param_5)s]) AND pg_catalog.pg_table_is_visible(pg_catalog.pg_class.oid) AND pg_catalog.pg_namespace.nspname != %(nspname_1)s (base.py:1842)
2025-06-17 11:28:26 [    INFO] [cached since 0.05599s ago] {'table_name': 'nodes', 'param_1': 'r', 'param_2': 'p', 'param_3': 'f', 'param_4': 'v', 'param_5': 'm', 'nspname_1': 'pg_catalog'} (base.py:1842)
2025-06-17 11:28:26 [   DEBUG] Query eseguita in 0.01 secondi: SELECT pg_catalog.pg_class.relname 
FROM pg_catalog.pg_class JOIN pg_catalog.pg_namespace ON pg_catalog.pg_namespace.oid = pg_catalog.pg_class.relnamespace 
WHERE pg_catalog.pg_class.relname = %(table_name)s AND pg_catalog.pg_class.relkind = ANY (ARRAY[%(param_1)s, %(param_2)s, %(param_3)s, %(param_4)s, %(param_5)s]) AND pg_catalog.pg_table_is_visible(pg_catalog.pg_class.oid) AND pg_catalog.pg_namespace.nspname != %(nspname_1)s (session.py:30)
2025-06-17 11:28:26 [    INFO] SELECT pg_catalog.pg_class.relname 
FROM pg_catalog.pg_class JOIN pg_catalog.pg_namespace ON pg_catalog.pg_namespace.oid = pg_catalog.pg_class.relnamespace 
WHERE pg_catalog.pg_class.relname = %(table_name)s AND pg_catalog.pg_class.relkind = ANY (ARRAY[%(param_1)s, %(param_2)s, %(param_3)s, %(param_4)s, %(param_5)s]) AND pg_catalog.pg_table_is_visible(pg_catalog.pg_class.oid) AND pg_catalog.pg_namespace.nspname != %(nspname_1)s (base.py:1842)
2025-06-17 11:28:26 [    INFO] [cached since 0.06866s ago] {'table_name': 'rooms', 'param_1': 'r', 'param_2': 'p', 'param_3': 'f', 'param_4': 'v', 'param_5': 'm', 'nspname_1': 'pg_catalog'} (base.py:1842)
2025-06-17 11:28:26 [   DEBUG] Query eseguita in 0.01 secondi: SELECT pg_catalog.pg_class.relname 
FROM pg_catalog.pg_class JOIN pg_catalog.pg_namespace ON pg_catalog.pg_namespace.oid = pg_catalog.pg_class.relnamespace 
WHERE pg_catalog.pg_class.relname = %(table_name)s AND pg_catalog.pg_class.relkind = ANY (ARRAY[%(param_1)s, %(param_2)s, %(param_3)s, %(param_4)s, %(param_5)s]) AND pg_catalog.pg_table_is_visible(pg_catalog.pg_class.oid) AND pg_catalog.pg_namespace.nspname != %(nspname_1)s (session.py:30)
2025-06-17 11:28:26 [    INFO] SELECT pg_catalog.pg_class.relname 
FROM pg_catalog.pg_class JOIN pg_catalog.pg_namespace ON pg_catalog.pg_namespace.oid = pg_catalog.pg_class.relnamespace 
WHERE pg_catalog.pg_class.relname = %(table_name)s AND pg_catalog.pg_class.relkind = ANY (ARRAY[%(param_1)s, %(param_2)s, %(param_3)s, %(param_4)s, %(param_5)s]) AND pg_catalog.pg_table_is_visible(pg_catalog.pg_class.oid) AND pg_catalog.pg_namespace.nspname != %(nspname_1)s (base.py:1842)
2025-06-17 11:28:26 [    INFO] [cached since 0.07778s ago] {'table_name': 'bookings', 'param_1': 'r', 'param_2': 'p', 'param_3': 'f', 'param_4': 'v', 'param_5': 'm', 'nspname_1': 'pg_catalog'} (base.py:1842)
2025-06-17 11:28:26 [   DEBUG] Query eseguita in 0.01 secondi: SELECT pg_catalog.pg_class.relname 
FROM pg_catalog.pg_class JOIN pg_catalog.pg_namespace ON pg_catalog.pg_namespace.oid = pg_catalog.pg_class.relnamespace 
WHERE pg_catalog.pg_class.relname = %(table_name)s AND pg_catalog.pg_class.relkind = ANY (ARRAY[%(param_1)s, %(param_2)s, %(param_3)s, %(param_4)s, %(param_5)s]) AND pg_catalog.pg_table_is_visible(pg_catalog.pg_class.oid) AND pg_catalog.pg_namespace.nspname != %(nspname_1)s (session.py:30)
2025-06-17 11:28:26 [    INFO] SELECT pg_catalog.pg_class.relname 
FROM pg_catalog.pg_class JOIN pg_catalog.pg_namespace ON pg_catalog.pg_namespace.oid = pg_catalog.pg_class.relnamespace 
WHERE pg_catalog.pg_class.relname = %(table_name)s AND pg_catalog.pg_class.relkind = ANY (ARRAY[%(param_1)s, %(param_2)s, %(param_3)s, %(param_4)s, %(param_5)s]) AND pg_catalog.pg_table_is_visible(pg_catalog.pg_class.oid) AND pg_catalog.pg_namespace.nspname != %(nspname_1)s (base.py:1842)
2025-06-17 11:28:26 [    INFO] [cached since 0.08949s ago] {'table_name': 'maintenance_records', 'param_1': 'r', 'param_2': 'p', 'param_3': 'f', 'param_4': 'v', 'param_5': 'm', 'nspname_1': 'pg_catalog'} (base.py:1842)
2025-06-17 11:28:26 [   DEBUG] Query eseguita in 0.00 secondi: SELECT pg_catalog.pg_class.relname 
FROM pg_catalog.pg_class JOIN pg_catalog.pg_namespace ON pg_catalog.pg_namespace.oid = pg_catalog.pg_class.relnamespace 
WHERE pg_catalog.pg_class.relname = %(table_name)s AND pg_catalog.pg_class.relkind = ANY (ARRAY[%(param_1)s, %(param_2)s, %(param_3)s, %(param_4)s, %(param_5)s]) AND pg_catalog.pg_table_is_visible(pg_catalog.pg_class.oid) AND pg_catalog.pg_namespace.nspname != %(nspname_1)s (session.py:30)
2025-06-17 11:28:26 [    INFO] SELECT pg_catalog.pg_type.typname 
FROM pg_catalog.pg_type JOIN pg_catalog.pg_namespace ON pg_catalog.pg_namespace.oid = pg_catalog.pg_type.typnamespace 
WHERE pg_catalog.pg_type.typname = %(typname_1)s AND pg_catalog.pg_type_is_visible(pg_catalog.pg_type.oid) AND pg_catalog.pg_namespace.nspname != %(nspname_1)s (base.py:1842)
2025-06-17 11:28:26 [    INFO] [generated in 0.00099s] {'typname_1': 'maintenancetype', 'nspname_1': 'pg_catalog'} (base.py:1842)
2025-06-17 11:28:26 [   DEBUG] Query eseguita in 0.00 secondi: SELECT pg_catalog.pg_type.typname 
FROM pg_catalog.pg_type JOIN pg_catalog.pg_namespace ON pg_catalog.pg_namespace.oid = pg_catalog.pg_type.typnamespace 
WHERE pg_catalog.pg_type.typname = %(typname_1)s AND pg_catalog.pg_type_is_visible(pg_catalog.pg_type.oid) AND pg_catalog.pg_namespace.nspname != %(nspname_1)s (session.py:30)
2025-06-17 11:28:26 [    INFO] CREATE TYPE maintenancetype AS ENUM ('ROUTINE', 'PREVENTIVE', 'CORRECTIVE', 'EMERGENCY', 'INSPECTION') (base.py:1842)
2025-06-17 11:28:26 [    INFO] [no key 0.00128s] {} (base.py:1842)
2025-06-17 11:28:26 [   DEBUG] Query eseguita in 0.01 secondi: CREATE TYPE maintenancetype AS ENUM ('ROUTINE', 'PREVENTIVE', 'CORRECTIVE', 'EMERGENCY', 'INSPECTION') (session.py:30)
2025-06-17 11:28:26 [    INFO] SELECT pg_catalog.pg_type.typname 
FROM pg_catalog.pg_type JOIN pg_catalog.pg_namespace ON pg_catalog.pg_namespace.oid = pg_catalog.pg_type.typnamespace 
WHERE pg_catalog.pg_type.typname = %(typname_1)s AND pg_catalog.pg_type_is_visible(pg_catalog.pg_type.oid) AND pg_catalog.pg_namespace.nspname != %(nspname_1)s (base.py:1842)
2025-06-17 11:28:26 [    INFO] [cached since 0.02452s ago] {'typname_1': 'maintenancestatus', 'nspname_1': 'pg_catalog'} (base.py:1842)
2025-06-17 11:28:26 [   DEBUG] Query eseguita in 0.01 secondi: SELECT pg_catalog.pg_type.typname 
FROM pg_catalog.pg_type JOIN pg_catalog.pg_namespace ON pg_catalog.pg_namespace.oid = pg_catalog.pg_type.typnamespace 
WHERE pg_catalog.pg_type.typname = %(typname_1)s AND pg_catalog.pg_type_is_visible(pg_catalog.pg_type.oid) AND pg_catalog.pg_namespace.nspname != %(nspname_1)s (session.py:30)
2025-06-17 11:28:26 [    INFO] CREATE TYPE maintenancestatus AS ENUM ('PENDING', 'COMPLETED', 'FAILED') (base.py:1842)
2025-06-17 11:28:26 [    INFO] [no key 0.00077s] {} (base.py:1842)
2025-06-17 11:28:26 [   DEBUG] Query eseguita in 0.01 secondi: CREATE TYPE maintenancestatus AS ENUM ('PENDING', 'COMPLETED', 'FAILED') (session.py:30)
2025-06-17 11:28:26 [    INFO] 
CREATE TABLE "user" (
	id SERIAL NOT NULL, 
	email VARCHAR NOT NULL, 
	username VARCHAR NOT NULL, 
	hashed_password VARCHAR NOT NULL, 
	is_active BOOLEAN NOT NULL, 
	is_superuser BOOLEAN NOT NULL, 
	is_verified BOOLEAN NOT NULL, 
	created_at TIMESTAMP WITHOUT TIME ZONE NOT NULL, 
	updated_at TIMESTAMP WITHOUT TIME ZONE NOT NULL, 
	last_login TIMESTAMP WITH TIME ZONE, 
	full_name VARCHAR(255), 
	phone_number VARCHAR(20), 
	PRIMARY KEY (id)
)

 (base.py:1842)
2025-06-17 11:28:26 [    INFO] [no key 0.00098s] {} (base.py:1842)
2025-06-17 11:28:26 [   DEBUG] Query eseguita in 0.04 secondi: 
CREATE TABLE "user" (
	id SERIAL NOT NULL, 
	email VARCHAR NOT NULL, 
	username VARCHAR NOT NULL, 
	hashed_password VARCHAR NOT NULL, 
	is_active BOOLEAN NOT NULL, 
	is_superuser BOOLEAN NOT NULL, 
	is_verified BOOLEAN NOT NULL, 
	created_at TIMESTAMP WITHOUT TIME ZONE NOT NULL, 
	updated_at TIMESTAMP WITHOUT TIME ZONE NOT NULL, 
	last_login TIMESTAMP WITH TIME ZONE, 
	full_name VARCHAR(255), 
	phone_number VARCHAR(20), 
	PRIMARY KEY (id)
)

 (session.py:30)
2025-06-17 11:28:26 [    INFO] CREATE UNIQUE INDEX ix_user_email ON "user" (email) (base.py:1842)
2025-06-17 11:28:26 [    INFO] [no key 0.00150s] {} (base.py:1842)
2025-06-17 11:28:26 [   DEBUG] Query eseguita in 0.01 secondi: CREATE UNIQUE INDEX ix_user_email ON "user" (email) (session.py:30)
2025-06-17 11:28:26 [    INFO] CREATE UNIQUE INDEX ix_user_username ON "user" (username) (base.py:1842)
2025-06-17 11:28:26 [    INFO] [no key 0.00417s] {} (base.py:1842)
2025-06-17 11:28:26 [   DEBUG] Query eseguita in 0.01 secondi: CREATE UNIQUE INDEX ix_user_username ON "user" (username) (session.py:30)
2025-06-17 11:28:26 [    INFO] 
CREATE TABLE houses (
	id SERIAL NOT NULL, 
	name VARCHAR NOT NULL, 
	address VARCHAR NOT NULL, 
	owner_id INTEGER NOT NULL, 
	created_at TIMESTAMP WITHOUT TIME ZONE NOT NULL, 
	updated_at TIMESTAMP WITHOUT TIME ZONE NOT NULL, 
	PRIMARY KEY (id), 
	FOREIGN KEY(owner_id) REFERENCES "user" (id)
)

 (base.py:1842)
2025-06-17 11:28:26 [    INFO] [no key 0.00304s] {} (base.py:1842)
2025-06-17 11:28:26 [   DEBUG] Query eseguita in 0.04 secondi: 
CREATE TABLE houses (
	id SERIAL NOT NULL, 
	name VARCHAR NOT NULL, 
	address VARCHAR NOT NULL, 
	owner_id INTEGER NOT NULL, 
	created_at TIMESTAMP WITHOUT TIME ZONE NOT NULL, 
	updated_at TIMESTAMP WITHOUT TIME ZONE NOT NULL, 
	PRIMARY KEY (id), 
	FOREIGN KEY(owner_id) REFERENCES "user" (id)
)

 (session.py:30)
2025-06-17 11:28:26 [    INFO] CREATE INDEX ix_houses_name ON houses (name) (base.py:1842)
2025-06-17 11:28:26 [    INFO] [no key 0.00080s] {} (base.py:1842)
2025-06-17 11:28:26 [   DEBUG] Query eseguita in 0.01 secondi: CREATE INDEX ix_houses_name ON houses (name) (session.py:30)
2025-06-17 11:28:26 [    INFO] 
CREATE TABLE rooms (
	id SERIAL NOT NULL, 
	name VARCHAR NOT NULL, 
	description VARCHAR, 
	floor INTEGER NOT NULL, 
	area FLOAT NOT NULL, 
	house_id INTEGER NOT NULL, 
	created_at TIMESTAMP WITHOUT TIME ZONE NOT NULL, 
	updated_at TIMESTAMP WITHOUT TIME ZONE NOT NULL, 
	PRIMARY KEY (id), 
	FOREIGN KEY(house_id) REFERENCES houses (id)
)

 (base.py:1842)
2025-06-17 11:28:26 [    INFO] [no key 0.00413s] {} (base.py:1842)
2025-06-17 11:28:26 [   DEBUG] Query eseguita in 0.03 secondi: 
CREATE TABLE rooms (
	id SERIAL NOT NULL, 
	name VARCHAR NOT NULL, 
	description VARCHAR, 
	floor INTEGER NOT NULL, 
	area FLOAT NOT NULL, 
	house_id INTEGER NOT NULL, 
	created_at TIMESTAMP WITHOUT TIME ZONE NOT NULL, 
	updated_at TIMESTAMP WITHOUT TIME ZONE NOT NULL, 
	PRIMARY KEY (id), 
	FOREIGN KEY(house_id) REFERENCES houses (id)
)

 (session.py:30)
2025-06-17 11:28:26 [    INFO] CREATE INDEX ix_rooms_name ON rooms (name) (base.py:1842)
2025-06-17 11:28:26 [    INFO] [no key 0.00133s] {} (base.py:1842)
2025-06-17 11:28:26 [   DEBUG] Query eseguita in 0.01 secondi: CREATE INDEX ix_rooms_name ON rooms (name) (session.py:30)
2025-06-17 11:28:26 [    INFO] 
CREATE TABLE nodes (
	id SERIAL NOT NULL, 
	name VARCHAR NOT NULL, 
	description VARCHAR, 
	nfc_id VARCHAR NOT NULL, 
	house_id INTEGER NOT NULL, 
	room_id INTEGER, 
	PRIMARY KEY (id), 
	FOREIGN KEY(house_id) REFERENCES houses (id), 
	FOREIGN KEY(room_id) REFERENCES rooms (id)
)

 (base.py:1842)
2025-06-17 11:28:26 [    INFO] [no key 0.00586s] {} (base.py:1842)
2025-06-17 11:28:26 [   DEBUG] Query eseguita in 0.04 secondi: 
CREATE TABLE nodes (
	id SERIAL NOT NULL, 
	name VARCHAR NOT NULL, 
	description VARCHAR, 
	nfc_id VARCHAR NOT NULL, 
	house_id INTEGER NOT NULL, 
	room_id INTEGER, 
	PRIMARY KEY (id), 
	FOREIGN KEY(house_id) REFERENCES houses (id), 
	FOREIGN KEY(room_id) REFERENCES rooms (id)
)

 (session.py:30)
2025-06-17 11:28:26 [    INFO] CREATE UNIQUE INDEX ix_nodes_nfc_id ON nodes (nfc_id) (base.py:1842)
2025-06-17 11:28:26 [    INFO] [no key 0.00075s] {} (base.py:1842)
2025-06-17 11:28:26 [   DEBUG] Query eseguita in 0.01 secondi: CREATE UNIQUE INDEX ix_nodes_nfc_id ON nodes (nfc_id) (session.py:30)
2025-06-17 11:28:26 [    INFO] 
CREATE TABLE bookings (
	id SERIAL NOT NULL, 
	room_id INTEGER NOT NULL, 
	user_id INTEGER NOT NULL, 
	start_time TIMESTAMP WITHOUT TIME ZONE NOT NULL, 
	end_time TIMESTAMP WITHOUT TIME ZONE NOT NULL, 
	status VARCHAR NOT NULL, 
	notes VARCHAR, 
	created_at TIMESTAMP WITHOUT TIME ZONE NOT NULL, 
	updated_at TIMESTAMP WITHOUT TIME ZONE NOT NULL, 
	PRIMARY KEY (id), 
	FOREIGN KEY(room_id) REFERENCES rooms (id), 
	FOREIGN KEY(user_id) REFERENCES "user" (id)
)

 (base.py:1842)
2025-06-17 11:28:26 [    INFO] [no key 0.00090s] {} (base.py:1842)
2025-06-17 11:28:26 [   DEBUG] Query eseguita in 0.04 secondi: 
CREATE TABLE bookings (
	id SERIAL NOT NULL, 
	room_id INTEGER NOT NULL, 
	user_id INTEGER NOT NULL, 
	start_time TIMESTAMP WITHOUT TIME ZONE NOT NULL, 
	end_time TIMESTAMP WITHOUT TIME ZONE NOT NULL, 
	status VARCHAR NOT NULL, 
	notes VARCHAR, 
	created_at TIMESTAMP WITHOUT TIME ZONE NOT NULL, 
	updated_at TIMESTAMP WITHOUT TIME ZONE NOT NULL, 
	PRIMARY KEY (id), 
	FOREIGN KEY(room_id) REFERENCES rooms (id), 
	FOREIGN KEY(user_id) REFERENCES "user" (id)
)

 (session.py:30)
2025-06-17 11:28:26 [    INFO] 
CREATE TABLE documents (
	id SERIAL NOT NULL, 
	created_at TIMESTAMP WITHOUT TIME ZONE NOT NULL, 
	updated_at TIMESTAMP WITHOUT TIME ZONE NOT NULL, 
	owner_id INTEGER NOT NULL, 
	name VARCHAR NOT NULL, 
	type VARCHAR NOT NULL, 
	size INTEGER NOT NULL, 
	upload_date TIMESTAMP WITHOUT TIME ZONE NOT NULL, 
	path VARCHAR NOT NULL, 
	checksum VARCHAR NOT NULL, 
	house_id INTEGER, 
	node_id INTEGER, 
	description VARCHAR, 
	PRIMARY KEY (id), 
	FOREIGN KEY(owner_id) REFERENCES "user" (id), 
	FOREIGN KEY(house_id) REFERENCES houses (id), 
	FOREIGN KEY(node_id) REFERENCES nodes (id)
)

 (base.py:1842)
2025-06-17 11:28:26 [    INFO] [no key 0.00312s] {} (base.py:1842)
2025-06-17 11:28:26 [   DEBUG] Query eseguita in 0.04 secondi: 
CREATE TABLE documents (
	id SERIAL NOT NULL, 
	created_at TIMESTAMP WITHOUT TIME ZONE NOT NULL, 
	updated_at TIMESTAMP WITHOUT TIME ZONE NOT NULL, 
	owner_id INTEGER NOT NULL, 
	name VARCHAR NOT NULL, 
	type VARCHAR NOT NULL, 
	size INTEGER NOT NULL, 
	upload_date TIMESTAMP WITHOUT TIME ZONE NOT NULL, 
	path VARCHAR NOT NULL, 
	checksum VARCHAR NOT NULL, 
	house_id INTEGER, 
	node_id INTEGER, 
	description VARCHAR, 
	PRIMARY KEY (id), 
	FOREIGN KEY(owner_id) REFERENCES "user" (id), 
	FOREIGN KEY(house_id) REFERENCES houses (id), 
	FOREIGN KEY(node_id) REFERENCES nodes (id)
)

 (session.py:30)
2025-06-17 11:28:26 [    INFO] CREATE INDEX ix_documents_owner_id ON documents (owner_id) (base.py:1842)
2025-06-17 11:28:26 [    INFO] [no key 0.00189s] {} (base.py:1842)
2025-06-17 11:28:26 [   DEBUG] Query eseguita in 0.02 secondi: CREATE INDEX ix_documents_owner_id ON documents (owner_id) (session.py:30)
2025-06-17 11:28:26 [    INFO] 
CREATE TABLE document_versions (
	id SERIAL NOT NULL, 
	version_number INTEGER NOT NULL, 
	file_path VARCHAR NOT NULL, 
	file_size INTEGER NOT NULL, 
	checksum VARCHAR NOT NULL, 
	created_at TIMESTAMP WITHOUT TIME ZONE NOT NULL, 
	updated_at TIMESTAMP WITHOUT TIME ZONE NOT NULL, 
	document_id INTEGER NOT NULL, 
	created_by_id INTEGER, 
	PRIMARY KEY (id), 
	FOREIGN KEY(document_id) REFERENCES documents (id), 
	FOREIGN KEY(created_by_id) REFERENCES "user" (id)
)

 (base.py:1842)
2025-06-17 11:28:26 [    INFO] [no key 0.00229s] {} (base.py:1842)
2025-06-17 11:28:26 [   DEBUG] Query eseguita in 0.04 secondi: 
CREATE TABLE document_versions (
	id SERIAL NOT NULL, 
	version_number INTEGER NOT NULL, 
	file_path VARCHAR NOT NULL, 
	file_size INTEGER NOT NULL, 
	checksum VARCHAR NOT NULL, 
	created_at TIMESTAMP WITHOUT TIME ZONE NOT NULL, 
	updated_at TIMESTAMP WITHOUT TIME ZONE NOT NULL, 
	document_id INTEGER NOT NULL, 
	created_by_id INTEGER, 
	PRIMARY KEY (id), 
	FOREIGN KEY(document_id) REFERENCES documents (id), 
	FOREIGN KEY(created_by_id) REFERENCES "user" (id)
)

 (session.py:30)
2025-06-17 11:28:26 [    INFO] CREATE INDEX ix_document_versions_version_number ON document_versions (version_number) (base.py:1842)
2025-06-17 11:28:26 [    INFO] [no key 0.00312s] {} (base.py:1842)
2025-06-17 11:28:26 [   DEBUG] Query eseguita in 0.01 secondi: CREATE INDEX ix_document_versions_version_number ON document_versions (version_number) (session.py:30)
2025-06-17 11:28:26 [    INFO] CREATE INDEX ix_document_versions_created_by_id ON document_versions (created_by_id) (base.py:1842)
2025-06-17 11:28:26 [    INFO] [no key 0.00153s] {} (base.py:1842)
2025-06-17 11:28:26 [   DEBUG] Query eseguita in 0.01 secondi: CREATE INDEX ix_document_versions_created_by_id ON document_versions (created_by_id) (session.py:30)
2025-06-17 11:28:26 [    INFO] CREATE INDEX ix_document_versions_document_id ON document_versions (document_id) (base.py:1842)
2025-06-17 11:28:26 [    INFO] [no key 0.00307s] {} (base.py:1842)
2025-06-17 11:28:26 [   DEBUG] Query eseguita in 0.01 secondi: CREATE INDEX ix_document_versions_document_id ON document_versions (document_id) (session.py:30)
2025-06-17 11:28:26 [    INFO] 
CREATE TABLE maintenance_records (
	id SERIAL NOT NULL, 
	node_id INTEGER NOT NULL, 
	timestamp TIMESTAMP WITHOUT TIME ZONE NOT NULL, 
	maintenance_type maintenancetype NOT NULL, 
	description VARCHAR NOT NULL, 
	status maintenancestatus NOT NULL, 
	notes VARCHAR, 
	document_id INTEGER, 
	PRIMARY KEY (id), 
	FOREIGN KEY(node_id) REFERENCES nodes (id), 
	FOREIGN KEY(document_id) REFERENCES documents (id)
)

 (base.py:1842)
2025-06-17 11:28:26 [    INFO] [no key 0.00314s] {} (base.py:1842)
2025-06-17 11:28:26 [   DEBUG] Query eseguita in 0.03 secondi: 
CREATE TABLE maintenance_records (
	id SERIAL NOT NULL, 
	node_id INTEGER NOT NULL, 
	timestamp TIMESTAMP WITHOUT TIME ZONE NOT NULL, 
	maintenance_type maintenancetype NOT NULL, 
	description VARCHAR NOT NULL, 
	status maintenancestatus NOT NULL, 
	notes VARCHAR, 
	document_id INTEGER, 
	PRIMARY KEY (id), 
	FOREIGN KEY(node_id) REFERENCES nodes (id), 
	FOREIGN KEY(document_id) REFERENCES documents (id)
)

 (session.py:30)
2025-06-17 11:28:26 [    INFO] CREATE INDEX ix_maintenance_records_node_id ON maintenance_records (node_id) (base.py:1842)
2025-06-17 11:28:26 [    INFO] [no key 0.00230s] {} (base.py:1842)
2025-06-17 11:28:27 [   DEBUG] Query eseguita in 0.01 secondi: CREATE INDEX ix_maintenance_records_node_id ON maintenance_records (node_id) (session.py:30)
2025-06-17 11:28:27 [    INFO] COMMIT (base.py:2704)
2025-06-17 11:28:27 [   DEBUG] Test database tables created successfully (test_users.py:52)
2025-06-17 11:28:27 [   DEBUG] Test database session created successfully (test_users.py:55)
2025-06-17 11:28:27 [   DEBUG] Overriding get_session for tests... (conftest.py:269)
2025-06-17 11:28:27 [   DEBUG] Setting up FakeRedis for tests... (conftest_redis.py:18)
2025-06-17 11:28:27 [   DEBUG] Connessione Redis stabilita con successo (redis.py:24)
-------------------------------- live log call --------------------------------
2025-06-17 11:28:27 [   DEBUG] Using proactor: IocpProactor (proactor_events.py:631)
2025-06-17 11:28:27 [    INFO] HTTP Request: POST http://testserver/api/v1/auth/register "HTTP/1.1 422 Unprocessable Entity" (_client.py:1025)
PASSED                                                                   [ 64%]
------------------------------ live log teardown ------------------------------
2025-06-17 11:28:27 [   DEBUG] Restored original Redis client (conftest_redis.py:29)
2025-06-17 11:28:27 [   DEBUG] get_session override cleared (conftest.py:275)
2025-06-17 11:28:27 [   DEBUG] Cleaning up test database session... (test_users.py:57)
2025-06-17 11:28:27 [    INFO] BEGIN (implicit) (base.py:2698)
2025-06-17 11:28:27 [    INFO] DROP SCHEMA public CASCADE (base.py:1842)
2025-06-17 11:28:27 [    INFO] [generated in 0.00414s] {} (base.py:1842)
2025-06-17 11:28:27 [   DEBUG] Query eseguita in 0.10 secondi: DROP SCHEMA public CASCADE (session.py:30)
2025-06-17 11:28:27 [    INFO] CREATE SCHEMA public (base.py:1842)
2025-06-17 11:28:27 [    INFO] [generated in 0.00245s] {} (base.py:1842)
2025-06-17 11:28:27 [   DEBUG] Query eseguita in 0.01 secondi: CREATE SCHEMA public (session.py:30)
2025-06-17 11:28:27 [    INFO] COMMIT (base.py:2704)
2025-06-17 11:28:27 [   DEBUG] Test database cleanup completed (test_users.py:63)
2025-06-17 11:28:27 [   DEBUG] Session fixture completed in 2.17 seconds (test_users.py:68)

tests/api/test_users.py::test_create_user_invalid_password[pass\nword] 
------------------------------- live log setup --------------------------------
2025-06-17 11:28:27 [   DEBUG] Setting up test database session... (test_users.py:38)
2025-06-17 11:28:28 [    INFO] select pg_catalog.version() (base.py:1842)
2025-06-17 11:28:28 [    INFO] [raw sql] {} (base.py:1842)
2025-06-17 11:28:28 [    INFO] select current_schema() (base.py:1842)
2025-06-17 11:28:28 [    INFO] [raw sql] {} (base.py:1842)
2025-06-17 11:28:28 [    INFO] show standard_conforming_strings (base.py:1842)
2025-06-17 11:28:28 [    INFO] [raw sql] {} (base.py:1842)
2025-06-17 11:28:28 [    INFO] BEGIN (implicit) (base.py:2698)
2025-06-17 11:28:28 [    INFO] SELECT pg_catalog.pg_class.relname 
FROM pg_catalog.pg_class JOIN pg_catalog.pg_namespace ON pg_catalog.pg_namespace.oid = pg_catalog.pg_class.relnamespace 
WHERE pg_catalog.pg_class.relname = %(table_name)s AND pg_catalog.pg_class.relkind = ANY (ARRAY[%(param_1)s, %(param_2)s, %(param_3)s, %(param_4)s, %(param_5)s]) AND pg_catalog.pg_table_is_visible(pg_catalog.pg_class.oid) AND pg_catalog.pg_namespace.nspname != %(nspname_1)s (base.py:1842)
2025-06-17 11:28:28 [    INFO] [generated in 0.00373s] {'table_name': 'user', 'param_1': 'r', 'param_2': 'p', 'param_3': 'f', 'param_4': 'v', 'param_5': 'm', 'nspname_1': 'pg_catalog'} (base.py:1842)
2025-06-17 11:28:28 [   DEBUG] Query eseguita in 0.02 secondi: SELECT pg_catalog.pg_class.relname 
FROM pg_catalog.pg_class JOIN pg_catalog.pg_namespace ON pg_catalog.pg_namespace.oid = pg_catalog.pg_class.relnamespace 
WHERE pg_catalog.pg_class.relname = %(table_name)s AND pg_catalog.pg_class.relkind = ANY (ARRAY[%(param_1)s, %(param_2)s, %(param_3)s, %(param_4)s, %(param_5)s]) AND pg_catalog.pg_table_is_visible(pg_catalog.pg_class.oid) AND pg_catalog.pg_namespace.nspname != %(nspname_1)s (session.py:30)
2025-06-17 11:28:28 [    INFO] SELECT pg_catalog.pg_class.relname 
FROM pg_catalog.pg_class JOIN pg_catalog.pg_namespace ON pg_catalog.pg_namespace.oid = pg_catalog.pg_class.relnamespace 
WHERE pg_catalog.pg_class.relname = %(table_name)s AND pg_catalog.pg_class.relkind = ANY (ARRAY[%(param_1)s, %(param_2)s, %(param_3)s, %(param_4)s, %(param_5)s]) AND pg_catalog.pg_table_is_visible(pg_catalog.pg_class.oid) AND pg_catalog.pg_namespace.nspname != %(nspname_1)s (base.py:1842)
2025-06-17 11:28:28 [    INFO] [cached since 0.02396s ago] {'table_name': 'documents', 'param_1': 'r', 'param_2': 'p', 'param_3': 'f', 'param_4': 'v', 'param_5': 'm', 'nspname_1': 'pg_catalog'} (base.py:1842)
2025-06-17 11:28:28 [   DEBUG] Query eseguita in 0.01 secondi: SELECT pg_catalog.pg_class.relname 
FROM pg_catalog.pg_class JOIN pg_catalog.pg_namespace ON pg_catalog.pg_namespace.oid = pg_catalog.pg_class.relnamespace 
WHERE pg_catalog.pg_class.relname = %(table_name)s AND pg_catalog.pg_class.relkind = ANY (ARRAY[%(param_1)s, %(param_2)s, %(param_3)s, %(param_4)s, %(param_5)s]) AND pg_catalog.pg_table_is_visible(pg_catalog.pg_class.oid) AND pg_catalog.pg_namespace.nspname != %(nspname_1)s (session.py:30)
2025-06-17 11:28:28 [    INFO] SELECT pg_catalog.pg_class.relname 
FROM pg_catalog.pg_class JOIN pg_catalog.pg_namespace ON pg_catalog.pg_namespace.oid = pg_catalog.pg_class.relnamespace 
WHERE pg_catalog.pg_class.relname = %(table_name)s AND pg_catalog.pg_class.relkind = ANY (ARRAY[%(param_1)s, %(param_2)s, %(param_3)s, %(param_4)s, %(param_5)s]) AND pg_catalog.pg_table_is_visible(pg_catalog.pg_class.oid) AND pg_catalog.pg_namespace.nspname != %(nspname_1)s (base.py:1842)
2025-06-17 11:28:28 [    INFO] [cached since 0.03244s ago] {'table_name': 'document_versions', 'param_1': 'r', 'param_2': 'p', 'param_3': 'f', 'param_4': 'v', 'param_5': 'm', 'nspname_1': 'pg_catalog'} (base.py:1842)
2025-06-17 11:28:28 [   DEBUG] Query eseguita in 0.01 secondi: SELECT pg_catalog.pg_class.relname 
FROM pg_catalog.pg_class JOIN pg_catalog.pg_namespace ON pg_catalog.pg_namespace.oid = pg_catalog.pg_class.relnamespace 
WHERE pg_catalog.pg_class.relname = %(table_name)s AND pg_catalog.pg_class.relkind = ANY (ARRAY[%(param_1)s, %(param_2)s, %(param_3)s, %(param_4)s, %(param_5)s]) AND pg_catalog.pg_table_is_visible(pg_catalog.pg_class.oid) AND pg_catalog.pg_namespace.nspname != %(nspname_1)s (session.py:30)
2025-06-17 11:28:28 [    INFO] SELECT pg_catalog.pg_class.relname 
FROM pg_catalog.pg_class JOIN pg_catalog.pg_namespace ON pg_catalog.pg_namespace.oid = pg_catalog.pg_class.relnamespace 
WHERE pg_catalog.pg_class.relname = %(table_name)s AND pg_catalog.pg_class.relkind = ANY (ARRAY[%(param_1)s, %(param_2)s, %(param_3)s, %(param_4)s, %(param_5)s]) AND pg_catalog.pg_table_is_visible(pg_catalog.pg_class.oid) AND pg_catalog.pg_namespace.nspname != %(nspname_1)s (base.py:1842)
2025-06-17 11:28:28 [    INFO] [cached since 0.04304s ago] {'table_name': 'houses', 'param_1': 'r', 'param_2': 'p', 'param_3': 'f', 'param_4': 'v', 'param_5': 'm', 'nspname_1': 'pg_catalog'} (base.py:1842)
2025-06-17 11:28:28 [   DEBUG] Query eseguita in 0.00 secondi: SELECT pg_catalog.pg_class.relname 
FROM pg_catalog.pg_class JOIN pg_catalog.pg_namespace ON pg_catalog.pg_namespace.oid = pg_catalog.pg_class.relnamespace 
WHERE pg_catalog.pg_class.relname = %(table_name)s AND pg_catalog.pg_class.relkind = ANY (ARRAY[%(param_1)s, %(param_2)s, %(param_3)s, %(param_4)s, %(param_5)s]) AND pg_catalog.pg_table_is_visible(pg_catalog.pg_class.oid) AND pg_catalog.pg_namespace.nspname != %(nspname_1)s (session.py:30)
2025-06-17 11:28:28 [    INFO] SELECT pg_catalog.pg_class.relname 
FROM pg_catalog.pg_class JOIN pg_catalog.pg_namespace ON pg_catalog.pg_namespace.oid = pg_catalog.pg_class.relnamespace 
WHERE pg_catalog.pg_class.relname = %(table_name)s AND pg_catalog.pg_class.relkind = ANY (ARRAY[%(param_1)s, %(param_2)s, %(param_3)s, %(param_4)s, %(param_5)s]) AND pg_catalog.pg_table_is_visible(pg_catalog.pg_class.oid) AND pg_catalog.pg_namespace.nspname != %(nspname_1)s (base.py:1842)
2025-06-17 11:28:28 [    INFO] [cached since 0.05017s ago] {'table_name': 'nodes', 'param_1': 'r', 'param_2': 'p', 'param_3': 'f', 'param_4': 'v', 'param_5': 'm', 'nspname_1': 'pg_catalog'} (base.py:1842)
2025-06-17 11:28:28 [   DEBUG] Query eseguita in 0.01 secondi: SELECT pg_catalog.pg_class.relname 
FROM pg_catalog.pg_class JOIN pg_catalog.pg_namespace ON pg_catalog.pg_namespace.oid = pg_catalog.pg_class.relnamespace 
WHERE pg_catalog.pg_class.relname = %(table_name)s AND pg_catalog.pg_class.relkind = ANY (ARRAY[%(param_1)s, %(param_2)s, %(param_3)s, %(param_4)s, %(param_5)s]) AND pg_catalog.pg_table_is_visible(pg_catalog.pg_class.oid) AND pg_catalog.pg_namespace.nspname != %(nspname_1)s (session.py:30)
2025-06-17 11:28:28 [    INFO] SELECT pg_catalog.pg_class.relname 
FROM pg_catalog.pg_class JOIN pg_catalog.pg_namespace ON pg_catalog.pg_namespace.oid = pg_catalog.pg_class.relnamespace 
WHERE pg_catalog.pg_class.relname = %(table_name)s AND pg_catalog.pg_class.relkind = ANY (ARRAY[%(param_1)s, %(param_2)s, %(param_3)s, %(param_4)s, %(param_5)s]) AND pg_catalog.pg_table_is_visible(pg_catalog.pg_class.oid) AND pg_catalog.pg_namespace.nspname != %(nspname_1)s (base.py:1842)
2025-06-17 11:28:28 [    INFO] [cached since 0.06019s ago] {'table_name': 'rooms', 'param_1': 'r', 'param_2': 'p', 'param_3': 'f', 'param_4': 'v', 'param_5': 'm', 'nspname_1': 'pg_catalog'} (base.py:1842)
2025-06-17 11:28:28 [   DEBUG] Query eseguita in 0.00 secondi: SELECT pg_catalog.pg_class.relname 
FROM pg_catalog.pg_class JOIN pg_catalog.pg_namespace ON pg_catalog.pg_namespace.oid = pg_catalog.pg_class.relnamespace 
WHERE pg_catalog.pg_class.relname = %(table_name)s AND pg_catalog.pg_class.relkind = ANY (ARRAY[%(param_1)s, %(param_2)s, %(param_3)s, %(param_4)s, %(param_5)s]) AND pg_catalog.pg_table_is_visible(pg_catalog.pg_class.oid) AND pg_catalog.pg_namespace.nspname != %(nspname_1)s (session.py:30)
2025-06-17 11:28:28 [    INFO] SELECT pg_catalog.pg_class.relname 
FROM pg_catalog.pg_class JOIN pg_catalog.pg_namespace ON pg_catalog.pg_namespace.oid = pg_catalog.pg_class.relnamespace 
WHERE pg_catalog.pg_class.relname = %(table_name)s AND pg_catalog.pg_class.relkind = ANY (ARRAY[%(param_1)s, %(param_2)s, %(param_3)s, %(param_4)s, %(param_5)s]) AND pg_catalog.pg_table_is_visible(pg_catalog.pg_class.oid) AND pg_catalog.pg_namespace.nspname != %(nspname_1)s (base.py:1842)
2025-06-17 11:28:28 [    INFO] [cached since 0.06756s ago] {'table_name': 'bookings', 'param_1': 'r', 'param_2': 'p', 'param_3': 'f', 'param_4': 'v', 'param_5': 'm', 'nspname_1': 'pg_catalog'} (base.py:1842)
2025-06-17 11:28:28 [   DEBUG] Query eseguita in 0.01 secondi: SELECT pg_catalog.pg_class.relname 
FROM pg_catalog.pg_class JOIN pg_catalog.pg_namespace ON pg_catalog.pg_namespace.oid = pg_catalog.pg_class.relnamespace 
WHERE pg_catalog.pg_class.relname = %(table_name)s AND pg_catalog.pg_class.relkind = ANY (ARRAY[%(param_1)s, %(param_2)s, %(param_3)s, %(param_4)s, %(param_5)s]) AND pg_catalog.pg_table_is_visible(pg_catalog.pg_class.oid) AND pg_catalog.pg_namespace.nspname != %(nspname_1)s (session.py:30)
2025-06-17 11:28:28 [    INFO] SELECT pg_catalog.pg_class.relname 
FROM pg_catalog.pg_class JOIN pg_catalog.pg_namespace ON pg_catalog.pg_namespace.oid = pg_catalog.pg_class.relnamespace 
WHERE pg_catalog.pg_class.relname = %(table_name)s AND pg_catalog.pg_class.relkind = ANY (ARRAY[%(param_1)s, %(param_2)s, %(param_3)s, %(param_4)s, %(param_5)s]) AND pg_catalog.pg_table_is_visible(pg_catalog.pg_class.oid) AND pg_catalog.pg_namespace.nspname != %(nspname_1)s (base.py:1842)
2025-06-17 11:28:28 [    INFO] [cached since 0.07694s ago] {'table_name': 'maintenance_records', 'param_1': 'r', 'param_2': 'p', 'param_3': 'f', 'param_4': 'v', 'param_5': 'm', 'nspname_1': 'pg_catalog'} (base.py:1842)
2025-06-17 11:28:28 [   DEBUG] Query eseguita in 0.00 secondi: SELECT pg_catalog.pg_class.relname 
FROM pg_catalog.pg_class JOIN pg_catalog.pg_namespace ON pg_catalog.pg_namespace.oid = pg_catalog.pg_class.relnamespace 
WHERE pg_catalog.pg_class.relname = %(table_name)s AND pg_catalog.pg_class.relkind = ANY (ARRAY[%(param_1)s, %(param_2)s, %(param_3)s, %(param_4)s, %(param_5)s]) AND pg_catalog.pg_table_is_visible(pg_catalog.pg_class.oid) AND pg_catalog.pg_namespace.nspname != %(nspname_1)s (session.py:30)
2025-06-17 11:28:28 [    INFO] SELECT pg_catalog.pg_type.typname 
FROM pg_catalog.pg_type JOIN pg_catalog.pg_namespace ON pg_catalog.pg_namespace.oid = pg_catalog.pg_type.typnamespace 
WHERE pg_catalog.pg_type.typname = %(typname_1)s AND pg_catalog.pg_type_is_visible(pg_catalog.pg_type.oid) AND pg_catalog.pg_namespace.nspname != %(nspname_1)s (base.py:1842)
2025-06-17 11:28:28 [    INFO] [generated in 0.00194s] {'typname_1': 'maintenancetype', 'nspname_1': 'pg_catalog'} (base.py:1842)
2025-06-17 11:28:28 [   DEBUG] Query eseguita in 0.00 secondi: SELECT pg_catalog.pg_type.typname 
FROM pg_catalog.pg_type JOIN pg_catalog.pg_namespace ON pg_catalog.pg_namespace.oid = pg_catalog.pg_type.typnamespace 
WHERE pg_catalog.pg_type.typname = %(typname_1)s AND pg_catalog.pg_type_is_visible(pg_catalog.pg_type.oid) AND pg_catalog.pg_namespace.nspname != %(nspname_1)s (session.py:30)
2025-06-17 11:28:28 [    INFO] CREATE TYPE maintenancetype AS ENUM ('ROUTINE', 'PREVENTIVE', 'CORRECTIVE', 'EMERGENCY', 'INSPECTION') (base.py:1842)
2025-06-17 11:28:28 [    INFO] [no key 0.00271s] {} (base.py:1842)
2025-06-17 11:28:28 [   DEBUG] Query eseguita in 0.01 secondi: CREATE TYPE maintenancetype AS ENUM ('ROUTINE', 'PREVENTIVE', 'CORRECTIVE', 'EMERGENCY', 'INSPECTION') (session.py:30)
2025-06-17 11:28:28 [    INFO] SELECT pg_catalog.pg_type.typname 
FROM pg_catalog.pg_type JOIN pg_catalog.pg_namespace ON pg_catalog.pg_namespace.oid = pg_catalog.pg_type.typnamespace 
WHERE pg_catalog.pg_type.typname = %(typname_1)s AND pg_catalog.pg_type_is_visible(pg_catalog.pg_type.oid) AND pg_catalog.pg_namespace.nspname != %(nspname_1)s (base.py:1842)
2025-06-17 11:28:28 [    INFO] [cached since 0.02056s ago] {'typname_1': 'maintenancestatus', 'nspname_1': 'pg_catalog'} (base.py:1842)
2025-06-17 11:28:28 [   DEBUG] Query eseguita in 0.00 secondi: SELECT pg_catalog.pg_type.typname 
FROM pg_catalog.pg_type JOIN pg_catalog.pg_namespace ON pg_catalog.pg_namespace.oid = pg_catalog.pg_type.typnamespace 
WHERE pg_catalog.pg_type.typname = %(typname_1)s AND pg_catalog.pg_type_is_visible(pg_catalog.pg_type.oid) AND pg_catalog.pg_namespace.nspname != %(nspname_1)s (session.py:30)
2025-06-17 11:28:28 [    INFO] CREATE TYPE maintenancestatus AS ENUM ('PENDING', 'COMPLETED', 'FAILED') (base.py:1842)
2025-06-17 11:28:28 [    INFO] [no key 0.00133s] {} (base.py:1842)
2025-06-17 11:28:28 [   DEBUG] Query eseguita in 0.01 secondi: CREATE TYPE maintenancestatus AS ENUM ('PENDING', 'COMPLETED', 'FAILED') (session.py:30)
2025-06-17 11:28:28 [    INFO] 
CREATE TABLE "user" (
	id SERIAL NOT NULL, 
	email VARCHAR NOT NULL, 
	username VARCHAR NOT NULL, 
	hashed_password VARCHAR NOT NULL, 
	is_active BOOLEAN NOT NULL, 
	is_superuser BOOLEAN NOT NULL, 
	is_verified BOOLEAN NOT NULL, 
	created_at TIMESTAMP WITHOUT TIME ZONE NOT NULL, 
	updated_at TIMESTAMP WITHOUT TIME ZONE NOT NULL, 
	last_login TIMESTAMP WITH TIME ZONE, 
	full_name VARCHAR(255), 
	phone_number VARCHAR(20), 
	PRIMARY KEY (id)
)

 (base.py:1842)
2025-06-17 11:28:28 [    INFO] [no key 0.00465s] {} (base.py:1842)
2025-06-17 11:28:28 [   DEBUG] Query eseguita in 0.05 secondi: 
CREATE TABLE "user" (
	id SERIAL NOT NULL, 
	email VARCHAR NOT NULL, 
	username VARCHAR NOT NULL, 
	hashed_password VARCHAR NOT NULL, 
	is_active BOOLEAN NOT NULL, 
	is_superuser BOOLEAN NOT NULL, 
	is_verified BOOLEAN NOT NULL, 
	created_at TIMESTAMP WITHOUT TIME ZONE NOT NULL, 
	updated_at TIMESTAMP WITHOUT TIME ZONE NOT NULL, 
	last_login TIMESTAMP WITH TIME ZONE, 
	full_name VARCHAR(255), 
	phone_number VARCHAR(20), 
	PRIMARY KEY (id)
)

 (session.py:30)
2025-06-17 11:28:28 [    INFO] CREATE UNIQUE INDEX ix_user_email ON "user" (email) (base.py:1842)
2025-06-17 11:28:28 [    INFO] [no key 0.00078s] {} (base.py:1842)
2025-06-17 11:28:28 [   DEBUG] Query eseguita in 0.01 secondi: CREATE UNIQUE INDEX ix_user_email ON "user" (email) (session.py:30)
2025-06-17 11:28:28 [    INFO] CREATE UNIQUE INDEX ix_user_username ON "user" (username) (base.py:1842)
2025-06-17 11:28:28 [    INFO] [no key 0.00376s] {} (base.py:1842)
2025-06-17 11:28:28 [   DEBUG] Query eseguita in 0.01 secondi: CREATE UNIQUE INDEX ix_user_username ON "user" (username) (session.py:30)
2025-06-17 11:28:28 [    INFO] 
CREATE TABLE houses (
	id SERIAL NOT NULL, 
	name VARCHAR NOT NULL, 
	address VARCHAR NOT NULL, 
	owner_id INTEGER NOT NULL, 
	created_at TIMESTAMP WITHOUT TIME ZONE NOT NULL, 
	updated_at TIMESTAMP WITHOUT TIME ZONE NOT NULL, 
	PRIMARY KEY (id), 
	FOREIGN KEY(owner_id) REFERENCES "user" (id)
)

 (base.py:1842)
2025-06-17 11:28:28 [    INFO] [no key 0.00487s] {} (base.py:1842)
2025-06-17 11:28:28 [   DEBUG] Query eseguita in 0.04 secondi: 
CREATE TABLE houses (
	id SERIAL NOT NULL, 
	name VARCHAR NOT NULL, 
	address VARCHAR NOT NULL, 
	owner_id INTEGER NOT NULL, 
	created_at TIMESTAMP WITHOUT TIME ZONE NOT NULL, 
	updated_at TIMESTAMP WITHOUT TIME ZONE NOT NULL, 
	PRIMARY KEY (id), 
	FOREIGN KEY(owner_id) REFERENCES "user" (id)
)

 (session.py:30)
2025-06-17 11:28:28 [    INFO] CREATE INDEX ix_houses_name ON houses (name) (base.py:1842)
2025-06-17 11:28:28 [    INFO] [no key 0.00295s] {} (base.py:1842)
2025-06-17 11:28:28 [   DEBUG] Query eseguita in 0.01 secondi: CREATE INDEX ix_houses_name ON houses (name) (session.py:30)
2025-06-17 11:28:28 [    INFO] 
CREATE TABLE rooms (
	id SERIAL NOT NULL, 
	name VARCHAR NOT NULL, 
	description VARCHAR, 
	floor INTEGER NOT NULL, 
	area FLOAT NOT NULL, 
	house_id INTEGER NOT NULL, 
	created_at TIMESTAMP WITHOUT TIME ZONE NOT NULL, 
	updated_at TIMESTAMP WITHOUT TIME ZONE NOT NULL, 
	PRIMARY KEY (id), 
	FOREIGN KEY(house_id) REFERENCES houses (id)
)

 (base.py:1842)
2025-06-17 11:28:28 [    INFO] [no key 0.00162s] {} (base.py:1842)
2025-06-17 11:28:28 [   DEBUG] Query eseguita in 0.03 secondi: 
CREATE TABLE rooms (
	id SERIAL NOT NULL, 
	name VARCHAR NOT NULL, 
	description VARCHAR, 
	floor INTEGER NOT NULL, 
	area FLOAT NOT NULL, 
	house_id INTEGER NOT NULL, 
	created_at TIMESTAMP WITHOUT TIME ZONE NOT NULL, 
	updated_at TIMESTAMP WITHOUT TIME ZONE NOT NULL, 
	PRIMARY KEY (id), 
	FOREIGN KEY(house_id) REFERENCES houses (id)
)

 (session.py:30)
2025-06-17 11:28:28 [    INFO] CREATE INDEX ix_rooms_name ON rooms (name) (base.py:1842)
2025-06-17 11:28:28 [    INFO] [no key 0.00238s] {} (base.py:1842)
2025-06-17 11:28:28 [   DEBUG] Query eseguita in 0.01 secondi: CREATE INDEX ix_rooms_name ON rooms (name) (session.py:30)
2025-06-17 11:28:28 [    INFO] 
CREATE TABLE nodes (
	id SERIAL NOT NULL, 
	name VARCHAR NOT NULL, 
	description VARCHAR, 
	nfc_id VARCHAR NOT NULL, 
	house_id INTEGER NOT NULL, 
	room_id INTEGER, 
	PRIMARY KEY (id), 
	FOREIGN KEY(house_id) REFERENCES houses (id), 
	FOREIGN KEY(room_id) REFERENCES rooms (id)
)

 (base.py:1842)
2025-06-17 11:28:28 [    INFO] [no key 0.00122s] {} (base.py:1842)
2025-06-17 11:28:28 [   DEBUG] Query eseguita in 0.04 secondi: 
CREATE TABLE nodes (
	id SERIAL NOT NULL, 
	name VARCHAR NOT NULL, 
	description VARCHAR, 
	nfc_id VARCHAR NOT NULL, 
	house_id INTEGER NOT NULL, 
	room_id INTEGER, 
	PRIMARY KEY (id), 
	FOREIGN KEY(house_id) REFERENCES houses (id), 
	FOREIGN KEY(room_id) REFERENCES rooms (id)
)

 (session.py:30)
2025-06-17 11:28:28 [    INFO] CREATE UNIQUE INDEX ix_nodes_nfc_id ON nodes (nfc_id) (base.py:1842)
2025-06-17 11:28:28 [    INFO] [no key 0.00140s] {} (base.py:1842)
2025-06-17 11:28:28 [   DEBUG] Query eseguita in 0.01 secondi: CREATE UNIQUE INDEX ix_nodes_nfc_id ON nodes (nfc_id) (session.py:30)
2025-06-17 11:28:28 [    INFO] 
CREATE TABLE bookings (
	id SERIAL NOT NULL, 
	room_id INTEGER NOT NULL, 
	user_id INTEGER NOT NULL, 
	start_time TIMESTAMP WITHOUT TIME ZONE NOT NULL, 
	end_time TIMESTAMP WITHOUT TIME ZONE NOT NULL, 
	status VARCHAR NOT NULL, 
	notes VARCHAR, 
	created_at TIMESTAMP WITHOUT TIME ZONE NOT NULL, 
	updated_at TIMESTAMP WITHOUT TIME ZONE NOT NULL, 
	PRIMARY KEY (id), 
	FOREIGN KEY(room_id) REFERENCES rooms (id), 
	FOREIGN KEY(user_id) REFERENCES "user" (id)
)

 (base.py:1842)
2025-06-17 11:28:28 [    INFO] [no key 0.00361s] {} (base.py:1842)
2025-06-17 11:28:28 [   DEBUG] Query eseguita in 0.05 secondi: 
CREATE TABLE bookings (
	id SERIAL NOT NULL, 
	room_id INTEGER NOT NULL, 
	user_id INTEGER NOT NULL, 
	start_time TIMESTAMP WITHOUT TIME ZONE NOT NULL, 
	end_time TIMESTAMP WITHOUT TIME ZONE NOT NULL, 
	status VARCHAR NOT NULL, 
	notes VARCHAR, 
	created_at TIMESTAMP WITHOUT TIME ZONE NOT NULL, 
	updated_at TIMESTAMP WITHOUT TIME ZONE NOT NULL, 
	PRIMARY KEY (id), 
	FOREIGN KEY(room_id) REFERENCES rooms (id), 
	FOREIGN KEY(user_id) REFERENCES "user" (id)
)

 (session.py:30)
2025-06-17 11:28:28 [    INFO] 
CREATE TABLE documents (
	id SERIAL NOT NULL, 
	created_at TIMESTAMP WITHOUT TIME ZONE NOT NULL, 
	updated_at TIMESTAMP WITHOUT TIME ZONE NOT NULL, 
	owner_id INTEGER NOT NULL, 
	name VARCHAR NOT NULL, 
	type VARCHAR NOT NULL, 
	size INTEGER NOT NULL, 
	upload_date TIMESTAMP WITHOUT TIME ZONE NOT NULL, 
	path VARCHAR NOT NULL, 
	checksum VARCHAR NOT NULL, 
	house_id INTEGER, 
	node_id INTEGER, 
	description VARCHAR, 
	PRIMARY KEY (id), 
	FOREIGN KEY(owner_id) REFERENCES "user" (id), 
	FOREIGN KEY(house_id) REFERENCES houses (id), 
	FOREIGN KEY(node_id) REFERENCES nodes (id)
)

 (base.py:1842)
2025-06-17 11:28:28 [    INFO] [no key 0.00206s] {} (base.py:1842)
2025-06-17 11:28:28 [   DEBUG] Query eseguita in 0.04 secondi: 
CREATE TABLE documents (
	id SERIAL NOT NULL, 
	created_at TIMESTAMP WITHOUT TIME ZONE NOT NULL, 
	updated_at TIMESTAMP WITHOUT TIME ZONE NOT NULL, 
	owner_id INTEGER NOT NULL, 
	name VARCHAR NOT NULL, 
	type VARCHAR NOT NULL, 
	size INTEGER NOT NULL, 
	upload_date TIMESTAMP WITHOUT TIME ZONE NOT NULL, 
	path VARCHAR NOT NULL, 
	checksum VARCHAR NOT NULL, 
	house_id INTEGER, 
	node_id INTEGER, 
	description VARCHAR, 
	PRIMARY KEY (id), 
	FOREIGN KEY(owner_id) REFERENCES "user" (id), 
	FOREIGN KEY(house_id) REFERENCES houses (id), 
	FOREIGN KEY(node_id) REFERENCES nodes (id)
)

 (session.py:30)
2025-06-17 11:28:28 [    INFO] CREATE INDEX ix_documents_owner_id ON documents (owner_id) (base.py:1842)
2025-06-17 11:28:28 [    INFO] [no key 0.00205s] {} (base.py:1842)
2025-06-17 11:28:28 [   DEBUG] Query eseguita in 0.01 secondi: CREATE INDEX ix_documents_owner_id ON documents (owner_id) (session.py:30)
2025-06-17 11:28:28 [    INFO] 
CREATE TABLE document_versions (
	id SERIAL NOT NULL, 
	version_number INTEGER NOT NULL, 
	file_path VARCHAR NOT NULL, 
	file_size INTEGER NOT NULL, 
	checksum VARCHAR NOT NULL, 
	created_at TIMESTAMP WITHOUT TIME ZONE NOT NULL, 
	updated_at TIMESTAMP WITHOUT TIME ZONE NOT NULL, 
	document_id INTEGER NOT NULL, 
	created_by_id INTEGER, 
	PRIMARY KEY (id), 
	FOREIGN KEY(document_id) REFERENCES documents (id), 
	FOREIGN KEY(created_by_id) REFERENCES "user" (id)
)

 (base.py:1842)
2025-06-17 11:28:28 [    INFO] [no key 0.00098s] {} (base.py:1842)
2025-06-17 11:28:28 [   DEBUG] Query eseguita in 0.04 secondi: 
CREATE TABLE document_versions (
	id SERIAL NOT NULL, 
	version_number INTEGER NOT NULL, 
	file_path VARCHAR NOT NULL, 
	file_size INTEGER NOT NULL, 
	checksum VARCHAR NOT NULL, 
	created_at TIMESTAMP WITHOUT TIME ZONE NOT NULL, 
	updated_at TIMESTAMP WITHOUT TIME ZONE NOT NULL, 
	document_id INTEGER NOT NULL, 
	created_by_id INTEGER, 
	PRIMARY KEY (id), 
	FOREIGN KEY(document_id) REFERENCES documents (id), 
	FOREIGN KEY(created_by_id) REFERENCES "user" (id)
)

 (session.py:30)
2025-06-17 11:28:28 [    INFO] CREATE INDEX ix_document_versions_version_number ON document_versions (version_number) (base.py:1842)
2025-06-17 11:28:28 [    INFO] [no key 0.00165s] {} (base.py:1842)
2025-06-17 11:28:28 [   DEBUG] Query eseguita in 0.02 secondi: CREATE INDEX ix_document_versions_version_number ON document_versions (version_number) (session.py:30)
2025-06-17 11:28:28 [    INFO] CREATE INDEX ix_document_versions_created_by_id ON document_versions (created_by_id) (base.py:1842)
2025-06-17 11:28:28 [    INFO] [no key 0.00150s] {} (base.py:1842)
2025-06-17 11:28:28 [   DEBUG] Query eseguita in 0.01 secondi: CREATE INDEX ix_document_versions_created_by_id ON document_versions (created_by_id) (session.py:30)
2025-06-17 11:28:28 [    INFO] CREATE INDEX ix_document_versions_document_id ON document_versions (document_id) (base.py:1842)
2025-06-17 11:28:28 [    INFO] [no key 0.00253s] {} (base.py:1842)
2025-06-17 11:28:28 [   DEBUG] Query eseguita in 0.01 secondi: CREATE INDEX ix_document_versions_document_id ON document_versions (document_id) (session.py:30)
2025-06-17 11:28:28 [    INFO] 
CREATE TABLE maintenance_records (
	id SERIAL NOT NULL, 
	node_id INTEGER NOT NULL, 
	timestamp TIMESTAMP WITHOUT TIME ZONE NOT NULL, 
	maintenance_type maintenancetype NOT NULL, 
	description VARCHAR NOT NULL, 
	status maintenancestatus NOT NULL, 
	notes VARCHAR, 
	document_id INTEGER, 
	PRIMARY KEY (id), 
	FOREIGN KEY(node_id) REFERENCES nodes (id), 
	FOREIGN KEY(document_id) REFERENCES documents (id)
)

 (base.py:1842)
2025-06-17 11:28:28 [    INFO] [no key 0.00447s] {} (base.py:1842)
2025-06-17 11:28:28 [   DEBUG] Query eseguita in 0.04 secondi: 
CREATE TABLE maintenance_records (
	id SERIAL NOT NULL, 
	node_id INTEGER NOT NULL, 
	timestamp TIMESTAMP WITHOUT TIME ZONE NOT NULL, 
	maintenance_type maintenancetype NOT NULL, 
	description VARCHAR NOT NULL, 
	status maintenancestatus NOT NULL, 
	notes VARCHAR, 
	document_id INTEGER, 
	PRIMARY KEY (id), 
	FOREIGN KEY(node_id) REFERENCES nodes (id), 
	FOREIGN KEY(document_id) REFERENCES documents (id)
)

 (session.py:30)
2025-06-17 11:28:28 [    INFO] CREATE INDEX ix_maintenance_records_node_id ON maintenance_records (node_id) (base.py:1842)
2025-06-17 11:28:28 [    INFO] [no key 0.00157s] {} (base.py:1842)
2025-06-17 11:28:28 [   DEBUG] Query eseguita in 0.01 secondi: CREATE INDEX ix_maintenance_records_node_id ON maintenance_records (node_id) (session.py:30)
2025-06-17 11:28:28 [    INFO] COMMIT (base.py:2704)
2025-06-17 11:28:28 [   DEBUG] Test database tables created successfully (test_users.py:52)
2025-06-17 11:28:28 [   DEBUG] Test database session created successfully (test_users.py:55)
2025-06-17 11:28:29 [   DEBUG] Overriding get_session for tests... (conftest.py:269)
2025-06-17 11:28:29 [   DEBUG] Setting up FakeRedis for tests... (conftest_redis.py:18)
2025-06-17 11:28:29 [   DEBUG] Connessione Redis stabilita con successo (redis.py:24)
-------------------------------- live log call --------------------------------
2025-06-17 11:28:29 [   DEBUG] Using proactor: IocpProactor (proactor_events.py:631)
2025-06-17 11:28:29 [    INFO] HTTP Request: POST http://testserver/api/v1/auth/register "HTTP/1.1 422 Unprocessable Entity" (_client.py:1025)
PASSED                                                                   [ 66%]
------------------------------ live log teardown ------------------------------
2025-06-17 11:28:29 [   DEBUG] Restored original Redis client (conftest_redis.py:29)
2025-06-17 11:28:29 [   DEBUG] get_session override cleared (conftest.py:275)
2025-06-17 11:28:29 [   DEBUG] Cleaning up test database session... (test_users.py:57)
2025-06-17 11:28:29 [    INFO] BEGIN (implicit) (base.py:2698)
2025-06-17 11:28:29 [    INFO] DROP SCHEMA public CASCADE (base.py:1842)
2025-06-17 11:28:29 [    INFO] [generated in 0.01417s] {} (base.py:1842)
2025-06-17 11:28:29 [   DEBUG] Query eseguita in 0.15 secondi: DROP SCHEMA public CASCADE (session.py:30)
2025-06-17 11:28:29 [    INFO] CREATE SCHEMA public (base.py:1842)
2025-06-17 11:28:29 [    INFO] [generated in 0.00119s] {} (base.py:1842)
2025-06-17 11:28:29 [   DEBUG] Query eseguita in 0.00 secondi: CREATE SCHEMA public (session.py:30)
2025-06-17 11:28:29 [    INFO] COMMIT (base.py:2704)
2025-06-17 11:28:29 [   DEBUG] Test database cleanup completed (test_users.py:63)
2025-06-17 11:28:29 [   DEBUG] Session fixture completed in 2.04 seconds (test_users.py:68)

tests/api/test_users.py::test_create_user_invalid_password[pass\rword] 
------------------------------- live log setup --------------------------------
2025-06-17 11:28:29 [   DEBUG] Setting up test database session... (test_users.py:38)
2025-06-17 11:28:30 [    INFO] select pg_catalog.version() (base.py:1842)
2025-06-17 11:28:30 [    INFO] [raw sql] {} (base.py:1842)
2025-06-17 11:28:30 [    INFO] select current_schema() (base.py:1842)
2025-06-17 11:28:30 [    INFO] [raw sql] {} (base.py:1842)
2025-06-17 11:28:30 [    INFO] show standard_conforming_strings (base.py:1842)
2025-06-17 11:28:30 [    INFO] [raw sql] {} (base.py:1842)
2025-06-17 11:28:30 [    INFO] BEGIN (implicit) (base.py:2698)
2025-06-17 11:28:30 [    INFO] SELECT pg_catalog.pg_class.relname 
FROM pg_catalog.pg_class JOIN pg_catalog.pg_namespace ON pg_catalog.pg_namespace.oid = pg_catalog.pg_class.relnamespace 
WHERE pg_catalog.pg_class.relname = %(table_name)s AND pg_catalog.pg_class.relkind = ANY (ARRAY[%(param_1)s, %(param_2)s, %(param_3)s, %(param_4)s, %(param_5)s]) AND pg_catalog.pg_table_is_visible(pg_catalog.pg_class.oid) AND pg_catalog.pg_namespace.nspname != %(nspname_1)s (base.py:1842)
2025-06-17 11:28:30 [    INFO] [generated in 0.00555s] {'table_name': 'user', 'param_1': 'r', 'param_2': 'p', 'param_3': 'f', 'param_4': 'v', 'param_5': 'm', 'nspname_1': 'pg_catalog'} (base.py:1842)
2025-06-17 11:28:30 [   DEBUG] Query eseguita in 0.01 secondi: SELECT pg_catalog.pg_class.relname 
FROM pg_catalog.pg_class JOIN pg_catalog.pg_namespace ON pg_catalog.pg_namespace.oid = pg_catalog.pg_class.relnamespace 
WHERE pg_catalog.pg_class.relname = %(table_name)s AND pg_catalog.pg_class.relkind = ANY (ARRAY[%(param_1)s, %(param_2)s, %(param_3)s, %(param_4)s, %(param_5)s]) AND pg_catalog.pg_table_is_visible(pg_catalog.pg_class.oid) AND pg_catalog.pg_namespace.nspname != %(nspname_1)s (session.py:30)
2025-06-17 11:28:30 [    INFO] SELECT pg_catalog.pg_class.relname 
FROM pg_catalog.pg_class JOIN pg_catalog.pg_namespace ON pg_catalog.pg_namespace.oid = pg_catalog.pg_class.relnamespace 
WHERE pg_catalog.pg_class.relname = %(table_name)s AND pg_catalog.pg_class.relkind = ANY (ARRAY[%(param_1)s, %(param_2)s, %(param_3)s, %(param_4)s, %(param_5)s]) AND pg_catalog.pg_table_is_visible(pg_catalog.pg_class.oid) AND pg_catalog.pg_namespace.nspname != %(nspname_1)s (base.py:1842)
2025-06-17 11:28:30 [    INFO] [cached since 0.0236s ago] {'table_name': 'documents', 'param_1': 'r', 'param_2': 'p', 'param_3': 'f', 'param_4': 'v', 'param_5': 'm', 'nspname_1': 'pg_catalog'} (base.py:1842)
2025-06-17 11:28:30 [   DEBUG] Query eseguita in 0.01 secondi: SELECT pg_catalog.pg_class.relname 
FROM pg_catalog.pg_class JOIN pg_catalog.pg_namespace ON pg_catalog.pg_namespace.oid = pg_catalog.pg_class.relnamespace 
WHERE pg_catalog.pg_class.relname = %(table_name)s AND pg_catalog.pg_class.relkind = ANY (ARRAY[%(param_1)s, %(param_2)s, %(param_3)s, %(param_4)s, %(param_5)s]) AND pg_catalog.pg_table_is_visible(pg_catalog.pg_class.oid) AND pg_catalog.pg_namespace.nspname != %(nspname_1)s (session.py:30)
2025-06-17 11:28:30 [    INFO] SELECT pg_catalog.pg_class.relname 
FROM pg_catalog.pg_class JOIN pg_catalog.pg_namespace ON pg_catalog.pg_namespace.oid = pg_catalog.pg_class.relnamespace 
WHERE pg_catalog.pg_class.relname = %(table_name)s AND pg_catalog.pg_class.relkind = ANY (ARRAY[%(param_1)s, %(param_2)s, %(param_3)s, %(param_4)s, %(param_5)s]) AND pg_catalog.pg_table_is_visible(pg_catalog.pg_class.oid) AND pg_catalog.pg_namespace.nspname != %(nspname_1)s (base.py:1842)
2025-06-17 11:28:30 [    INFO] [cached since 0.03166s ago] {'table_name': 'document_versions', 'param_1': 'r', 'param_2': 'p', 'param_3': 'f', 'param_4': 'v', 'param_5': 'm', 'nspname_1': 'pg_catalog'} (base.py:1842)
2025-06-17 11:28:30 [   DEBUG] Query eseguita in 0.01 secondi: SELECT pg_catalog.pg_class.relname 
FROM pg_catalog.pg_class JOIN pg_catalog.pg_namespace ON pg_catalog.pg_namespace.oid = pg_catalog.pg_class.relnamespace 
WHERE pg_catalog.pg_class.relname = %(table_name)s AND pg_catalog.pg_class.relkind = ANY (ARRAY[%(param_1)s, %(param_2)s, %(param_3)s, %(param_4)s, %(param_5)s]) AND pg_catalog.pg_table_is_visible(pg_catalog.pg_class.oid) AND pg_catalog.pg_namespace.nspname != %(nspname_1)s (session.py:30)
2025-06-17 11:28:30 [    INFO] SELECT pg_catalog.pg_class.relname 
FROM pg_catalog.pg_class JOIN pg_catalog.pg_namespace ON pg_catalog.pg_namespace.oid = pg_catalog.pg_class.relnamespace 
WHERE pg_catalog.pg_class.relname = %(table_name)s AND pg_catalog.pg_class.relkind = ANY (ARRAY[%(param_1)s, %(param_2)s, %(param_3)s, %(param_4)s, %(param_5)s]) AND pg_catalog.pg_table_is_visible(pg_catalog.pg_class.oid) AND pg_catalog.pg_namespace.nspname != %(nspname_1)s (base.py:1842)
2025-06-17 11:28:30 [    INFO] [cached since 0.04217s ago] {'table_name': 'houses', 'param_1': 'r', 'param_2': 'p', 'param_3': 'f', 'param_4': 'v', 'param_5': 'm', 'nspname_1': 'pg_catalog'} (base.py:1842)
2025-06-17 11:28:30 [   DEBUG] Query eseguita in 0.01 secondi: SELECT pg_catalog.pg_class.relname 
FROM pg_catalog.pg_class JOIN pg_catalog.pg_namespace ON pg_catalog.pg_namespace.oid = pg_catalog.pg_class.relnamespace 
WHERE pg_catalog.pg_class.relname = %(table_name)s AND pg_catalog.pg_class.relkind = ANY (ARRAY[%(param_1)s, %(param_2)s, %(param_3)s, %(param_4)s, %(param_5)s]) AND pg_catalog.pg_table_is_visible(pg_catalog.pg_class.oid) AND pg_catalog.pg_namespace.nspname != %(nspname_1)s (session.py:30)
2025-06-17 11:28:30 [    INFO] SELECT pg_catalog.pg_class.relname 
FROM pg_catalog.pg_class JOIN pg_catalog.pg_namespace ON pg_catalog.pg_namespace.oid = pg_catalog.pg_class.relnamespace 
WHERE pg_catalog.pg_class.relname = %(table_name)s AND pg_catalog.pg_class.relkind = ANY (ARRAY[%(param_1)s, %(param_2)s, %(param_3)s, %(param_4)s, %(param_5)s]) AND pg_catalog.pg_table_is_visible(pg_catalog.pg_class.oid) AND pg_catalog.pg_namespace.nspname != %(nspname_1)s (base.py:1842)
2025-06-17 11:28:30 [    INFO] [cached since 0.05535s ago] {'table_name': 'nodes', 'param_1': 'r', 'param_2': 'p', 'param_3': 'f', 'param_4': 'v', 'param_5': 'm', 'nspname_1': 'pg_catalog'} (base.py:1842)
2025-06-17 11:28:30 [   DEBUG] Query eseguita in 0.01 secondi: SELECT pg_catalog.pg_class.relname 
FROM pg_catalog.pg_class JOIN pg_catalog.pg_namespace ON pg_catalog.pg_namespace.oid = pg_catalog.pg_class.relnamespace 
WHERE pg_catalog.pg_class.relname = %(table_name)s AND pg_catalog.pg_class.relkind = ANY (ARRAY[%(param_1)s, %(param_2)s, %(param_3)s, %(param_4)s, %(param_5)s]) AND pg_catalog.pg_table_is_visible(pg_catalog.pg_class.oid) AND pg_catalog.pg_namespace.nspname != %(nspname_1)s (session.py:30)
2025-06-17 11:28:30 [    INFO] SELECT pg_catalog.pg_class.relname 
FROM pg_catalog.pg_class JOIN pg_catalog.pg_namespace ON pg_catalog.pg_namespace.oid = pg_catalog.pg_class.relnamespace 
WHERE pg_catalog.pg_class.relname = %(table_name)s AND pg_catalog.pg_class.relkind = ANY (ARRAY[%(param_1)s, %(param_2)s, %(param_3)s, %(param_4)s, %(param_5)s]) AND pg_catalog.pg_table_is_visible(pg_catalog.pg_class.oid) AND pg_catalog.pg_namespace.nspname != %(nspname_1)s (base.py:1842)
2025-06-17 11:28:30 [    INFO] [cached since 0.06417s ago] {'table_name': 'rooms', 'param_1': 'r', 'param_2': 'p', 'param_3': 'f', 'param_4': 'v', 'param_5': 'm', 'nspname_1': 'pg_catalog'} (base.py:1842)
2025-06-17 11:28:30 [   DEBUG] Query eseguita in 0.01 secondi: SELECT pg_catalog.pg_class.relname 
FROM pg_catalog.pg_class JOIN pg_catalog.pg_namespace ON pg_catalog.pg_namespace.oid = pg_catalog.pg_class.relnamespace 
WHERE pg_catalog.pg_class.relname = %(table_name)s AND pg_catalog.pg_class.relkind = ANY (ARRAY[%(param_1)s, %(param_2)s, %(param_3)s, %(param_4)s, %(param_5)s]) AND pg_catalog.pg_table_is_visible(pg_catalog.pg_class.oid) AND pg_catalog.pg_namespace.nspname != %(nspname_1)s (session.py:30)
2025-06-17 11:28:30 [    INFO] SELECT pg_catalog.pg_class.relname 
FROM pg_catalog.pg_class JOIN pg_catalog.pg_namespace ON pg_catalog.pg_namespace.oid = pg_catalog.pg_class.relnamespace 
WHERE pg_catalog.pg_class.relname = %(table_name)s AND pg_catalog.pg_class.relkind = ANY (ARRAY[%(param_1)s, %(param_2)s, %(param_3)s, %(param_4)s, %(param_5)s]) AND pg_catalog.pg_table_is_visible(pg_catalog.pg_class.oid) AND pg_catalog.pg_namespace.nspname != %(nspname_1)s (base.py:1842)
2025-06-17 11:28:30 [    INFO] [cached since 0.07511s ago] {'table_name': 'bookings', 'param_1': 'r', 'param_2': 'p', 'param_3': 'f', 'param_4': 'v', 'param_5': 'm', 'nspname_1': 'pg_catalog'} (base.py:1842)
2025-06-17 11:28:30 [   DEBUG] Query eseguita in 0.01 secondi: SELECT pg_catalog.pg_class.relname 
FROM pg_catalog.pg_class JOIN pg_catalog.pg_namespace ON pg_catalog.pg_namespace.oid = pg_catalog.pg_class.relnamespace 
WHERE pg_catalog.pg_class.relname = %(table_name)s AND pg_catalog.pg_class.relkind = ANY (ARRAY[%(param_1)s, %(param_2)s, %(param_3)s, %(param_4)s, %(param_5)s]) AND pg_catalog.pg_table_is_visible(pg_catalog.pg_class.oid) AND pg_catalog.pg_namespace.nspname != %(nspname_1)s (session.py:30)
2025-06-17 11:28:30 [    INFO] SELECT pg_catalog.pg_class.relname 
FROM pg_catalog.pg_class JOIN pg_catalog.pg_namespace ON pg_catalog.pg_namespace.oid = pg_catalog.pg_class.relnamespace 
WHERE pg_catalog.pg_class.relname = %(table_name)s AND pg_catalog.pg_class.relkind = ANY (ARRAY[%(param_1)s, %(param_2)s, %(param_3)s, %(param_4)s, %(param_5)s]) AND pg_catalog.pg_table_is_visible(pg_catalog.pg_class.oid) AND pg_catalog.pg_namespace.nspname != %(nspname_1)s (base.py:1842)
2025-06-17 11:28:30 [    INFO] [cached since 0.0873s ago] {'table_name': 'maintenance_records', 'param_1': 'r', 'param_2': 'p', 'param_3': 'f', 'param_4': 'v', 'param_5': 'm', 'nspname_1': 'pg_catalog'} (base.py:1842)
2025-06-17 11:28:30 [   DEBUG] Query eseguita in 0.01 secondi: SELECT pg_catalog.pg_class.relname 
FROM pg_catalog.pg_class JOIN pg_catalog.pg_namespace ON pg_catalog.pg_namespace.oid = pg_catalog.pg_class.relnamespace 
WHERE pg_catalog.pg_class.relname = %(table_name)s AND pg_catalog.pg_class.relkind = ANY (ARRAY[%(param_1)s, %(param_2)s, %(param_3)s, %(param_4)s, %(param_5)s]) AND pg_catalog.pg_table_is_visible(pg_catalog.pg_class.oid) AND pg_catalog.pg_namespace.nspname != %(nspname_1)s (session.py:30)
2025-06-17 11:28:30 [    INFO] SELECT pg_catalog.pg_type.typname 
FROM pg_catalog.pg_type JOIN pg_catalog.pg_namespace ON pg_catalog.pg_namespace.oid = pg_catalog.pg_type.typnamespace 
WHERE pg_catalog.pg_type.typname = %(typname_1)s AND pg_catalog.pg_type_is_visible(pg_catalog.pg_type.oid) AND pg_catalog.pg_namespace.nspname != %(nspname_1)s (base.py:1842)
2025-06-17 11:28:30 [    INFO] [generated in 0.00569s] {'typname_1': 'maintenancetype', 'nspname_1': 'pg_catalog'} (base.py:1842)
2025-06-17 11:28:30 [   DEBUG] Query eseguita in 0.01 secondi: SELECT pg_catalog.pg_type.typname 
FROM pg_catalog.pg_type JOIN pg_catalog.pg_namespace ON pg_catalog.pg_namespace.oid = pg_catalog.pg_type.typnamespace 
WHERE pg_catalog.pg_type.typname = %(typname_1)s AND pg_catalog.pg_type_is_visible(pg_catalog.pg_type.oid) AND pg_catalog.pg_namespace.nspname != %(nspname_1)s (session.py:30)
2025-06-17 11:28:30 [    INFO] CREATE TYPE maintenancetype AS ENUM ('ROUTINE', 'PREVENTIVE', 'CORRECTIVE', 'EMERGENCY', 'INSPECTION') (base.py:1842)
2025-06-17 11:28:30 [    INFO] [no key 0.00083s] {} (base.py:1842)
2025-06-17 11:28:30 [   DEBUG] Query eseguita in 0.01 secondi: CREATE TYPE maintenancetype AS ENUM ('ROUTINE', 'PREVENTIVE', 'CORRECTIVE', 'EMERGENCY', 'INSPECTION') (session.py:30)
2025-06-17 11:28:30 [    INFO] SELECT pg_catalog.pg_type.typname 
FROM pg_catalog.pg_type JOIN pg_catalog.pg_namespace ON pg_catalog.pg_namespace.oid = pg_catalog.pg_type.typnamespace 
WHERE pg_catalog.pg_type.typname = %(typname_1)s AND pg_catalog.pg_type_is_visible(pg_catalog.pg_type.oid) AND pg_catalog.pg_namespace.nspname != %(nspname_1)s (base.py:1842)
2025-06-17 11:28:30 [    INFO] [cached since 0.03268s ago] {'typname_1': 'maintenancestatus', 'nspname_1': 'pg_catalog'} (base.py:1842)
2025-06-17 11:28:30 [   DEBUG] Query eseguita in 0.00 secondi: SELECT pg_catalog.pg_type.typname 
FROM pg_catalog.pg_type JOIN pg_catalog.pg_namespace ON pg_catalog.pg_namespace.oid = pg_catalog.pg_type.typnamespace 
WHERE pg_catalog.pg_type.typname = %(typname_1)s AND pg_catalog.pg_type_is_visible(pg_catalog.pg_type.oid) AND pg_catalog.pg_namespace.nspname != %(nspname_1)s (session.py:30)
2025-06-17 11:28:30 [    INFO] CREATE TYPE maintenancestatus AS ENUM ('PENDING', 'COMPLETED', 'FAILED') (base.py:1842)
2025-06-17 11:28:30 [    INFO] [no key 0.00152s] {} (base.py:1842)
2025-06-17 11:28:30 [   DEBUG] Query eseguita in 0.01 secondi: CREATE TYPE maintenancestatus AS ENUM ('PENDING', 'COMPLETED', 'FAILED') (session.py:30)
2025-06-17 11:28:30 [    INFO] 
CREATE TABLE "user" (
	id SERIAL NOT NULL, 
	email VARCHAR NOT NULL, 
	username VARCHAR NOT NULL, 
	hashed_password VARCHAR NOT NULL, 
	is_active BOOLEAN NOT NULL, 
	is_superuser BOOLEAN NOT NULL, 
	is_verified BOOLEAN NOT NULL, 
	created_at TIMESTAMP WITHOUT TIME ZONE NOT NULL, 
	updated_at TIMESTAMP WITHOUT TIME ZONE NOT NULL, 
	last_login TIMESTAMP WITH TIME ZONE, 
	full_name VARCHAR(255), 
	phone_number VARCHAR(20), 
	PRIMARY KEY (id)
)

 (base.py:1842)
2025-06-17 11:28:30 [    INFO] [no key 0.00181s] {} (base.py:1842)
2025-06-17 11:28:30 [   DEBUG] Query eseguita in 0.04 secondi: 
CREATE TABLE "user" (
	id SERIAL NOT NULL, 
	email VARCHAR NOT NULL, 
	username VARCHAR NOT NULL, 
	hashed_password VARCHAR NOT NULL, 
	is_active BOOLEAN NOT NULL, 
	is_superuser BOOLEAN NOT NULL, 
	is_verified BOOLEAN NOT NULL, 
	created_at TIMESTAMP WITHOUT TIME ZONE NOT NULL, 
	updated_at TIMESTAMP WITHOUT TIME ZONE NOT NULL, 
	last_login TIMESTAMP WITH TIME ZONE, 
	full_name VARCHAR(255), 
	phone_number VARCHAR(20), 
	PRIMARY KEY (id)
)

 (session.py:30)
2025-06-17 11:28:30 [    INFO] CREATE UNIQUE INDEX ix_user_email ON "user" (email) (base.py:1842)
2025-06-17 11:28:30 [    INFO] [no key 0.00084s] {} (base.py:1842)
2025-06-17 11:28:30 [   DEBUG] Query eseguita in 0.01 secondi: CREATE UNIQUE INDEX ix_user_email ON "user" (email) (session.py:30)
2025-06-17 11:28:30 [    INFO] CREATE UNIQUE INDEX ix_user_username ON "user" (username) (base.py:1842)
2025-06-17 11:28:30 [    INFO] [no key 0.00387s] {} (base.py:1842)
2025-06-17 11:28:30 [   DEBUG] Query eseguita in 0.01 secondi: CREATE UNIQUE INDEX ix_user_username ON "user" (username) (session.py:30)
2025-06-17 11:28:30 [    INFO] 
CREATE TABLE houses (
	id SERIAL NOT NULL, 
	name VARCHAR NOT NULL, 
	address VARCHAR NOT NULL, 
	owner_id INTEGER NOT NULL, 
	created_at TIMESTAMP WITHOUT TIME ZONE NOT NULL, 
	updated_at TIMESTAMP WITHOUT TIME ZONE NOT NULL, 
	PRIMARY KEY (id), 
	FOREIGN KEY(owner_id) REFERENCES "user" (id)
)

 (base.py:1842)
2025-06-17 11:28:30 [    INFO] [no key 0.00401s] {} (base.py:1842)
2025-06-17 11:28:30 [   DEBUG] Query eseguita in 0.03 secondi: 
CREATE TABLE houses (
	id SERIAL NOT NULL, 
	name VARCHAR NOT NULL, 
	address VARCHAR NOT NULL, 
	owner_id INTEGER NOT NULL, 
	created_at TIMESTAMP WITHOUT TIME ZONE NOT NULL, 
	updated_at TIMESTAMP WITHOUT TIME ZONE NOT NULL, 
	PRIMARY KEY (id), 
	FOREIGN KEY(owner_id) REFERENCES "user" (id)
)

 (session.py:30)
2025-06-17 11:28:30 [    INFO] CREATE INDEX ix_houses_name ON houses (name) (base.py:1842)
2025-06-17 11:28:30 [    INFO] [no key 0.00299s] {} (base.py:1842)
2025-06-17 11:28:30 [   DEBUG] Query eseguita in 0.01 secondi: CREATE INDEX ix_houses_name ON houses (name) (session.py:30)
2025-06-17 11:28:31 [    INFO] 
CREATE TABLE rooms (
	id SERIAL NOT NULL, 
	name VARCHAR NOT NULL, 
	description VARCHAR, 
	floor INTEGER NOT NULL, 
	area FLOAT NOT NULL, 
	house_id INTEGER NOT NULL, 
	created_at TIMESTAMP WITHOUT TIME ZONE NOT NULL, 
	updated_at TIMESTAMP WITHOUT TIME ZONE NOT NULL, 
	PRIMARY KEY (id), 
	FOREIGN KEY(house_id) REFERENCES houses (id)
)

 (base.py:1842)
2025-06-17 11:28:31 [    INFO] [no key 0.00106s] {} (base.py:1842)
2025-06-17 11:28:31 [   DEBUG] Query eseguita in 0.03 secondi: 
CREATE TABLE rooms (
	id SERIAL NOT NULL, 
	name VARCHAR NOT NULL, 
	description VARCHAR, 
	floor INTEGER NOT NULL, 
	area FLOAT NOT NULL, 
	house_id INTEGER NOT NULL, 
	created_at TIMESTAMP WITHOUT TIME ZONE NOT NULL, 
	updated_at TIMESTAMP WITHOUT TIME ZONE NOT NULL, 
	PRIMARY KEY (id), 
	FOREIGN KEY(house_id) REFERENCES houses (id)
)

 (session.py:30)
2025-06-17 11:28:31 [    INFO] CREATE INDEX ix_rooms_name ON rooms (name) (base.py:1842)
2025-06-17 11:28:31 [    INFO] [no key 0.00177s] {} (base.py:1842)
2025-06-17 11:28:31 [   DEBUG] Query eseguita in 0.01 secondi: CREATE INDEX ix_rooms_name ON rooms (name) (session.py:30)
2025-06-17 11:28:31 [    INFO] 
CREATE TABLE nodes (
	id SERIAL NOT NULL, 
	name VARCHAR NOT NULL, 
	description VARCHAR, 
	nfc_id VARCHAR NOT NULL, 
	house_id INTEGER NOT NULL, 
	room_id INTEGER, 
	PRIMARY KEY (id), 
	FOREIGN KEY(house_id) REFERENCES houses (id), 
	FOREIGN KEY(room_id) REFERENCES rooms (id)
)

 (base.py:1842)
2025-06-17 11:28:31 [    INFO] [no key 0.00429s] {} (base.py:1842)
2025-06-17 11:28:31 [   DEBUG] Query eseguita in 0.04 secondi: 
CREATE TABLE nodes (
	id SERIAL NOT NULL, 
	name VARCHAR NOT NULL, 
	description VARCHAR, 
	nfc_id VARCHAR NOT NULL, 
	house_id INTEGER NOT NULL, 
	room_id INTEGER, 
	PRIMARY KEY (id), 
	FOREIGN KEY(house_id) REFERENCES houses (id), 
	FOREIGN KEY(room_id) REFERENCES rooms (id)
)

 (session.py:30)
2025-06-17 11:28:31 [    INFO] CREATE UNIQUE INDEX ix_nodes_nfc_id ON nodes (nfc_id) (base.py:1842)
2025-06-17 11:28:31 [    INFO] [no key 0.00098s] {} (base.py:1842)
2025-06-17 11:28:31 [   DEBUG] Query eseguita in 0.02 secondi: CREATE UNIQUE INDEX ix_nodes_nfc_id ON nodes (nfc_id) (session.py:30)
2025-06-17 11:28:31 [    INFO] 
CREATE TABLE bookings (
	id SERIAL NOT NULL, 
	room_id INTEGER NOT NULL, 
	user_id INTEGER NOT NULL, 
	start_time TIMESTAMP WITHOUT TIME ZONE NOT NULL, 
	end_time TIMESTAMP WITHOUT TIME ZONE NOT NULL, 
	status VARCHAR NOT NULL, 
	notes VARCHAR, 
	created_at TIMESTAMP WITHOUT TIME ZONE NOT NULL, 
	updated_at TIMESTAMP WITHOUT TIME ZONE NOT NULL, 
	PRIMARY KEY (id), 
	FOREIGN KEY(room_id) REFERENCES rooms (id), 
	FOREIGN KEY(user_id) REFERENCES "user" (id)
)

 (base.py:1842)
2025-06-17 11:28:31 [    INFO] [no key 0.00457s] {} (base.py:1842)
2025-06-17 11:28:31 [   DEBUG] Query eseguita in 0.04 secondi: 
CREATE TABLE bookings (
	id SERIAL NOT NULL, 
	room_id INTEGER NOT NULL, 
	user_id INTEGER NOT NULL, 
	start_time TIMESTAMP WITHOUT TIME ZONE NOT NULL, 
	end_time TIMESTAMP WITHOUT TIME ZONE NOT NULL, 
	status VARCHAR NOT NULL, 
	notes VARCHAR, 
	created_at TIMESTAMP WITHOUT TIME ZONE NOT NULL, 
	updated_at TIMESTAMP WITHOUT TIME ZONE NOT NULL, 
	PRIMARY KEY (id), 
	FOREIGN KEY(room_id) REFERENCES rooms (id), 
	FOREIGN KEY(user_id) REFERENCES "user" (id)
)

 (session.py:30)
2025-06-17 11:28:31 [    INFO] 
CREATE TABLE documents (
	id SERIAL NOT NULL, 
	created_at TIMESTAMP WITHOUT TIME ZONE NOT NULL, 
	updated_at TIMESTAMP WITHOUT TIME ZONE NOT NULL, 
	owner_id INTEGER NOT NULL, 
	name VARCHAR NOT NULL, 
	type VARCHAR NOT NULL, 
	size INTEGER NOT NULL, 
	upload_date TIMESTAMP WITHOUT TIME ZONE NOT NULL, 
	path VARCHAR NOT NULL, 
	checksum VARCHAR NOT NULL, 
	house_id INTEGER, 
	node_id INTEGER, 
	description VARCHAR, 
	PRIMARY KEY (id), 
	FOREIGN KEY(owner_id) REFERENCES "user" (id), 
	FOREIGN KEY(house_id) REFERENCES houses (id), 
	FOREIGN KEY(node_id) REFERENCES nodes (id)
)

 (base.py:1842)
2025-06-17 11:28:31 [    INFO] [no key 0.00222s] {} (base.py:1842)
2025-06-17 11:28:31 [   DEBUG] Query eseguita in 0.04 secondi: 
CREATE TABLE documents (
	id SERIAL NOT NULL, 
	created_at TIMESTAMP WITHOUT TIME ZONE NOT NULL, 
	updated_at TIMESTAMP WITHOUT TIME ZONE NOT NULL, 
	owner_id INTEGER NOT NULL, 
	name VARCHAR NOT NULL, 
	type VARCHAR NOT NULL, 
	size INTEGER NOT NULL, 
	upload_date TIMESTAMP WITHOUT TIME ZONE NOT NULL, 
	path VARCHAR NOT NULL, 
	checksum VARCHAR NOT NULL, 
	house_id INTEGER, 
	node_id INTEGER, 
	description VARCHAR, 
	PRIMARY KEY (id), 
	FOREIGN KEY(owner_id) REFERENCES "user" (id), 
	FOREIGN KEY(house_id) REFERENCES houses (id), 
	FOREIGN KEY(node_id) REFERENCES nodes (id)
)

 (session.py:30)
2025-06-17 11:28:31 [    INFO] CREATE INDEX ix_documents_owner_id ON documents (owner_id) (base.py:1842)
2025-06-17 11:28:31 [    INFO] [no key 0.00162s] {} (base.py:1842)
2025-06-17 11:28:31 [   DEBUG] Query eseguita in 0.01 secondi: CREATE INDEX ix_documents_owner_id ON documents (owner_id) (session.py:30)
2025-06-17 11:28:31 [    INFO] 
CREATE TABLE document_versions (
	id SERIAL NOT NULL, 
	version_number INTEGER NOT NULL, 
	file_path VARCHAR NOT NULL, 
	file_size INTEGER NOT NULL, 
	checksum VARCHAR NOT NULL, 
	created_at TIMESTAMP WITHOUT TIME ZONE NOT NULL, 
	updated_at TIMESTAMP WITHOUT TIME ZONE NOT NULL, 
	document_id INTEGER NOT NULL, 
	created_by_id INTEGER, 
	PRIMARY KEY (id), 
	FOREIGN KEY(document_id) REFERENCES documents (id), 
	FOREIGN KEY(created_by_id) REFERENCES "user" (id)
)

 (base.py:1842)
2025-06-17 11:28:31 [    INFO] [no key 0.00087s] {} (base.py:1842)
2025-06-17 11:28:31 [   DEBUG] Query eseguita in 0.03 secondi: 
CREATE TABLE document_versions (
	id SERIAL NOT NULL, 
	version_number INTEGER NOT NULL, 
	file_path VARCHAR NOT NULL, 
	file_size INTEGER NOT NULL, 
	checksum VARCHAR NOT NULL, 
	created_at TIMESTAMP WITHOUT TIME ZONE NOT NULL, 
	updated_at TIMESTAMP WITHOUT TIME ZONE NOT NULL, 
	document_id INTEGER NOT NULL, 
	created_by_id INTEGER, 
	PRIMARY KEY (id), 
	FOREIGN KEY(document_id) REFERENCES documents (id), 
	FOREIGN KEY(created_by_id) REFERENCES "user" (id)
)

 (session.py:30)
2025-06-17 11:28:31 [    INFO] CREATE INDEX ix_document_versions_version_number ON document_versions (version_number) (base.py:1842)
2025-06-17 11:28:31 [    INFO] [no key 0.00071s] {} (base.py:1842)
2025-06-17 11:28:31 [   DEBUG] Query eseguita in 0.01 secondi: CREATE INDEX ix_document_versions_version_number ON document_versions (version_number) (session.py:30)
2025-06-17 11:28:31 [    INFO] CREATE INDEX ix_document_versions_created_by_id ON document_versions (created_by_id) (base.py:1842)
2025-06-17 11:28:31 [    INFO] [no key 0.00075s] {} (base.py:1842)
2025-06-17 11:28:31 [   DEBUG] Query eseguita in 0.01 secondi: CREATE INDEX ix_document_versions_created_by_id ON document_versions (created_by_id) (session.py:30)
2025-06-17 11:28:31 [    INFO] CREATE INDEX ix_document_versions_document_id ON document_versions (document_id) (base.py:1842)
2025-06-17 11:28:31 [    INFO] [no key 0.00449s] {} (base.py:1842)
2025-06-17 11:28:31 [   DEBUG] Query eseguita in 0.01 secondi: CREATE INDEX ix_document_versions_document_id ON document_versions (document_id) (session.py:30)
2025-06-17 11:28:31 [    INFO] 
CREATE TABLE maintenance_records (
	id SERIAL NOT NULL, 
	node_id INTEGER NOT NULL, 
	timestamp TIMESTAMP WITHOUT TIME ZONE NOT NULL, 
	maintenance_type maintenancetype NOT NULL, 
	description VARCHAR NOT NULL, 
	status maintenancestatus NOT NULL, 
	notes VARCHAR, 
	document_id INTEGER, 
	PRIMARY KEY (id), 
	FOREIGN KEY(node_id) REFERENCES nodes (id), 
	FOREIGN KEY(document_id) REFERENCES documents (id)
)

 (base.py:1842)
2025-06-17 11:28:31 [    INFO] [no key 0.00235s] {} (base.py:1842)
2025-06-17 11:28:31 [   DEBUG] Query eseguita in 0.04 secondi: 
CREATE TABLE maintenance_records (
	id SERIAL NOT NULL, 
	node_id INTEGER NOT NULL, 
	timestamp TIMESTAMP WITHOUT TIME ZONE NOT NULL, 
	maintenance_type maintenancetype NOT NULL, 
	description VARCHAR NOT NULL, 
	status maintenancestatus NOT NULL, 
	notes VARCHAR, 
	document_id INTEGER, 
	PRIMARY KEY (id), 
	FOREIGN KEY(node_id) REFERENCES nodes (id), 
	FOREIGN KEY(document_id) REFERENCES documents (id)
)

 (session.py:30)
2025-06-17 11:28:31 [    INFO] CREATE INDEX ix_maintenance_records_node_id ON maintenance_records (node_id) (base.py:1842)
2025-06-17 11:28:31 [    INFO] [no key 0.00066s] {} (base.py:1842)
2025-06-17 11:28:31 [   DEBUG] Query eseguita in 0.01 secondi: CREATE INDEX ix_maintenance_records_node_id ON maintenance_records (node_id) (session.py:30)
2025-06-17 11:28:31 [    INFO] COMMIT (base.py:2704)
2025-06-17 11:28:31 [   DEBUG] Test database tables created successfully (test_users.py:52)
2025-06-17 11:28:31 [   DEBUG] Test database session created successfully (test_users.py:55)
2025-06-17 11:28:31 [   DEBUG] Overriding get_session for tests... (conftest.py:269)
2025-06-17 11:28:31 [   DEBUG] Setting up FakeRedis for tests... (conftest_redis.py:18)
2025-06-17 11:28:31 [   DEBUG] Connessione Redis stabilita con successo (redis.py:24)
-------------------------------- live log call --------------------------------
2025-06-17 11:28:31 [   DEBUG] Using proactor: IocpProactor (proactor_events.py:631)
2025-06-17 11:28:31 [    INFO] HTTP Request: POST http://testserver/api/v1/auth/register "HTTP/1.1 422 Unprocessable Entity" (_client.py:1025)
PASSED                                                                   [ 68%]
------------------------------ live log teardown ------------------------------
2025-06-17 11:28:31 [   DEBUG] Restored original Redis client (conftest_redis.py:29)
2025-06-17 11:28:31 [   DEBUG] get_session override cleared (conftest.py:275)
2025-06-17 11:28:31 [   DEBUG] Cleaning up test database session... (test_users.py:57)
2025-06-17 11:28:31 [    INFO] BEGIN (implicit) (base.py:2698)
2025-06-17 11:28:31 [    INFO] DROP SCHEMA public CASCADE (base.py:1842)
2025-06-17 11:28:31 [    INFO] [generated in 0.00439s] {} (base.py:1842)
2025-06-17 11:28:31 [   DEBUG] Query eseguita in 0.11 secondi: DROP SCHEMA public CASCADE (session.py:30)
2025-06-17 11:28:31 [    INFO] CREATE SCHEMA public (base.py:1842)
2025-06-17 11:28:31 [    INFO] [generated in 0.00097s] {} (base.py:1842)
2025-06-17 11:28:31 [   DEBUG] Query eseguita in 0.00 secondi: CREATE SCHEMA public (session.py:30)
2025-06-17 11:28:31 [    INFO] COMMIT (base.py:2704)
2025-06-17 11:28:31 [   DEBUG] Test database cleanup completed (test_users.py:63)
2025-06-17 11:28:31 [   DEBUG] Session fixture completed in 2.10 seconds (test_users.py:68)

tests/api/test_users.py::test_create_user_invalid_password[pass\x00word] 
------------------------------- live log setup --------------------------------
2025-06-17 11:28:31 [   DEBUG] Setting up test database session... (test_users.py:38)
2025-06-17 11:28:32 [    INFO] select pg_catalog.version() (base.py:1842)
2025-06-17 11:28:32 [    INFO] [raw sql] {} (base.py:1842)
2025-06-17 11:28:32 [    INFO] select current_schema() (base.py:1842)
2025-06-17 11:28:32 [    INFO] [raw sql] {} (base.py:1842)
2025-06-17 11:28:32 [    INFO] show standard_conforming_strings (base.py:1842)
2025-06-17 11:28:32 [    INFO] [raw sql] {} (base.py:1842)
2025-06-17 11:28:32 [    INFO] BEGIN (implicit) (base.py:2698)
2025-06-17 11:28:32 [    INFO] SELECT pg_catalog.pg_class.relname 
FROM pg_catalog.pg_class JOIN pg_catalog.pg_namespace ON pg_catalog.pg_namespace.oid = pg_catalog.pg_class.relnamespace 
WHERE pg_catalog.pg_class.relname = %(table_name)s AND pg_catalog.pg_class.relkind = ANY (ARRAY[%(param_1)s, %(param_2)s, %(param_3)s, %(param_4)s, %(param_5)s]) AND pg_catalog.pg_table_is_visible(pg_catalog.pg_class.oid) AND pg_catalog.pg_namespace.nspname != %(nspname_1)s (base.py:1842)
2025-06-17 11:28:32 [    INFO] [generated in 0.00346s] {'table_name': 'user', 'param_1': 'r', 'param_2': 'p', 'param_3': 'f', 'param_4': 'v', 'param_5': 'm', 'nspname_1': 'pg_catalog'} (base.py:1842)
2025-06-17 11:28:32 [   DEBUG] Query eseguita in 0.01 secondi: SELECT pg_catalog.pg_class.relname 
FROM pg_catalog.pg_class JOIN pg_catalog.pg_namespace ON pg_catalog.pg_namespace.oid = pg_catalog.pg_class.relnamespace 
WHERE pg_catalog.pg_class.relname = %(table_name)s AND pg_catalog.pg_class.relkind = ANY (ARRAY[%(param_1)s, %(param_2)s, %(param_3)s, %(param_4)s, %(param_5)s]) AND pg_catalog.pg_table_is_visible(pg_catalog.pg_class.oid) AND pg_catalog.pg_namespace.nspname != %(nspname_1)s (session.py:30)
2025-06-17 11:28:32 [    INFO] SELECT pg_catalog.pg_class.relname 
FROM pg_catalog.pg_class JOIN pg_catalog.pg_namespace ON pg_catalog.pg_namespace.oid = pg_catalog.pg_class.relnamespace 
WHERE pg_catalog.pg_class.relname = %(table_name)s AND pg_catalog.pg_class.relkind = ANY (ARRAY[%(param_1)s, %(param_2)s, %(param_3)s, %(param_4)s, %(param_5)s]) AND pg_catalog.pg_table_is_visible(pg_catalog.pg_class.oid) AND pg_catalog.pg_namespace.nspname != %(nspname_1)s (base.py:1842)
2025-06-17 11:28:32 [    INFO] [cached since 0.02066s ago] {'table_name': 'documents', 'param_1': 'r', 'param_2': 'p', 'param_3': 'f', 'param_4': 'v', 'param_5': 'm', 'nspname_1': 'pg_catalog'} (base.py:1842)
2025-06-17 11:28:32 [   DEBUG] Query eseguita in 0.01 secondi: SELECT pg_catalog.pg_class.relname 
FROM pg_catalog.pg_class JOIN pg_catalog.pg_namespace ON pg_catalog.pg_namespace.oid = pg_catalog.pg_class.relnamespace 
WHERE pg_catalog.pg_class.relname = %(table_name)s AND pg_catalog.pg_class.relkind = ANY (ARRAY[%(param_1)s, %(param_2)s, %(param_3)s, %(param_4)s, %(param_5)s]) AND pg_catalog.pg_table_is_visible(pg_catalog.pg_class.oid) AND pg_catalog.pg_namespace.nspname != %(nspname_1)s (session.py:30)
2025-06-17 11:28:32 [    INFO] SELECT pg_catalog.pg_class.relname 
FROM pg_catalog.pg_class JOIN pg_catalog.pg_namespace ON pg_catalog.pg_namespace.oid = pg_catalog.pg_class.relnamespace 
WHERE pg_catalog.pg_class.relname = %(table_name)s AND pg_catalog.pg_class.relkind = ANY (ARRAY[%(param_1)s, %(param_2)s, %(param_3)s, %(param_4)s, %(param_5)s]) AND pg_catalog.pg_table_is_visible(pg_catalog.pg_class.oid) AND pg_catalog.pg_namespace.nspname != %(nspname_1)s (base.py:1842)
2025-06-17 11:28:32 [    INFO] [cached since 0.0307s ago] {'table_name': 'document_versions', 'param_1': 'r', 'param_2': 'p', 'param_3': 'f', 'param_4': 'v', 'param_5': 'm', 'nspname_1': 'pg_catalog'} (base.py:1842)
2025-06-17 11:28:32 [   DEBUG] Query eseguita in 0.00 secondi: SELECT pg_catalog.pg_class.relname 
FROM pg_catalog.pg_class JOIN pg_catalog.pg_namespace ON pg_catalog.pg_namespace.oid = pg_catalog.pg_class.relnamespace 
WHERE pg_catalog.pg_class.relname = %(table_name)s AND pg_catalog.pg_class.relkind = ANY (ARRAY[%(param_1)s, %(param_2)s, %(param_3)s, %(param_4)s, %(param_5)s]) AND pg_catalog.pg_table_is_visible(pg_catalog.pg_class.oid) AND pg_catalog.pg_namespace.nspname != %(nspname_1)s (session.py:30)
2025-06-17 11:28:32 [    INFO] SELECT pg_catalog.pg_class.relname 
FROM pg_catalog.pg_class JOIN pg_catalog.pg_namespace ON pg_catalog.pg_namespace.oid = pg_catalog.pg_class.relnamespace 
WHERE pg_catalog.pg_class.relname = %(table_name)s AND pg_catalog.pg_class.relkind = ANY (ARRAY[%(param_1)s, %(param_2)s, %(param_3)s, %(param_4)s, %(param_5)s]) AND pg_catalog.pg_table_is_visible(pg_catalog.pg_class.oid) AND pg_catalog.pg_namespace.nspname != %(nspname_1)s (base.py:1842)
2025-06-17 11:28:32 [    INFO] [cached since 0.03875s ago] {'table_name': 'houses', 'param_1': 'r', 'param_2': 'p', 'param_3': 'f', 'param_4': 'v', 'param_5': 'm', 'nspname_1': 'pg_catalog'} (base.py:1842)
2025-06-17 11:28:32 [   DEBUG] Query eseguita in 0.01 secondi: SELECT pg_catalog.pg_class.relname 
FROM pg_catalog.pg_class JOIN pg_catalog.pg_namespace ON pg_catalog.pg_namespace.oid = pg_catalog.pg_class.relnamespace 
WHERE pg_catalog.pg_class.relname = %(table_name)s AND pg_catalog.pg_class.relkind = ANY (ARRAY[%(param_1)s, %(param_2)s, %(param_3)s, %(param_4)s, %(param_5)s]) AND pg_catalog.pg_table_is_visible(pg_catalog.pg_class.oid) AND pg_catalog.pg_namespace.nspname != %(nspname_1)s (session.py:30)
2025-06-17 11:28:32 [    INFO] SELECT pg_catalog.pg_class.relname 
FROM pg_catalog.pg_class JOIN pg_catalog.pg_namespace ON pg_catalog.pg_namespace.oid = pg_catalog.pg_class.relnamespace 
WHERE pg_catalog.pg_class.relname = %(table_name)s AND pg_catalog.pg_class.relkind = ANY (ARRAY[%(param_1)s, %(param_2)s, %(param_3)s, %(param_4)s, %(param_5)s]) AND pg_catalog.pg_table_is_visible(pg_catalog.pg_class.oid) AND pg_catalog.pg_namespace.nspname != %(nspname_1)s (base.py:1842)
2025-06-17 11:28:32 [    INFO] [cached since 0.05195s ago] {'table_name': 'nodes', 'param_1': 'r', 'param_2': 'p', 'param_3': 'f', 'param_4': 'v', 'param_5': 'm', 'nspname_1': 'pg_catalog'} (base.py:1842)
2025-06-17 11:28:32 [   DEBUG] Query eseguita in 0.01 secondi: SELECT pg_catalog.pg_class.relname 
FROM pg_catalog.pg_class JOIN pg_catalog.pg_namespace ON pg_catalog.pg_namespace.oid = pg_catalog.pg_class.relnamespace 
WHERE pg_catalog.pg_class.relname = %(table_name)s AND pg_catalog.pg_class.relkind = ANY (ARRAY[%(param_1)s, %(param_2)s, %(param_3)s, %(param_4)s, %(param_5)s]) AND pg_catalog.pg_table_is_visible(pg_catalog.pg_class.oid) AND pg_catalog.pg_namespace.nspname != %(nspname_1)s (session.py:30)
2025-06-17 11:28:32 [    INFO] SELECT pg_catalog.pg_class.relname 
FROM pg_catalog.pg_class JOIN pg_catalog.pg_namespace ON pg_catalog.pg_namespace.oid = pg_catalog.pg_class.relnamespace 
WHERE pg_catalog.pg_class.relname = %(table_name)s AND pg_catalog.pg_class.relkind = ANY (ARRAY[%(param_1)s, %(param_2)s, %(param_3)s, %(param_4)s, %(param_5)s]) AND pg_catalog.pg_table_is_visible(pg_catalog.pg_class.oid) AND pg_catalog.pg_namespace.nspname != %(nspname_1)s (base.py:1842)
2025-06-17 11:28:32 [    INFO] [cached since 0.06379s ago] {'table_name': 'rooms', 'param_1': 'r', 'param_2': 'p', 'param_3': 'f', 'param_4': 'v', 'param_5': 'm', 'nspname_1': 'pg_catalog'} (base.py:1842)
2025-06-17 11:28:32 [   DEBUG] Query eseguita in 0.00 secondi: SELECT pg_catalog.pg_class.relname 
FROM pg_catalog.pg_class JOIN pg_catalog.pg_namespace ON pg_catalog.pg_namespace.oid = pg_catalog.pg_class.relnamespace 
WHERE pg_catalog.pg_class.relname = %(table_name)s AND pg_catalog.pg_class.relkind = ANY (ARRAY[%(param_1)s, %(param_2)s, %(param_3)s, %(param_4)s, %(param_5)s]) AND pg_catalog.pg_table_is_visible(pg_catalog.pg_class.oid) AND pg_catalog.pg_namespace.nspname != %(nspname_1)s (session.py:30)
2025-06-17 11:28:32 [    INFO] SELECT pg_catalog.pg_class.relname 
FROM pg_catalog.pg_class JOIN pg_catalog.pg_namespace ON pg_catalog.pg_namespace.oid = pg_catalog.pg_class.relnamespace 
WHERE pg_catalog.pg_class.relname = %(table_name)s AND pg_catalog.pg_class.relkind = ANY (ARRAY[%(param_1)s, %(param_2)s, %(param_3)s, %(param_4)s, %(param_5)s]) AND pg_catalog.pg_table_is_visible(pg_catalog.pg_class.oid) AND pg_catalog.pg_namespace.nspname != %(nspname_1)s (base.py:1842)
2025-06-17 11:28:32 [    INFO] [cached since 0.07136s ago] {'table_name': 'bookings', 'param_1': 'r', 'param_2': 'p', 'param_3': 'f', 'param_4': 'v', 'param_5': 'm', 'nspname_1': 'pg_catalog'} (base.py:1842)
2025-06-17 11:28:32 [   DEBUG] Query eseguita in 0.01 secondi: SELECT pg_catalog.pg_class.relname 
FROM pg_catalog.pg_class JOIN pg_catalog.pg_namespace ON pg_catalog.pg_namespace.oid = pg_catalog.pg_class.relnamespace 
WHERE pg_catalog.pg_class.relname = %(table_name)s AND pg_catalog.pg_class.relkind = ANY (ARRAY[%(param_1)s, %(param_2)s, %(param_3)s, %(param_4)s, %(param_5)s]) AND pg_catalog.pg_table_is_visible(pg_catalog.pg_class.oid) AND pg_catalog.pg_namespace.nspname != %(nspname_1)s (session.py:30)
2025-06-17 11:28:32 [    INFO] SELECT pg_catalog.pg_class.relname 
FROM pg_catalog.pg_class JOIN pg_catalog.pg_namespace ON pg_catalog.pg_namespace.oid = pg_catalog.pg_class.relnamespace 
WHERE pg_catalog.pg_class.relname = %(table_name)s AND pg_catalog.pg_class.relkind = ANY (ARRAY[%(param_1)s, %(param_2)s, %(param_3)s, %(param_4)s, %(param_5)s]) AND pg_catalog.pg_table_is_visible(pg_catalog.pg_class.oid) AND pg_catalog.pg_namespace.nspname != %(nspname_1)s (base.py:1842)
2025-06-17 11:28:32 [    INFO] [cached since 0.0812s ago] {'table_name': 'maintenance_records', 'param_1': 'r', 'param_2': 'p', 'param_3': 'f', 'param_4': 'v', 'param_5': 'm', 'nspname_1': 'pg_catalog'} (base.py:1842)
2025-06-17 11:28:32 [   DEBUG] Query eseguita in 0.00 secondi: SELECT pg_catalog.pg_class.relname 
FROM pg_catalog.pg_class JOIN pg_catalog.pg_namespace ON pg_catalog.pg_namespace.oid = pg_catalog.pg_class.relnamespace 
WHERE pg_catalog.pg_class.relname = %(table_name)s AND pg_catalog.pg_class.relkind = ANY (ARRAY[%(param_1)s, %(param_2)s, %(param_3)s, %(param_4)s, %(param_5)s]) AND pg_catalog.pg_table_is_visible(pg_catalog.pg_class.oid) AND pg_catalog.pg_namespace.nspname != %(nspname_1)s (session.py:30)
2025-06-17 11:28:32 [    INFO] SELECT pg_catalog.pg_type.typname 
FROM pg_catalog.pg_type JOIN pg_catalog.pg_namespace ON pg_catalog.pg_namespace.oid = pg_catalog.pg_type.typnamespace 
WHERE pg_catalog.pg_type.typname = %(typname_1)s AND pg_catalog.pg_type_is_visible(pg_catalog.pg_type.oid) AND pg_catalog.pg_namespace.nspname != %(nspname_1)s (base.py:1842)
2025-06-17 11:28:32 [    INFO] [generated in 0.00090s] {'typname_1': 'maintenancetype', 'nspname_1': 'pg_catalog'} (base.py:1842)
2025-06-17 11:28:32 [   DEBUG] Query eseguita in 0.01 secondi: SELECT pg_catalog.pg_type.typname 
FROM pg_catalog.pg_type JOIN pg_catalog.pg_namespace ON pg_catalog.pg_namespace.oid = pg_catalog.pg_type.typnamespace 
WHERE pg_catalog.pg_type.typname = %(typname_1)s AND pg_catalog.pg_type_is_visible(pg_catalog.pg_type.oid) AND pg_catalog.pg_namespace.nspname != %(nspname_1)s (session.py:30)
2025-06-17 11:28:32 [    INFO] CREATE TYPE maintenancetype AS ENUM ('ROUTINE', 'PREVENTIVE', 'CORRECTIVE', 'EMERGENCY', 'INSPECTION') (base.py:1842)
2025-06-17 11:28:32 [    INFO] [no key 0.00394s] {} (base.py:1842)
2025-06-17 11:28:32 [   DEBUG] Query eseguita in 0.01 secondi: CREATE TYPE maintenancetype AS ENUM ('ROUTINE', 'PREVENTIVE', 'CORRECTIVE', 'EMERGENCY', 'INSPECTION') (session.py:30)
2025-06-17 11:28:32 [    INFO] SELECT pg_catalog.pg_type.typname 
FROM pg_catalog.pg_type JOIN pg_catalog.pg_namespace ON pg_catalog.pg_namespace.oid = pg_catalog.pg_type.typnamespace 
WHERE pg_catalog.pg_type.typname = %(typname_1)s AND pg_catalog.pg_type_is_visible(pg_catalog.pg_type.oid) AND pg_catalog.pg_namespace.nspname != %(nspname_1)s (base.py:1842)
2025-06-17 11:28:32 [    INFO] [cached since 0.02563s ago] {'typname_1': 'maintenancestatus', 'nspname_1': 'pg_catalog'} (base.py:1842)
2025-06-17 11:28:32 [   DEBUG] Query eseguita in 0.01 secondi: SELECT pg_catalog.pg_type.typname 
FROM pg_catalog.pg_type JOIN pg_catalog.pg_namespace ON pg_catalog.pg_namespace.oid = pg_catalog.pg_type.typnamespace 
WHERE pg_catalog.pg_type.typname = %(typname_1)s AND pg_catalog.pg_type_is_visible(pg_catalog.pg_type.oid) AND pg_catalog.pg_namespace.nspname != %(nspname_1)s (session.py:30)
2025-06-17 11:28:32 [    INFO] CREATE TYPE maintenancestatus AS ENUM ('PENDING', 'COMPLETED', 'FAILED') (base.py:1842)
2025-06-17 11:28:32 [    INFO] [no key 0.00121s] {} (base.py:1842)
2025-06-17 11:28:32 [   DEBUG] Query eseguita in 0.01 secondi: CREATE TYPE maintenancestatus AS ENUM ('PENDING', 'COMPLETED', 'FAILED') (session.py:30)
2025-06-17 11:28:32 [    INFO] 
CREATE TABLE "user" (
	id SERIAL NOT NULL, 
	email VARCHAR NOT NULL, 
	username VARCHAR NOT NULL, 
	hashed_password VARCHAR NOT NULL, 
	is_active BOOLEAN NOT NULL, 
	is_superuser BOOLEAN NOT NULL, 
	is_verified BOOLEAN NOT NULL, 
	created_at TIMESTAMP WITHOUT TIME ZONE NOT NULL, 
	updated_at TIMESTAMP WITHOUT TIME ZONE NOT NULL, 
	last_login TIMESTAMP WITH TIME ZONE, 
	full_name VARCHAR(255), 
	phone_number VARCHAR(20), 
	PRIMARY KEY (id)
)

 (base.py:1842)
2025-06-17 11:28:32 [    INFO] [no key 0.00095s] {} (base.py:1842)
2025-06-17 11:28:32 [   DEBUG] Query eseguita in 0.03 secondi: 
CREATE TABLE "user" (
	id SERIAL NOT NULL, 
	email VARCHAR NOT NULL, 
	username VARCHAR NOT NULL, 
	hashed_password VARCHAR NOT NULL, 
	is_active BOOLEAN NOT NULL, 
	is_superuser BOOLEAN NOT NULL, 
	is_verified BOOLEAN NOT NULL, 
	created_at TIMESTAMP WITHOUT TIME ZONE NOT NULL, 
	updated_at TIMESTAMP WITHOUT TIME ZONE NOT NULL, 
	last_login TIMESTAMP WITH TIME ZONE, 
	full_name VARCHAR(255), 
	phone_number VARCHAR(20), 
	PRIMARY KEY (id)
)

 (session.py:30)
2025-06-17 11:28:32 [    INFO] CREATE UNIQUE INDEX ix_user_email ON "user" (email) (base.py:1842)
2025-06-17 11:28:32 [    INFO] [no key 0.00159s] {} (base.py:1842)
2025-06-17 11:28:32 [   DEBUG] Query eseguita in 0.01 secondi: CREATE UNIQUE INDEX ix_user_email ON "user" (email) (session.py:30)
2025-06-17 11:28:32 [    INFO] CREATE UNIQUE INDEX ix_user_username ON "user" (username) (base.py:1842)
2025-06-17 11:28:32 [    INFO] [no key 0.00284s] {} (base.py:1842)
2025-06-17 11:28:32 [   DEBUG] Query eseguita in 0.01 secondi: CREATE UNIQUE INDEX ix_user_username ON "user" (username) (session.py:30)
2025-06-17 11:28:32 [    INFO] 
CREATE TABLE houses (
	id SERIAL NOT NULL, 
	name VARCHAR NOT NULL, 
	address VARCHAR NOT NULL, 
	owner_id INTEGER NOT NULL, 
	created_at TIMESTAMP WITHOUT TIME ZONE NOT NULL, 
	updated_at TIMESTAMP WITHOUT TIME ZONE NOT NULL, 
	PRIMARY KEY (id), 
	FOREIGN KEY(owner_id) REFERENCES "user" (id)
)

 (base.py:1842)
2025-06-17 11:28:32 [    INFO] [no key 0.00285s] {} (base.py:1842)
2025-06-17 11:28:32 [   DEBUG] Query eseguita in 0.03 secondi: 
CREATE TABLE houses (
	id SERIAL NOT NULL, 
	name VARCHAR NOT NULL, 
	address VARCHAR NOT NULL, 
	owner_id INTEGER NOT NULL, 
	created_at TIMESTAMP WITHOUT TIME ZONE NOT NULL, 
	updated_at TIMESTAMP WITHOUT TIME ZONE NOT NULL, 
	PRIMARY KEY (id), 
	FOREIGN KEY(owner_id) REFERENCES "user" (id)
)

 (session.py:30)
2025-06-17 11:28:32 [    INFO] CREATE INDEX ix_houses_name ON houses (name) (base.py:1842)
2025-06-17 11:28:32 [    INFO] [no key 0.00135s] {} (base.py:1842)
2025-06-17 11:28:32 [   DEBUG] Query eseguita in 0.01 secondi: CREATE INDEX ix_houses_name ON houses (name) (session.py:30)
2025-06-17 11:28:32 [    INFO] 
CREATE TABLE rooms (
	id SERIAL NOT NULL, 
	name VARCHAR NOT NULL, 
	description VARCHAR, 
	floor INTEGER NOT NULL, 
	area FLOAT NOT NULL, 
	house_id INTEGER NOT NULL, 
	created_at TIMESTAMP WITHOUT TIME ZONE NOT NULL, 
	updated_at TIMESTAMP WITHOUT TIME ZONE NOT NULL, 
	PRIMARY KEY (id), 
	FOREIGN KEY(house_id) REFERENCES houses (id)
)

 (base.py:1842)
2025-06-17 11:28:32 [    INFO] [no key 0.00206s] {} (base.py:1842)
2025-06-17 11:28:32 [   DEBUG] Query eseguita in 0.03 secondi: 
CREATE TABLE rooms (
	id SERIAL NOT NULL, 
	name VARCHAR NOT NULL, 
	description VARCHAR, 
	floor INTEGER NOT NULL, 
	area FLOAT NOT NULL, 
	house_id INTEGER NOT NULL, 
	created_at TIMESTAMP WITHOUT TIME ZONE NOT NULL, 
	updated_at TIMESTAMP WITHOUT TIME ZONE NOT NULL, 
	PRIMARY KEY (id), 
	FOREIGN KEY(house_id) REFERENCES houses (id)
)

 (session.py:30)
2025-06-17 11:28:32 [    INFO] CREATE INDEX ix_rooms_name ON rooms (name) (base.py:1842)
2025-06-17 11:28:32 [    INFO] [no key 0.00452s] {} (base.py:1842)
2025-06-17 11:28:32 [   DEBUG] Query eseguita in 0.01 secondi: CREATE INDEX ix_rooms_name ON rooms (name) (session.py:30)
2025-06-17 11:28:32 [    INFO] 
CREATE TABLE nodes (
	id SERIAL NOT NULL, 
	name VARCHAR NOT NULL, 
	description VARCHAR, 
	nfc_id VARCHAR NOT NULL, 
	house_id INTEGER NOT NULL, 
	room_id INTEGER, 
	PRIMARY KEY (id), 
	FOREIGN KEY(house_id) REFERENCES houses (id), 
	FOREIGN KEY(room_id) REFERENCES rooms (id)
)

 (base.py:1842)
2025-06-17 11:28:32 [    INFO] [no key 0.00457s] {} (base.py:1842)
2025-06-17 11:28:32 [   DEBUG] Query eseguita in 0.03 secondi: 
CREATE TABLE nodes (
	id SERIAL NOT NULL, 
	name VARCHAR NOT NULL, 
	description VARCHAR, 
	nfc_id VARCHAR NOT NULL, 
	house_id INTEGER NOT NULL, 
	room_id INTEGER, 
	PRIMARY KEY (id), 
	FOREIGN KEY(house_id) REFERENCES houses (id), 
	FOREIGN KEY(room_id) REFERENCES rooms (id)
)

 (session.py:30)
2025-06-17 11:28:32 [    INFO] CREATE UNIQUE INDEX ix_nodes_nfc_id ON nodes (nfc_id) (base.py:1842)
2025-06-17 11:28:32 [    INFO] [no key 0.00328s] {} (base.py:1842)
2025-06-17 11:28:32 [   DEBUG] Query eseguita in 0.01 secondi: CREATE UNIQUE INDEX ix_nodes_nfc_id ON nodes (nfc_id) (session.py:30)
2025-06-17 11:28:32 [    INFO] 
CREATE TABLE bookings (
	id SERIAL NOT NULL, 
	room_id INTEGER NOT NULL, 
	user_id INTEGER NOT NULL, 
	start_time TIMESTAMP WITHOUT TIME ZONE NOT NULL, 
	end_time TIMESTAMP WITHOUT TIME ZONE NOT NULL, 
	status VARCHAR NOT NULL, 
	notes VARCHAR, 
	created_at TIMESTAMP WITHOUT TIME ZONE NOT NULL, 
	updated_at TIMESTAMP WITHOUT TIME ZONE NOT NULL, 
	PRIMARY KEY (id), 
	FOREIGN KEY(room_id) REFERENCES rooms (id), 
	FOREIGN KEY(user_id) REFERENCES "user" (id)
)

 (base.py:1842)
2025-06-17 11:28:32 [    INFO] [no key 0.00243s] {} (base.py:1842)
2025-06-17 11:28:32 [   DEBUG] Query eseguita in 0.04 secondi: 
CREATE TABLE bookings (
	id SERIAL NOT NULL, 
	room_id INTEGER NOT NULL, 
	user_id INTEGER NOT NULL, 
	start_time TIMESTAMP WITHOUT TIME ZONE NOT NULL, 
	end_time TIMESTAMP WITHOUT TIME ZONE NOT NULL, 
	status VARCHAR NOT NULL, 
	notes VARCHAR, 
	created_at TIMESTAMP WITHOUT TIME ZONE NOT NULL, 
	updated_at TIMESTAMP WITHOUT TIME ZONE NOT NULL, 
	PRIMARY KEY (id), 
	FOREIGN KEY(room_id) REFERENCES rooms (id), 
	FOREIGN KEY(user_id) REFERENCES "user" (id)
)

 (session.py:30)
2025-06-17 11:28:32 [    INFO] 
CREATE TABLE documents (
	id SERIAL NOT NULL, 
	created_at TIMESTAMP WITHOUT TIME ZONE NOT NULL, 
	updated_at TIMESTAMP WITHOUT TIME ZONE NOT NULL, 
	owner_id INTEGER NOT NULL, 
	name VARCHAR NOT NULL, 
	type VARCHAR NOT NULL, 
	size INTEGER NOT NULL, 
	upload_date TIMESTAMP WITHOUT TIME ZONE NOT NULL, 
	path VARCHAR NOT NULL, 
	checksum VARCHAR NOT NULL, 
	house_id INTEGER, 
	node_id INTEGER, 
	description VARCHAR, 
	PRIMARY KEY (id), 
	FOREIGN KEY(owner_id) REFERENCES "user" (id), 
	FOREIGN KEY(house_id) REFERENCES houses (id), 
	FOREIGN KEY(node_id) REFERENCES nodes (id)
)

 (base.py:1842)
2025-06-17 11:28:32 [    INFO] [no key 0.00200s] {} (base.py:1842)
2025-06-17 11:28:32 [   DEBUG] Query eseguita in 0.04 secondi: 
CREATE TABLE documents (
	id SERIAL NOT NULL, 
	created_at TIMESTAMP WITHOUT TIME ZONE NOT NULL, 
	updated_at TIMESTAMP WITHOUT TIME ZONE NOT NULL, 
	owner_id INTEGER NOT NULL, 
	name VARCHAR NOT NULL, 
	type VARCHAR NOT NULL, 
	size INTEGER NOT NULL, 
	upload_date TIMESTAMP WITHOUT TIME ZONE NOT NULL, 
	path VARCHAR NOT NULL, 
	checksum VARCHAR NOT NULL, 
	house_id INTEGER, 
	node_id INTEGER, 
	description VARCHAR, 
	PRIMARY KEY (id), 
	FOREIGN KEY(owner_id) REFERENCES "user" (id), 
	FOREIGN KEY(house_id) REFERENCES houses (id), 
	FOREIGN KEY(node_id) REFERENCES nodes (id)
)

 (session.py:30)
2025-06-17 11:28:32 [    INFO] CREATE INDEX ix_documents_owner_id ON documents (owner_id) (base.py:1842)
2025-06-17 11:28:32 [    INFO] [no key 0.00367s] {} (base.py:1842)
2025-06-17 11:28:32 [   DEBUG] Query eseguita in 0.01 secondi: CREATE INDEX ix_documents_owner_id ON documents (owner_id) (session.py:30)
2025-06-17 11:28:32 [    INFO] 
CREATE TABLE document_versions (
	id SERIAL NOT NULL, 
	version_number INTEGER NOT NULL, 
	file_path VARCHAR NOT NULL, 
	file_size INTEGER NOT NULL, 
	checksum VARCHAR NOT NULL, 
	created_at TIMESTAMP WITHOUT TIME ZONE NOT NULL, 
	updated_at TIMESTAMP WITHOUT TIME ZONE NOT NULL, 
	document_id INTEGER NOT NULL, 
	created_by_id INTEGER, 
	PRIMARY KEY (id), 
	FOREIGN KEY(document_id) REFERENCES documents (id), 
	FOREIGN KEY(created_by_id) REFERENCES "user" (id)
)

 (base.py:1842)
2025-06-17 11:28:32 [    INFO] [no key 0.00221s] {} (base.py:1842)
2025-06-17 11:28:32 [   DEBUG] Query eseguita in 0.03 secondi: 
CREATE TABLE document_versions (
	id SERIAL NOT NULL, 
	version_number INTEGER NOT NULL, 
	file_path VARCHAR NOT NULL, 
	file_size INTEGER NOT NULL, 
	checksum VARCHAR NOT NULL, 
	created_at TIMESTAMP WITHOUT TIME ZONE NOT NULL, 
	updated_at TIMESTAMP WITHOUT TIME ZONE NOT NULL, 
	document_id INTEGER NOT NULL, 
	created_by_id INTEGER, 
	PRIMARY KEY (id), 
	FOREIGN KEY(document_id) REFERENCES documents (id), 
	FOREIGN KEY(created_by_id) REFERENCES "user" (id)
)

 (session.py:30)
2025-06-17 11:28:32 [    INFO] CREATE INDEX ix_document_versions_version_number ON document_versions (version_number) (base.py:1842)
2025-06-17 11:28:32 [    INFO] [no key 0.00337s] {} (base.py:1842)
2025-06-17 11:28:32 [   DEBUG] Query eseguita in 0.01 secondi: CREATE INDEX ix_document_versions_version_number ON document_versions (version_number) (session.py:30)
2025-06-17 11:28:32 [    INFO] CREATE INDEX ix_document_versions_created_by_id ON document_versions (created_by_id) (base.py:1842)
2025-06-17 11:28:32 [    INFO] [no key 0.00135s] {} (base.py:1842)
2025-06-17 11:28:32 [   DEBUG] Query eseguita in 0.01 secondi: CREATE INDEX ix_document_versions_created_by_id ON document_versions (created_by_id) (session.py:30)
2025-06-17 11:28:32 [    INFO] CREATE INDEX ix_document_versions_document_id ON document_versions (document_id) (base.py:1842)
2025-06-17 11:28:32 [    INFO] [no key 0.00070s] {} (base.py:1842)
2025-06-17 11:28:32 [   DEBUG] Query eseguita in 0.01 secondi: CREATE INDEX ix_document_versions_document_id ON document_versions (document_id) (session.py:30)
2025-06-17 11:28:32 [    INFO] 
CREATE TABLE maintenance_records (
	id SERIAL NOT NULL, 
	node_id INTEGER NOT NULL, 
	timestamp TIMESTAMP WITHOUT TIME ZONE NOT NULL, 
	maintenance_type maintenancetype NOT NULL, 
	description VARCHAR NOT NULL, 
	status maintenancestatus NOT NULL, 
	notes VARCHAR, 
	document_id INTEGER, 
	PRIMARY KEY (id), 
	FOREIGN KEY(node_id) REFERENCES nodes (id), 
	FOREIGN KEY(document_id) REFERENCES documents (id)
)

 (base.py:1842)
2025-06-17 11:28:32 [    INFO] [no key 0.00094s] {} (base.py:1842)
2025-06-17 11:28:32 [   DEBUG] Query eseguita in 0.03 secondi: 
CREATE TABLE maintenance_records (
	id SERIAL NOT NULL, 
	node_id INTEGER NOT NULL, 
	timestamp TIMESTAMP WITHOUT TIME ZONE NOT NULL, 
	maintenance_type maintenancetype NOT NULL, 
	description VARCHAR NOT NULL, 
	status maintenancestatus NOT NULL, 
	notes VARCHAR, 
	document_id INTEGER, 
	PRIMARY KEY (id), 
	FOREIGN KEY(node_id) REFERENCES nodes (id), 
	FOREIGN KEY(document_id) REFERENCES documents (id)
)

 (session.py:30)
2025-06-17 11:28:32 [    INFO] CREATE INDEX ix_maintenance_records_node_id ON maintenance_records (node_id) (base.py:1842)
2025-06-17 11:28:32 [    INFO] [no key 0.00252s] {} (base.py:1842)
2025-06-17 11:28:32 [   DEBUG] Query eseguita in 0.01 secondi: CREATE INDEX ix_maintenance_records_node_id ON maintenance_records (node_id) (session.py:30)
2025-06-17 11:28:32 [    INFO] COMMIT (base.py:2704)
2025-06-17 11:28:32 [   DEBUG] Test database tables created successfully (test_users.py:52)
2025-06-17 11:28:32 [   DEBUG] Test database session created successfully (test_users.py:55)
2025-06-17 11:28:32 [   DEBUG] Overriding get_session for tests... (conftest.py:269)
2025-06-17 11:28:32 [   DEBUG] Setting up FakeRedis for tests... (conftest_redis.py:18)
2025-06-17 11:28:32 [   DEBUG] Connessione Redis stabilita con successo (redis.py:24)
-------------------------------- live log call --------------------------------
2025-06-17 11:28:32 [   DEBUG] Using proactor: IocpProactor (proactor_events.py:631)
2025-06-17 11:28:32 [    INFO] HTTP Request: POST http://testserver/api/v1/auth/register "HTTP/1.1 422 Unprocessable Entity" (_client.py:1025)
PASSED                                                                   [ 70%]
------------------------------ live log teardown ------------------------------
2025-06-17 11:28:32 [   DEBUG] Restored original Redis client (conftest_redis.py:29)
2025-06-17 11:28:32 [   DEBUG] get_session override cleared (conftest.py:275)
2025-06-17 11:28:32 [   DEBUG] Cleaning up test database session... (test_users.py:57)
2025-06-17 11:28:32 [    INFO] BEGIN (implicit) (base.py:2698)
2025-06-17 11:28:32 [    INFO] DROP SCHEMA public CASCADE (base.py:1842)
2025-06-17 11:28:32 [    INFO] [generated in 0.00447s] {} (base.py:1842)
2025-06-17 11:28:33 [   DEBUG] Query eseguita in 0.11 secondi: DROP SCHEMA public CASCADE (session.py:30)
2025-06-17 11:28:33 [    INFO] CREATE SCHEMA public (base.py:1842)
2025-06-17 11:28:33 [    INFO] [generated in 0.00363s] {} (base.py:1842)
2025-06-17 11:28:33 [   DEBUG] Query eseguita in 0.01 secondi: CREATE SCHEMA public (session.py:30)
2025-06-17 11:28:33 [    INFO] COMMIT (base.py:2704)
2025-06-17 11:28:33 [   DEBUG] Test database cleanup completed (test_users.py:63)
2025-06-17 11:28:33 [   DEBUG] Session fixture completed in 1.53 seconds (test_users.py:68)

tests/api/test_users.py::test_create_user_invalid_password[pass\xffword] 
------------------------------- live log setup --------------------------------
2025-06-17 11:28:33 [   DEBUG] Setting up test database session... (test_users.py:38)
2025-06-17 11:28:34 [    INFO] select pg_catalog.version() (base.py:1842)
2025-06-17 11:28:34 [    INFO] [raw sql] {} (base.py:1842)
2025-06-17 11:28:34 [    INFO] select current_schema() (base.py:1842)
2025-06-17 11:28:34 [    INFO] [raw sql] {} (base.py:1842)
2025-06-17 11:28:34 [    INFO] show standard_conforming_strings (base.py:1842)
2025-06-17 11:28:34 [    INFO] [raw sql] {} (base.py:1842)
2025-06-17 11:28:34 [    INFO] BEGIN (implicit) (base.py:2698)
2025-06-17 11:28:34 [    INFO] SELECT pg_catalog.pg_class.relname 
FROM pg_catalog.pg_class JOIN pg_catalog.pg_namespace ON pg_catalog.pg_namespace.oid = pg_catalog.pg_class.relnamespace 
WHERE pg_catalog.pg_class.relname = %(table_name)s AND pg_catalog.pg_class.relkind = ANY (ARRAY[%(param_1)s, %(param_2)s, %(param_3)s, %(param_4)s, %(param_5)s]) AND pg_catalog.pg_table_is_visible(pg_catalog.pg_class.oid) AND pg_catalog.pg_namespace.nspname != %(nspname_1)s (base.py:1842)
2025-06-17 11:28:34 [    INFO] [generated in 0.00451s] {'table_name': 'user', 'param_1': 'r', 'param_2': 'p', 'param_3': 'f', 'param_4': 'v', 'param_5': 'm', 'nspname_1': 'pg_catalog'} (base.py:1842)
2025-06-17 11:28:34 [   DEBUG] Query eseguita in 0.01 secondi: SELECT pg_catalog.pg_class.relname 
FROM pg_catalog.pg_class JOIN pg_catalog.pg_namespace ON pg_catalog.pg_namespace.oid = pg_catalog.pg_class.relnamespace 
WHERE pg_catalog.pg_class.relname = %(table_name)s AND pg_catalog.pg_class.relkind = ANY (ARRAY[%(param_1)s, %(param_2)s, %(param_3)s, %(param_4)s, %(param_5)s]) AND pg_catalog.pg_table_is_visible(pg_catalog.pg_class.oid) AND pg_catalog.pg_namespace.nspname != %(nspname_1)s (session.py:30)
2025-06-17 11:28:34 [    INFO] SELECT pg_catalog.pg_class.relname 
FROM pg_catalog.pg_class JOIN pg_catalog.pg_namespace ON pg_catalog.pg_namespace.oid = pg_catalog.pg_class.relnamespace 
WHERE pg_catalog.pg_class.relname = %(table_name)s AND pg_catalog.pg_class.relkind = ANY (ARRAY[%(param_1)s, %(param_2)s, %(param_3)s, %(param_4)s, %(param_5)s]) AND pg_catalog.pg_table_is_visible(pg_catalog.pg_class.oid) AND pg_catalog.pg_namespace.nspname != %(nspname_1)s (base.py:1842)
2025-06-17 11:28:34 [    INFO] [cached since 0.02072s ago] {'table_name': 'documents', 'param_1': 'r', 'param_2': 'p', 'param_3': 'f', 'param_4': 'v', 'param_5': 'm', 'nspname_1': 'pg_catalog'} (base.py:1842)
2025-06-17 11:28:34 [   DEBUG] Query eseguita in 0.01 secondi: SELECT pg_catalog.pg_class.relname 
FROM pg_catalog.pg_class JOIN pg_catalog.pg_namespace ON pg_catalog.pg_namespace.oid = pg_catalog.pg_class.relnamespace 
WHERE pg_catalog.pg_class.relname = %(table_name)s AND pg_catalog.pg_class.relkind = ANY (ARRAY[%(param_1)s, %(param_2)s, %(param_3)s, %(param_4)s, %(param_5)s]) AND pg_catalog.pg_table_is_visible(pg_catalog.pg_class.oid) AND pg_catalog.pg_namespace.nspname != %(nspname_1)s (session.py:30)
2025-06-17 11:28:34 [    INFO] SELECT pg_catalog.pg_class.relname 
FROM pg_catalog.pg_class JOIN pg_catalog.pg_namespace ON pg_catalog.pg_namespace.oid = pg_catalog.pg_class.relnamespace 
WHERE pg_catalog.pg_class.relname = %(table_name)s AND pg_catalog.pg_class.relkind = ANY (ARRAY[%(param_1)s, %(param_2)s, %(param_3)s, %(param_4)s, %(param_5)s]) AND pg_catalog.pg_table_is_visible(pg_catalog.pg_class.oid) AND pg_catalog.pg_namespace.nspname != %(nspname_1)s (base.py:1842)
2025-06-17 11:28:34 [    INFO] [cached since 0.02956s ago] {'table_name': 'document_versions', 'param_1': 'r', 'param_2': 'p', 'param_3': 'f', 'param_4': 'v', 'param_5': 'm', 'nspname_1': 'pg_catalog'} (base.py:1842)
2025-06-17 11:28:34 [   DEBUG] Query eseguita in 0.01 secondi: SELECT pg_catalog.pg_class.relname 
FROM pg_catalog.pg_class JOIN pg_catalog.pg_namespace ON pg_catalog.pg_namespace.oid = pg_catalog.pg_class.relnamespace 
WHERE pg_catalog.pg_class.relname = %(table_name)s AND pg_catalog.pg_class.relkind = ANY (ARRAY[%(param_1)s, %(param_2)s, %(param_3)s, %(param_4)s, %(param_5)s]) AND pg_catalog.pg_table_is_visible(pg_catalog.pg_class.oid) AND pg_catalog.pg_namespace.nspname != %(nspname_1)s (session.py:30)
2025-06-17 11:28:34 [    INFO] SELECT pg_catalog.pg_class.relname 
FROM pg_catalog.pg_class JOIN pg_catalog.pg_namespace ON pg_catalog.pg_namespace.oid = pg_catalog.pg_class.relnamespace 
WHERE pg_catalog.pg_class.relname = %(table_name)s AND pg_catalog.pg_class.relkind = ANY (ARRAY[%(param_1)s, %(param_2)s, %(param_3)s, %(param_4)s, %(param_5)s]) AND pg_catalog.pg_table_is_visible(pg_catalog.pg_class.oid) AND pg_catalog.pg_namespace.nspname != %(nspname_1)s (base.py:1842)
2025-06-17 11:28:34 [    INFO] [cached since 0.03971s ago] {'table_name': 'houses', 'param_1': 'r', 'param_2': 'p', 'param_3': 'f', 'param_4': 'v', 'param_5': 'm', 'nspname_1': 'pg_catalog'} (base.py:1842)
2025-06-17 11:28:34 [   DEBUG] Query eseguita in 0.01 secondi: SELECT pg_catalog.pg_class.relname 
FROM pg_catalog.pg_class JOIN pg_catalog.pg_namespace ON pg_catalog.pg_namespace.oid = pg_catalog.pg_class.relnamespace 
WHERE pg_catalog.pg_class.relname = %(table_name)s AND pg_catalog.pg_class.relkind = ANY (ARRAY[%(param_1)s, %(param_2)s, %(param_3)s, %(param_4)s, %(param_5)s]) AND pg_catalog.pg_table_is_visible(pg_catalog.pg_class.oid) AND pg_catalog.pg_namespace.nspname != %(nspname_1)s (session.py:30)
2025-06-17 11:28:34 [    INFO] SELECT pg_catalog.pg_class.relname 
FROM pg_catalog.pg_class JOIN pg_catalog.pg_namespace ON pg_catalog.pg_namespace.oid = pg_catalog.pg_class.relnamespace 
WHERE pg_catalog.pg_class.relname = %(table_name)s AND pg_catalog.pg_class.relkind = ANY (ARRAY[%(param_1)s, %(param_2)s, %(param_3)s, %(param_4)s, %(param_5)s]) AND pg_catalog.pg_table_is_visible(pg_catalog.pg_class.oid) AND pg_catalog.pg_namespace.nspname != %(nspname_1)s (base.py:1842)
2025-06-17 11:28:34 [    INFO] [cached since 0.05067s ago] {'table_name': 'nodes', 'param_1': 'r', 'param_2': 'p', 'param_3': 'f', 'param_4': 'v', 'param_5': 'm', 'nspname_1': 'pg_catalog'} (base.py:1842)
2025-06-17 11:28:34 [   DEBUG] Query eseguita in 0.01 secondi: SELECT pg_catalog.pg_class.relname 
FROM pg_catalog.pg_class JOIN pg_catalog.pg_namespace ON pg_catalog.pg_namespace.oid = pg_catalog.pg_class.relnamespace 
WHERE pg_catalog.pg_class.relname = %(table_name)s AND pg_catalog.pg_class.relkind = ANY (ARRAY[%(param_1)s, %(param_2)s, %(param_3)s, %(param_4)s, %(param_5)s]) AND pg_catalog.pg_table_is_visible(pg_catalog.pg_class.oid) AND pg_catalog.pg_namespace.nspname != %(nspname_1)s (session.py:30)
2025-06-17 11:28:34 [    INFO] SELECT pg_catalog.pg_class.relname 
FROM pg_catalog.pg_class JOIN pg_catalog.pg_namespace ON pg_catalog.pg_namespace.oid = pg_catalog.pg_class.relnamespace 
WHERE pg_catalog.pg_class.relname = %(table_name)s AND pg_catalog.pg_class.relkind = ANY (ARRAY[%(param_1)s, %(param_2)s, %(param_3)s, %(param_4)s, %(param_5)s]) AND pg_catalog.pg_table_is_visible(pg_catalog.pg_class.oid) AND pg_catalog.pg_namespace.nspname != %(nspname_1)s (base.py:1842)
2025-06-17 11:28:34 [    INFO] [cached since 0.05909s ago] {'table_name': 'rooms', 'param_1': 'r', 'param_2': 'p', 'param_3': 'f', 'param_4': 'v', 'param_5': 'm', 'nspname_1': 'pg_catalog'} (base.py:1842)
2025-06-17 11:28:34 [   DEBUG] Query eseguita in 0.01 secondi: SELECT pg_catalog.pg_class.relname 
FROM pg_catalog.pg_class JOIN pg_catalog.pg_namespace ON pg_catalog.pg_namespace.oid = pg_catalog.pg_class.relnamespace 
WHERE pg_catalog.pg_class.relname = %(table_name)s AND pg_catalog.pg_class.relkind = ANY (ARRAY[%(param_1)s, %(param_2)s, %(param_3)s, %(param_4)s, %(param_5)s]) AND pg_catalog.pg_table_is_visible(pg_catalog.pg_class.oid) AND pg_catalog.pg_namespace.nspname != %(nspname_1)s (session.py:30)
2025-06-17 11:28:34 [    INFO] SELECT pg_catalog.pg_class.relname 
FROM pg_catalog.pg_class JOIN pg_catalog.pg_namespace ON pg_catalog.pg_namespace.oid = pg_catalog.pg_class.relnamespace 
WHERE pg_catalog.pg_class.relname = %(table_name)s AND pg_catalog.pg_class.relkind = ANY (ARRAY[%(param_1)s, %(param_2)s, %(param_3)s, %(param_4)s, %(param_5)s]) AND pg_catalog.pg_table_is_visible(pg_catalog.pg_class.oid) AND pg_catalog.pg_namespace.nspname != %(nspname_1)s (base.py:1842)
2025-06-17 11:28:34 [    INFO] [cached since 0.07131s ago] {'table_name': 'bookings', 'param_1': 'r', 'param_2': 'p', 'param_3': 'f', 'param_4': 'v', 'param_5': 'm', 'nspname_1': 'pg_catalog'} (base.py:1842)
2025-06-17 11:28:34 [   DEBUG] Query eseguita in 0.00 secondi: SELECT pg_catalog.pg_class.relname 
FROM pg_catalog.pg_class JOIN pg_catalog.pg_namespace ON pg_catalog.pg_namespace.oid = pg_catalog.pg_class.relnamespace 
WHERE pg_catalog.pg_class.relname = %(table_name)s AND pg_catalog.pg_class.relkind = ANY (ARRAY[%(param_1)s, %(param_2)s, %(param_3)s, %(param_4)s, %(param_5)s]) AND pg_catalog.pg_table_is_visible(pg_catalog.pg_class.oid) AND pg_catalog.pg_namespace.nspname != %(nspname_1)s (session.py:30)
2025-06-17 11:28:34 [    INFO] SELECT pg_catalog.pg_class.relname 
FROM pg_catalog.pg_class JOIN pg_catalog.pg_namespace ON pg_catalog.pg_namespace.oid = pg_catalog.pg_class.relnamespace 
WHERE pg_catalog.pg_class.relname = %(table_name)s AND pg_catalog.pg_class.relkind = ANY (ARRAY[%(param_1)s, %(param_2)s, %(param_3)s, %(param_4)s, %(param_5)s]) AND pg_catalog.pg_table_is_visible(pg_catalog.pg_class.oid) AND pg_catalog.pg_namespace.nspname != %(nspname_1)s (base.py:1842)
2025-06-17 11:28:34 [    INFO] [cached since 0.07832s ago] {'table_name': 'maintenance_records', 'param_1': 'r', 'param_2': 'p', 'param_3': 'f', 'param_4': 'v', 'param_5': 'm', 'nspname_1': 'pg_catalog'} (base.py:1842)
2025-06-17 11:28:34 [   DEBUG] Query eseguita in 0.01 secondi: SELECT pg_catalog.pg_class.relname 
FROM pg_catalog.pg_class JOIN pg_catalog.pg_namespace ON pg_catalog.pg_namespace.oid = pg_catalog.pg_class.relnamespace 
WHERE pg_catalog.pg_class.relname = %(table_name)s AND pg_catalog.pg_class.relkind = ANY (ARRAY[%(param_1)s, %(param_2)s, %(param_3)s, %(param_4)s, %(param_5)s]) AND pg_catalog.pg_table_is_visible(pg_catalog.pg_class.oid) AND pg_catalog.pg_namespace.nspname != %(nspname_1)s (session.py:30)
2025-06-17 11:28:34 [    INFO] SELECT pg_catalog.pg_type.typname 
FROM pg_catalog.pg_type JOIN pg_catalog.pg_namespace ON pg_catalog.pg_namespace.oid = pg_catalog.pg_type.typnamespace 
WHERE pg_catalog.pg_type.typname = %(typname_1)s AND pg_catalog.pg_type_is_visible(pg_catalog.pg_type.oid) AND pg_catalog.pg_namespace.nspname != %(nspname_1)s (base.py:1842)
2025-06-17 11:28:34 [    INFO] [generated in 0.00328s] {'typname_1': 'maintenancetype', 'nspname_1': 'pg_catalog'} (base.py:1842)
2025-06-17 11:28:34 [   DEBUG] Query eseguita in 0.01 secondi: SELECT pg_catalog.pg_type.typname 
FROM pg_catalog.pg_type JOIN pg_catalog.pg_namespace ON pg_catalog.pg_namespace.oid = pg_catalog.pg_type.typnamespace 
WHERE pg_catalog.pg_type.typname = %(typname_1)s AND pg_catalog.pg_type_is_visible(pg_catalog.pg_type.oid) AND pg_catalog.pg_namespace.nspname != %(nspname_1)s (session.py:30)
2025-06-17 11:28:34 [    INFO] CREATE TYPE maintenancetype AS ENUM ('ROUTINE', 'PREVENTIVE', 'CORRECTIVE', 'EMERGENCY', 'INSPECTION') (base.py:1842)
2025-06-17 11:28:34 [    INFO] [no key 0.00067s] {} (base.py:1842)
2025-06-17 11:28:34 [   DEBUG] Query eseguita in 0.01 secondi: CREATE TYPE maintenancetype AS ENUM ('ROUTINE', 'PREVENTIVE', 'CORRECTIVE', 'EMERGENCY', 'INSPECTION') (session.py:30)
2025-06-17 11:28:34 [    INFO] SELECT pg_catalog.pg_type.typname 
FROM pg_catalog.pg_type JOIN pg_catalog.pg_namespace ON pg_catalog.pg_namespace.oid = pg_catalog.pg_type.typnamespace 
WHERE pg_catalog.pg_type.typname = %(typname_1)s AND pg_catalog.pg_type_is_visible(pg_catalog.pg_type.oid) AND pg_catalog.pg_namespace.nspname != %(nspname_1)s (base.py:1842)
2025-06-17 11:28:34 [    INFO] [cached since 0.02972s ago] {'typname_1': 'maintenancestatus', 'nspname_1': 'pg_catalog'} (base.py:1842)
2025-06-17 11:28:34 [   DEBUG] Query eseguita in 0.00 secondi: SELECT pg_catalog.pg_type.typname 
FROM pg_catalog.pg_type JOIN pg_catalog.pg_namespace ON pg_catalog.pg_namespace.oid = pg_catalog.pg_type.typnamespace 
WHERE pg_catalog.pg_type.typname = %(typname_1)s AND pg_catalog.pg_type_is_visible(pg_catalog.pg_type.oid) AND pg_catalog.pg_namespace.nspname != %(nspname_1)s (session.py:30)
2025-06-17 11:28:34 [    INFO] CREATE TYPE maintenancestatus AS ENUM ('PENDING', 'COMPLETED', 'FAILED') (base.py:1842)
2025-06-17 11:28:34 [    INFO] [no key 0.00117s] {} (base.py:1842)
2025-06-17 11:28:34 [   DEBUG] Query eseguita in 0.00 secondi: CREATE TYPE maintenancestatus AS ENUM ('PENDING', 'COMPLETED', 'FAILED') (session.py:30)
2025-06-17 11:28:34 [    INFO] 
CREATE TABLE "user" (
	id SERIAL NOT NULL, 
	email VARCHAR NOT NULL, 
	username VARCHAR NOT NULL, 
	hashed_password VARCHAR NOT NULL, 
	is_active BOOLEAN NOT NULL, 
	is_superuser BOOLEAN NOT NULL, 
	is_verified BOOLEAN NOT NULL, 
	created_at TIMESTAMP WITHOUT TIME ZONE NOT NULL, 
	updated_at TIMESTAMP WITHOUT TIME ZONE NOT NULL, 
	last_login TIMESTAMP WITH TIME ZONE, 
	full_name VARCHAR(255), 
	phone_number VARCHAR(20), 
	PRIMARY KEY (id)
)

 (base.py:1842)
2025-06-17 11:28:34 [    INFO] [no key 0.00091s] {} (base.py:1842)
2025-06-17 11:28:34 [   DEBUG] Query eseguita in 0.04 secondi: 
CREATE TABLE "user" (
	id SERIAL NOT NULL, 
	email VARCHAR NOT NULL, 
	username VARCHAR NOT NULL, 
	hashed_password VARCHAR NOT NULL, 
	is_active BOOLEAN NOT NULL, 
	is_superuser BOOLEAN NOT NULL, 
	is_verified BOOLEAN NOT NULL, 
	created_at TIMESTAMP WITHOUT TIME ZONE NOT NULL, 
	updated_at TIMESTAMP WITHOUT TIME ZONE NOT NULL, 
	last_login TIMESTAMP WITH TIME ZONE, 
	full_name VARCHAR(255), 
	phone_number VARCHAR(20), 
	PRIMARY KEY (id)
)

 (session.py:30)
2025-06-17 11:28:34 [    INFO] CREATE UNIQUE INDEX ix_user_email ON "user" (email) (base.py:1842)
2025-06-17 11:28:34 [    INFO] [no key 0.00287s] {} (base.py:1842)
2025-06-17 11:28:34 [   DEBUG] Query eseguita in 0.01 secondi: CREATE UNIQUE INDEX ix_user_email ON "user" (email) (session.py:30)
2025-06-17 11:28:34 [    INFO] CREATE UNIQUE INDEX ix_user_username ON "user" (username) (base.py:1842)
2025-06-17 11:28:34 [    INFO] [no key 0.00158s] {} (base.py:1842)
2025-06-17 11:28:34 [   DEBUG] Query eseguita in 0.01 secondi: CREATE UNIQUE INDEX ix_user_username ON "user" (username) (session.py:30)
2025-06-17 11:28:34 [    INFO] 
CREATE TABLE houses (
	id SERIAL NOT NULL, 
	name VARCHAR NOT NULL, 
	address VARCHAR NOT NULL, 
	owner_id INTEGER NOT NULL, 
	created_at TIMESTAMP WITHOUT TIME ZONE NOT NULL, 
	updated_at TIMESTAMP WITHOUT TIME ZONE NOT NULL, 
	PRIMARY KEY (id), 
	FOREIGN KEY(owner_id) REFERENCES "user" (id)
)

 (base.py:1842)
2025-06-17 11:28:34 [    INFO] [no key 0.00227s] {} (base.py:1842)
2025-06-17 11:28:34 [   DEBUG] Query eseguita in 0.04 secondi: 
CREATE TABLE houses (
	id SERIAL NOT NULL, 
	name VARCHAR NOT NULL, 
	address VARCHAR NOT NULL, 
	owner_id INTEGER NOT NULL, 
	created_at TIMESTAMP WITHOUT TIME ZONE NOT NULL, 
	updated_at TIMESTAMP WITHOUT TIME ZONE NOT NULL, 
	PRIMARY KEY (id), 
	FOREIGN KEY(owner_id) REFERENCES "user" (id)
)

 (session.py:30)
2025-06-17 11:28:34 [    INFO] CREATE INDEX ix_houses_name ON houses (name) (base.py:1842)
2025-06-17 11:28:34 [    INFO] [no key 0.00219s] {} (base.py:1842)
2025-06-17 11:28:34 [   DEBUG] Query eseguita in 0.01 secondi: CREATE INDEX ix_houses_name ON houses (name) (session.py:30)
2025-06-17 11:28:34 [    INFO] 
CREATE TABLE rooms (
	id SERIAL NOT NULL, 
	name VARCHAR NOT NULL, 
	description VARCHAR, 
	floor INTEGER NOT NULL, 
	area FLOAT NOT NULL, 
	house_id INTEGER NOT NULL, 
	created_at TIMESTAMP WITHOUT TIME ZONE NOT NULL, 
	updated_at TIMESTAMP WITHOUT TIME ZONE NOT NULL, 
	PRIMARY KEY (id), 
	FOREIGN KEY(house_id) REFERENCES houses (id)
)

 (base.py:1842)
2025-06-17 11:28:34 [    INFO] [no key 0.00199s] {} (base.py:1842)
2025-06-17 11:28:34 [   DEBUG] Query eseguita in 0.03 secondi: 
CREATE TABLE rooms (
	id SERIAL NOT NULL, 
	name VARCHAR NOT NULL, 
	description VARCHAR, 
	floor INTEGER NOT NULL, 
	area FLOAT NOT NULL, 
	house_id INTEGER NOT NULL, 
	created_at TIMESTAMP WITHOUT TIME ZONE NOT NULL, 
	updated_at TIMESTAMP WITHOUT TIME ZONE NOT NULL, 
	PRIMARY KEY (id), 
	FOREIGN KEY(house_id) REFERENCES houses (id)
)

 (session.py:30)
2025-06-17 11:28:34 [    INFO] CREATE INDEX ix_rooms_name ON rooms (name) (base.py:1842)
2025-06-17 11:28:34 [    INFO] [no key 0.00254s] {} (base.py:1842)
2025-06-17 11:28:34 [   DEBUG] Query eseguita in 0.01 secondi: CREATE INDEX ix_rooms_name ON rooms (name) (session.py:30)
2025-06-17 11:28:34 [    INFO] 
CREATE TABLE nodes (
	id SERIAL NOT NULL, 
	name VARCHAR NOT NULL, 
	description VARCHAR, 
	nfc_id VARCHAR NOT NULL, 
	house_id INTEGER NOT NULL, 
	room_id INTEGER, 
	PRIMARY KEY (id), 
	FOREIGN KEY(house_id) REFERENCES houses (id), 
	FOREIGN KEY(room_id) REFERENCES rooms (id)
)

 (base.py:1842)
2025-06-17 11:28:34 [    INFO] [no key 0.00515s] {} (base.py:1842)
2025-06-17 11:28:34 [   DEBUG] Query eseguita in 0.04 secondi: 
CREATE TABLE nodes (
	id SERIAL NOT NULL, 
	name VARCHAR NOT NULL, 
	description VARCHAR, 
	nfc_id VARCHAR NOT NULL, 
	house_id INTEGER NOT NULL, 
	room_id INTEGER, 
	PRIMARY KEY (id), 
	FOREIGN KEY(house_id) REFERENCES houses (id), 
	FOREIGN KEY(room_id) REFERENCES rooms (id)
)

 (session.py:30)
2025-06-17 11:28:34 [    INFO] CREATE UNIQUE INDEX ix_nodes_nfc_id ON nodes (nfc_id) (base.py:1842)
2025-06-17 11:28:34 [    INFO] [no key 0.00082s] {} (base.py:1842)
2025-06-17 11:28:34 [   DEBUG] Query eseguita in 0.01 secondi: CREATE UNIQUE INDEX ix_nodes_nfc_id ON nodes (nfc_id) (session.py:30)
2025-06-17 11:28:34 [    INFO] 
CREATE TABLE bookings (
	id SERIAL NOT NULL, 
	room_id INTEGER NOT NULL, 
	user_id INTEGER NOT NULL, 
	start_time TIMESTAMP WITHOUT TIME ZONE NOT NULL, 
	end_time TIMESTAMP WITHOUT TIME ZONE NOT NULL, 
	status VARCHAR NOT NULL, 
	notes VARCHAR, 
	created_at TIMESTAMP WITHOUT TIME ZONE NOT NULL, 
	updated_at TIMESTAMP WITHOUT TIME ZONE NOT NULL, 
	PRIMARY KEY (id), 
	FOREIGN KEY(room_id) REFERENCES rooms (id), 
	FOREIGN KEY(user_id) REFERENCES "user" (id)
)

 (base.py:1842)
2025-06-17 11:28:34 [    INFO] [no key 0.00100s] {} (base.py:1842)
2025-06-17 11:28:34 [   DEBUG] Query eseguita in 0.03 secondi: 
CREATE TABLE bookings (
	id SERIAL NOT NULL, 
	room_id INTEGER NOT NULL, 
	user_id INTEGER NOT NULL, 
	start_time TIMESTAMP WITHOUT TIME ZONE NOT NULL, 
	end_time TIMESTAMP WITHOUT TIME ZONE NOT NULL, 
	status VARCHAR NOT NULL, 
	notes VARCHAR, 
	created_at TIMESTAMP WITHOUT TIME ZONE NOT NULL, 
	updated_at TIMESTAMP WITHOUT TIME ZONE NOT NULL, 
	PRIMARY KEY (id), 
	FOREIGN KEY(room_id) REFERENCES rooms (id), 
	FOREIGN KEY(user_id) REFERENCES "user" (id)
)

 (session.py:30)
2025-06-17 11:28:34 [    INFO] 
CREATE TABLE documents (
	id SERIAL NOT NULL, 
	created_at TIMESTAMP WITHOUT TIME ZONE NOT NULL, 
	updated_at TIMESTAMP WITHOUT TIME ZONE NOT NULL, 
	owner_id INTEGER NOT NULL, 
	name VARCHAR NOT NULL, 
	type VARCHAR NOT NULL, 
	size INTEGER NOT NULL, 
	upload_date TIMESTAMP WITHOUT TIME ZONE NOT NULL, 
	path VARCHAR NOT NULL, 
	checksum VARCHAR NOT NULL, 
	house_id INTEGER, 
	node_id INTEGER, 
	description VARCHAR, 
	PRIMARY KEY (id), 
	FOREIGN KEY(owner_id) REFERENCES "user" (id), 
	FOREIGN KEY(house_id) REFERENCES houses (id), 
	FOREIGN KEY(node_id) REFERENCES nodes (id)
)

 (base.py:1842)
2025-06-17 11:28:34 [    INFO] [no key 0.00317s] {} (base.py:1842)
2025-06-17 11:28:34 [   DEBUG] Query eseguita in 0.04 secondi: 
CREATE TABLE documents (
	id SERIAL NOT NULL, 
	created_at TIMESTAMP WITHOUT TIME ZONE NOT NULL, 
	updated_at TIMESTAMP WITHOUT TIME ZONE NOT NULL, 
	owner_id INTEGER NOT NULL, 
	name VARCHAR NOT NULL, 
	type VARCHAR NOT NULL, 
	size INTEGER NOT NULL, 
	upload_date TIMESTAMP WITHOUT TIME ZONE NOT NULL, 
	path VARCHAR NOT NULL, 
	checksum VARCHAR NOT NULL, 
	house_id INTEGER, 
	node_id INTEGER, 
	description VARCHAR, 
	PRIMARY KEY (id), 
	FOREIGN KEY(owner_id) REFERENCES "user" (id), 
	FOREIGN KEY(house_id) REFERENCES houses (id), 
	FOREIGN KEY(node_id) REFERENCES nodes (id)
)

 (session.py:30)
2025-06-17 11:28:34 [    INFO] CREATE INDEX ix_documents_owner_id ON documents (owner_id) (base.py:1842)
2025-06-17 11:28:34 [    INFO] [no key 0.00119s] {} (base.py:1842)
2025-06-17 11:28:34 [   DEBUG] Query eseguita in 0.01 secondi: CREATE INDEX ix_documents_owner_id ON documents (owner_id) (session.py:30)
2025-06-17 11:28:34 [    INFO] 
CREATE TABLE document_versions (
	id SERIAL NOT NULL, 
	version_number INTEGER NOT NULL, 
	file_path VARCHAR NOT NULL, 
	file_size INTEGER NOT NULL, 
	checksum VARCHAR NOT NULL, 
	created_at TIMESTAMP WITHOUT TIME ZONE NOT NULL, 
	updated_at TIMESTAMP WITHOUT TIME ZONE NOT NULL, 
	document_id INTEGER NOT NULL, 
	created_by_id INTEGER, 
	PRIMARY KEY (id), 
	FOREIGN KEY(document_id) REFERENCES documents (id), 
	FOREIGN KEY(created_by_id) REFERENCES "user" (id)
)

 (base.py:1842)
2025-06-17 11:28:34 [    INFO] [no key 0.00107s] {} (base.py:1842)
2025-06-17 11:28:34 [   DEBUG] Query eseguita in 0.03 secondi: 
CREATE TABLE document_versions (
	id SERIAL NOT NULL, 
	version_number INTEGER NOT NULL, 
	file_path VARCHAR NOT NULL, 
	file_size INTEGER NOT NULL, 
	checksum VARCHAR NOT NULL, 
	created_at TIMESTAMP WITHOUT TIME ZONE NOT NULL, 
	updated_at TIMESTAMP WITHOUT TIME ZONE NOT NULL, 
	document_id INTEGER NOT NULL, 
	created_by_id INTEGER, 
	PRIMARY KEY (id), 
	FOREIGN KEY(document_id) REFERENCES documents (id), 
	FOREIGN KEY(created_by_id) REFERENCES "user" (id)
)

 (session.py:30)
2025-06-17 11:28:34 [    INFO] CREATE INDEX ix_document_versions_version_number ON document_versions (version_number) (base.py:1842)
2025-06-17 11:28:34 [    INFO] [no key 0.00072s] {} (base.py:1842)
2025-06-17 11:28:34 [   DEBUG] Query eseguita in 0.01 secondi: CREATE INDEX ix_document_versions_version_number ON document_versions (version_number) (session.py:30)
2025-06-17 11:28:34 [    INFO] CREATE INDEX ix_document_versions_created_by_id ON document_versions (created_by_id) (base.py:1842)
2025-06-17 11:28:34 [    INFO] [no key 0.00101s] {} (base.py:1842)
2025-06-17 11:28:34 [   DEBUG] Query eseguita in 0.01 secondi: CREATE INDEX ix_document_versions_created_by_id ON document_versions (created_by_id) (session.py:30)
2025-06-17 11:28:34 [    INFO] CREATE INDEX ix_document_versions_document_id ON document_versions (document_id) (base.py:1842)
2025-06-17 11:28:34 [    INFO] [no key 0.00209s] {} (base.py:1842)
2025-06-17 11:28:34 [   DEBUG] Query eseguita in 0.01 secondi: CREATE INDEX ix_document_versions_document_id ON document_versions (document_id) (session.py:30)
2025-06-17 11:28:34 [    INFO] 
CREATE TABLE maintenance_records (
	id SERIAL NOT NULL, 
	node_id INTEGER NOT NULL, 
	timestamp TIMESTAMP WITHOUT TIME ZONE NOT NULL, 
	maintenance_type maintenancetype NOT NULL, 
	description VARCHAR NOT NULL, 
	status maintenancestatus NOT NULL, 
	notes VARCHAR, 
	document_id INTEGER, 
	PRIMARY KEY (id), 
	FOREIGN KEY(node_id) REFERENCES nodes (id), 
	FOREIGN KEY(document_id) REFERENCES documents (id)
)

 (base.py:1842)
2025-06-17 11:28:34 [    INFO] [no key 0.00226s] {} (base.py:1842)
2025-06-17 11:28:34 [   DEBUG] Query eseguita in 0.04 secondi: 
CREATE TABLE maintenance_records (
	id SERIAL NOT NULL, 
	node_id INTEGER NOT NULL, 
	timestamp TIMESTAMP WITHOUT TIME ZONE NOT NULL, 
	maintenance_type maintenancetype NOT NULL, 
	description VARCHAR NOT NULL, 
	status maintenancestatus NOT NULL, 
	notes VARCHAR, 
	document_id INTEGER, 
	PRIMARY KEY (id), 
	FOREIGN KEY(node_id) REFERENCES nodes (id), 
	FOREIGN KEY(document_id) REFERENCES documents (id)
)

 (session.py:30)
2025-06-17 11:28:34 [    INFO] CREATE INDEX ix_maintenance_records_node_id ON maintenance_records (node_id) (base.py:1842)
2025-06-17 11:28:34 [    INFO] [no key 0.00333s] {} (base.py:1842)
2025-06-17 11:28:34 [   DEBUG] Query eseguita in 0.01 secondi: CREATE INDEX ix_maintenance_records_node_id ON maintenance_records (node_id) (session.py:30)
2025-06-17 11:28:34 [    INFO] COMMIT (base.py:2704)
2025-06-17 11:28:34 [   DEBUG] Test database tables created successfully (test_users.py:52)
2025-06-17 11:28:34 [   DEBUG] Test database session created successfully (test_users.py:55)
2025-06-17 11:28:34 [   DEBUG] Overriding get_session for tests... (conftest.py:269)
2025-06-17 11:28:34 [   DEBUG] Setting up FakeRedis for tests... (conftest_redis.py:18)
2025-06-17 11:28:34 [   DEBUG] Connessione Redis stabilita con successo (redis.py:24)
-------------------------------- live log call --------------------------------
2025-06-17 11:28:34 [   DEBUG] Using proactor: IocpProactor (proactor_events.py:631)
2025-06-17 11:28:34 [    INFO] HTTP Request: POST http://testserver/api/v1/auth/register "HTTP/1.1 422 Unprocessable Entity" (_client.py:1025)
PASSED                                                                   [ 72%]
------------------------------ live log teardown ------------------------------
2025-06-17 11:28:34 [   DEBUG] Restored original Redis client (conftest_redis.py:29)
2025-06-17 11:28:34 [   DEBUG] get_session override cleared (conftest.py:275)
2025-06-17 11:28:34 [   DEBUG] Cleaning up test database session... (test_users.py:57)
2025-06-17 11:28:34 [    INFO] BEGIN (implicit) (base.py:2698)
2025-06-17 11:28:34 [    INFO] DROP SCHEMA public CASCADE (base.py:1842)
2025-06-17 11:28:34 [    INFO] [generated in 0.00440s] {} (base.py:1842)
2025-06-17 11:28:35 [   DEBUG] Query eseguita in 0.13 secondi: DROP SCHEMA public CASCADE (session.py:30)
2025-06-17 11:28:35 [    INFO] CREATE SCHEMA public (base.py:1842)
2025-06-17 11:28:35 [    INFO] [generated in 0.00237s] {} (base.py:1842)
2025-06-17 11:28:35 [   DEBUG] Query eseguita in 0.01 secondi: CREATE SCHEMA public (session.py:30)
2025-06-17 11:28:35 [    INFO] COMMIT (base.py:2704)
2025-06-17 11:28:35 [   DEBUG] Test database cleanup completed (test_users.py:63)
2025-06-17 11:28:35 [   DEBUG] Session fixture completed in 1.96 seconds (test_users.py:68)

tests/api/test_users.py::test_create_user_invalid_password[pass\x7fword] 
------------------------------- live log setup --------------------------------
2025-06-17 11:28:35 [   DEBUG] Setting up test database session... (test_users.py:38)
2025-06-17 11:28:35 [    INFO] select pg_catalog.version() (base.py:1842)
2025-06-17 11:28:35 [    INFO] [raw sql] {} (base.py:1842)
2025-06-17 11:28:35 [    INFO] select current_schema() (base.py:1842)
2025-06-17 11:28:35 [    INFO] [raw sql] {} (base.py:1842)
2025-06-17 11:28:35 [    INFO] show standard_conforming_strings (base.py:1842)
2025-06-17 11:28:35 [    INFO] [raw sql] {} (base.py:1842)
2025-06-17 11:28:35 [    INFO] BEGIN (implicit) (base.py:2698)
2025-06-17 11:28:35 [    INFO] SELECT pg_catalog.pg_class.relname 
FROM pg_catalog.pg_class JOIN pg_catalog.pg_namespace ON pg_catalog.pg_namespace.oid = pg_catalog.pg_class.relnamespace 
WHERE pg_catalog.pg_class.relname = %(table_name)s AND pg_catalog.pg_class.relkind = ANY (ARRAY[%(param_1)s, %(param_2)s, %(param_3)s, %(param_4)s, %(param_5)s]) AND pg_catalog.pg_table_is_visible(pg_catalog.pg_class.oid) AND pg_catalog.pg_namespace.nspname != %(nspname_1)s (base.py:1842)
2025-06-17 11:28:35 [    INFO] [generated in 0.00453s] {'table_name': 'user', 'param_1': 'r', 'param_2': 'p', 'param_3': 'f', 'param_4': 'v', 'param_5': 'm', 'nspname_1': 'pg_catalog'} (base.py:1842)
2025-06-17 11:28:35 [   DEBUG] Query eseguita in 0.01 secondi: SELECT pg_catalog.pg_class.relname 
FROM pg_catalog.pg_class JOIN pg_catalog.pg_namespace ON pg_catalog.pg_namespace.oid = pg_catalog.pg_class.relnamespace 
WHERE pg_catalog.pg_class.relname = %(table_name)s AND pg_catalog.pg_class.relkind = ANY (ARRAY[%(param_1)s, %(param_2)s, %(param_3)s, %(param_4)s, %(param_5)s]) AND pg_catalog.pg_table_is_visible(pg_catalog.pg_class.oid) AND pg_catalog.pg_namespace.nspname != %(nspname_1)s (session.py:30)
2025-06-17 11:28:35 [    INFO] SELECT pg_catalog.pg_class.relname 
FROM pg_catalog.pg_class JOIN pg_catalog.pg_namespace ON pg_catalog.pg_namespace.oid = pg_catalog.pg_class.relnamespace 
WHERE pg_catalog.pg_class.relname = %(table_name)s AND pg_catalog.pg_class.relkind = ANY (ARRAY[%(param_1)s, %(param_2)s, %(param_3)s, %(param_4)s, %(param_5)s]) AND pg_catalog.pg_table_is_visible(pg_catalog.pg_class.oid) AND pg_catalog.pg_namespace.nspname != %(nspname_1)s (base.py:1842)
2025-06-17 11:28:35 [    INFO] [cached since 0.01975s ago] {'table_name': 'documents', 'param_1': 'r', 'param_2': 'p', 'param_3': 'f', 'param_4': 'v', 'param_5': 'm', 'nspname_1': 'pg_catalog'} (base.py:1842)
2025-06-17 11:28:35 [   DEBUG] Query eseguita in 0.01 secondi: SELECT pg_catalog.pg_class.relname 
FROM pg_catalog.pg_class JOIN pg_catalog.pg_namespace ON pg_catalog.pg_namespace.oid = pg_catalog.pg_class.relnamespace 
WHERE pg_catalog.pg_class.relname = %(table_name)s AND pg_catalog.pg_class.relkind = ANY (ARRAY[%(param_1)s, %(param_2)s, %(param_3)s, %(param_4)s, %(param_5)s]) AND pg_catalog.pg_table_is_visible(pg_catalog.pg_class.oid) AND pg_catalog.pg_namespace.nspname != %(nspname_1)s (session.py:30)
2025-06-17 11:28:35 [    INFO] SELECT pg_catalog.pg_class.relname 
FROM pg_catalog.pg_class JOIN pg_catalog.pg_namespace ON pg_catalog.pg_namespace.oid = pg_catalog.pg_class.relnamespace 
WHERE pg_catalog.pg_class.relname = %(table_name)s AND pg_catalog.pg_class.relkind = ANY (ARRAY[%(param_1)s, %(param_2)s, %(param_3)s, %(param_4)s, %(param_5)s]) AND pg_catalog.pg_table_is_visible(pg_catalog.pg_class.oid) AND pg_catalog.pg_namespace.nspname != %(nspname_1)s (base.py:1842)
2025-06-17 11:28:35 [    INFO] [cached since 0.02807s ago] {'table_name': 'document_versions', 'param_1': 'r', 'param_2': 'p', 'param_3': 'f', 'param_4': 'v', 'param_5': 'm', 'nspname_1': 'pg_catalog'} (base.py:1842)
2025-06-17 11:28:36 [   DEBUG] Query eseguita in 0.01 secondi: SELECT pg_catalog.pg_class.relname 
FROM pg_catalog.pg_class JOIN pg_catalog.pg_namespace ON pg_catalog.pg_namespace.oid = pg_catalog.pg_class.relnamespace 
WHERE pg_catalog.pg_class.relname = %(table_name)s AND pg_catalog.pg_class.relkind = ANY (ARRAY[%(param_1)s, %(param_2)s, %(param_3)s, %(param_4)s, %(param_5)s]) AND pg_catalog.pg_table_is_visible(pg_catalog.pg_class.oid) AND pg_catalog.pg_namespace.nspname != %(nspname_1)s (session.py:30)
2025-06-17 11:28:36 [    INFO] SELECT pg_catalog.pg_class.relname 
FROM pg_catalog.pg_class JOIN pg_catalog.pg_namespace ON pg_catalog.pg_namespace.oid = pg_catalog.pg_class.relnamespace 
WHERE pg_catalog.pg_class.relname = %(table_name)s AND pg_catalog.pg_class.relkind = ANY (ARRAY[%(param_1)s, %(param_2)s, %(param_3)s, %(param_4)s, %(param_5)s]) AND pg_catalog.pg_table_is_visible(pg_catalog.pg_class.oid) AND pg_catalog.pg_namespace.nspname != %(nspname_1)s (base.py:1842)
2025-06-17 11:28:36 [    INFO] [cached since 0.04168s ago] {'table_name': 'houses', 'param_1': 'r', 'param_2': 'p', 'param_3': 'f', 'param_4': 'v', 'param_5': 'm', 'nspname_1': 'pg_catalog'} (base.py:1842)
2025-06-17 11:28:36 [   DEBUG] Query eseguita in 0.00 secondi: SELECT pg_catalog.pg_class.relname 
FROM pg_catalog.pg_class JOIN pg_catalog.pg_namespace ON pg_catalog.pg_namespace.oid = pg_catalog.pg_class.relnamespace 
WHERE pg_catalog.pg_class.relname = %(table_name)s AND pg_catalog.pg_class.relkind = ANY (ARRAY[%(param_1)s, %(param_2)s, %(param_3)s, %(param_4)s, %(param_5)s]) AND pg_catalog.pg_table_is_visible(pg_catalog.pg_class.oid) AND pg_catalog.pg_namespace.nspname != %(nspname_1)s (session.py:30)
2025-06-17 11:28:36 [    INFO] SELECT pg_catalog.pg_class.relname 
FROM pg_catalog.pg_class JOIN pg_catalog.pg_namespace ON pg_catalog.pg_namespace.oid = pg_catalog.pg_class.relnamespace 
WHERE pg_catalog.pg_class.relname = %(table_name)s AND pg_catalog.pg_class.relkind = ANY (ARRAY[%(param_1)s, %(param_2)s, %(param_3)s, %(param_4)s, %(param_5)s]) AND pg_catalog.pg_table_is_visible(pg_catalog.pg_class.oid) AND pg_catalog.pg_namespace.nspname != %(nspname_1)s (base.py:1842)
2025-06-17 11:28:36 [    INFO] [cached since 0.04856s ago] {'table_name': 'nodes', 'param_1': 'r', 'param_2': 'p', 'param_3': 'f', 'param_4': 'v', 'param_5': 'm', 'nspname_1': 'pg_catalog'} (base.py:1842)
2025-06-17 11:28:36 [   DEBUG] Query eseguita in 0.01 secondi: SELECT pg_catalog.pg_class.relname 
FROM pg_catalog.pg_class JOIN pg_catalog.pg_namespace ON pg_catalog.pg_namespace.oid = pg_catalog.pg_class.relnamespace 
WHERE pg_catalog.pg_class.relname = %(table_name)s AND pg_catalog.pg_class.relkind = ANY (ARRAY[%(param_1)s, %(param_2)s, %(param_3)s, %(param_4)s, %(param_5)s]) AND pg_catalog.pg_table_is_visible(pg_catalog.pg_class.oid) AND pg_catalog.pg_namespace.nspname != %(nspname_1)s (session.py:30)
2025-06-17 11:28:36 [    INFO] SELECT pg_catalog.pg_class.relname 
FROM pg_catalog.pg_class JOIN pg_catalog.pg_namespace ON pg_catalog.pg_namespace.oid = pg_catalog.pg_class.relnamespace 
WHERE pg_catalog.pg_class.relname = %(table_name)s AND pg_catalog.pg_class.relkind = ANY (ARRAY[%(param_1)s, %(param_2)s, %(param_3)s, %(param_4)s, %(param_5)s]) AND pg_catalog.pg_table_is_visible(pg_catalog.pg_class.oid) AND pg_catalog.pg_namespace.nspname != %(nspname_1)s (base.py:1842)
2025-06-17 11:28:36 [    INFO] [cached since 0.05886s ago] {'table_name': 'rooms', 'param_1': 'r', 'param_2': 'p', 'param_3': 'f', 'param_4': 'v', 'param_5': 'm', 'nspname_1': 'pg_catalog'} (base.py:1842)
2025-06-17 11:28:36 [   DEBUG] Query eseguita in 0.00 secondi: SELECT pg_catalog.pg_class.relname 
FROM pg_catalog.pg_class JOIN pg_catalog.pg_namespace ON pg_catalog.pg_namespace.oid = pg_catalog.pg_class.relnamespace 
WHERE pg_catalog.pg_class.relname = %(table_name)s AND pg_catalog.pg_class.relkind = ANY (ARRAY[%(param_1)s, %(param_2)s, %(param_3)s, %(param_4)s, %(param_5)s]) AND pg_catalog.pg_table_is_visible(pg_catalog.pg_class.oid) AND pg_catalog.pg_namespace.nspname != %(nspname_1)s (session.py:30)
2025-06-17 11:28:36 [    INFO] SELECT pg_catalog.pg_class.relname 
FROM pg_catalog.pg_class JOIN pg_catalog.pg_namespace ON pg_catalog.pg_namespace.oid = pg_catalog.pg_class.relnamespace 
WHERE pg_catalog.pg_class.relname = %(table_name)s AND pg_catalog.pg_class.relkind = ANY (ARRAY[%(param_1)s, %(param_2)s, %(param_3)s, %(param_4)s, %(param_5)s]) AND pg_catalog.pg_table_is_visible(pg_catalog.pg_class.oid) AND pg_catalog.pg_namespace.nspname != %(nspname_1)s (base.py:1842)
2025-06-17 11:28:36 [    INFO] [cached since 0.06688s ago] {'table_name': 'bookings', 'param_1': 'r', 'param_2': 'p', 'param_3': 'f', 'param_4': 'v', 'param_5': 'm', 'nspname_1': 'pg_catalog'} (base.py:1842)
2025-06-17 11:28:36 [   DEBUG] Query eseguita in 0.01 secondi: SELECT pg_catalog.pg_class.relname 
FROM pg_catalog.pg_class JOIN pg_catalog.pg_namespace ON pg_catalog.pg_namespace.oid = pg_catalog.pg_class.relnamespace 
WHERE pg_catalog.pg_class.relname = %(table_name)s AND pg_catalog.pg_class.relkind = ANY (ARRAY[%(param_1)s, %(param_2)s, %(param_3)s, %(param_4)s, %(param_5)s]) AND pg_catalog.pg_table_is_visible(pg_catalog.pg_class.oid) AND pg_catalog.pg_namespace.nspname != %(nspname_1)s (session.py:30)
2025-06-17 11:28:36 [    INFO] SELECT pg_catalog.pg_class.relname 
FROM pg_catalog.pg_class JOIN pg_catalog.pg_namespace ON pg_catalog.pg_namespace.oid = pg_catalog.pg_class.relnamespace 
WHERE pg_catalog.pg_class.relname = %(table_name)s AND pg_catalog.pg_class.relkind = ANY (ARRAY[%(param_1)s, %(param_2)s, %(param_3)s, %(param_4)s, %(param_5)s]) AND pg_catalog.pg_table_is_visible(pg_catalog.pg_class.oid) AND pg_catalog.pg_namespace.nspname != %(nspname_1)s (base.py:1842)
2025-06-17 11:28:36 [    INFO] [cached since 0.07919s ago] {'table_name': 'maintenance_records', 'param_1': 'r', 'param_2': 'p', 'param_3': 'f', 'param_4': 'v', 'param_5': 'm', 'nspname_1': 'pg_catalog'} (base.py:1842)
2025-06-17 11:28:36 [   DEBUG] Query eseguita in 0.01 secondi: SELECT pg_catalog.pg_class.relname 
FROM pg_catalog.pg_class JOIN pg_catalog.pg_namespace ON pg_catalog.pg_namespace.oid = pg_catalog.pg_class.relnamespace 
WHERE pg_catalog.pg_class.relname = %(table_name)s AND pg_catalog.pg_class.relkind = ANY (ARRAY[%(param_1)s, %(param_2)s, %(param_3)s, %(param_4)s, %(param_5)s]) AND pg_catalog.pg_table_is_visible(pg_catalog.pg_class.oid) AND pg_catalog.pg_namespace.nspname != %(nspname_1)s (session.py:30)
2025-06-17 11:28:36 [    INFO] SELECT pg_catalog.pg_type.typname 
FROM pg_catalog.pg_type JOIN pg_catalog.pg_namespace ON pg_catalog.pg_namespace.oid = pg_catalog.pg_type.typnamespace 
WHERE pg_catalog.pg_type.typname = %(typname_1)s AND pg_catalog.pg_type_is_visible(pg_catalog.pg_type.oid) AND pg_catalog.pg_namespace.nspname != %(nspname_1)s (base.py:1842)
2025-06-17 11:28:36 [    INFO] [generated in 0.00384s] {'typname_1': 'maintenancetype', 'nspname_1': 'pg_catalog'} (base.py:1842)
2025-06-17 11:28:36 [   DEBUG] Query eseguita in 0.01 secondi: SELECT pg_catalog.pg_type.typname 
FROM pg_catalog.pg_type JOIN pg_catalog.pg_namespace ON pg_catalog.pg_namespace.oid = pg_catalog.pg_type.typnamespace 
WHERE pg_catalog.pg_type.typname = %(typname_1)s AND pg_catalog.pg_type_is_visible(pg_catalog.pg_type.oid) AND pg_catalog.pg_namespace.nspname != %(nspname_1)s (session.py:30)
2025-06-17 11:28:36 [    INFO] CREATE TYPE maintenancetype AS ENUM ('ROUTINE', 'PREVENTIVE', 'CORRECTIVE', 'EMERGENCY', 'INSPECTION') (base.py:1842)
2025-06-17 11:28:36 [    INFO] [no key 0.00083s] {} (base.py:1842)
2025-06-17 11:28:36 [   DEBUG] Query eseguita in 0.01 secondi: CREATE TYPE maintenancetype AS ENUM ('ROUTINE', 'PREVENTIVE', 'CORRECTIVE', 'EMERGENCY', 'INSPECTION') (session.py:30)
2025-06-17 11:28:36 [    INFO] SELECT pg_catalog.pg_type.typname 
FROM pg_catalog.pg_type JOIN pg_catalog.pg_namespace ON pg_catalog.pg_namespace.oid = pg_catalog.pg_type.typnamespace 
WHERE pg_catalog.pg_type.typname = %(typname_1)s AND pg_catalog.pg_type_is_visible(pg_catalog.pg_type.oid) AND pg_catalog.pg_namespace.nspname != %(nspname_1)s (base.py:1842)
2025-06-17 11:28:36 [    INFO] [cached since 0.0319s ago] {'typname_1': 'maintenancestatus', 'nspname_1': 'pg_catalog'} (base.py:1842)
2025-06-17 11:28:36 [   DEBUG] Query eseguita in 0.00 secondi: SELECT pg_catalog.pg_type.typname 
FROM pg_catalog.pg_type JOIN pg_catalog.pg_namespace ON pg_catalog.pg_namespace.oid = pg_catalog.pg_type.typnamespace 
WHERE pg_catalog.pg_type.typname = %(typname_1)s AND pg_catalog.pg_type_is_visible(pg_catalog.pg_type.oid) AND pg_catalog.pg_namespace.nspname != %(nspname_1)s (session.py:30)
2025-06-17 11:28:36 [    INFO] CREATE TYPE maintenancestatus AS ENUM ('PENDING', 'COMPLETED', 'FAILED') (base.py:1842)
2025-06-17 11:28:36 [    INFO] [no key 0.00268s] {} (base.py:1842)
2025-06-17 11:28:36 [   DEBUG] Query eseguita in 0.01 secondi: CREATE TYPE maintenancestatus AS ENUM ('PENDING', 'COMPLETED', 'FAILED') (session.py:30)
2025-06-17 11:28:36 [    INFO] 
CREATE TABLE "user" (
	id SERIAL NOT NULL, 
	email VARCHAR NOT NULL, 
	username VARCHAR NOT NULL, 
	hashed_password VARCHAR NOT NULL, 
	is_active BOOLEAN NOT NULL, 
	is_superuser BOOLEAN NOT NULL, 
	is_verified BOOLEAN NOT NULL, 
	created_at TIMESTAMP WITHOUT TIME ZONE NOT NULL, 
	updated_at TIMESTAMP WITHOUT TIME ZONE NOT NULL, 
	last_login TIMESTAMP WITH TIME ZONE, 
	full_name VARCHAR(255), 
	phone_number VARCHAR(20), 
	PRIMARY KEY (id)
)

 (base.py:1842)
2025-06-17 11:28:36 [    INFO] [no key 0.00409s] {} (base.py:1842)
2025-06-17 11:28:36 [   DEBUG] Query eseguita in 0.04 secondi: 
CREATE TABLE "user" (
	id SERIAL NOT NULL, 
	email VARCHAR NOT NULL, 
	username VARCHAR NOT NULL, 
	hashed_password VARCHAR NOT NULL, 
	is_active BOOLEAN NOT NULL, 
	is_superuser BOOLEAN NOT NULL, 
	is_verified BOOLEAN NOT NULL, 
	created_at TIMESTAMP WITHOUT TIME ZONE NOT NULL, 
	updated_at TIMESTAMP WITHOUT TIME ZONE NOT NULL, 
	last_login TIMESTAMP WITH TIME ZONE, 
	full_name VARCHAR(255), 
	phone_number VARCHAR(20), 
	PRIMARY KEY (id)
)

 (session.py:30)
2025-06-17 11:28:36 [    INFO] CREATE UNIQUE INDEX ix_user_email ON "user" (email) (base.py:1842)
2025-06-17 11:28:36 [    INFO] [no key 0.00216s] {} (base.py:1842)
2025-06-17 11:28:36 [   DEBUG] Query eseguita in 0.01 secondi: CREATE UNIQUE INDEX ix_user_email ON "user" (email) (session.py:30)
2025-06-17 11:28:36 [    INFO] CREATE UNIQUE INDEX ix_user_username ON "user" (username) (base.py:1842)
2025-06-17 11:28:36 [    INFO] [no key 0.00273s] {} (base.py:1842)
2025-06-17 11:28:36 [   DEBUG] Query eseguita in 0.01 secondi: CREATE UNIQUE INDEX ix_user_username ON "user" (username) (session.py:30)
2025-06-17 11:28:36 [    INFO] 
CREATE TABLE houses (
	id SERIAL NOT NULL, 
	name VARCHAR NOT NULL, 
	address VARCHAR NOT NULL, 
	owner_id INTEGER NOT NULL, 
	created_at TIMESTAMP WITHOUT TIME ZONE NOT NULL, 
	updated_at TIMESTAMP WITHOUT TIME ZONE NOT NULL, 
	PRIMARY KEY (id), 
	FOREIGN KEY(owner_id) REFERENCES "user" (id)
)

 (base.py:1842)
2025-06-17 11:28:36 [    INFO] [no key 0.00294s] {} (base.py:1842)
2025-06-17 11:28:36 [   DEBUG] Query eseguita in 0.04 secondi: 
CREATE TABLE houses (
	id SERIAL NOT NULL, 
	name VARCHAR NOT NULL, 
	address VARCHAR NOT NULL, 
	owner_id INTEGER NOT NULL, 
	created_at TIMESTAMP WITHOUT TIME ZONE NOT NULL, 
	updated_at TIMESTAMP WITHOUT TIME ZONE NOT NULL, 
	PRIMARY KEY (id), 
	FOREIGN KEY(owner_id) REFERENCES "user" (id)
)

 (session.py:30)
2025-06-17 11:28:36 [    INFO] CREATE INDEX ix_houses_name ON houses (name) (base.py:1842)
2025-06-17 11:28:36 [    INFO] [no key 0.00178s] {} (base.py:1842)
2025-06-17 11:28:36 [   DEBUG] Query eseguita in 0.01 secondi: CREATE INDEX ix_houses_name ON houses (name) (session.py:30)
2025-06-17 11:28:36 [    INFO] 
CREATE TABLE rooms (
	id SERIAL NOT NULL, 
	name VARCHAR NOT NULL, 
	description VARCHAR, 
	floor INTEGER NOT NULL, 
	area FLOAT NOT NULL, 
	house_id INTEGER NOT NULL, 
	created_at TIMESTAMP WITHOUT TIME ZONE NOT NULL, 
	updated_at TIMESTAMP WITHOUT TIME ZONE NOT NULL, 
	PRIMARY KEY (id), 
	FOREIGN KEY(house_id) REFERENCES houses (id)
)

 (base.py:1842)
2025-06-17 11:28:36 [    INFO] [no key 0.00347s] {} (base.py:1842)
2025-06-17 11:28:36 [   DEBUG] Query eseguita in 0.03 secondi: 
CREATE TABLE rooms (
	id SERIAL NOT NULL, 
	name VARCHAR NOT NULL, 
	description VARCHAR, 
	floor INTEGER NOT NULL, 
	area FLOAT NOT NULL, 
	house_id INTEGER NOT NULL, 
	created_at TIMESTAMP WITHOUT TIME ZONE NOT NULL, 
	updated_at TIMESTAMP WITHOUT TIME ZONE NOT NULL, 
	PRIMARY KEY (id), 
	FOREIGN KEY(house_id) REFERENCES houses (id)
)

 (session.py:30)
2025-06-17 11:28:36 [    INFO] CREATE INDEX ix_rooms_name ON rooms (name) (base.py:1842)
2025-06-17 11:28:36 [    INFO] [no key 0.00128s] {} (base.py:1842)
2025-06-17 11:28:36 [   DEBUG] Query eseguita in 0.01 secondi: CREATE INDEX ix_rooms_name ON rooms (name) (session.py:30)
2025-06-17 11:28:36 [    INFO] 
CREATE TABLE nodes (
	id SERIAL NOT NULL, 
	name VARCHAR NOT NULL, 
	description VARCHAR, 
	nfc_id VARCHAR NOT NULL, 
	house_id INTEGER NOT NULL, 
	room_id INTEGER, 
	PRIMARY KEY (id), 
	FOREIGN KEY(house_id) REFERENCES houses (id), 
	FOREIGN KEY(room_id) REFERENCES rooms (id)
)

 (base.py:1842)
2025-06-17 11:28:36 [    INFO] [no key 0.00147s] {} (base.py:1842)
2025-06-17 11:28:36 [   DEBUG] Query eseguita in 0.03 secondi: 
CREATE TABLE nodes (
	id SERIAL NOT NULL, 
	name VARCHAR NOT NULL, 
	description VARCHAR, 
	nfc_id VARCHAR NOT NULL, 
	house_id INTEGER NOT NULL, 
	room_id INTEGER, 
	PRIMARY KEY (id), 
	FOREIGN KEY(house_id) REFERENCES houses (id), 
	FOREIGN KEY(room_id) REFERENCES rooms (id)
)

 (session.py:30)
2025-06-17 11:28:36 [    INFO] CREATE UNIQUE INDEX ix_nodes_nfc_id ON nodes (nfc_id) (base.py:1842)
2025-06-17 11:28:36 [    INFO] [no key 0.00442s] {} (base.py:1842)
2025-06-17 11:28:36 [   DEBUG] Query eseguita in 0.01 secondi: CREATE UNIQUE INDEX ix_nodes_nfc_id ON nodes (nfc_id) (session.py:30)
2025-06-17 11:28:36 [    INFO] 
CREATE TABLE bookings (
	id SERIAL NOT NULL, 
	room_id INTEGER NOT NULL, 
	user_id INTEGER NOT NULL, 
	start_time TIMESTAMP WITHOUT TIME ZONE NOT NULL, 
	end_time TIMESTAMP WITHOUT TIME ZONE NOT NULL, 
	status VARCHAR NOT NULL, 
	notes VARCHAR, 
	created_at TIMESTAMP WITHOUT TIME ZONE NOT NULL, 
	updated_at TIMESTAMP WITHOUT TIME ZONE NOT NULL, 
	PRIMARY KEY (id), 
	FOREIGN KEY(room_id) REFERENCES rooms (id), 
	FOREIGN KEY(user_id) REFERENCES "user" (id)
)

 (base.py:1842)
2025-06-17 11:28:36 [    INFO] [no key 0.00233s] {} (base.py:1842)
2025-06-17 11:28:36 [   DEBUG] Query eseguita in 0.04 secondi: 
CREATE TABLE bookings (
	id SERIAL NOT NULL, 
	room_id INTEGER NOT NULL, 
	user_id INTEGER NOT NULL, 
	start_time TIMESTAMP WITHOUT TIME ZONE NOT NULL, 
	end_time TIMESTAMP WITHOUT TIME ZONE NOT NULL, 
	status VARCHAR NOT NULL, 
	notes VARCHAR, 
	created_at TIMESTAMP WITHOUT TIME ZONE NOT NULL, 
	updated_at TIMESTAMP WITHOUT TIME ZONE NOT NULL, 
	PRIMARY KEY (id), 
	FOREIGN KEY(room_id) REFERENCES rooms (id), 
	FOREIGN KEY(user_id) REFERENCES "user" (id)
)

 (session.py:30)
2025-06-17 11:28:36 [    INFO] 
CREATE TABLE documents (
	id SERIAL NOT NULL, 
	created_at TIMESTAMP WITHOUT TIME ZONE NOT NULL, 
	updated_at TIMESTAMP WITHOUT TIME ZONE NOT NULL, 
	owner_id INTEGER NOT NULL, 
	name VARCHAR NOT NULL, 
	type VARCHAR NOT NULL, 
	size INTEGER NOT NULL, 
	upload_date TIMESTAMP WITHOUT TIME ZONE NOT NULL, 
	path VARCHAR NOT NULL, 
	checksum VARCHAR NOT NULL, 
	house_id INTEGER, 
	node_id INTEGER, 
	description VARCHAR, 
	PRIMARY KEY (id), 
	FOREIGN KEY(owner_id) REFERENCES "user" (id), 
	FOREIGN KEY(house_id) REFERENCES houses (id), 
	FOREIGN KEY(node_id) REFERENCES nodes (id)
)

 (base.py:1842)
2025-06-17 11:28:36 [    INFO] [no key 0.00264s] {} (base.py:1842)
2025-06-17 11:28:36 [   DEBUG] Query eseguita in 0.04 secondi: 
CREATE TABLE documents (
	id SERIAL NOT NULL, 
	created_at TIMESTAMP WITHOUT TIME ZONE NOT NULL, 
	updated_at TIMESTAMP WITHOUT TIME ZONE NOT NULL, 
	owner_id INTEGER NOT NULL, 
	name VARCHAR NOT NULL, 
	type VARCHAR NOT NULL, 
	size INTEGER NOT NULL, 
	upload_date TIMESTAMP WITHOUT TIME ZONE NOT NULL, 
	path VARCHAR NOT NULL, 
	checksum VARCHAR NOT NULL, 
	house_id INTEGER, 
	node_id INTEGER, 
	description VARCHAR, 
	PRIMARY KEY (id), 
	FOREIGN KEY(owner_id) REFERENCES "user" (id), 
	FOREIGN KEY(house_id) REFERENCES houses (id), 
	FOREIGN KEY(node_id) REFERENCES nodes (id)
)

 (session.py:30)
2025-06-17 11:28:36 [    INFO] CREATE INDEX ix_documents_owner_id ON documents (owner_id) (base.py:1842)
2025-06-17 11:28:36 [    INFO] [no key 0.00230s] {} (base.py:1842)
2025-06-17 11:28:36 [   DEBUG] Query eseguita in 0.01 secondi: CREATE INDEX ix_documents_owner_id ON documents (owner_id) (session.py:30)
2025-06-17 11:28:36 [    INFO] 
CREATE TABLE document_versions (
	id SERIAL NOT NULL, 
	version_number INTEGER NOT NULL, 
	file_path VARCHAR NOT NULL, 
	file_size INTEGER NOT NULL, 
	checksum VARCHAR NOT NULL, 
	created_at TIMESTAMP WITHOUT TIME ZONE NOT NULL, 
	updated_at TIMESTAMP WITHOUT TIME ZONE NOT NULL, 
	document_id INTEGER NOT NULL, 
	created_by_id INTEGER, 
	PRIMARY KEY (id), 
	FOREIGN KEY(document_id) REFERENCES documents (id), 
	FOREIGN KEY(created_by_id) REFERENCES "user" (id)
)

 (base.py:1842)
2025-06-17 11:28:36 [    INFO] [no key 0.00322s] {} (base.py:1842)
2025-06-17 11:28:36 [   DEBUG] Query eseguita in 0.04 secondi: 
CREATE TABLE document_versions (
	id SERIAL NOT NULL, 
	version_number INTEGER NOT NULL, 
	file_path VARCHAR NOT NULL, 
	file_size INTEGER NOT NULL, 
	checksum VARCHAR NOT NULL, 
	created_at TIMESTAMP WITHOUT TIME ZONE NOT NULL, 
	updated_at TIMESTAMP WITHOUT TIME ZONE NOT NULL, 
	document_id INTEGER NOT NULL, 
	created_by_id INTEGER, 
	PRIMARY KEY (id), 
	FOREIGN KEY(document_id) REFERENCES documents (id), 
	FOREIGN KEY(created_by_id) REFERENCES "user" (id)
)

 (session.py:30)
2025-06-17 11:28:36 [    INFO] CREATE INDEX ix_document_versions_version_number ON document_versions (version_number) (base.py:1842)
2025-06-17 11:28:36 [    INFO] [no key 0.00093s] {} (base.py:1842)
2025-06-17 11:28:36 [   DEBUG] Query eseguita in 0.01 secondi: CREATE INDEX ix_document_versions_version_number ON document_versions (version_number) (session.py:30)
2025-06-17 11:28:36 [    INFO] CREATE INDEX ix_document_versions_created_by_id ON document_versions (created_by_id) (base.py:1842)
2025-06-17 11:28:36 [    INFO] [no key 0.00088s] {} (base.py:1842)
2025-06-17 11:28:36 [   DEBUG] Query eseguita in 0.01 secondi: CREATE INDEX ix_document_versions_created_by_id ON document_versions (created_by_id) (session.py:30)
2025-06-17 11:28:36 [    INFO] CREATE INDEX ix_document_versions_document_id ON document_versions (document_id) (base.py:1842)
2025-06-17 11:28:36 [    INFO] [no key 0.00492s] {} (base.py:1842)
2025-06-17 11:28:36 [   DEBUG] Query eseguita in 0.01 secondi: CREATE INDEX ix_document_versions_document_id ON document_versions (document_id) (session.py:30)
2025-06-17 11:28:36 [    INFO] 
CREATE TABLE maintenance_records (
	id SERIAL NOT NULL, 
	node_id INTEGER NOT NULL, 
	timestamp TIMESTAMP WITHOUT TIME ZONE NOT NULL, 
	maintenance_type maintenancetype NOT NULL, 
	description VARCHAR NOT NULL, 
	status maintenancestatus NOT NULL, 
	notes VARCHAR, 
	document_id INTEGER, 
	PRIMARY KEY (id), 
	FOREIGN KEY(node_id) REFERENCES nodes (id), 
	FOREIGN KEY(document_id) REFERENCES documents (id)
)

 (base.py:1842)
2025-06-17 11:28:36 [    INFO] [no key 0.00256s] {} (base.py:1842)
2025-06-17 11:28:36 [   DEBUG] Query eseguita in 0.03 secondi: 
CREATE TABLE maintenance_records (
	id SERIAL NOT NULL, 
	node_id INTEGER NOT NULL, 
	timestamp TIMESTAMP WITHOUT TIME ZONE NOT NULL, 
	maintenance_type maintenancetype NOT NULL, 
	description VARCHAR NOT NULL, 
	status maintenancestatus NOT NULL, 
	notes VARCHAR, 
	document_id INTEGER, 
	PRIMARY KEY (id), 
	FOREIGN KEY(node_id) REFERENCES nodes (id), 
	FOREIGN KEY(document_id) REFERENCES documents (id)
)

 (session.py:30)
2025-06-17 11:28:36 [    INFO] CREATE INDEX ix_maintenance_records_node_id ON maintenance_records (node_id) (base.py:1842)
2025-06-17 11:28:36 [    INFO] [no key 0.00191s] {} (base.py:1842)
2025-06-17 11:28:36 [   DEBUG] Query eseguita in 0.01 secondi: CREATE INDEX ix_maintenance_records_node_id ON maintenance_records (node_id) (session.py:30)
2025-06-17 11:28:36 [    INFO] COMMIT (base.py:2704)
2025-06-17 11:28:36 [   DEBUG] Test database tables created successfully (test_users.py:52)
2025-06-17 11:28:36 [   DEBUG] Test database session created successfully (test_users.py:55)
2025-06-17 11:28:36 [   DEBUG] Overriding get_session for tests... (conftest.py:269)
2025-06-17 11:28:36 [   DEBUG] Setting up FakeRedis for tests... (conftest_redis.py:18)
2025-06-17 11:28:36 [   DEBUG] Connessione Redis stabilita con successo (redis.py:24)
-------------------------------- live log call --------------------------------
2025-06-17 11:28:36 [   DEBUG] Using proactor: IocpProactor (proactor_events.py:631)
2025-06-17 11:28:36 [    INFO] HTTP Request: POST http://testserver/api/v1/auth/register "HTTP/1.1 422 Unprocessable Entity" (_client.py:1025)
PASSED                                                                   [ 75%]
------------------------------ live log teardown ------------------------------
2025-06-17 11:28:36 [   DEBUG] Restored original Redis client (conftest_redis.py:29)
2025-06-17 11:28:36 [   DEBUG] get_session override cleared (conftest.py:275)
2025-06-17 11:28:36 [   DEBUG] Cleaning up test database session... (test_users.py:57)
2025-06-17 11:28:36 [    INFO] BEGIN (implicit) (base.py:2698)
2025-06-17 11:28:36 [    INFO] DROP SCHEMA public CASCADE (base.py:1842)
2025-06-17 11:28:36 [    INFO] [generated in 0.00250s] {} (base.py:1842)
2025-06-17 11:28:36 [   DEBUG] Query eseguita in 0.10 secondi: DROP SCHEMA public CASCADE (session.py:30)
2025-06-17 11:28:36 [    INFO] CREATE SCHEMA public (base.py:1842)
2025-06-17 11:28:36 [    INFO] [generated in 0.00059s] {} (base.py:1842)
2025-06-17 11:28:36 [   DEBUG] Query eseguita in 0.01 secondi: CREATE SCHEMA public (session.py:30)
2025-06-17 11:28:36 [    INFO] COMMIT (base.py:2704)
2025-06-17 11:28:36 [   DEBUG] Test database cleanup completed (test_users.py:63)
2025-06-17 11:28:36 [   DEBUG] Session fixture completed in 1.79 seconds (test_users.py:68)

tests/api/test_users.py::test_create_user_invalid_password[pass\x1bword] 
------------------------------- live log setup --------------------------------
2025-06-17 11:28:37 [   DEBUG] Setting up test database session... (test_users.py:38)
2025-06-17 11:28:37 [    INFO] select pg_catalog.version() (base.py:1842)
2025-06-17 11:28:37 [    INFO] [raw sql] {} (base.py:1842)
2025-06-17 11:28:37 [    INFO] select current_schema() (base.py:1842)
2025-06-17 11:28:37 [    INFO] [raw sql] {} (base.py:1842)
2025-06-17 11:28:37 [    INFO] show standard_conforming_strings (base.py:1842)
2025-06-17 11:28:37 [    INFO] [raw sql] {} (base.py:1842)
2025-06-17 11:28:37 [    INFO] BEGIN (implicit) (base.py:2698)
2025-06-17 11:28:37 [    INFO] SELECT pg_catalog.pg_class.relname 
FROM pg_catalog.pg_class JOIN pg_catalog.pg_namespace ON pg_catalog.pg_namespace.oid = pg_catalog.pg_class.relnamespace 
WHERE pg_catalog.pg_class.relname = %(table_name)s AND pg_catalog.pg_class.relkind = ANY (ARRAY[%(param_1)s, %(param_2)s, %(param_3)s, %(param_4)s, %(param_5)s]) AND pg_catalog.pg_table_is_visible(pg_catalog.pg_class.oid) AND pg_catalog.pg_namespace.nspname != %(nspname_1)s (base.py:1842)
2025-06-17 11:28:37 [    INFO] [generated in 0.00343s] {'table_name': 'user', 'param_1': 'r', 'param_2': 'p', 'param_3': 'f', 'param_4': 'v', 'param_5': 'm', 'nspname_1': 'pg_catalog'} (base.py:1842)
2025-06-17 11:28:37 [   DEBUG] Query eseguita in 0.01 secondi: SELECT pg_catalog.pg_class.relname 
FROM pg_catalog.pg_class JOIN pg_catalog.pg_namespace ON pg_catalog.pg_namespace.oid = pg_catalog.pg_class.relnamespace 
WHERE pg_catalog.pg_class.relname = %(table_name)s AND pg_catalog.pg_class.relkind = ANY (ARRAY[%(param_1)s, %(param_2)s, %(param_3)s, %(param_4)s, %(param_5)s]) AND pg_catalog.pg_table_is_visible(pg_catalog.pg_class.oid) AND pg_catalog.pg_namespace.nspname != %(nspname_1)s (session.py:30)
2025-06-17 11:28:37 [    INFO] SELECT pg_catalog.pg_class.relname 
FROM pg_catalog.pg_class JOIN pg_catalog.pg_namespace ON pg_catalog.pg_namespace.oid = pg_catalog.pg_class.relnamespace 
WHERE pg_catalog.pg_class.relname = %(table_name)s AND pg_catalog.pg_class.relkind = ANY (ARRAY[%(param_1)s, %(param_2)s, %(param_3)s, %(param_4)s, %(param_5)s]) AND pg_catalog.pg_table_is_visible(pg_catalog.pg_class.oid) AND pg_catalog.pg_namespace.nspname != %(nspname_1)s (base.py:1842)
2025-06-17 11:28:37 [    INFO] [cached since 0.01942s ago] {'table_name': 'documents', 'param_1': 'r', 'param_2': 'p', 'param_3': 'f', 'param_4': 'v', 'param_5': 'm', 'nspname_1': 'pg_catalog'} (base.py:1842)
2025-06-17 11:28:37 [   DEBUG] Query eseguita in 0.00 secondi: SELECT pg_catalog.pg_class.relname 
FROM pg_catalog.pg_class JOIN pg_catalog.pg_namespace ON pg_catalog.pg_namespace.oid = pg_catalog.pg_class.relnamespace 
WHERE pg_catalog.pg_class.relname = %(table_name)s AND pg_catalog.pg_class.relkind = ANY (ARRAY[%(param_1)s, %(param_2)s, %(param_3)s, %(param_4)s, %(param_5)s]) AND pg_catalog.pg_table_is_visible(pg_catalog.pg_class.oid) AND pg_catalog.pg_namespace.nspname != %(nspname_1)s (session.py:30)
2025-06-17 11:28:37 [    INFO] SELECT pg_catalog.pg_class.relname 
FROM pg_catalog.pg_class JOIN pg_catalog.pg_namespace ON pg_catalog.pg_namespace.oid = pg_catalog.pg_class.relnamespace 
WHERE pg_catalog.pg_class.relname = %(table_name)s AND pg_catalog.pg_class.relkind = ANY (ARRAY[%(param_1)s, %(param_2)s, %(param_3)s, %(param_4)s, %(param_5)s]) AND pg_catalog.pg_table_is_visible(pg_catalog.pg_class.oid) AND pg_catalog.pg_namespace.nspname != %(nspname_1)s (base.py:1842)
2025-06-17 11:28:37 [    INFO] [cached since 0.02691s ago] {'table_name': 'document_versions', 'param_1': 'r', 'param_2': 'p', 'param_3': 'f', 'param_4': 'v', 'param_5': 'm', 'nspname_1': 'pg_catalog'} (base.py:1842)
2025-06-17 11:28:37 [   DEBUG] Query eseguita in 0.01 secondi: SELECT pg_catalog.pg_class.relname 
FROM pg_catalog.pg_class JOIN pg_catalog.pg_namespace ON pg_catalog.pg_namespace.oid = pg_catalog.pg_class.relnamespace 
WHERE pg_catalog.pg_class.relname = %(table_name)s AND pg_catalog.pg_class.relkind = ANY (ARRAY[%(param_1)s, %(param_2)s, %(param_3)s, %(param_4)s, %(param_5)s]) AND pg_catalog.pg_table_is_visible(pg_catalog.pg_class.oid) AND pg_catalog.pg_namespace.nspname != %(nspname_1)s (session.py:30)
2025-06-17 11:28:37 [    INFO] SELECT pg_catalog.pg_class.relname 
FROM pg_catalog.pg_class JOIN pg_catalog.pg_namespace ON pg_catalog.pg_namespace.oid = pg_catalog.pg_class.relnamespace 
WHERE pg_catalog.pg_class.relname = %(table_name)s AND pg_catalog.pg_class.relkind = ANY (ARRAY[%(param_1)s, %(param_2)s, %(param_3)s, %(param_4)s, %(param_5)s]) AND pg_catalog.pg_table_is_visible(pg_catalog.pg_class.oid) AND pg_catalog.pg_namespace.nspname != %(nspname_1)s (base.py:1842)
2025-06-17 11:28:37 [    INFO] [cached since 0.03728s ago] {'table_name': 'houses', 'param_1': 'r', 'param_2': 'p', 'param_3': 'f', 'param_4': 'v', 'param_5': 'm', 'nspname_1': 'pg_catalog'} (base.py:1842)
2025-06-17 11:28:37 [   DEBUG] Query eseguita in 0.00 secondi: SELECT pg_catalog.pg_class.relname 
FROM pg_catalog.pg_class JOIN pg_catalog.pg_namespace ON pg_catalog.pg_namespace.oid = pg_catalog.pg_class.relnamespace 
WHERE pg_catalog.pg_class.relname = %(table_name)s AND pg_catalog.pg_class.relkind = ANY (ARRAY[%(param_1)s, %(param_2)s, %(param_3)s, %(param_4)s, %(param_5)s]) AND pg_catalog.pg_table_is_visible(pg_catalog.pg_class.oid) AND pg_catalog.pg_namespace.nspname != %(nspname_1)s (session.py:30)
2025-06-17 11:28:37 [    INFO] SELECT pg_catalog.pg_class.relname 
FROM pg_catalog.pg_class JOIN pg_catalog.pg_namespace ON pg_catalog.pg_namespace.oid = pg_catalog.pg_class.relnamespace 
WHERE pg_catalog.pg_class.relname = %(table_name)s AND pg_catalog.pg_class.relkind = ANY (ARRAY[%(param_1)s, %(param_2)s, %(param_3)s, %(param_4)s, %(param_5)s]) AND pg_catalog.pg_table_is_visible(pg_catalog.pg_class.oid) AND pg_catalog.pg_namespace.nspname != %(nspname_1)s (base.py:1842)
2025-06-17 11:28:37 [    INFO] [cached since 0.04469s ago] {'table_name': 'nodes', 'param_1': 'r', 'param_2': 'p', 'param_3': 'f', 'param_4': 'v', 'param_5': 'm', 'nspname_1': 'pg_catalog'} (base.py:1842)
2025-06-17 11:28:37 [   DEBUG] Query eseguita in 0.01 secondi: SELECT pg_catalog.pg_class.relname 
FROM pg_catalog.pg_class JOIN pg_catalog.pg_namespace ON pg_catalog.pg_namespace.oid = pg_catalog.pg_class.relnamespace 
WHERE pg_catalog.pg_class.relname = %(table_name)s AND pg_catalog.pg_class.relkind = ANY (ARRAY[%(param_1)s, %(param_2)s, %(param_3)s, %(param_4)s, %(param_5)s]) AND pg_catalog.pg_table_is_visible(pg_catalog.pg_class.oid) AND pg_catalog.pg_namespace.nspname != %(nspname_1)s (session.py:30)
2025-06-17 11:28:37 [    INFO] SELECT pg_catalog.pg_class.relname 
FROM pg_catalog.pg_class JOIN pg_catalog.pg_namespace ON pg_catalog.pg_namespace.oid = pg_catalog.pg_class.relnamespace 
WHERE pg_catalog.pg_class.relname = %(table_name)s AND pg_catalog.pg_class.relkind = ANY (ARRAY[%(param_1)s, %(param_2)s, %(param_3)s, %(param_4)s, %(param_5)s]) AND pg_catalog.pg_table_is_visible(pg_catalog.pg_class.oid) AND pg_catalog.pg_namespace.nspname != %(nspname_1)s (base.py:1842)
2025-06-17 11:28:37 [    INFO] [cached since 0.05455s ago] {'table_name': 'rooms', 'param_1': 'r', 'param_2': 'p', 'param_3': 'f', 'param_4': 'v', 'param_5': 'm', 'nspname_1': 'pg_catalog'} (base.py:1842)
2025-06-17 11:28:37 [   DEBUG] Query eseguita in 0.01 secondi: SELECT pg_catalog.pg_class.relname 
FROM pg_catalog.pg_class JOIN pg_catalog.pg_namespace ON pg_catalog.pg_namespace.oid = pg_catalog.pg_class.relnamespace 
WHERE pg_catalog.pg_class.relname = %(table_name)s AND pg_catalog.pg_class.relkind = ANY (ARRAY[%(param_1)s, %(param_2)s, %(param_3)s, %(param_4)s, %(param_5)s]) AND pg_catalog.pg_table_is_visible(pg_catalog.pg_class.oid) AND pg_catalog.pg_namespace.nspname != %(nspname_1)s (session.py:30)
2025-06-17 11:28:37 [    INFO] SELECT pg_catalog.pg_class.relname 
FROM pg_catalog.pg_class JOIN pg_catalog.pg_namespace ON pg_catalog.pg_namespace.oid = pg_catalog.pg_class.relnamespace 
WHERE pg_catalog.pg_class.relname = %(table_name)s AND pg_catalog.pg_class.relkind = ANY (ARRAY[%(param_1)s, %(param_2)s, %(param_3)s, %(param_4)s, %(param_5)s]) AND pg_catalog.pg_table_is_visible(pg_catalog.pg_class.oid) AND pg_catalog.pg_namespace.nspname != %(nspname_1)s (base.py:1842)
2025-06-17 11:28:37 [    INFO] [cached since 0.06328s ago] {'table_name': 'bookings', 'param_1': 'r', 'param_2': 'p', 'param_3': 'f', 'param_4': 'v', 'param_5': 'm', 'nspname_1': 'pg_catalog'} (base.py:1842)
2025-06-17 11:28:37 [   DEBUG] Query eseguita in 0.01 secondi: SELECT pg_catalog.pg_class.relname 
FROM pg_catalog.pg_class JOIN pg_catalog.pg_namespace ON pg_catalog.pg_namespace.oid = pg_catalog.pg_class.relnamespace 
WHERE pg_catalog.pg_class.relname = %(table_name)s AND pg_catalog.pg_class.relkind = ANY (ARRAY[%(param_1)s, %(param_2)s, %(param_3)s, %(param_4)s, %(param_5)s]) AND pg_catalog.pg_table_is_visible(pg_catalog.pg_class.oid) AND pg_catalog.pg_namespace.nspname != %(nspname_1)s (session.py:30)
2025-06-17 11:28:37 [    INFO] SELECT pg_catalog.pg_class.relname 
FROM pg_catalog.pg_class JOIN pg_catalog.pg_namespace ON pg_catalog.pg_namespace.oid = pg_catalog.pg_class.relnamespace 
WHERE pg_catalog.pg_class.relname = %(table_name)s AND pg_catalog.pg_class.relkind = ANY (ARRAY[%(param_1)s, %(param_2)s, %(param_3)s, %(param_4)s, %(param_5)s]) AND pg_catalog.pg_table_is_visible(pg_catalog.pg_class.oid) AND pg_catalog.pg_namespace.nspname != %(nspname_1)s (base.py:1842)
2025-06-17 11:28:37 [    INFO] [cached since 0.07246s ago] {'table_name': 'maintenance_records', 'param_1': 'r', 'param_2': 'p', 'param_3': 'f', 'param_4': 'v', 'param_5': 'm', 'nspname_1': 'pg_catalog'} (base.py:1842)
2025-06-17 11:28:37 [   DEBUG] Query eseguita in 0.01 secondi: SELECT pg_catalog.pg_class.relname 
FROM pg_catalog.pg_class JOIN pg_catalog.pg_namespace ON pg_catalog.pg_namespace.oid = pg_catalog.pg_class.relnamespace 
WHERE pg_catalog.pg_class.relname = %(table_name)s AND pg_catalog.pg_class.relkind = ANY (ARRAY[%(param_1)s, %(param_2)s, %(param_3)s, %(param_4)s, %(param_5)s]) AND pg_catalog.pg_table_is_visible(pg_catalog.pg_class.oid) AND pg_catalog.pg_namespace.nspname != %(nspname_1)s (session.py:30)
2025-06-17 11:28:37 [    INFO] SELECT pg_catalog.pg_type.typname 
FROM pg_catalog.pg_type JOIN pg_catalog.pg_namespace ON pg_catalog.pg_namespace.oid = pg_catalog.pg_type.typnamespace 
WHERE pg_catalog.pg_type.typname = %(typname_1)s AND pg_catalog.pg_type_is_visible(pg_catalog.pg_type.oid) AND pg_catalog.pg_namespace.nspname != %(nspname_1)s (base.py:1842)
2025-06-17 11:28:37 [    INFO] [generated in 0.00224s] {'typname_1': 'maintenancetype', 'nspname_1': 'pg_catalog'} (base.py:1842)
2025-06-17 11:28:37 [   DEBUG] Query eseguita in 0.01 secondi: SELECT pg_catalog.pg_type.typname 
FROM pg_catalog.pg_type JOIN pg_catalog.pg_namespace ON pg_catalog.pg_namespace.oid = pg_catalog.pg_type.typnamespace 
WHERE pg_catalog.pg_type.typname = %(typname_1)s AND pg_catalog.pg_type_is_visible(pg_catalog.pg_type.oid) AND pg_catalog.pg_namespace.nspname != %(nspname_1)s (session.py:30)
2025-06-17 11:28:37 [    INFO] CREATE TYPE maintenancetype AS ENUM ('ROUTINE', 'PREVENTIVE', 'CORRECTIVE', 'EMERGENCY', 'INSPECTION') (base.py:1842)
2025-06-17 11:28:37 [    INFO] [no key 0.00087s] {} (base.py:1842)
2025-06-17 11:28:37 [   DEBUG] Query eseguita in 0.01 secondi: CREATE TYPE maintenancetype AS ENUM ('ROUTINE', 'PREVENTIVE', 'CORRECTIVE', 'EMERGENCY', 'INSPECTION') (session.py:30)
2025-06-17 11:28:37 [    INFO] SELECT pg_catalog.pg_type.typname 
FROM pg_catalog.pg_type JOIN pg_catalog.pg_namespace ON pg_catalog.pg_namespace.oid = pg_catalog.pg_type.typnamespace 
WHERE pg_catalog.pg_type.typname = %(typname_1)s AND pg_catalog.pg_type_is_visible(pg_catalog.pg_type.oid) AND pg_catalog.pg_namespace.nspname != %(nspname_1)s (base.py:1842)
2025-06-17 11:28:37 [    INFO] [cached since 0.03143s ago] {'typname_1': 'maintenancestatus', 'nspname_1': 'pg_catalog'} (base.py:1842)
2025-06-17 11:28:37 [   DEBUG] Query eseguita in 0.01 secondi: SELECT pg_catalog.pg_type.typname 
FROM pg_catalog.pg_type JOIN pg_catalog.pg_namespace ON pg_catalog.pg_namespace.oid = pg_catalog.pg_type.typnamespace 
WHERE pg_catalog.pg_type.typname = %(typname_1)s AND pg_catalog.pg_type_is_visible(pg_catalog.pg_type.oid) AND pg_catalog.pg_namespace.nspname != %(nspname_1)s (session.py:30)
2025-06-17 11:28:37 [    INFO] CREATE TYPE maintenancestatus AS ENUM ('PENDING', 'COMPLETED', 'FAILED') (base.py:1842)
2025-06-17 11:28:37 [    INFO] [no key 0.00449s] {} (base.py:1842)
2025-06-17 11:28:37 [   DEBUG] Query eseguita in 0.01 secondi: CREATE TYPE maintenancestatus AS ENUM ('PENDING', 'COMPLETED', 'FAILED') (session.py:30)
2025-06-17 11:28:37 [    INFO] 
CREATE TABLE "user" (
	id SERIAL NOT NULL, 
	email VARCHAR NOT NULL, 
	username VARCHAR NOT NULL, 
	hashed_password VARCHAR NOT NULL, 
	is_active BOOLEAN NOT NULL, 
	is_superuser BOOLEAN NOT NULL, 
	is_verified BOOLEAN NOT NULL, 
	created_at TIMESTAMP WITHOUT TIME ZONE NOT NULL, 
	updated_at TIMESTAMP WITHOUT TIME ZONE NOT NULL, 
	last_login TIMESTAMP WITH TIME ZONE, 
	full_name VARCHAR(255), 
	phone_number VARCHAR(20), 
	PRIMARY KEY (id)
)

 (base.py:1842)
2025-06-17 11:28:37 [    INFO] [no key 0.00146s] {} (base.py:1842)
2025-06-17 11:28:37 [   DEBUG] Query eseguita in 0.04 secondi: 
CREATE TABLE "user" (
	id SERIAL NOT NULL, 
	email VARCHAR NOT NULL, 
	username VARCHAR NOT NULL, 
	hashed_password VARCHAR NOT NULL, 
	is_active BOOLEAN NOT NULL, 
	is_superuser BOOLEAN NOT NULL, 
	is_verified BOOLEAN NOT NULL, 
	created_at TIMESTAMP WITHOUT TIME ZONE NOT NULL, 
	updated_at TIMESTAMP WITHOUT TIME ZONE NOT NULL, 
	last_login TIMESTAMP WITH TIME ZONE, 
	full_name VARCHAR(255), 
	phone_number VARCHAR(20), 
	PRIMARY KEY (id)
)

 (session.py:30)
2025-06-17 11:28:37 [    INFO] CREATE UNIQUE INDEX ix_user_email ON "user" (email) (base.py:1842)
2025-06-17 11:28:37 [    INFO] [no key 0.00111s] {} (base.py:1842)
2025-06-17 11:28:37 [   DEBUG] Query eseguita in 0.01 secondi: CREATE UNIQUE INDEX ix_user_email ON "user" (email) (session.py:30)
2025-06-17 11:28:37 [    INFO] CREATE UNIQUE INDEX ix_user_username ON "user" (username) (base.py:1842)
2025-06-17 11:28:37 [    INFO] [no key 0.00093s] {} (base.py:1842)
2025-06-17 11:28:37 [   DEBUG] Query eseguita in 0.01 secondi: CREATE UNIQUE INDEX ix_user_username ON "user" (username) (session.py:30)
2025-06-17 11:28:37 [    INFO] 
CREATE TABLE houses (
	id SERIAL NOT NULL, 
	name VARCHAR NOT NULL, 
	address VARCHAR NOT NULL, 
	owner_id INTEGER NOT NULL, 
	created_at TIMESTAMP WITHOUT TIME ZONE NOT NULL, 
	updated_at TIMESTAMP WITHOUT TIME ZONE NOT NULL, 
	PRIMARY KEY (id), 
	FOREIGN KEY(owner_id) REFERENCES "user" (id)
)

 (base.py:1842)
2025-06-17 11:28:37 [    INFO] [no key 0.00089s] {} (base.py:1842)
2025-06-17 11:28:37 [   DEBUG] Query eseguita in 0.03 secondi: 
CREATE TABLE houses (
	id SERIAL NOT NULL, 
	name VARCHAR NOT NULL, 
	address VARCHAR NOT NULL, 
	owner_id INTEGER NOT NULL, 
	created_at TIMESTAMP WITHOUT TIME ZONE NOT NULL, 
	updated_at TIMESTAMP WITHOUT TIME ZONE NOT NULL, 
	PRIMARY KEY (id), 
	FOREIGN KEY(owner_id) REFERENCES "user" (id)
)

 (session.py:30)
2025-06-17 11:28:37 [    INFO] CREATE INDEX ix_houses_name ON houses (name) (base.py:1842)
2025-06-17 11:28:37 [    INFO] [no key 0.00111s] {} (base.py:1842)
2025-06-17 11:28:37 [   DEBUG] Query eseguita in 0.01 secondi: CREATE INDEX ix_houses_name ON houses (name) (session.py:30)
2025-06-17 11:28:37 [    INFO] 
CREATE TABLE rooms (
	id SERIAL NOT NULL, 
	name VARCHAR NOT NULL, 
	description VARCHAR, 
	floor INTEGER NOT NULL, 
	area FLOAT NOT NULL, 
	house_id INTEGER NOT NULL, 
	created_at TIMESTAMP WITHOUT TIME ZONE NOT NULL, 
	updated_at TIMESTAMP WITHOUT TIME ZONE NOT NULL, 
	PRIMARY KEY (id), 
	FOREIGN KEY(house_id) REFERENCES houses (id)
)

 (base.py:1842)
2025-06-17 11:28:37 [    INFO] [no key 0.00441s] {} (base.py:1842)
2025-06-17 11:28:37 [   DEBUG] Query eseguita in 0.04 secondi: 
CREATE TABLE rooms (
	id SERIAL NOT NULL, 
	name VARCHAR NOT NULL, 
	description VARCHAR, 
	floor INTEGER NOT NULL, 
	area FLOAT NOT NULL, 
	house_id INTEGER NOT NULL, 
	created_at TIMESTAMP WITHOUT TIME ZONE NOT NULL, 
	updated_at TIMESTAMP WITHOUT TIME ZONE NOT NULL, 
	PRIMARY KEY (id), 
	FOREIGN KEY(house_id) REFERENCES houses (id)
)

 (session.py:30)
2025-06-17 11:28:37 [    INFO] CREATE INDEX ix_rooms_name ON rooms (name) (base.py:1842)
2025-06-17 11:28:37 [    INFO] [no key 0.00067s] {} (base.py:1842)
2025-06-17 11:28:37 [   DEBUG] Query eseguita in 0.01 secondi: CREATE INDEX ix_rooms_name ON rooms (name) (session.py:30)
2025-06-17 11:28:37 [    INFO] 
CREATE TABLE nodes (
	id SERIAL NOT NULL, 
	name VARCHAR NOT NULL, 
	description VARCHAR, 
	nfc_id VARCHAR NOT NULL, 
	house_id INTEGER NOT NULL, 
	room_id INTEGER, 
	PRIMARY KEY (id), 
	FOREIGN KEY(house_id) REFERENCES houses (id), 
	FOREIGN KEY(room_id) REFERENCES rooms (id)
)

 (base.py:1842)
2025-06-17 11:28:37 [    INFO] [no key 0.00112s] {} (base.py:1842)
2025-06-17 11:28:37 [   DEBUG] Query eseguita in 0.04 secondi: 
CREATE TABLE nodes (
	id SERIAL NOT NULL, 
	name VARCHAR NOT NULL, 
	description VARCHAR, 
	nfc_id VARCHAR NOT NULL, 
	house_id INTEGER NOT NULL, 
	room_id INTEGER, 
	PRIMARY KEY (id), 
	FOREIGN KEY(house_id) REFERENCES houses (id), 
	FOREIGN KEY(room_id) REFERENCES rooms (id)
)

 (session.py:30)
2025-06-17 11:28:37 [    INFO] CREATE UNIQUE INDEX ix_nodes_nfc_id ON nodes (nfc_id) (base.py:1842)
2025-06-17 11:28:37 [    INFO] [no key 0.00374s] {} (base.py:1842)
2025-06-17 11:28:37 [   DEBUG] Query eseguita in 0.01 secondi: CREATE UNIQUE INDEX ix_nodes_nfc_id ON nodes (nfc_id) (session.py:30)
2025-06-17 11:28:37 [    INFO] 
CREATE TABLE bookings (
	id SERIAL NOT NULL, 
	room_id INTEGER NOT NULL, 
	user_id INTEGER NOT NULL, 
	start_time TIMESTAMP WITHOUT TIME ZONE NOT NULL, 
	end_time TIMESTAMP WITHOUT TIME ZONE NOT NULL, 
	status VARCHAR NOT NULL, 
	notes VARCHAR, 
	created_at TIMESTAMP WITHOUT TIME ZONE NOT NULL, 
	updated_at TIMESTAMP WITHOUT TIME ZONE NOT NULL, 
	PRIMARY KEY (id), 
	FOREIGN KEY(room_id) REFERENCES rooms (id), 
	FOREIGN KEY(user_id) REFERENCES "user" (id)
)

 (base.py:1842)
2025-06-17 11:28:37 [    INFO] [no key 0.00310s] {} (base.py:1842)
2025-06-17 11:28:37 [   DEBUG] Query eseguita in 0.04 secondi: 
CREATE TABLE bookings (
	id SERIAL NOT NULL, 
	room_id INTEGER NOT NULL, 
	user_id INTEGER NOT NULL, 
	start_time TIMESTAMP WITHOUT TIME ZONE NOT NULL, 
	end_time TIMESTAMP WITHOUT TIME ZONE NOT NULL, 
	status VARCHAR NOT NULL, 
	notes VARCHAR, 
	created_at TIMESTAMP WITHOUT TIME ZONE NOT NULL, 
	updated_at TIMESTAMP WITHOUT TIME ZONE NOT NULL, 
	PRIMARY KEY (id), 
	FOREIGN KEY(room_id) REFERENCES rooms (id), 
	FOREIGN KEY(user_id) REFERENCES "user" (id)
)

 (session.py:30)
2025-06-17 11:28:37 [    INFO] 
CREATE TABLE documents (
	id SERIAL NOT NULL, 
	created_at TIMESTAMP WITHOUT TIME ZONE NOT NULL, 
	updated_at TIMESTAMP WITHOUT TIME ZONE NOT NULL, 
	owner_id INTEGER NOT NULL, 
	name VARCHAR NOT NULL, 
	type VARCHAR NOT NULL, 
	size INTEGER NOT NULL, 
	upload_date TIMESTAMP WITHOUT TIME ZONE NOT NULL, 
	path VARCHAR NOT NULL, 
	checksum VARCHAR NOT NULL, 
	house_id INTEGER, 
	node_id INTEGER, 
	description VARCHAR, 
	PRIMARY KEY (id), 
	FOREIGN KEY(owner_id) REFERENCES "user" (id), 
	FOREIGN KEY(house_id) REFERENCES houses (id), 
	FOREIGN KEY(node_id) REFERENCES nodes (id)
)

 (base.py:1842)
2025-06-17 11:28:37 [    INFO] [no key 0.00206s] {} (base.py:1842)
2025-06-17 11:28:38 [   DEBUG] Query eseguita in 0.05 secondi: 
CREATE TABLE documents (
	id SERIAL NOT NULL, 
	created_at TIMESTAMP WITHOUT TIME ZONE NOT NULL, 
	updated_at TIMESTAMP WITHOUT TIME ZONE NOT NULL, 
	owner_id INTEGER NOT NULL, 
	name VARCHAR NOT NULL, 
	type VARCHAR NOT NULL, 
	size INTEGER NOT NULL, 
	upload_date TIMESTAMP WITHOUT TIME ZONE NOT NULL, 
	path VARCHAR NOT NULL, 
	checksum VARCHAR NOT NULL, 
	house_id INTEGER, 
	node_id INTEGER, 
	description VARCHAR, 
	PRIMARY KEY (id), 
	FOREIGN KEY(owner_id) REFERENCES "user" (id), 
	FOREIGN KEY(house_id) REFERENCES houses (id), 
	FOREIGN KEY(node_id) REFERENCES nodes (id)
)

 (session.py:30)
2025-06-17 11:28:38 [    INFO] CREATE INDEX ix_documents_owner_id ON documents (owner_id) (base.py:1842)
2025-06-17 11:28:38 [    INFO] [no key 0.00255s] {} (base.py:1842)
2025-06-17 11:28:38 [   DEBUG] Query eseguita in 0.01 secondi: CREATE INDEX ix_documents_owner_id ON documents (owner_id) (session.py:30)
2025-06-17 11:28:38 [    INFO] 
CREATE TABLE document_versions (
	id SERIAL NOT NULL, 
	version_number INTEGER NOT NULL, 
	file_path VARCHAR NOT NULL, 
	file_size INTEGER NOT NULL, 
	checksum VARCHAR NOT NULL, 
	created_at TIMESTAMP WITHOUT TIME ZONE NOT NULL, 
	updated_at TIMESTAMP WITHOUT TIME ZONE NOT NULL, 
	document_id INTEGER NOT NULL, 
	created_by_id INTEGER, 
	PRIMARY KEY (id), 
	FOREIGN KEY(document_id) REFERENCES documents (id), 
	FOREIGN KEY(created_by_id) REFERENCES "user" (id)
)

 (base.py:1842)
2025-06-17 11:28:38 [    INFO] [no key 0.00157s] {} (base.py:1842)
2025-06-17 11:28:38 [   DEBUG] Query eseguita in 0.04 secondi: 
CREATE TABLE document_versions (
	id SERIAL NOT NULL, 
	version_number INTEGER NOT NULL, 
	file_path VARCHAR NOT NULL, 
	file_size INTEGER NOT NULL, 
	checksum VARCHAR NOT NULL, 
	created_at TIMESTAMP WITHOUT TIME ZONE NOT NULL, 
	updated_at TIMESTAMP WITHOUT TIME ZONE NOT NULL, 
	document_id INTEGER NOT NULL, 
	created_by_id INTEGER, 
	PRIMARY KEY (id), 
	FOREIGN KEY(document_id) REFERENCES documents (id), 
	FOREIGN KEY(created_by_id) REFERENCES "user" (id)
)

 (session.py:30)
2025-06-17 11:28:38 [    INFO] CREATE INDEX ix_document_versions_version_number ON document_versions (version_number) (base.py:1842)
2025-06-17 11:28:38 [    INFO] [no key 0.00133s] {} (base.py:1842)
2025-06-17 11:28:38 [   DEBUG] Query eseguita in 0.01 secondi: CREATE INDEX ix_document_versions_version_number ON document_versions (version_number) (session.py:30)
2025-06-17 11:28:38 [    INFO] CREATE INDEX ix_document_versions_created_by_id ON document_versions (created_by_id) (base.py:1842)
2025-06-17 11:28:38 [    INFO] [no key 0.00213s] {} (base.py:1842)
2025-06-17 11:28:38 [   DEBUG] Query eseguita in 0.01 secondi: CREATE INDEX ix_document_versions_created_by_id ON document_versions (created_by_id) (session.py:30)
2025-06-17 11:28:38 [    INFO] CREATE INDEX ix_document_versions_document_id ON document_versions (document_id) (base.py:1842)
2025-06-17 11:28:38 [    INFO] [no key 0.00085s] {} (base.py:1842)
2025-06-17 11:28:38 [   DEBUG] Query eseguita in 0.01 secondi: CREATE INDEX ix_document_versions_document_id ON document_versions (document_id) (session.py:30)
2025-06-17 11:28:38 [    INFO] 
CREATE TABLE maintenance_records (
	id SERIAL NOT NULL, 
	node_id INTEGER NOT NULL, 
	timestamp TIMESTAMP WITHOUT TIME ZONE NOT NULL, 
	maintenance_type maintenancetype NOT NULL, 
	description VARCHAR NOT NULL, 
	status maintenancestatus NOT NULL, 
	notes VARCHAR, 
	document_id INTEGER, 
	PRIMARY KEY (id), 
	FOREIGN KEY(node_id) REFERENCES nodes (id), 
	FOREIGN KEY(document_id) REFERENCES documents (id)
)

 (base.py:1842)
2025-06-17 11:28:38 [    INFO] [no key 0.00088s] {} (base.py:1842)
2025-06-17 11:28:38 [   DEBUG] Query eseguita in 0.04 secondi: 
CREATE TABLE maintenance_records (
	id SERIAL NOT NULL, 
	node_id INTEGER NOT NULL, 
	timestamp TIMESTAMP WITHOUT TIME ZONE NOT NULL, 
	maintenance_type maintenancetype NOT NULL, 
	description VARCHAR NOT NULL, 
	status maintenancestatus NOT NULL, 
	notes VARCHAR, 
	document_id INTEGER, 
	PRIMARY KEY (id), 
	FOREIGN KEY(node_id) REFERENCES nodes (id), 
	FOREIGN KEY(document_id) REFERENCES documents (id)
)

 (session.py:30)
2025-06-17 11:28:38 [    INFO] CREATE INDEX ix_maintenance_records_node_id ON maintenance_records (node_id) (base.py:1842)
2025-06-17 11:28:38 [    INFO] [no key 0.00287s] {} (base.py:1842)
2025-06-17 11:28:38 [   DEBUG] Query eseguita in 0.01 secondi: CREATE INDEX ix_maintenance_records_node_id ON maintenance_records (node_id) (session.py:30)
2025-06-17 11:28:38 [    INFO] COMMIT (base.py:2704)
2025-06-17 11:28:38 [   DEBUG] Test database tables created successfully (test_users.py:52)
2025-06-17 11:28:38 [   DEBUG] Test database session created successfully (test_users.py:55)
2025-06-17 11:28:38 [   DEBUG] Overriding get_session for tests... (conftest.py:269)
2025-06-17 11:28:38 [   DEBUG] Setting up FakeRedis for tests... (conftest_redis.py:18)
2025-06-17 11:28:38 [   DEBUG] Connessione Redis stabilita con successo (redis.py:24)
-------------------------------- live log call --------------------------------
2025-06-17 11:28:38 [   DEBUG] Using proactor: IocpProactor (proactor_events.py:631)
2025-06-17 11:28:38 [    INFO] HTTP Request: POST http://testserver/api/v1/auth/register "HTTP/1.1 422 Unprocessable Entity" (_client.py:1025)
PASSED                                                                   [ 77%]
------------------------------ live log teardown ------------------------------
2025-06-17 11:28:38 [   DEBUG] Restored original Redis client (conftest_redis.py:29)
2025-06-17 11:28:38 [   DEBUG] get_session override cleared (conftest.py:275)
2025-06-17 11:28:38 [   DEBUG] Cleaning up test database session... (test_users.py:57)
2025-06-17 11:28:38 [    INFO] BEGIN (implicit) (base.py:2698)
2025-06-17 11:28:38 [    INFO] DROP SCHEMA public CASCADE (base.py:1842)
2025-06-17 11:28:38 [    INFO] [generated in 0.00243s] {} (base.py:1842)
2025-06-17 11:28:38 [   DEBUG] Query eseguita in 0.19 secondi: DROP SCHEMA public CASCADE (session.py:30)
2025-06-17 11:28:38 [    INFO] CREATE SCHEMA public (base.py:1842)
2025-06-17 11:28:38 [    INFO] [generated in 0.00070s] {} (base.py:1842)
2025-06-17 11:28:38 [   DEBUG] Query eseguita in 0.01 secondi: CREATE SCHEMA public (session.py:30)
2025-06-17 11:28:38 [    INFO] COMMIT (base.py:2704)
2025-06-17 11:28:38 [   DEBUG] Test database cleanup completed (test_users.py:63)
2025-06-17 11:28:38 [   DEBUG] Session fixture completed in 1.83 seconds (test_users.py:68)

tests/api/test_users.py::test_create_user_invalid_password[pass\x1aword] 
------------------------------- live log setup --------------------------------
2025-06-17 11:28:38 [   DEBUG] Setting up test database session... (test_users.py:38)
2025-06-17 11:28:39 [    INFO] select pg_catalog.version() (base.py:1842)
2025-06-17 11:28:39 [    INFO] [raw sql] {} (base.py:1842)
2025-06-17 11:28:39 [    INFO] select current_schema() (base.py:1842)
2025-06-17 11:28:39 [    INFO] [raw sql] {} (base.py:1842)
2025-06-17 11:28:39 [    INFO] show standard_conforming_strings (base.py:1842)
2025-06-17 11:28:39 [    INFO] [raw sql] {} (base.py:1842)
2025-06-17 11:28:39 [    INFO] BEGIN (implicit) (base.py:2698)
2025-06-17 11:28:39 [    INFO] SELECT pg_catalog.pg_class.relname 
FROM pg_catalog.pg_class JOIN pg_catalog.pg_namespace ON pg_catalog.pg_namespace.oid = pg_catalog.pg_class.relnamespace 
WHERE pg_catalog.pg_class.relname = %(table_name)s AND pg_catalog.pg_class.relkind = ANY (ARRAY[%(param_1)s, %(param_2)s, %(param_3)s, %(param_4)s, %(param_5)s]) AND pg_catalog.pg_table_is_visible(pg_catalog.pg_class.oid) AND pg_catalog.pg_namespace.nspname != %(nspname_1)s (base.py:1842)
2025-06-17 11:28:39 [    INFO] [generated in 0.00142s] {'table_name': 'user', 'param_1': 'r', 'param_2': 'p', 'param_3': 'f', 'param_4': 'v', 'param_5': 'm', 'nspname_1': 'pg_catalog'} (base.py:1842)
2025-06-17 11:28:39 [   DEBUG] Query eseguita in 0.02 secondi: SELECT pg_catalog.pg_class.relname 
FROM pg_catalog.pg_class JOIN pg_catalog.pg_namespace ON pg_catalog.pg_namespace.oid = pg_catalog.pg_class.relnamespace 
WHERE pg_catalog.pg_class.relname = %(table_name)s AND pg_catalog.pg_class.relkind = ANY (ARRAY[%(param_1)s, %(param_2)s, %(param_3)s, %(param_4)s, %(param_5)s]) AND pg_catalog.pg_table_is_visible(pg_catalog.pg_class.oid) AND pg_catalog.pg_namespace.nspname != %(nspname_1)s (session.py:30)
2025-06-17 11:28:39 [    INFO] SELECT pg_catalog.pg_class.relname 
FROM pg_catalog.pg_class JOIN pg_catalog.pg_namespace ON pg_catalog.pg_namespace.oid = pg_catalog.pg_class.relnamespace 
WHERE pg_catalog.pg_class.relname = %(table_name)s AND pg_catalog.pg_class.relkind = ANY (ARRAY[%(param_1)s, %(param_2)s, %(param_3)s, %(param_4)s, %(param_5)s]) AND pg_catalog.pg_table_is_visible(pg_catalog.pg_class.oid) AND pg_catalog.pg_namespace.nspname != %(nspname_1)s (base.py:1842)
2025-06-17 11:28:39 [    INFO] [cached since 0.01729s ago] {'table_name': 'documents', 'param_1': 'r', 'param_2': 'p', 'param_3': 'f', 'param_4': 'v', 'param_5': 'm', 'nspname_1': 'pg_catalog'} (base.py:1842)
2025-06-17 11:28:39 [   DEBUG] Query eseguita in 0.01 secondi: SELECT pg_catalog.pg_class.relname 
FROM pg_catalog.pg_class JOIN pg_catalog.pg_namespace ON pg_catalog.pg_namespace.oid = pg_catalog.pg_class.relnamespace 
WHERE pg_catalog.pg_class.relname = %(table_name)s AND pg_catalog.pg_class.relkind = ANY (ARRAY[%(param_1)s, %(param_2)s, %(param_3)s, %(param_4)s, %(param_5)s]) AND pg_catalog.pg_table_is_visible(pg_catalog.pg_class.oid) AND pg_catalog.pg_namespace.nspname != %(nspname_1)s (session.py:30)
2025-06-17 11:28:39 [    INFO] SELECT pg_catalog.pg_class.relname 
FROM pg_catalog.pg_class JOIN pg_catalog.pg_namespace ON pg_catalog.pg_namespace.oid = pg_catalog.pg_class.relnamespace 
WHERE pg_catalog.pg_class.relname = %(table_name)s AND pg_catalog.pg_class.relkind = ANY (ARRAY[%(param_1)s, %(param_2)s, %(param_3)s, %(param_4)s, %(param_5)s]) AND pg_catalog.pg_table_is_visible(pg_catalog.pg_class.oid) AND pg_catalog.pg_namespace.nspname != %(nspname_1)s (base.py:1842)
2025-06-17 11:28:39 [    INFO] [cached since 0.02761s ago] {'table_name': 'document_versions', 'param_1': 'r', 'param_2': 'p', 'param_3': 'f', 'param_4': 'v', 'param_5': 'm', 'nspname_1': 'pg_catalog'} (base.py:1842)
2025-06-17 11:28:39 [   DEBUG] Query eseguita in 0.01 secondi: SELECT pg_catalog.pg_class.relname 
FROM pg_catalog.pg_class JOIN pg_catalog.pg_namespace ON pg_catalog.pg_namespace.oid = pg_catalog.pg_class.relnamespace 
WHERE pg_catalog.pg_class.relname = %(table_name)s AND pg_catalog.pg_class.relkind = ANY (ARRAY[%(param_1)s, %(param_2)s, %(param_3)s, %(param_4)s, %(param_5)s]) AND pg_catalog.pg_table_is_visible(pg_catalog.pg_class.oid) AND pg_catalog.pg_namespace.nspname != %(nspname_1)s (session.py:30)
2025-06-17 11:28:39 [    INFO] SELECT pg_catalog.pg_class.relname 
FROM pg_catalog.pg_class JOIN pg_catalog.pg_namespace ON pg_catalog.pg_namespace.oid = pg_catalog.pg_class.relnamespace 
WHERE pg_catalog.pg_class.relname = %(table_name)s AND pg_catalog.pg_class.relkind = ANY (ARRAY[%(param_1)s, %(param_2)s, %(param_3)s, %(param_4)s, %(param_5)s]) AND pg_catalog.pg_table_is_visible(pg_catalog.pg_class.oid) AND pg_catalog.pg_namespace.nspname != %(nspname_1)s (base.py:1842)
2025-06-17 11:28:39 [    INFO] [cached since 0.03646s ago] {'table_name': 'houses', 'param_1': 'r', 'param_2': 'p', 'param_3': 'f', 'param_4': 'v', 'param_5': 'm', 'nspname_1': 'pg_catalog'} (base.py:1842)
2025-06-17 11:28:39 [   DEBUG] Query eseguita in 0.01 secondi: SELECT pg_catalog.pg_class.relname 
FROM pg_catalog.pg_class JOIN pg_catalog.pg_namespace ON pg_catalog.pg_namespace.oid = pg_catalog.pg_class.relnamespace 
WHERE pg_catalog.pg_class.relname = %(table_name)s AND pg_catalog.pg_class.relkind = ANY (ARRAY[%(param_1)s, %(param_2)s, %(param_3)s, %(param_4)s, %(param_5)s]) AND pg_catalog.pg_table_is_visible(pg_catalog.pg_class.oid) AND pg_catalog.pg_namespace.nspname != %(nspname_1)s (session.py:30)
2025-06-17 11:28:39 [    INFO] SELECT pg_catalog.pg_class.relname 
FROM pg_catalog.pg_class JOIN pg_catalog.pg_namespace ON pg_catalog.pg_namespace.oid = pg_catalog.pg_class.relnamespace 
WHERE pg_catalog.pg_class.relname = %(table_name)s AND pg_catalog.pg_class.relkind = ANY (ARRAY[%(param_1)s, %(param_2)s, %(param_3)s, %(param_4)s, %(param_5)s]) AND pg_catalog.pg_table_is_visible(pg_catalog.pg_class.oid) AND pg_catalog.pg_namespace.nspname != %(nspname_1)s (base.py:1842)
2025-06-17 11:28:39 [    INFO] [cached since 0.04832s ago] {'table_name': 'nodes', 'param_1': 'r', 'param_2': 'p', 'param_3': 'f', 'param_4': 'v', 'param_5': 'm', 'nspname_1': 'pg_catalog'} (base.py:1842)
2025-06-17 11:28:39 [   DEBUG] Query eseguita in 0.00 secondi: SELECT pg_catalog.pg_class.relname 
FROM pg_catalog.pg_class JOIN pg_catalog.pg_namespace ON pg_catalog.pg_namespace.oid = pg_catalog.pg_class.relnamespace 
WHERE pg_catalog.pg_class.relname = %(table_name)s AND pg_catalog.pg_class.relkind = ANY (ARRAY[%(param_1)s, %(param_2)s, %(param_3)s, %(param_4)s, %(param_5)s]) AND pg_catalog.pg_table_is_visible(pg_catalog.pg_class.oid) AND pg_catalog.pg_namespace.nspname != %(nspname_1)s (session.py:30)
2025-06-17 11:28:39 [    INFO] SELECT pg_catalog.pg_class.relname 
FROM pg_catalog.pg_class JOIN pg_catalog.pg_namespace ON pg_catalog.pg_namespace.oid = pg_catalog.pg_class.relnamespace 
WHERE pg_catalog.pg_class.relname = %(table_name)s AND pg_catalog.pg_class.relkind = ANY (ARRAY[%(param_1)s, %(param_2)s, %(param_3)s, %(param_4)s, %(param_5)s]) AND pg_catalog.pg_table_is_visible(pg_catalog.pg_class.oid) AND pg_catalog.pg_namespace.nspname != %(nspname_1)s (base.py:1842)
2025-06-17 11:28:39 [    INFO] [cached since 0.05507s ago] {'table_name': 'rooms', 'param_1': 'r', 'param_2': 'p', 'param_3': 'f', 'param_4': 'v', 'param_5': 'm', 'nspname_1': 'pg_catalog'} (base.py:1842)
2025-06-17 11:28:39 [   DEBUG] Query eseguita in 0.01 secondi: SELECT pg_catalog.pg_class.relname 
FROM pg_catalog.pg_class JOIN pg_catalog.pg_namespace ON pg_catalog.pg_namespace.oid = pg_catalog.pg_class.relnamespace 
WHERE pg_catalog.pg_class.relname = %(table_name)s AND pg_catalog.pg_class.relkind = ANY (ARRAY[%(param_1)s, %(param_2)s, %(param_3)s, %(param_4)s, %(param_5)s]) AND pg_catalog.pg_table_is_visible(pg_catalog.pg_class.oid) AND pg_catalog.pg_namespace.nspname != %(nspname_1)s (session.py:30)
2025-06-17 11:28:39 [    INFO] SELECT pg_catalog.pg_class.relname 
FROM pg_catalog.pg_class JOIN pg_catalog.pg_namespace ON pg_catalog.pg_namespace.oid = pg_catalog.pg_class.relnamespace 
WHERE pg_catalog.pg_class.relname = %(table_name)s AND pg_catalog.pg_class.relkind = ANY (ARRAY[%(param_1)s, %(param_2)s, %(param_3)s, %(param_4)s, %(param_5)s]) AND pg_catalog.pg_table_is_visible(pg_catalog.pg_class.oid) AND pg_catalog.pg_namespace.nspname != %(nspname_1)s (base.py:1842)
2025-06-17 11:28:39 [    INFO] [cached since 0.06563s ago] {'table_name': 'bookings', 'param_1': 'r', 'param_2': 'p', 'param_3': 'f', 'param_4': 'v', 'param_5': 'm', 'nspname_1': 'pg_catalog'} (base.py:1842)
2025-06-17 11:28:39 [   DEBUG] Query eseguita in 0.00 secondi: SELECT pg_catalog.pg_class.relname 
FROM pg_catalog.pg_class JOIN pg_catalog.pg_namespace ON pg_catalog.pg_namespace.oid = pg_catalog.pg_class.relnamespace 
WHERE pg_catalog.pg_class.relname = %(table_name)s AND pg_catalog.pg_class.relkind = ANY (ARRAY[%(param_1)s, %(param_2)s, %(param_3)s, %(param_4)s, %(param_5)s]) AND pg_catalog.pg_table_is_visible(pg_catalog.pg_class.oid) AND pg_catalog.pg_namespace.nspname != %(nspname_1)s (session.py:30)
2025-06-17 11:28:39 [    INFO] SELECT pg_catalog.pg_class.relname 
FROM pg_catalog.pg_class JOIN pg_catalog.pg_namespace ON pg_catalog.pg_namespace.oid = pg_catalog.pg_class.relnamespace 
WHERE pg_catalog.pg_class.relname = %(table_name)s AND pg_catalog.pg_class.relkind = ANY (ARRAY[%(param_1)s, %(param_2)s, %(param_3)s, %(param_4)s, %(param_5)s]) AND pg_catalog.pg_table_is_visible(pg_catalog.pg_class.oid) AND pg_catalog.pg_namespace.nspname != %(nspname_1)s (base.py:1842)
2025-06-17 11:28:39 [    INFO] [cached since 0.0733s ago] {'table_name': 'maintenance_records', 'param_1': 'r', 'param_2': 'p', 'param_3': 'f', 'param_4': 'v', 'param_5': 'm', 'nspname_1': 'pg_catalog'} (base.py:1842)
2025-06-17 11:28:39 [   DEBUG] Query eseguita in 0.01 secondi: SELECT pg_catalog.pg_class.relname 
FROM pg_catalog.pg_class JOIN pg_catalog.pg_namespace ON pg_catalog.pg_namespace.oid = pg_catalog.pg_class.relnamespace 
WHERE pg_catalog.pg_class.relname = %(table_name)s AND pg_catalog.pg_class.relkind = ANY (ARRAY[%(param_1)s, %(param_2)s, %(param_3)s, %(param_4)s, %(param_5)s]) AND pg_catalog.pg_table_is_visible(pg_catalog.pg_class.oid) AND pg_catalog.pg_namespace.nspname != %(nspname_1)s (session.py:30)
2025-06-17 11:28:39 [    INFO] SELECT pg_catalog.pg_type.typname 
FROM pg_catalog.pg_type JOIN pg_catalog.pg_namespace ON pg_catalog.pg_namespace.oid = pg_catalog.pg_type.typnamespace 
WHERE pg_catalog.pg_type.typname = %(typname_1)s AND pg_catalog.pg_type_is_visible(pg_catalog.pg_type.oid) AND pg_catalog.pg_namespace.nspname != %(nspname_1)s (base.py:1842)
2025-06-17 11:28:39 [    INFO] [generated in 0.00172s] {'typname_1': 'maintenancetype', 'nspname_1': 'pg_catalog'} (base.py:1842)
2025-06-17 11:28:39 [   DEBUG] Query eseguita in 0.01 secondi: SELECT pg_catalog.pg_type.typname 
FROM pg_catalog.pg_type JOIN pg_catalog.pg_namespace ON pg_catalog.pg_namespace.oid = pg_catalog.pg_type.typnamespace 
WHERE pg_catalog.pg_type.typname = %(typname_1)s AND pg_catalog.pg_type_is_visible(pg_catalog.pg_type.oid) AND pg_catalog.pg_namespace.nspname != %(nspname_1)s (session.py:30)
2025-06-17 11:28:39 [    INFO] CREATE TYPE maintenancetype AS ENUM ('ROUTINE', 'PREVENTIVE', 'CORRECTIVE', 'EMERGENCY', 'INSPECTION') (base.py:1842)
2025-06-17 11:28:39 [    INFO] [no key 0.00069s] {} (base.py:1842)
2025-06-17 11:28:39 [   DEBUG] Query eseguita in 0.01 secondi: CREATE TYPE maintenancetype AS ENUM ('ROUTINE', 'PREVENTIVE', 'CORRECTIVE', 'EMERGENCY', 'INSPECTION') (session.py:30)
2025-06-17 11:28:39 [    INFO] SELECT pg_catalog.pg_type.typname 
FROM pg_catalog.pg_type JOIN pg_catalog.pg_namespace ON pg_catalog.pg_namespace.oid = pg_catalog.pg_type.typnamespace 
WHERE pg_catalog.pg_type.typname = %(typname_1)s AND pg_catalog.pg_type_is_visible(pg_catalog.pg_type.oid) AND pg_catalog.pg_namespace.nspname != %(nspname_1)s (base.py:1842)
2025-06-17 11:28:39 [    INFO] [cached since 0.02742s ago] {'typname_1': 'maintenancestatus', 'nspname_1': 'pg_catalog'} (base.py:1842)
2025-06-17 11:28:39 [   DEBUG] Query eseguita in 0.00 secondi: SELECT pg_catalog.pg_type.typname 
FROM pg_catalog.pg_type JOIN pg_catalog.pg_namespace ON pg_catalog.pg_namespace.oid = pg_catalog.pg_type.typnamespace 
WHERE pg_catalog.pg_type.typname = %(typname_1)s AND pg_catalog.pg_type_is_visible(pg_catalog.pg_type.oid) AND pg_catalog.pg_namespace.nspname != %(nspname_1)s (session.py:30)
2025-06-17 11:28:39 [    INFO] CREATE TYPE maintenancestatus AS ENUM ('PENDING', 'COMPLETED', 'FAILED') (base.py:1842)
2025-06-17 11:28:39 [    INFO] [no key 0.00128s] {} (base.py:1842)
2025-06-17 11:28:39 [   DEBUG] Query eseguita in 0.01 secondi: CREATE TYPE maintenancestatus AS ENUM ('PENDING', 'COMPLETED', 'FAILED') (session.py:30)
2025-06-17 11:28:39 [    INFO] 
CREATE TABLE "user" (
	id SERIAL NOT NULL, 
	email VARCHAR NOT NULL, 
	username VARCHAR NOT NULL, 
	hashed_password VARCHAR NOT NULL, 
	is_active BOOLEAN NOT NULL, 
	is_superuser BOOLEAN NOT NULL, 
	is_verified BOOLEAN NOT NULL, 
	created_at TIMESTAMP WITHOUT TIME ZONE NOT NULL, 
	updated_at TIMESTAMP WITHOUT TIME ZONE NOT NULL, 
	last_login TIMESTAMP WITH TIME ZONE, 
	full_name VARCHAR(255), 
	phone_number VARCHAR(20), 
	PRIMARY KEY (id)
)

 (base.py:1842)
2025-06-17 11:28:39 [    INFO] [no key 0.00207s] {} (base.py:1842)
2025-06-17 11:28:39 [   DEBUG] Query eseguita in 0.05 secondi: 
CREATE TABLE "user" (
	id SERIAL NOT NULL, 
	email VARCHAR NOT NULL, 
	username VARCHAR NOT NULL, 
	hashed_password VARCHAR NOT NULL, 
	is_active BOOLEAN NOT NULL, 
	is_superuser BOOLEAN NOT NULL, 
	is_verified BOOLEAN NOT NULL, 
	created_at TIMESTAMP WITHOUT TIME ZONE NOT NULL, 
	updated_at TIMESTAMP WITHOUT TIME ZONE NOT NULL, 
	last_login TIMESTAMP WITH TIME ZONE, 
	full_name VARCHAR(255), 
	phone_number VARCHAR(20), 
	PRIMARY KEY (id)
)

 (session.py:30)
2025-06-17 11:28:39 [    INFO] CREATE UNIQUE INDEX ix_user_email ON "user" (email) (base.py:1842)
2025-06-17 11:28:39 [    INFO] [no key 0.00206s] {} (base.py:1842)
2025-06-17 11:28:39 [   DEBUG] Query eseguita in 0.01 secondi: CREATE UNIQUE INDEX ix_user_email ON "user" (email) (session.py:30)
2025-06-17 11:28:39 [    INFO] CREATE UNIQUE INDEX ix_user_username ON "user" (username) (base.py:1842)
2025-06-17 11:28:39 [    INFO] [no key 0.00140s] {} (base.py:1842)
2025-06-17 11:28:39 [   DEBUG] Query eseguita in 0.01 secondi: CREATE UNIQUE INDEX ix_user_username ON "user" (username) (session.py:30)
2025-06-17 11:28:39 [    INFO] 
CREATE TABLE houses (
	id SERIAL NOT NULL, 
	name VARCHAR NOT NULL, 
	address VARCHAR NOT NULL, 
	owner_id INTEGER NOT NULL, 
	created_at TIMESTAMP WITHOUT TIME ZONE NOT NULL, 
	updated_at TIMESTAMP WITHOUT TIME ZONE NOT NULL, 
	PRIMARY KEY (id), 
	FOREIGN KEY(owner_id) REFERENCES "user" (id)
)

 (base.py:1842)
2025-06-17 11:28:39 [    INFO] [no key 0.00090s] {} (base.py:1842)
2025-06-17 11:28:39 [   DEBUG] Query eseguita in 0.03 secondi: 
CREATE TABLE houses (
	id SERIAL NOT NULL, 
	name VARCHAR NOT NULL, 
	address VARCHAR NOT NULL, 
	owner_id INTEGER NOT NULL, 
	created_at TIMESTAMP WITHOUT TIME ZONE NOT NULL, 
	updated_at TIMESTAMP WITHOUT TIME ZONE NOT NULL, 
	PRIMARY KEY (id), 
	FOREIGN KEY(owner_id) REFERENCES "user" (id)
)

 (session.py:30)
2025-06-17 11:28:40 [    INFO] CREATE INDEX ix_houses_name ON houses (name) (base.py:1842)
2025-06-17 11:28:40 [    INFO] [no key 0.00199s] {} (base.py:1842)
2025-06-17 11:28:40 [   DEBUG] Query eseguita in 0.01 secondi: CREATE INDEX ix_houses_name ON houses (name) (session.py:30)
2025-06-17 11:28:40 [    INFO] 
CREATE TABLE rooms (
	id SERIAL NOT NULL, 
	name VARCHAR NOT NULL, 
	description VARCHAR, 
	floor INTEGER NOT NULL, 
	area FLOAT NOT NULL, 
	house_id INTEGER NOT NULL, 
	created_at TIMESTAMP WITHOUT TIME ZONE NOT NULL, 
	updated_at TIMESTAMP WITHOUT TIME ZONE NOT NULL, 
	PRIMARY KEY (id), 
	FOREIGN KEY(house_id) REFERENCES houses (id)
)

 (base.py:1842)
2025-06-17 11:28:40 [    INFO] [no key 0.00337s] {} (base.py:1842)
2025-06-17 11:28:40 [   DEBUG] Query eseguita in 0.04 secondi: 
CREATE TABLE rooms (
	id SERIAL NOT NULL, 
	name VARCHAR NOT NULL, 
	description VARCHAR, 
	floor INTEGER NOT NULL, 
	area FLOAT NOT NULL, 
	house_id INTEGER NOT NULL, 
	created_at TIMESTAMP WITHOUT TIME ZONE NOT NULL, 
	updated_at TIMESTAMP WITHOUT TIME ZONE NOT NULL, 
	PRIMARY KEY (id), 
	FOREIGN KEY(house_id) REFERENCES houses (id)
)

 (session.py:30)
2025-06-17 11:28:40 [    INFO] CREATE INDEX ix_rooms_name ON rooms (name) (base.py:1842)
2025-06-17 11:28:40 [    INFO] [no key 0.00520s] {} (base.py:1842)
2025-06-17 11:28:40 [   DEBUG] Query eseguita in 0.01 secondi: CREATE INDEX ix_rooms_name ON rooms (name) (session.py:30)
2025-06-17 11:28:40 [    INFO] 
CREATE TABLE nodes (
	id SERIAL NOT NULL, 
	name VARCHAR NOT NULL, 
	description VARCHAR, 
	nfc_id VARCHAR NOT NULL, 
	house_id INTEGER NOT NULL, 
	room_id INTEGER, 
	PRIMARY KEY (id), 
	FOREIGN KEY(house_id) REFERENCES houses (id), 
	FOREIGN KEY(room_id) REFERENCES rooms (id)
)

 (base.py:1842)
2025-06-17 11:28:40 [    INFO] [no key 0.00236s] {} (base.py:1842)
2025-06-17 11:28:40 [   DEBUG] Query eseguita in 0.05 secondi: 
CREATE TABLE nodes (
	id SERIAL NOT NULL, 
	name VARCHAR NOT NULL, 
	description VARCHAR, 
	nfc_id VARCHAR NOT NULL, 
	house_id INTEGER NOT NULL, 
	room_id INTEGER, 
	PRIMARY KEY (id), 
	FOREIGN KEY(house_id) REFERENCES houses (id), 
	FOREIGN KEY(room_id) REFERENCES rooms (id)
)

 (session.py:30)
2025-06-17 11:28:40 [    INFO] CREATE UNIQUE INDEX ix_nodes_nfc_id ON nodes (nfc_id) (base.py:1842)
2025-06-17 11:28:40 [    INFO] [no key 0.00299s] {} (base.py:1842)
2025-06-17 11:28:40 [   DEBUG] Query eseguita in 0.03 secondi: CREATE UNIQUE INDEX ix_nodes_nfc_id ON nodes (nfc_id) (session.py:30)
2025-06-17 11:28:40 [    INFO] 
CREATE TABLE bookings (
	id SERIAL NOT NULL, 
	room_id INTEGER NOT NULL, 
	user_id INTEGER NOT NULL, 
	start_time TIMESTAMP WITHOUT TIME ZONE NOT NULL, 
	end_time TIMESTAMP WITHOUT TIME ZONE NOT NULL, 
	status VARCHAR NOT NULL, 
	notes VARCHAR, 
	created_at TIMESTAMP WITHOUT TIME ZONE NOT NULL, 
	updated_at TIMESTAMP WITHOUT TIME ZONE NOT NULL, 
	PRIMARY KEY (id), 
	FOREIGN KEY(room_id) REFERENCES rooms (id), 
	FOREIGN KEY(user_id) REFERENCES "user" (id)
)

 (base.py:1842)
2025-06-17 11:28:40 [    INFO] [no key 0.00224s] {} (base.py:1842)
2025-06-17 11:28:40 [   DEBUG] Query eseguita in 0.15 secondi: 
CREATE TABLE bookings (
	id SERIAL NOT NULL, 
	room_id INTEGER NOT NULL, 
	user_id INTEGER NOT NULL, 
	start_time TIMESTAMP WITHOUT TIME ZONE NOT NULL, 
	end_time TIMESTAMP WITHOUT TIME ZONE NOT NULL, 
	status VARCHAR NOT NULL, 
	notes VARCHAR, 
	created_at TIMESTAMP WITHOUT TIME ZONE NOT NULL, 
	updated_at TIMESTAMP WITHOUT TIME ZONE NOT NULL, 
	PRIMARY KEY (id), 
	FOREIGN KEY(room_id) REFERENCES rooms (id), 
	FOREIGN KEY(user_id) REFERENCES "user" (id)
)

 (session.py:30)
2025-06-17 11:28:40 [    INFO] 
CREATE TABLE documents (
	id SERIAL NOT NULL, 
	created_at TIMESTAMP WITHOUT TIME ZONE NOT NULL, 
	updated_at TIMESTAMP WITHOUT TIME ZONE NOT NULL, 
	owner_id INTEGER NOT NULL, 
	name VARCHAR NOT NULL, 
	type VARCHAR NOT NULL, 
	size INTEGER NOT NULL, 
	upload_date TIMESTAMP WITHOUT TIME ZONE NOT NULL, 
	path VARCHAR NOT NULL, 
	checksum VARCHAR NOT NULL, 
	house_id INTEGER, 
	node_id INTEGER, 
	description VARCHAR, 
	PRIMARY KEY (id), 
	FOREIGN KEY(owner_id) REFERENCES "user" (id), 
	FOREIGN KEY(house_id) REFERENCES houses (id), 
	FOREIGN KEY(node_id) REFERENCES nodes (id)
)

 (base.py:1842)
2025-06-17 11:28:40 [    INFO] [no key 0.00244s] {} (base.py:1842)
2025-06-17 11:28:40 [   DEBUG] Query eseguita in 0.04 secondi: 
CREATE TABLE documents (
	id SERIAL NOT NULL, 
	created_at TIMESTAMP WITHOUT TIME ZONE NOT NULL, 
	updated_at TIMESTAMP WITHOUT TIME ZONE NOT NULL, 
	owner_id INTEGER NOT NULL, 
	name VARCHAR NOT NULL, 
	type VARCHAR NOT NULL, 
	size INTEGER NOT NULL, 
	upload_date TIMESTAMP WITHOUT TIME ZONE NOT NULL, 
	path VARCHAR NOT NULL, 
	checksum VARCHAR NOT NULL, 
	house_id INTEGER, 
	node_id INTEGER, 
	description VARCHAR, 
	PRIMARY KEY (id), 
	FOREIGN KEY(owner_id) REFERENCES "user" (id), 
	FOREIGN KEY(house_id) REFERENCES houses (id), 
	FOREIGN KEY(node_id) REFERENCES nodes (id)
)

 (session.py:30)
2025-06-17 11:28:40 [    INFO] CREATE INDEX ix_documents_owner_id ON documents (owner_id) (base.py:1842)
2025-06-17 11:28:40 [    INFO] [no key 0.00123s] {} (base.py:1842)
2025-06-17 11:28:40 [   DEBUG] Query eseguita in 0.01 secondi: CREATE INDEX ix_documents_owner_id ON documents (owner_id) (session.py:30)
2025-06-17 11:28:40 [    INFO] 
CREATE TABLE document_versions (
	id SERIAL NOT NULL, 
	version_number INTEGER NOT NULL, 
	file_path VARCHAR NOT NULL, 
	file_size INTEGER NOT NULL, 
	checksum VARCHAR NOT NULL, 
	created_at TIMESTAMP WITHOUT TIME ZONE NOT NULL, 
	updated_at TIMESTAMP WITHOUT TIME ZONE NOT NULL, 
	document_id INTEGER NOT NULL, 
	created_by_id INTEGER, 
	PRIMARY KEY (id), 
	FOREIGN KEY(document_id) REFERENCES documents (id), 
	FOREIGN KEY(created_by_id) REFERENCES "user" (id)
)

 (base.py:1842)
2025-06-17 11:28:40 [    INFO] [no key 0.00108s] {} (base.py:1842)
2025-06-17 11:28:40 [   DEBUG] Query eseguita in 0.04 secondi: 
CREATE TABLE document_versions (
	id SERIAL NOT NULL, 
	version_number INTEGER NOT NULL, 
	file_path VARCHAR NOT NULL, 
	file_size INTEGER NOT NULL, 
	checksum VARCHAR NOT NULL, 
	created_at TIMESTAMP WITHOUT TIME ZONE NOT NULL, 
	updated_at TIMESTAMP WITHOUT TIME ZONE NOT NULL, 
	document_id INTEGER NOT NULL, 
	created_by_id INTEGER, 
	PRIMARY KEY (id), 
	FOREIGN KEY(document_id) REFERENCES documents (id), 
	FOREIGN KEY(created_by_id) REFERENCES "user" (id)
)

 (session.py:30)
2025-06-17 11:28:40 [    INFO] CREATE INDEX ix_document_versions_version_number ON document_versions (version_number) (base.py:1842)
2025-06-17 11:28:40 [    INFO] [no key 0.00315s] {} (base.py:1842)
2025-06-17 11:28:40 [   DEBUG] Query eseguita in 0.01 secondi: CREATE INDEX ix_document_versions_version_number ON document_versions (version_number) (session.py:30)
2025-06-17 11:28:40 [    INFO] CREATE INDEX ix_document_versions_created_by_id ON document_versions (created_by_id) (base.py:1842)
2025-06-17 11:28:40 [    INFO] [no key 0.00149s] {} (base.py:1842)
2025-06-17 11:28:40 [   DEBUG] Query eseguita in 0.01 secondi: CREATE INDEX ix_document_versions_created_by_id ON document_versions (created_by_id) (session.py:30)
2025-06-17 11:28:40 [    INFO] CREATE INDEX ix_document_versions_document_id ON document_versions (document_id) (base.py:1842)
2025-06-17 11:28:40 [    INFO] [no key 0.00266s] {} (base.py:1842)
2025-06-17 11:28:40 [   DEBUG] Query eseguita in 0.01 secondi: CREATE INDEX ix_document_versions_document_id ON document_versions (document_id) (session.py:30)
2025-06-17 11:28:40 [    INFO] 
CREATE TABLE maintenance_records (
	id SERIAL NOT NULL, 
	node_id INTEGER NOT NULL, 
	timestamp TIMESTAMP WITHOUT TIME ZONE NOT NULL, 
	maintenance_type maintenancetype NOT NULL, 
	description VARCHAR NOT NULL, 
	status maintenancestatus NOT NULL, 
	notes VARCHAR, 
	document_id INTEGER, 
	PRIMARY KEY (id), 
	FOREIGN KEY(node_id) REFERENCES nodes (id), 
	FOREIGN KEY(document_id) REFERENCES documents (id)
)

 (base.py:1842)
2025-06-17 11:28:40 [    INFO] [no key 0.00186s] {} (base.py:1842)
2025-06-17 11:28:40 [   DEBUG] Query eseguita in 0.04 secondi: 
CREATE TABLE maintenance_records (
	id SERIAL NOT NULL, 
	node_id INTEGER NOT NULL, 
	timestamp TIMESTAMP WITHOUT TIME ZONE NOT NULL, 
	maintenance_type maintenancetype NOT NULL, 
	description VARCHAR NOT NULL, 
	status maintenancestatus NOT NULL, 
	notes VARCHAR, 
	document_id INTEGER, 
	PRIMARY KEY (id), 
	FOREIGN KEY(node_id) REFERENCES nodes (id), 
	FOREIGN KEY(document_id) REFERENCES documents (id)
)

 (session.py:30)
2025-06-17 11:28:40 [    INFO] CREATE INDEX ix_maintenance_records_node_id ON maintenance_records (node_id) (base.py:1842)
2025-06-17 11:28:40 [    INFO] [no key 0.00089s] {} (base.py:1842)
2025-06-17 11:28:40 [   DEBUG] Query eseguita in 0.01 secondi: CREATE INDEX ix_maintenance_records_node_id ON maintenance_records (node_id) (session.py:30)
2025-06-17 11:28:40 [    INFO] COMMIT (base.py:2704)
2025-06-17 11:28:40 [   DEBUG] Test database tables created successfully (test_users.py:52)
2025-06-17 11:28:40 [   DEBUG] Test database session created successfully (test_users.py:55)
2025-06-17 11:28:40 [   DEBUG] Overriding get_session for tests... (conftest.py:269)
2025-06-17 11:28:40 [   DEBUG] Setting up FakeRedis for tests... (conftest_redis.py:18)
2025-06-17 11:28:40 [   DEBUG] Connessione Redis stabilita con successo (redis.py:24)
-------------------------------- live log call --------------------------------
2025-06-17 11:28:40 [   DEBUG] Using proactor: IocpProactor (proactor_events.py:631)
2025-06-17 11:28:40 [    INFO] HTTP Request: POST http://testserver/api/v1/auth/register "HTTP/1.1 422 Unprocessable Entity" (_client.py:1025)
PASSED                                                                   [ 79%]
------------------------------ live log teardown ------------------------------
2025-06-17 11:28:40 [   DEBUG] Restored original Redis client (conftest_redis.py:29)
2025-06-17 11:28:40 [   DEBUG] get_session override cleared (conftest.py:275)
2025-06-17 11:28:40 [   DEBUG] Cleaning up test database session... (test_users.py:57)
2025-06-17 11:28:40 [    INFO] BEGIN (implicit) (base.py:2698)
2025-06-17 11:28:40 [    INFO] DROP SCHEMA public CASCADE (base.py:1842)
2025-06-17 11:28:40 [    INFO] [generated in 0.00918s] {} (base.py:1842)
2025-06-17 11:28:40 [   DEBUG] Query eseguita in 0.11 secondi: DROP SCHEMA public CASCADE (session.py:30)
2025-06-17 11:28:40 [    INFO] CREATE SCHEMA public (base.py:1842)
2025-06-17 11:28:40 [    INFO] [generated in 0.00084s] {} (base.py:1842)
2025-06-17 11:28:40 [   DEBUG] Query eseguita in 0.00 secondi: CREATE SCHEMA public (session.py:30)
2025-06-17 11:28:40 [    INFO] COMMIT (base.py:2704)
2025-06-17 11:28:40 [   DEBUG] Test database cleanup completed (test_users.py:63)
2025-06-17 11:28:40 [   DEBUG] Session fixture completed in 2.01 seconds (test_users.py:68)

tests/api/test_users.py::test_create_user_duplicate_username 
------------------------------- live log setup --------------------------------
2025-06-17 11:28:40 [   DEBUG] Setting up test database session... (test_users.py:38)
2025-06-17 11:28:41 [    INFO] select pg_catalog.version() (base.py:1842)
2025-06-17 11:28:41 [    INFO] [raw sql] {} (base.py:1842)
2025-06-17 11:28:41 [    INFO] select current_schema() (base.py:1842)
2025-06-17 11:28:41 [    INFO] [raw sql] {} (base.py:1842)
2025-06-17 11:28:41 [    INFO] show standard_conforming_strings (base.py:1842)
2025-06-17 11:28:41 [    INFO] [raw sql] {} (base.py:1842)
2025-06-17 11:28:41 [    INFO] BEGIN (implicit) (base.py:2698)
2025-06-17 11:28:41 [    INFO] SELECT pg_catalog.pg_class.relname 
FROM pg_catalog.pg_class JOIN pg_catalog.pg_namespace ON pg_catalog.pg_namespace.oid = pg_catalog.pg_class.relnamespace 
WHERE pg_catalog.pg_class.relname = %(table_name)s AND pg_catalog.pg_class.relkind = ANY (ARRAY[%(param_1)s, %(param_2)s, %(param_3)s, %(param_4)s, %(param_5)s]) AND pg_catalog.pg_table_is_visible(pg_catalog.pg_class.oid) AND pg_catalog.pg_namespace.nspname != %(nspname_1)s (base.py:1842)
2025-06-17 11:28:41 [    INFO] [generated in 0.00304s] {'table_name': 'user', 'param_1': 'r', 'param_2': 'p', 'param_3': 'f', 'param_4': 'v', 'param_5': 'm', 'nspname_1': 'pg_catalog'} (base.py:1842)
2025-06-17 11:28:41 [   DEBUG] Query eseguita in 0.02 secondi: SELECT pg_catalog.pg_class.relname 
FROM pg_catalog.pg_class JOIN pg_catalog.pg_namespace ON pg_catalog.pg_namespace.oid = pg_catalog.pg_class.relnamespace 
WHERE pg_catalog.pg_class.relname = %(table_name)s AND pg_catalog.pg_class.relkind = ANY (ARRAY[%(param_1)s, %(param_2)s, %(param_3)s, %(param_4)s, %(param_5)s]) AND pg_catalog.pg_table_is_visible(pg_catalog.pg_class.oid) AND pg_catalog.pg_namespace.nspname != %(nspname_1)s (session.py:30)
2025-06-17 11:28:41 [    INFO] SELECT pg_catalog.pg_class.relname 
FROM pg_catalog.pg_class JOIN pg_catalog.pg_namespace ON pg_catalog.pg_namespace.oid = pg_catalog.pg_class.relnamespace 
WHERE pg_catalog.pg_class.relname = %(table_name)s AND pg_catalog.pg_class.relkind = ANY (ARRAY[%(param_1)s, %(param_2)s, %(param_3)s, %(param_4)s, %(param_5)s]) AND pg_catalog.pg_table_is_visible(pg_catalog.pg_class.oid) AND pg_catalog.pg_namespace.nspname != %(nspname_1)s (base.py:1842)
2025-06-17 11:28:41 [    INFO] [cached since 0.0241s ago] {'table_name': 'documents', 'param_1': 'r', 'param_2': 'p', 'param_3': 'f', 'param_4': 'v', 'param_5': 'm', 'nspname_1': 'pg_catalog'} (base.py:1842)
2025-06-17 11:28:41 [   DEBUG] Query eseguita in 0.01 secondi: SELECT pg_catalog.pg_class.relname 
FROM pg_catalog.pg_class JOIN pg_catalog.pg_namespace ON pg_catalog.pg_namespace.oid = pg_catalog.pg_class.relnamespace 
WHERE pg_catalog.pg_class.relname = %(table_name)s AND pg_catalog.pg_class.relkind = ANY (ARRAY[%(param_1)s, %(param_2)s, %(param_3)s, %(param_4)s, %(param_5)s]) AND pg_catalog.pg_table_is_visible(pg_catalog.pg_class.oid) AND pg_catalog.pg_namespace.nspname != %(nspname_1)s (session.py:30)
2025-06-17 11:28:41 [    INFO] SELECT pg_catalog.pg_class.relname 
FROM pg_catalog.pg_class JOIN pg_catalog.pg_namespace ON pg_catalog.pg_namespace.oid = pg_catalog.pg_class.relnamespace 
WHERE pg_catalog.pg_class.relname = %(table_name)s AND pg_catalog.pg_class.relkind = ANY (ARRAY[%(param_1)s, %(param_2)s, %(param_3)s, %(param_4)s, %(param_5)s]) AND pg_catalog.pg_table_is_visible(pg_catalog.pg_class.oid) AND pg_catalog.pg_namespace.nspname != %(nspname_1)s (base.py:1842)
2025-06-17 11:28:41 [    INFO] [cached since 0.02918s ago] {'table_name': 'document_versions', 'param_1': 'r', 'param_2': 'p', 'param_3': 'f', 'param_4': 'v', 'param_5': 'm', 'nspname_1': 'pg_catalog'} (base.py:1842)
2025-06-17 11:28:41 [   DEBUG] Query eseguita in 0.01 secondi: SELECT pg_catalog.pg_class.relname 
FROM pg_catalog.pg_class JOIN pg_catalog.pg_namespace ON pg_catalog.pg_namespace.oid = pg_catalog.pg_class.relnamespace 
WHERE pg_catalog.pg_class.relname = %(table_name)s AND pg_catalog.pg_class.relkind = ANY (ARRAY[%(param_1)s, %(param_2)s, %(param_3)s, %(param_4)s, %(param_5)s]) AND pg_catalog.pg_table_is_visible(pg_catalog.pg_class.oid) AND pg_catalog.pg_namespace.nspname != %(nspname_1)s (session.py:30)
2025-06-17 11:28:41 [    INFO] SELECT pg_catalog.pg_class.relname 
FROM pg_catalog.pg_class JOIN pg_catalog.pg_namespace ON pg_catalog.pg_namespace.oid = pg_catalog.pg_class.relnamespace 
WHERE pg_catalog.pg_class.relname = %(table_name)s AND pg_catalog.pg_class.relkind = ANY (ARRAY[%(param_1)s, %(param_2)s, %(param_3)s, %(param_4)s, %(param_5)s]) AND pg_catalog.pg_table_is_visible(pg_catalog.pg_class.oid) AND pg_catalog.pg_namespace.nspname != %(nspname_1)s (base.py:1842)
2025-06-17 11:28:41 [    INFO] [cached since 0.04286s ago] {'table_name': 'houses', 'param_1': 'r', 'param_2': 'p', 'param_3': 'f', 'param_4': 'v', 'param_5': 'm', 'nspname_1': 'pg_catalog'} (base.py:1842)
2025-06-17 11:28:41 [   DEBUG] Query eseguita in 0.00 secondi: SELECT pg_catalog.pg_class.relname 
FROM pg_catalog.pg_class JOIN pg_catalog.pg_namespace ON pg_catalog.pg_namespace.oid = pg_catalog.pg_class.relnamespace 
WHERE pg_catalog.pg_class.relname = %(table_name)s AND pg_catalog.pg_class.relkind = ANY (ARRAY[%(param_1)s, %(param_2)s, %(param_3)s, %(param_4)s, %(param_5)s]) AND pg_catalog.pg_table_is_visible(pg_catalog.pg_class.oid) AND pg_catalog.pg_namespace.nspname != %(nspname_1)s (session.py:30)
2025-06-17 11:28:41 [    INFO] SELECT pg_catalog.pg_class.relname 
FROM pg_catalog.pg_class JOIN pg_catalog.pg_namespace ON pg_catalog.pg_namespace.oid = pg_catalog.pg_class.relnamespace 
WHERE pg_catalog.pg_class.relname = %(table_name)s AND pg_catalog.pg_class.relkind = ANY (ARRAY[%(param_1)s, %(param_2)s, %(param_3)s, %(param_4)s, %(param_5)s]) AND pg_catalog.pg_table_is_visible(pg_catalog.pg_class.oid) AND pg_catalog.pg_namespace.nspname != %(nspname_1)s (base.py:1842)
2025-06-17 11:28:41 [    INFO] [cached since 0.05047s ago] {'table_name': 'nodes', 'param_1': 'r', 'param_2': 'p', 'param_3': 'f', 'param_4': 'v', 'param_5': 'm', 'nspname_1': 'pg_catalog'} (base.py:1842)
2025-06-17 11:28:41 [   DEBUG] Query eseguita in 0.01 secondi: SELECT pg_catalog.pg_class.relname 
FROM pg_catalog.pg_class JOIN pg_catalog.pg_namespace ON pg_catalog.pg_namespace.oid = pg_catalog.pg_class.relnamespace 
WHERE pg_catalog.pg_class.relname = %(table_name)s AND pg_catalog.pg_class.relkind = ANY (ARRAY[%(param_1)s, %(param_2)s, %(param_3)s, %(param_4)s, %(param_5)s]) AND pg_catalog.pg_table_is_visible(pg_catalog.pg_class.oid) AND pg_catalog.pg_namespace.nspname != %(nspname_1)s (session.py:30)
2025-06-17 11:28:41 [    INFO] SELECT pg_catalog.pg_class.relname 
FROM pg_catalog.pg_class JOIN pg_catalog.pg_namespace ON pg_catalog.pg_namespace.oid = pg_catalog.pg_class.relnamespace 
WHERE pg_catalog.pg_class.relname = %(table_name)s AND pg_catalog.pg_class.relkind = ANY (ARRAY[%(param_1)s, %(param_2)s, %(param_3)s, %(param_4)s, %(param_5)s]) AND pg_catalog.pg_table_is_visible(pg_catalog.pg_class.oid) AND pg_catalog.pg_namespace.nspname != %(nspname_1)s (base.py:1842)
2025-06-17 11:28:41 [    INFO] [cached since 0.06044s ago] {'table_name': 'rooms', 'param_1': 'r', 'param_2': 'p', 'param_3': 'f', 'param_4': 'v', 'param_5': 'm', 'nspname_1': 'pg_catalog'} (base.py:1842)
2025-06-17 11:28:41 [   DEBUG] Query eseguita in 0.01 secondi: SELECT pg_catalog.pg_class.relname 
FROM pg_catalog.pg_class JOIN pg_catalog.pg_namespace ON pg_catalog.pg_namespace.oid = pg_catalog.pg_class.relnamespace 
WHERE pg_catalog.pg_class.relname = %(table_name)s AND pg_catalog.pg_class.relkind = ANY (ARRAY[%(param_1)s, %(param_2)s, %(param_3)s, %(param_4)s, %(param_5)s]) AND pg_catalog.pg_table_is_visible(pg_catalog.pg_class.oid) AND pg_catalog.pg_namespace.nspname != %(nspname_1)s (session.py:30)
2025-06-17 11:28:41 [    INFO] SELECT pg_catalog.pg_class.relname 
FROM pg_catalog.pg_class JOIN pg_catalog.pg_namespace ON pg_catalog.pg_namespace.oid = pg_catalog.pg_class.relnamespace 
WHERE pg_catalog.pg_class.relname = %(table_name)s AND pg_catalog.pg_class.relkind = ANY (ARRAY[%(param_1)s, %(param_2)s, %(param_3)s, %(param_4)s, %(param_5)s]) AND pg_catalog.pg_table_is_visible(pg_catalog.pg_class.oid) AND pg_catalog.pg_namespace.nspname != %(nspname_1)s (base.py:1842)
2025-06-17 11:28:41 [    INFO] [cached since 0.06936s ago] {'table_name': 'bookings', 'param_1': 'r', 'param_2': 'p', 'param_3': 'f', 'param_4': 'v', 'param_5': 'm', 'nspname_1': 'pg_catalog'} (base.py:1842)
2025-06-17 11:28:41 [   DEBUG] Query eseguita in 0.01 secondi: SELECT pg_catalog.pg_class.relname 
FROM pg_catalog.pg_class JOIN pg_catalog.pg_namespace ON pg_catalog.pg_namespace.oid = pg_catalog.pg_class.relnamespace 
WHERE pg_catalog.pg_class.relname = %(table_name)s AND pg_catalog.pg_class.relkind = ANY (ARRAY[%(param_1)s, %(param_2)s, %(param_3)s, %(param_4)s, %(param_5)s]) AND pg_catalog.pg_table_is_visible(pg_catalog.pg_class.oid) AND pg_catalog.pg_namespace.nspname != %(nspname_1)s (session.py:30)
2025-06-17 11:28:41 [    INFO] SELECT pg_catalog.pg_class.relname 
FROM pg_catalog.pg_class JOIN pg_catalog.pg_namespace ON pg_catalog.pg_namespace.oid = pg_catalog.pg_class.relnamespace 
WHERE pg_catalog.pg_class.relname = %(table_name)s AND pg_catalog.pg_class.relkind = ANY (ARRAY[%(param_1)s, %(param_2)s, %(param_3)s, %(param_4)s, %(param_5)s]) AND pg_catalog.pg_table_is_visible(pg_catalog.pg_class.oid) AND pg_catalog.pg_namespace.nspname != %(nspname_1)s (base.py:1842)
2025-06-17 11:28:41 [    INFO] [cached since 0.07981s ago] {'table_name': 'maintenance_records', 'param_1': 'r', 'param_2': 'p', 'param_3': 'f', 'param_4': 'v', 'param_5': 'm', 'nspname_1': 'pg_catalog'} (base.py:1842)
2025-06-17 11:28:41 [   DEBUG] Query eseguita in 0.01 secondi: SELECT pg_catalog.pg_class.relname 
FROM pg_catalog.pg_class JOIN pg_catalog.pg_namespace ON pg_catalog.pg_namespace.oid = pg_catalog.pg_class.relnamespace 
WHERE pg_catalog.pg_class.relname = %(table_name)s AND pg_catalog.pg_class.relkind = ANY (ARRAY[%(param_1)s, %(param_2)s, %(param_3)s, %(param_4)s, %(param_5)s]) AND pg_catalog.pg_table_is_visible(pg_catalog.pg_class.oid) AND pg_catalog.pg_namespace.nspname != %(nspname_1)s (session.py:30)
2025-06-17 11:28:41 [    INFO] SELECT pg_catalog.pg_type.typname 
FROM pg_catalog.pg_type JOIN pg_catalog.pg_namespace ON pg_catalog.pg_namespace.oid = pg_catalog.pg_type.typnamespace 
WHERE pg_catalog.pg_type.typname = %(typname_1)s AND pg_catalog.pg_type_is_visible(pg_catalog.pg_type.oid) AND pg_catalog.pg_namespace.nspname != %(nspname_1)s (base.py:1842)
2025-06-17 11:28:41 [    INFO] [generated in 0.00109s] {'typname_1': 'maintenancetype', 'nspname_1': 'pg_catalog'} (base.py:1842)
2025-06-17 11:28:41 [   DEBUG] Query eseguita in 0.01 secondi: SELECT pg_catalog.pg_type.typname 
FROM pg_catalog.pg_type JOIN pg_catalog.pg_namespace ON pg_catalog.pg_namespace.oid = pg_catalog.pg_type.typnamespace 
WHERE pg_catalog.pg_type.typname = %(typname_1)s AND pg_catalog.pg_type_is_visible(pg_catalog.pg_type.oid) AND pg_catalog.pg_namespace.nspname != %(nspname_1)s (session.py:30)
2025-06-17 11:28:41 [    INFO] CREATE TYPE maintenancetype AS ENUM ('ROUTINE', 'PREVENTIVE', 'CORRECTIVE', 'EMERGENCY', 'INSPECTION') (base.py:1842)
2025-06-17 11:28:41 [    INFO] [no key 0.00440s] {} (base.py:1842)
2025-06-17 11:28:41 [   DEBUG] Query eseguita in 0.01 secondi: CREATE TYPE maintenancetype AS ENUM ('ROUTINE', 'PREVENTIVE', 'CORRECTIVE', 'EMERGENCY', 'INSPECTION') (session.py:30)
2025-06-17 11:28:41 [    INFO] SELECT pg_catalog.pg_type.typname 
FROM pg_catalog.pg_type JOIN pg_catalog.pg_namespace ON pg_catalog.pg_namespace.oid = pg_catalog.pg_type.typnamespace 
WHERE pg_catalog.pg_type.typname = %(typname_1)s AND pg_catalog.pg_type_is_visible(pg_catalog.pg_type.oid) AND pg_catalog.pg_namespace.nspname != %(nspname_1)s (base.py:1842)
2025-06-17 11:28:41 [    INFO] [cached since 0.03013s ago] {'typname_1': 'maintenancestatus', 'nspname_1': 'pg_catalog'} (base.py:1842)
2025-06-17 11:28:41 [   DEBUG] Query eseguita in 0.01 secondi: SELECT pg_catalog.pg_type.typname 
FROM pg_catalog.pg_type JOIN pg_catalog.pg_namespace ON pg_catalog.pg_namespace.oid = pg_catalog.pg_type.typnamespace 
WHERE pg_catalog.pg_type.typname = %(typname_1)s AND pg_catalog.pg_type_is_visible(pg_catalog.pg_type.oid) AND pg_catalog.pg_namespace.nspname != %(nspname_1)s (session.py:30)
2025-06-17 11:28:41 [    INFO] CREATE TYPE maintenancestatus AS ENUM ('PENDING', 'COMPLETED', 'FAILED') (base.py:1842)
2025-06-17 11:28:41 [    INFO] [no key 0.00220s] {} (base.py:1842)
2025-06-17 11:28:41 [   DEBUG] Query eseguita in 0.01 secondi: CREATE TYPE maintenancestatus AS ENUM ('PENDING', 'COMPLETED', 'FAILED') (session.py:30)
2025-06-17 11:28:41 [    INFO] 
CREATE TABLE "user" (
	id SERIAL NOT NULL, 
	email VARCHAR NOT NULL, 
	username VARCHAR NOT NULL, 
	hashed_password VARCHAR NOT NULL, 
	is_active BOOLEAN NOT NULL, 
	is_superuser BOOLEAN NOT NULL, 
	is_verified BOOLEAN NOT NULL, 
	created_at TIMESTAMP WITHOUT TIME ZONE NOT NULL, 
	updated_at TIMESTAMP WITHOUT TIME ZONE NOT NULL, 
	last_login TIMESTAMP WITH TIME ZONE, 
	full_name VARCHAR(255), 
	phone_number VARCHAR(20), 
	PRIMARY KEY (id)
)

 (base.py:1842)
2025-06-17 11:28:41 [    INFO] [no key 0.00177s] {} (base.py:1842)
2025-06-17 11:28:41 [   DEBUG] Query eseguita in 0.04 secondi: 
CREATE TABLE "user" (
	id SERIAL NOT NULL, 
	email VARCHAR NOT NULL, 
	username VARCHAR NOT NULL, 
	hashed_password VARCHAR NOT NULL, 
	is_active BOOLEAN NOT NULL, 
	is_superuser BOOLEAN NOT NULL, 
	is_verified BOOLEAN NOT NULL, 
	created_at TIMESTAMP WITHOUT TIME ZONE NOT NULL, 
	updated_at TIMESTAMP WITHOUT TIME ZONE NOT NULL, 
	last_login TIMESTAMP WITH TIME ZONE, 
	full_name VARCHAR(255), 
	phone_number VARCHAR(20), 
	PRIMARY KEY (id)
)

 (session.py:30)
2025-06-17 11:28:41 [    INFO] CREATE UNIQUE INDEX ix_user_email ON "user" (email) (base.py:1842)
2025-06-17 11:28:41 [    INFO] [no key 0.00298s] {} (base.py:1842)
2025-06-17 11:28:41 [   DEBUG] Query eseguita in 0.01 secondi: CREATE UNIQUE INDEX ix_user_email ON "user" (email) (session.py:30)
2025-06-17 11:28:41 [    INFO] CREATE UNIQUE INDEX ix_user_username ON "user" (username) (base.py:1842)
2025-06-17 11:28:41 [    INFO] [no key 0.00364s] {} (base.py:1842)
2025-06-17 11:28:41 [   DEBUG] Query eseguita in 0.01 secondi: CREATE UNIQUE INDEX ix_user_username ON "user" (username) (session.py:30)
2025-06-17 11:28:41 [    INFO] 
CREATE TABLE houses (
	id SERIAL NOT NULL, 
	name VARCHAR NOT NULL, 
	address VARCHAR NOT NULL, 
	owner_id INTEGER NOT NULL, 
	created_at TIMESTAMP WITHOUT TIME ZONE NOT NULL, 
	updated_at TIMESTAMP WITHOUT TIME ZONE NOT NULL, 
	PRIMARY KEY (id), 
	FOREIGN KEY(owner_id) REFERENCES "user" (id)
)

 (base.py:1842)
2025-06-17 11:28:41 [    INFO] [no key 0.00207s] {} (base.py:1842)
2025-06-17 11:28:41 [   DEBUG] Query eseguita in 0.04 secondi: 
CREATE TABLE houses (
	id SERIAL NOT NULL, 
	name VARCHAR NOT NULL, 
	address VARCHAR NOT NULL, 
	owner_id INTEGER NOT NULL, 
	created_at TIMESTAMP WITHOUT TIME ZONE NOT NULL, 
	updated_at TIMESTAMP WITHOUT TIME ZONE NOT NULL, 
	PRIMARY KEY (id), 
	FOREIGN KEY(owner_id) REFERENCES "user" (id)
)

 (session.py:30)
2025-06-17 11:28:41 [    INFO] CREATE INDEX ix_houses_name ON houses (name) (base.py:1842)
2025-06-17 11:28:41 [    INFO] [no key 0.00083s] {} (base.py:1842)
2025-06-17 11:28:41 [   DEBUG] Query eseguita in 0.01 secondi: CREATE INDEX ix_houses_name ON houses (name) (session.py:30)
2025-06-17 11:28:41 [    INFO] 
CREATE TABLE rooms (
	id SERIAL NOT NULL, 
	name VARCHAR NOT NULL, 
	description VARCHAR, 
	floor INTEGER NOT NULL, 
	area FLOAT NOT NULL, 
	house_id INTEGER NOT NULL, 
	created_at TIMESTAMP WITHOUT TIME ZONE NOT NULL, 
	updated_at TIMESTAMP WITHOUT TIME ZONE NOT NULL, 
	PRIMARY KEY (id), 
	FOREIGN KEY(house_id) REFERENCES houses (id)
)

 (base.py:1842)
2025-06-17 11:28:41 [    INFO] [no key 0.00098s] {} (base.py:1842)
2025-06-17 11:28:41 [   DEBUG] Query eseguita in 0.03 secondi: 
CREATE TABLE rooms (
	id SERIAL NOT NULL, 
	name VARCHAR NOT NULL, 
	description VARCHAR, 
	floor INTEGER NOT NULL, 
	area FLOAT NOT NULL, 
	house_id INTEGER NOT NULL, 
	created_at TIMESTAMP WITHOUT TIME ZONE NOT NULL, 
	updated_at TIMESTAMP WITHOUT TIME ZONE NOT NULL, 
	PRIMARY KEY (id), 
	FOREIGN KEY(house_id) REFERENCES houses (id)
)

 (session.py:30)
2025-06-17 11:28:41 [    INFO] CREATE INDEX ix_rooms_name ON rooms (name) (base.py:1842)
2025-06-17 11:28:41 [    INFO] [no key 0.00078s] {} (base.py:1842)
2025-06-17 11:28:41 [   DEBUG] Query eseguita in 0.01 secondi: CREATE INDEX ix_rooms_name ON rooms (name) (session.py:30)
2025-06-17 11:28:41 [    INFO] 
CREATE TABLE nodes (
	id SERIAL NOT NULL, 
	name VARCHAR NOT NULL, 
	description VARCHAR, 
	nfc_id VARCHAR NOT NULL, 
	house_id INTEGER NOT NULL, 
	room_id INTEGER, 
	PRIMARY KEY (id), 
	FOREIGN KEY(house_id) REFERENCES houses (id), 
	FOREIGN KEY(room_id) REFERENCES rooms (id)
)

 (base.py:1842)
2025-06-17 11:28:41 [    INFO] [no key 0.00078s] {} (base.py:1842)
2025-06-17 11:28:41 [   DEBUG] Query eseguita in 0.03 secondi: 
CREATE TABLE nodes (
	id SERIAL NOT NULL, 
	name VARCHAR NOT NULL, 
	description VARCHAR, 
	nfc_id VARCHAR NOT NULL, 
	house_id INTEGER NOT NULL, 
	room_id INTEGER, 
	PRIMARY KEY (id), 
	FOREIGN KEY(house_id) REFERENCES houses (id), 
	FOREIGN KEY(room_id) REFERENCES rooms (id)
)

 (session.py:30)
2025-06-17 11:28:41 [    INFO] CREATE UNIQUE INDEX ix_nodes_nfc_id ON nodes (nfc_id) (base.py:1842)
2025-06-17 11:28:41 [    INFO] [no key 0.00055s] {} (base.py:1842)
2025-06-17 11:28:41 [   DEBUG] Query eseguita in 0.01 secondi: CREATE UNIQUE INDEX ix_nodes_nfc_id ON nodes (nfc_id) (session.py:30)
2025-06-17 11:28:41 [    INFO] 
CREATE TABLE bookings (
	id SERIAL NOT NULL, 
	room_id INTEGER NOT NULL, 
	user_id INTEGER NOT NULL, 
	start_time TIMESTAMP WITHOUT TIME ZONE NOT NULL, 
	end_time TIMESTAMP WITHOUT TIME ZONE NOT NULL, 
	status VARCHAR NOT NULL, 
	notes VARCHAR, 
	created_at TIMESTAMP WITHOUT TIME ZONE NOT NULL, 
	updated_at TIMESTAMP WITHOUT TIME ZONE NOT NULL, 
	PRIMARY KEY (id), 
	FOREIGN KEY(room_id) REFERENCES rooms (id), 
	FOREIGN KEY(user_id) REFERENCES "user" (id)
)

 (base.py:1842)
2025-06-17 11:28:41 [    INFO] [no key 0.00094s] {} (base.py:1842)
2025-06-17 11:28:41 [   DEBUG] Query eseguita in 0.03 secondi: 
CREATE TABLE bookings (
	id SERIAL NOT NULL, 
	room_id INTEGER NOT NULL, 
	user_id INTEGER NOT NULL, 
	start_time TIMESTAMP WITHOUT TIME ZONE NOT NULL, 
	end_time TIMESTAMP WITHOUT TIME ZONE NOT NULL, 
	status VARCHAR NOT NULL, 
	notes VARCHAR, 
	created_at TIMESTAMP WITHOUT TIME ZONE NOT NULL, 
	updated_at TIMESTAMP WITHOUT TIME ZONE NOT NULL, 
	PRIMARY KEY (id), 
	FOREIGN KEY(room_id) REFERENCES rooms (id), 
	FOREIGN KEY(user_id) REFERENCES "user" (id)
)

 (session.py:30)
2025-06-17 11:28:41 [    INFO] 
CREATE TABLE documents (
	id SERIAL NOT NULL, 
	created_at TIMESTAMP WITHOUT TIME ZONE NOT NULL, 
	updated_at TIMESTAMP WITHOUT TIME ZONE NOT NULL, 
	owner_id INTEGER NOT NULL, 
	name VARCHAR NOT NULL, 
	type VARCHAR NOT NULL, 
	size INTEGER NOT NULL, 
	upload_date TIMESTAMP WITHOUT TIME ZONE NOT NULL, 
	path VARCHAR NOT NULL, 
	checksum VARCHAR NOT NULL, 
	house_id INTEGER, 
	node_id INTEGER, 
	description VARCHAR, 
	PRIMARY KEY (id), 
	FOREIGN KEY(owner_id) REFERENCES "user" (id), 
	FOREIGN KEY(house_id) REFERENCES houses (id), 
	FOREIGN KEY(node_id) REFERENCES nodes (id)
)

 (base.py:1842)
2025-06-17 11:28:41 [    INFO] [no key 0.00166s] {} (base.py:1842)
2025-06-17 11:28:41 [   DEBUG] Query eseguita in 0.04 secondi: 
CREATE TABLE documents (
	id SERIAL NOT NULL, 
	created_at TIMESTAMP WITHOUT TIME ZONE NOT NULL, 
	updated_at TIMESTAMP WITHOUT TIME ZONE NOT NULL, 
	owner_id INTEGER NOT NULL, 
	name VARCHAR NOT NULL, 
	type VARCHAR NOT NULL, 
	size INTEGER NOT NULL, 
	upload_date TIMESTAMP WITHOUT TIME ZONE NOT NULL, 
	path VARCHAR NOT NULL, 
	checksum VARCHAR NOT NULL, 
	house_id INTEGER, 
	node_id INTEGER, 
	description VARCHAR, 
	PRIMARY KEY (id), 
	FOREIGN KEY(owner_id) REFERENCES "user" (id), 
	FOREIGN KEY(house_id) REFERENCES houses (id), 
	FOREIGN KEY(node_id) REFERENCES nodes (id)
)

 (session.py:30)
2025-06-17 11:28:41 [    INFO] CREATE INDEX ix_documents_owner_id ON documents (owner_id) (base.py:1842)
2025-06-17 11:28:41 [    INFO] [no key 0.00108s] {} (base.py:1842)
2025-06-17 11:28:41 [   DEBUG] Query eseguita in 0.01 secondi: CREATE INDEX ix_documents_owner_id ON documents (owner_id) (session.py:30)
2025-06-17 11:28:41 [    INFO] 
CREATE TABLE document_versions (
	id SERIAL NOT NULL, 
	version_number INTEGER NOT NULL, 
	file_path VARCHAR NOT NULL, 
	file_size INTEGER NOT NULL, 
	checksum VARCHAR NOT NULL, 
	created_at TIMESTAMP WITHOUT TIME ZONE NOT NULL, 
	updated_at TIMESTAMP WITHOUT TIME ZONE NOT NULL, 
	document_id INTEGER NOT NULL, 
	created_by_id INTEGER, 
	PRIMARY KEY (id), 
	FOREIGN KEY(document_id) REFERENCES documents (id), 
	FOREIGN KEY(created_by_id) REFERENCES "user" (id)
)

 (base.py:1842)
2025-06-17 11:28:41 [    INFO] [no key 0.00080s] {} (base.py:1842)
2025-06-17 11:28:41 [   DEBUG] Query eseguita in 0.04 secondi: 
CREATE TABLE document_versions (
	id SERIAL NOT NULL, 
	version_number INTEGER NOT NULL, 
	file_path VARCHAR NOT NULL, 
	file_size INTEGER NOT NULL, 
	checksum VARCHAR NOT NULL, 
	created_at TIMESTAMP WITHOUT TIME ZONE NOT NULL, 
	updated_at TIMESTAMP WITHOUT TIME ZONE NOT NULL, 
	document_id INTEGER NOT NULL, 
	created_by_id INTEGER, 
	PRIMARY KEY (id), 
	FOREIGN KEY(document_id) REFERENCES documents (id), 
	FOREIGN KEY(created_by_id) REFERENCES "user" (id)
)

 (session.py:30)
2025-06-17 11:28:41 [    INFO] CREATE INDEX ix_document_versions_version_number ON document_versions (version_number) (base.py:1842)
2025-06-17 11:28:41 [    INFO] [no key 0.00150s] {} (base.py:1842)
2025-06-17 11:28:41 [   DEBUG] Query eseguita in 0.01 secondi: CREATE INDEX ix_document_versions_version_number ON document_versions (version_number) (session.py:30)
2025-06-17 11:28:41 [    INFO] CREATE INDEX ix_document_versions_created_by_id ON document_versions (created_by_id) (base.py:1842)
2025-06-17 11:28:41 [    INFO] [no key 0.00151s] {} (base.py:1842)
2025-06-17 11:28:41 [   DEBUG] Query eseguita in 0.01 secondi: CREATE INDEX ix_document_versions_created_by_id ON document_versions (created_by_id) (session.py:30)
2025-06-17 11:28:41 [    INFO] CREATE INDEX ix_document_versions_document_id ON document_versions (document_id) (base.py:1842)
2025-06-17 11:28:41 [    INFO] [no key 0.00064s] {} (base.py:1842)
2025-06-17 11:28:41 [   DEBUG] Query eseguita in 0.01 secondi: CREATE INDEX ix_document_versions_document_id ON document_versions (document_id) (session.py:30)
2025-06-17 11:28:41 [    INFO] 
CREATE TABLE maintenance_records (
	id SERIAL NOT NULL, 
	node_id INTEGER NOT NULL, 
	timestamp TIMESTAMP WITHOUT TIME ZONE NOT NULL, 
	maintenance_type maintenancetype NOT NULL, 
	description VARCHAR NOT NULL, 
	status maintenancestatus NOT NULL, 
	notes VARCHAR, 
	document_id INTEGER, 
	PRIMARY KEY (id), 
	FOREIGN KEY(node_id) REFERENCES nodes (id), 
	FOREIGN KEY(document_id) REFERENCES documents (id)
)

 (base.py:1842)
2025-06-17 11:28:41 [    INFO] [no key 0.00085s] {} (base.py:1842)
2025-06-17 11:28:41 [   DEBUG] Query eseguita in 0.04 secondi: 
CREATE TABLE maintenance_records (
	id SERIAL NOT NULL, 
	node_id INTEGER NOT NULL, 
	timestamp TIMESTAMP WITHOUT TIME ZONE NOT NULL, 
	maintenance_type maintenancetype NOT NULL, 
	description VARCHAR NOT NULL, 
	status maintenancestatus NOT NULL, 
	notes VARCHAR, 
	document_id INTEGER, 
	PRIMARY KEY (id), 
	FOREIGN KEY(node_id) REFERENCES nodes (id), 
	FOREIGN KEY(document_id) REFERENCES documents (id)
)

 (session.py:30)
2025-06-17 11:28:42 [    INFO] CREATE INDEX ix_maintenance_records_node_id ON maintenance_records (node_id) (base.py:1842)
2025-06-17 11:28:42 [    INFO] [no key 0.00172s] {} (base.py:1842)
2025-06-17 11:28:42 [   DEBUG] Query eseguita in 0.01 secondi: CREATE INDEX ix_maintenance_records_node_id ON maintenance_records (node_id) (session.py:30)
2025-06-17 11:28:42 [    INFO] COMMIT (base.py:2704)
2025-06-17 11:28:42 [   DEBUG] Test database tables created successfully (test_users.py:52)
2025-06-17 11:28:42 [   DEBUG] Test database session created successfully (test_users.py:55)
2025-06-17 11:28:42 [   DEBUG] Overriding get_session for tests... (conftest.py:269)
2025-06-17 11:28:42 [   DEBUG] Setting up FakeRedis for tests... (conftest_redis.py:18)
2025-06-17 11:28:42 [   DEBUG] Connessione Redis stabilita con successo (redis.py:24)
2025-06-17 11:28:43 [    INFO] BEGIN (implicit) (base.py:2698)
2025-06-17 11:28:43 [    INFO] INSERT INTO "user" (email, username, hashed_password, is_active, is_superuser, is_verified, created_at, updated_at, last_login, full_name, phone_number) VALUES (%(email)s, %(username)s, %(hashed_password)s, %(is_active)s, %(is_superuser)s, %(is_verified)s, %(created_at)s, %(updated_at)s, %(last_login)s, %(full_name)s, %(phone_number)s) RETURNING "user".id (base.py:1842)
2025-06-17 11:28:43 [    INFO] [generated in 0.00150s] {'email': 'existing@example.com', 'username': 'existinguser', 'hashed_password': '$2b$12$Nggmf9jupUVXIFAb9DFhQunjflwjFGGT3VW9naKZDLEsifDx7NOJq', 'is_active': True, 'is_superuser': False, 'is_verified': False, 'created_at': datetime.datetime(2025, 6, 17, 9, 28, 43, 312940, tzinfo=datetime.timezone.utc), 'updated_at': datetime.datetime(2025, 6, 17, 9, 28, 43, 312992, tzinfo=datetime.timezone.utc), 'last_login': None, 'full_name': None, 'phone_number': None} (base.py:1842)
2025-06-17 11:28:43 [   DEBUG] Query eseguita in 0.02 secondi: INSERT INTO "user" (email, username, hashed_password, is_active, is_superuser, is_verified, created_at, updated_at, last_login, full_name, phone_number) VALUES (%(email)s, %(username)s, %(hashed_password)s, %(is_active)s, %(is_superuser)s, %(is_verified)s, %(created_at)s, %(updated_at)s, %(last_login)s, %(full_name)s, %(phone_number)s) RETURNING "user".id (session.py:30)
2025-06-17 11:28:43 [    INFO] COMMIT (base.py:2704)
2025-06-17 11:28:43 [    INFO] BEGIN (implicit) (base.py:2698)
2025-06-17 11:28:43 [    INFO] SELECT "user".id, "user".email, "user".username, "user".hashed_password, "user".is_active, "user".is_superuser, "user".is_verified, "user".created_at, "user".updated_at, "user".last_login, "user".full_name, "user".phone_number 
FROM "user" 
WHERE "user".id = %(pk_1)s (base.py:1842)
2025-06-17 11:28:43 [    INFO] [generated in 0.00408s] {'pk_1': 1} (base.py:1842)
2025-06-17 11:28:43 [   DEBUG] Query eseguita in 0.01 secondi: SELECT "user".id, "user".email, "user".username, "user".hashed_password, "user".is_active, "user".is_superuser, "user".is_verified, "user".created_at, "user".updated_at, "user".last_login, "user".full_name, "user".phone_number 
FROM "user" 
WHERE "user".id = %(pk_1)s (session.py:30)
-------------------------------- live log call --------------------------------
2025-06-17 11:28:43 [   DEBUG] Using proactor: IocpProactor (proactor_events.py:631)
2025-06-17 11:28:43 [    INFO] SELECT "user".id AS user_id, "user".email AS user_email, "user".username AS user_username, "user".hashed_password AS user_hashed_password, "user".is_active AS user_is_active, "user".is_superuser AS user_is_superuser, "user".is_verified AS user_is_verified, "user".created_at AS user_created_at, "user".updated_at AS user_updated_at, "user".last_login AS user_last_login, "user".full_name AS user_full_name, "user".phone_number AS user_phone_number 
FROM "user" 
WHERE "user".email = %(email_1)s 
 LIMIT %(param_1)s (base.py:1842)
2025-06-17 11:28:43 [    INFO] [generated in 0.00660s] {'email_1': 'shawjeremy@example.net', 'param_1': 1} (base.py:1842)
2025-06-17 11:28:43 [   DEBUG] Query eseguita in 0.01 secondi: SELECT "user".id AS user_id, "user".email AS user_email, "user".username AS user_username, "user".hashed_password AS user_hashed_password, "user".is_active AS user_is_active, "user".is_superuser AS user_is_superuser, "user".is_verified AS user_is_verified, "user".created_at AS user_created_at, "user".updated_at AS user_updated_at, "user".last_login AS user_last_login, "user".full_name AS user_full_name, "user".phone_number AS user_phone_number 
FROM "user" 
WHERE "user".email = %(email_1)s 
 LIMIT %(param_1)s (session.py:30)
2025-06-17 11:28:44 [    INFO] INSERT INTO "user" (email, username, hashed_password, is_active, is_superuser, is_verified, created_at, updated_at, last_login, full_name, phone_number) VALUES (%(email)s, %(username)s, %(hashed_password)s, %(is_active)s, %(is_superuser)s, %(is_verified)s, %(created_at)s, %(updated_at)s, %(last_login)s, %(full_name)s, %(phone_number)s) RETURNING "user".id (base.py:1842)
2025-06-17 11:28:44 [    INFO] [cached since 1.575s ago] {'email': 'shawjeremy@example.net', 'username': 'existinguser', 'hashed_password': '$2b$12$GEiOWY3UKDfyP5XUXFCeq.5VVO2k85RQkcQbrB1nQ2XkJ5ROJtIUO', 'is_active': True, 'is_superuser': False, 'is_verified': False, 'created_at': datetime.datetime(2025, 6, 17, 9, 28, 44, 896368, tzinfo=datetime.timezone.utc), 'updated_at': datetime.datetime(2025, 6, 17, 9, 28, 44, 896441, tzinfo=datetime.timezone.utc), 'last_login': None, 'full_name': 'James Jordan', 'phone_number': None} (base.py:1842)
2025-06-17 11:28:44 [    INFO] ROLLBACK (base.py:2701)
FAILED                                                                   [ 81%]
------------------------------ live log teardown ------------------------------
2025-06-17 11:29:01 [   DEBUG] Restored original Redis client (conftest_redis.py:29)
2025-06-17 11:29:01 [   DEBUG] get_session override cleared (conftest.py:275)
2025-06-17 11:29:01 [   DEBUG] Cleaning up test database session... (test_users.py:57)
2025-06-17 11:29:01 [    INFO] BEGIN (implicit) (base.py:2698)
2025-06-17 11:29:01 [    INFO] DROP SCHEMA public CASCADE (base.py:1842)
2025-06-17 11:29:01 [    INFO] [generated in 0.01496s] {} (base.py:1842)
2025-06-17 11:29:01 [   DEBUG] Query eseguita in 0.15 secondi: DROP SCHEMA public CASCADE (session.py:30)
2025-06-17 11:29:01 [    INFO] CREATE SCHEMA public (base.py:1842)
2025-06-17 11:29:01 [    INFO] [generated in 0.00497s] {} (base.py:1842)
2025-06-17 11:29:01 [   DEBUG] Query eseguita in 0.01 secondi: CREATE SCHEMA public (session.py:30)
2025-06-17 11:29:01 [    INFO] COMMIT (base.py:2704)
2025-06-17 11:29:01 [   DEBUG] Test database cleanup completed (test_users.py:63)
2025-06-17 11:29:01 [   DEBUG] Session fixture completed in 20.92 seconds (test_users.py:68)

tests/api/test_users.py::test_create_user_duplicate_email 
------------------------------- live log setup --------------------------------
2025-06-17 11:29:01 [   DEBUG] Setting up test database session... (test_users.py:38)
2025-06-17 11:29:02 [    INFO] select pg_catalog.version() (base.py:1842)
2025-06-17 11:29:02 [    INFO] [raw sql] {} (base.py:1842)
2025-06-17 11:29:02 [    INFO] select current_schema() (base.py:1842)
2025-06-17 11:29:02 [    INFO] [raw sql] {} (base.py:1842)
2025-06-17 11:29:02 [    INFO] show standard_conforming_strings (base.py:1842)
2025-06-17 11:29:02 [    INFO] [raw sql] {} (base.py:1842)
2025-06-17 11:29:02 [    INFO] BEGIN (implicit) (base.py:2698)
2025-06-17 11:29:02 [    INFO] SELECT pg_catalog.pg_class.relname 
FROM pg_catalog.pg_class JOIN pg_catalog.pg_namespace ON pg_catalog.pg_namespace.oid = pg_catalog.pg_class.relnamespace 
WHERE pg_catalog.pg_class.relname = %(table_name)s AND pg_catalog.pg_class.relkind = ANY (ARRAY[%(param_1)s, %(param_2)s, %(param_3)s, %(param_4)s, %(param_5)s]) AND pg_catalog.pg_table_is_visible(pg_catalog.pg_class.oid) AND pg_catalog.pg_namespace.nspname != %(nspname_1)s (base.py:1842)
2025-06-17 11:29:02 [    INFO] [generated in 0.00465s] {'table_name': 'user', 'param_1': 'r', 'param_2': 'p', 'param_3': 'f', 'param_4': 'v', 'param_5': 'm', 'nspname_1': 'pg_catalog'} (base.py:1842)
2025-06-17 11:29:02 [   DEBUG] Query eseguita in 0.01 secondi: SELECT pg_catalog.pg_class.relname 
FROM pg_catalog.pg_class JOIN pg_catalog.pg_namespace ON pg_catalog.pg_namespace.oid = pg_catalog.pg_class.relnamespace 
WHERE pg_catalog.pg_class.relname = %(table_name)s AND pg_catalog.pg_class.relkind = ANY (ARRAY[%(param_1)s, %(param_2)s, %(param_3)s, %(param_4)s, %(param_5)s]) AND pg_catalog.pg_table_is_visible(pg_catalog.pg_class.oid) AND pg_catalog.pg_namespace.nspname != %(nspname_1)s (session.py:30)
2025-06-17 11:29:02 [    INFO] SELECT pg_catalog.pg_class.relname 
FROM pg_catalog.pg_class JOIN pg_catalog.pg_namespace ON pg_catalog.pg_namespace.oid = pg_catalog.pg_class.relnamespace 
WHERE pg_catalog.pg_class.relname = %(table_name)s AND pg_catalog.pg_class.relkind = ANY (ARRAY[%(param_1)s, %(param_2)s, %(param_3)s, %(param_4)s, %(param_5)s]) AND pg_catalog.pg_table_is_visible(pg_catalog.pg_class.oid) AND pg_catalog.pg_namespace.nspname != %(nspname_1)s (base.py:1842)
2025-06-17 11:29:03 [    INFO] [cached since 0.02159s ago] {'table_name': 'documents', 'param_1': 'r', 'param_2': 'p', 'param_3': 'f', 'param_4': 'v', 'param_5': 'm', 'nspname_1': 'pg_catalog'} (base.py:1842)
2025-06-17 11:29:03 [   DEBUG] Query eseguita in 0.01 secondi: SELECT pg_catalog.pg_class.relname 
FROM pg_catalog.pg_class JOIN pg_catalog.pg_namespace ON pg_catalog.pg_namespace.oid = pg_catalog.pg_class.relnamespace 
WHERE pg_catalog.pg_class.relname = %(table_name)s AND pg_catalog.pg_class.relkind = ANY (ARRAY[%(param_1)s, %(param_2)s, %(param_3)s, %(param_4)s, %(param_5)s]) AND pg_catalog.pg_table_is_visible(pg_catalog.pg_class.oid) AND pg_catalog.pg_namespace.nspname != %(nspname_1)s (session.py:30)
2025-06-17 11:29:03 [    INFO] SELECT pg_catalog.pg_class.relname 
FROM pg_catalog.pg_class JOIN pg_catalog.pg_namespace ON pg_catalog.pg_namespace.oid = pg_catalog.pg_class.relnamespace 
WHERE pg_catalog.pg_class.relname = %(table_name)s AND pg_catalog.pg_class.relkind = ANY (ARRAY[%(param_1)s, %(param_2)s, %(param_3)s, %(param_4)s, %(param_5)s]) AND pg_catalog.pg_table_is_visible(pg_catalog.pg_class.oid) AND pg_catalog.pg_namespace.nspname != %(nspname_1)s (base.py:1842)
2025-06-17 11:29:03 [    INFO] [cached since 0.02961s ago] {'table_name': 'document_versions', 'param_1': 'r', 'param_2': 'p', 'param_3': 'f', 'param_4': 'v', 'param_5': 'm', 'nspname_1': 'pg_catalog'} (base.py:1842)
2025-06-17 11:29:03 [   DEBUG] Query eseguita in 0.01 secondi: SELECT pg_catalog.pg_class.relname 
FROM pg_catalog.pg_class JOIN pg_catalog.pg_namespace ON pg_catalog.pg_namespace.oid = pg_catalog.pg_class.relnamespace 
WHERE pg_catalog.pg_class.relname = %(table_name)s AND pg_catalog.pg_class.relkind = ANY (ARRAY[%(param_1)s, %(param_2)s, %(param_3)s, %(param_4)s, %(param_5)s]) AND pg_catalog.pg_table_is_visible(pg_catalog.pg_class.oid) AND pg_catalog.pg_namespace.nspname != %(nspname_1)s (session.py:30)
2025-06-17 11:29:03 [    INFO] SELECT pg_catalog.pg_class.relname 
FROM pg_catalog.pg_class JOIN pg_catalog.pg_namespace ON pg_catalog.pg_namespace.oid = pg_catalog.pg_class.relnamespace 
WHERE pg_catalog.pg_class.relname = %(table_name)s AND pg_catalog.pg_class.relkind = ANY (ARRAY[%(param_1)s, %(param_2)s, %(param_3)s, %(param_4)s, %(param_5)s]) AND pg_catalog.pg_table_is_visible(pg_catalog.pg_class.oid) AND pg_catalog.pg_namespace.nspname != %(nspname_1)s (base.py:1842)
2025-06-17 11:29:03 [    INFO] [cached since 0.03968s ago] {'table_name': 'houses', 'param_1': 'r', 'param_2': 'p', 'param_3': 'f', 'param_4': 'v', 'param_5': 'm', 'nspname_1': 'pg_catalog'} (base.py:1842)
2025-06-17 11:29:03 [   DEBUG] Query eseguita in 0.01 secondi: SELECT pg_catalog.pg_class.relname 
FROM pg_catalog.pg_class JOIN pg_catalog.pg_namespace ON pg_catalog.pg_namespace.oid = pg_catalog.pg_class.relnamespace 
WHERE pg_catalog.pg_class.relname = %(table_name)s AND pg_catalog.pg_class.relkind = ANY (ARRAY[%(param_1)s, %(param_2)s, %(param_3)s, %(param_4)s, %(param_5)s]) AND pg_catalog.pg_table_is_visible(pg_catalog.pg_class.oid) AND pg_catalog.pg_namespace.nspname != %(nspname_1)s (session.py:30)
2025-06-17 11:29:03 [    INFO] SELECT pg_catalog.pg_class.relname 
FROM pg_catalog.pg_class JOIN pg_catalog.pg_namespace ON pg_catalog.pg_namespace.oid = pg_catalog.pg_class.relnamespace 
WHERE pg_catalog.pg_class.relname = %(table_name)s AND pg_catalog.pg_class.relkind = ANY (ARRAY[%(param_1)s, %(param_2)s, %(param_3)s, %(param_4)s, %(param_5)s]) AND pg_catalog.pg_table_is_visible(pg_catalog.pg_class.oid) AND pg_catalog.pg_namespace.nspname != %(nspname_1)s (base.py:1842)
2025-06-17 11:29:03 [    INFO] [cached since 0.0495s ago] {'table_name': 'nodes', 'param_1': 'r', 'param_2': 'p', 'param_3': 'f', 'param_4': 'v', 'param_5': 'm', 'nspname_1': 'pg_catalog'} (base.py:1842)
2025-06-17 11:29:03 [   DEBUG] Query eseguita in 0.01 secondi: SELECT pg_catalog.pg_class.relname 
FROM pg_catalog.pg_class JOIN pg_catalog.pg_namespace ON pg_catalog.pg_namespace.oid = pg_catalog.pg_class.relnamespace 
WHERE pg_catalog.pg_class.relname = %(table_name)s AND pg_catalog.pg_class.relkind = ANY (ARRAY[%(param_1)s, %(param_2)s, %(param_3)s, %(param_4)s, %(param_5)s]) AND pg_catalog.pg_table_is_visible(pg_catalog.pg_class.oid) AND pg_catalog.pg_namespace.nspname != %(nspname_1)s (session.py:30)
2025-06-17 11:29:03 [    INFO] SELECT pg_catalog.pg_class.relname 
FROM pg_catalog.pg_class JOIN pg_catalog.pg_namespace ON pg_catalog.pg_namespace.oid = pg_catalog.pg_class.relnamespace 
WHERE pg_catalog.pg_class.relname = %(table_name)s AND pg_catalog.pg_class.relkind = ANY (ARRAY[%(param_1)s, %(param_2)s, %(param_3)s, %(param_4)s, %(param_5)s]) AND pg_catalog.pg_table_is_visible(pg_catalog.pg_class.oid) AND pg_catalog.pg_namespace.nspname != %(nspname_1)s (base.py:1842)
2025-06-17 11:29:03 [    INFO] [cached since 0.05762s ago] {'table_name': 'rooms', 'param_1': 'r', 'param_2': 'p', 'param_3': 'f', 'param_4': 'v', 'param_5': 'm', 'nspname_1': 'pg_catalog'} (base.py:1842)
2025-06-17 11:29:03 [   DEBUG] Query eseguita in 0.01 secondi: SELECT pg_catalog.pg_class.relname 
FROM pg_catalog.pg_class JOIN pg_catalog.pg_namespace ON pg_catalog.pg_namespace.oid = pg_catalog.pg_class.relnamespace 
WHERE pg_catalog.pg_class.relname = %(table_name)s AND pg_catalog.pg_class.relkind = ANY (ARRAY[%(param_1)s, %(param_2)s, %(param_3)s, %(param_4)s, %(param_5)s]) AND pg_catalog.pg_table_is_visible(pg_catalog.pg_class.oid) AND pg_catalog.pg_namespace.nspname != %(nspname_1)s (session.py:30)
2025-06-17 11:29:03 [    INFO] SELECT pg_catalog.pg_class.relname 
FROM pg_catalog.pg_class JOIN pg_catalog.pg_namespace ON pg_catalog.pg_namespace.oid = pg_catalog.pg_class.relnamespace 
WHERE pg_catalog.pg_class.relname = %(table_name)s AND pg_catalog.pg_class.relkind = ANY (ARRAY[%(param_1)s, %(param_2)s, %(param_3)s, %(param_4)s, %(param_5)s]) AND pg_catalog.pg_table_is_visible(pg_catalog.pg_class.oid) AND pg_catalog.pg_namespace.nspname != %(nspname_1)s (base.py:1842)
2025-06-17 11:29:03 [    INFO] [cached since 0.07039s ago] {'table_name': 'bookings', 'param_1': 'r', 'param_2': 'p', 'param_3': 'f', 'param_4': 'v', 'param_5': 'm', 'nspname_1': 'pg_catalog'} (base.py:1842)
2025-06-17 11:29:03 [   DEBUG] Query eseguita in 0.01 secondi: SELECT pg_catalog.pg_class.relname 
FROM pg_catalog.pg_class JOIN pg_catalog.pg_namespace ON pg_catalog.pg_namespace.oid = pg_catalog.pg_class.relnamespace 
WHERE pg_catalog.pg_class.relname = %(table_name)s AND pg_catalog.pg_class.relkind = ANY (ARRAY[%(param_1)s, %(param_2)s, %(param_3)s, %(param_4)s, %(param_5)s]) AND pg_catalog.pg_table_is_visible(pg_catalog.pg_class.oid) AND pg_catalog.pg_namespace.nspname != %(nspname_1)s (session.py:30)
2025-06-17 11:29:03 [    INFO] SELECT pg_catalog.pg_class.relname 
FROM pg_catalog.pg_class JOIN pg_catalog.pg_namespace ON pg_catalog.pg_namespace.oid = pg_catalog.pg_class.relnamespace 
WHERE pg_catalog.pg_class.relname = %(table_name)s AND pg_catalog.pg_class.relkind = ANY (ARRAY[%(param_1)s, %(param_2)s, %(param_3)s, %(param_4)s, %(param_5)s]) AND pg_catalog.pg_table_is_visible(pg_catalog.pg_class.oid) AND pg_catalog.pg_namespace.nspname != %(nspname_1)s (base.py:1842)
2025-06-17 11:29:03 [    INFO] [cached since 0.07584s ago] {'table_name': 'maintenance_records', 'param_1': 'r', 'param_2': 'p', 'param_3': 'f', 'param_4': 'v', 'param_5': 'm', 'nspname_1': 'pg_catalog'} (base.py:1842)
2025-06-17 11:29:03 [   DEBUG] Query eseguita in 0.01 secondi: SELECT pg_catalog.pg_class.relname 
FROM pg_catalog.pg_class JOIN pg_catalog.pg_namespace ON pg_catalog.pg_namespace.oid = pg_catalog.pg_class.relnamespace 
WHERE pg_catalog.pg_class.relname = %(table_name)s AND pg_catalog.pg_class.relkind = ANY (ARRAY[%(param_1)s, %(param_2)s, %(param_3)s, %(param_4)s, %(param_5)s]) AND pg_catalog.pg_table_is_visible(pg_catalog.pg_class.oid) AND pg_catalog.pg_namespace.nspname != %(nspname_1)s (session.py:30)
2025-06-17 11:29:03 [    INFO] SELECT pg_catalog.pg_type.typname 
FROM pg_catalog.pg_type JOIN pg_catalog.pg_namespace ON pg_catalog.pg_namespace.oid = pg_catalog.pg_type.typnamespace 
WHERE pg_catalog.pg_type.typname = %(typname_1)s AND pg_catalog.pg_type_is_visible(pg_catalog.pg_type.oid) AND pg_catalog.pg_namespace.nspname != %(nspname_1)s (base.py:1842)
2025-06-17 11:29:03 [    INFO] [generated in 0.00337s] {'typname_1': 'maintenancetype', 'nspname_1': 'pg_catalog'} (base.py:1842)
2025-06-17 11:29:03 [   DEBUG] Query eseguita in 0.01 secondi: SELECT pg_catalog.pg_type.typname 
FROM pg_catalog.pg_type JOIN pg_catalog.pg_namespace ON pg_catalog.pg_namespace.oid = pg_catalog.pg_type.typnamespace 
WHERE pg_catalog.pg_type.typname = %(typname_1)s AND pg_catalog.pg_type_is_visible(pg_catalog.pg_type.oid) AND pg_catalog.pg_namespace.nspname != %(nspname_1)s (session.py:30)
2025-06-17 11:29:03 [    INFO] CREATE TYPE maintenancetype AS ENUM ('ROUTINE', 'PREVENTIVE', 'CORRECTIVE', 'EMERGENCY', 'INSPECTION') (base.py:1842)
2025-06-17 11:29:03 [    INFO] [no key 0.00084s] {} (base.py:1842)
2025-06-17 11:29:03 [   DEBUG] Query eseguita in 0.01 secondi: CREATE TYPE maintenancetype AS ENUM ('ROUTINE', 'PREVENTIVE', 'CORRECTIVE', 'EMERGENCY', 'INSPECTION') (session.py:30)
2025-06-17 11:29:03 [    INFO] SELECT pg_catalog.pg_type.typname 
FROM pg_catalog.pg_type JOIN pg_catalog.pg_namespace ON pg_catalog.pg_namespace.oid = pg_catalog.pg_type.typnamespace 
WHERE pg_catalog.pg_type.typname = %(typname_1)s AND pg_catalog.pg_type_is_visible(pg_catalog.pg_type.oid) AND pg_catalog.pg_namespace.nspname != %(nspname_1)s (base.py:1842)
2025-06-17 11:29:03 [    INFO] [cached since 0.03113s ago] {'typname_1': 'maintenancestatus', 'nspname_1': 'pg_catalog'} (base.py:1842)
2025-06-17 11:29:03 [   DEBUG] Query eseguita in 0.00 secondi: SELECT pg_catalog.pg_type.typname 
FROM pg_catalog.pg_type JOIN pg_catalog.pg_namespace ON pg_catalog.pg_namespace.oid = pg_catalog.pg_type.typnamespace 
WHERE pg_catalog.pg_type.typname = %(typname_1)s AND pg_catalog.pg_type_is_visible(pg_catalog.pg_type.oid) AND pg_catalog.pg_namespace.nspname != %(nspname_1)s (session.py:30)
2025-06-17 11:29:03 [    INFO] CREATE TYPE maintenancestatus AS ENUM ('PENDING', 'COMPLETED', 'FAILED') (base.py:1842)
2025-06-17 11:29:03 [    INFO] [no key 0.00252s] {} (base.py:1842)
2025-06-17 11:29:03 [   DEBUG] Query eseguita in 0.01 secondi: CREATE TYPE maintenancestatus AS ENUM ('PENDING', 'COMPLETED', 'FAILED') (session.py:30)
2025-06-17 11:29:03 [    INFO] 
CREATE TABLE "user" (
	id SERIAL NOT NULL, 
	email VARCHAR NOT NULL, 
	username VARCHAR NOT NULL, 
	hashed_password VARCHAR NOT NULL, 
	is_active BOOLEAN NOT NULL, 
	is_superuser BOOLEAN NOT NULL, 
	is_verified BOOLEAN NOT NULL, 
	created_at TIMESTAMP WITHOUT TIME ZONE NOT NULL, 
	updated_at TIMESTAMP WITHOUT TIME ZONE NOT NULL, 
	last_login TIMESTAMP WITH TIME ZONE, 
	full_name VARCHAR(255), 
	phone_number VARCHAR(20), 
	PRIMARY KEY (id)
)

 (base.py:1842)
2025-06-17 11:29:03 [    INFO] [no key 0.00089s] {} (base.py:1842)
2025-06-17 11:29:03 [   DEBUG] Query eseguita in 0.04 secondi: 
CREATE TABLE "user" (
	id SERIAL NOT NULL, 
	email VARCHAR NOT NULL, 
	username VARCHAR NOT NULL, 
	hashed_password VARCHAR NOT NULL, 
	is_active BOOLEAN NOT NULL, 
	is_superuser BOOLEAN NOT NULL, 
	is_verified BOOLEAN NOT NULL, 
	created_at TIMESTAMP WITHOUT TIME ZONE NOT NULL, 
	updated_at TIMESTAMP WITHOUT TIME ZONE NOT NULL, 
	last_login TIMESTAMP WITH TIME ZONE, 
	full_name VARCHAR(255), 
	phone_number VARCHAR(20), 
	PRIMARY KEY (id)
)

 (session.py:30)
2025-06-17 11:29:03 [    INFO] CREATE UNIQUE INDEX ix_user_email ON "user" (email) (base.py:1842)
2025-06-17 11:29:03 [    INFO] [no key 0.00184s] {} (base.py:1842)
2025-06-17 11:29:03 [   DEBUG] Query eseguita in 0.01 secondi: CREATE UNIQUE INDEX ix_user_email ON "user" (email) (session.py:30)
2025-06-17 11:29:03 [    INFO] CREATE UNIQUE INDEX ix_user_username ON "user" (username) (base.py:1842)
2025-06-17 11:29:03 [    INFO] [no key 0.00148s] {} (base.py:1842)
2025-06-17 11:29:03 [   DEBUG] Query eseguita in 0.01 secondi: CREATE UNIQUE INDEX ix_user_username ON "user" (username) (session.py:30)
2025-06-17 11:29:03 [    INFO] 
CREATE TABLE houses (
	id SERIAL NOT NULL, 
	name VARCHAR NOT NULL, 
	address VARCHAR NOT NULL, 
	owner_id INTEGER NOT NULL, 
	created_at TIMESTAMP WITHOUT TIME ZONE NOT NULL, 
	updated_at TIMESTAMP WITHOUT TIME ZONE NOT NULL, 
	PRIMARY KEY (id), 
	FOREIGN KEY(owner_id) REFERENCES "user" (id)
)

 (base.py:1842)
2025-06-17 11:29:03 [    INFO] [no key 0.00155s] {} (base.py:1842)
2025-06-17 11:29:03 [   DEBUG] Query eseguita in 0.04 secondi: 
CREATE TABLE houses (
	id SERIAL NOT NULL, 
	name VARCHAR NOT NULL, 
	address VARCHAR NOT NULL, 
	owner_id INTEGER NOT NULL, 
	created_at TIMESTAMP WITHOUT TIME ZONE NOT NULL, 
	updated_at TIMESTAMP WITHOUT TIME ZONE NOT NULL, 
	PRIMARY KEY (id), 
	FOREIGN KEY(owner_id) REFERENCES "user" (id)
)

 (session.py:30)
2025-06-17 11:29:03 [    INFO] CREATE INDEX ix_houses_name ON houses (name) (base.py:1842)
2025-06-17 11:29:03 [    INFO] [no key 0.00066s] {} (base.py:1842)
2025-06-17 11:29:03 [   DEBUG] Query eseguita in 0.01 secondi: CREATE INDEX ix_houses_name ON houses (name) (session.py:30)
2025-06-17 11:29:03 [    INFO] 
CREATE TABLE rooms (
	id SERIAL NOT NULL, 
	name VARCHAR NOT NULL, 
	description VARCHAR, 
	floor INTEGER NOT NULL, 
	area FLOAT NOT NULL, 
	house_id INTEGER NOT NULL, 
	created_at TIMESTAMP WITHOUT TIME ZONE NOT NULL, 
	updated_at TIMESTAMP WITHOUT TIME ZONE NOT NULL, 
	PRIMARY KEY (id), 
	FOREIGN KEY(house_id) REFERENCES houses (id)
)

 (base.py:1842)
2025-06-17 11:29:03 [    INFO] [no key 0.00086s] {} (base.py:1842)
2025-06-17 11:29:03 [   DEBUG] Query eseguita in 0.04 secondi: 
CREATE TABLE rooms (
	id SERIAL NOT NULL, 
	name VARCHAR NOT NULL, 
	description VARCHAR, 
	floor INTEGER NOT NULL, 
	area FLOAT NOT NULL, 
	house_id INTEGER NOT NULL, 
	created_at TIMESTAMP WITHOUT TIME ZONE NOT NULL, 
	updated_at TIMESTAMP WITHOUT TIME ZONE NOT NULL, 
	PRIMARY KEY (id), 
	FOREIGN KEY(house_id) REFERENCES houses (id)
)

 (session.py:30)
2025-06-17 11:29:03 [    INFO] CREATE INDEX ix_rooms_name ON rooms (name) (base.py:1842)
2025-06-17 11:29:03 [    INFO] [no key 0.00169s] {} (base.py:1842)
2025-06-17 11:29:03 [   DEBUG] Query eseguita in 0.01 secondi: CREATE INDEX ix_rooms_name ON rooms (name) (session.py:30)
2025-06-17 11:29:03 [    INFO] 
CREATE TABLE nodes (
	id SERIAL NOT NULL, 
	name VARCHAR NOT NULL, 
	description VARCHAR, 
	nfc_id VARCHAR NOT NULL, 
	house_id INTEGER NOT NULL, 
	room_id INTEGER, 
	PRIMARY KEY (id), 
	FOREIGN KEY(house_id) REFERENCES houses (id), 
	FOREIGN KEY(room_id) REFERENCES rooms (id)
)

 (base.py:1842)
2025-06-17 11:29:03 [    INFO] [no key 0.00146s] {} (base.py:1842)
2025-06-17 11:29:03 [   DEBUG] Query eseguita in 0.03 secondi: 
CREATE TABLE nodes (
	id SERIAL NOT NULL, 
	name VARCHAR NOT NULL, 
	description VARCHAR, 
	nfc_id VARCHAR NOT NULL, 
	house_id INTEGER NOT NULL, 
	room_id INTEGER, 
	PRIMARY KEY (id), 
	FOREIGN KEY(house_id) REFERENCES houses (id), 
	FOREIGN KEY(room_id) REFERENCES rooms (id)
)

 (session.py:30)
2025-06-17 11:29:03 [    INFO] CREATE UNIQUE INDEX ix_nodes_nfc_id ON nodes (nfc_id) (base.py:1842)
2025-06-17 11:29:03 [    INFO] [no key 0.00084s] {} (base.py:1842)
2025-06-17 11:29:03 [   DEBUG] Query eseguita in 0.01 secondi: CREATE UNIQUE INDEX ix_nodes_nfc_id ON nodes (nfc_id) (session.py:30)
2025-06-17 11:29:03 [    INFO] 
CREATE TABLE bookings (
	id SERIAL NOT NULL, 
	room_id INTEGER NOT NULL, 
	user_id INTEGER NOT NULL, 
	start_time TIMESTAMP WITHOUT TIME ZONE NOT NULL, 
	end_time TIMESTAMP WITHOUT TIME ZONE NOT NULL, 
	status VARCHAR NOT NULL, 
	notes VARCHAR, 
	created_at TIMESTAMP WITHOUT TIME ZONE NOT NULL, 
	updated_at TIMESTAMP WITHOUT TIME ZONE NOT NULL, 
	PRIMARY KEY (id), 
	FOREIGN KEY(room_id) REFERENCES rooms (id), 
	FOREIGN KEY(user_id) REFERENCES "user" (id)
)

 (base.py:1842)
2025-06-17 11:29:03 [    INFO] [no key 0.00214s] {} (base.py:1842)
2025-06-17 11:29:03 [   DEBUG] Query eseguita in 0.04 secondi: 
CREATE TABLE bookings (
	id SERIAL NOT NULL, 
	room_id INTEGER NOT NULL, 
	user_id INTEGER NOT NULL, 
	start_time TIMESTAMP WITHOUT TIME ZONE NOT NULL, 
	end_time TIMESTAMP WITHOUT TIME ZONE NOT NULL, 
	status VARCHAR NOT NULL, 
	notes VARCHAR, 
	created_at TIMESTAMP WITHOUT TIME ZONE NOT NULL, 
	updated_at TIMESTAMP WITHOUT TIME ZONE NOT NULL, 
	PRIMARY KEY (id), 
	FOREIGN KEY(room_id) REFERENCES rooms (id), 
	FOREIGN KEY(user_id) REFERENCES "user" (id)
)

 (session.py:30)
2025-06-17 11:29:03 [    INFO] 
CREATE TABLE documents (
	id SERIAL NOT NULL, 
	created_at TIMESTAMP WITHOUT TIME ZONE NOT NULL, 
	updated_at TIMESTAMP WITHOUT TIME ZONE NOT NULL, 
	owner_id INTEGER NOT NULL, 
	name VARCHAR NOT NULL, 
	type VARCHAR NOT NULL, 
	size INTEGER NOT NULL, 
	upload_date TIMESTAMP WITHOUT TIME ZONE NOT NULL, 
	path VARCHAR NOT NULL, 
	checksum VARCHAR NOT NULL, 
	house_id INTEGER, 
	node_id INTEGER, 
	description VARCHAR, 
	PRIMARY KEY (id), 
	FOREIGN KEY(owner_id) REFERENCES "user" (id), 
	FOREIGN KEY(house_id) REFERENCES houses (id), 
	FOREIGN KEY(node_id) REFERENCES nodes (id)
)

 (base.py:1842)
2025-06-17 11:29:03 [    INFO] [no key 0.00132s] {} (base.py:1842)
2025-06-17 11:29:03 [   DEBUG] Query eseguita in 0.05 secondi: 
CREATE TABLE documents (
	id SERIAL NOT NULL, 
	created_at TIMESTAMP WITHOUT TIME ZONE NOT NULL, 
	updated_at TIMESTAMP WITHOUT TIME ZONE NOT NULL, 
	owner_id INTEGER NOT NULL, 
	name VARCHAR NOT NULL, 
	type VARCHAR NOT NULL, 
	size INTEGER NOT NULL, 
	upload_date TIMESTAMP WITHOUT TIME ZONE NOT NULL, 
	path VARCHAR NOT NULL, 
	checksum VARCHAR NOT NULL, 
	house_id INTEGER, 
	node_id INTEGER, 
	description VARCHAR, 
	PRIMARY KEY (id), 
	FOREIGN KEY(owner_id) REFERENCES "user" (id), 
	FOREIGN KEY(house_id) REFERENCES houses (id), 
	FOREIGN KEY(node_id) REFERENCES nodes (id)
)

 (session.py:30)
2025-06-17 11:29:03 [    INFO] CREATE INDEX ix_documents_owner_id ON documents (owner_id) (base.py:1842)
2025-06-17 11:29:03 [    INFO] [no key 0.00072s] {} (base.py:1842)
2025-06-17 11:29:03 [   DEBUG] Query eseguita in 0.01 secondi: CREATE INDEX ix_documents_owner_id ON documents (owner_id) (session.py:30)
2025-06-17 11:29:03 [    INFO] 
CREATE TABLE document_versions (
	id SERIAL NOT NULL, 
	version_number INTEGER NOT NULL, 
	file_path VARCHAR NOT NULL, 
	file_size INTEGER NOT NULL, 
	checksum VARCHAR NOT NULL, 
	created_at TIMESTAMP WITHOUT TIME ZONE NOT NULL, 
	updated_at TIMESTAMP WITHOUT TIME ZONE NOT NULL, 
	document_id INTEGER NOT NULL, 
	created_by_id INTEGER, 
	PRIMARY KEY (id), 
	FOREIGN KEY(document_id) REFERENCES documents (id), 
	FOREIGN KEY(created_by_id) REFERENCES "user" (id)
)

 (base.py:1842)
2025-06-17 11:29:03 [    INFO] [no key 0.00095s] {} (base.py:1842)
2025-06-17 11:29:03 [   DEBUG] Query eseguita in 0.03 secondi: 
CREATE TABLE document_versions (
	id SERIAL NOT NULL, 
	version_number INTEGER NOT NULL, 
	file_path VARCHAR NOT NULL, 
	file_size INTEGER NOT NULL, 
	checksum VARCHAR NOT NULL, 
	created_at TIMESTAMP WITHOUT TIME ZONE NOT NULL, 
	updated_at TIMESTAMP WITHOUT TIME ZONE NOT NULL, 
	document_id INTEGER NOT NULL, 
	created_by_id INTEGER, 
	PRIMARY KEY (id), 
	FOREIGN KEY(document_id) REFERENCES documents (id), 
	FOREIGN KEY(created_by_id) REFERENCES "user" (id)
)

 (session.py:30)
2025-06-17 11:29:03 [    INFO] CREATE INDEX ix_document_versions_version_number ON document_versions (version_number) (base.py:1842)
2025-06-17 11:29:03 [    INFO] [no key 0.00197s] {} (base.py:1842)
2025-06-17 11:29:03 [   DEBUG] Query eseguita in 0.01 secondi: CREATE INDEX ix_document_versions_version_number ON document_versions (version_number) (session.py:30)
2025-06-17 11:29:03 [    INFO] CREATE INDEX ix_document_versions_created_by_id ON document_versions (created_by_id) (base.py:1842)
2025-06-17 11:29:03 [    INFO] [no key 0.00065s] {} (base.py:1842)
2025-06-17 11:29:03 [   DEBUG] Query eseguita in 0.01 secondi: CREATE INDEX ix_document_versions_created_by_id ON document_versions (created_by_id) (session.py:30)
2025-06-17 11:29:03 [    INFO] CREATE INDEX ix_document_versions_document_id ON document_versions (document_id) (base.py:1842)
2025-06-17 11:29:03 [    INFO] [no key 0.00092s] {} (base.py:1842)
2025-06-17 11:29:03 [   DEBUG] Query eseguita in 0.01 secondi: CREATE INDEX ix_document_versions_document_id ON document_versions (document_id) (session.py:30)
2025-06-17 11:29:03 [    INFO] 
CREATE TABLE maintenance_records (
	id SERIAL NOT NULL, 
	node_id INTEGER NOT NULL, 
	timestamp TIMESTAMP WITHOUT TIME ZONE NOT NULL, 
	maintenance_type maintenancetype NOT NULL, 
	description VARCHAR NOT NULL, 
	status maintenancestatus NOT NULL, 
	notes VARCHAR, 
	document_id INTEGER, 
	PRIMARY KEY (id), 
	FOREIGN KEY(node_id) REFERENCES nodes (id), 
	FOREIGN KEY(document_id) REFERENCES documents (id)
)

 (base.py:1842)
2025-06-17 11:29:03 [    INFO] [no key 0.00088s] {} (base.py:1842)
2025-06-17 11:29:03 [   DEBUG] Query eseguita in 0.20 secondi: 
CREATE TABLE maintenance_records (
	id SERIAL NOT NULL, 
	node_id INTEGER NOT NULL, 
	timestamp TIMESTAMP WITHOUT TIME ZONE NOT NULL, 
	maintenance_type maintenancetype NOT NULL, 
	description VARCHAR NOT NULL, 
	status maintenancestatus NOT NULL, 
	notes VARCHAR, 
	document_id INTEGER, 
	PRIMARY KEY (id), 
	FOREIGN KEY(node_id) REFERENCES nodes (id), 
	FOREIGN KEY(document_id) REFERENCES documents (id)
)

 (session.py:30)
2025-06-17 11:29:03 [    INFO] CREATE INDEX ix_maintenance_records_node_id ON maintenance_records (node_id) (base.py:1842)
2025-06-17 11:29:03 [    INFO] [no key 0.00261s] {} (base.py:1842)
2025-06-17 11:29:03 [   DEBUG] Query eseguita in 0.03 secondi: CREATE INDEX ix_maintenance_records_node_id ON maintenance_records (node_id) (session.py:30)
2025-06-17 11:29:03 [    INFO] COMMIT (base.py:2704)
2025-06-17 11:29:03 [   DEBUG] Test database tables created successfully (test_users.py:52)
2025-06-17 11:29:03 [   DEBUG] Test database session created successfully (test_users.py:55)
2025-06-17 11:29:03 [   DEBUG] Overriding get_session for tests... (conftest.py:269)
2025-06-17 11:29:03 [   DEBUG] Setting up FakeRedis for tests... (conftest_redis.py:18)
2025-06-17 11:29:03 [   DEBUG] Connessione Redis stabilita con successo (redis.py:24)
2025-06-17 11:29:05 [    INFO] BEGIN (implicit) (base.py:2698)
2025-06-17 11:29:05 [    INFO] INSERT INTO "user" (email, username, hashed_password, is_active, is_superuser, is_verified, created_at, updated_at, last_login, full_name, phone_number) VALUES (%(email)s, %(username)s, %(hashed_password)s, %(is_active)s, %(is_superuser)s, %(is_verified)s, %(created_at)s, %(updated_at)s, %(last_login)s, %(full_name)s, %(phone_number)s) RETURNING "user".id (base.py:1842)
2025-06-17 11:29:05 [    INFO] [generated in 0.00215s] {'email': 'existing@example.com', 'username': 'existinguser', 'hashed_password': '$2b$12$Eg2V9BHVbXOM8giyPWYlteRsM4gjYrSjWe3I1EWU7Y0a.MKFox05G', 'is_active': True, 'is_superuser': False, 'is_verified': False, 'created_at': datetime.datetime(2025, 6, 17, 9, 29, 5, 278228, tzinfo=datetime.timezone.utc), 'updated_at': datetime.datetime(2025, 6, 17, 9, 29, 5, 278276, tzinfo=datetime.timezone.utc), 'last_login': None, 'full_name': None, 'phone_number': None} (base.py:1842)
2025-06-17 11:29:05 [   DEBUG] Query eseguita in 0.01 secondi: INSERT INTO "user" (email, username, hashed_password, is_active, is_superuser, is_verified, created_at, updated_at, last_login, full_name, phone_number) VALUES (%(email)s, %(username)s, %(hashed_password)s, %(is_active)s, %(is_superuser)s, %(is_verified)s, %(created_at)s, %(updated_at)s, %(last_login)s, %(full_name)s, %(phone_number)s) RETURNING "user".id (session.py:30)
2025-06-17 11:29:05 [    INFO] COMMIT (base.py:2704)
2025-06-17 11:29:05 [    INFO] BEGIN (implicit) (base.py:2698)
2025-06-17 11:29:05 [    INFO] SELECT "user".id, "user".email, "user".username, "user".hashed_password, "user".is_active, "user".is_superuser, "user".is_verified, "user".created_at, "user".updated_at, "user".last_login, "user".full_name, "user".phone_number 
FROM "user" 
WHERE "user".id = %(pk_1)s (base.py:1842)
2025-06-17 11:29:05 [    INFO] [generated in 0.00259s] {'pk_1': 1} (base.py:1842)
2025-06-17 11:29:05 [   DEBUG] Query eseguita in 0.01 secondi: SELECT "user".id, "user".email, "user".username, "user".hashed_password, "user".is_active, "user".is_superuser, "user".is_verified, "user".created_at, "user".updated_at, "user".last_login, "user".full_name, "user".phone_number 
FROM "user" 
WHERE "user".id = %(pk_1)s (session.py:30)
-------------------------------- live log call --------------------------------
2025-06-17 11:29:05 [   DEBUG] Using proactor: IocpProactor (proactor_events.py:631)
2025-06-17 11:29:05 [    INFO] SELECT "user".id AS user_id, "user".email AS user_email, "user".username AS user_username, "user".hashed_password AS user_hashed_password, "user".is_active AS user_is_active, "user".is_superuser AS user_is_superuser, "user".is_verified AS user_is_verified, "user".created_at AS user_created_at, "user".updated_at AS user_updated_at, "user".last_login AS user_last_login, "user".full_name AS user_full_name, "user".phone_number AS user_phone_number 
FROM "user" 
WHERE "user".email = %(email_1)s 
 LIMIT %(param_1)s (base.py:1842)
2025-06-17 11:29:05 [    INFO] [generated in 0.00675s] {'email_1': 'existing@example.com', 'param_1': 1} (base.py:1842)
2025-06-17 11:29:05 [   DEBUG] Query eseguita in 0.01 secondi: SELECT "user".id AS user_id, "user".email AS user_email, "user".username AS user_username, "user".hashed_password AS user_hashed_password, "user".is_active AS user_is_active, "user".is_superuser AS user_is_superuser, "user".is_verified AS user_is_verified, "user".created_at AS user_created_at, "user".updated_at AS user_updated_at, "user".last_login AS user_last_login, "user".full_name AS user_full_name, "user".phone_number AS user_phone_number 
FROM "user" 
WHERE "user".email = %(email_1)s 
 LIMIT %(param_1)s (session.py:30)
2025-06-17 11:29:05 [    INFO] HTTP Request: POST http://testserver/api/v1/auth/register "HTTP/1.1 400 Bad Request" (_client.py:1025)
PASSED                                                                   [ 83%]
------------------------------ live log teardown ------------------------------
2025-06-17 11:29:05 [   DEBUG] Restored original Redis client (conftest_redis.py:29)
2025-06-17 11:29:05 [   DEBUG] get_session override cleared (conftest.py:275)
2025-06-17 11:29:05 [   DEBUG] Cleaning up test database session... (test_users.py:57)
2025-06-17 11:29:05 [    INFO] ROLLBACK (base.py:2701)
2025-06-17 11:29:05 [    INFO] BEGIN (implicit) (base.py:2698)
2025-06-17 11:29:05 [    INFO] DROP SCHEMA public CASCADE (base.py:1842)
2025-06-17 11:29:05 [    INFO] [generated in 0.00347s] {} (base.py:1842)
2025-06-17 11:29:05 [   DEBUG] Query eseguita in 0.12 secondi: DROP SCHEMA public CASCADE (session.py:30)
2025-06-17 11:29:05 [    INFO] CREATE SCHEMA public (base.py:1842)
2025-06-17 11:29:05 [    INFO] [generated in 0.00138s] {} (base.py:1842)
2025-06-17 11:29:05 [   DEBUG] Query eseguita in 0.00 secondi: CREATE SCHEMA public (session.py:30)
2025-06-17 11:29:05 [    INFO] COMMIT (base.py:2704)
2025-06-17 11:29:05 [   DEBUG] Test database cleanup completed (test_users.py:63)
2025-06-17 11:29:05 [   DEBUG] Session fixture completed in 4.04 seconds (test_users.py:68)

tests/api/test_users.py::test_read_users 
------------------------------- live log setup --------------------------------
2025-06-17 11:29:05 [   DEBUG] Setting up test database session... (test_users.py:38)
2025-06-17 11:29:06 [    INFO] select pg_catalog.version() (base.py:1842)
2025-06-17 11:29:06 [    INFO] [raw sql] {} (base.py:1842)
2025-06-17 11:29:06 [    INFO] select current_schema() (base.py:1842)
2025-06-17 11:29:06 [    INFO] [raw sql] {} (base.py:1842)
2025-06-17 11:29:06 [    INFO] show standard_conforming_strings (base.py:1842)
2025-06-17 11:29:06 [    INFO] [raw sql] {} (base.py:1842)
2025-06-17 11:29:06 [    INFO] BEGIN (implicit) (base.py:2698)
2025-06-17 11:29:06 [    INFO] SELECT pg_catalog.pg_class.relname 
FROM pg_catalog.pg_class JOIN pg_catalog.pg_namespace ON pg_catalog.pg_namespace.oid = pg_catalog.pg_class.relnamespace 
WHERE pg_catalog.pg_class.relname = %(table_name)s AND pg_catalog.pg_class.relkind = ANY (ARRAY[%(param_1)s, %(param_2)s, %(param_3)s, %(param_4)s, %(param_5)s]) AND pg_catalog.pg_table_is_visible(pg_catalog.pg_class.oid) AND pg_catalog.pg_namespace.nspname != %(nspname_1)s (base.py:1842)
2025-06-17 11:29:06 [    INFO] [generated in 0.00383s] {'table_name': 'user', 'param_1': 'r', 'param_2': 'p', 'param_3': 'f', 'param_4': 'v', 'param_5': 'm', 'nspname_1': 'pg_catalog'} (base.py:1842)
2025-06-17 11:29:06 [   DEBUG] Query eseguita in 0.01 secondi: SELECT pg_catalog.pg_class.relname 
FROM pg_catalog.pg_class JOIN pg_catalog.pg_namespace ON pg_catalog.pg_namespace.oid = pg_catalog.pg_class.relnamespace 
WHERE pg_catalog.pg_class.relname = %(table_name)s AND pg_catalog.pg_class.relkind = ANY (ARRAY[%(param_1)s, %(param_2)s, %(param_3)s, %(param_4)s, %(param_5)s]) AND pg_catalog.pg_table_is_visible(pg_catalog.pg_class.oid) AND pg_catalog.pg_namespace.nspname != %(nspname_1)s (session.py:30)
2025-06-17 11:29:06 [    INFO] SELECT pg_catalog.pg_class.relname 
FROM pg_catalog.pg_class JOIN pg_catalog.pg_namespace ON pg_catalog.pg_namespace.oid = pg_catalog.pg_class.relnamespace 
WHERE pg_catalog.pg_class.relname = %(table_name)s AND pg_catalog.pg_class.relkind = ANY (ARRAY[%(param_1)s, %(param_2)s, %(param_3)s, %(param_4)s, %(param_5)s]) AND pg_catalog.pg_table_is_visible(pg_catalog.pg_class.oid) AND pg_catalog.pg_namespace.nspname != %(nspname_1)s (base.py:1842)
2025-06-17 11:29:06 [    INFO] [cached since 0.01974s ago] {'table_name': 'documents', 'param_1': 'r', 'param_2': 'p', 'param_3': 'f', 'param_4': 'v', 'param_5': 'm', 'nspname_1': 'pg_catalog'} (base.py:1842)
2025-06-17 11:29:06 [   DEBUG] Query eseguita in 0.01 secondi: SELECT pg_catalog.pg_class.relname 
FROM pg_catalog.pg_class JOIN pg_catalog.pg_namespace ON pg_catalog.pg_namespace.oid = pg_catalog.pg_class.relnamespace 
WHERE pg_catalog.pg_class.relname = %(table_name)s AND pg_catalog.pg_class.relkind = ANY (ARRAY[%(param_1)s, %(param_2)s, %(param_3)s, %(param_4)s, %(param_5)s]) AND pg_catalog.pg_table_is_visible(pg_catalog.pg_class.oid) AND pg_catalog.pg_namespace.nspname != %(nspname_1)s (session.py:30)
2025-06-17 11:29:06 [    INFO] SELECT pg_catalog.pg_class.relname 
FROM pg_catalog.pg_class JOIN pg_catalog.pg_namespace ON pg_catalog.pg_namespace.oid = pg_catalog.pg_class.relnamespace 
WHERE pg_catalog.pg_class.relname = %(table_name)s AND pg_catalog.pg_class.relkind = ANY (ARRAY[%(param_1)s, %(param_2)s, %(param_3)s, %(param_4)s, %(param_5)s]) AND pg_catalog.pg_table_is_visible(pg_catalog.pg_class.oid) AND pg_catalog.pg_namespace.nspname != %(nspname_1)s (base.py:1842)
2025-06-17 11:29:06 [    INFO] [cached since 0.03049s ago] {'table_name': 'document_versions', 'param_1': 'r', 'param_2': 'p', 'param_3': 'f', 'param_4': 'v', 'param_5': 'm', 'nspname_1': 'pg_catalog'} (base.py:1842)
2025-06-17 11:29:06 [   DEBUG] Query eseguita in 0.00 secondi: SELECT pg_catalog.pg_class.relname 
FROM pg_catalog.pg_class JOIN pg_catalog.pg_namespace ON pg_catalog.pg_namespace.oid = pg_catalog.pg_class.relnamespace 
WHERE pg_catalog.pg_class.relname = %(table_name)s AND pg_catalog.pg_class.relkind = ANY (ARRAY[%(param_1)s, %(param_2)s, %(param_3)s, %(param_4)s, %(param_5)s]) AND pg_catalog.pg_table_is_visible(pg_catalog.pg_class.oid) AND pg_catalog.pg_namespace.nspname != %(nspname_1)s (session.py:30)
2025-06-17 11:29:06 [    INFO] SELECT pg_catalog.pg_class.relname 
FROM pg_catalog.pg_class JOIN pg_catalog.pg_namespace ON pg_catalog.pg_namespace.oid = pg_catalog.pg_class.relnamespace 
WHERE pg_catalog.pg_class.relname = %(table_name)s AND pg_catalog.pg_class.relkind = ANY (ARRAY[%(param_1)s, %(param_2)s, %(param_3)s, %(param_4)s, %(param_5)s]) AND pg_catalog.pg_table_is_visible(pg_catalog.pg_class.oid) AND pg_catalog.pg_namespace.nspname != %(nspname_1)s (base.py:1842)
2025-06-17 11:29:06 [    INFO] [cached since 0.03689s ago] {'table_name': 'houses', 'param_1': 'r', 'param_2': 'p', 'param_3': 'f', 'param_4': 'v', 'param_5': 'm', 'nspname_1': 'pg_catalog'} (base.py:1842)
2025-06-17 11:29:06 [   DEBUG] Query eseguita in 0.01 secondi: SELECT pg_catalog.pg_class.relname 
FROM pg_catalog.pg_class JOIN pg_catalog.pg_namespace ON pg_catalog.pg_namespace.oid = pg_catalog.pg_class.relnamespace 
WHERE pg_catalog.pg_class.relname = %(table_name)s AND pg_catalog.pg_class.relkind = ANY (ARRAY[%(param_1)s, %(param_2)s, %(param_3)s, %(param_4)s, %(param_5)s]) AND pg_catalog.pg_table_is_visible(pg_catalog.pg_class.oid) AND pg_catalog.pg_namespace.nspname != %(nspname_1)s (session.py:30)
2025-06-17 11:29:06 [    INFO] SELECT pg_catalog.pg_class.relname 
FROM pg_catalog.pg_class JOIN pg_catalog.pg_namespace ON pg_catalog.pg_namespace.oid = pg_catalog.pg_class.relnamespace 
WHERE pg_catalog.pg_class.relname = %(table_name)s AND pg_catalog.pg_class.relkind = ANY (ARRAY[%(param_1)s, %(param_2)s, %(param_3)s, %(param_4)s, %(param_5)s]) AND pg_catalog.pg_table_is_visible(pg_catalog.pg_class.oid) AND pg_catalog.pg_namespace.nspname != %(nspname_1)s (base.py:1842)
2025-06-17 11:29:06 [    INFO] [cached since 0.04766s ago] {'table_name': 'nodes', 'param_1': 'r', 'param_2': 'p', 'param_3': 'f', 'param_4': 'v', 'param_5': 'm', 'nspname_1': 'pg_catalog'} (base.py:1842)
2025-06-17 11:29:06 [   DEBUG] Query eseguita in 0.00 secondi: SELECT pg_catalog.pg_class.relname 
FROM pg_catalog.pg_class JOIN pg_catalog.pg_namespace ON pg_catalog.pg_namespace.oid = pg_catalog.pg_class.relnamespace 
WHERE pg_catalog.pg_class.relname = %(table_name)s AND pg_catalog.pg_class.relkind = ANY (ARRAY[%(param_1)s, %(param_2)s, %(param_3)s, %(param_4)s, %(param_5)s]) AND pg_catalog.pg_table_is_visible(pg_catalog.pg_class.oid) AND pg_catalog.pg_namespace.nspname != %(nspname_1)s (session.py:30)
2025-06-17 11:29:06 [    INFO] SELECT pg_catalog.pg_class.relname 
FROM pg_catalog.pg_class JOIN pg_catalog.pg_namespace ON pg_catalog.pg_namespace.oid = pg_catalog.pg_class.relnamespace 
WHERE pg_catalog.pg_class.relname = %(table_name)s AND pg_catalog.pg_class.relkind = ANY (ARRAY[%(param_1)s, %(param_2)s, %(param_3)s, %(param_4)s, %(param_5)s]) AND pg_catalog.pg_table_is_visible(pg_catalog.pg_class.oid) AND pg_catalog.pg_namespace.nspname != %(nspname_1)s (base.py:1842)
2025-06-17 11:29:06 [    INFO] [cached since 0.055s ago] {'table_name': 'rooms', 'param_1': 'r', 'param_2': 'p', 'param_3': 'f', 'param_4': 'v', 'param_5': 'm', 'nspname_1': 'pg_catalog'} (base.py:1842)
2025-06-17 11:29:06 [   DEBUG] Query eseguita in 0.01 secondi: SELECT pg_catalog.pg_class.relname 
FROM pg_catalog.pg_class JOIN pg_catalog.pg_namespace ON pg_catalog.pg_namespace.oid = pg_catalog.pg_class.relnamespace 
WHERE pg_catalog.pg_class.relname = %(table_name)s AND pg_catalog.pg_class.relkind = ANY (ARRAY[%(param_1)s, %(param_2)s, %(param_3)s, %(param_4)s, %(param_5)s]) AND pg_catalog.pg_table_is_visible(pg_catalog.pg_class.oid) AND pg_catalog.pg_namespace.nspname != %(nspname_1)s (session.py:30)
2025-06-17 11:29:06 [    INFO] SELECT pg_catalog.pg_class.relname 
FROM pg_catalog.pg_class JOIN pg_catalog.pg_namespace ON pg_catalog.pg_namespace.oid = pg_catalog.pg_class.relnamespace 
WHERE pg_catalog.pg_class.relname = %(table_name)s AND pg_catalog.pg_class.relkind = ANY (ARRAY[%(param_1)s, %(param_2)s, %(param_3)s, %(param_4)s, %(param_5)s]) AND pg_catalog.pg_table_is_visible(pg_catalog.pg_class.oid) AND pg_catalog.pg_namespace.nspname != %(nspname_1)s (base.py:1842)
2025-06-17 11:29:06 [    INFO] [cached since 0.06527s ago] {'table_name': 'bookings', 'param_1': 'r', 'param_2': 'p', 'param_3': 'f', 'param_4': 'v', 'param_5': 'm', 'nspname_1': 'pg_catalog'} (base.py:1842)
2025-06-17 11:29:06 [   DEBUG] Query eseguita in 0.00 secondi: SELECT pg_catalog.pg_class.relname 
FROM pg_catalog.pg_class JOIN pg_catalog.pg_namespace ON pg_catalog.pg_namespace.oid = pg_catalog.pg_class.relnamespace 
WHERE pg_catalog.pg_class.relname = %(table_name)s AND pg_catalog.pg_class.relkind = ANY (ARRAY[%(param_1)s, %(param_2)s, %(param_3)s, %(param_4)s, %(param_5)s]) AND pg_catalog.pg_table_is_visible(pg_catalog.pg_class.oid) AND pg_catalog.pg_namespace.nspname != %(nspname_1)s (session.py:30)
2025-06-17 11:29:06 [    INFO] SELECT pg_catalog.pg_class.relname 
FROM pg_catalog.pg_class JOIN pg_catalog.pg_namespace ON pg_catalog.pg_namespace.oid = pg_catalog.pg_class.relnamespace 
WHERE pg_catalog.pg_class.relname = %(table_name)s AND pg_catalog.pg_class.relkind = ANY (ARRAY[%(param_1)s, %(param_2)s, %(param_3)s, %(param_4)s, %(param_5)s]) AND pg_catalog.pg_table_is_visible(pg_catalog.pg_class.oid) AND pg_catalog.pg_namespace.nspname != %(nspname_1)s (base.py:1842)
2025-06-17 11:29:06 [    INFO] [cached since 0.07224s ago] {'table_name': 'maintenance_records', 'param_1': 'r', 'param_2': 'p', 'param_3': 'f', 'param_4': 'v', 'param_5': 'm', 'nspname_1': 'pg_catalog'} (base.py:1842)
2025-06-17 11:29:06 [   DEBUG] Query eseguita in 0.01 secondi: SELECT pg_catalog.pg_class.relname 
FROM pg_catalog.pg_class JOIN pg_catalog.pg_namespace ON pg_catalog.pg_namespace.oid = pg_catalog.pg_class.relnamespace 
WHERE pg_catalog.pg_class.relname = %(table_name)s AND pg_catalog.pg_class.relkind = ANY (ARRAY[%(param_1)s, %(param_2)s, %(param_3)s, %(param_4)s, %(param_5)s]) AND pg_catalog.pg_table_is_visible(pg_catalog.pg_class.oid) AND pg_catalog.pg_namespace.nspname != %(nspname_1)s (session.py:30)
2025-06-17 11:29:06 [    INFO] SELECT pg_catalog.pg_type.typname 
FROM pg_catalog.pg_type JOIN pg_catalog.pg_namespace ON pg_catalog.pg_namespace.oid = pg_catalog.pg_type.typnamespace 
WHERE pg_catalog.pg_type.typname = %(typname_1)s AND pg_catalog.pg_type_is_visible(pg_catalog.pg_type.oid) AND pg_catalog.pg_namespace.nspname != %(nspname_1)s (base.py:1842)
2025-06-17 11:29:06 [    INFO] [generated in 0.00320s] {'typname_1': 'maintenancetype', 'nspname_1': 'pg_catalog'} (base.py:1842)
2025-06-17 11:29:06 [   DEBUG] Query eseguita in 0.01 secondi: SELECT pg_catalog.pg_type.typname 
FROM pg_catalog.pg_type JOIN pg_catalog.pg_namespace ON pg_catalog.pg_namespace.oid = pg_catalog.pg_type.typnamespace 
WHERE pg_catalog.pg_type.typname = %(typname_1)s AND pg_catalog.pg_type_is_visible(pg_catalog.pg_type.oid) AND pg_catalog.pg_namespace.nspname != %(nspname_1)s (session.py:30)
2025-06-17 11:29:06 [    INFO] CREATE TYPE maintenancetype AS ENUM ('ROUTINE', 'PREVENTIVE', 'CORRECTIVE', 'EMERGENCY', 'INSPECTION') (base.py:1842)
2025-06-17 11:29:06 [    INFO] [no key 0.00083s] {} (base.py:1842)
2025-06-17 11:29:06 [   DEBUG] Query eseguita in 0.01 secondi: CREATE TYPE maintenancetype AS ENUM ('ROUTINE', 'PREVENTIVE', 'CORRECTIVE', 'EMERGENCY', 'INSPECTION') (session.py:30)
2025-06-17 11:29:06 [    INFO] SELECT pg_catalog.pg_type.typname 
FROM pg_catalog.pg_type JOIN pg_catalog.pg_namespace ON pg_catalog.pg_namespace.oid = pg_catalog.pg_type.typnamespace 
WHERE pg_catalog.pg_type.typname = %(typname_1)s AND pg_catalog.pg_type_is_visible(pg_catalog.pg_type.oid) AND pg_catalog.pg_namespace.nspname != %(nspname_1)s (base.py:1842)
2025-06-17 11:29:06 [    INFO] [cached since 0.02894s ago] {'typname_1': 'maintenancestatus', 'nspname_1': 'pg_catalog'} (base.py:1842)
2025-06-17 11:29:06 [   DEBUG] Query eseguita in 0.01 secondi: SELECT pg_catalog.pg_type.typname 
FROM pg_catalog.pg_type JOIN pg_catalog.pg_namespace ON pg_catalog.pg_namespace.oid = pg_catalog.pg_type.typnamespace 
WHERE pg_catalog.pg_type.typname = %(typname_1)s AND pg_catalog.pg_type_is_visible(pg_catalog.pg_type.oid) AND pg_catalog.pg_namespace.nspname != %(nspname_1)s (session.py:30)
2025-06-17 11:29:06 [    INFO] CREATE TYPE maintenancestatus AS ENUM ('PENDING', 'COMPLETED', 'FAILED') (base.py:1842)
2025-06-17 11:29:06 [    INFO] [no key 0.00221s] {} (base.py:1842)
2025-06-17 11:29:06 [   DEBUG] Query eseguita in 0.00 secondi: CREATE TYPE maintenancestatus AS ENUM ('PENDING', 'COMPLETED', 'FAILED') (session.py:30)
2025-06-17 11:29:06 [    INFO] 
CREATE TABLE "user" (
	id SERIAL NOT NULL, 
	email VARCHAR NOT NULL, 
	username VARCHAR NOT NULL, 
	hashed_password VARCHAR NOT NULL, 
	is_active BOOLEAN NOT NULL, 
	is_superuser BOOLEAN NOT NULL, 
	is_verified BOOLEAN NOT NULL, 
	created_at TIMESTAMP WITHOUT TIME ZONE NOT NULL, 
	updated_at TIMESTAMP WITHOUT TIME ZONE NOT NULL, 
	last_login TIMESTAMP WITH TIME ZONE, 
	full_name VARCHAR(255), 
	phone_number VARCHAR(20), 
	PRIMARY KEY (id)
)

 (base.py:1842)
2025-06-17 11:29:06 [    INFO] [no key 0.00255s] {} (base.py:1842)
2025-06-17 11:29:06 [   DEBUG] Query eseguita in 0.04 secondi: 
CREATE TABLE "user" (
	id SERIAL NOT NULL, 
	email VARCHAR NOT NULL, 
	username VARCHAR NOT NULL, 
	hashed_password VARCHAR NOT NULL, 
	is_active BOOLEAN NOT NULL, 
	is_superuser BOOLEAN NOT NULL, 
	is_verified BOOLEAN NOT NULL, 
	created_at TIMESTAMP WITHOUT TIME ZONE NOT NULL, 
	updated_at TIMESTAMP WITHOUT TIME ZONE NOT NULL, 
	last_login TIMESTAMP WITH TIME ZONE, 
	full_name VARCHAR(255), 
	phone_number VARCHAR(20), 
	PRIMARY KEY (id)
)

 (session.py:30)
2025-06-17 11:29:06 [    INFO] CREATE UNIQUE INDEX ix_user_email ON "user" (email) (base.py:1842)
2025-06-17 11:29:06 [    INFO] [no key 0.00241s] {} (base.py:1842)
2025-06-17 11:29:06 [   DEBUG] Query eseguita in 0.01 secondi: CREATE UNIQUE INDEX ix_user_email ON "user" (email) (session.py:30)
2025-06-17 11:29:06 [    INFO] CREATE UNIQUE INDEX ix_user_username ON "user" (username) (base.py:1842)
2025-06-17 11:29:06 [    INFO] [no key 0.00085s] {} (base.py:1842)
2025-06-17 11:29:06 [   DEBUG] Query eseguita in 0.01 secondi: CREATE UNIQUE INDEX ix_user_username ON "user" (username) (session.py:30)
2025-06-17 11:29:06 [    INFO] 
CREATE TABLE houses (
	id SERIAL NOT NULL, 
	name VARCHAR NOT NULL, 
	address VARCHAR NOT NULL, 
	owner_id INTEGER NOT NULL, 
	created_at TIMESTAMP WITHOUT TIME ZONE NOT NULL, 
	updated_at TIMESTAMP WITHOUT TIME ZONE NOT NULL, 
	PRIMARY KEY (id), 
	FOREIGN KEY(owner_id) REFERENCES "user" (id)
)

 (base.py:1842)
2025-06-17 11:29:06 [    INFO] [no key 0.00101s] {} (base.py:1842)
2025-06-17 11:29:06 [   DEBUG] Query eseguita in 0.03 secondi: 
CREATE TABLE houses (
	id SERIAL NOT NULL, 
	name VARCHAR NOT NULL, 
	address VARCHAR NOT NULL, 
	owner_id INTEGER NOT NULL, 
	created_at TIMESTAMP WITHOUT TIME ZONE NOT NULL, 
	updated_at TIMESTAMP WITHOUT TIME ZONE NOT NULL, 
	PRIMARY KEY (id), 
	FOREIGN KEY(owner_id) REFERENCES "user" (id)
)

 (session.py:30)
2025-06-17 11:29:06 [    INFO] CREATE INDEX ix_houses_name ON houses (name) (base.py:1842)
2025-06-17 11:29:06 [    INFO] [no key 0.00081s] {} (base.py:1842)
2025-06-17 11:29:06 [   DEBUG] Query eseguita in 0.01 secondi: CREATE INDEX ix_houses_name ON houses (name) (session.py:30)
2025-06-17 11:29:06 [    INFO] 
CREATE TABLE rooms (
	id SERIAL NOT NULL, 
	name VARCHAR NOT NULL, 
	description VARCHAR, 
	floor INTEGER NOT NULL, 
	area FLOAT NOT NULL, 
	house_id INTEGER NOT NULL, 
	created_at TIMESTAMP WITHOUT TIME ZONE NOT NULL, 
	updated_at TIMESTAMP WITHOUT TIME ZONE NOT NULL, 
	PRIMARY KEY (id), 
	FOREIGN KEY(house_id) REFERENCES houses (id)
)

 (base.py:1842)
2025-06-17 11:29:06 [    INFO] [no key 0.00127s] {} (base.py:1842)
2025-06-17 11:29:06 [   DEBUG] Query eseguita in 0.03 secondi: 
CREATE TABLE rooms (
	id SERIAL NOT NULL, 
	name VARCHAR NOT NULL, 
	description VARCHAR, 
	floor INTEGER NOT NULL, 
	area FLOAT NOT NULL, 
	house_id INTEGER NOT NULL, 
	created_at TIMESTAMP WITHOUT TIME ZONE NOT NULL, 
	updated_at TIMESTAMP WITHOUT TIME ZONE NOT NULL, 
	PRIMARY KEY (id), 
	FOREIGN KEY(house_id) REFERENCES houses (id)
)

 (session.py:30)
2025-06-17 11:29:06 [    INFO] CREATE INDEX ix_rooms_name ON rooms (name) (base.py:1842)
2025-06-17 11:29:06 [    INFO] [no key 0.00271s] {} (base.py:1842)
2025-06-17 11:29:06 [   DEBUG] Query eseguita in 0.01 secondi: CREATE INDEX ix_rooms_name ON rooms (name) (session.py:30)
2025-06-17 11:29:06 [    INFO] 
CREATE TABLE nodes (
	id SERIAL NOT NULL, 
	name VARCHAR NOT NULL, 
	description VARCHAR, 
	nfc_id VARCHAR NOT NULL, 
	house_id INTEGER NOT NULL, 
	room_id INTEGER, 
	PRIMARY KEY (id), 
	FOREIGN KEY(house_id) REFERENCES houses (id), 
	FOREIGN KEY(room_id) REFERENCES rooms (id)
)

 (base.py:1842)
2025-06-17 11:29:06 [    INFO] [no key 0.00182s] {} (base.py:1842)
2025-06-17 11:29:06 [   DEBUG] Query eseguita in 0.04 secondi: 
CREATE TABLE nodes (
	id SERIAL NOT NULL, 
	name VARCHAR NOT NULL, 
	description VARCHAR, 
	nfc_id VARCHAR NOT NULL, 
	house_id INTEGER NOT NULL, 
	room_id INTEGER, 
	PRIMARY KEY (id), 
	FOREIGN KEY(house_id) REFERENCES houses (id), 
	FOREIGN KEY(room_id) REFERENCES rooms (id)
)

 (session.py:30)
2025-06-17 11:29:06 [    INFO] CREATE UNIQUE INDEX ix_nodes_nfc_id ON nodes (nfc_id) (base.py:1842)
2025-06-17 11:29:06 [    INFO] [no key 0.00302s] {} (base.py:1842)
2025-06-17 11:29:06 [   DEBUG] Query eseguita in 0.01 secondi: CREATE UNIQUE INDEX ix_nodes_nfc_id ON nodes (nfc_id) (session.py:30)
2025-06-17 11:29:06 [    INFO] 
CREATE TABLE bookings (
	id SERIAL NOT NULL, 
	room_id INTEGER NOT NULL, 
	user_id INTEGER NOT NULL, 
	start_time TIMESTAMP WITHOUT TIME ZONE NOT NULL, 
	end_time TIMESTAMP WITHOUT TIME ZONE NOT NULL, 
	status VARCHAR NOT NULL, 
	notes VARCHAR, 
	created_at TIMESTAMP WITHOUT TIME ZONE NOT NULL, 
	updated_at TIMESTAMP WITHOUT TIME ZONE NOT NULL, 
	PRIMARY KEY (id), 
	FOREIGN KEY(room_id) REFERENCES rooms (id), 
	FOREIGN KEY(user_id) REFERENCES "user" (id)
)

 (base.py:1842)
2025-06-17 11:29:06 [    INFO] [no key 0.00171s] {} (base.py:1842)
2025-06-17 11:29:06 [   DEBUG] Query eseguita in 0.03 secondi: 
CREATE TABLE bookings (
	id SERIAL NOT NULL, 
	room_id INTEGER NOT NULL, 
	user_id INTEGER NOT NULL, 
	start_time TIMESTAMP WITHOUT TIME ZONE NOT NULL, 
	end_time TIMESTAMP WITHOUT TIME ZONE NOT NULL, 
	status VARCHAR NOT NULL, 
	notes VARCHAR, 
	created_at TIMESTAMP WITHOUT TIME ZONE NOT NULL, 
	updated_at TIMESTAMP WITHOUT TIME ZONE NOT NULL, 
	PRIMARY KEY (id), 
	FOREIGN KEY(room_id) REFERENCES rooms (id), 
	FOREIGN KEY(user_id) REFERENCES "user" (id)
)

 (session.py:30)
2025-06-17 11:29:06 [    INFO] 
CREATE TABLE documents (
	id SERIAL NOT NULL, 
	created_at TIMESTAMP WITHOUT TIME ZONE NOT NULL, 
	updated_at TIMESTAMP WITHOUT TIME ZONE NOT NULL, 
	owner_id INTEGER NOT NULL, 
	name VARCHAR NOT NULL, 
	type VARCHAR NOT NULL, 
	size INTEGER NOT NULL, 
	upload_date TIMESTAMP WITHOUT TIME ZONE NOT NULL, 
	path VARCHAR NOT NULL, 
	checksum VARCHAR NOT NULL, 
	house_id INTEGER, 
	node_id INTEGER, 
	description VARCHAR, 
	PRIMARY KEY (id), 
	FOREIGN KEY(owner_id) REFERENCES "user" (id), 
	FOREIGN KEY(house_id) REFERENCES houses (id), 
	FOREIGN KEY(node_id) REFERENCES nodes (id)
)

 (base.py:1842)
2025-06-17 11:29:06 [    INFO] [no key 0.00497s] {} (base.py:1842)
2025-06-17 11:29:06 [   DEBUG] Query eseguita in 0.04 secondi: 
CREATE TABLE documents (
	id SERIAL NOT NULL, 
	created_at TIMESTAMP WITHOUT TIME ZONE NOT NULL, 
	updated_at TIMESTAMP WITHOUT TIME ZONE NOT NULL, 
	owner_id INTEGER NOT NULL, 
	name VARCHAR NOT NULL, 
	type VARCHAR NOT NULL, 
	size INTEGER NOT NULL, 
	upload_date TIMESTAMP WITHOUT TIME ZONE NOT NULL, 
	path VARCHAR NOT NULL, 
	checksum VARCHAR NOT NULL, 
	house_id INTEGER, 
	node_id INTEGER, 
	description VARCHAR, 
	PRIMARY KEY (id), 
	FOREIGN KEY(owner_id) REFERENCES "user" (id), 
	FOREIGN KEY(house_id) REFERENCES houses (id), 
	FOREIGN KEY(node_id) REFERENCES nodes (id)
)

 (session.py:30)
2025-06-17 11:29:06 [    INFO] CREATE INDEX ix_documents_owner_id ON documents (owner_id) (base.py:1842)
2025-06-17 11:29:06 [    INFO] [no key 0.00157s] {} (base.py:1842)
2025-06-17 11:29:06 [   DEBUG] Query eseguita in 0.01 secondi: CREATE INDEX ix_documents_owner_id ON documents (owner_id) (session.py:30)
2025-06-17 11:29:06 [    INFO] 
CREATE TABLE document_versions (
	id SERIAL NOT NULL, 
	version_number INTEGER NOT NULL, 
	file_path VARCHAR NOT NULL, 
	file_size INTEGER NOT NULL, 
	checksum VARCHAR NOT NULL, 
	created_at TIMESTAMP WITHOUT TIME ZONE NOT NULL, 
	updated_at TIMESTAMP WITHOUT TIME ZONE NOT NULL, 
	document_id INTEGER NOT NULL, 
	created_by_id INTEGER, 
	PRIMARY KEY (id), 
	FOREIGN KEY(document_id) REFERENCES documents (id), 
	FOREIGN KEY(created_by_id) REFERENCES "user" (id)
)

 (base.py:1842)
2025-06-17 11:29:06 [    INFO] [no key 0.00227s] {} (base.py:1842)
2025-06-17 11:29:06 [   DEBUG] Query eseguita in 0.03 secondi: 
CREATE TABLE document_versions (
	id SERIAL NOT NULL, 
	version_number INTEGER NOT NULL, 
	file_path VARCHAR NOT NULL, 
	file_size INTEGER NOT NULL, 
	checksum VARCHAR NOT NULL, 
	created_at TIMESTAMP WITHOUT TIME ZONE NOT NULL, 
	updated_at TIMESTAMP WITHOUT TIME ZONE NOT NULL, 
	document_id INTEGER NOT NULL, 
	created_by_id INTEGER, 
	PRIMARY KEY (id), 
	FOREIGN KEY(document_id) REFERENCES documents (id), 
	FOREIGN KEY(created_by_id) REFERENCES "user" (id)
)

 (session.py:30)
2025-06-17 11:29:06 [    INFO] CREATE INDEX ix_document_versions_version_number ON document_versions (version_number) (base.py:1842)
2025-06-17 11:29:06 [    INFO] [no key 0.00427s] {} (base.py:1842)
2025-06-17 11:29:06 [   DEBUG] Query eseguita in 0.01 secondi: CREATE INDEX ix_document_versions_version_number ON document_versions (version_number) (session.py:30)
2025-06-17 11:29:06 [    INFO] CREATE INDEX ix_document_versions_created_by_id ON document_versions (created_by_id) (base.py:1842)
2025-06-17 11:29:06 [    INFO] [no key 0.00525s] {} (base.py:1842)
2025-06-17 11:29:06 [   DEBUG] Query eseguita in 0.01 secondi: CREATE INDEX ix_document_versions_created_by_id ON document_versions (created_by_id) (session.py:30)
2025-06-17 11:29:06 [    INFO] CREATE INDEX ix_document_versions_document_id ON document_versions (document_id) (base.py:1842)
2025-06-17 11:29:06 [    INFO] [no key 0.00464s] {} (base.py:1842)
2025-06-17 11:29:06 [   DEBUG] Query eseguita in 0.01 secondi: CREATE INDEX ix_document_versions_document_id ON document_versions (document_id) (session.py:30)
2025-06-17 11:29:06 [    INFO] 
CREATE TABLE maintenance_records (
	id SERIAL NOT NULL, 
	node_id INTEGER NOT NULL, 
	timestamp TIMESTAMP WITHOUT TIME ZONE NOT NULL, 
	maintenance_type maintenancetype NOT NULL, 
	description VARCHAR NOT NULL, 
	status maintenancestatus NOT NULL, 
	notes VARCHAR, 
	document_id INTEGER, 
	PRIMARY KEY (id), 
	FOREIGN KEY(node_id) REFERENCES nodes (id), 
	FOREIGN KEY(document_id) REFERENCES documents (id)
)

 (base.py:1842)
2025-06-17 11:29:06 [    INFO] [no key 0.00192s] {} (base.py:1842)
2025-06-17 11:29:06 [   DEBUG] Query eseguita in 0.03 secondi: 
CREATE TABLE maintenance_records (
	id SERIAL NOT NULL, 
	node_id INTEGER NOT NULL, 
	timestamp TIMESTAMP WITHOUT TIME ZONE NOT NULL, 
	maintenance_type maintenancetype NOT NULL, 
	description VARCHAR NOT NULL, 
	status maintenancestatus NOT NULL, 
	notes VARCHAR, 
	document_id INTEGER, 
	PRIMARY KEY (id), 
	FOREIGN KEY(node_id) REFERENCES nodes (id), 
	FOREIGN KEY(document_id) REFERENCES documents (id)
)

 (session.py:30)
2025-06-17 11:29:06 [    INFO] CREATE INDEX ix_maintenance_records_node_id ON maintenance_records (node_id) (base.py:1842)
2025-06-17 11:29:06 [    INFO] [no key 0.00060s] {} (base.py:1842)
2025-06-17 11:29:06 [   DEBUG] Query eseguita in 0.01 secondi: CREATE INDEX ix_maintenance_records_node_id ON maintenance_records (node_id) (session.py:30)
2025-06-17 11:29:06 [    INFO] COMMIT (base.py:2704)
2025-06-17 11:29:06 [   DEBUG] Test database tables created successfully (test_users.py:52)
2025-06-17 11:29:06 [   DEBUG] Test database session created successfully (test_users.py:55)
2025-06-17 11:29:06 [   DEBUG] Overriding get_session for tests... (conftest.py:269)
2025-06-17 11:29:06 [   DEBUG] Setting up FakeRedis for tests... (conftest_redis.py:18)
2025-06-17 11:29:06 [   DEBUG] Connessione Redis stabilita con successo (redis.py:24)
-------------------------------- live log call --------------------------------
2025-06-17 11:29:06 [   DEBUG] Using proactor: IocpProactor (proactor_events.py:631)
2025-06-17 11:29:07 [    INFO] HTTP Request: POST http://testserver/api/v1/auth/register "HTTP/1.1 422 Unprocessable Entity" (_client.py:1025)
2025-06-17 11:29:07 [   DEBUG] Using proactor: IocpProactor (proactor_events.py:631)
2025-06-17 11:29:07 [    INFO] HTTP Request: POST http://testserver/api/v1/auth/register "HTTP/1.1 422 Unprocessable Entity" (_client.py:1025)
2025-06-17 11:29:07 [   DEBUG] Using proactor: IocpProactor (proactor_events.py:631)
2025-06-17 11:29:07 [    INFO] HTTP Request: POST http://testserver/api/v1/auth/register "HTTP/1.1 422 Unprocessable Entity" (_client.py:1025)
2025-06-17 11:29:07 [   DEBUG] Using proactor: IocpProactor (proactor_events.py:631)
2025-06-17 11:29:07 [    INFO] HTTP Request: GET http://testserver/api/v1/users/ "HTTP/1.1 405 Method Not Allowed" (_client.py:1025)
FAILED                                                                   [ 85%]
------------------------------ live log teardown ------------------------------
2025-06-17 11:29:07 [   DEBUG] Restored original Redis client (conftest_redis.py:29)
2025-06-17 11:29:07 [   DEBUG] get_session override cleared (conftest.py:275)
2025-06-17 11:29:07 [   DEBUG] Cleaning up test database session... (test_users.py:57)
2025-06-17 11:29:07 [    INFO] BEGIN (implicit) (base.py:2698)
2025-06-17 11:29:07 [    INFO] DROP SCHEMA public CASCADE (base.py:1842)
2025-06-17 11:29:07 [    INFO] [generated in 0.00667s] {} (base.py:1842)
2025-06-17 11:29:07 [   DEBUG] Query eseguita in 0.19 secondi: DROP SCHEMA public CASCADE (session.py:30)
2025-06-17 11:29:07 [    INFO] CREATE SCHEMA public (base.py:1842)
2025-06-17 11:29:07 [    INFO] [generated in 0.00136s] {} (base.py:1842)
2025-06-17 11:29:07 [   DEBUG] Query eseguita in 0.01 secondi: CREATE SCHEMA public (session.py:30)
2025-06-17 11:29:07 [    INFO] COMMIT (base.py:2704)
2025-06-17 11:29:07 [   DEBUG] Test database cleanup completed (test_users.py:63)
2025-06-17 11:29:07 [   DEBUG] Session fixture completed in 2.04 seconds (test_users.py:68)

tests/api/test_users.py::test_read_user 
------------------------------- live log setup --------------------------------
2025-06-17 11:29:07 [   DEBUG] Setting up test database session... (test_users.py:38)
2025-06-17 11:29:08 [    INFO] select pg_catalog.version() (base.py:1842)
2025-06-17 11:29:08 [    INFO] [raw sql] {} (base.py:1842)
2025-06-17 11:29:08 [    INFO] select current_schema() (base.py:1842)
2025-06-17 11:29:08 [    INFO] [raw sql] {} (base.py:1842)
2025-06-17 11:29:08 [    INFO] show standard_conforming_strings (base.py:1842)
2025-06-17 11:29:08 [    INFO] [raw sql] {} (base.py:1842)
2025-06-17 11:29:08 [    INFO] BEGIN (implicit) (base.py:2698)
2025-06-17 11:29:08 [    INFO] SELECT pg_catalog.pg_class.relname 
FROM pg_catalog.pg_class JOIN pg_catalog.pg_namespace ON pg_catalog.pg_namespace.oid = pg_catalog.pg_class.relnamespace 
WHERE pg_catalog.pg_class.relname = %(table_name)s AND pg_catalog.pg_class.relkind = ANY (ARRAY[%(param_1)s, %(param_2)s, %(param_3)s, %(param_4)s, %(param_5)s]) AND pg_catalog.pg_table_is_visible(pg_catalog.pg_class.oid) AND pg_catalog.pg_namespace.nspname != %(nspname_1)s (base.py:1842)
2025-06-17 11:29:08 [    INFO] [generated in 0.00113s] {'table_name': 'user', 'param_1': 'r', 'param_2': 'p', 'param_3': 'f', 'param_4': 'v', 'param_5': 'm', 'nspname_1': 'pg_catalog'} (base.py:1842)
2025-06-17 11:29:08 [   DEBUG] Query eseguita in 0.02 secondi: SELECT pg_catalog.pg_class.relname 
FROM pg_catalog.pg_class JOIN pg_catalog.pg_namespace ON pg_catalog.pg_namespace.oid = pg_catalog.pg_class.relnamespace 
WHERE pg_catalog.pg_class.relname = %(table_name)s AND pg_catalog.pg_class.relkind = ANY (ARRAY[%(param_1)s, %(param_2)s, %(param_3)s, %(param_4)s, %(param_5)s]) AND pg_catalog.pg_table_is_visible(pg_catalog.pg_class.oid) AND pg_catalog.pg_namespace.nspname != %(nspname_1)s (session.py:30)
2025-06-17 11:29:08 [    INFO] SELECT pg_catalog.pg_class.relname 
FROM pg_catalog.pg_class JOIN pg_catalog.pg_namespace ON pg_catalog.pg_namespace.oid = pg_catalog.pg_class.relnamespace 
WHERE pg_catalog.pg_class.relname = %(table_name)s AND pg_catalog.pg_class.relkind = ANY (ARRAY[%(param_1)s, %(param_2)s, %(param_3)s, %(param_4)s, %(param_5)s]) AND pg_catalog.pg_table_is_visible(pg_catalog.pg_class.oid) AND pg_catalog.pg_namespace.nspname != %(nspname_1)s (base.py:1842)
2025-06-17 11:29:08 [    INFO] [cached since 0.0182s ago] {'table_name': 'documents', 'param_1': 'r', 'param_2': 'p', 'param_3': 'f', 'param_4': 'v', 'param_5': 'm', 'nspname_1': 'pg_catalog'} (base.py:1842)
2025-06-17 11:29:08 [   DEBUG] Query eseguita in 0.01 secondi: SELECT pg_catalog.pg_class.relname 
FROM pg_catalog.pg_class JOIN pg_catalog.pg_namespace ON pg_catalog.pg_namespace.oid = pg_catalog.pg_class.relnamespace 
WHERE pg_catalog.pg_class.relname = %(table_name)s AND pg_catalog.pg_class.relkind = ANY (ARRAY[%(param_1)s, %(param_2)s, %(param_3)s, %(param_4)s, %(param_5)s]) AND pg_catalog.pg_table_is_visible(pg_catalog.pg_class.oid) AND pg_catalog.pg_namespace.nspname != %(nspname_1)s (session.py:30)
2025-06-17 11:29:08 [    INFO] SELECT pg_catalog.pg_class.relname 
FROM pg_catalog.pg_class JOIN pg_catalog.pg_namespace ON pg_catalog.pg_namespace.oid = pg_catalog.pg_class.relnamespace 
WHERE pg_catalog.pg_class.relname = %(table_name)s AND pg_catalog.pg_class.relkind = ANY (ARRAY[%(param_1)s, %(param_2)s, %(param_3)s, %(param_4)s, %(param_5)s]) AND pg_catalog.pg_table_is_visible(pg_catalog.pg_class.oid) AND pg_catalog.pg_namespace.nspname != %(nspname_1)s (base.py:1842)
2025-06-17 11:29:08 [    INFO] [cached since 0.02899s ago] {'table_name': 'document_versions', 'param_1': 'r', 'param_2': 'p', 'param_3': 'f', 'param_4': 'v', 'param_5': 'm', 'nspname_1': 'pg_catalog'} (base.py:1842)
2025-06-17 11:29:08 [   DEBUG] Query eseguita in 0.01 secondi: SELECT pg_catalog.pg_class.relname 
FROM pg_catalog.pg_class JOIN pg_catalog.pg_namespace ON pg_catalog.pg_namespace.oid = pg_catalog.pg_class.relnamespace 
WHERE pg_catalog.pg_class.relname = %(table_name)s AND pg_catalog.pg_class.relkind = ANY (ARRAY[%(param_1)s, %(param_2)s, %(param_3)s, %(param_4)s, %(param_5)s]) AND pg_catalog.pg_table_is_visible(pg_catalog.pg_class.oid) AND pg_catalog.pg_namespace.nspname != %(nspname_1)s (session.py:30)
2025-06-17 11:29:08 [    INFO] SELECT pg_catalog.pg_class.relname 
FROM pg_catalog.pg_class JOIN pg_catalog.pg_namespace ON pg_catalog.pg_namespace.oid = pg_catalog.pg_class.relnamespace 
WHERE pg_catalog.pg_class.relname = %(table_name)s AND pg_catalog.pg_class.relkind = ANY (ARRAY[%(param_1)s, %(param_2)s, %(param_3)s, %(param_4)s, %(param_5)s]) AND pg_catalog.pg_table_is_visible(pg_catalog.pg_class.oid) AND pg_catalog.pg_namespace.nspname != %(nspname_1)s (base.py:1842)
2025-06-17 11:29:08 [    INFO] [cached since 0.03615s ago] {'table_name': 'houses', 'param_1': 'r', 'param_2': 'p', 'param_3': 'f', 'param_4': 'v', 'param_5': 'm', 'nspname_1': 'pg_catalog'} (base.py:1842)
2025-06-17 11:29:08 [   DEBUG] Query eseguita in 0.01 secondi: SELECT pg_catalog.pg_class.relname 
FROM pg_catalog.pg_class JOIN pg_catalog.pg_namespace ON pg_catalog.pg_namespace.oid = pg_catalog.pg_class.relnamespace 
WHERE pg_catalog.pg_class.relname = %(table_name)s AND pg_catalog.pg_class.relkind = ANY (ARRAY[%(param_1)s, %(param_2)s, %(param_3)s, %(param_4)s, %(param_5)s]) AND pg_catalog.pg_table_is_visible(pg_catalog.pg_class.oid) AND pg_catalog.pg_namespace.nspname != %(nspname_1)s (session.py:30)
2025-06-17 11:29:08 [    INFO] SELECT pg_catalog.pg_class.relname 
FROM pg_catalog.pg_class JOIN pg_catalog.pg_namespace ON pg_catalog.pg_namespace.oid = pg_catalog.pg_class.relnamespace 
WHERE pg_catalog.pg_class.relname = %(table_name)s AND pg_catalog.pg_class.relkind = ANY (ARRAY[%(param_1)s, %(param_2)s, %(param_3)s, %(param_4)s, %(param_5)s]) AND pg_catalog.pg_table_is_visible(pg_catalog.pg_class.oid) AND pg_catalog.pg_namespace.nspname != %(nspname_1)s (base.py:1842)
2025-06-17 11:29:08 [    INFO] [cached since 0.04916s ago] {'table_name': 'nodes', 'param_1': 'r', 'param_2': 'p', 'param_3': 'f', 'param_4': 'v', 'param_5': 'm', 'nspname_1': 'pg_catalog'} (base.py:1842)
2025-06-17 11:29:08 [   DEBUG] Query eseguita in 0.01 secondi: SELECT pg_catalog.pg_class.relname 
FROM pg_catalog.pg_class JOIN pg_catalog.pg_namespace ON pg_catalog.pg_namespace.oid = pg_catalog.pg_class.relnamespace 
WHERE pg_catalog.pg_class.relname = %(table_name)s AND pg_catalog.pg_class.relkind = ANY (ARRAY[%(param_1)s, %(param_2)s, %(param_3)s, %(param_4)s, %(param_5)s]) AND pg_catalog.pg_table_is_visible(pg_catalog.pg_class.oid) AND pg_catalog.pg_namespace.nspname != %(nspname_1)s (session.py:30)
2025-06-17 11:29:08 [    INFO] SELECT pg_catalog.pg_class.relname 
FROM pg_catalog.pg_class JOIN pg_catalog.pg_namespace ON pg_catalog.pg_namespace.oid = pg_catalog.pg_class.relnamespace 
WHERE pg_catalog.pg_class.relname = %(table_name)s AND pg_catalog.pg_class.relkind = ANY (ARRAY[%(param_1)s, %(param_2)s, %(param_3)s, %(param_4)s, %(param_5)s]) AND pg_catalog.pg_table_is_visible(pg_catalog.pg_class.oid) AND pg_catalog.pg_namespace.nspname != %(nspname_1)s (base.py:1842)
2025-06-17 11:29:08 [    INFO] [cached since 0.05768s ago] {'table_name': 'rooms', 'param_1': 'r', 'param_2': 'p', 'param_3': 'f', 'param_4': 'v', 'param_5': 'm', 'nspname_1': 'pg_catalog'} (base.py:1842)
2025-06-17 11:29:08 [   DEBUG] Query eseguita in 0.01 secondi: SELECT pg_catalog.pg_class.relname 
FROM pg_catalog.pg_class JOIN pg_catalog.pg_namespace ON pg_catalog.pg_namespace.oid = pg_catalog.pg_class.relnamespace 
WHERE pg_catalog.pg_class.relname = %(table_name)s AND pg_catalog.pg_class.relkind = ANY (ARRAY[%(param_1)s, %(param_2)s, %(param_3)s, %(param_4)s, %(param_5)s]) AND pg_catalog.pg_table_is_visible(pg_catalog.pg_class.oid) AND pg_catalog.pg_namespace.nspname != %(nspname_1)s (session.py:30)
2025-06-17 11:29:08 [    INFO] SELECT pg_catalog.pg_class.relname 
FROM pg_catalog.pg_class JOIN pg_catalog.pg_namespace ON pg_catalog.pg_namespace.oid = pg_catalog.pg_class.relnamespace 
WHERE pg_catalog.pg_class.relname = %(table_name)s AND pg_catalog.pg_class.relkind = ANY (ARRAY[%(param_1)s, %(param_2)s, %(param_3)s, %(param_4)s, %(param_5)s]) AND pg_catalog.pg_table_is_visible(pg_catalog.pg_class.oid) AND pg_catalog.pg_namespace.nspname != %(nspname_1)s (base.py:1842)
2025-06-17 11:29:08 [    INFO] [cached since 0.06722s ago] {'table_name': 'bookings', 'param_1': 'r', 'param_2': 'p', 'param_3': 'f', 'param_4': 'v', 'param_5': 'm', 'nspname_1': 'pg_catalog'} (base.py:1842)
2025-06-17 11:29:08 [   DEBUG] Query eseguita in 0.00 secondi: SELECT pg_catalog.pg_class.relname 
FROM pg_catalog.pg_class JOIN pg_catalog.pg_namespace ON pg_catalog.pg_namespace.oid = pg_catalog.pg_class.relnamespace 
WHERE pg_catalog.pg_class.relname = %(table_name)s AND pg_catalog.pg_class.relkind = ANY (ARRAY[%(param_1)s, %(param_2)s, %(param_3)s, %(param_4)s, %(param_5)s]) AND pg_catalog.pg_table_is_visible(pg_catalog.pg_class.oid) AND pg_catalog.pg_namespace.nspname != %(nspname_1)s (session.py:30)
2025-06-17 11:29:08 [    INFO] SELECT pg_catalog.pg_class.relname 
FROM pg_catalog.pg_class JOIN pg_catalog.pg_namespace ON pg_catalog.pg_namespace.oid = pg_catalog.pg_class.relnamespace 
WHERE pg_catalog.pg_class.relname = %(table_name)s AND pg_catalog.pg_class.relkind = ANY (ARRAY[%(param_1)s, %(param_2)s, %(param_3)s, %(param_4)s, %(param_5)s]) AND pg_catalog.pg_table_is_visible(pg_catalog.pg_class.oid) AND pg_catalog.pg_namespace.nspname != %(nspname_1)s (base.py:1842)
2025-06-17 11:29:08 [    INFO] [cached since 0.076s ago] {'table_name': 'maintenance_records', 'param_1': 'r', 'param_2': 'p', 'param_3': 'f', 'param_4': 'v', 'param_5': 'm', 'nspname_1': 'pg_catalog'} (base.py:1842)
2025-06-17 11:29:08 [   DEBUG] Query eseguita in 0.01 secondi: SELECT pg_catalog.pg_class.relname 
FROM pg_catalog.pg_class JOIN pg_catalog.pg_namespace ON pg_catalog.pg_namespace.oid = pg_catalog.pg_class.relnamespace 
WHERE pg_catalog.pg_class.relname = %(table_name)s AND pg_catalog.pg_class.relkind = ANY (ARRAY[%(param_1)s, %(param_2)s, %(param_3)s, %(param_4)s, %(param_5)s]) AND pg_catalog.pg_table_is_visible(pg_catalog.pg_class.oid) AND pg_catalog.pg_namespace.nspname != %(nspname_1)s (session.py:30)
2025-06-17 11:29:08 [    INFO] SELECT pg_catalog.pg_type.typname 
FROM pg_catalog.pg_type JOIN pg_catalog.pg_namespace ON pg_catalog.pg_namespace.oid = pg_catalog.pg_type.typnamespace 
WHERE pg_catalog.pg_type.typname = %(typname_1)s AND pg_catalog.pg_type_is_visible(pg_catalog.pg_type.oid) AND pg_catalog.pg_namespace.nspname != %(nspname_1)s (base.py:1842)
2025-06-17 11:29:08 [    INFO] [generated in 0.00247s] {'typname_1': 'maintenancetype', 'nspname_1': 'pg_catalog'} (base.py:1842)
2025-06-17 11:29:08 [   DEBUG] Query eseguita in 0.00 secondi: SELECT pg_catalog.pg_type.typname 
FROM pg_catalog.pg_type JOIN pg_catalog.pg_namespace ON pg_catalog.pg_namespace.oid = pg_catalog.pg_type.typnamespace 
WHERE pg_catalog.pg_type.typname = %(typname_1)s AND pg_catalog.pg_type_is_visible(pg_catalog.pg_type.oid) AND pg_catalog.pg_namespace.nspname != %(nspname_1)s (session.py:30)
2025-06-17 11:29:08 [    INFO] CREATE TYPE maintenancetype AS ENUM ('ROUTINE', 'PREVENTIVE', 'CORRECTIVE', 'EMERGENCY', 'INSPECTION') (base.py:1842)
2025-06-17 11:29:08 [    INFO] [no key 0.00163s] {} (base.py:1842)
2025-06-17 11:29:08 [   DEBUG] Query eseguita in 0.01 secondi: CREATE TYPE maintenancetype AS ENUM ('ROUTINE', 'PREVENTIVE', 'CORRECTIVE', 'EMERGENCY', 'INSPECTION') (session.py:30)
2025-06-17 11:29:08 [    INFO] SELECT pg_catalog.pg_type.typname 
FROM pg_catalog.pg_type JOIN pg_catalog.pg_namespace ON pg_catalog.pg_namespace.oid = pg_catalog.pg_type.typnamespace 
WHERE pg_catalog.pg_type.typname = %(typname_1)s AND pg_catalog.pg_type_is_visible(pg_catalog.pg_type.oid) AND pg_catalog.pg_namespace.nspname != %(nspname_1)s (base.py:1842)
2025-06-17 11:29:08 [    INFO] [cached since 0.02676s ago] {'typname_1': 'maintenancestatus', 'nspname_1': 'pg_catalog'} (base.py:1842)
2025-06-17 11:29:08 [   DEBUG] Query eseguita in 0.01 secondi: SELECT pg_catalog.pg_type.typname 
FROM pg_catalog.pg_type JOIN pg_catalog.pg_namespace ON pg_catalog.pg_namespace.oid = pg_catalog.pg_type.typnamespace 
WHERE pg_catalog.pg_type.typname = %(typname_1)s AND pg_catalog.pg_type_is_visible(pg_catalog.pg_type.oid) AND pg_catalog.pg_namespace.nspname != %(nspname_1)s (session.py:30)
2025-06-17 11:29:08 [    INFO] CREATE TYPE maintenancestatus AS ENUM ('PENDING', 'COMPLETED', 'FAILED') (base.py:1842)
2025-06-17 11:29:08 [    INFO] [no key 0.00078s] {} (base.py:1842)
2025-06-17 11:29:08 [   DEBUG] Query eseguita in 0.00 secondi: CREATE TYPE maintenancestatus AS ENUM ('PENDING', 'COMPLETED', 'FAILED') (session.py:30)
2025-06-17 11:29:08 [    INFO] 
CREATE TABLE "user" (
	id SERIAL NOT NULL, 
	email VARCHAR NOT NULL, 
	username VARCHAR NOT NULL, 
	hashed_password VARCHAR NOT NULL, 
	is_active BOOLEAN NOT NULL, 
	is_superuser BOOLEAN NOT NULL, 
	is_verified BOOLEAN NOT NULL, 
	created_at TIMESTAMP WITHOUT TIME ZONE NOT NULL, 
	updated_at TIMESTAMP WITHOUT TIME ZONE NOT NULL, 
	last_login TIMESTAMP WITH TIME ZONE, 
	full_name VARCHAR(255), 
	phone_number VARCHAR(20), 
	PRIMARY KEY (id)
)

 (base.py:1842)
2025-06-17 11:29:08 [    INFO] [no key 0.00093s] {} (base.py:1842)
2025-06-17 11:29:08 [   DEBUG] Query eseguita in 0.04 secondi: 
CREATE TABLE "user" (
	id SERIAL NOT NULL, 
	email VARCHAR NOT NULL, 
	username VARCHAR NOT NULL, 
	hashed_password VARCHAR NOT NULL, 
	is_active BOOLEAN NOT NULL, 
	is_superuser BOOLEAN NOT NULL, 
	is_verified BOOLEAN NOT NULL, 
	created_at TIMESTAMP WITHOUT TIME ZONE NOT NULL, 
	updated_at TIMESTAMP WITHOUT TIME ZONE NOT NULL, 
	last_login TIMESTAMP WITH TIME ZONE, 
	full_name VARCHAR(255), 
	phone_number VARCHAR(20), 
	PRIMARY KEY (id)
)

 (session.py:30)
2025-06-17 11:29:08 [    INFO] CREATE UNIQUE INDEX ix_user_email ON "user" (email) (base.py:1842)
2025-06-17 11:29:08 [    INFO] [no key 0.00123s] {} (base.py:1842)
2025-06-17 11:29:08 [   DEBUG] Query eseguita in 0.01 secondi: CREATE UNIQUE INDEX ix_user_email ON "user" (email) (session.py:30)
2025-06-17 11:29:08 [    INFO] CREATE UNIQUE INDEX ix_user_username ON "user" (username) (base.py:1842)
2025-06-17 11:29:08 [    INFO] [no key 0.00154s] {} (base.py:1842)
2025-06-17 11:29:08 [   DEBUG] Query eseguita in 0.01 secondi: CREATE UNIQUE INDEX ix_user_username ON "user" (username) (session.py:30)
2025-06-17 11:29:08 [    INFO] 
CREATE TABLE houses (
	id SERIAL NOT NULL, 
	name VARCHAR NOT NULL, 
	address VARCHAR NOT NULL, 
	owner_id INTEGER NOT NULL, 
	created_at TIMESTAMP WITHOUT TIME ZONE NOT NULL, 
	updated_at TIMESTAMP WITHOUT TIME ZONE NOT NULL, 
	PRIMARY KEY (id), 
	FOREIGN KEY(owner_id) REFERENCES "user" (id)
)

 (base.py:1842)
2025-06-17 11:29:08 [    INFO] [no key 0.00278s] {} (base.py:1842)
2025-06-17 11:29:08 [   DEBUG] Query eseguita in 0.04 secondi: 
CREATE TABLE houses (
	id SERIAL NOT NULL, 
	name VARCHAR NOT NULL, 
	address VARCHAR NOT NULL, 
	owner_id INTEGER NOT NULL, 
	created_at TIMESTAMP WITHOUT TIME ZONE NOT NULL, 
	updated_at TIMESTAMP WITHOUT TIME ZONE NOT NULL, 
	PRIMARY KEY (id), 
	FOREIGN KEY(owner_id) REFERENCES "user" (id)
)

 (session.py:30)
2025-06-17 11:29:08 [    INFO] CREATE INDEX ix_houses_name ON houses (name) (base.py:1842)
2025-06-17 11:29:08 [    INFO] [no key 0.00317s] {} (base.py:1842)
2025-06-17 11:29:08 [   DEBUG] Query eseguita in 0.01 secondi: CREATE INDEX ix_houses_name ON houses (name) (session.py:30)
2025-06-17 11:29:08 [    INFO] 
CREATE TABLE rooms (
	id SERIAL NOT NULL, 
	name VARCHAR NOT NULL, 
	description VARCHAR, 
	floor INTEGER NOT NULL, 
	area FLOAT NOT NULL, 
	house_id INTEGER NOT NULL, 
	created_at TIMESTAMP WITHOUT TIME ZONE NOT NULL, 
	updated_at TIMESTAMP WITHOUT TIME ZONE NOT NULL, 
	PRIMARY KEY (id), 
	FOREIGN KEY(house_id) REFERENCES houses (id)
)

 (base.py:1842)
2025-06-17 11:29:08 [    INFO] [no key 0.00293s] {} (base.py:1842)
2025-06-17 11:29:08 [   DEBUG] Query eseguita in 0.03 secondi: 
CREATE TABLE rooms (
	id SERIAL NOT NULL, 
	name VARCHAR NOT NULL, 
	description VARCHAR, 
	floor INTEGER NOT NULL, 
	area FLOAT NOT NULL, 
	house_id INTEGER NOT NULL, 
	created_at TIMESTAMP WITHOUT TIME ZONE NOT NULL, 
	updated_at TIMESTAMP WITHOUT TIME ZONE NOT NULL, 
	PRIMARY KEY (id), 
	FOREIGN KEY(house_id) REFERENCES houses (id)
)

 (session.py:30)
2025-06-17 11:29:08 [    INFO] CREATE INDEX ix_rooms_name ON rooms (name) (base.py:1842)
2025-06-17 11:29:08 [    INFO] [no key 0.00174s] {} (base.py:1842)
2025-06-17 11:29:08 [   DEBUG] Query eseguita in 0.01 secondi: CREATE INDEX ix_rooms_name ON rooms (name) (session.py:30)
2025-06-17 11:29:08 [    INFO] 
CREATE TABLE nodes (
	id SERIAL NOT NULL, 
	name VARCHAR NOT NULL, 
	description VARCHAR, 
	nfc_id VARCHAR NOT NULL, 
	house_id INTEGER NOT NULL, 
	room_id INTEGER, 
	PRIMARY KEY (id), 
	FOREIGN KEY(house_id) REFERENCES houses (id), 
	FOREIGN KEY(room_id) REFERENCES rooms (id)
)

 (base.py:1842)
2025-06-17 11:29:08 [    INFO] [no key 0.00304s] {} (base.py:1842)
2025-06-17 11:29:08 [   DEBUG] Query eseguita in 0.04 secondi: 
CREATE TABLE nodes (
	id SERIAL NOT NULL, 
	name VARCHAR NOT NULL, 
	description VARCHAR, 
	nfc_id VARCHAR NOT NULL, 
	house_id INTEGER NOT NULL, 
	room_id INTEGER, 
	PRIMARY KEY (id), 
	FOREIGN KEY(house_id) REFERENCES houses (id), 
	FOREIGN KEY(room_id) REFERENCES rooms (id)
)

 (session.py:30)
2025-06-17 11:29:08 [    INFO] CREATE UNIQUE INDEX ix_nodes_nfc_id ON nodes (nfc_id) (base.py:1842)
2025-06-17 11:29:08 [    INFO] [no key 0.00082s] {} (base.py:1842)
2025-06-17 11:29:08 [   DEBUG] Query eseguita in 0.01 secondi: CREATE UNIQUE INDEX ix_nodes_nfc_id ON nodes (nfc_id) (session.py:30)
2025-06-17 11:29:08 [    INFO] 
CREATE TABLE bookings (
	id SERIAL NOT NULL, 
	room_id INTEGER NOT NULL, 
	user_id INTEGER NOT NULL, 
	start_time TIMESTAMP WITHOUT TIME ZONE NOT NULL, 
	end_time TIMESTAMP WITHOUT TIME ZONE NOT NULL, 
	status VARCHAR NOT NULL, 
	notes VARCHAR, 
	created_at TIMESTAMP WITHOUT TIME ZONE NOT NULL, 
	updated_at TIMESTAMP WITHOUT TIME ZONE NOT NULL, 
	PRIMARY KEY (id), 
	FOREIGN KEY(room_id) REFERENCES rooms (id), 
	FOREIGN KEY(user_id) REFERENCES "user" (id)
)

 (base.py:1842)
2025-06-17 11:29:08 [    INFO] [no key 0.00091s] {} (base.py:1842)
2025-06-17 11:29:08 [   DEBUG] Query eseguita in 0.04 secondi: 
CREATE TABLE bookings (
	id SERIAL NOT NULL, 
	room_id INTEGER NOT NULL, 
	user_id INTEGER NOT NULL, 
	start_time TIMESTAMP WITHOUT TIME ZONE NOT NULL, 
	end_time TIMESTAMP WITHOUT TIME ZONE NOT NULL, 
	status VARCHAR NOT NULL, 
	notes VARCHAR, 
	created_at TIMESTAMP WITHOUT TIME ZONE NOT NULL, 
	updated_at TIMESTAMP WITHOUT TIME ZONE NOT NULL, 
	PRIMARY KEY (id), 
	FOREIGN KEY(room_id) REFERENCES rooms (id), 
	FOREIGN KEY(user_id) REFERENCES "user" (id)
)

 (session.py:30)
2025-06-17 11:29:08 [    INFO] 
CREATE TABLE documents (
	id SERIAL NOT NULL, 
	created_at TIMESTAMP WITHOUT TIME ZONE NOT NULL, 
	updated_at TIMESTAMP WITHOUT TIME ZONE NOT NULL, 
	owner_id INTEGER NOT NULL, 
	name VARCHAR NOT NULL, 
	type VARCHAR NOT NULL, 
	size INTEGER NOT NULL, 
	upload_date TIMESTAMP WITHOUT TIME ZONE NOT NULL, 
	path VARCHAR NOT NULL, 
	checksum VARCHAR NOT NULL, 
	house_id INTEGER, 
	node_id INTEGER, 
	description VARCHAR, 
	PRIMARY KEY (id), 
	FOREIGN KEY(owner_id) REFERENCES "user" (id), 
	FOREIGN KEY(house_id) REFERENCES houses (id), 
	FOREIGN KEY(node_id) REFERENCES nodes (id)
)

 (base.py:1842)
2025-06-17 11:29:08 [    INFO] [no key 0.00319s] {} (base.py:1842)
2025-06-17 11:29:08 [   DEBUG] Query eseguita in 0.04 secondi: 
CREATE TABLE documents (
	id SERIAL NOT NULL, 
	created_at TIMESTAMP WITHOUT TIME ZONE NOT NULL, 
	updated_at TIMESTAMP WITHOUT TIME ZONE NOT NULL, 
	owner_id INTEGER NOT NULL, 
	name VARCHAR NOT NULL, 
	type VARCHAR NOT NULL, 
	size INTEGER NOT NULL, 
	upload_date TIMESTAMP WITHOUT TIME ZONE NOT NULL, 
	path VARCHAR NOT NULL, 
	checksum VARCHAR NOT NULL, 
	house_id INTEGER, 
	node_id INTEGER, 
	description VARCHAR, 
	PRIMARY KEY (id), 
	FOREIGN KEY(owner_id) REFERENCES "user" (id), 
	FOREIGN KEY(house_id) REFERENCES houses (id), 
	FOREIGN KEY(node_id) REFERENCES nodes (id)
)

 (session.py:30)
2025-06-17 11:29:08 [    INFO] CREATE INDEX ix_documents_owner_id ON documents (owner_id) (base.py:1842)
2025-06-17 11:29:08 [    INFO] [no key 0.00103s] {} (base.py:1842)
2025-06-17 11:29:08 [   DEBUG] Query eseguita in 0.01 secondi: CREATE INDEX ix_documents_owner_id ON documents (owner_id) (session.py:30)
2025-06-17 11:29:08 [    INFO] 
CREATE TABLE document_versions (
	id SERIAL NOT NULL, 
	version_number INTEGER NOT NULL, 
	file_path VARCHAR NOT NULL, 
	file_size INTEGER NOT NULL, 
	checksum VARCHAR NOT NULL, 
	created_at TIMESTAMP WITHOUT TIME ZONE NOT NULL, 
	updated_at TIMESTAMP WITHOUT TIME ZONE NOT NULL, 
	document_id INTEGER NOT NULL, 
	created_by_id INTEGER, 
	PRIMARY KEY (id), 
	FOREIGN KEY(document_id) REFERENCES documents (id), 
	FOREIGN KEY(created_by_id) REFERENCES "user" (id)
)

 (base.py:1842)
2025-06-17 11:29:08 [    INFO] [no key 0.00122s] {} (base.py:1842)
2025-06-17 11:29:08 [   DEBUG] Query eseguita in 0.05 secondi: 
CREATE TABLE document_versions (
	id SERIAL NOT NULL, 
	version_number INTEGER NOT NULL, 
	file_path VARCHAR NOT NULL, 
	file_size INTEGER NOT NULL, 
	checksum VARCHAR NOT NULL, 
	created_at TIMESTAMP WITHOUT TIME ZONE NOT NULL, 
	updated_at TIMESTAMP WITHOUT TIME ZONE NOT NULL, 
	document_id INTEGER NOT NULL, 
	created_by_id INTEGER, 
	PRIMARY KEY (id), 
	FOREIGN KEY(document_id) REFERENCES documents (id), 
	FOREIGN KEY(created_by_id) REFERENCES "user" (id)
)

 (session.py:30)
2025-06-17 11:29:08 [    INFO] CREATE INDEX ix_document_versions_version_number ON document_versions (version_number) (base.py:1842)
2025-06-17 11:29:08 [    INFO] [no key 0.00349s] {} (base.py:1842)
2025-06-17 11:29:08 [   DEBUG] Query eseguita in 0.01 secondi: CREATE INDEX ix_document_versions_version_number ON document_versions (version_number) (session.py:30)
2025-06-17 11:29:08 [    INFO] CREATE INDEX ix_document_versions_created_by_id ON document_versions (created_by_id) (base.py:1842)
2025-06-17 11:29:08 [    INFO] [no key 0.00087s] {} (base.py:1842)
2025-06-17 11:29:08 [   DEBUG] Query eseguita in 0.01 secondi: CREATE INDEX ix_document_versions_created_by_id ON document_versions (created_by_id) (session.py:30)
2025-06-17 11:29:08 [    INFO] CREATE INDEX ix_document_versions_document_id ON document_versions (document_id) (base.py:1842)
2025-06-17 11:29:08 [    INFO] [no key 0.00066s] {} (base.py:1842)
2025-06-17 11:29:08 [   DEBUG] Query eseguita in 0.01 secondi: CREATE INDEX ix_document_versions_document_id ON document_versions (document_id) (session.py:30)
2025-06-17 11:29:08 [    INFO] 
CREATE TABLE maintenance_records (
	id SERIAL NOT NULL, 
	node_id INTEGER NOT NULL, 
	timestamp TIMESTAMP WITHOUT TIME ZONE NOT NULL, 
	maintenance_type maintenancetype NOT NULL, 
	description VARCHAR NOT NULL, 
	status maintenancestatus NOT NULL, 
	notes VARCHAR, 
	document_id INTEGER, 
	PRIMARY KEY (id), 
	FOREIGN KEY(node_id) REFERENCES nodes (id), 
	FOREIGN KEY(document_id) REFERENCES documents (id)
)

 (base.py:1842)
2025-06-17 11:29:08 [    INFO] [no key 0.00117s] {} (base.py:1842)
2025-06-17 11:29:08 [   DEBUG] Query eseguita in 0.04 secondi: 
CREATE TABLE maintenance_records (
	id SERIAL NOT NULL, 
	node_id INTEGER NOT NULL, 
	timestamp TIMESTAMP WITHOUT TIME ZONE NOT NULL, 
	maintenance_type maintenancetype NOT NULL, 
	description VARCHAR NOT NULL, 
	status maintenancestatus NOT NULL, 
	notes VARCHAR, 
	document_id INTEGER, 
	PRIMARY KEY (id), 
	FOREIGN KEY(node_id) REFERENCES nodes (id), 
	FOREIGN KEY(document_id) REFERENCES documents (id)
)

 (session.py:30)
2025-06-17 11:29:08 [    INFO] CREATE INDEX ix_maintenance_records_node_id ON maintenance_records (node_id) (base.py:1842)
2025-06-17 11:29:08 [    INFO] [no key 0.00485s] {} (base.py:1842)
2025-06-17 11:29:08 [   DEBUG] Query eseguita in 0.01 secondi: CREATE INDEX ix_maintenance_records_node_id ON maintenance_records (node_id) (session.py:30)
2025-06-17 11:29:08 [    INFO] COMMIT (base.py:2704)
2025-06-17 11:29:09 [   DEBUG] Test database tables created successfully (test_users.py:52)
2025-06-17 11:29:09 [   DEBUG] Test database session created successfully (test_users.py:55)
2025-06-17 11:29:09 [   DEBUG] Overriding get_session for tests... (conftest.py:269)
2025-06-17 11:29:09 [   DEBUG] Setting up FakeRedis for tests... (conftest_redis.py:18)
2025-06-17 11:29:09 [   DEBUG] Connessione Redis stabilita con successo (redis.py:24)
-------------------------------- live log call --------------------------------
2025-06-17 11:29:09 [   DEBUG] Using proactor: IocpProactor (proactor_events.py:631)
2025-06-17 11:29:09 [    INFO] HTTP Request: POST http://testserver/api/v1/auth/register "HTTP/1.1 422 Unprocessable Entity" (_client.py:1025)
FAILED                                                                   [ 87%]
------------------------------ live log teardown ------------------------------
2025-06-17 11:29:09 [   DEBUG] Restored original Redis client (conftest_redis.py:29)
2025-06-17 11:29:09 [   DEBUG] get_session override cleared (conftest.py:275)
2025-06-17 11:29:09 [   DEBUG] Cleaning up test database session... (test_users.py:57)
2025-06-17 11:29:09 [    INFO] BEGIN (implicit) (base.py:2698)
2025-06-17 11:29:09 [    INFO] DROP SCHEMA public CASCADE (base.py:1842)
2025-06-17 11:29:09 [    INFO] [generated in 0.00373s] {} (base.py:1842)
2025-06-17 11:29:09 [   DEBUG] Query eseguita in 0.22 secondi: DROP SCHEMA public CASCADE (session.py:30)
2025-06-17 11:29:09 [    INFO] CREATE SCHEMA public (base.py:1842)
2025-06-17 11:29:09 [    INFO] [generated in 0.00103s] {} (base.py:1842)
2025-06-17 11:29:09 [   DEBUG] Query eseguita in 0.01 secondi: CREATE SCHEMA public (session.py:30)
2025-06-17 11:29:09 [    INFO] COMMIT (base.py:2704)
2025-06-17 11:29:09 [   DEBUG] Test database cleanup completed (test_users.py:63)
2025-06-17 11:29:09 [   DEBUG] Session fixture completed in 1.65 seconds (test_users.py:68)

tests/api/test_users.py::test_read_user_not_found 
------------------------------- live log setup --------------------------------
2025-06-17 11:29:09 [   DEBUG] Setting up test database session... (test_users.py:38)
2025-06-17 11:29:10 [    INFO] select pg_catalog.version() (base.py:1842)
2025-06-17 11:29:10 [    INFO] [raw sql] {} (base.py:1842)
2025-06-17 11:29:10 [    INFO] select current_schema() (base.py:1842)
2025-06-17 11:29:10 [    INFO] [raw sql] {} (base.py:1842)
2025-06-17 11:29:10 [    INFO] show standard_conforming_strings (base.py:1842)
2025-06-17 11:29:10 [    INFO] [raw sql] {} (base.py:1842)
2025-06-17 11:29:10 [    INFO] BEGIN (implicit) (base.py:2698)
2025-06-17 11:29:10 [    INFO] SELECT pg_catalog.pg_class.relname 
FROM pg_catalog.pg_class JOIN pg_catalog.pg_namespace ON pg_catalog.pg_namespace.oid = pg_catalog.pg_class.relnamespace 
WHERE pg_catalog.pg_class.relname = %(table_name)s AND pg_catalog.pg_class.relkind = ANY (ARRAY[%(param_1)s, %(param_2)s, %(param_3)s, %(param_4)s, %(param_5)s]) AND pg_catalog.pg_table_is_visible(pg_catalog.pg_class.oid) AND pg_catalog.pg_namespace.nspname != %(nspname_1)s (base.py:1842)
2025-06-17 11:29:10 [    INFO] [generated in 0.00101s] {'table_name': 'user', 'param_1': 'r', 'param_2': 'p', 'param_3': 'f', 'param_4': 'v', 'param_5': 'm', 'nspname_1': 'pg_catalog'} (base.py:1842)
2025-06-17 11:29:10 [   DEBUG] Query eseguita in 0.02 secondi: SELECT pg_catalog.pg_class.relname 
FROM pg_catalog.pg_class JOIN pg_catalog.pg_namespace ON pg_catalog.pg_namespace.oid = pg_catalog.pg_class.relnamespace 
WHERE pg_catalog.pg_class.relname = %(table_name)s AND pg_catalog.pg_class.relkind = ANY (ARRAY[%(param_1)s, %(param_2)s, %(param_3)s, %(param_4)s, %(param_5)s]) AND pg_catalog.pg_table_is_visible(pg_catalog.pg_class.oid) AND pg_catalog.pg_namespace.nspname != %(nspname_1)s (session.py:30)
2025-06-17 11:29:10 [    INFO] SELECT pg_catalog.pg_class.relname 
FROM pg_catalog.pg_class JOIN pg_catalog.pg_namespace ON pg_catalog.pg_namespace.oid = pg_catalog.pg_class.relnamespace 
WHERE pg_catalog.pg_class.relname = %(table_name)s AND pg_catalog.pg_class.relkind = ANY (ARRAY[%(param_1)s, %(param_2)s, %(param_3)s, %(param_4)s, %(param_5)s]) AND pg_catalog.pg_table_is_visible(pg_catalog.pg_class.oid) AND pg_catalog.pg_namespace.nspname != %(nspname_1)s (base.py:1842)
2025-06-17 11:29:10 [    INFO] [cached since 0.03231s ago] {'table_name': 'documents', 'param_1': 'r', 'param_2': 'p', 'param_3': 'f', 'param_4': 'v', 'param_5': 'm', 'nspname_1': 'pg_catalog'} (base.py:1842)
2025-06-17 11:29:10 [   DEBUG] Query eseguita in 0.01 secondi: SELECT pg_catalog.pg_class.relname 
FROM pg_catalog.pg_class JOIN pg_catalog.pg_namespace ON pg_catalog.pg_namespace.oid = pg_catalog.pg_class.relnamespace 
WHERE pg_catalog.pg_class.relname = %(table_name)s AND pg_catalog.pg_class.relkind = ANY (ARRAY[%(param_1)s, %(param_2)s, %(param_3)s, %(param_4)s, %(param_5)s]) AND pg_catalog.pg_table_is_visible(pg_catalog.pg_class.oid) AND pg_catalog.pg_namespace.nspname != %(nspname_1)s (session.py:30)
2025-06-17 11:29:10 [    INFO] SELECT pg_catalog.pg_class.relname 
FROM pg_catalog.pg_class JOIN pg_catalog.pg_namespace ON pg_catalog.pg_namespace.oid = pg_catalog.pg_class.relnamespace 
WHERE pg_catalog.pg_class.relname = %(table_name)s AND pg_catalog.pg_class.relkind = ANY (ARRAY[%(param_1)s, %(param_2)s, %(param_3)s, %(param_4)s, %(param_5)s]) AND pg_catalog.pg_table_is_visible(pg_catalog.pg_class.oid) AND pg_catalog.pg_namespace.nspname != %(nspname_1)s (base.py:1842)
2025-06-17 11:29:10 [    INFO] [cached since 0.04731s ago] {'table_name': 'document_versions', 'param_1': 'r', 'param_2': 'p', 'param_3': 'f', 'param_4': 'v', 'param_5': 'm', 'nspname_1': 'pg_catalog'} (base.py:1842)
2025-06-17 11:29:10 [   DEBUG] Query eseguita in 0.01 secondi: SELECT pg_catalog.pg_class.relname 
FROM pg_catalog.pg_class JOIN pg_catalog.pg_namespace ON pg_catalog.pg_namespace.oid = pg_catalog.pg_class.relnamespace 
WHERE pg_catalog.pg_class.relname = %(table_name)s AND pg_catalog.pg_class.relkind = ANY (ARRAY[%(param_1)s, %(param_2)s, %(param_3)s, %(param_4)s, %(param_5)s]) AND pg_catalog.pg_table_is_visible(pg_catalog.pg_class.oid) AND pg_catalog.pg_namespace.nspname != %(nspname_1)s (session.py:30)
2025-06-17 11:29:10 [    INFO] SELECT pg_catalog.pg_class.relname 
FROM pg_catalog.pg_class JOIN pg_catalog.pg_namespace ON pg_catalog.pg_namespace.oid = pg_catalog.pg_class.relnamespace 
WHERE pg_catalog.pg_class.relname = %(table_name)s AND pg_catalog.pg_class.relkind = ANY (ARRAY[%(param_1)s, %(param_2)s, %(param_3)s, %(param_4)s, %(param_5)s]) AND pg_catalog.pg_table_is_visible(pg_catalog.pg_class.oid) AND pg_catalog.pg_namespace.nspname != %(nspname_1)s (base.py:1842)
2025-06-17 11:29:10 [    INFO] [cached since 0.06046s ago] {'table_name': 'houses', 'param_1': 'r', 'param_2': 'p', 'param_3': 'f', 'param_4': 'v', 'param_5': 'm', 'nspname_1': 'pg_catalog'} (base.py:1842)
2025-06-17 11:29:10 [   DEBUG] Query eseguita in 0.01 secondi: SELECT pg_catalog.pg_class.relname 
FROM pg_catalog.pg_class JOIN pg_catalog.pg_namespace ON pg_catalog.pg_namespace.oid = pg_catalog.pg_class.relnamespace 
WHERE pg_catalog.pg_class.relname = %(table_name)s AND pg_catalog.pg_class.relkind = ANY (ARRAY[%(param_1)s, %(param_2)s, %(param_3)s, %(param_4)s, %(param_5)s]) AND pg_catalog.pg_table_is_visible(pg_catalog.pg_class.oid) AND pg_catalog.pg_namespace.nspname != %(nspname_1)s (session.py:30)
2025-06-17 11:29:10 [    INFO] SELECT pg_catalog.pg_class.relname 
FROM pg_catalog.pg_class JOIN pg_catalog.pg_namespace ON pg_catalog.pg_namespace.oid = pg_catalog.pg_class.relnamespace 
WHERE pg_catalog.pg_class.relname = %(table_name)s AND pg_catalog.pg_class.relkind = ANY (ARRAY[%(param_1)s, %(param_2)s, %(param_3)s, %(param_4)s, %(param_5)s]) AND pg_catalog.pg_table_is_visible(pg_catalog.pg_class.oid) AND pg_catalog.pg_namespace.nspname != %(nspname_1)s (base.py:1842)
2025-06-17 11:29:10 [    INFO] [cached since 0.07168s ago] {'table_name': 'nodes', 'param_1': 'r', 'param_2': 'p', 'param_3': 'f', 'param_4': 'v', 'param_5': 'm', 'nspname_1': 'pg_catalog'} (base.py:1842)
2025-06-17 11:29:10 [   DEBUG] Query eseguita in 0.01 secondi: SELECT pg_catalog.pg_class.relname 
FROM pg_catalog.pg_class JOIN pg_catalog.pg_namespace ON pg_catalog.pg_namespace.oid = pg_catalog.pg_class.relnamespace 
WHERE pg_catalog.pg_class.relname = %(table_name)s AND pg_catalog.pg_class.relkind = ANY (ARRAY[%(param_1)s, %(param_2)s, %(param_3)s, %(param_4)s, %(param_5)s]) AND pg_catalog.pg_table_is_visible(pg_catalog.pg_class.oid) AND pg_catalog.pg_namespace.nspname != %(nspname_1)s (session.py:30)
2025-06-17 11:29:10 [    INFO] SELECT pg_catalog.pg_class.relname 
FROM pg_catalog.pg_class JOIN pg_catalog.pg_namespace ON pg_catalog.pg_namespace.oid = pg_catalog.pg_class.relnamespace 
WHERE pg_catalog.pg_class.relname = %(table_name)s AND pg_catalog.pg_class.relkind = ANY (ARRAY[%(param_1)s, %(param_2)s, %(param_3)s, %(param_4)s, %(param_5)s]) AND pg_catalog.pg_table_is_visible(pg_catalog.pg_class.oid) AND pg_catalog.pg_namespace.nspname != %(nspname_1)s (base.py:1842)
2025-06-17 11:29:10 [    INFO] [cached since 0.08309s ago] {'table_name': 'rooms', 'param_1': 'r', 'param_2': 'p', 'param_3': 'f', 'param_4': 'v', 'param_5': 'm', 'nspname_1': 'pg_catalog'} (base.py:1842)
2025-06-17 11:29:10 [   DEBUG] Query eseguita in 0.00 secondi: SELECT pg_catalog.pg_class.relname 
FROM pg_catalog.pg_class JOIN pg_catalog.pg_namespace ON pg_catalog.pg_namespace.oid = pg_catalog.pg_class.relnamespace 
WHERE pg_catalog.pg_class.relname = %(table_name)s AND pg_catalog.pg_class.relkind = ANY (ARRAY[%(param_1)s, %(param_2)s, %(param_3)s, %(param_4)s, %(param_5)s]) AND pg_catalog.pg_table_is_visible(pg_catalog.pg_class.oid) AND pg_catalog.pg_namespace.nspname != %(nspname_1)s (session.py:30)
2025-06-17 11:29:10 [    INFO] SELECT pg_catalog.pg_class.relname 
FROM pg_catalog.pg_class JOIN pg_catalog.pg_namespace ON pg_catalog.pg_namespace.oid = pg_catalog.pg_class.relnamespace 
WHERE pg_catalog.pg_class.relname = %(table_name)s AND pg_catalog.pg_class.relkind = ANY (ARRAY[%(param_1)s, %(param_2)s, %(param_3)s, %(param_4)s, %(param_5)s]) AND pg_catalog.pg_table_is_visible(pg_catalog.pg_class.oid) AND pg_catalog.pg_namespace.nspname != %(nspname_1)s (base.py:1842)
2025-06-17 11:29:10 [    INFO] [cached since 0.09029s ago] {'table_name': 'bookings', 'param_1': 'r', 'param_2': 'p', 'param_3': 'f', 'param_4': 'v', 'param_5': 'm', 'nspname_1': 'pg_catalog'} (base.py:1842)
2025-06-17 11:29:10 [   DEBUG] Query eseguita in 0.01 secondi: SELECT pg_catalog.pg_class.relname 
FROM pg_catalog.pg_class JOIN pg_catalog.pg_namespace ON pg_catalog.pg_namespace.oid = pg_catalog.pg_class.relnamespace 
WHERE pg_catalog.pg_class.relname = %(table_name)s AND pg_catalog.pg_class.relkind = ANY (ARRAY[%(param_1)s, %(param_2)s, %(param_3)s, %(param_4)s, %(param_5)s]) AND pg_catalog.pg_table_is_visible(pg_catalog.pg_class.oid) AND pg_catalog.pg_namespace.nspname != %(nspname_1)s (session.py:30)
2025-06-17 11:29:10 [    INFO] SELECT pg_catalog.pg_class.relname 
FROM pg_catalog.pg_class JOIN pg_catalog.pg_namespace ON pg_catalog.pg_namespace.oid = pg_catalog.pg_class.relnamespace 
WHERE pg_catalog.pg_class.relname = %(table_name)s AND pg_catalog.pg_class.relkind = ANY (ARRAY[%(param_1)s, %(param_2)s, %(param_3)s, %(param_4)s, %(param_5)s]) AND pg_catalog.pg_table_is_visible(pg_catalog.pg_class.oid) AND pg_catalog.pg_namespace.nspname != %(nspname_1)s (base.py:1842)
2025-06-17 11:29:10 [    INFO] [cached since 0.1011s ago] {'table_name': 'maintenance_records', 'param_1': 'r', 'param_2': 'p', 'param_3': 'f', 'param_4': 'v', 'param_5': 'm', 'nspname_1': 'pg_catalog'} (base.py:1842)
2025-06-17 11:29:10 [   DEBUG] Query eseguita in 0.01 secondi: SELECT pg_catalog.pg_class.relname 
FROM pg_catalog.pg_class JOIN pg_catalog.pg_namespace ON pg_catalog.pg_namespace.oid = pg_catalog.pg_class.relnamespace 
WHERE pg_catalog.pg_class.relname = %(table_name)s AND pg_catalog.pg_class.relkind = ANY (ARRAY[%(param_1)s, %(param_2)s, %(param_3)s, %(param_4)s, %(param_5)s]) AND pg_catalog.pg_table_is_visible(pg_catalog.pg_class.oid) AND pg_catalog.pg_namespace.nspname != %(nspname_1)s (session.py:30)
2025-06-17 11:29:10 [    INFO] SELECT pg_catalog.pg_type.typname 
FROM pg_catalog.pg_type JOIN pg_catalog.pg_namespace ON pg_catalog.pg_namespace.oid = pg_catalog.pg_type.typnamespace 
WHERE pg_catalog.pg_type.typname = %(typname_1)s AND pg_catalog.pg_type_is_visible(pg_catalog.pg_type.oid) AND pg_catalog.pg_namespace.nspname != %(nspname_1)s (base.py:1842)
2025-06-17 11:29:10 [    INFO] [generated in 0.00156s] {'typname_1': 'maintenancetype', 'nspname_1': 'pg_catalog'} (base.py:1842)
2025-06-17 11:29:10 [   DEBUG] Query eseguita in 0.01 secondi: SELECT pg_catalog.pg_type.typname 
FROM pg_catalog.pg_type JOIN pg_catalog.pg_namespace ON pg_catalog.pg_namespace.oid = pg_catalog.pg_type.typnamespace 
WHERE pg_catalog.pg_type.typname = %(typname_1)s AND pg_catalog.pg_type_is_visible(pg_catalog.pg_type.oid) AND pg_catalog.pg_namespace.nspname != %(nspname_1)s (session.py:30)
2025-06-17 11:29:10 [    INFO] CREATE TYPE maintenancetype AS ENUM ('ROUTINE', 'PREVENTIVE', 'CORRECTIVE', 'EMERGENCY', 'INSPECTION') (base.py:1842)
2025-06-17 11:29:10 [    INFO] [no key 0.00088s] {} (base.py:1842)
2025-06-17 11:29:10 [   DEBUG] Query eseguita in 0.01 secondi: CREATE TYPE maintenancetype AS ENUM ('ROUTINE', 'PREVENTIVE', 'CORRECTIVE', 'EMERGENCY', 'INSPECTION') (session.py:30)
2025-06-17 11:29:10 [    INFO] SELECT pg_catalog.pg_type.typname 
FROM pg_catalog.pg_type JOIN pg_catalog.pg_namespace ON pg_catalog.pg_namespace.oid = pg_catalog.pg_type.typnamespace 
WHERE pg_catalog.pg_type.typname = %(typname_1)s AND pg_catalog.pg_type_is_visible(pg_catalog.pg_type.oid) AND pg_catalog.pg_namespace.nspname != %(nspname_1)s (base.py:1842)
2025-06-17 11:29:10 [    INFO] [cached since 0.03265s ago] {'typname_1': 'maintenancestatus', 'nspname_1': 'pg_catalog'} (base.py:1842)
2025-06-17 11:29:10 [   DEBUG] Query eseguita in 0.00 secondi: SELECT pg_catalog.pg_type.typname 
FROM pg_catalog.pg_type JOIN pg_catalog.pg_namespace ON pg_catalog.pg_namespace.oid = pg_catalog.pg_type.typnamespace 
WHERE pg_catalog.pg_type.typname = %(typname_1)s AND pg_catalog.pg_type_is_visible(pg_catalog.pg_type.oid) AND pg_catalog.pg_namespace.nspname != %(nspname_1)s (session.py:30)
2025-06-17 11:29:10 [    INFO] CREATE TYPE maintenancestatus AS ENUM ('PENDING', 'COMPLETED', 'FAILED') (base.py:1842)
2025-06-17 11:29:10 [    INFO] [no key 0.00184s] {} (base.py:1842)
2025-06-17 11:29:10 [   DEBUG] Query eseguita in 0.01 secondi: CREATE TYPE maintenancestatus AS ENUM ('PENDING', 'COMPLETED', 'FAILED') (session.py:30)
2025-06-17 11:29:10 [    INFO] 
CREATE TABLE "user" (
	id SERIAL NOT NULL, 
	email VARCHAR NOT NULL, 
	username VARCHAR NOT NULL, 
	hashed_password VARCHAR NOT NULL, 
	is_active BOOLEAN NOT NULL, 
	is_superuser BOOLEAN NOT NULL, 
	is_verified BOOLEAN NOT NULL, 
	created_at TIMESTAMP WITHOUT TIME ZONE NOT NULL, 
	updated_at TIMESTAMP WITHOUT TIME ZONE NOT NULL, 
	last_login TIMESTAMP WITH TIME ZONE, 
	full_name VARCHAR(255), 
	phone_number VARCHAR(20), 
	PRIMARY KEY (id)
)

 (base.py:1842)
2025-06-17 11:29:10 [    INFO] [no key 0.00172s] {} (base.py:1842)
2025-06-17 11:29:10 [   DEBUG] Query eseguita in 0.04 secondi: 
CREATE TABLE "user" (
	id SERIAL NOT NULL, 
	email VARCHAR NOT NULL, 
	username VARCHAR NOT NULL, 
	hashed_password VARCHAR NOT NULL, 
	is_active BOOLEAN NOT NULL, 
	is_superuser BOOLEAN NOT NULL, 
	is_verified BOOLEAN NOT NULL, 
	created_at TIMESTAMP WITHOUT TIME ZONE NOT NULL, 
	updated_at TIMESTAMP WITHOUT TIME ZONE NOT NULL, 
	last_login TIMESTAMP WITH TIME ZONE, 
	full_name VARCHAR(255), 
	phone_number VARCHAR(20), 
	PRIMARY KEY (id)
)

 (session.py:30)
2025-06-17 11:29:10 [    INFO] CREATE UNIQUE INDEX ix_user_email ON "user" (email) (base.py:1842)
2025-06-17 11:29:10 [    INFO] [no key 0.00317s] {} (base.py:1842)
2025-06-17 11:29:10 [   DEBUG] Query eseguita in 0.01 secondi: CREATE UNIQUE INDEX ix_user_email ON "user" (email) (session.py:30)
2025-06-17 11:29:10 [    INFO] CREATE UNIQUE INDEX ix_user_username ON "user" (username) (base.py:1842)
2025-06-17 11:29:10 [    INFO] [no key 0.00304s] {} (base.py:1842)
2025-06-17 11:29:10 [   DEBUG] Query eseguita in 0.02 secondi: CREATE UNIQUE INDEX ix_user_username ON "user" (username) (session.py:30)
2025-06-17 11:29:10 [    INFO] 
CREATE TABLE houses (
	id SERIAL NOT NULL, 
	name VARCHAR NOT NULL, 
	address VARCHAR NOT NULL, 
	owner_id INTEGER NOT NULL, 
	created_at TIMESTAMP WITHOUT TIME ZONE NOT NULL, 
	updated_at TIMESTAMP WITHOUT TIME ZONE NOT NULL, 
	PRIMARY KEY (id), 
	FOREIGN KEY(owner_id) REFERENCES "user" (id)
)

 (base.py:1842)
2025-06-17 11:29:10 [    INFO] [no key 0.00149s] {} (base.py:1842)
2025-06-17 11:29:10 [   DEBUG] Query eseguita in 0.05 secondi: 
CREATE TABLE houses (
	id SERIAL NOT NULL, 
	name VARCHAR NOT NULL, 
	address VARCHAR NOT NULL, 
	owner_id INTEGER NOT NULL, 
	created_at TIMESTAMP WITHOUT TIME ZONE NOT NULL, 
	updated_at TIMESTAMP WITHOUT TIME ZONE NOT NULL, 
	PRIMARY KEY (id), 
	FOREIGN KEY(owner_id) REFERENCES "user" (id)
)

 (session.py:30)
2025-06-17 11:29:10 [    INFO] CREATE INDEX ix_houses_name ON houses (name) (base.py:1842)
2025-06-17 11:29:10 [    INFO] [no key 0.00432s] {} (base.py:1842)
2025-06-17 11:29:10 [   DEBUG] Query eseguita in 0.02 secondi: CREATE INDEX ix_houses_name ON houses (name) (session.py:30)
2025-06-17 11:29:10 [    INFO] 
CREATE TABLE rooms (
	id SERIAL NOT NULL, 
	name VARCHAR NOT NULL, 
	description VARCHAR, 
	floor INTEGER NOT NULL, 
	area FLOAT NOT NULL, 
	house_id INTEGER NOT NULL, 
	created_at TIMESTAMP WITHOUT TIME ZONE NOT NULL, 
	updated_at TIMESTAMP WITHOUT TIME ZONE NOT NULL, 
	PRIMARY KEY (id), 
	FOREIGN KEY(house_id) REFERENCES houses (id)
)

 (base.py:1842)
2025-06-17 11:29:10 [    INFO] [no key 0.00112s] {} (base.py:1842)
2025-06-17 11:29:10 [   DEBUG] Query eseguita in 0.03 secondi: 
CREATE TABLE rooms (
	id SERIAL NOT NULL, 
	name VARCHAR NOT NULL, 
	description VARCHAR, 
	floor INTEGER NOT NULL, 
	area FLOAT NOT NULL, 
	house_id INTEGER NOT NULL, 
	created_at TIMESTAMP WITHOUT TIME ZONE NOT NULL, 
	updated_at TIMESTAMP WITHOUT TIME ZONE NOT NULL, 
	PRIMARY KEY (id), 
	FOREIGN KEY(house_id) REFERENCES houses (id)
)

 (session.py:30)
2025-06-17 11:29:10 [    INFO] CREATE INDEX ix_rooms_name ON rooms (name) (base.py:1842)
2025-06-17 11:29:10 [    INFO] [no key 0.00086s] {} (base.py:1842)
2025-06-17 11:29:10 [   DEBUG] Query eseguita in 0.01 secondi: CREATE INDEX ix_rooms_name ON rooms (name) (session.py:30)
2025-06-17 11:29:10 [    INFO] 
CREATE TABLE nodes (
	id SERIAL NOT NULL, 
	name VARCHAR NOT NULL, 
	description VARCHAR, 
	nfc_id VARCHAR NOT NULL, 
	house_id INTEGER NOT NULL, 
	room_id INTEGER, 
	PRIMARY KEY (id), 
	FOREIGN KEY(house_id) REFERENCES houses (id), 
	FOREIGN KEY(room_id) REFERENCES rooms (id)
)

 (base.py:1842)
2025-06-17 11:29:10 [    INFO] [no key 0.00146s] {} (base.py:1842)
2025-06-17 11:29:10 [   DEBUG] Query eseguita in 0.04 secondi: 
CREATE TABLE nodes (
	id SERIAL NOT NULL, 
	name VARCHAR NOT NULL, 
	description VARCHAR, 
	nfc_id VARCHAR NOT NULL, 
	house_id INTEGER NOT NULL, 
	room_id INTEGER, 
	PRIMARY KEY (id), 
	FOREIGN KEY(house_id) REFERENCES houses (id), 
	FOREIGN KEY(room_id) REFERENCES rooms (id)
)

 (session.py:30)
2025-06-17 11:29:10 [    INFO] CREATE UNIQUE INDEX ix_nodes_nfc_id ON nodes (nfc_id) (base.py:1842)
2025-06-17 11:29:10 [    INFO] [no key 0.00219s] {} (base.py:1842)
2025-06-17 11:29:10 [   DEBUG] Query eseguita in 0.01 secondi: CREATE UNIQUE INDEX ix_nodes_nfc_id ON nodes (nfc_id) (session.py:30)
2025-06-17 11:29:10 [    INFO] 
CREATE TABLE bookings (
	id SERIAL NOT NULL, 
	room_id INTEGER NOT NULL, 
	user_id INTEGER NOT NULL, 
	start_time TIMESTAMP WITHOUT TIME ZONE NOT NULL, 
	end_time TIMESTAMP WITHOUT TIME ZONE NOT NULL, 
	status VARCHAR NOT NULL, 
	notes VARCHAR, 
	created_at TIMESTAMP WITHOUT TIME ZONE NOT NULL, 
	updated_at TIMESTAMP WITHOUT TIME ZONE NOT NULL, 
	PRIMARY KEY (id), 
	FOREIGN KEY(room_id) REFERENCES rooms (id), 
	FOREIGN KEY(user_id) REFERENCES "user" (id)
)

 (base.py:1842)
2025-06-17 11:29:10 [    INFO] [no key 0.00143s] {} (base.py:1842)
2025-06-17 11:29:10 [   DEBUG] Query eseguita in 0.04 secondi: 
CREATE TABLE bookings (
	id SERIAL NOT NULL, 
	room_id INTEGER NOT NULL, 
	user_id INTEGER NOT NULL, 
	start_time TIMESTAMP WITHOUT TIME ZONE NOT NULL, 
	end_time TIMESTAMP WITHOUT TIME ZONE NOT NULL, 
	status VARCHAR NOT NULL, 
	notes VARCHAR, 
	created_at TIMESTAMP WITHOUT TIME ZONE NOT NULL, 
	updated_at TIMESTAMP WITHOUT TIME ZONE NOT NULL, 
	PRIMARY KEY (id), 
	FOREIGN KEY(room_id) REFERENCES rooms (id), 
	FOREIGN KEY(user_id) REFERENCES "user" (id)
)

 (session.py:30)
2025-06-17 11:29:10 [    INFO] 
CREATE TABLE documents (
	id SERIAL NOT NULL, 
	created_at TIMESTAMP WITHOUT TIME ZONE NOT NULL, 
	updated_at TIMESTAMP WITHOUT TIME ZONE NOT NULL, 
	owner_id INTEGER NOT NULL, 
	name VARCHAR NOT NULL, 
	type VARCHAR NOT NULL, 
	size INTEGER NOT NULL, 
	upload_date TIMESTAMP WITHOUT TIME ZONE NOT NULL, 
	path VARCHAR NOT NULL, 
	checksum VARCHAR NOT NULL, 
	house_id INTEGER, 
	node_id INTEGER, 
	description VARCHAR, 
	PRIMARY KEY (id), 
	FOREIGN KEY(owner_id) REFERENCES "user" (id), 
	FOREIGN KEY(house_id) REFERENCES houses (id), 
	FOREIGN KEY(node_id) REFERENCES nodes (id)
)

 (base.py:1842)
2025-06-17 11:29:10 [    INFO] [no key 0.00349s] {} (base.py:1842)
2025-06-17 11:29:11 [   DEBUG] Query eseguita in 0.04 secondi: 
CREATE TABLE documents (
	id SERIAL NOT NULL, 
	created_at TIMESTAMP WITHOUT TIME ZONE NOT NULL, 
	updated_at TIMESTAMP WITHOUT TIME ZONE NOT NULL, 
	owner_id INTEGER NOT NULL, 
	name VARCHAR NOT NULL, 
	type VARCHAR NOT NULL, 
	size INTEGER NOT NULL, 
	upload_date TIMESTAMP WITHOUT TIME ZONE NOT NULL, 
	path VARCHAR NOT NULL, 
	checksum VARCHAR NOT NULL, 
	house_id INTEGER, 
	node_id INTEGER, 
	description VARCHAR, 
	PRIMARY KEY (id), 
	FOREIGN KEY(owner_id) REFERENCES "user" (id), 
	FOREIGN KEY(house_id) REFERENCES houses (id), 
	FOREIGN KEY(node_id) REFERENCES nodes (id)
)

 (session.py:30)
2025-06-17 11:29:11 [    INFO] CREATE INDEX ix_documents_owner_id ON documents (owner_id) (base.py:1842)
2025-06-17 11:29:11 [    INFO] [no key 0.00161s] {} (base.py:1842)
2025-06-17 11:29:11 [   DEBUG] Query eseguita in 0.01 secondi: CREATE INDEX ix_documents_owner_id ON documents (owner_id) (session.py:30)
2025-06-17 11:29:11 [    INFO] 
CREATE TABLE document_versions (
	id SERIAL NOT NULL, 
	version_number INTEGER NOT NULL, 
	file_path VARCHAR NOT NULL, 
	file_size INTEGER NOT NULL, 
	checksum VARCHAR NOT NULL, 
	created_at TIMESTAMP WITHOUT TIME ZONE NOT NULL, 
	updated_at TIMESTAMP WITHOUT TIME ZONE NOT NULL, 
	document_id INTEGER NOT NULL, 
	created_by_id INTEGER, 
	PRIMARY KEY (id), 
	FOREIGN KEY(document_id) REFERENCES documents (id), 
	FOREIGN KEY(created_by_id) REFERENCES "user" (id)
)

 (base.py:1842)
2025-06-17 11:29:11 [    INFO] [no key 0.00366s] {} (base.py:1842)
2025-06-17 11:29:11 [   DEBUG] Query eseguita in 0.06 secondi: 
CREATE TABLE document_versions (
	id SERIAL NOT NULL, 
	version_number INTEGER NOT NULL, 
	file_path VARCHAR NOT NULL, 
	file_size INTEGER NOT NULL, 
	checksum VARCHAR NOT NULL, 
	created_at TIMESTAMP WITHOUT TIME ZONE NOT NULL, 
	updated_at TIMESTAMP WITHOUT TIME ZONE NOT NULL, 
	document_id INTEGER NOT NULL, 
	created_by_id INTEGER, 
	PRIMARY KEY (id), 
	FOREIGN KEY(document_id) REFERENCES documents (id), 
	FOREIGN KEY(created_by_id) REFERENCES "user" (id)
)

 (session.py:30)
2025-06-17 11:29:11 [    INFO] CREATE INDEX ix_document_versions_version_number ON document_versions (version_number) (base.py:1842)
2025-06-17 11:29:11 [    INFO] [no key 0.00084s] {} (base.py:1842)
2025-06-17 11:29:11 [   DEBUG] Query eseguita in 0.01 secondi: CREATE INDEX ix_document_versions_version_number ON document_versions (version_number) (session.py:30)
2025-06-17 11:29:11 [    INFO] CREATE INDEX ix_document_versions_created_by_id ON document_versions (created_by_id) (base.py:1842)
2025-06-17 11:29:11 [    INFO] [no key 0.00120s] {} (base.py:1842)
2025-06-17 11:29:11 [   DEBUG] Query eseguita in 0.01 secondi: CREATE INDEX ix_document_versions_created_by_id ON document_versions (created_by_id) (session.py:30)
2025-06-17 11:29:11 [    INFO] CREATE INDEX ix_document_versions_document_id ON document_versions (document_id) (base.py:1842)
2025-06-17 11:29:11 [    INFO] [no key 0.00091s] {} (base.py:1842)
2025-06-17 11:29:11 [   DEBUG] Query eseguita in 0.01 secondi: CREATE INDEX ix_document_versions_document_id ON document_versions (document_id) (session.py:30)
2025-06-17 11:29:11 [    INFO] 
CREATE TABLE maintenance_records (
	id SERIAL NOT NULL, 
	node_id INTEGER NOT NULL, 
	timestamp TIMESTAMP WITHOUT TIME ZONE NOT NULL, 
	maintenance_type maintenancetype NOT NULL, 
	description VARCHAR NOT NULL, 
	status maintenancestatus NOT NULL, 
	notes VARCHAR, 
	document_id INTEGER, 
	PRIMARY KEY (id), 
	FOREIGN KEY(node_id) REFERENCES nodes (id), 
	FOREIGN KEY(document_id) REFERENCES documents (id)
)

 (base.py:1842)
2025-06-17 11:29:11 [    INFO] [no key 0.00154s] {} (base.py:1842)
2025-06-17 11:29:11 [   DEBUG] Query eseguita in 0.06 secondi: 
CREATE TABLE maintenance_records (
	id SERIAL NOT NULL, 
	node_id INTEGER NOT NULL, 
	timestamp TIMESTAMP WITHOUT TIME ZONE NOT NULL, 
	maintenance_type maintenancetype NOT NULL, 
	description VARCHAR NOT NULL, 
	status maintenancestatus NOT NULL, 
	notes VARCHAR, 
	document_id INTEGER, 
	PRIMARY KEY (id), 
	FOREIGN KEY(node_id) REFERENCES nodes (id), 
	FOREIGN KEY(document_id) REFERENCES documents (id)
)

 (session.py:30)
2025-06-17 11:29:11 [    INFO] CREATE INDEX ix_maintenance_records_node_id ON maintenance_records (node_id) (base.py:1842)
2025-06-17 11:29:11 [    INFO] [no key 0.00405s] {} (base.py:1842)
2025-06-17 11:29:11 [   DEBUG] Query eseguita in 0.01 secondi: CREATE INDEX ix_maintenance_records_node_id ON maintenance_records (node_id) (session.py:30)
2025-06-17 11:29:11 [    INFO] COMMIT (base.py:2704)
2025-06-17 11:29:11 [   DEBUG] Test database tables created successfully (test_users.py:52)
2025-06-17 11:29:11 [   DEBUG] Test database session created successfully (test_users.py:55)
2025-06-17 11:29:11 [   DEBUG] Overriding get_session for tests... (conftest.py:269)
2025-06-17 11:29:11 [   DEBUG] Setting up FakeRedis for tests... (conftest_redis.py:18)
2025-06-17 11:29:11 [   DEBUG] Connessione Redis stabilita con successo (redis.py:24)
-------------------------------- live log call --------------------------------
2025-06-17 11:29:11 [   DEBUG] Using proactor: IocpProactor (proactor_events.py:631)
2025-06-17 11:29:11 [    INFO] HTTP Request: GET http://testserver/api/v1/users/999 "HTTP/1.1 401 Unauthorized" (_client.py:1025)
FAILED                                                                   [ 89%]
------------------------------ live log teardown ------------------------------
2025-06-17 11:29:11 [   DEBUG] Restored original Redis client (conftest_redis.py:29)
2025-06-17 11:29:11 [   DEBUG] get_session override cleared (conftest.py:275)
2025-06-17 11:29:11 [   DEBUG] Cleaning up test database session... (test_users.py:57)
2025-06-17 11:29:11 [    INFO] BEGIN (implicit) (base.py:2698)
2025-06-17 11:29:11 [    INFO] DROP SCHEMA public CASCADE (base.py:1842)
2025-06-17 11:29:11 [    INFO] [generated in 0.00462s] {} (base.py:1842)
2025-06-17 11:29:11 [   DEBUG] Query eseguita in 0.10 secondi: DROP SCHEMA public CASCADE (session.py:30)
2025-06-17 11:29:11 [    INFO] CREATE SCHEMA public (base.py:1842)
2025-06-17 11:29:11 [    INFO] [generated in 0.00129s] {} (base.py:1842)
2025-06-17 11:29:11 [   DEBUG] Query eseguita in 0.01 secondi: CREATE SCHEMA public (session.py:30)
2025-06-17 11:29:11 [    INFO] COMMIT (base.py:2704)
2025-06-17 11:29:11 [   DEBUG] Test database cleanup completed (test_users.py:63)
2025-06-17 11:29:11 [   DEBUG] Session fixture completed in 2.06 seconds (test_users.py:68)

tests/api/test_users.py::test_update_user 
------------------------------- live log setup --------------------------------
2025-06-17 11:29:11 [   DEBUG] Setting up test database session... (test_users.py:38)
2025-06-17 11:29:12 [    INFO] select pg_catalog.version() (base.py:1842)
2025-06-17 11:29:12 [    INFO] [raw sql] {} (base.py:1842)
2025-06-17 11:29:12 [    INFO] select current_schema() (base.py:1842)
2025-06-17 11:29:12 [    INFO] [raw sql] {} (base.py:1842)
2025-06-17 11:29:12 [    INFO] show standard_conforming_strings (base.py:1842)
2025-06-17 11:29:12 [    INFO] [raw sql] {} (base.py:1842)
2025-06-17 11:29:12 [    INFO] BEGIN (implicit) (base.py:2698)
2025-06-17 11:29:12 [    INFO] SELECT pg_catalog.pg_class.relname 
FROM pg_catalog.pg_class JOIN pg_catalog.pg_namespace ON pg_catalog.pg_namespace.oid = pg_catalog.pg_class.relnamespace 
WHERE pg_catalog.pg_class.relname = %(table_name)s AND pg_catalog.pg_class.relkind = ANY (ARRAY[%(param_1)s, %(param_2)s, %(param_3)s, %(param_4)s, %(param_5)s]) AND pg_catalog.pg_table_is_visible(pg_catalog.pg_class.oid) AND pg_catalog.pg_namespace.nspname != %(nspname_1)s (base.py:1842)
2025-06-17 11:29:12 [    INFO] [generated in 0.00574s] {'table_name': 'user', 'param_1': 'r', 'param_2': 'p', 'param_3': 'f', 'param_4': 'v', 'param_5': 'm', 'nspname_1': 'pg_catalog'} (base.py:1842)
2025-06-17 11:29:12 [   DEBUG] Query eseguita in 0.02 secondi: SELECT pg_catalog.pg_class.relname 
FROM pg_catalog.pg_class JOIN pg_catalog.pg_namespace ON pg_catalog.pg_namespace.oid = pg_catalog.pg_class.relnamespace 
WHERE pg_catalog.pg_class.relname = %(table_name)s AND pg_catalog.pg_class.relkind = ANY (ARRAY[%(param_1)s, %(param_2)s, %(param_3)s, %(param_4)s, %(param_5)s]) AND pg_catalog.pg_table_is_visible(pg_catalog.pg_class.oid) AND pg_catalog.pg_namespace.nspname != %(nspname_1)s (session.py:30)
2025-06-17 11:29:12 [    INFO] SELECT pg_catalog.pg_class.relname 
FROM pg_catalog.pg_class JOIN pg_catalog.pg_namespace ON pg_catalog.pg_namespace.oid = pg_catalog.pg_class.relnamespace 
WHERE pg_catalog.pg_class.relname = %(table_name)s AND pg_catalog.pg_class.relkind = ANY (ARRAY[%(param_1)s, %(param_2)s, %(param_3)s, %(param_4)s, %(param_5)s]) AND pg_catalog.pg_table_is_visible(pg_catalog.pg_class.oid) AND pg_catalog.pg_namespace.nspname != %(nspname_1)s (base.py:1842)
2025-06-17 11:29:12 [    INFO] [cached since 0.02413s ago] {'table_name': 'documents', 'param_1': 'r', 'param_2': 'p', 'param_3': 'f', 'param_4': 'v', 'param_5': 'm', 'nspname_1': 'pg_catalog'} (base.py:1842)
2025-06-17 11:29:12 [   DEBUG] Query eseguita in 0.01 secondi: SELECT pg_catalog.pg_class.relname 
FROM pg_catalog.pg_class JOIN pg_catalog.pg_namespace ON pg_catalog.pg_namespace.oid = pg_catalog.pg_class.relnamespace 
WHERE pg_catalog.pg_class.relname = %(table_name)s AND pg_catalog.pg_class.relkind = ANY (ARRAY[%(param_1)s, %(param_2)s, %(param_3)s, %(param_4)s, %(param_5)s]) AND pg_catalog.pg_table_is_visible(pg_catalog.pg_class.oid) AND pg_catalog.pg_namespace.nspname != %(nspname_1)s (session.py:30)
2025-06-17 11:29:12 [    INFO] SELECT pg_catalog.pg_class.relname 
FROM pg_catalog.pg_class JOIN pg_catalog.pg_namespace ON pg_catalog.pg_namespace.oid = pg_catalog.pg_class.relnamespace 
WHERE pg_catalog.pg_class.relname = %(table_name)s AND pg_catalog.pg_class.relkind = ANY (ARRAY[%(param_1)s, %(param_2)s, %(param_3)s, %(param_4)s, %(param_5)s]) AND pg_catalog.pg_table_is_visible(pg_catalog.pg_class.oid) AND pg_catalog.pg_namespace.nspname != %(nspname_1)s (base.py:1842)
2025-06-17 11:29:12 [    INFO] [cached since 0.03284s ago] {'table_name': 'document_versions', 'param_1': 'r', 'param_2': 'p', 'param_3': 'f', 'param_4': 'v', 'param_5': 'm', 'nspname_1': 'pg_catalog'} (base.py:1842)
2025-06-17 11:29:12 [   DEBUG] Query eseguita in 0.00 secondi: SELECT pg_catalog.pg_class.relname 
FROM pg_catalog.pg_class JOIN pg_catalog.pg_namespace ON pg_catalog.pg_namespace.oid = pg_catalog.pg_class.relnamespace 
WHERE pg_catalog.pg_class.relname = %(table_name)s AND pg_catalog.pg_class.relkind = ANY (ARRAY[%(param_1)s, %(param_2)s, %(param_3)s, %(param_4)s, %(param_5)s]) AND pg_catalog.pg_table_is_visible(pg_catalog.pg_class.oid) AND pg_catalog.pg_namespace.nspname != %(nspname_1)s (session.py:30)
2025-06-17 11:29:12 [    INFO] SELECT pg_catalog.pg_class.relname 
FROM pg_catalog.pg_class JOIN pg_catalog.pg_namespace ON pg_catalog.pg_namespace.oid = pg_catalog.pg_class.relnamespace 
WHERE pg_catalog.pg_class.relname = %(table_name)s AND pg_catalog.pg_class.relkind = ANY (ARRAY[%(param_1)s, %(param_2)s, %(param_3)s, %(param_4)s, %(param_5)s]) AND pg_catalog.pg_table_is_visible(pg_catalog.pg_class.oid) AND pg_catalog.pg_namespace.nspname != %(nspname_1)s (base.py:1842)
2025-06-17 11:29:12 [    INFO] [cached since 0.042s ago] {'table_name': 'houses', 'param_1': 'r', 'param_2': 'p', 'param_3': 'f', 'param_4': 'v', 'param_5': 'm', 'nspname_1': 'pg_catalog'} (base.py:1842)
2025-06-17 11:29:12 [   DEBUG] Query eseguita in 0.01 secondi: SELECT pg_catalog.pg_class.relname 
FROM pg_catalog.pg_class JOIN pg_catalog.pg_namespace ON pg_catalog.pg_namespace.oid = pg_catalog.pg_class.relnamespace 
WHERE pg_catalog.pg_class.relname = %(table_name)s AND pg_catalog.pg_class.relkind = ANY (ARRAY[%(param_1)s, %(param_2)s, %(param_3)s, %(param_4)s, %(param_5)s]) AND pg_catalog.pg_table_is_visible(pg_catalog.pg_class.oid) AND pg_catalog.pg_namespace.nspname != %(nspname_1)s (session.py:30)
2025-06-17 11:29:12 [    INFO] SELECT pg_catalog.pg_class.relname 
FROM pg_catalog.pg_class JOIN pg_catalog.pg_namespace ON pg_catalog.pg_namespace.oid = pg_catalog.pg_class.relnamespace 
WHERE pg_catalog.pg_class.relname = %(table_name)s AND pg_catalog.pg_class.relkind = ANY (ARRAY[%(param_1)s, %(param_2)s, %(param_3)s, %(param_4)s, %(param_5)s]) AND pg_catalog.pg_table_is_visible(pg_catalog.pg_class.oid) AND pg_catalog.pg_namespace.nspname != %(nspname_1)s (base.py:1842)
2025-06-17 11:29:12 [    INFO] [cached since 0.04953s ago] {'table_name': 'nodes', 'param_1': 'r', 'param_2': 'p', 'param_3': 'f', 'param_4': 'v', 'param_5': 'm', 'nspname_1': 'pg_catalog'} (base.py:1842)
2025-06-17 11:29:12 [   DEBUG] Query eseguita in 0.01 secondi: SELECT pg_catalog.pg_class.relname 
FROM pg_catalog.pg_class JOIN pg_catalog.pg_namespace ON pg_catalog.pg_namespace.oid = pg_catalog.pg_class.relnamespace 
WHERE pg_catalog.pg_class.relname = %(table_name)s AND pg_catalog.pg_class.relkind = ANY (ARRAY[%(param_1)s, %(param_2)s, %(param_3)s, %(param_4)s, %(param_5)s]) AND pg_catalog.pg_table_is_visible(pg_catalog.pg_class.oid) AND pg_catalog.pg_namespace.nspname != %(nspname_1)s (session.py:30)
2025-06-17 11:29:12 [    INFO] SELECT pg_catalog.pg_class.relname 
FROM pg_catalog.pg_class JOIN pg_catalog.pg_namespace ON pg_catalog.pg_namespace.oid = pg_catalog.pg_class.relnamespace 
WHERE pg_catalog.pg_class.relname = %(table_name)s AND pg_catalog.pg_class.relkind = ANY (ARRAY[%(param_1)s, %(param_2)s, %(param_3)s, %(param_4)s, %(param_5)s]) AND pg_catalog.pg_table_is_visible(pg_catalog.pg_class.oid) AND pg_catalog.pg_namespace.nspname != %(nspname_1)s (base.py:1842)
2025-06-17 11:29:12 [    INFO] [cached since 0.06375s ago] {'table_name': 'rooms', 'param_1': 'r', 'param_2': 'p', 'param_3': 'f', 'param_4': 'v', 'param_5': 'm', 'nspname_1': 'pg_catalog'} (base.py:1842)
2025-06-17 11:29:12 [   DEBUG] Query eseguita in 0.00 secondi: SELECT pg_catalog.pg_class.relname 
FROM pg_catalog.pg_class JOIN pg_catalog.pg_namespace ON pg_catalog.pg_namespace.oid = pg_catalog.pg_class.relnamespace 
WHERE pg_catalog.pg_class.relname = %(table_name)s AND pg_catalog.pg_class.relkind = ANY (ARRAY[%(param_1)s, %(param_2)s, %(param_3)s, %(param_4)s, %(param_5)s]) AND pg_catalog.pg_table_is_visible(pg_catalog.pg_class.oid) AND pg_catalog.pg_namespace.nspname != %(nspname_1)s (session.py:30)
2025-06-17 11:29:12 [    INFO] SELECT pg_catalog.pg_class.relname 
FROM pg_catalog.pg_class JOIN pg_catalog.pg_namespace ON pg_catalog.pg_namespace.oid = pg_catalog.pg_class.relnamespace 
WHERE pg_catalog.pg_class.relname = %(table_name)s AND pg_catalog.pg_class.relkind = ANY (ARRAY[%(param_1)s, %(param_2)s, %(param_3)s, %(param_4)s, %(param_5)s]) AND pg_catalog.pg_table_is_visible(pg_catalog.pg_class.oid) AND pg_catalog.pg_namespace.nspname != %(nspname_1)s (base.py:1842)
2025-06-17 11:29:12 [    INFO] [cached since 0.07072s ago] {'table_name': 'bookings', 'param_1': 'r', 'param_2': 'p', 'param_3': 'f', 'param_4': 'v', 'param_5': 'm', 'nspname_1': 'pg_catalog'} (base.py:1842)
2025-06-17 11:29:12 [   DEBUG] Query eseguita in 0.01 secondi: SELECT pg_catalog.pg_class.relname 
FROM pg_catalog.pg_class JOIN pg_catalog.pg_namespace ON pg_catalog.pg_namespace.oid = pg_catalog.pg_class.relnamespace 
WHERE pg_catalog.pg_class.relname = %(table_name)s AND pg_catalog.pg_class.relkind = ANY (ARRAY[%(param_1)s, %(param_2)s, %(param_3)s, %(param_4)s, %(param_5)s]) AND pg_catalog.pg_table_is_visible(pg_catalog.pg_class.oid) AND pg_catalog.pg_namespace.nspname != %(nspname_1)s (session.py:30)
2025-06-17 11:29:12 [    INFO] SELECT pg_catalog.pg_class.relname 
FROM pg_catalog.pg_class JOIN pg_catalog.pg_namespace ON pg_catalog.pg_namespace.oid = pg_catalog.pg_class.relnamespace 
WHERE pg_catalog.pg_class.relname = %(table_name)s AND pg_catalog.pg_class.relkind = ANY (ARRAY[%(param_1)s, %(param_2)s, %(param_3)s, %(param_4)s, %(param_5)s]) AND pg_catalog.pg_table_is_visible(pg_catalog.pg_class.oid) AND pg_catalog.pg_namespace.nspname != %(nspname_1)s (base.py:1842)
2025-06-17 11:29:12 [    INFO] [cached since 0.08111s ago] {'table_name': 'maintenance_records', 'param_1': 'r', 'param_2': 'p', 'param_3': 'f', 'param_4': 'v', 'param_5': 'm', 'nspname_1': 'pg_catalog'} (base.py:1842)
2025-06-17 11:29:12 [   DEBUG] Query eseguita in 0.00 secondi: SELECT pg_catalog.pg_class.relname 
FROM pg_catalog.pg_class JOIN pg_catalog.pg_namespace ON pg_catalog.pg_namespace.oid = pg_catalog.pg_class.relnamespace 
WHERE pg_catalog.pg_class.relname = %(table_name)s AND pg_catalog.pg_class.relkind = ANY (ARRAY[%(param_1)s, %(param_2)s, %(param_3)s, %(param_4)s, %(param_5)s]) AND pg_catalog.pg_table_is_visible(pg_catalog.pg_class.oid) AND pg_catalog.pg_namespace.nspname != %(nspname_1)s (session.py:30)
2025-06-17 11:29:12 [    INFO] SELECT pg_catalog.pg_type.typname 
FROM pg_catalog.pg_type JOIN pg_catalog.pg_namespace ON pg_catalog.pg_namespace.oid = pg_catalog.pg_type.typnamespace 
WHERE pg_catalog.pg_type.typname = %(typname_1)s AND pg_catalog.pg_type_is_visible(pg_catalog.pg_type.oid) AND pg_catalog.pg_namespace.nspname != %(nspname_1)s (base.py:1842)
2025-06-17 11:29:12 [    INFO] [generated in 0.00107s] {'typname_1': 'maintenancetype', 'nspname_1': 'pg_catalog'} (base.py:1842)
2025-06-17 11:29:12 [   DEBUG] Query eseguita in 0.00 secondi: SELECT pg_catalog.pg_type.typname 
FROM pg_catalog.pg_type JOIN pg_catalog.pg_namespace ON pg_catalog.pg_namespace.oid = pg_catalog.pg_type.typnamespace 
WHERE pg_catalog.pg_type.typname = %(typname_1)s AND pg_catalog.pg_type_is_visible(pg_catalog.pg_type.oid) AND pg_catalog.pg_namespace.nspname != %(nspname_1)s (session.py:30)
2025-06-17 11:29:12 [    INFO] CREATE TYPE maintenancetype AS ENUM ('ROUTINE', 'PREVENTIVE', 'CORRECTIVE', 'EMERGENCY', 'INSPECTION') (base.py:1842)
2025-06-17 11:29:12 [    INFO] [no key 0.00161s] {} (base.py:1842)
2025-06-17 11:29:12 [   DEBUG] Query eseguita in 0.01 secondi: CREATE TYPE maintenancetype AS ENUM ('ROUTINE', 'PREVENTIVE', 'CORRECTIVE', 'EMERGENCY', 'INSPECTION') (session.py:30)
2025-06-17 11:29:12 [    INFO] SELECT pg_catalog.pg_type.typname 
FROM pg_catalog.pg_type JOIN pg_catalog.pg_namespace ON pg_catalog.pg_namespace.oid = pg_catalog.pg_type.typnamespace 
WHERE pg_catalog.pg_type.typname = %(typname_1)s AND pg_catalog.pg_type_is_visible(pg_catalog.pg_type.oid) AND pg_catalog.pg_namespace.nspname != %(nspname_1)s (base.py:1842)
2025-06-17 11:29:12 [    INFO] [cached since 0.02465s ago] {'typname_1': 'maintenancestatus', 'nspname_1': 'pg_catalog'} (base.py:1842)
2025-06-17 11:29:12 [   DEBUG] Query eseguita in 0.01 secondi: SELECT pg_catalog.pg_type.typname 
FROM pg_catalog.pg_type JOIN pg_catalog.pg_namespace ON pg_catalog.pg_namespace.oid = pg_catalog.pg_type.typnamespace 
WHERE pg_catalog.pg_type.typname = %(typname_1)s AND pg_catalog.pg_type_is_visible(pg_catalog.pg_type.oid) AND pg_catalog.pg_namespace.nspname != %(nspname_1)s (session.py:30)
2025-06-17 11:29:12 [    INFO] CREATE TYPE maintenancestatus AS ENUM ('PENDING', 'COMPLETED', 'FAILED') (base.py:1842)
2025-06-17 11:29:12 [    INFO] [no key 0.00104s] {} (base.py:1842)
2025-06-17 11:29:12 [   DEBUG] Query eseguita in 0.00 secondi: CREATE TYPE maintenancestatus AS ENUM ('PENDING', 'COMPLETED', 'FAILED') (session.py:30)
2025-06-17 11:29:12 [    INFO] 
CREATE TABLE "user" (
	id SERIAL NOT NULL, 
	email VARCHAR NOT NULL, 
	username VARCHAR NOT NULL, 
	hashed_password VARCHAR NOT NULL, 
	is_active BOOLEAN NOT NULL, 
	is_superuser BOOLEAN NOT NULL, 
	is_verified BOOLEAN NOT NULL, 
	created_at TIMESTAMP WITHOUT TIME ZONE NOT NULL, 
	updated_at TIMESTAMP WITHOUT TIME ZONE NOT NULL, 
	last_login TIMESTAMP WITH TIME ZONE, 
	full_name VARCHAR(255), 
	phone_number VARCHAR(20), 
	PRIMARY KEY (id)
)

 (base.py:1842)
2025-06-17 11:29:12 [    INFO] [no key 0.00456s] {} (base.py:1842)
2025-06-17 11:29:12 [   DEBUG] Query eseguita in 0.05 secondi: 
CREATE TABLE "user" (
	id SERIAL NOT NULL, 
	email VARCHAR NOT NULL, 
	username VARCHAR NOT NULL, 
	hashed_password VARCHAR NOT NULL, 
	is_active BOOLEAN NOT NULL, 
	is_superuser BOOLEAN NOT NULL, 
	is_verified BOOLEAN NOT NULL, 
	created_at TIMESTAMP WITHOUT TIME ZONE NOT NULL, 
	updated_at TIMESTAMP WITHOUT TIME ZONE NOT NULL, 
	last_login TIMESTAMP WITH TIME ZONE, 
	full_name VARCHAR(255), 
	phone_number VARCHAR(20), 
	PRIMARY KEY (id)
)

 (session.py:30)
2025-06-17 11:29:12 [    INFO] CREATE UNIQUE INDEX ix_user_email ON "user" (email) (base.py:1842)
2025-06-17 11:29:12 [    INFO] [no key 0.00086s] {} (base.py:1842)
2025-06-17 11:29:12 [   DEBUG] Query eseguita in 0.01 secondi: CREATE UNIQUE INDEX ix_user_email ON "user" (email) (session.py:30)
2025-06-17 11:29:12 [    INFO] CREATE UNIQUE INDEX ix_user_username ON "user" (username) (base.py:1842)
2025-06-17 11:29:12 [    INFO] [no key 0.00266s] {} (base.py:1842)
2025-06-17 11:29:12 [   DEBUG] Query eseguita in 0.01 secondi: CREATE UNIQUE INDEX ix_user_username ON "user" (username) (session.py:30)
2025-06-17 11:29:12 [    INFO] 
CREATE TABLE houses (
	id SERIAL NOT NULL, 
	name VARCHAR NOT NULL, 
	address VARCHAR NOT NULL, 
	owner_id INTEGER NOT NULL, 
	created_at TIMESTAMP WITHOUT TIME ZONE NOT NULL, 
	updated_at TIMESTAMP WITHOUT TIME ZONE NOT NULL, 
	PRIMARY KEY (id), 
	FOREIGN KEY(owner_id) REFERENCES "user" (id)
)

 (base.py:1842)
2025-06-17 11:29:12 [    INFO] [no key 0.00113s] {} (base.py:1842)
2025-06-17 11:29:12 [   DEBUG] Query eseguita in 0.04 secondi: 
CREATE TABLE houses (
	id SERIAL NOT NULL, 
	name VARCHAR NOT NULL, 
	address VARCHAR NOT NULL, 
	owner_id INTEGER NOT NULL, 
	created_at TIMESTAMP WITHOUT TIME ZONE NOT NULL, 
	updated_at TIMESTAMP WITHOUT TIME ZONE NOT NULL, 
	PRIMARY KEY (id), 
	FOREIGN KEY(owner_id) REFERENCES "user" (id)
)

 (session.py:30)
2025-06-17 11:29:12 [    INFO] CREATE INDEX ix_houses_name ON houses (name) (base.py:1842)
2025-06-17 11:29:12 [    INFO] [no key 0.00452s] {} (base.py:1842)
2025-06-17 11:29:12 [   DEBUG] Query eseguita in 0.01 secondi: CREATE INDEX ix_houses_name ON houses (name) (session.py:30)
2025-06-17 11:29:12 [    INFO] 
CREATE TABLE rooms (
	id SERIAL NOT NULL, 
	name VARCHAR NOT NULL, 
	description VARCHAR, 
	floor INTEGER NOT NULL, 
	area FLOAT NOT NULL, 
	house_id INTEGER NOT NULL, 
	created_at TIMESTAMP WITHOUT TIME ZONE NOT NULL, 
	updated_at TIMESTAMP WITHOUT TIME ZONE NOT NULL, 
	PRIMARY KEY (id), 
	FOREIGN KEY(house_id) REFERENCES houses (id)
)

 (base.py:1842)
2025-06-17 11:29:12 [    INFO] [no key 0.00287s] {} (base.py:1842)
2025-06-17 11:29:12 [   DEBUG] Query eseguita in 0.03 secondi: 
CREATE TABLE rooms (
	id SERIAL NOT NULL, 
	name VARCHAR NOT NULL, 
	description VARCHAR, 
	floor INTEGER NOT NULL, 
	area FLOAT NOT NULL, 
	house_id INTEGER NOT NULL, 
	created_at TIMESTAMP WITHOUT TIME ZONE NOT NULL, 
	updated_at TIMESTAMP WITHOUT TIME ZONE NOT NULL, 
	PRIMARY KEY (id), 
	FOREIGN KEY(house_id) REFERENCES houses (id)
)

 (session.py:30)
2025-06-17 11:29:12 [    INFO] CREATE INDEX ix_rooms_name ON rooms (name) (base.py:1842)
2025-06-17 11:29:12 [    INFO] [no key 0.00447s] {} (base.py:1842)
2025-06-17 11:29:12 [   DEBUG] Query eseguita in 0.01 secondi: CREATE INDEX ix_rooms_name ON rooms (name) (session.py:30)
2025-06-17 11:29:12 [    INFO] 
CREATE TABLE nodes (
	id SERIAL NOT NULL, 
	name VARCHAR NOT NULL, 
	description VARCHAR, 
	nfc_id VARCHAR NOT NULL, 
	house_id INTEGER NOT NULL, 
	room_id INTEGER, 
	PRIMARY KEY (id), 
	FOREIGN KEY(house_id) REFERENCES houses (id), 
	FOREIGN KEY(room_id) REFERENCES rooms (id)
)

 (base.py:1842)
2025-06-17 11:29:12 [    INFO] [no key 0.00205s] {} (base.py:1842)
2025-06-17 11:29:12 [   DEBUG] Query eseguita in 0.03 secondi: 
CREATE TABLE nodes (
	id SERIAL NOT NULL, 
	name VARCHAR NOT NULL, 
	description VARCHAR, 
	nfc_id VARCHAR NOT NULL, 
	house_id INTEGER NOT NULL, 
	room_id INTEGER, 
	PRIMARY KEY (id), 
	FOREIGN KEY(house_id) REFERENCES houses (id), 
	FOREIGN KEY(room_id) REFERENCES rooms (id)
)

 (session.py:30)
2025-06-17 11:29:12 [    INFO] CREATE UNIQUE INDEX ix_nodes_nfc_id ON nodes (nfc_id) (base.py:1842)
2025-06-17 11:29:12 [    INFO] [no key 0.00396s] {} (base.py:1842)
2025-06-17 11:29:12 [   DEBUG] Query eseguita in 0.01 secondi: CREATE UNIQUE INDEX ix_nodes_nfc_id ON nodes (nfc_id) (session.py:30)
2025-06-17 11:29:12 [    INFO] 
CREATE TABLE bookings (
	id SERIAL NOT NULL, 
	room_id INTEGER NOT NULL, 
	user_id INTEGER NOT NULL, 
	start_time TIMESTAMP WITHOUT TIME ZONE NOT NULL, 
	end_time TIMESTAMP WITHOUT TIME ZONE NOT NULL, 
	status VARCHAR NOT NULL, 
	notes VARCHAR, 
	created_at TIMESTAMP WITHOUT TIME ZONE NOT NULL, 
	updated_at TIMESTAMP WITHOUT TIME ZONE NOT NULL, 
	PRIMARY KEY (id), 
	FOREIGN KEY(room_id) REFERENCES rooms (id), 
	FOREIGN KEY(user_id) REFERENCES "user" (id)
)

 (base.py:1842)
2025-06-17 11:29:12 [    INFO] [no key 0.00092s] {} (base.py:1842)
2025-06-17 11:29:12 [   DEBUG] Query eseguita in 0.03 secondi: 
CREATE TABLE bookings (
	id SERIAL NOT NULL, 
	room_id INTEGER NOT NULL, 
	user_id INTEGER NOT NULL, 
	start_time TIMESTAMP WITHOUT TIME ZONE NOT NULL, 
	end_time TIMESTAMP WITHOUT TIME ZONE NOT NULL, 
	status VARCHAR NOT NULL, 
	notes VARCHAR, 
	created_at TIMESTAMP WITHOUT TIME ZONE NOT NULL, 
	updated_at TIMESTAMP WITHOUT TIME ZONE NOT NULL, 
	PRIMARY KEY (id), 
	FOREIGN KEY(room_id) REFERENCES rooms (id), 
	FOREIGN KEY(user_id) REFERENCES "user" (id)
)

 (session.py:30)
2025-06-17 11:29:12 [    INFO] 
CREATE TABLE documents (
	id SERIAL NOT NULL, 
	created_at TIMESTAMP WITHOUT TIME ZONE NOT NULL, 
	updated_at TIMESTAMP WITHOUT TIME ZONE NOT NULL, 
	owner_id INTEGER NOT NULL, 
	name VARCHAR NOT NULL, 
	type VARCHAR NOT NULL, 
	size INTEGER NOT NULL, 
	upload_date TIMESTAMP WITHOUT TIME ZONE NOT NULL, 
	path VARCHAR NOT NULL, 
	checksum VARCHAR NOT NULL, 
	house_id INTEGER, 
	node_id INTEGER, 
	description VARCHAR, 
	PRIMARY KEY (id), 
	FOREIGN KEY(owner_id) REFERENCES "user" (id), 
	FOREIGN KEY(house_id) REFERENCES houses (id), 
	FOREIGN KEY(node_id) REFERENCES nodes (id)
)

 (base.py:1842)
2025-06-17 11:29:12 [    INFO] [no key 0.00254s] {} (base.py:1842)
2025-06-17 11:29:12 [   DEBUG] Query eseguita in 0.04 secondi: 
CREATE TABLE documents (
	id SERIAL NOT NULL, 
	created_at TIMESTAMP WITHOUT TIME ZONE NOT NULL, 
	updated_at TIMESTAMP WITHOUT TIME ZONE NOT NULL, 
	owner_id INTEGER NOT NULL, 
	name VARCHAR NOT NULL, 
	type VARCHAR NOT NULL, 
	size INTEGER NOT NULL, 
	upload_date TIMESTAMP WITHOUT TIME ZONE NOT NULL, 
	path VARCHAR NOT NULL, 
	checksum VARCHAR NOT NULL, 
	house_id INTEGER, 
	node_id INTEGER, 
	description VARCHAR, 
	PRIMARY KEY (id), 
	FOREIGN KEY(owner_id) REFERENCES "user" (id), 
	FOREIGN KEY(house_id) REFERENCES houses (id), 
	FOREIGN KEY(node_id) REFERENCES nodes (id)
)

 (session.py:30)
2025-06-17 11:29:12 [    INFO] CREATE INDEX ix_documents_owner_id ON documents (owner_id) (base.py:1842)
2025-06-17 11:29:12 [    INFO] [no key 0.00165s] {} (base.py:1842)
2025-06-17 11:29:12 [   DEBUG] Query eseguita in 0.01 secondi: CREATE INDEX ix_documents_owner_id ON documents (owner_id) (session.py:30)
2025-06-17 11:29:12 [    INFO] 
CREATE TABLE document_versions (
	id SERIAL NOT NULL, 
	version_number INTEGER NOT NULL, 
	file_path VARCHAR NOT NULL, 
	file_size INTEGER NOT NULL, 
	checksum VARCHAR NOT NULL, 
	created_at TIMESTAMP WITHOUT TIME ZONE NOT NULL, 
	updated_at TIMESTAMP WITHOUT TIME ZONE NOT NULL, 
	document_id INTEGER NOT NULL, 
	created_by_id INTEGER, 
	PRIMARY KEY (id), 
	FOREIGN KEY(document_id) REFERENCES documents (id), 
	FOREIGN KEY(created_by_id) REFERENCES "user" (id)
)

 (base.py:1842)
2025-06-17 11:29:12 [    INFO] [no key 0.00379s] {} (base.py:1842)
2025-06-17 11:29:12 [   DEBUG] Query eseguita in 0.03 secondi: 
CREATE TABLE document_versions (
	id SERIAL NOT NULL, 
	version_number INTEGER NOT NULL, 
	file_path VARCHAR NOT NULL, 
	file_size INTEGER NOT NULL, 
	checksum VARCHAR NOT NULL, 
	created_at TIMESTAMP WITHOUT TIME ZONE NOT NULL, 
	updated_at TIMESTAMP WITHOUT TIME ZONE NOT NULL, 
	document_id INTEGER NOT NULL, 
	created_by_id INTEGER, 
	PRIMARY KEY (id), 
	FOREIGN KEY(document_id) REFERENCES documents (id), 
	FOREIGN KEY(created_by_id) REFERENCES "user" (id)
)

 (session.py:30)
2025-06-17 11:29:12 [    INFO] CREATE INDEX ix_document_versions_version_number ON document_versions (version_number) (base.py:1842)
2025-06-17 11:29:12 [    INFO] [no key 0.00361s] {} (base.py:1842)
2025-06-17 11:29:12 [   DEBUG] Query eseguita in 0.01 secondi: CREATE INDEX ix_document_versions_version_number ON document_versions (version_number) (session.py:30)
2025-06-17 11:29:12 [    INFO] CREATE INDEX ix_document_versions_created_by_id ON document_versions (created_by_id) (base.py:1842)
2025-06-17 11:29:12 [    INFO] [no key 0.00221s] {} (base.py:1842)
2025-06-17 11:29:12 [   DEBUG] Query eseguita in 0.01 secondi: CREATE INDEX ix_document_versions_created_by_id ON document_versions (created_by_id) (session.py:30)
2025-06-17 11:29:12 [    INFO] CREATE INDEX ix_document_versions_document_id ON document_versions (document_id) (base.py:1842)
2025-06-17 11:29:12 [    INFO] [no key 0.00237s] {} (base.py:1842)
2025-06-17 11:29:12 [   DEBUG] Query eseguita in 0.01 secondi: CREATE INDEX ix_document_versions_document_id ON document_versions (document_id) (session.py:30)
2025-06-17 11:29:12 [    INFO] 
CREATE TABLE maintenance_records (
	id SERIAL NOT NULL, 
	node_id INTEGER NOT NULL, 
	timestamp TIMESTAMP WITHOUT TIME ZONE NOT NULL, 
	maintenance_type maintenancetype NOT NULL, 
	description VARCHAR NOT NULL, 
	status maintenancestatus NOT NULL, 
	notes VARCHAR, 
	document_id INTEGER, 
	PRIMARY KEY (id), 
	FOREIGN KEY(node_id) REFERENCES nodes (id), 
	FOREIGN KEY(document_id) REFERENCES documents (id)
)

 (base.py:1842)
2025-06-17 11:29:12 [    INFO] [no key 0.00280s] {} (base.py:1842)
2025-06-17 11:29:12 [   DEBUG] Query eseguita in 0.04 secondi: 
CREATE TABLE maintenance_records (
	id SERIAL NOT NULL, 
	node_id INTEGER NOT NULL, 
	timestamp TIMESTAMP WITHOUT TIME ZONE NOT NULL, 
	maintenance_type maintenancetype NOT NULL, 
	description VARCHAR NOT NULL, 
	status maintenancestatus NOT NULL, 
	notes VARCHAR, 
	document_id INTEGER, 
	PRIMARY KEY (id), 
	FOREIGN KEY(node_id) REFERENCES nodes (id), 
	FOREIGN KEY(document_id) REFERENCES documents (id)
)

 (session.py:30)
2025-06-17 11:29:12 [    INFO] CREATE INDEX ix_maintenance_records_node_id ON maintenance_records (node_id) (base.py:1842)
2025-06-17 11:29:12 [    INFO] [no key 0.00323s] {} (base.py:1842)
2025-06-17 11:29:12 [   DEBUG] Query eseguita in 0.01 secondi: CREATE INDEX ix_maintenance_records_node_id ON maintenance_records (node_id) (session.py:30)
2025-06-17 11:29:12 [    INFO] COMMIT (base.py:2704)
2025-06-17 11:29:12 [   DEBUG] Test database tables created successfully (test_users.py:52)
2025-06-17 11:29:12 [   DEBUG] Test database session created successfully (test_users.py:55)
2025-06-17 11:29:12 [   DEBUG] Overriding get_session for tests... (conftest.py:269)
2025-06-17 11:29:12 [   DEBUG] Setting up FakeRedis for tests... (conftest_redis.py:18)
2025-06-17 11:29:12 [   DEBUG] Connessione Redis stabilita con successo (redis.py:24)
-------------------------------- live log call --------------------------------
2025-06-17 11:29:12 [   DEBUG] Using proactor: IocpProactor (proactor_events.py:631)
2025-06-17 11:29:12 [    INFO] HTTP Request: POST http://testserver/api/v1/auth/register "HTTP/1.1 422 Unprocessable Entity" (_client.py:1025)
FAILED                                                                   [ 91%]
------------------------------ live log teardown ------------------------------
2025-06-17 11:29:12 [   DEBUG] Restored original Redis client (conftest_redis.py:29)
2025-06-17 11:29:12 [   DEBUG] get_session override cleared (conftest.py:275)
2025-06-17 11:29:12 [   DEBUG] Cleaning up test database session... (test_users.py:57)
2025-06-17 11:29:12 [    INFO] BEGIN (implicit) (base.py:2698)
2025-06-17 11:29:12 [    INFO] DROP SCHEMA public CASCADE (base.py:1842)
2025-06-17 11:29:12 [    INFO] [generated in 0.00623s] {} (base.py:1842)
2025-06-17 11:29:12 [   DEBUG] Query eseguita in 0.09 secondi: DROP SCHEMA public CASCADE (session.py:30)
2025-06-17 11:29:12 [    INFO] CREATE SCHEMA public (base.py:1842)
2025-06-17 11:29:12 [    INFO] [generated in 0.00225s] {} (base.py:1842)
2025-06-17 11:29:12 [   DEBUG] Query eseguita in 0.00 secondi: CREATE SCHEMA public (session.py:30)
2025-06-17 11:29:12 [    INFO] COMMIT (base.py:2704)
2025-06-17 11:29:13 [   DEBUG] Test database cleanup completed (test_users.py:63)
2025-06-17 11:29:13 [   DEBUG] Session fixture completed in 1.45 seconds (test_users.py:68)

tests/api/test_users.py::test_update_user_not_found 
------------------------------- live log setup --------------------------------
2025-06-17 11:29:13 [   DEBUG] Setting up test database session... (test_users.py:38)
2025-06-17 11:29:13 [    INFO] select pg_catalog.version() (base.py:1842)
2025-06-17 11:29:13 [    INFO] [raw sql] {} (base.py:1842)
2025-06-17 11:29:13 [    INFO] select current_schema() (base.py:1842)
2025-06-17 11:29:13 [    INFO] [raw sql] {} (base.py:1842)
2025-06-17 11:29:13 [    INFO] show standard_conforming_strings (base.py:1842)
2025-06-17 11:29:13 [    INFO] [raw sql] {} (base.py:1842)
2025-06-17 11:29:13 [    INFO] BEGIN (implicit) (base.py:2698)
2025-06-17 11:29:13 [    INFO] SELECT pg_catalog.pg_class.relname 
FROM pg_catalog.pg_class JOIN pg_catalog.pg_namespace ON pg_catalog.pg_namespace.oid = pg_catalog.pg_class.relnamespace 
WHERE pg_catalog.pg_class.relname = %(table_name)s AND pg_catalog.pg_class.relkind = ANY (ARRAY[%(param_1)s, %(param_2)s, %(param_3)s, %(param_4)s, %(param_5)s]) AND pg_catalog.pg_table_is_visible(pg_catalog.pg_class.oid) AND pg_catalog.pg_namespace.nspname != %(nspname_1)s (base.py:1842)
2025-06-17 11:29:13 [    INFO] [generated in 0.00498s] {'table_name': 'user', 'param_1': 'r', 'param_2': 'p', 'param_3': 'f', 'param_4': 'v', 'param_5': 'm', 'nspname_1': 'pg_catalog'} (base.py:1842)
2025-06-17 11:29:13 [   DEBUG] Query eseguita in 0.02 secondi: SELECT pg_catalog.pg_class.relname 
FROM pg_catalog.pg_class JOIN pg_catalog.pg_namespace ON pg_catalog.pg_namespace.oid = pg_catalog.pg_class.relnamespace 
WHERE pg_catalog.pg_class.relname = %(table_name)s AND pg_catalog.pg_class.relkind = ANY (ARRAY[%(param_1)s, %(param_2)s, %(param_3)s, %(param_4)s, %(param_5)s]) AND pg_catalog.pg_table_is_visible(pg_catalog.pg_class.oid) AND pg_catalog.pg_namespace.nspname != %(nspname_1)s (session.py:30)
2025-06-17 11:29:13 [    INFO] SELECT pg_catalog.pg_class.relname 
FROM pg_catalog.pg_class JOIN pg_catalog.pg_namespace ON pg_catalog.pg_namespace.oid = pg_catalog.pg_class.relnamespace 
WHERE pg_catalog.pg_class.relname = %(table_name)s AND pg_catalog.pg_class.relkind = ANY (ARRAY[%(param_1)s, %(param_2)s, %(param_3)s, %(param_4)s, %(param_5)s]) AND pg_catalog.pg_table_is_visible(pg_catalog.pg_class.oid) AND pg_catalog.pg_namespace.nspname != %(nspname_1)s (base.py:1842)
2025-06-17 11:29:13 [    INFO] [cached since 0.02207s ago] {'table_name': 'documents', 'param_1': 'r', 'param_2': 'p', 'param_3': 'f', 'param_4': 'v', 'param_5': 'm', 'nspname_1': 'pg_catalog'} (base.py:1842)
2025-06-17 11:29:13 [   DEBUG] Query eseguita in 0.01 secondi: SELECT pg_catalog.pg_class.relname 
FROM pg_catalog.pg_class JOIN pg_catalog.pg_namespace ON pg_catalog.pg_namespace.oid = pg_catalog.pg_class.relnamespace 
WHERE pg_catalog.pg_class.relname = %(table_name)s AND pg_catalog.pg_class.relkind = ANY (ARRAY[%(param_1)s, %(param_2)s, %(param_3)s, %(param_4)s, %(param_5)s]) AND pg_catalog.pg_table_is_visible(pg_catalog.pg_class.oid) AND pg_catalog.pg_namespace.nspname != %(nspname_1)s (session.py:30)
2025-06-17 11:29:13 [    INFO] SELECT pg_catalog.pg_class.relname 
FROM pg_catalog.pg_class JOIN pg_catalog.pg_namespace ON pg_catalog.pg_namespace.oid = pg_catalog.pg_class.relnamespace 
WHERE pg_catalog.pg_class.relname = %(table_name)s AND pg_catalog.pg_class.relkind = ANY (ARRAY[%(param_1)s, %(param_2)s, %(param_3)s, %(param_4)s, %(param_5)s]) AND pg_catalog.pg_table_is_visible(pg_catalog.pg_class.oid) AND pg_catalog.pg_namespace.nspname != %(nspname_1)s (base.py:1842)
2025-06-17 11:29:13 [    INFO] [cached since 0.03288s ago] {'table_name': 'document_versions', 'param_1': 'r', 'param_2': 'p', 'param_3': 'f', 'param_4': 'v', 'param_5': 'm', 'nspname_1': 'pg_catalog'} (base.py:1842)
2025-06-17 11:29:13 [   DEBUG] Query eseguita in 0.01 secondi: SELECT pg_catalog.pg_class.relname 
FROM pg_catalog.pg_class JOIN pg_catalog.pg_namespace ON pg_catalog.pg_namespace.oid = pg_catalog.pg_class.relnamespace 
WHERE pg_catalog.pg_class.relname = %(table_name)s AND pg_catalog.pg_class.relkind = ANY (ARRAY[%(param_1)s, %(param_2)s, %(param_3)s, %(param_4)s, %(param_5)s]) AND pg_catalog.pg_table_is_visible(pg_catalog.pg_class.oid) AND pg_catalog.pg_namespace.nspname != %(nspname_1)s (session.py:30)
2025-06-17 11:29:13 [    INFO] SELECT pg_catalog.pg_class.relname 
FROM pg_catalog.pg_class JOIN pg_catalog.pg_namespace ON pg_catalog.pg_namespace.oid = pg_catalog.pg_class.relnamespace 
WHERE pg_catalog.pg_class.relname = %(table_name)s AND pg_catalog.pg_class.relkind = ANY (ARRAY[%(param_1)s, %(param_2)s, %(param_3)s, %(param_4)s, %(param_5)s]) AND pg_catalog.pg_table_is_visible(pg_catalog.pg_class.oid) AND pg_catalog.pg_namespace.nspname != %(nspname_1)s (base.py:1842)
2025-06-17 11:29:13 [    INFO] [cached since 0.04064s ago] {'table_name': 'houses', 'param_1': 'r', 'param_2': 'p', 'param_3': 'f', 'param_4': 'v', 'param_5': 'm', 'nspname_1': 'pg_catalog'} (base.py:1842)
2025-06-17 11:29:13 [   DEBUG] Query eseguita in 0.01 secondi: SELECT pg_catalog.pg_class.relname 
FROM pg_catalog.pg_class JOIN pg_catalog.pg_namespace ON pg_catalog.pg_namespace.oid = pg_catalog.pg_class.relnamespace 
WHERE pg_catalog.pg_class.relname = %(table_name)s AND pg_catalog.pg_class.relkind = ANY (ARRAY[%(param_1)s, %(param_2)s, %(param_3)s, %(param_4)s, %(param_5)s]) AND pg_catalog.pg_table_is_visible(pg_catalog.pg_class.oid) AND pg_catalog.pg_namespace.nspname != %(nspname_1)s (session.py:30)
2025-06-17 11:29:13 [    INFO] SELECT pg_catalog.pg_class.relname 
FROM pg_catalog.pg_class JOIN pg_catalog.pg_namespace ON pg_catalog.pg_namespace.oid = pg_catalog.pg_class.relnamespace 
WHERE pg_catalog.pg_class.relname = %(table_name)s AND pg_catalog.pg_class.relkind = ANY (ARRAY[%(param_1)s, %(param_2)s, %(param_3)s, %(param_4)s, %(param_5)s]) AND pg_catalog.pg_table_is_visible(pg_catalog.pg_class.oid) AND pg_catalog.pg_namespace.nspname != %(nspname_1)s (base.py:1842)
2025-06-17 11:29:13 [    INFO] [cached since 0.05086s ago] {'table_name': 'nodes', 'param_1': 'r', 'param_2': 'p', 'param_3': 'f', 'param_4': 'v', 'param_5': 'm', 'nspname_1': 'pg_catalog'} (base.py:1842)
2025-06-17 11:29:13 [   DEBUG] Query eseguita in 0.01 secondi: SELECT pg_catalog.pg_class.relname 
FROM pg_catalog.pg_class JOIN pg_catalog.pg_namespace ON pg_catalog.pg_namespace.oid = pg_catalog.pg_class.relnamespace 
WHERE pg_catalog.pg_class.relname = %(table_name)s AND pg_catalog.pg_class.relkind = ANY (ARRAY[%(param_1)s, %(param_2)s, %(param_3)s, %(param_4)s, %(param_5)s]) AND pg_catalog.pg_table_is_visible(pg_catalog.pg_class.oid) AND pg_catalog.pg_namespace.nspname != %(nspname_1)s (session.py:30)
2025-06-17 11:29:13 [    INFO] SELECT pg_catalog.pg_class.relname 
FROM pg_catalog.pg_class JOIN pg_catalog.pg_namespace ON pg_catalog.pg_namespace.oid = pg_catalog.pg_class.relnamespace 
WHERE pg_catalog.pg_class.relname = %(table_name)s AND pg_catalog.pg_class.relkind = ANY (ARRAY[%(param_1)s, %(param_2)s, %(param_3)s, %(param_4)s, %(param_5)s]) AND pg_catalog.pg_table_is_visible(pg_catalog.pg_class.oid) AND pg_catalog.pg_namespace.nspname != %(nspname_1)s (base.py:1842)
2025-06-17 11:29:13 [    INFO] [cached since 0.06607s ago] {'table_name': 'rooms', 'param_1': 'r', 'param_2': 'p', 'param_3': 'f', 'param_4': 'v', 'param_5': 'm', 'nspname_1': 'pg_catalog'} (base.py:1842)
2025-06-17 11:29:13 [   DEBUG] Query eseguita in 0.01 secondi: SELECT pg_catalog.pg_class.relname 
FROM pg_catalog.pg_class JOIN pg_catalog.pg_namespace ON pg_catalog.pg_namespace.oid = pg_catalog.pg_class.relnamespace 
WHERE pg_catalog.pg_class.relname = %(table_name)s AND pg_catalog.pg_class.relkind = ANY (ARRAY[%(param_1)s, %(param_2)s, %(param_3)s, %(param_4)s, %(param_5)s]) AND pg_catalog.pg_table_is_visible(pg_catalog.pg_class.oid) AND pg_catalog.pg_namespace.nspname != %(nspname_1)s (session.py:30)
2025-06-17 11:29:13 [    INFO] SELECT pg_catalog.pg_class.relname 
FROM pg_catalog.pg_class JOIN pg_catalog.pg_namespace ON pg_catalog.pg_namespace.oid = pg_catalog.pg_class.relnamespace 
WHERE pg_catalog.pg_class.relname = %(table_name)s AND pg_catalog.pg_class.relkind = ANY (ARRAY[%(param_1)s, %(param_2)s, %(param_3)s, %(param_4)s, %(param_5)s]) AND pg_catalog.pg_table_is_visible(pg_catalog.pg_class.oid) AND pg_catalog.pg_namespace.nspname != %(nspname_1)s (base.py:1842)
2025-06-17 11:29:13 [    INFO] [cached since 0.07451s ago] {'table_name': 'bookings', 'param_1': 'r', 'param_2': 'p', 'param_3': 'f', 'param_4': 'v', 'param_5': 'm', 'nspname_1': 'pg_catalog'} (base.py:1842)
2025-06-17 11:29:13 [   DEBUG] Query eseguita in 0.01 secondi: SELECT pg_catalog.pg_class.relname 
FROM pg_catalog.pg_class JOIN pg_catalog.pg_namespace ON pg_catalog.pg_namespace.oid = pg_catalog.pg_class.relnamespace 
WHERE pg_catalog.pg_class.relname = %(table_name)s AND pg_catalog.pg_class.relkind = ANY (ARRAY[%(param_1)s, %(param_2)s, %(param_3)s, %(param_4)s, %(param_5)s]) AND pg_catalog.pg_table_is_visible(pg_catalog.pg_class.oid) AND pg_catalog.pg_namespace.nspname != %(nspname_1)s (session.py:30)
2025-06-17 11:29:13 [    INFO] SELECT pg_catalog.pg_class.relname 
FROM pg_catalog.pg_class JOIN pg_catalog.pg_namespace ON pg_catalog.pg_namespace.oid = pg_catalog.pg_class.relnamespace 
WHERE pg_catalog.pg_class.relname = %(table_name)s AND pg_catalog.pg_class.relkind = ANY (ARRAY[%(param_1)s, %(param_2)s, %(param_3)s, %(param_4)s, %(param_5)s]) AND pg_catalog.pg_table_is_visible(pg_catalog.pg_class.oid) AND pg_catalog.pg_namespace.nspname != %(nspname_1)s (base.py:1842)
2025-06-17 11:29:13 [    INFO] [cached since 0.08423s ago] {'table_name': 'maintenance_records', 'param_1': 'r', 'param_2': 'p', 'param_3': 'f', 'param_4': 'v', 'param_5': 'm', 'nspname_1': 'pg_catalog'} (base.py:1842)
2025-06-17 11:29:13 [   DEBUG] Query eseguita in 0.01 secondi: SELECT pg_catalog.pg_class.relname 
FROM pg_catalog.pg_class JOIN pg_catalog.pg_namespace ON pg_catalog.pg_namespace.oid = pg_catalog.pg_class.relnamespace 
WHERE pg_catalog.pg_class.relname = %(table_name)s AND pg_catalog.pg_class.relkind = ANY (ARRAY[%(param_1)s, %(param_2)s, %(param_3)s, %(param_4)s, %(param_5)s]) AND pg_catalog.pg_table_is_visible(pg_catalog.pg_class.oid) AND pg_catalog.pg_namespace.nspname != %(nspname_1)s (session.py:30)
2025-06-17 11:29:13 [    INFO] SELECT pg_catalog.pg_type.typname 
FROM pg_catalog.pg_type JOIN pg_catalog.pg_namespace ON pg_catalog.pg_namespace.oid = pg_catalog.pg_type.typnamespace 
WHERE pg_catalog.pg_type.typname = %(typname_1)s AND pg_catalog.pg_type_is_visible(pg_catalog.pg_type.oid) AND pg_catalog.pg_namespace.nspname != %(nspname_1)s (base.py:1842)
2025-06-17 11:29:13 [    INFO] [generated in 0.00618s] {'typname_1': 'maintenancetype', 'nspname_1': 'pg_catalog'} (base.py:1842)
2025-06-17 11:29:13 [   DEBUG] Query eseguita in 0.02 secondi: SELECT pg_catalog.pg_type.typname 
FROM pg_catalog.pg_type JOIN pg_catalog.pg_namespace ON pg_catalog.pg_namespace.oid = pg_catalog.pg_type.typnamespace 
WHERE pg_catalog.pg_type.typname = %(typname_1)s AND pg_catalog.pg_type_is_visible(pg_catalog.pg_type.oid) AND pg_catalog.pg_namespace.nspname != %(nspname_1)s (session.py:30)
2025-06-17 11:29:13 [    INFO] CREATE TYPE maintenancetype AS ENUM ('ROUTINE', 'PREVENTIVE', 'CORRECTIVE', 'EMERGENCY', 'INSPECTION') (base.py:1842)
2025-06-17 11:29:13 [    INFO] [no key 0.00120s] {} (base.py:1842)
2025-06-17 11:29:13 [   DEBUG] Query eseguita in 0.01 secondi: CREATE TYPE maintenancetype AS ENUM ('ROUTINE', 'PREVENTIVE', 'CORRECTIVE', 'EMERGENCY', 'INSPECTION') (session.py:30)
2025-06-17 11:29:13 [    INFO] SELECT pg_catalog.pg_type.typname 
FROM pg_catalog.pg_type JOIN pg_catalog.pg_namespace ON pg_catalog.pg_namespace.oid = pg_catalog.pg_type.typnamespace 
WHERE pg_catalog.pg_type.typname = %(typname_1)s AND pg_catalog.pg_type_is_visible(pg_catalog.pg_type.oid) AND pg_catalog.pg_namespace.nspname != %(nspname_1)s (base.py:1842)
2025-06-17 11:29:13 [    INFO] [cached since 0.04253s ago] {'typname_1': 'maintenancestatus', 'nspname_1': 'pg_catalog'} (base.py:1842)
2025-06-17 11:29:13 [   DEBUG] Query eseguita in 0.01 secondi: SELECT pg_catalog.pg_type.typname 
FROM pg_catalog.pg_type JOIN pg_catalog.pg_namespace ON pg_catalog.pg_namespace.oid = pg_catalog.pg_type.typnamespace 
WHERE pg_catalog.pg_type.typname = %(typname_1)s AND pg_catalog.pg_type_is_visible(pg_catalog.pg_type.oid) AND pg_catalog.pg_namespace.nspname != %(nspname_1)s (session.py:30)
2025-06-17 11:29:13 [    INFO] CREATE TYPE maintenancestatus AS ENUM ('PENDING', 'COMPLETED', 'FAILED') (base.py:1842)
2025-06-17 11:29:13 [    INFO] [no key 0.00427s] {} (base.py:1842)
2025-06-17 11:29:13 [   DEBUG] Query eseguita in 0.01 secondi: CREATE TYPE maintenancestatus AS ENUM ('PENDING', 'COMPLETED', 'FAILED') (session.py:30)
2025-06-17 11:29:13 [    INFO] 
CREATE TABLE "user" (
	id SERIAL NOT NULL, 
	email VARCHAR NOT NULL, 
	username VARCHAR NOT NULL, 
	hashed_password VARCHAR NOT NULL, 
	is_active BOOLEAN NOT NULL, 
	is_superuser BOOLEAN NOT NULL, 
	is_verified BOOLEAN NOT NULL, 
	created_at TIMESTAMP WITHOUT TIME ZONE NOT NULL, 
	updated_at TIMESTAMP WITHOUT TIME ZONE NOT NULL, 
	last_login TIMESTAMP WITH TIME ZONE, 
	full_name VARCHAR(255), 
	phone_number VARCHAR(20), 
	PRIMARY KEY (id)
)

 (base.py:1842)
2025-06-17 11:29:13 [    INFO] [no key 0.00154s] {} (base.py:1842)
2025-06-17 11:29:13 [   DEBUG] Query eseguita in 0.04 secondi: 
CREATE TABLE "user" (
	id SERIAL NOT NULL, 
	email VARCHAR NOT NULL, 
	username VARCHAR NOT NULL, 
	hashed_password VARCHAR NOT NULL, 
	is_active BOOLEAN NOT NULL, 
	is_superuser BOOLEAN NOT NULL, 
	is_verified BOOLEAN NOT NULL, 
	created_at TIMESTAMP WITHOUT TIME ZONE NOT NULL, 
	updated_at TIMESTAMP WITHOUT TIME ZONE NOT NULL, 
	last_login TIMESTAMP WITH TIME ZONE, 
	full_name VARCHAR(255), 
	phone_number VARCHAR(20), 
	PRIMARY KEY (id)
)

 (session.py:30)
2025-06-17 11:29:13 [    INFO] CREATE UNIQUE INDEX ix_user_email ON "user" (email) (base.py:1842)
2025-06-17 11:29:13 [    INFO] [no key 0.00285s] {} (base.py:1842)
2025-06-17 11:29:13 [   DEBUG] Query eseguita in 0.01 secondi: CREATE UNIQUE INDEX ix_user_email ON "user" (email) (session.py:30)
2025-06-17 11:29:13 [    INFO] CREATE UNIQUE INDEX ix_user_username ON "user" (username) (base.py:1842)
2025-06-17 11:29:13 [    INFO] [no key 0.00382s] {} (base.py:1842)
2025-06-17 11:29:13 [   DEBUG] Query eseguita in 0.02 secondi: CREATE UNIQUE INDEX ix_user_username ON "user" (username) (session.py:30)
2025-06-17 11:29:13 [    INFO] 
CREATE TABLE houses (
	id SERIAL NOT NULL, 
	name VARCHAR NOT NULL, 
	address VARCHAR NOT NULL, 
	owner_id INTEGER NOT NULL, 
	created_at TIMESTAMP WITHOUT TIME ZONE NOT NULL, 
	updated_at TIMESTAMP WITHOUT TIME ZONE NOT NULL, 
	PRIMARY KEY (id), 
	FOREIGN KEY(owner_id) REFERENCES "user" (id)
)

 (base.py:1842)
2025-06-17 11:29:13 [    INFO] [no key 0.00229s] {} (base.py:1842)
2025-06-17 11:29:13 [   DEBUG] Query eseguita in 0.04 secondi: 
CREATE TABLE houses (
	id SERIAL NOT NULL, 
	name VARCHAR NOT NULL, 
	address VARCHAR NOT NULL, 
	owner_id INTEGER NOT NULL, 
	created_at TIMESTAMP WITHOUT TIME ZONE NOT NULL, 
	updated_at TIMESTAMP WITHOUT TIME ZONE NOT NULL, 
	PRIMARY KEY (id), 
	FOREIGN KEY(owner_id) REFERENCES "user" (id)
)

 (session.py:30)
2025-06-17 11:29:13 [    INFO] CREATE INDEX ix_houses_name ON houses (name) (base.py:1842)
2025-06-17 11:29:13 [    INFO] [no key 0.00127s] {} (base.py:1842)
2025-06-17 11:29:13 [   DEBUG] Query eseguita in 0.01 secondi: CREATE INDEX ix_houses_name ON houses (name) (session.py:30)
2025-06-17 11:29:13 [    INFO] 
CREATE TABLE rooms (
	id SERIAL NOT NULL, 
	name VARCHAR NOT NULL, 
	description VARCHAR, 
	floor INTEGER NOT NULL, 
	area FLOAT NOT NULL, 
	house_id INTEGER NOT NULL, 
	created_at TIMESTAMP WITHOUT TIME ZONE NOT NULL, 
	updated_at TIMESTAMP WITHOUT TIME ZONE NOT NULL, 
	PRIMARY KEY (id), 
	FOREIGN KEY(house_id) REFERENCES houses (id)
)

 (base.py:1842)
2025-06-17 11:29:13 [    INFO] [no key 0.00090s] {} (base.py:1842)
2025-06-17 11:29:13 [   DEBUG] Query eseguita in 0.04 secondi: 
CREATE TABLE rooms (
	id SERIAL NOT NULL, 
	name VARCHAR NOT NULL, 
	description VARCHAR, 
	floor INTEGER NOT NULL, 
	area FLOAT NOT NULL, 
	house_id INTEGER NOT NULL, 
	created_at TIMESTAMP WITHOUT TIME ZONE NOT NULL, 
	updated_at TIMESTAMP WITHOUT TIME ZONE NOT NULL, 
	PRIMARY KEY (id), 
	FOREIGN KEY(house_id) REFERENCES houses (id)
)

 (session.py:30)
2025-06-17 11:29:13 [    INFO] CREATE INDEX ix_rooms_name ON rooms (name) (base.py:1842)
2025-06-17 11:29:13 [    INFO] [no key 0.00330s] {} (base.py:1842)
2025-06-17 11:29:13 [   DEBUG] Query eseguita in 0.01 secondi: CREATE INDEX ix_rooms_name ON rooms (name) (session.py:30)
2025-06-17 11:29:13 [    INFO] 
CREATE TABLE nodes (
	id SERIAL NOT NULL, 
	name VARCHAR NOT NULL, 
	description VARCHAR, 
	nfc_id VARCHAR NOT NULL, 
	house_id INTEGER NOT NULL, 
	room_id INTEGER, 
	PRIMARY KEY (id), 
	FOREIGN KEY(house_id) REFERENCES houses (id), 
	FOREIGN KEY(room_id) REFERENCES rooms (id)
)

 (base.py:1842)
2025-06-17 11:29:13 [    INFO] [no key 0.00193s] {} (base.py:1842)
2025-06-17 11:29:13 [   DEBUG] Query eseguita in 0.04 secondi: 
CREATE TABLE nodes (
	id SERIAL NOT NULL, 
	name VARCHAR NOT NULL, 
	description VARCHAR, 
	nfc_id VARCHAR NOT NULL, 
	house_id INTEGER NOT NULL, 
	room_id INTEGER, 
	PRIMARY KEY (id), 
	FOREIGN KEY(house_id) REFERENCES houses (id), 
	FOREIGN KEY(room_id) REFERENCES rooms (id)
)

 (session.py:30)
2025-06-17 11:29:13 [    INFO] CREATE UNIQUE INDEX ix_nodes_nfc_id ON nodes (nfc_id) (base.py:1842)
2025-06-17 11:29:13 [    INFO] [no key 0.00094s] {} (base.py:1842)
2025-06-17 11:29:13 [   DEBUG] Query eseguita in 0.01 secondi: CREATE UNIQUE INDEX ix_nodes_nfc_id ON nodes (nfc_id) (session.py:30)
2025-06-17 11:29:14 [    INFO] 
CREATE TABLE bookings (
	id SERIAL NOT NULL, 
	room_id INTEGER NOT NULL, 
	user_id INTEGER NOT NULL, 
	start_time TIMESTAMP WITHOUT TIME ZONE NOT NULL, 
	end_time TIMESTAMP WITHOUT TIME ZONE NOT NULL, 
	status VARCHAR NOT NULL, 
	notes VARCHAR, 
	created_at TIMESTAMP WITHOUT TIME ZONE NOT NULL, 
	updated_at TIMESTAMP WITHOUT TIME ZONE NOT NULL, 
	PRIMARY KEY (id), 
	FOREIGN KEY(room_id) REFERENCES rooms (id), 
	FOREIGN KEY(user_id) REFERENCES "user" (id)
)

 (base.py:1842)
2025-06-17 11:29:14 [    INFO] [no key 0.00097s] {} (base.py:1842)
2025-06-17 11:29:14 [   DEBUG] Query eseguita in 0.05 secondi: 
CREATE TABLE bookings (
	id SERIAL NOT NULL, 
	room_id INTEGER NOT NULL, 
	user_id INTEGER NOT NULL, 
	start_time TIMESTAMP WITHOUT TIME ZONE NOT NULL, 
	end_time TIMESTAMP WITHOUT TIME ZONE NOT NULL, 
	status VARCHAR NOT NULL, 
	notes VARCHAR, 
	created_at TIMESTAMP WITHOUT TIME ZONE NOT NULL, 
	updated_at TIMESTAMP WITHOUT TIME ZONE NOT NULL, 
	PRIMARY KEY (id), 
	FOREIGN KEY(room_id) REFERENCES rooms (id), 
	FOREIGN KEY(user_id) REFERENCES "user" (id)
)

 (session.py:30)
2025-06-17 11:29:14 [    INFO] 
CREATE TABLE documents (
	id SERIAL NOT NULL, 
	created_at TIMESTAMP WITHOUT TIME ZONE NOT NULL, 
	updated_at TIMESTAMP WITHOUT TIME ZONE NOT NULL, 
	owner_id INTEGER NOT NULL, 
	name VARCHAR NOT NULL, 
	type VARCHAR NOT NULL, 
	size INTEGER NOT NULL, 
	upload_date TIMESTAMP WITHOUT TIME ZONE NOT NULL, 
	path VARCHAR NOT NULL, 
	checksum VARCHAR NOT NULL, 
	house_id INTEGER, 
	node_id INTEGER, 
	description VARCHAR, 
	PRIMARY KEY (id), 
	FOREIGN KEY(owner_id) REFERENCES "user" (id), 
	FOREIGN KEY(house_id) REFERENCES houses (id), 
	FOREIGN KEY(node_id) REFERENCES nodes (id)
)

 (base.py:1842)
2025-06-17 11:29:14 [    INFO] [no key 0.00273s] {} (base.py:1842)
2025-06-17 11:29:14 [   DEBUG] Query eseguita in 0.05 secondi: 
CREATE TABLE documents (
	id SERIAL NOT NULL, 
	created_at TIMESTAMP WITHOUT TIME ZONE NOT NULL, 
	updated_at TIMESTAMP WITHOUT TIME ZONE NOT NULL, 
	owner_id INTEGER NOT NULL, 
	name VARCHAR NOT NULL, 
	type VARCHAR NOT NULL, 
	size INTEGER NOT NULL, 
	upload_date TIMESTAMP WITHOUT TIME ZONE NOT NULL, 
	path VARCHAR NOT NULL, 
	checksum VARCHAR NOT NULL, 
	house_id INTEGER, 
	node_id INTEGER, 
	description VARCHAR, 
	PRIMARY KEY (id), 
	FOREIGN KEY(owner_id) REFERENCES "user" (id), 
	FOREIGN KEY(house_id) REFERENCES houses (id), 
	FOREIGN KEY(node_id) REFERENCES nodes (id)
)

 (session.py:30)
2025-06-17 11:29:14 [    INFO] CREATE INDEX ix_documents_owner_id ON documents (owner_id) (base.py:1842)
2025-06-17 11:29:14 [    INFO] [no key 0.00078s] {} (base.py:1842)
2025-06-17 11:29:14 [   DEBUG] Query eseguita in 0.01 secondi: CREATE INDEX ix_documents_owner_id ON documents (owner_id) (session.py:30)
2025-06-17 11:29:14 [    INFO] 
CREATE TABLE document_versions (
	id SERIAL NOT NULL, 
	version_number INTEGER NOT NULL, 
	file_path VARCHAR NOT NULL, 
	file_size INTEGER NOT NULL, 
	checksum VARCHAR NOT NULL, 
	created_at TIMESTAMP WITHOUT TIME ZONE NOT NULL, 
	updated_at TIMESTAMP WITHOUT TIME ZONE NOT NULL, 
	document_id INTEGER NOT NULL, 
	created_by_id INTEGER, 
	PRIMARY KEY (id), 
	FOREIGN KEY(document_id) REFERENCES documents (id), 
	FOREIGN KEY(created_by_id) REFERENCES "user" (id)
)

 (base.py:1842)
2025-06-17 11:29:14 [    INFO] [no key 0.00102s] {} (base.py:1842)
2025-06-17 11:29:14 [   DEBUG] Query eseguita in 0.04 secondi: 
CREATE TABLE document_versions (
	id SERIAL NOT NULL, 
	version_number INTEGER NOT NULL, 
	file_path VARCHAR NOT NULL, 
	file_size INTEGER NOT NULL, 
	checksum VARCHAR NOT NULL, 
	created_at TIMESTAMP WITHOUT TIME ZONE NOT NULL, 
	updated_at TIMESTAMP WITHOUT TIME ZONE NOT NULL, 
	document_id INTEGER NOT NULL, 
	created_by_id INTEGER, 
	PRIMARY KEY (id), 
	FOREIGN KEY(document_id) REFERENCES documents (id), 
	FOREIGN KEY(created_by_id) REFERENCES "user" (id)
)

 (session.py:30)
2025-06-17 11:29:14 [    INFO] CREATE INDEX ix_document_versions_version_number ON document_versions (version_number) (base.py:1842)
2025-06-17 11:29:14 [    INFO] [no key 0.00126s] {} (base.py:1842)
2025-06-17 11:29:14 [   DEBUG] Query eseguita in 0.01 secondi: CREATE INDEX ix_document_versions_version_number ON document_versions (version_number) (session.py:30)
2025-06-17 11:29:14 [    INFO] CREATE INDEX ix_document_versions_created_by_id ON document_versions (created_by_id) (base.py:1842)
2025-06-17 11:29:14 [    INFO] [no key 0.00234s] {} (base.py:1842)
2025-06-17 11:29:14 [   DEBUG] Query eseguita in 0.01 secondi: CREATE INDEX ix_document_versions_created_by_id ON document_versions (created_by_id) (session.py:30)
2025-06-17 11:29:14 [    INFO] CREATE INDEX ix_document_versions_document_id ON document_versions (document_id) (base.py:1842)
2025-06-17 11:29:14 [    INFO] [no key 0.00558s] {} (base.py:1842)
2025-06-17 11:29:14 [   DEBUG] Query eseguita in 0.02 secondi: CREATE INDEX ix_document_versions_document_id ON document_versions (document_id) (session.py:30)
2025-06-17 11:29:14 [    INFO] 
CREATE TABLE maintenance_records (
	id SERIAL NOT NULL, 
	node_id INTEGER NOT NULL, 
	timestamp TIMESTAMP WITHOUT TIME ZONE NOT NULL, 
	maintenance_type maintenancetype NOT NULL, 
	description VARCHAR NOT NULL, 
	status maintenancestatus NOT NULL, 
	notes VARCHAR, 
	document_id INTEGER, 
	PRIMARY KEY (id), 
	FOREIGN KEY(node_id) REFERENCES nodes (id), 
	FOREIGN KEY(document_id) REFERENCES documents (id)
)

 (base.py:1842)
2025-06-17 11:29:14 [    INFO] [no key 0.00242s] {} (base.py:1842)
2025-06-17 11:29:14 [   DEBUG] Query eseguita in 0.04 secondi: 
CREATE TABLE maintenance_records (
	id SERIAL NOT NULL, 
	node_id INTEGER NOT NULL, 
	timestamp TIMESTAMP WITHOUT TIME ZONE NOT NULL, 
	maintenance_type maintenancetype NOT NULL, 
	description VARCHAR NOT NULL, 
	status maintenancestatus NOT NULL, 
	notes VARCHAR, 
	document_id INTEGER, 
	PRIMARY KEY (id), 
	FOREIGN KEY(node_id) REFERENCES nodes (id), 
	FOREIGN KEY(document_id) REFERENCES documents (id)
)

 (session.py:30)
2025-06-17 11:29:14 [    INFO] CREATE INDEX ix_maintenance_records_node_id ON maintenance_records (node_id) (base.py:1842)
2025-06-17 11:29:14 [    INFO] [no key 0.00255s] {} (base.py:1842)
2025-06-17 11:29:14 [   DEBUG] Query eseguita in 0.02 secondi: CREATE INDEX ix_maintenance_records_node_id ON maintenance_records (node_id) (session.py:30)
2025-06-17 11:29:14 [    INFO] COMMIT (base.py:2704)
2025-06-17 11:29:14 [   DEBUG] Test database tables created successfully (test_users.py:52)
2025-06-17 11:29:14 [   DEBUG] Test database session created successfully (test_users.py:55)
2025-06-17 11:29:14 [   DEBUG] Overriding get_session for tests... (conftest.py:269)
2025-06-17 11:29:14 [   DEBUG] Setting up FakeRedis for tests... (conftest_redis.py:18)
2025-06-17 11:29:14 [   DEBUG] Connessione Redis stabilita con successo (redis.py:24)
-------------------------------- live log call --------------------------------
2025-06-17 11:29:14 [   DEBUG] Using proactor: IocpProactor (proactor_events.py:631)
2025-06-17 11:29:14 [    INFO] HTTP Request: PUT http://testserver/api/v1/users/999 "HTTP/1.1 401 Unauthorized" (_client.py:1025)
FAILED                                                                   [ 93%]
------------------------------ live log teardown ------------------------------
2025-06-17 11:29:14 [   DEBUG] Restored original Redis client (conftest_redis.py:29)
2025-06-17 11:29:14 [   DEBUG] get_session override cleared (conftest.py:275)
2025-06-17 11:29:14 [   DEBUG] Cleaning up test database session... (test_users.py:57)
2025-06-17 11:29:14 [    INFO] BEGIN (implicit) (base.py:2698)
2025-06-17 11:29:14 [    INFO] DROP SCHEMA public CASCADE (base.py:1842)
2025-06-17 11:29:14 [    INFO] [generated in 0.00203s] {} (base.py:1842)
2025-06-17 11:29:14 [   DEBUG] Query eseguita in 0.10 secondi: DROP SCHEMA public CASCADE (session.py:30)
2025-06-17 11:29:14 [    INFO] CREATE SCHEMA public (base.py:1842)
2025-06-17 11:29:14 [    INFO] [generated in 0.00136s] {} (base.py:1842)
2025-06-17 11:29:14 [   DEBUG] Query eseguita in 0.01 secondi: CREATE SCHEMA public (session.py:30)
2025-06-17 11:29:14 [    INFO] COMMIT (base.py:2704)
2025-06-17 11:29:14 [   DEBUG] Test database cleanup completed (test_users.py:63)
2025-06-17 11:29:14 [   DEBUG] Session fixture completed in 1.78 seconds (test_users.py:68)

tests/api/test_users.py::test_delete_user 
------------------------------- live log setup --------------------------------
2025-06-17 11:29:14 [   DEBUG] Setting up test database session... (test_users.py:38)
2025-06-17 11:29:15 [    INFO] select pg_catalog.version() (base.py:1842)
2025-06-17 11:29:15 [    INFO] [raw sql] {} (base.py:1842)
2025-06-17 11:29:15 [    INFO] select current_schema() (base.py:1842)
2025-06-17 11:29:15 [    INFO] [raw sql] {} (base.py:1842)
2025-06-17 11:29:15 [    INFO] show standard_conforming_strings (base.py:1842)
2025-06-17 11:29:15 [    INFO] [raw sql] {} (base.py:1842)
2025-06-17 11:29:15 [    INFO] BEGIN (implicit) (base.py:2698)
2025-06-17 11:29:15 [    INFO] SELECT pg_catalog.pg_class.relname 
FROM pg_catalog.pg_class JOIN pg_catalog.pg_namespace ON pg_catalog.pg_namespace.oid = pg_catalog.pg_class.relnamespace 
WHERE pg_catalog.pg_class.relname = %(table_name)s AND pg_catalog.pg_class.relkind = ANY (ARRAY[%(param_1)s, %(param_2)s, %(param_3)s, %(param_4)s, %(param_5)s]) AND pg_catalog.pg_table_is_visible(pg_catalog.pg_class.oid) AND pg_catalog.pg_namespace.nspname != %(nspname_1)s (base.py:1842)
2025-06-17 11:29:15 [    INFO] [generated in 0.00110s] {'table_name': 'user', 'param_1': 'r', 'param_2': 'p', 'param_3': 'f', 'param_4': 'v', 'param_5': 'm', 'nspname_1': 'pg_catalog'} (base.py:1842)
2025-06-17 11:29:15 [   DEBUG] Query eseguita in 0.02 secondi: SELECT pg_catalog.pg_class.relname 
FROM pg_catalog.pg_class JOIN pg_catalog.pg_namespace ON pg_catalog.pg_namespace.oid = pg_catalog.pg_class.relnamespace 
WHERE pg_catalog.pg_class.relname = %(table_name)s AND pg_catalog.pg_class.relkind = ANY (ARRAY[%(param_1)s, %(param_2)s, %(param_3)s, %(param_4)s, %(param_5)s]) AND pg_catalog.pg_table_is_visible(pg_catalog.pg_class.oid) AND pg_catalog.pg_namespace.nspname != %(nspname_1)s (session.py:30)
2025-06-17 11:29:15 [    INFO] SELECT pg_catalog.pg_class.relname 
FROM pg_catalog.pg_class JOIN pg_catalog.pg_namespace ON pg_catalog.pg_namespace.oid = pg_catalog.pg_class.relnamespace 
WHERE pg_catalog.pg_class.relname = %(table_name)s AND pg_catalog.pg_class.relkind = ANY (ARRAY[%(param_1)s, %(param_2)s, %(param_3)s, %(param_4)s, %(param_5)s]) AND pg_catalog.pg_table_is_visible(pg_catalog.pg_class.oid) AND pg_catalog.pg_namespace.nspname != %(nspname_1)s (base.py:1842)
2025-06-17 11:29:15 [    INFO] [cached since 0.01983s ago] {'table_name': 'documents', 'param_1': 'r', 'param_2': 'p', 'param_3': 'f', 'param_4': 'v', 'param_5': 'm', 'nspname_1': 'pg_catalog'} (base.py:1842)
2025-06-17 11:29:15 [   DEBUG] Query eseguita in 0.01 secondi: SELECT pg_catalog.pg_class.relname 
FROM pg_catalog.pg_class JOIN pg_catalog.pg_namespace ON pg_catalog.pg_namespace.oid = pg_catalog.pg_class.relnamespace 
WHERE pg_catalog.pg_class.relname = %(table_name)s AND pg_catalog.pg_class.relkind = ANY (ARRAY[%(param_1)s, %(param_2)s, %(param_3)s, %(param_4)s, %(param_5)s]) AND pg_catalog.pg_table_is_visible(pg_catalog.pg_class.oid) AND pg_catalog.pg_namespace.nspname != %(nspname_1)s (session.py:30)
2025-06-17 11:29:15 [    INFO] SELECT pg_catalog.pg_class.relname 
FROM pg_catalog.pg_class JOIN pg_catalog.pg_namespace ON pg_catalog.pg_namespace.oid = pg_catalog.pg_class.relnamespace 
WHERE pg_catalog.pg_class.relname = %(table_name)s AND pg_catalog.pg_class.relkind = ANY (ARRAY[%(param_1)s, %(param_2)s, %(param_3)s, %(param_4)s, %(param_5)s]) AND pg_catalog.pg_table_is_visible(pg_catalog.pg_class.oid) AND pg_catalog.pg_namespace.nspname != %(nspname_1)s (base.py:1842)
2025-06-17 11:29:15 [    INFO] [cached since 0.03277s ago] {'table_name': 'document_versions', 'param_1': 'r', 'param_2': 'p', 'param_3': 'f', 'param_4': 'v', 'param_5': 'm', 'nspname_1': 'pg_catalog'} (base.py:1842)
2025-06-17 11:29:15 [   DEBUG] Query eseguita in 0.00 secondi: SELECT pg_catalog.pg_class.relname 
FROM pg_catalog.pg_class JOIN pg_catalog.pg_namespace ON pg_catalog.pg_namespace.oid = pg_catalog.pg_class.relnamespace 
WHERE pg_catalog.pg_class.relname = %(table_name)s AND pg_catalog.pg_class.relkind = ANY (ARRAY[%(param_1)s, %(param_2)s, %(param_3)s, %(param_4)s, %(param_5)s]) AND pg_catalog.pg_table_is_visible(pg_catalog.pg_class.oid) AND pg_catalog.pg_namespace.nspname != %(nspname_1)s (session.py:30)
2025-06-17 11:29:15 [    INFO] SELECT pg_catalog.pg_class.relname 
FROM pg_catalog.pg_class JOIN pg_catalog.pg_namespace ON pg_catalog.pg_namespace.oid = pg_catalog.pg_class.relnamespace 
WHERE pg_catalog.pg_class.relname = %(table_name)s AND pg_catalog.pg_class.relkind = ANY (ARRAY[%(param_1)s, %(param_2)s, %(param_3)s, %(param_4)s, %(param_5)s]) AND pg_catalog.pg_table_is_visible(pg_catalog.pg_class.oid) AND pg_catalog.pg_namespace.nspname != %(nspname_1)s (base.py:1842)
2025-06-17 11:29:15 [    INFO] [cached since 0.03997s ago] {'table_name': 'houses', 'param_1': 'r', 'param_2': 'p', 'param_3': 'f', 'param_4': 'v', 'param_5': 'm', 'nspname_1': 'pg_catalog'} (base.py:1842)
2025-06-17 11:29:15 [   DEBUG] Query eseguita in 0.01 secondi: SELECT pg_catalog.pg_class.relname 
FROM pg_catalog.pg_class JOIN pg_catalog.pg_namespace ON pg_catalog.pg_namespace.oid = pg_catalog.pg_class.relnamespace 
WHERE pg_catalog.pg_class.relname = %(table_name)s AND pg_catalog.pg_class.relkind = ANY (ARRAY[%(param_1)s, %(param_2)s, %(param_3)s, %(param_4)s, %(param_5)s]) AND pg_catalog.pg_table_is_visible(pg_catalog.pg_class.oid) AND pg_catalog.pg_namespace.nspname != %(nspname_1)s (session.py:30)
2025-06-17 11:29:15 [    INFO] SELECT pg_catalog.pg_class.relname 
FROM pg_catalog.pg_class JOIN pg_catalog.pg_namespace ON pg_catalog.pg_namespace.oid = pg_catalog.pg_class.relnamespace 
WHERE pg_catalog.pg_class.relname = %(table_name)s AND pg_catalog.pg_class.relkind = ANY (ARRAY[%(param_1)s, %(param_2)s, %(param_3)s, %(param_4)s, %(param_5)s]) AND pg_catalog.pg_table_is_visible(pg_catalog.pg_class.oid) AND pg_catalog.pg_namespace.nspname != %(nspname_1)s (base.py:1842)
2025-06-17 11:29:15 [    INFO] [cached since 0.05007s ago] {'table_name': 'nodes', 'param_1': 'r', 'param_2': 'p', 'param_3': 'f', 'param_4': 'v', 'param_5': 'm', 'nspname_1': 'pg_catalog'} (base.py:1842)
2025-06-17 11:29:15 [   DEBUG] Query eseguita in 0.01 secondi: SELECT pg_catalog.pg_class.relname 
FROM pg_catalog.pg_class JOIN pg_catalog.pg_namespace ON pg_catalog.pg_namespace.oid = pg_catalog.pg_class.relnamespace 
WHERE pg_catalog.pg_class.relname = %(table_name)s AND pg_catalog.pg_class.relkind = ANY (ARRAY[%(param_1)s, %(param_2)s, %(param_3)s, %(param_4)s, %(param_5)s]) AND pg_catalog.pg_table_is_visible(pg_catalog.pg_class.oid) AND pg_catalog.pg_namespace.nspname != %(nspname_1)s (session.py:30)
2025-06-17 11:29:15 [    INFO] SELECT pg_catalog.pg_class.relname 
FROM pg_catalog.pg_class JOIN pg_catalog.pg_namespace ON pg_catalog.pg_namespace.oid = pg_catalog.pg_class.relnamespace 
WHERE pg_catalog.pg_class.relname = %(table_name)s AND pg_catalog.pg_class.relkind = ANY (ARRAY[%(param_1)s, %(param_2)s, %(param_3)s, %(param_4)s, %(param_5)s]) AND pg_catalog.pg_table_is_visible(pg_catalog.pg_class.oid) AND pg_catalog.pg_namespace.nspname != %(nspname_1)s (base.py:1842)
2025-06-17 11:29:15 [    INFO] [cached since 0.05897s ago] {'table_name': 'rooms', 'param_1': 'r', 'param_2': 'p', 'param_3': 'f', 'param_4': 'v', 'param_5': 'm', 'nspname_1': 'pg_catalog'} (base.py:1842)
2025-06-17 11:29:15 [   DEBUG] Query eseguita in 0.01 secondi: SELECT pg_catalog.pg_class.relname 
FROM pg_catalog.pg_class JOIN pg_catalog.pg_namespace ON pg_catalog.pg_namespace.oid = pg_catalog.pg_class.relnamespace 
WHERE pg_catalog.pg_class.relname = %(table_name)s AND pg_catalog.pg_class.relkind = ANY (ARRAY[%(param_1)s, %(param_2)s, %(param_3)s, %(param_4)s, %(param_5)s]) AND pg_catalog.pg_table_is_visible(pg_catalog.pg_class.oid) AND pg_catalog.pg_namespace.nspname != %(nspname_1)s (session.py:30)
2025-06-17 11:29:15 [    INFO] SELECT pg_catalog.pg_class.relname 
FROM pg_catalog.pg_class JOIN pg_catalog.pg_namespace ON pg_catalog.pg_namespace.oid = pg_catalog.pg_class.relnamespace 
WHERE pg_catalog.pg_class.relname = %(table_name)s AND pg_catalog.pg_class.relkind = ANY (ARRAY[%(param_1)s, %(param_2)s, %(param_3)s, %(param_4)s, %(param_5)s]) AND pg_catalog.pg_table_is_visible(pg_catalog.pg_class.oid) AND pg_catalog.pg_namespace.nspname != %(nspname_1)s (base.py:1842)
2025-06-17 11:29:15 [    INFO] [cached since 0.06833s ago] {'table_name': 'bookings', 'param_1': 'r', 'param_2': 'p', 'param_3': 'f', 'param_4': 'v', 'param_5': 'm', 'nspname_1': 'pg_catalog'} (base.py:1842)
2025-06-17 11:29:15 [   DEBUG] Query eseguita in 0.01 secondi: SELECT pg_catalog.pg_class.relname 
FROM pg_catalog.pg_class JOIN pg_catalog.pg_namespace ON pg_catalog.pg_namespace.oid = pg_catalog.pg_class.relnamespace 
WHERE pg_catalog.pg_class.relname = %(table_name)s AND pg_catalog.pg_class.relkind = ANY (ARRAY[%(param_1)s, %(param_2)s, %(param_3)s, %(param_4)s, %(param_5)s]) AND pg_catalog.pg_table_is_visible(pg_catalog.pg_class.oid) AND pg_catalog.pg_namespace.nspname != %(nspname_1)s (session.py:30)
2025-06-17 11:29:15 [    INFO] SELECT pg_catalog.pg_class.relname 
FROM pg_catalog.pg_class JOIN pg_catalog.pg_namespace ON pg_catalog.pg_namespace.oid = pg_catalog.pg_class.relnamespace 
WHERE pg_catalog.pg_class.relname = %(table_name)s AND pg_catalog.pg_class.relkind = ANY (ARRAY[%(param_1)s, %(param_2)s, %(param_3)s, %(param_4)s, %(param_5)s]) AND pg_catalog.pg_table_is_visible(pg_catalog.pg_class.oid) AND pg_catalog.pg_namespace.nspname != %(nspname_1)s (base.py:1842)
2025-06-17 11:29:15 [    INFO] [cached since 0.08213s ago] {'table_name': 'maintenance_records', 'param_1': 'r', 'param_2': 'p', 'param_3': 'f', 'param_4': 'v', 'param_5': 'm', 'nspname_1': 'pg_catalog'} (base.py:1842)
2025-06-17 11:29:15 [   DEBUG] Query eseguita in 0.01 secondi: SELECT pg_catalog.pg_class.relname 
FROM pg_catalog.pg_class JOIN pg_catalog.pg_namespace ON pg_catalog.pg_namespace.oid = pg_catalog.pg_class.relnamespace 
WHERE pg_catalog.pg_class.relname = %(table_name)s AND pg_catalog.pg_class.relkind = ANY (ARRAY[%(param_1)s, %(param_2)s, %(param_3)s, %(param_4)s, %(param_5)s]) AND pg_catalog.pg_table_is_visible(pg_catalog.pg_class.oid) AND pg_catalog.pg_namespace.nspname != %(nspname_1)s (session.py:30)
2025-06-17 11:29:15 [    INFO] SELECT pg_catalog.pg_type.typname 
FROM pg_catalog.pg_type JOIN pg_catalog.pg_namespace ON pg_catalog.pg_namespace.oid = pg_catalog.pg_type.typnamespace 
WHERE pg_catalog.pg_type.typname = %(typname_1)s AND pg_catalog.pg_type_is_visible(pg_catalog.pg_type.oid) AND pg_catalog.pg_namespace.nspname != %(nspname_1)s (base.py:1842)
2025-06-17 11:29:15 [    INFO] [generated in 0.00194s] {'typname_1': 'maintenancetype', 'nspname_1': 'pg_catalog'} (base.py:1842)
2025-06-17 11:29:15 [   DEBUG] Query eseguita in 0.00 secondi: SELECT pg_catalog.pg_type.typname 
FROM pg_catalog.pg_type JOIN pg_catalog.pg_namespace ON pg_catalog.pg_namespace.oid = pg_catalog.pg_type.typnamespace 
WHERE pg_catalog.pg_type.typname = %(typname_1)s AND pg_catalog.pg_type_is_visible(pg_catalog.pg_type.oid) AND pg_catalog.pg_namespace.nspname != %(nspname_1)s (session.py:30)
2025-06-17 11:29:15 [    INFO] CREATE TYPE maintenancetype AS ENUM ('ROUTINE', 'PREVENTIVE', 'CORRECTIVE', 'EMERGENCY', 'INSPECTION') (base.py:1842)
2025-06-17 11:29:15 [    INFO] [no key 0.00159s] {} (base.py:1842)
2025-06-17 11:29:15 [   DEBUG] Query eseguita in 0.01 secondi: CREATE TYPE maintenancetype AS ENUM ('ROUTINE', 'PREVENTIVE', 'CORRECTIVE', 'EMERGENCY', 'INSPECTION') (session.py:30)
2025-06-17 11:29:15 [    INFO] SELECT pg_catalog.pg_type.typname 
FROM pg_catalog.pg_type JOIN pg_catalog.pg_namespace ON pg_catalog.pg_namespace.oid = pg_catalog.pg_type.typnamespace 
WHERE pg_catalog.pg_type.typname = %(typname_1)s AND pg_catalog.pg_type_is_visible(pg_catalog.pg_type.oid) AND pg_catalog.pg_namespace.nspname != %(nspname_1)s (base.py:1842)
2025-06-17 11:29:15 [    INFO] [cached since 0.02642s ago] {'typname_1': 'maintenancestatus', 'nspname_1': 'pg_catalog'} (base.py:1842)
2025-06-17 11:29:15 [   DEBUG] Query eseguita in 0.01 secondi: SELECT pg_catalog.pg_type.typname 
FROM pg_catalog.pg_type JOIN pg_catalog.pg_namespace ON pg_catalog.pg_namespace.oid = pg_catalog.pg_type.typnamespace 
WHERE pg_catalog.pg_type.typname = %(typname_1)s AND pg_catalog.pg_type_is_visible(pg_catalog.pg_type.oid) AND pg_catalog.pg_namespace.nspname != %(nspname_1)s (session.py:30)
2025-06-17 11:29:15 [    INFO] CREATE TYPE maintenancestatus AS ENUM ('PENDING', 'COMPLETED', 'FAILED') (base.py:1842)
2025-06-17 11:29:15 [    INFO] [no key 0.00077s] {} (base.py:1842)
2025-06-17 11:29:15 [   DEBUG] Query eseguita in 0.00 secondi: CREATE TYPE maintenancestatus AS ENUM ('PENDING', 'COMPLETED', 'FAILED') (session.py:30)
2025-06-17 11:29:15 [    INFO] 
CREATE TABLE "user" (
	id SERIAL NOT NULL, 
	email VARCHAR NOT NULL, 
	username VARCHAR NOT NULL, 
	hashed_password VARCHAR NOT NULL, 
	is_active BOOLEAN NOT NULL, 
	is_superuser BOOLEAN NOT NULL, 
	is_verified BOOLEAN NOT NULL, 
	created_at TIMESTAMP WITHOUT TIME ZONE NOT NULL, 
	updated_at TIMESTAMP WITHOUT TIME ZONE NOT NULL, 
	last_login TIMESTAMP WITH TIME ZONE, 
	full_name VARCHAR(255), 
	phone_number VARCHAR(20), 
	PRIMARY KEY (id)
)

 (base.py:1842)
2025-06-17 11:29:15 [    INFO] [no key 0.00425s] {} (base.py:1842)
2025-06-17 11:29:15 [   DEBUG] Query eseguita in 0.05 secondi: 
CREATE TABLE "user" (
	id SERIAL NOT NULL, 
	email VARCHAR NOT NULL, 
	username VARCHAR NOT NULL, 
	hashed_password VARCHAR NOT NULL, 
	is_active BOOLEAN NOT NULL, 
	is_superuser BOOLEAN NOT NULL, 
	is_verified BOOLEAN NOT NULL, 
	created_at TIMESTAMP WITHOUT TIME ZONE NOT NULL, 
	updated_at TIMESTAMP WITHOUT TIME ZONE NOT NULL, 
	last_login TIMESTAMP WITH TIME ZONE, 
	full_name VARCHAR(255), 
	phone_number VARCHAR(20), 
	PRIMARY KEY (id)
)

 (session.py:30)
2025-06-17 11:29:15 [    INFO] CREATE UNIQUE INDEX ix_user_email ON "user" (email) (base.py:1842)
2025-06-17 11:29:15 [    INFO] [no key 0.00074s] {} (base.py:1842)
2025-06-17 11:29:15 [   DEBUG] Query eseguita in 0.01 secondi: CREATE UNIQUE INDEX ix_user_email ON "user" (email) (session.py:30)
2025-06-17 11:29:15 [    INFO] CREATE UNIQUE INDEX ix_user_username ON "user" (username) (base.py:1842)
2025-06-17 11:29:15 [    INFO] [no key 0.00371s] {} (base.py:1842)
2025-06-17 11:29:15 [   DEBUG] Query eseguita in 0.01 secondi: CREATE UNIQUE INDEX ix_user_username ON "user" (username) (session.py:30)
2025-06-17 11:29:15 [    INFO] 
CREATE TABLE houses (
	id SERIAL NOT NULL, 
	name VARCHAR NOT NULL, 
	address VARCHAR NOT NULL, 
	owner_id INTEGER NOT NULL, 
	created_at TIMESTAMP WITHOUT TIME ZONE NOT NULL, 
	updated_at TIMESTAMP WITHOUT TIME ZONE NOT NULL, 
	PRIMARY KEY (id), 
	FOREIGN KEY(owner_id) REFERENCES "user" (id)
)

 (base.py:1842)
2025-06-17 11:29:15 [    INFO] [no key 0.00361s] {} (base.py:1842)
2025-06-17 11:29:15 [   DEBUG] Query eseguita in 0.04 secondi: 
CREATE TABLE houses (
	id SERIAL NOT NULL, 
	name VARCHAR NOT NULL, 
	address VARCHAR NOT NULL, 
	owner_id INTEGER NOT NULL, 
	created_at TIMESTAMP WITHOUT TIME ZONE NOT NULL, 
	updated_at TIMESTAMP WITHOUT TIME ZONE NOT NULL, 
	PRIMARY KEY (id), 
	FOREIGN KEY(owner_id) REFERENCES "user" (id)
)

 (session.py:30)
2025-06-17 11:29:15 [    INFO] CREATE INDEX ix_houses_name ON houses (name) (base.py:1842)
2025-06-17 11:29:15 [    INFO] [no key 0.00069s] {} (base.py:1842)
2025-06-17 11:29:15 [   DEBUG] Query eseguita in 0.01 secondi: CREATE INDEX ix_houses_name ON houses (name) (session.py:30)
2025-06-17 11:29:15 [    INFO] 
CREATE TABLE rooms (
	id SERIAL NOT NULL, 
	name VARCHAR NOT NULL, 
	description VARCHAR, 
	floor INTEGER NOT NULL, 
	area FLOAT NOT NULL, 
	house_id INTEGER NOT NULL, 
	created_at TIMESTAMP WITHOUT TIME ZONE NOT NULL, 
	updated_at TIMESTAMP WITHOUT TIME ZONE NOT NULL, 
	PRIMARY KEY (id), 
	FOREIGN KEY(house_id) REFERENCES houses (id)
)

 (base.py:1842)
2025-06-17 11:29:15 [    INFO] [no key 0.00090s] {} (base.py:1842)
2025-06-17 11:29:15 [   DEBUG] Query eseguita in 0.03 secondi: 
CREATE TABLE rooms (
	id SERIAL NOT NULL, 
	name VARCHAR NOT NULL, 
	description VARCHAR, 
	floor INTEGER NOT NULL, 
	area FLOAT NOT NULL, 
	house_id INTEGER NOT NULL, 
	created_at TIMESTAMP WITHOUT TIME ZONE NOT NULL, 
	updated_at TIMESTAMP WITHOUT TIME ZONE NOT NULL, 
	PRIMARY KEY (id), 
	FOREIGN KEY(house_id) REFERENCES houses (id)
)

 (session.py:30)
2025-06-17 11:29:15 [    INFO] CREATE INDEX ix_rooms_name ON rooms (name) (base.py:1842)
2025-06-17 11:29:15 [    INFO] [no key 0.00085s] {} (base.py:1842)
2025-06-17 11:29:15 [   DEBUG] Query eseguita in 0.01 secondi: CREATE INDEX ix_rooms_name ON rooms (name) (session.py:30)
2025-06-17 11:29:15 [    INFO] 
CREATE TABLE nodes (
	id SERIAL NOT NULL, 
	name VARCHAR NOT NULL, 
	description VARCHAR, 
	nfc_id VARCHAR NOT NULL, 
	house_id INTEGER NOT NULL, 
	room_id INTEGER, 
	PRIMARY KEY (id), 
	FOREIGN KEY(house_id) REFERENCES houses (id), 
	FOREIGN KEY(room_id) REFERENCES rooms (id)
)

 (base.py:1842)
2025-06-17 11:29:15 [    INFO] [no key 0.00073s] {} (base.py:1842)
2025-06-17 11:29:15 [   DEBUG] Query eseguita in 0.03 secondi: 
CREATE TABLE nodes (
	id SERIAL NOT NULL, 
	name VARCHAR NOT NULL, 
	description VARCHAR, 
	nfc_id VARCHAR NOT NULL, 
	house_id INTEGER NOT NULL, 
	room_id INTEGER, 
	PRIMARY KEY (id), 
	FOREIGN KEY(house_id) REFERENCES houses (id), 
	FOREIGN KEY(room_id) REFERENCES rooms (id)
)

 (session.py:30)
2025-06-17 11:29:15 [    INFO] CREATE UNIQUE INDEX ix_nodes_nfc_id ON nodes (nfc_id) (base.py:1842)
2025-06-17 11:29:15 [    INFO] [no key 0.00083s] {} (base.py:1842)
2025-06-17 11:29:15 [   DEBUG] Query eseguita in 0.01 secondi: CREATE UNIQUE INDEX ix_nodes_nfc_id ON nodes (nfc_id) (session.py:30)
2025-06-17 11:29:15 [    INFO] 
CREATE TABLE bookings (
	id SERIAL NOT NULL, 
	room_id INTEGER NOT NULL, 
	user_id INTEGER NOT NULL, 
	start_time TIMESTAMP WITHOUT TIME ZONE NOT NULL, 
	end_time TIMESTAMP WITHOUT TIME ZONE NOT NULL, 
	status VARCHAR NOT NULL, 
	notes VARCHAR, 
	created_at TIMESTAMP WITHOUT TIME ZONE NOT NULL, 
	updated_at TIMESTAMP WITHOUT TIME ZONE NOT NULL, 
	PRIMARY KEY (id), 
	FOREIGN KEY(room_id) REFERENCES rooms (id), 
	FOREIGN KEY(user_id) REFERENCES "user" (id)
)

 (base.py:1842)
2025-06-17 11:29:15 [    INFO] [no key 0.00114s] {} (base.py:1842)
2025-06-17 11:29:15 [   DEBUG] Query eseguita in 0.03 secondi: 
CREATE TABLE bookings (
	id SERIAL NOT NULL, 
	room_id INTEGER NOT NULL, 
	user_id INTEGER NOT NULL, 
	start_time TIMESTAMP WITHOUT TIME ZONE NOT NULL, 
	end_time TIMESTAMP WITHOUT TIME ZONE NOT NULL, 
	status VARCHAR NOT NULL, 
	notes VARCHAR, 
	created_at TIMESTAMP WITHOUT TIME ZONE NOT NULL, 
	updated_at TIMESTAMP WITHOUT TIME ZONE NOT NULL, 
	PRIMARY KEY (id), 
	FOREIGN KEY(room_id) REFERENCES rooms (id), 
	FOREIGN KEY(user_id) REFERENCES "user" (id)
)

 (session.py:30)
2025-06-17 11:29:15 [    INFO] 
CREATE TABLE documents (
	id SERIAL NOT NULL, 
	created_at TIMESTAMP WITHOUT TIME ZONE NOT NULL, 
	updated_at TIMESTAMP WITHOUT TIME ZONE NOT NULL, 
	owner_id INTEGER NOT NULL, 
	name VARCHAR NOT NULL, 
	type VARCHAR NOT NULL, 
	size INTEGER NOT NULL, 
	upload_date TIMESTAMP WITHOUT TIME ZONE NOT NULL, 
	path VARCHAR NOT NULL, 
	checksum VARCHAR NOT NULL, 
	house_id INTEGER, 
	node_id INTEGER, 
	description VARCHAR, 
	PRIMARY KEY (id), 
	FOREIGN KEY(owner_id) REFERENCES "user" (id), 
	FOREIGN KEY(house_id) REFERENCES houses (id), 
	FOREIGN KEY(node_id) REFERENCES nodes (id)
)

 (base.py:1842)
2025-06-17 11:29:15 [    INFO] [no key 0.00453s] {} (base.py:1842)
2025-06-17 11:29:15 [   DEBUG] Query eseguita in 0.04 secondi: 
CREATE TABLE documents (
	id SERIAL NOT NULL, 
	created_at TIMESTAMP WITHOUT TIME ZONE NOT NULL, 
	updated_at TIMESTAMP WITHOUT TIME ZONE NOT NULL, 
	owner_id INTEGER NOT NULL, 
	name VARCHAR NOT NULL, 
	type VARCHAR NOT NULL, 
	size INTEGER NOT NULL, 
	upload_date TIMESTAMP WITHOUT TIME ZONE NOT NULL, 
	path VARCHAR NOT NULL, 
	checksum VARCHAR NOT NULL, 
	house_id INTEGER, 
	node_id INTEGER, 
	description VARCHAR, 
	PRIMARY KEY (id), 
	FOREIGN KEY(owner_id) REFERENCES "user" (id), 
	FOREIGN KEY(house_id) REFERENCES houses (id), 
	FOREIGN KEY(node_id) REFERENCES nodes (id)
)

 (session.py:30)
2025-06-17 11:29:15 [    INFO] CREATE INDEX ix_documents_owner_id ON documents (owner_id) (base.py:1842)
2025-06-17 11:29:15 [    INFO] [no key 0.00274s] {} (base.py:1842)
2025-06-17 11:29:15 [   DEBUG] Query eseguita in 0.01 secondi: CREATE INDEX ix_documents_owner_id ON documents (owner_id) (session.py:30)
2025-06-17 11:29:15 [    INFO] 
CREATE TABLE document_versions (
	id SERIAL NOT NULL, 
	version_number INTEGER NOT NULL, 
	file_path VARCHAR NOT NULL, 
	file_size INTEGER NOT NULL, 
	checksum VARCHAR NOT NULL, 
	created_at TIMESTAMP WITHOUT TIME ZONE NOT NULL, 
	updated_at TIMESTAMP WITHOUT TIME ZONE NOT NULL, 
	document_id INTEGER NOT NULL, 
	created_by_id INTEGER, 
	PRIMARY KEY (id), 
	FOREIGN KEY(document_id) REFERENCES documents (id), 
	FOREIGN KEY(created_by_id) REFERENCES "user" (id)
)

 (base.py:1842)
2025-06-17 11:29:15 [    INFO] [no key 0.00322s] {} (base.py:1842)
2025-06-17 11:29:15 [   DEBUG] Query eseguita in 0.04 secondi: 
CREATE TABLE document_versions (
	id SERIAL NOT NULL, 
	version_number INTEGER NOT NULL, 
	file_path VARCHAR NOT NULL, 
	file_size INTEGER NOT NULL, 
	checksum VARCHAR NOT NULL, 
	created_at TIMESTAMP WITHOUT TIME ZONE NOT NULL, 
	updated_at TIMESTAMP WITHOUT TIME ZONE NOT NULL, 
	document_id INTEGER NOT NULL, 
	created_by_id INTEGER, 
	PRIMARY KEY (id), 
	FOREIGN KEY(document_id) REFERENCES documents (id), 
	FOREIGN KEY(created_by_id) REFERENCES "user" (id)
)

 (session.py:30)
2025-06-17 11:29:15 [    INFO] CREATE INDEX ix_document_versions_version_number ON document_versions (version_number) (base.py:1842)
2025-06-17 11:29:15 [    INFO] [no key 0.00108s] {} (base.py:1842)
2025-06-17 11:29:15 [   DEBUG] Query eseguita in 0.01 secondi: CREATE INDEX ix_document_versions_version_number ON document_versions (version_number) (session.py:30)
2025-06-17 11:29:15 [    INFO] CREATE INDEX ix_document_versions_created_by_id ON document_versions (created_by_id) (base.py:1842)
2025-06-17 11:29:15 [    INFO] [no key 0.00084s] {} (base.py:1842)
2025-06-17 11:29:15 [   DEBUG] Query eseguita in 0.01 secondi: CREATE INDEX ix_document_versions_created_by_id ON document_versions (created_by_id) (session.py:30)
2025-06-17 11:29:16 [    INFO] CREATE INDEX ix_document_versions_document_id ON document_versions (document_id) (base.py:1842)
2025-06-17 11:29:16 [    INFO] [no key 0.00476s] {} (base.py:1842)
2025-06-17 11:29:16 [   DEBUG] Query eseguita in 0.01 secondi: CREATE INDEX ix_document_versions_document_id ON document_versions (document_id) (session.py:30)
2025-06-17 11:29:16 [    INFO] 
CREATE TABLE maintenance_records (
	id SERIAL NOT NULL, 
	node_id INTEGER NOT NULL, 
	timestamp TIMESTAMP WITHOUT TIME ZONE NOT NULL, 
	maintenance_type maintenancetype NOT NULL, 
	description VARCHAR NOT NULL, 
	status maintenancestatus NOT NULL, 
	notes VARCHAR, 
	document_id INTEGER, 
	PRIMARY KEY (id), 
	FOREIGN KEY(node_id) REFERENCES nodes (id), 
	FOREIGN KEY(document_id) REFERENCES documents (id)
)

 (base.py:1842)
2025-06-17 11:29:16 [    INFO] [no key 0.00208s] {} (base.py:1842)
2025-06-17 11:29:16 [   DEBUG] Query eseguita in 0.06 secondi: 
CREATE TABLE maintenance_records (
	id SERIAL NOT NULL, 
	node_id INTEGER NOT NULL, 
	timestamp TIMESTAMP WITHOUT TIME ZONE NOT NULL, 
	maintenance_type maintenancetype NOT NULL, 
	description VARCHAR NOT NULL, 
	status maintenancestatus NOT NULL, 
	notes VARCHAR, 
	document_id INTEGER, 
	PRIMARY KEY (id), 
	FOREIGN KEY(node_id) REFERENCES nodes (id), 
	FOREIGN KEY(document_id) REFERENCES documents (id)
)

 (session.py:30)
2025-06-17 11:29:16 [    INFO] CREATE INDEX ix_maintenance_records_node_id ON maintenance_records (node_id) (base.py:1842)
2025-06-17 11:29:16 [    INFO] [no key 0.00179s] {} (base.py:1842)
2025-06-17 11:29:16 [   DEBUG] Query eseguita in 0.01 secondi: CREATE INDEX ix_maintenance_records_node_id ON maintenance_records (node_id) (session.py:30)
2025-06-17 11:29:16 [    INFO] COMMIT (base.py:2704)
2025-06-17 11:29:16 [   DEBUG] Test database tables created successfully (test_users.py:52)
2025-06-17 11:29:16 [   DEBUG] Test database session created successfully (test_users.py:55)
2025-06-17 11:29:16 [   DEBUG] Overriding get_session for tests... (conftest.py:269)
2025-06-17 11:29:16 [   DEBUG] Setting up FakeRedis for tests... (conftest_redis.py:18)
2025-06-17 11:29:16 [   DEBUG] Connessione Redis stabilita con successo (redis.py:24)
-------------------------------- live log call --------------------------------
2025-06-17 11:29:16 [   DEBUG] Using proactor: IocpProactor (proactor_events.py:631)
2025-06-17 11:29:16 [    INFO] HTTP Request: POST http://testserver/api/v1/auth/register "HTTP/1.1 422 Unprocessable Entity" (_client.py:1025)
FAILED                                                                   [ 95%]
------------------------------ live log teardown ------------------------------
2025-06-17 11:29:16 [   DEBUG] Restored original Redis client (conftest_redis.py:29)
2025-06-17 11:29:16 [   DEBUG] get_session override cleared (conftest.py:275)
2025-06-17 11:29:16 [   DEBUG] Cleaning up test database session... (test_users.py:57)
2025-06-17 11:29:16 [    INFO] BEGIN (implicit) (base.py:2698)
2025-06-17 11:29:16 [    INFO] DROP SCHEMA public CASCADE (base.py:1842)
2025-06-17 11:29:16 [    INFO] [generated in 0.00551s] {} (base.py:1842)
2025-06-17 11:29:16 [   DEBUG] Query eseguita in 0.10 secondi: DROP SCHEMA public CASCADE (session.py:30)
2025-06-17 11:29:16 [    INFO] CREATE SCHEMA public (base.py:1842)
2025-06-17 11:29:16 [    INFO] [generated in 0.00154s] {} (base.py:1842)
2025-06-17 11:29:16 [   DEBUG] Query eseguita in 0.01 secondi: CREATE SCHEMA public (session.py:30)
2025-06-17 11:29:16 [    INFO] COMMIT (base.py:2704)
2025-06-17 11:29:16 [   DEBUG] Test database cleanup completed (test_users.py:63)
2025-06-17 11:29:16 [   DEBUG] Session fixture completed in 1.58 seconds (test_users.py:68)

tests/api/test_users.py::test_delete_user_not_found 
------------------------------- live log setup --------------------------------
2025-06-17 11:29:16 [   DEBUG] Setting up test database session... (test_users.py:38)
2025-06-17 11:29:17 [    INFO] select pg_catalog.version() (base.py:1842)
2025-06-17 11:29:17 [    INFO] [raw sql] {} (base.py:1842)
2025-06-17 11:29:17 [    INFO] select current_schema() (base.py:1842)
2025-06-17 11:29:17 [    INFO] [raw sql] {} (base.py:1842)
2025-06-17 11:29:17 [    INFO] show standard_conforming_strings (base.py:1842)
2025-06-17 11:29:17 [    INFO] [raw sql] {} (base.py:1842)
2025-06-17 11:29:17 [    INFO] BEGIN (implicit) (base.py:2698)
2025-06-17 11:29:17 [    INFO] SELECT pg_catalog.pg_class.relname 
FROM pg_catalog.pg_class JOIN pg_catalog.pg_namespace ON pg_catalog.pg_namespace.oid = pg_catalog.pg_class.relnamespace 
WHERE pg_catalog.pg_class.relname = %(table_name)s AND pg_catalog.pg_class.relkind = ANY (ARRAY[%(param_1)s, %(param_2)s, %(param_3)s, %(param_4)s, %(param_5)s]) AND pg_catalog.pg_table_is_visible(pg_catalog.pg_class.oid) AND pg_catalog.pg_namespace.nspname != %(nspname_1)s (base.py:1842)
2025-06-17 11:29:17 [    INFO] [generated in 0.00580s] {'table_name': 'user', 'param_1': 'r', 'param_2': 'p', 'param_3': 'f', 'param_4': 'v', 'param_5': 'm', 'nspname_1': 'pg_catalog'} (base.py:1842)
2025-06-17 11:29:17 [   DEBUG] Query eseguita in 0.02 secondi: SELECT pg_catalog.pg_class.relname 
FROM pg_catalog.pg_class JOIN pg_catalog.pg_namespace ON pg_catalog.pg_namespace.oid = pg_catalog.pg_class.relnamespace 
WHERE pg_catalog.pg_class.relname = %(table_name)s AND pg_catalog.pg_class.relkind = ANY (ARRAY[%(param_1)s, %(param_2)s, %(param_3)s, %(param_4)s, %(param_5)s]) AND pg_catalog.pg_table_is_visible(pg_catalog.pg_class.oid) AND pg_catalog.pg_namespace.nspname != %(nspname_1)s (session.py:30)
2025-06-17 11:29:17 [    INFO] SELECT pg_catalog.pg_class.relname 
FROM pg_catalog.pg_class JOIN pg_catalog.pg_namespace ON pg_catalog.pg_namespace.oid = pg_catalog.pg_class.relnamespace 
WHERE pg_catalog.pg_class.relname = %(table_name)s AND pg_catalog.pg_class.relkind = ANY (ARRAY[%(param_1)s, %(param_2)s, %(param_3)s, %(param_4)s, %(param_5)s]) AND pg_catalog.pg_table_is_visible(pg_catalog.pg_class.oid) AND pg_catalog.pg_namespace.nspname != %(nspname_1)s (base.py:1842)
2025-06-17 11:29:17 [    INFO] [cached since 0.0242s ago] {'table_name': 'documents', 'param_1': 'r', 'param_2': 'p', 'param_3': 'f', 'param_4': 'v', 'param_5': 'm', 'nspname_1': 'pg_catalog'} (base.py:1842)
2025-06-17 11:29:17 [   DEBUG] Query eseguita in 0.00 secondi: SELECT pg_catalog.pg_class.relname 
FROM pg_catalog.pg_class JOIN pg_catalog.pg_namespace ON pg_catalog.pg_namespace.oid = pg_catalog.pg_class.relnamespace 
WHERE pg_catalog.pg_class.relname = %(table_name)s AND pg_catalog.pg_class.relkind = ANY (ARRAY[%(param_1)s, %(param_2)s, %(param_3)s, %(param_4)s, %(param_5)s]) AND pg_catalog.pg_table_is_visible(pg_catalog.pg_class.oid) AND pg_catalog.pg_namespace.nspname != %(nspname_1)s (session.py:30)
2025-06-17 11:29:17 [    INFO] SELECT pg_catalog.pg_class.relname 
FROM pg_catalog.pg_class JOIN pg_catalog.pg_namespace ON pg_catalog.pg_namespace.oid = pg_catalog.pg_class.relnamespace 
WHERE pg_catalog.pg_class.relname = %(table_name)s AND pg_catalog.pg_class.relkind = ANY (ARRAY[%(param_1)s, %(param_2)s, %(param_3)s, %(param_4)s, %(param_5)s]) AND pg_catalog.pg_table_is_visible(pg_catalog.pg_class.oid) AND pg_catalog.pg_namespace.nspname != %(nspname_1)s (base.py:1842)
2025-06-17 11:29:17 [    INFO] [cached since 0.03107s ago] {'table_name': 'document_versions', 'param_1': 'r', 'param_2': 'p', 'param_3': 'f', 'param_4': 'v', 'param_5': 'm', 'nspname_1': 'pg_catalog'} (base.py:1842)
2025-06-17 11:29:17 [   DEBUG] Query eseguita in 0.01 secondi: SELECT pg_catalog.pg_class.relname 
FROM pg_catalog.pg_class JOIN pg_catalog.pg_namespace ON pg_catalog.pg_namespace.oid = pg_catalog.pg_class.relnamespace 
WHERE pg_catalog.pg_class.relname = %(table_name)s AND pg_catalog.pg_class.relkind = ANY (ARRAY[%(param_1)s, %(param_2)s, %(param_3)s, %(param_4)s, %(param_5)s]) AND pg_catalog.pg_table_is_visible(pg_catalog.pg_class.oid) AND pg_catalog.pg_namespace.nspname != %(nspname_1)s (session.py:30)
2025-06-17 11:29:17 [    INFO] SELECT pg_catalog.pg_class.relname 
FROM pg_catalog.pg_class JOIN pg_catalog.pg_namespace ON pg_catalog.pg_namespace.oid = pg_catalog.pg_class.relnamespace 
WHERE pg_catalog.pg_class.relname = %(table_name)s AND pg_catalog.pg_class.relkind = ANY (ARRAY[%(param_1)s, %(param_2)s, %(param_3)s, %(param_4)s, %(param_5)s]) AND pg_catalog.pg_table_is_visible(pg_catalog.pg_class.oid) AND pg_catalog.pg_namespace.nspname != %(nspname_1)s (base.py:1842)
2025-06-17 11:29:17 [    INFO] [cached since 0.04103s ago] {'table_name': 'houses', 'param_1': 'r', 'param_2': 'p', 'param_3': 'f', 'param_4': 'v', 'param_5': 'm', 'nspname_1': 'pg_catalog'} (base.py:1842)
2025-06-17 11:29:17 [   DEBUG] Query eseguita in 0.00 secondi: SELECT pg_catalog.pg_class.relname 
FROM pg_catalog.pg_class JOIN pg_catalog.pg_namespace ON pg_catalog.pg_namespace.oid = pg_catalog.pg_class.relnamespace 
WHERE pg_catalog.pg_class.relname = %(table_name)s AND pg_catalog.pg_class.relkind = ANY (ARRAY[%(param_1)s, %(param_2)s, %(param_3)s, %(param_4)s, %(param_5)s]) AND pg_catalog.pg_table_is_visible(pg_catalog.pg_class.oid) AND pg_catalog.pg_namespace.nspname != %(nspname_1)s (session.py:30)
2025-06-17 11:29:17 [    INFO] SELECT pg_catalog.pg_class.relname 
FROM pg_catalog.pg_class JOIN pg_catalog.pg_namespace ON pg_catalog.pg_namespace.oid = pg_catalog.pg_class.relnamespace 
WHERE pg_catalog.pg_class.relname = %(table_name)s AND pg_catalog.pg_class.relkind = ANY (ARRAY[%(param_1)s, %(param_2)s, %(param_3)s, %(param_4)s, %(param_5)s]) AND pg_catalog.pg_table_is_visible(pg_catalog.pg_class.oid) AND pg_catalog.pg_namespace.nspname != %(nspname_1)s (base.py:1842)
2025-06-17 11:29:17 [    INFO] [cached since 0.04833s ago] {'table_name': 'nodes', 'param_1': 'r', 'param_2': 'p', 'param_3': 'f', 'param_4': 'v', 'param_5': 'm', 'nspname_1': 'pg_catalog'} (base.py:1842)
2025-06-17 11:29:17 [   DEBUG] Query eseguita in 0.01 secondi: SELECT pg_catalog.pg_class.relname 
FROM pg_catalog.pg_class JOIN pg_catalog.pg_namespace ON pg_catalog.pg_namespace.oid = pg_catalog.pg_class.relnamespace 
WHERE pg_catalog.pg_class.relname = %(table_name)s AND pg_catalog.pg_class.relkind = ANY (ARRAY[%(param_1)s, %(param_2)s, %(param_3)s, %(param_4)s, %(param_5)s]) AND pg_catalog.pg_table_is_visible(pg_catalog.pg_class.oid) AND pg_catalog.pg_namespace.nspname != %(nspname_1)s (session.py:30)
2025-06-17 11:29:17 [    INFO] SELECT pg_catalog.pg_class.relname 
FROM pg_catalog.pg_class JOIN pg_catalog.pg_namespace ON pg_catalog.pg_namespace.oid = pg_catalog.pg_class.relnamespace 
WHERE pg_catalog.pg_class.relname = %(table_name)s AND pg_catalog.pg_class.relkind = ANY (ARRAY[%(param_1)s, %(param_2)s, %(param_3)s, %(param_4)s, %(param_5)s]) AND pg_catalog.pg_table_is_visible(pg_catalog.pg_class.oid) AND pg_catalog.pg_namespace.nspname != %(nspname_1)s (base.py:1842)
2025-06-17 11:29:17 [    INFO] [cached since 0.0587s ago] {'table_name': 'rooms', 'param_1': 'r', 'param_2': 'p', 'param_3': 'f', 'param_4': 'v', 'param_5': 'm', 'nspname_1': 'pg_catalog'} (base.py:1842)
2025-06-17 11:29:17 [   DEBUG] Query eseguita in 0.01 secondi: SELECT pg_catalog.pg_class.relname 
FROM pg_catalog.pg_class JOIN pg_catalog.pg_namespace ON pg_catalog.pg_namespace.oid = pg_catalog.pg_class.relnamespace 
WHERE pg_catalog.pg_class.relname = %(table_name)s AND pg_catalog.pg_class.relkind = ANY (ARRAY[%(param_1)s, %(param_2)s, %(param_3)s, %(param_4)s, %(param_5)s]) AND pg_catalog.pg_table_is_visible(pg_catalog.pg_class.oid) AND pg_catalog.pg_namespace.nspname != %(nspname_1)s (session.py:30)
2025-06-17 11:29:17 [    INFO] SELECT pg_catalog.pg_class.relname 
FROM pg_catalog.pg_class JOIN pg_catalog.pg_namespace ON pg_catalog.pg_namespace.oid = pg_catalog.pg_class.relnamespace 
WHERE pg_catalog.pg_class.relname = %(table_name)s AND pg_catalog.pg_class.relkind = ANY (ARRAY[%(param_1)s, %(param_2)s, %(param_3)s, %(param_4)s, %(param_5)s]) AND pg_catalog.pg_table_is_visible(pg_catalog.pg_class.oid) AND pg_catalog.pg_namespace.nspname != %(nspname_1)s (base.py:1842)
2025-06-17 11:29:17 [    INFO] [cached since 0.06749s ago] {'table_name': 'bookings', 'param_1': 'r', 'param_2': 'p', 'param_3': 'f', 'param_4': 'v', 'param_5': 'm', 'nspname_1': 'pg_catalog'} (base.py:1842)
2025-06-17 11:29:17 [   DEBUG] Query eseguita in 0.01 secondi: SELECT pg_catalog.pg_class.relname 
FROM pg_catalog.pg_class JOIN pg_catalog.pg_namespace ON pg_catalog.pg_namespace.oid = pg_catalog.pg_class.relnamespace 
WHERE pg_catalog.pg_class.relname = %(table_name)s AND pg_catalog.pg_class.relkind = ANY (ARRAY[%(param_1)s, %(param_2)s, %(param_3)s, %(param_4)s, %(param_5)s]) AND pg_catalog.pg_table_is_visible(pg_catalog.pg_class.oid) AND pg_catalog.pg_namespace.nspname != %(nspname_1)s (session.py:30)
2025-06-17 11:29:17 [    INFO] SELECT pg_catalog.pg_class.relname 
FROM pg_catalog.pg_class JOIN pg_catalog.pg_namespace ON pg_catalog.pg_namespace.oid = pg_catalog.pg_class.relnamespace 
WHERE pg_catalog.pg_class.relname = %(table_name)s AND pg_catalog.pg_class.relkind = ANY (ARRAY[%(param_1)s, %(param_2)s, %(param_3)s, %(param_4)s, %(param_5)s]) AND pg_catalog.pg_table_is_visible(pg_catalog.pg_class.oid) AND pg_catalog.pg_namespace.nspname != %(nspname_1)s (base.py:1842)
2025-06-17 11:29:17 [    INFO] [cached since 0.07641s ago] {'table_name': 'maintenance_records', 'param_1': 'r', 'param_2': 'p', 'param_3': 'f', 'param_4': 'v', 'param_5': 'm', 'nspname_1': 'pg_catalog'} (base.py:1842)
2025-06-17 11:29:17 [   DEBUG] Query eseguita in 0.01 secondi: SELECT pg_catalog.pg_class.relname 
FROM pg_catalog.pg_class JOIN pg_catalog.pg_namespace ON pg_catalog.pg_namespace.oid = pg_catalog.pg_class.relnamespace 
WHERE pg_catalog.pg_class.relname = %(table_name)s AND pg_catalog.pg_class.relkind = ANY (ARRAY[%(param_1)s, %(param_2)s, %(param_3)s, %(param_4)s, %(param_5)s]) AND pg_catalog.pg_table_is_visible(pg_catalog.pg_class.oid) AND pg_catalog.pg_namespace.nspname != %(nspname_1)s (session.py:30)
2025-06-17 11:29:17 [    INFO] SELECT pg_catalog.pg_type.typname 
FROM pg_catalog.pg_type JOIN pg_catalog.pg_namespace ON pg_catalog.pg_namespace.oid = pg_catalog.pg_type.typnamespace 
WHERE pg_catalog.pg_type.typname = %(typname_1)s AND pg_catalog.pg_type_is_visible(pg_catalog.pg_type.oid) AND pg_catalog.pg_namespace.nspname != %(nspname_1)s (base.py:1842)
2025-06-17 11:29:17 [    INFO] [generated in 0.00105s] {'typname_1': 'maintenancetype', 'nspname_1': 'pg_catalog'} (base.py:1842)
2025-06-17 11:29:17 [   DEBUG] Query eseguita in 0.01 secondi: SELECT pg_catalog.pg_type.typname 
FROM pg_catalog.pg_type JOIN pg_catalog.pg_namespace ON pg_catalog.pg_namespace.oid = pg_catalog.pg_type.typnamespace 
WHERE pg_catalog.pg_type.typname = %(typname_1)s AND pg_catalog.pg_type_is_visible(pg_catalog.pg_type.oid) AND pg_catalog.pg_namespace.nspname != %(nspname_1)s (session.py:30)
2025-06-17 11:29:17 [    INFO] CREATE TYPE maintenancetype AS ENUM ('ROUTINE', 'PREVENTIVE', 'CORRECTIVE', 'EMERGENCY', 'INSPECTION') (base.py:1842)
2025-06-17 11:29:17 [    INFO] [no key 0.00360s] {} (base.py:1842)
2025-06-17 11:29:17 [   DEBUG] Query eseguita in 0.01 secondi: CREATE TYPE maintenancetype AS ENUM ('ROUTINE', 'PREVENTIVE', 'CORRECTIVE', 'EMERGENCY', 'INSPECTION') (session.py:30)
2025-06-17 11:29:17 [    INFO] SELECT pg_catalog.pg_type.typname 
FROM pg_catalog.pg_type JOIN pg_catalog.pg_namespace ON pg_catalog.pg_namespace.oid = pg_catalog.pg_type.typnamespace 
WHERE pg_catalog.pg_type.typname = %(typname_1)s AND pg_catalog.pg_type_is_visible(pg_catalog.pg_type.oid) AND pg_catalog.pg_namespace.nspname != %(nspname_1)s (base.py:1842)
2025-06-17 11:29:17 [    INFO] [cached since 0.02685s ago] {'typname_1': 'maintenancestatus', 'nspname_1': 'pg_catalog'} (base.py:1842)
2025-06-17 11:29:17 [   DEBUG] Query eseguita in 0.01 secondi: SELECT pg_catalog.pg_type.typname 
FROM pg_catalog.pg_type JOIN pg_catalog.pg_namespace ON pg_catalog.pg_namespace.oid = pg_catalog.pg_type.typnamespace 
WHERE pg_catalog.pg_type.typname = %(typname_1)s AND pg_catalog.pg_type_is_visible(pg_catalog.pg_type.oid) AND pg_catalog.pg_namespace.nspname != %(nspname_1)s (session.py:30)
2025-06-17 11:29:17 [    INFO] CREATE TYPE maintenancestatus AS ENUM ('PENDING', 'COMPLETED', 'FAILED') (base.py:1842)
2025-06-17 11:29:17 [    INFO] [no key 0.00145s] {} (base.py:1842)
2025-06-17 11:29:17 [   DEBUG] Query eseguita in 0.01 secondi: CREATE TYPE maintenancestatus AS ENUM ('PENDING', 'COMPLETED', 'FAILED') (session.py:30)
2025-06-17 11:29:17 [    INFO] 
CREATE TABLE "user" (
	id SERIAL NOT NULL, 
	email VARCHAR NOT NULL, 
	username VARCHAR NOT NULL, 
	hashed_password VARCHAR NOT NULL, 
	is_active BOOLEAN NOT NULL, 
	is_superuser BOOLEAN NOT NULL, 
	is_verified BOOLEAN NOT NULL, 
	created_at TIMESTAMP WITHOUT TIME ZONE NOT NULL, 
	updated_at TIMESTAMP WITHOUT TIME ZONE NOT NULL, 
	last_login TIMESTAMP WITH TIME ZONE, 
	full_name VARCHAR(255), 
	phone_number VARCHAR(20), 
	PRIMARY KEY (id)
)

 (base.py:1842)
2025-06-17 11:29:17 [    INFO] [no key 0.00087s] {} (base.py:1842)
2025-06-17 11:29:17 [   DEBUG] Query eseguita in 0.05 secondi: 
CREATE TABLE "user" (
	id SERIAL NOT NULL, 
	email VARCHAR NOT NULL, 
	username VARCHAR NOT NULL, 
	hashed_password VARCHAR NOT NULL, 
	is_active BOOLEAN NOT NULL, 
	is_superuser BOOLEAN NOT NULL, 
	is_verified BOOLEAN NOT NULL, 
	created_at TIMESTAMP WITHOUT TIME ZONE NOT NULL, 
	updated_at TIMESTAMP WITHOUT TIME ZONE NOT NULL, 
	last_login TIMESTAMP WITH TIME ZONE, 
	full_name VARCHAR(255), 
	phone_number VARCHAR(20), 
	PRIMARY KEY (id)
)

 (session.py:30)
2025-06-17 11:29:17 [    INFO] CREATE UNIQUE INDEX ix_user_email ON "user" (email) (base.py:1842)
2025-06-17 11:29:17 [    INFO] [no key 0.00069s] {} (base.py:1842)
2025-06-17 11:29:17 [   DEBUG] Query eseguita in 0.01 secondi: CREATE UNIQUE INDEX ix_user_email ON "user" (email) (session.py:30)
2025-06-17 11:29:17 [    INFO] CREATE UNIQUE INDEX ix_user_username ON "user" (username) (base.py:1842)
2025-06-17 11:29:17 [    INFO] [no key 0.00425s] {} (base.py:1842)
2025-06-17 11:29:17 [   DEBUG] Query eseguita in 0.01 secondi: CREATE UNIQUE INDEX ix_user_username ON "user" (username) (session.py:30)
2025-06-17 11:29:17 [    INFO] 
CREATE TABLE houses (
	id SERIAL NOT NULL, 
	name VARCHAR NOT NULL, 
	address VARCHAR NOT NULL, 
	owner_id INTEGER NOT NULL, 
	created_at TIMESTAMP WITHOUT TIME ZONE NOT NULL, 
	updated_at TIMESTAMP WITHOUT TIME ZONE NOT NULL, 
	PRIMARY KEY (id), 
	FOREIGN KEY(owner_id) REFERENCES "user" (id)
)

 (base.py:1842)
2025-06-17 11:29:17 [    INFO] [no key 0.00141s] {} (base.py:1842)
2025-06-17 11:29:17 [   DEBUG] Query eseguita in 0.04 secondi: 
CREATE TABLE houses (
	id SERIAL NOT NULL, 
	name VARCHAR NOT NULL, 
	address VARCHAR NOT NULL, 
	owner_id INTEGER NOT NULL, 
	created_at TIMESTAMP WITHOUT TIME ZONE NOT NULL, 
	updated_at TIMESTAMP WITHOUT TIME ZONE NOT NULL, 
	PRIMARY KEY (id), 
	FOREIGN KEY(owner_id) REFERENCES "user" (id)
)

 (session.py:30)
2025-06-17 11:29:17 [    INFO] CREATE INDEX ix_houses_name ON houses (name) (base.py:1842)
2025-06-17 11:29:17 [    INFO] [no key 0.00076s] {} (base.py:1842)
2025-06-17 11:29:17 [   DEBUG] Query eseguita in 0.01 secondi: CREATE INDEX ix_houses_name ON houses (name) (session.py:30)
2025-06-17 11:29:17 [    INFO] 
CREATE TABLE rooms (
	id SERIAL NOT NULL, 
	name VARCHAR NOT NULL, 
	description VARCHAR, 
	floor INTEGER NOT NULL, 
	area FLOAT NOT NULL, 
	house_id INTEGER NOT NULL, 
	created_at TIMESTAMP WITHOUT TIME ZONE NOT NULL, 
	updated_at TIMESTAMP WITHOUT TIME ZONE NOT NULL, 
	PRIMARY KEY (id), 
	FOREIGN KEY(house_id) REFERENCES houses (id)
)

 (base.py:1842)
2025-06-17 11:29:17 [    INFO] [no key 0.00080s] {} (base.py:1842)
2025-06-17 11:29:17 [   DEBUG] Query eseguita in 0.03 secondi: 
CREATE TABLE rooms (
	id SERIAL NOT NULL, 
	name VARCHAR NOT NULL, 
	description VARCHAR, 
	floor INTEGER NOT NULL, 
	area FLOAT NOT NULL, 
	house_id INTEGER NOT NULL, 
	created_at TIMESTAMP WITHOUT TIME ZONE NOT NULL, 
	updated_at TIMESTAMP WITHOUT TIME ZONE NOT NULL, 
	PRIMARY KEY (id), 
	FOREIGN KEY(house_id) REFERENCES houses (id)
)

 (session.py:30)
2025-06-17 11:29:17 [    INFO] CREATE INDEX ix_rooms_name ON rooms (name) (base.py:1842)
2025-06-17 11:29:17 [    INFO] [no key 0.00089s] {} (base.py:1842)
2025-06-17 11:29:17 [   DEBUG] Query eseguita in 0.01 secondi: CREATE INDEX ix_rooms_name ON rooms (name) (session.py:30)
2025-06-17 11:29:17 [    INFO] 
CREATE TABLE nodes (
	id SERIAL NOT NULL, 
	name VARCHAR NOT NULL, 
	description VARCHAR, 
	nfc_id VARCHAR NOT NULL, 
	house_id INTEGER NOT NULL, 
	room_id INTEGER, 
	PRIMARY KEY (id), 
	FOREIGN KEY(house_id) REFERENCES houses (id), 
	FOREIGN KEY(room_id) REFERENCES rooms (id)
)

 (base.py:1842)
2025-06-17 11:29:17 [    INFO] [no key 0.00089s] {} (base.py:1842)
2025-06-17 11:29:17 [   DEBUG] Query eseguita in 0.04 secondi: 
CREATE TABLE nodes (
	id SERIAL NOT NULL, 
	name VARCHAR NOT NULL, 
	description VARCHAR, 
	nfc_id VARCHAR NOT NULL, 
	house_id INTEGER NOT NULL, 
	room_id INTEGER, 
	PRIMARY KEY (id), 
	FOREIGN KEY(house_id) REFERENCES houses (id), 
	FOREIGN KEY(room_id) REFERENCES rooms (id)
)

 (session.py:30)
2025-06-17 11:29:17 [    INFO] CREATE UNIQUE INDEX ix_nodes_nfc_id ON nodes (nfc_id) (base.py:1842)
2025-06-17 11:29:17 [    INFO] [no key 0.00142s] {} (base.py:1842)
2025-06-17 11:29:17 [   DEBUG] Query eseguita in 0.01 secondi: CREATE UNIQUE INDEX ix_nodes_nfc_id ON nodes (nfc_id) (session.py:30)
2025-06-17 11:29:17 [    INFO] 
CREATE TABLE bookings (
	id SERIAL NOT NULL, 
	room_id INTEGER NOT NULL, 
	user_id INTEGER NOT NULL, 
	start_time TIMESTAMP WITHOUT TIME ZONE NOT NULL, 
	end_time TIMESTAMP WITHOUT TIME ZONE NOT NULL, 
	status VARCHAR NOT NULL, 
	notes VARCHAR, 
	created_at TIMESTAMP WITHOUT TIME ZONE NOT NULL, 
	updated_at TIMESTAMP WITHOUT TIME ZONE NOT NULL, 
	PRIMARY KEY (id), 
	FOREIGN KEY(room_id) REFERENCES rooms (id), 
	FOREIGN KEY(user_id) REFERENCES "user" (id)
)

 (base.py:1842)
2025-06-17 11:29:17 [    INFO] [no key 0.00154s] {} (base.py:1842)
2025-06-17 11:29:17 [   DEBUG] Query eseguita in 0.04 secondi: 
CREATE TABLE bookings (
	id SERIAL NOT NULL, 
	room_id INTEGER NOT NULL, 
	user_id INTEGER NOT NULL, 
	start_time TIMESTAMP WITHOUT TIME ZONE NOT NULL, 
	end_time TIMESTAMP WITHOUT TIME ZONE NOT NULL, 
	status VARCHAR NOT NULL, 
	notes VARCHAR, 
	created_at TIMESTAMP WITHOUT TIME ZONE NOT NULL, 
	updated_at TIMESTAMP WITHOUT TIME ZONE NOT NULL, 
	PRIMARY KEY (id), 
	FOREIGN KEY(room_id) REFERENCES rooms (id), 
	FOREIGN KEY(user_id) REFERENCES "user" (id)
)

 (session.py:30)
2025-06-17 11:29:17 [    INFO] 
CREATE TABLE documents (
	id SERIAL NOT NULL, 
	created_at TIMESTAMP WITHOUT TIME ZONE NOT NULL, 
	updated_at TIMESTAMP WITHOUT TIME ZONE NOT NULL, 
	owner_id INTEGER NOT NULL, 
	name VARCHAR NOT NULL, 
	type VARCHAR NOT NULL, 
	size INTEGER NOT NULL, 
	upload_date TIMESTAMP WITHOUT TIME ZONE NOT NULL, 
	path VARCHAR NOT NULL, 
	checksum VARCHAR NOT NULL, 
	house_id INTEGER, 
	node_id INTEGER, 
	description VARCHAR, 
	PRIMARY KEY (id), 
	FOREIGN KEY(owner_id) REFERENCES "user" (id), 
	FOREIGN KEY(house_id) REFERENCES houses (id), 
	FOREIGN KEY(node_id) REFERENCES nodes (id)
)

 (base.py:1842)
2025-06-17 11:29:17 [    INFO] [no key 0.00142s] {} (base.py:1842)
2025-06-17 11:29:17 [   DEBUG] Query eseguita in 0.04 secondi: 
CREATE TABLE documents (
	id SERIAL NOT NULL, 
	created_at TIMESTAMP WITHOUT TIME ZONE NOT NULL, 
	updated_at TIMESTAMP WITHOUT TIME ZONE NOT NULL, 
	owner_id INTEGER NOT NULL, 
	name VARCHAR NOT NULL, 
	type VARCHAR NOT NULL, 
	size INTEGER NOT NULL, 
	upload_date TIMESTAMP WITHOUT TIME ZONE NOT NULL, 
	path VARCHAR NOT NULL, 
	checksum VARCHAR NOT NULL, 
	house_id INTEGER, 
	node_id INTEGER, 
	description VARCHAR, 
	PRIMARY KEY (id), 
	FOREIGN KEY(owner_id) REFERENCES "user" (id), 
	FOREIGN KEY(house_id) REFERENCES houses (id), 
	FOREIGN KEY(node_id) REFERENCES nodes (id)
)

 (session.py:30)
2025-06-17 11:29:17 [    INFO] CREATE INDEX ix_documents_owner_id ON documents (owner_id) (base.py:1842)
2025-06-17 11:29:17 [    INFO] [no key 0.00079s] {} (base.py:1842)
2025-06-17 11:29:17 [   DEBUG] Query eseguita in 0.01 secondi: CREATE INDEX ix_documents_owner_id ON documents (owner_id) (session.py:30)
2025-06-17 11:29:17 [    INFO] 
CREATE TABLE document_versions (
	id SERIAL NOT NULL, 
	version_number INTEGER NOT NULL, 
	file_path VARCHAR NOT NULL, 
	file_size INTEGER NOT NULL, 
	checksum VARCHAR NOT NULL, 
	created_at TIMESTAMP WITHOUT TIME ZONE NOT NULL, 
	updated_at TIMESTAMP WITHOUT TIME ZONE NOT NULL, 
	document_id INTEGER NOT NULL, 
	created_by_id INTEGER, 
	PRIMARY KEY (id), 
	FOREIGN KEY(document_id) REFERENCES documents (id), 
	FOREIGN KEY(created_by_id) REFERENCES "user" (id)
)

 (base.py:1842)
2025-06-17 11:29:17 [    INFO] [no key 0.00098s] {} (base.py:1842)
2025-06-17 11:29:17 [   DEBUG] Query eseguita in 0.04 secondi: 
CREATE TABLE document_versions (
	id SERIAL NOT NULL, 
	version_number INTEGER NOT NULL, 
	file_path VARCHAR NOT NULL, 
	file_size INTEGER NOT NULL, 
	checksum VARCHAR NOT NULL, 
	created_at TIMESTAMP WITHOUT TIME ZONE NOT NULL, 
	updated_at TIMESTAMP WITHOUT TIME ZONE NOT NULL, 
	document_id INTEGER NOT NULL, 
	created_by_id INTEGER, 
	PRIMARY KEY (id), 
	FOREIGN KEY(document_id) REFERENCES documents (id), 
	FOREIGN KEY(created_by_id) REFERENCES "user" (id)
)

 (session.py:30)
2025-06-17 11:29:17 [    INFO] CREATE INDEX ix_document_versions_version_number ON document_versions (version_number) (base.py:1842)
2025-06-17 11:29:17 [    INFO] [no key 0.00092s] {} (base.py:1842)
2025-06-17 11:29:17 [   DEBUG] Query eseguita in 0.01 secondi: CREATE INDEX ix_document_versions_version_number ON document_versions (version_number) (session.py:30)
2025-06-17 11:29:17 [    INFO] CREATE INDEX ix_document_versions_created_by_id ON document_versions (created_by_id) (base.py:1842)
2025-06-17 11:29:17 [    INFO] [no key 0.00332s] {} (base.py:1842)
2025-06-17 11:29:17 [   DEBUG] Query eseguita in 0.01 secondi: CREATE INDEX ix_document_versions_created_by_id ON document_versions (created_by_id) (session.py:30)
2025-06-17 11:29:17 [    INFO] CREATE INDEX ix_document_versions_document_id ON document_versions (document_id) (base.py:1842)
2025-06-17 11:29:17 [    INFO] [no key 0.00130s] {} (base.py:1842)
2025-06-17 11:29:17 [   DEBUG] Query eseguita in 0.01 secondi: CREATE INDEX ix_document_versions_document_id ON document_versions (document_id) (session.py:30)
2025-06-17 11:29:17 [    INFO] 
CREATE TABLE maintenance_records (
	id SERIAL NOT NULL, 
	node_id INTEGER NOT NULL, 
	timestamp TIMESTAMP WITHOUT TIME ZONE NOT NULL, 
	maintenance_type maintenancetype NOT NULL, 
	description VARCHAR NOT NULL, 
	status maintenancestatus NOT NULL, 
	notes VARCHAR, 
	document_id INTEGER, 
	PRIMARY KEY (id), 
	FOREIGN KEY(node_id) REFERENCES nodes (id), 
	FOREIGN KEY(document_id) REFERENCES documents (id)
)

 (base.py:1842)
2025-06-17 11:29:17 [    INFO] [no key 0.00126s] {} (base.py:1842)
2025-06-17 11:29:17 [   DEBUG] Query eseguita in 0.03 secondi: 
CREATE TABLE maintenance_records (
	id SERIAL NOT NULL, 
	node_id INTEGER NOT NULL, 
	timestamp TIMESTAMP WITHOUT TIME ZONE NOT NULL, 
	maintenance_type maintenancetype NOT NULL, 
	description VARCHAR NOT NULL, 
	status maintenancestatus NOT NULL, 
	notes VARCHAR, 
	document_id INTEGER, 
	PRIMARY KEY (id), 
	FOREIGN KEY(node_id) REFERENCES nodes (id), 
	FOREIGN KEY(document_id) REFERENCES documents (id)
)

 (session.py:30)
2025-06-17 11:29:17 [    INFO] CREATE INDEX ix_maintenance_records_node_id ON maintenance_records (node_id) (base.py:1842)
2025-06-17 11:29:17 [    INFO] [no key 0.00340s] {} (base.py:1842)
2025-06-17 11:29:17 [   DEBUG] Query eseguita in 0.01 secondi: CREATE INDEX ix_maintenance_records_node_id ON maintenance_records (node_id) (session.py:30)
2025-06-17 11:29:17 [    INFO] COMMIT (base.py:2704)
2025-06-17 11:29:17 [   DEBUG] Test database tables created successfully (test_users.py:52)
2025-06-17 11:29:17 [   DEBUG] Test database session created successfully (test_users.py:55)
2025-06-17 11:29:17 [   DEBUG] Overriding get_session for tests... (conftest.py:269)
2025-06-17 11:29:17 [   DEBUG] Setting up FakeRedis for tests... (conftest_redis.py:18)
2025-06-17 11:29:17 [   DEBUG] Connessione Redis stabilita con successo (redis.py:24)
-------------------------------- live log call --------------------------------
2025-06-17 11:29:17 [   DEBUG] Using proactor: IocpProactor (proactor_events.py:631)
2025-06-17 11:29:17 [    INFO] HTTP Request: DELETE http://testserver/api/v1/users/999 "HTTP/1.1 405 Method Not Allowed" (_client.py:1025)
FAILED                                                                   [ 97%]
------------------------------ live log teardown ------------------------------
2025-06-17 11:29:18 [   DEBUG] Restored original Redis client (conftest_redis.py:29)
2025-06-17 11:29:18 [   DEBUG] get_session override cleared (conftest.py:275)
2025-06-17 11:29:18 [   DEBUG] Cleaning up test database session... (test_users.py:57)
2025-06-17 11:29:18 [    INFO] BEGIN (implicit) (base.py:2698)
2025-06-17 11:29:18 [    INFO] DROP SCHEMA public CASCADE (base.py:1842)
2025-06-17 11:29:18 [    INFO] [generated in 0.00623s] {} (base.py:1842)
2025-06-17 11:29:18 [   DEBUG] Query eseguita in 0.13 secondi: DROP SCHEMA public CASCADE (session.py:30)
2025-06-17 11:29:18 [    INFO] CREATE SCHEMA public (base.py:1842)
2025-06-17 11:29:18 [    INFO] [generated in 0.00071s] {} (base.py:1842)
2025-06-17 11:29:18 [   DEBUG] Query eseguita in 0.00 secondi: CREATE SCHEMA public (session.py:30)
2025-06-17 11:29:18 [    INFO] COMMIT (base.py:2704)
2025-06-17 11:29:18 [   DEBUG] Test database cleanup completed (test_users.py:63)
2025-06-17 11:29:18 [   DEBUG] Session fixture completed in 1.86 seconds (test_users.py:68)

tests/api/test_users.py::test_pytest_works 
------------------------------- live log setup --------------------------------
2025-06-17 11:29:18 [   DEBUG] Setting up test database session... (test_users.py:38)
2025-06-17 11:29:18 [    INFO] select pg_catalog.version() (base.py:1842)
2025-06-17 11:29:18 [    INFO] [raw sql] {} (base.py:1842)
2025-06-17 11:29:18 [    INFO] select current_schema() (base.py:1842)
2025-06-17 11:29:18 [    INFO] [raw sql] {} (base.py:1842)
2025-06-17 11:29:18 [    INFO] show standard_conforming_strings (base.py:1842)
2025-06-17 11:29:18 [    INFO] [raw sql] {} (base.py:1842)
2025-06-17 11:29:18 [    INFO] BEGIN (implicit) (base.py:2698)
2025-06-17 11:29:18 [    INFO] SELECT pg_catalog.pg_class.relname 
FROM pg_catalog.pg_class JOIN pg_catalog.pg_namespace ON pg_catalog.pg_namespace.oid = pg_catalog.pg_class.relnamespace 
WHERE pg_catalog.pg_class.relname = %(table_name)s AND pg_catalog.pg_class.relkind = ANY (ARRAY[%(param_1)s, %(param_2)s, %(param_3)s, %(param_4)s, %(param_5)s]) AND pg_catalog.pg_table_is_visible(pg_catalog.pg_class.oid) AND pg_catalog.pg_namespace.nspname != %(nspname_1)s (base.py:1842)
2025-06-17 11:29:18 [    INFO] [generated in 0.00302s] {'table_name': 'user', 'param_1': 'r', 'param_2': 'p', 'param_3': 'f', 'param_4': 'v', 'param_5': 'm', 'nspname_1': 'pg_catalog'} (base.py:1842)
2025-06-17 11:29:18 [   DEBUG] Query eseguita in 0.01 secondi: SELECT pg_catalog.pg_class.relname 
FROM pg_catalog.pg_class JOIN pg_catalog.pg_namespace ON pg_catalog.pg_namespace.oid = pg_catalog.pg_class.relnamespace 
WHERE pg_catalog.pg_class.relname = %(table_name)s AND pg_catalog.pg_class.relkind = ANY (ARRAY[%(param_1)s, %(param_2)s, %(param_3)s, %(param_4)s, %(param_5)s]) AND pg_catalog.pg_table_is_visible(pg_catalog.pg_class.oid) AND pg_catalog.pg_namespace.nspname != %(nspname_1)s (session.py:30)
2025-06-17 11:29:18 [    INFO] SELECT pg_catalog.pg_class.relname 
FROM pg_catalog.pg_class JOIN pg_catalog.pg_namespace ON pg_catalog.pg_namespace.oid = pg_catalog.pg_class.relnamespace 
WHERE pg_catalog.pg_class.relname = %(table_name)s AND pg_catalog.pg_class.relkind = ANY (ARRAY[%(param_1)s, %(param_2)s, %(param_3)s, %(param_4)s, %(param_5)s]) AND pg_catalog.pg_table_is_visible(pg_catalog.pg_class.oid) AND pg_catalog.pg_namespace.nspname != %(nspname_1)s (base.py:1842)
2025-06-17 11:29:18 [    INFO] [cached since 0.01801s ago] {'table_name': 'documents', 'param_1': 'r', 'param_2': 'p', 'param_3': 'f', 'param_4': 'v', 'param_5': 'm', 'nspname_1': 'pg_catalog'} (base.py:1842)
2025-06-17 11:29:18 [   DEBUG] Query eseguita in 0.01 secondi: SELECT pg_catalog.pg_class.relname 
FROM pg_catalog.pg_class JOIN pg_catalog.pg_namespace ON pg_catalog.pg_namespace.oid = pg_catalog.pg_class.relnamespace 
WHERE pg_catalog.pg_class.relname = %(table_name)s AND pg_catalog.pg_class.relkind = ANY (ARRAY[%(param_1)s, %(param_2)s, %(param_3)s, %(param_4)s, %(param_5)s]) AND pg_catalog.pg_table_is_visible(pg_catalog.pg_class.oid) AND pg_catalog.pg_namespace.nspname != %(nspname_1)s (session.py:30)
2025-06-17 11:29:18 [    INFO] SELECT pg_catalog.pg_class.relname 
FROM pg_catalog.pg_class JOIN pg_catalog.pg_namespace ON pg_catalog.pg_namespace.oid = pg_catalog.pg_class.relnamespace 
WHERE pg_catalog.pg_class.relname = %(table_name)s AND pg_catalog.pg_class.relkind = ANY (ARRAY[%(param_1)s, %(param_2)s, %(param_3)s, %(param_4)s, %(param_5)s]) AND pg_catalog.pg_table_is_visible(pg_catalog.pg_class.oid) AND pg_catalog.pg_namespace.nspname != %(nspname_1)s (base.py:1842)
2025-06-17 11:29:18 [    INFO] [cached since 0.02761s ago] {'table_name': 'document_versions', 'param_1': 'r', 'param_2': 'p', 'param_3': 'f', 'param_4': 'v', 'param_5': 'm', 'nspname_1': 'pg_catalog'} (base.py:1842)
2025-06-17 11:29:18 [   DEBUG] Query eseguita in 0.00 secondi: SELECT pg_catalog.pg_class.relname 
FROM pg_catalog.pg_class JOIN pg_catalog.pg_namespace ON pg_catalog.pg_namespace.oid = pg_catalog.pg_class.relnamespace 
WHERE pg_catalog.pg_class.relname = %(table_name)s AND pg_catalog.pg_class.relkind = ANY (ARRAY[%(param_1)s, %(param_2)s, %(param_3)s, %(param_4)s, %(param_5)s]) AND pg_catalog.pg_table_is_visible(pg_catalog.pg_class.oid) AND pg_catalog.pg_namespace.nspname != %(nspname_1)s (session.py:30)
2025-06-17 11:29:18 [    INFO] SELECT pg_catalog.pg_class.relname 
FROM pg_catalog.pg_class JOIN pg_catalog.pg_namespace ON pg_catalog.pg_namespace.oid = pg_catalog.pg_class.relnamespace 
WHERE pg_catalog.pg_class.relname = %(table_name)s AND pg_catalog.pg_class.relkind = ANY (ARRAY[%(param_1)s, %(param_2)s, %(param_3)s, %(param_4)s, %(param_5)s]) AND pg_catalog.pg_table_is_visible(pg_catalog.pg_class.oid) AND pg_catalog.pg_namespace.nspname != %(nspname_1)s (base.py:1842)
2025-06-17 11:29:18 [    INFO] [cached since 0.03506s ago] {'table_name': 'houses', 'param_1': 'r', 'param_2': 'p', 'param_3': 'f', 'param_4': 'v', 'param_5': 'm', 'nspname_1': 'pg_catalog'} (base.py:1842)
2025-06-17 11:29:18 [   DEBUG] Query eseguita in 0.01 secondi: SELECT pg_catalog.pg_class.relname 
FROM pg_catalog.pg_class JOIN pg_catalog.pg_namespace ON pg_catalog.pg_namespace.oid = pg_catalog.pg_class.relnamespace 
WHERE pg_catalog.pg_class.relname = %(table_name)s AND pg_catalog.pg_class.relkind = ANY (ARRAY[%(param_1)s, %(param_2)s, %(param_3)s, %(param_4)s, %(param_5)s]) AND pg_catalog.pg_table_is_visible(pg_catalog.pg_class.oid) AND pg_catalog.pg_namespace.nspname != %(nspname_1)s (session.py:30)
2025-06-17 11:29:18 [    INFO] SELECT pg_catalog.pg_class.relname 
FROM pg_catalog.pg_class JOIN pg_catalog.pg_namespace ON pg_catalog.pg_namespace.oid = pg_catalog.pg_class.relnamespace 
WHERE pg_catalog.pg_class.relname = %(table_name)s AND pg_catalog.pg_class.relkind = ANY (ARRAY[%(param_1)s, %(param_2)s, %(param_3)s, %(param_4)s, %(param_5)s]) AND pg_catalog.pg_table_is_visible(pg_catalog.pg_class.oid) AND pg_catalog.pg_namespace.nspname != %(nspname_1)s (base.py:1842)
2025-06-17 11:29:18 [    INFO] [cached since 0.04526s ago] {'table_name': 'nodes', 'param_1': 'r', 'param_2': 'p', 'param_3': 'f', 'param_4': 'v', 'param_5': 'm', 'nspname_1': 'pg_catalog'} (base.py:1842)
2025-06-17 11:29:18 [   DEBUG] Query eseguita in 0.01 secondi: SELECT pg_catalog.pg_class.relname 
FROM pg_catalog.pg_class JOIN pg_catalog.pg_namespace ON pg_catalog.pg_namespace.oid = pg_catalog.pg_class.relnamespace 
WHERE pg_catalog.pg_class.relname = %(table_name)s AND pg_catalog.pg_class.relkind = ANY (ARRAY[%(param_1)s, %(param_2)s, %(param_3)s, %(param_4)s, %(param_5)s]) AND pg_catalog.pg_table_is_visible(pg_catalog.pg_class.oid) AND pg_catalog.pg_namespace.nspname != %(nspname_1)s (session.py:30)
2025-06-17 11:29:18 [    INFO] SELECT pg_catalog.pg_class.relname 
FROM pg_catalog.pg_class JOIN pg_catalog.pg_namespace ON pg_catalog.pg_namespace.oid = pg_catalog.pg_class.relnamespace 
WHERE pg_catalog.pg_class.relname = %(table_name)s AND pg_catalog.pg_class.relkind = ANY (ARRAY[%(param_1)s, %(param_2)s, %(param_3)s, %(param_4)s, %(param_5)s]) AND pg_catalog.pg_table_is_visible(pg_catalog.pg_class.oid) AND pg_catalog.pg_namespace.nspname != %(nspname_1)s (base.py:1842)
2025-06-17 11:29:18 [    INFO] [cached since 0.0573s ago] {'table_name': 'rooms', 'param_1': 'r', 'param_2': 'p', 'param_3': 'f', 'param_4': 'v', 'param_5': 'm', 'nspname_1': 'pg_catalog'} (base.py:1842)
2025-06-17 11:29:18 [   DEBUG] Query eseguita in 0.01 secondi: SELECT pg_catalog.pg_class.relname 
FROM pg_catalog.pg_class JOIN pg_catalog.pg_namespace ON pg_catalog.pg_namespace.oid = pg_catalog.pg_class.relnamespace 
WHERE pg_catalog.pg_class.relname = %(table_name)s AND pg_catalog.pg_class.relkind = ANY (ARRAY[%(param_1)s, %(param_2)s, %(param_3)s, %(param_4)s, %(param_5)s]) AND pg_catalog.pg_table_is_visible(pg_catalog.pg_class.oid) AND pg_catalog.pg_namespace.nspname != %(nspname_1)s (session.py:30)
2025-06-17 11:29:18 [    INFO] SELECT pg_catalog.pg_class.relname 
FROM pg_catalog.pg_class JOIN pg_catalog.pg_namespace ON pg_catalog.pg_namespace.oid = pg_catalog.pg_class.relnamespace 
WHERE pg_catalog.pg_class.relname = %(table_name)s AND pg_catalog.pg_class.relkind = ANY (ARRAY[%(param_1)s, %(param_2)s, %(param_3)s, %(param_4)s, %(param_5)s]) AND pg_catalog.pg_table_is_visible(pg_catalog.pg_class.oid) AND pg_catalog.pg_namespace.nspname != %(nspname_1)s (base.py:1842)
2025-06-17 11:29:18 [    INFO] [cached since 0.0665s ago] {'table_name': 'bookings', 'param_1': 'r', 'param_2': 'p', 'param_3': 'f', 'param_4': 'v', 'param_5': 'm', 'nspname_1': 'pg_catalog'} (base.py:1842)
2025-06-17 11:29:18 [   DEBUG] Query eseguita in 0.01 secondi: SELECT pg_catalog.pg_class.relname 
FROM pg_catalog.pg_class JOIN pg_catalog.pg_namespace ON pg_catalog.pg_namespace.oid = pg_catalog.pg_class.relnamespace 
WHERE pg_catalog.pg_class.relname = %(table_name)s AND pg_catalog.pg_class.relkind = ANY (ARRAY[%(param_1)s, %(param_2)s, %(param_3)s, %(param_4)s, %(param_5)s]) AND pg_catalog.pg_table_is_visible(pg_catalog.pg_class.oid) AND pg_catalog.pg_namespace.nspname != %(nspname_1)s (session.py:30)
2025-06-17 11:29:18 [    INFO] SELECT pg_catalog.pg_class.relname 
FROM pg_catalog.pg_class JOIN pg_catalog.pg_namespace ON pg_catalog.pg_namespace.oid = pg_catalog.pg_class.relnamespace 
WHERE pg_catalog.pg_class.relname = %(table_name)s AND pg_catalog.pg_class.relkind = ANY (ARRAY[%(param_1)s, %(param_2)s, %(param_3)s, %(param_4)s, %(param_5)s]) AND pg_catalog.pg_table_is_visible(pg_catalog.pg_class.oid) AND pg_catalog.pg_namespace.nspname != %(nspname_1)s (base.py:1842)
2025-06-17 11:29:18 [    INFO] [cached since 0.0782s ago] {'table_name': 'maintenance_records', 'param_1': 'r', 'param_2': 'p', 'param_3': 'f', 'param_4': 'v', 'param_5': 'm', 'nspname_1': 'pg_catalog'} (base.py:1842)
2025-06-17 11:29:18 [   DEBUG] Query eseguita in 0.01 secondi: SELECT pg_catalog.pg_class.relname 
FROM pg_catalog.pg_class JOIN pg_catalog.pg_namespace ON pg_catalog.pg_namespace.oid = pg_catalog.pg_class.relnamespace 
WHERE pg_catalog.pg_class.relname = %(table_name)s AND pg_catalog.pg_class.relkind = ANY (ARRAY[%(param_1)s, %(param_2)s, %(param_3)s, %(param_4)s, %(param_5)s]) AND pg_catalog.pg_table_is_visible(pg_catalog.pg_class.oid) AND pg_catalog.pg_namespace.nspname != %(nspname_1)s (session.py:30)
2025-06-17 11:29:18 [    INFO] SELECT pg_catalog.pg_type.typname 
FROM pg_catalog.pg_type JOIN pg_catalog.pg_namespace ON pg_catalog.pg_namespace.oid = pg_catalog.pg_type.typnamespace 
WHERE pg_catalog.pg_type.typname = %(typname_1)s AND pg_catalog.pg_type_is_visible(pg_catalog.pg_type.oid) AND pg_catalog.pg_namespace.nspname != %(nspname_1)s (base.py:1842)
2025-06-17 11:29:18 [    INFO] [generated in 0.00111s] {'typname_1': 'maintenancetype', 'nspname_1': 'pg_catalog'} (base.py:1842)
2025-06-17 11:29:18 [   DEBUG] Query eseguita in 0.01 secondi: SELECT pg_catalog.pg_type.typname 
FROM pg_catalog.pg_type JOIN pg_catalog.pg_namespace ON pg_catalog.pg_namespace.oid = pg_catalog.pg_type.typnamespace 
WHERE pg_catalog.pg_type.typname = %(typname_1)s AND pg_catalog.pg_type_is_visible(pg_catalog.pg_type.oid) AND pg_catalog.pg_namespace.nspname != %(nspname_1)s (session.py:30)
2025-06-17 11:29:18 [    INFO] CREATE TYPE maintenancetype AS ENUM ('ROUTINE', 'PREVENTIVE', 'CORRECTIVE', 'EMERGENCY', 'INSPECTION') (base.py:1842)
2025-06-17 11:29:18 [    INFO] [no key 0.00439s] {} (base.py:1842)
2025-06-17 11:29:18 [   DEBUG] Query eseguita in 0.01 secondi: CREATE TYPE maintenancetype AS ENUM ('ROUTINE', 'PREVENTIVE', 'CORRECTIVE', 'EMERGENCY', 'INSPECTION') (session.py:30)
2025-06-17 11:29:18 [    INFO] SELECT pg_catalog.pg_type.typname 
FROM pg_catalog.pg_type JOIN pg_catalog.pg_namespace ON pg_catalog.pg_namespace.oid = pg_catalog.pg_type.typnamespace 
WHERE pg_catalog.pg_type.typname = %(typname_1)s AND pg_catalog.pg_type_is_visible(pg_catalog.pg_type.oid) AND pg_catalog.pg_namespace.nspname != %(nspname_1)s (base.py:1842)
2025-06-17 11:29:18 [    INFO] [cached since 0.02878s ago] {'typname_1': 'maintenancestatus', 'nspname_1': 'pg_catalog'} (base.py:1842)
2025-06-17 11:29:18 [   DEBUG] Query eseguita in 0.01 secondi: SELECT pg_catalog.pg_type.typname 
FROM pg_catalog.pg_type JOIN pg_catalog.pg_namespace ON pg_catalog.pg_namespace.oid = pg_catalog.pg_type.typnamespace 
WHERE pg_catalog.pg_type.typname = %(typname_1)s AND pg_catalog.pg_type_is_visible(pg_catalog.pg_type.oid) AND pg_catalog.pg_namespace.nspname != %(nspname_1)s (session.py:30)
2025-06-17 11:29:18 [    INFO] CREATE TYPE maintenancestatus AS ENUM ('PENDING', 'COMPLETED', 'FAILED') (base.py:1842)
2025-06-17 11:29:18 [    INFO] [no key 0.00232s] {} (base.py:1842)
2025-06-17 11:29:18 [   DEBUG] Query eseguita in 0.00 secondi: CREATE TYPE maintenancestatus AS ENUM ('PENDING', 'COMPLETED', 'FAILED') (session.py:30)
2025-06-17 11:29:18 [    INFO] 
CREATE TABLE "user" (
	id SERIAL NOT NULL, 
	email VARCHAR NOT NULL, 
	username VARCHAR NOT NULL, 
	hashed_password VARCHAR NOT NULL, 
	is_active BOOLEAN NOT NULL, 
	is_superuser BOOLEAN NOT NULL, 
	is_verified BOOLEAN NOT NULL, 
	created_at TIMESTAMP WITHOUT TIME ZONE NOT NULL, 
	updated_at TIMESTAMP WITHOUT TIME ZONE NOT NULL, 
	last_login TIMESTAMP WITH TIME ZONE, 
	full_name VARCHAR(255), 
	phone_number VARCHAR(20), 
	PRIMARY KEY (id)
)

 (base.py:1842)
2025-06-17 11:29:18 [    INFO] [no key 0.00094s] {} (base.py:1842)
2025-06-17 11:29:18 [   DEBUG] Query eseguita in 0.05 secondi: 
CREATE TABLE "user" (
	id SERIAL NOT NULL, 
	email VARCHAR NOT NULL, 
	username VARCHAR NOT NULL, 
	hashed_password VARCHAR NOT NULL, 
	is_active BOOLEAN NOT NULL, 
	is_superuser BOOLEAN NOT NULL, 
	is_verified BOOLEAN NOT NULL, 
	created_at TIMESTAMP WITHOUT TIME ZONE NOT NULL, 
	updated_at TIMESTAMP WITHOUT TIME ZONE NOT NULL, 
	last_login TIMESTAMP WITH TIME ZONE, 
	full_name VARCHAR(255), 
	phone_number VARCHAR(20), 
	PRIMARY KEY (id)
)

 (session.py:30)
2025-06-17 11:29:18 [    INFO] CREATE UNIQUE INDEX ix_user_email ON "user" (email) (base.py:1842)
2025-06-17 11:29:18 [    INFO] [no key 0.00084s] {} (base.py:1842)
2025-06-17 11:29:19 [   DEBUG] Query eseguita in 0.01 secondi: CREATE UNIQUE INDEX ix_user_email ON "user" (email) (session.py:30)
2025-06-17 11:29:19 [    INFO] CREATE UNIQUE INDEX ix_user_username ON "user" (username) (base.py:1842)
2025-06-17 11:29:19 [    INFO] [no key 0.00093s] {} (base.py:1842)
2025-06-17 11:29:19 [   DEBUG] Query eseguita in 0.01 secondi: CREATE UNIQUE INDEX ix_user_username ON "user" (username) (session.py:30)
2025-06-17 11:29:19 [    INFO] 
CREATE TABLE houses (
	id SERIAL NOT NULL, 
	name VARCHAR NOT NULL, 
	address VARCHAR NOT NULL, 
	owner_id INTEGER NOT NULL, 
	created_at TIMESTAMP WITHOUT TIME ZONE NOT NULL, 
	updated_at TIMESTAMP WITHOUT TIME ZONE NOT NULL, 
	PRIMARY KEY (id), 
	FOREIGN KEY(owner_id) REFERENCES "user" (id)
)

 (base.py:1842)
2025-06-17 11:29:19 [    INFO] [no key 0.00292s] {} (base.py:1842)
2025-06-17 11:29:19 [   DEBUG] Query eseguita in 0.04 secondi: 
CREATE TABLE houses (
	id SERIAL NOT NULL, 
	name VARCHAR NOT NULL, 
	address VARCHAR NOT NULL, 
	owner_id INTEGER NOT NULL, 
	created_at TIMESTAMP WITHOUT TIME ZONE NOT NULL, 
	updated_at TIMESTAMP WITHOUT TIME ZONE NOT NULL, 
	PRIMARY KEY (id), 
	FOREIGN KEY(owner_id) REFERENCES "user" (id)
)

 (session.py:30)
2025-06-17 11:29:19 [    INFO] CREATE INDEX ix_houses_name ON houses (name) (base.py:1842)
2025-06-17 11:29:19 [    INFO] [no key 0.00285s] {} (base.py:1842)
2025-06-17 11:29:19 [   DEBUG] Query eseguita in 0.01 secondi: CREATE INDEX ix_houses_name ON houses (name) (session.py:30)
2025-06-17 11:29:19 [    INFO] 
CREATE TABLE rooms (
	id SERIAL NOT NULL, 
	name VARCHAR NOT NULL, 
	description VARCHAR, 
	floor INTEGER NOT NULL, 
	area FLOAT NOT NULL, 
	house_id INTEGER NOT NULL, 
	created_at TIMESTAMP WITHOUT TIME ZONE NOT NULL, 
	updated_at TIMESTAMP WITHOUT TIME ZONE NOT NULL, 
	PRIMARY KEY (id), 
	FOREIGN KEY(house_id) REFERENCES houses (id)
)

 (base.py:1842)
2025-06-17 11:29:19 [    INFO] [no key 0.00277s] {} (base.py:1842)
2025-06-17 11:29:19 [   DEBUG] Query eseguita in 0.04 secondi: 
CREATE TABLE rooms (
	id SERIAL NOT NULL, 
	name VARCHAR NOT NULL, 
	description VARCHAR, 
	floor INTEGER NOT NULL, 
	area FLOAT NOT NULL, 
	house_id INTEGER NOT NULL, 
	created_at TIMESTAMP WITHOUT TIME ZONE NOT NULL, 
	updated_at TIMESTAMP WITHOUT TIME ZONE NOT NULL, 
	PRIMARY KEY (id), 
	FOREIGN KEY(house_id) REFERENCES houses (id)
)

 (session.py:30)
2025-06-17 11:29:19 [    INFO] CREATE INDEX ix_rooms_name ON rooms (name) (base.py:1842)
2025-06-17 11:29:19 [    INFO] [no key 0.00449s] {} (base.py:1842)
2025-06-17 11:29:19 [   DEBUG] Query eseguita in 0.01 secondi: CREATE INDEX ix_rooms_name ON rooms (name) (session.py:30)
2025-06-17 11:29:19 [    INFO] 
CREATE TABLE nodes (
	id SERIAL NOT NULL, 
	name VARCHAR NOT NULL, 
	description VARCHAR, 
	nfc_id VARCHAR NOT NULL, 
	house_id INTEGER NOT NULL, 
	room_id INTEGER, 
	PRIMARY KEY (id), 
	FOREIGN KEY(house_id) REFERENCES houses (id), 
	FOREIGN KEY(room_id) REFERENCES rooms (id)
)

 (base.py:1842)
2025-06-17 11:29:19 [    INFO] [no key 0.00507s] {} (base.py:1842)
2025-06-17 11:29:19 [   DEBUG] Query eseguita in 0.03 secondi: 
CREATE TABLE nodes (
	id SERIAL NOT NULL, 
	name VARCHAR NOT NULL, 
	description VARCHAR, 
	nfc_id VARCHAR NOT NULL, 
	house_id INTEGER NOT NULL, 
	room_id INTEGER, 
	PRIMARY KEY (id), 
	FOREIGN KEY(house_id) REFERENCES houses (id), 
	FOREIGN KEY(room_id) REFERENCES rooms (id)
)

 (session.py:30)
2025-06-17 11:29:19 [    INFO] CREATE UNIQUE INDEX ix_nodes_nfc_id ON nodes (nfc_id) (base.py:1842)
2025-06-17 11:29:19 [    INFO] [no key 0.00132s] {} (base.py:1842)
2025-06-17 11:29:19 [   DEBUG] Query eseguita in 0.01 secondi: CREATE UNIQUE INDEX ix_nodes_nfc_id ON nodes (nfc_id) (session.py:30)
2025-06-17 11:29:19 [    INFO] 
CREATE TABLE bookings (
	id SERIAL NOT NULL, 
	room_id INTEGER NOT NULL, 
	user_id INTEGER NOT NULL, 
	start_time TIMESTAMP WITHOUT TIME ZONE NOT NULL, 
	end_time TIMESTAMP WITHOUT TIME ZONE NOT NULL, 
	status VARCHAR NOT NULL, 
	notes VARCHAR, 
	created_at TIMESTAMP WITHOUT TIME ZONE NOT NULL, 
	updated_at TIMESTAMP WITHOUT TIME ZONE NOT NULL, 
	PRIMARY KEY (id), 
	FOREIGN KEY(room_id) REFERENCES rooms (id), 
	FOREIGN KEY(user_id) REFERENCES "user" (id)
)

 (base.py:1842)
2025-06-17 11:29:19 [    INFO] [no key 0.00086s] {} (base.py:1842)
2025-06-17 11:29:19 [   DEBUG] Query eseguita in 0.04 secondi: 
CREATE TABLE bookings (
	id SERIAL NOT NULL, 
	room_id INTEGER NOT NULL, 
	user_id INTEGER NOT NULL, 
	start_time TIMESTAMP WITHOUT TIME ZONE NOT NULL, 
	end_time TIMESTAMP WITHOUT TIME ZONE NOT NULL, 
	status VARCHAR NOT NULL, 
	notes VARCHAR, 
	created_at TIMESTAMP WITHOUT TIME ZONE NOT NULL, 
	updated_at TIMESTAMP WITHOUT TIME ZONE NOT NULL, 
	PRIMARY KEY (id), 
	FOREIGN KEY(room_id) REFERENCES rooms (id), 
	FOREIGN KEY(user_id) REFERENCES "user" (id)
)

 (session.py:30)
2025-06-17 11:29:19 [    INFO] 
CREATE TABLE documents (
	id SERIAL NOT NULL, 
	created_at TIMESTAMP WITHOUT TIME ZONE NOT NULL, 
	updated_at TIMESTAMP WITHOUT TIME ZONE NOT NULL, 
	owner_id INTEGER NOT NULL, 
	name VARCHAR NOT NULL, 
	type VARCHAR NOT NULL, 
	size INTEGER NOT NULL, 
	upload_date TIMESTAMP WITHOUT TIME ZONE NOT NULL, 
	path VARCHAR NOT NULL, 
	checksum VARCHAR NOT NULL, 
	house_id INTEGER, 
	node_id INTEGER, 
	description VARCHAR, 
	PRIMARY KEY (id), 
	FOREIGN KEY(owner_id) REFERENCES "user" (id), 
	FOREIGN KEY(house_id) REFERENCES houses (id), 
	FOREIGN KEY(node_id) REFERENCES nodes (id)
)

 (base.py:1842)
2025-06-17 11:29:19 [    INFO] [no key 0.00439s] {} (base.py:1842)
2025-06-17 11:29:19 [   DEBUG] Query eseguita in 0.04 secondi: 
CREATE TABLE documents (
	id SERIAL NOT NULL, 
	created_at TIMESTAMP WITHOUT TIME ZONE NOT NULL, 
	updated_at TIMESTAMP WITHOUT TIME ZONE NOT NULL, 
	owner_id INTEGER NOT NULL, 
	name VARCHAR NOT NULL, 
	type VARCHAR NOT NULL, 
	size INTEGER NOT NULL, 
	upload_date TIMESTAMP WITHOUT TIME ZONE NOT NULL, 
	path VARCHAR NOT NULL, 
	checksum VARCHAR NOT NULL, 
	house_id INTEGER, 
	node_id INTEGER, 
	description VARCHAR, 
	PRIMARY KEY (id), 
	FOREIGN KEY(owner_id) REFERENCES "user" (id), 
	FOREIGN KEY(house_id) REFERENCES houses (id), 
	FOREIGN KEY(node_id) REFERENCES nodes (id)
)

 (session.py:30)
2025-06-17 11:29:19 [    INFO] CREATE INDEX ix_documents_owner_id ON documents (owner_id) (base.py:1842)
2025-06-17 11:29:19 [    INFO] [no key 0.00177s] {} (base.py:1842)
2025-06-17 11:29:19 [   DEBUG] Query eseguita in 0.01 secondi: CREATE INDEX ix_documents_owner_id ON documents (owner_id) (session.py:30)
2025-06-17 11:29:19 [    INFO] 
CREATE TABLE document_versions (
	id SERIAL NOT NULL, 
	version_number INTEGER NOT NULL, 
	file_path VARCHAR NOT NULL, 
	file_size INTEGER NOT NULL, 
	checksum VARCHAR NOT NULL, 
	created_at TIMESTAMP WITHOUT TIME ZONE NOT NULL, 
	updated_at TIMESTAMP WITHOUT TIME ZONE NOT NULL, 
	document_id INTEGER NOT NULL, 
	created_by_id INTEGER, 
	PRIMARY KEY (id), 
	FOREIGN KEY(document_id) REFERENCES documents (id), 
	FOREIGN KEY(created_by_id) REFERENCES "user" (id)
)

 (base.py:1842)
2025-06-17 11:29:19 [    INFO] [no key 0.00143s] {} (base.py:1842)
2025-06-17 11:29:19 [   DEBUG] Query eseguita in 0.04 secondi: 
CREATE TABLE document_versions (
	id SERIAL NOT NULL, 
	version_number INTEGER NOT NULL, 
	file_path VARCHAR NOT NULL, 
	file_size INTEGER NOT NULL, 
	checksum VARCHAR NOT NULL, 
	created_at TIMESTAMP WITHOUT TIME ZONE NOT NULL, 
	updated_at TIMESTAMP WITHOUT TIME ZONE NOT NULL, 
	document_id INTEGER NOT NULL, 
	created_by_id INTEGER, 
	PRIMARY KEY (id), 
	FOREIGN KEY(document_id) REFERENCES documents (id), 
	FOREIGN KEY(created_by_id) REFERENCES "user" (id)
)

 (session.py:30)
2025-06-17 11:29:19 [    INFO] CREATE INDEX ix_document_versions_version_number ON document_versions (version_number) (base.py:1842)
2025-06-17 11:29:19 [    INFO] [no key 0.00091s] {} (base.py:1842)
2025-06-17 11:29:19 [   DEBUG] Query eseguita in 0.01 secondi: CREATE INDEX ix_document_versions_version_number ON document_versions (version_number) (session.py:30)
2025-06-17 11:29:19 [    INFO] CREATE INDEX ix_document_versions_created_by_id ON document_versions (created_by_id) (base.py:1842)
2025-06-17 11:29:19 [    INFO] [no key 0.00239s] {} (base.py:1842)
2025-06-17 11:29:19 [   DEBUG] Query eseguita in 0.01 secondi: CREATE INDEX ix_document_versions_created_by_id ON document_versions (created_by_id) (session.py:30)
2025-06-17 11:29:19 [    INFO] CREATE INDEX ix_document_versions_document_id ON document_versions (document_id) (base.py:1842)
2025-06-17 11:29:19 [    INFO] [no key 0.00116s] {} (base.py:1842)
2025-06-17 11:29:19 [   DEBUG] Query eseguita in 0.01 secondi: CREATE INDEX ix_document_versions_document_id ON document_versions (document_id) (session.py:30)
2025-06-17 11:29:19 [    INFO] 
CREATE TABLE maintenance_records (
	id SERIAL NOT NULL, 
	node_id INTEGER NOT NULL, 
	timestamp TIMESTAMP WITHOUT TIME ZONE NOT NULL, 
	maintenance_type maintenancetype NOT NULL, 
	description VARCHAR NOT NULL, 
	status maintenancestatus NOT NULL, 
	notes VARCHAR, 
	document_id INTEGER, 
	PRIMARY KEY (id), 
	FOREIGN KEY(node_id) REFERENCES nodes (id), 
	FOREIGN KEY(document_id) REFERENCES documents (id)
)

 (base.py:1842)
2025-06-17 11:29:19 [    INFO] [no key 0.00087s] {} (base.py:1842)
2025-06-17 11:29:19 [   DEBUG] Query eseguita in 0.05 secondi: 
CREATE TABLE maintenance_records (
	id SERIAL NOT NULL, 
	node_id INTEGER NOT NULL, 
	timestamp TIMESTAMP WITHOUT TIME ZONE NOT NULL, 
	maintenance_type maintenancetype NOT NULL, 
	description VARCHAR NOT NULL, 
	status maintenancestatus NOT NULL, 
	notes VARCHAR, 
	document_id INTEGER, 
	PRIMARY KEY (id), 
	FOREIGN KEY(node_id) REFERENCES nodes (id), 
	FOREIGN KEY(document_id) REFERENCES documents (id)
)

 (session.py:30)
2025-06-17 11:29:19 [    INFO] CREATE INDEX ix_maintenance_records_node_id ON maintenance_records (node_id) (base.py:1842)
2025-06-17 11:29:19 [    INFO] [no key 0.00380s] {} (base.py:1842)
2025-06-17 11:29:19 [   DEBUG] Query eseguita in 0.01 secondi: CREATE INDEX ix_maintenance_records_node_id ON maintenance_records (node_id) (session.py:30)
2025-06-17 11:29:19 [    INFO] COMMIT (base.py:2704)
2025-06-17 11:29:19 [   DEBUG] Test database tables created successfully (test_users.py:52)
2025-06-17 11:29:19 [   DEBUG] Test database session created successfully (test_users.py:55)
2025-06-17 11:29:19 [   DEBUG] Overriding get_session for tests... (conftest.py:269)
2025-06-17 11:29:19 [   DEBUG] Setting up FakeRedis for tests... (conftest_redis.py:18)
2025-06-17 11:29:19 [   DEBUG] Connessione Redis stabilita con successo (redis.py:24)
PASSED                                                                   [100%]
------------------------------ live log teardown ------------------------------
2025-06-17 11:29:19 [   DEBUG] Restored original Redis client (conftest_redis.py:29)
2025-06-17 11:29:19 [   DEBUG] get_session override cleared (conftest.py:275)
2025-06-17 11:29:19 [   DEBUG] Cleaning up test database session... (test_users.py:57)
2025-06-17 11:29:19 [    INFO] BEGIN (implicit) (base.py:2698)
2025-06-17 11:29:19 [    INFO] DROP SCHEMA public CASCADE (base.py:1842)
2025-06-17 11:29:19 [    INFO] [generated in 0.00409s] {} (base.py:1842)
2025-06-17 11:29:19 [   DEBUG] Query eseguita in 0.14 secondi: DROP SCHEMA public CASCADE (session.py:30)
2025-06-17 11:29:19 [    INFO] CREATE SCHEMA public (base.py:1842)
2025-06-17 11:29:19 [    INFO] [generated in 0.00383s] {} (base.py:1842)
2025-06-17 11:29:19 [   DEBUG] Query eseguita in 0.00 secondi: CREATE SCHEMA public (session.py:30)
2025-06-17 11:29:19 [    INFO] COMMIT (base.py:2704)
2025-06-17 11:29:19 [   DEBUG] Test database cleanup completed (test_users.py:63)
2025-06-17 11:29:19 [   DEBUG] Session fixture completed in 1.50 seconds (test_users.py:68)
2025-06-17 11:29:19 [    INFO] BEGIN (implicit) (base.py:2698)
2025-06-17 11:29:19 [    INFO] DROP TABLE IF EXISTS document_versions CASCADE (base.py:1842)
2025-06-17 11:29:19 [    INFO] [generated in 0.00677s] {} (base.py:1842)
2025-06-17 11:29:19 [   DEBUG] Query eseguita in 0.02 secondi: DROP TABLE IF EXISTS document_versions CASCADE (session.py:30)
2025-06-17 11:29:19 [    INFO] DROP TABLE IF EXISTS documents CASCADE (base.py:1842)
2025-06-17 11:29:19 [    INFO] [generated in 0.00094s] {} (base.py:1842)
2025-06-17 11:29:19 [   DEBUG] Query eseguita in 0.01 secondi: DROP TABLE IF EXISTS documents CASCADE (session.py:30)
2025-06-17 11:29:19 [    INFO] DROP TABLE IF EXISTS maintenance_records CASCADE (base.py:1842)
2025-06-17 11:29:19 [    INFO] [generated in 0.00140s] {} (base.py:1842)
2025-06-17 11:29:19 [   DEBUG] Query eseguita in 0.01 secondi: DROP TABLE IF EXISTS maintenance_records CASCADE (session.py:30)
2025-06-17 11:29:19 [    INFO] DROP TABLE IF EXISTS nodes CASCADE (base.py:1842)
2025-06-17 11:29:19 [    INFO] [generated in 0.00094s] {} (base.py:1842)
2025-06-17 11:29:19 [   DEBUG] Query eseguita in 0.00 secondi: DROP TABLE IF EXISTS nodes CASCADE (session.py:30)
2025-06-17 11:29:19 [    INFO] DROP TABLE IF EXISTS rooms CASCADE (base.py:1842)
2025-06-17 11:29:19 [    INFO] [generated in 0.00152s] {} (base.py:1842)
2025-06-17 11:29:19 [   DEBUG] Query eseguita in 0.01 secondi: DROP TABLE IF EXISTS rooms CASCADE (session.py:30)
2025-06-17 11:29:19 [    INFO] DROP TABLE IF EXISTS houses CASCADE (base.py:1842)
2025-06-17 11:29:19 [    INFO] [generated in 0.00078s] {} (base.py:1842)
2025-06-17 11:29:19 [   DEBUG] Query eseguita in 0.00 secondi: DROP TABLE IF EXISTS houses CASCADE (session.py:30)
2025-06-17 11:29:19 [    INFO] DROP TABLE IF EXISTS users CASCADE (base.py:1842)
2025-06-17 11:29:19 [    INFO] [generated in 0.00144s] {} (base.py:1842)
2025-06-17 11:29:19 [   DEBUG] Query eseguita in 0.01 secondi: DROP TABLE IF EXISTS users CASCADE (session.py:30)
2025-06-17 11:29:19 [    INFO] DROP TABLE IF EXISTS bookings CASCADE (base.py:1842)
2025-06-17 11:29:19 [    INFO] [generated in 0.00081s] {} (base.py:1842)
2025-06-17 11:29:19 [   DEBUG] Query eseguita in 0.00 secondi: DROP TABLE IF EXISTS bookings CASCADE (session.py:30)
2025-06-17 11:29:19 [    INFO] COMMIT (base.py:2704)
2025-06-17 11:29:19 [   DEBUG] Test database tables dropped (conftest.py:215)
2025-06-17 11:29:19 [   DEBUG] Cleaning up test database... (conftest.py:96)
2025-06-17 11:29:20 [   DEBUG] Dropped table document_versions if it existed (conftest.py:122)
2025-06-17 11:29:20 [   DEBUG] Dropped table documents if it existed (conftest.py:122)
2025-06-17 11:29:20 [   DEBUG] Dropped table maintenance_records if it existed (conftest.py:122)
2025-06-17 11:29:20 [   DEBUG] Dropped table nodes if it existed (conftest.py:122)
2025-06-17 11:29:20 [   DEBUG] Dropped table rooms if it existed (conftest.py:122)
2025-06-17 11:29:20 [   DEBUG] Dropped table houses if it existed (conftest.py:122)
2025-06-17 11:29:20 [   DEBUG] Dropped table users if it existed (conftest.py:122)
2025-06-17 11:29:20 [   DEBUG] Dropped table bookings if it existed (conftest.py:122)
2025-06-17 11:29:20 [   DEBUG] Test database cleanup completed (conftest.py:128)


=================================== ERRORS ====================================
____________________ ERROR at setup of test_read_users_me _____________________
tests\api\test_users.py:88: in test_user_fixture
    return UserService.create_user(session, user_create)
           ^^^^^^^^^^^^^^^^^^^^^^^^^^^^^^^^^^^^^^^^^^^^^
app\services\user.py:26: in create_user
    self.session.add(db_user)
    ^^^^^^^^^^^^
E   AttributeError: 'Session' object has no attribute 'session'
---------------------------- Captured stdout setup ----------------------------
2025-06-17 11:27:24,057 INFO sqlalchemy.engine.Engine select pg_catalog.version()
2025-06-17 11:27:24,060 INFO sqlalchemy.engine.Engine [raw sql] {}
2025-06-17 11:27:24,071 INFO sqlalchemy.engine.Engine select current_schema()
2025-06-17 11:27:24,072 INFO sqlalchemy.engine.Engine [raw sql] {}
2025-06-17 11:27:24,075 INFO sqlalchemy.engine.Engine show standard_conforming_strings
2025-06-17 11:27:24,078 INFO sqlalchemy.engine.Engine [raw sql] {}
2025-06-17 11:27:24,088 INFO sqlalchemy.engine.Engine BEGIN (implicit)
2025-06-17 11:27:24,089 INFO sqlalchemy.engine.Engine 
                CREATE TABLE IF NOT EXISTS "user" (
                    id SERIAL PRIMARY KEY,
                    email VARCHAR NOT NULL UNIQUE,
                    username VARCHAR NOT NULL UNIQUE,
                    hashed_password VARCHAR NOT NULL,
                    is_active BOOLEAN DEFAULT TRUE,
                    is_superuser BOOLEAN DEFAULT FALSE,
                    is_verified BOOLEAN DEFAULT FALSE,
                    created_at TIMESTAMP WITHOUT TIME ZONE DEFAULT NOW(),
                    updated_at TIMESTAMP WITHOUT TIME ZONE DEFAULT NOW(),
                    last_login TIMESTAMP WITH TIME ZONE,
                    full_name VARCHAR(255),
                    phone_number VARCHAR(20)
                )
            
2025-06-17 11:27:24,092 INFO sqlalchemy.engine.Engine [generated in 0.00386s] {}
2025-06-17 11:27:24,167 INFO sqlalchemy.engine.Engine COMMIT
2025-06-17 11:27:24,178 INFO sqlalchemy.engine.Engine BEGIN (implicit)
2025-06-17 11:27:24,213 INFO sqlalchemy.engine.Engine SELECT pg_catalog.pg_class.relname 
FROM pg_catalog.pg_class JOIN pg_catalog.pg_namespace ON pg_catalog.pg_namespace.oid = pg_catalog.pg_class.relnamespace 
WHERE pg_catalog.pg_class.relname = %(table_name)s AND pg_catalog.pg_class.relkind = ANY (ARRAY[%(param_1)s, %(param_2)s, %(param_3)s, %(param_4)s, %(param_5)s]) AND pg_catalog.pg_table_is_visible(pg_catalog.pg_class.oid) AND pg_catalog.pg_namespace.nspname != %(nspname_1)s
2025-06-17 11:27:24,217 INFO sqlalchemy.engine.Engine [generated in 0.00425s] {'table_name': 'user', 'param_1': 'r', 'param_2': 'p', 'param_3': 'f', 'param_4': 'v', 'param_5': 'm', 'nspname_1': 'pg_catalog'}
2025-06-17 11:27:24,232 INFO sqlalchemy.engine.Engine SELECT pg_catalog.pg_class.relname 
FROM pg_catalog.pg_class JOIN pg_catalog.pg_namespace ON pg_catalog.pg_namespace.oid = pg_catalog.pg_class.relnamespace 
WHERE pg_catalog.pg_class.relname = %(table_name)s AND pg_catalog.pg_class.relkind = ANY (ARRAY[%(param_1)s, %(param_2)s, %(param_3)s, %(param_4)s, %(param_5)s]) AND pg_catalog.pg_table_is_visible(pg_catalog.pg_class.oid) AND pg_catalog.pg_namespace.nspname != %(nspname_1)s
2025-06-17 11:27:24,237 INFO sqlalchemy.engine.Engine [cached since 0.02458s ago] {'table_name': 'documents', 'param_1': 'r', 'param_2': 'p', 'param_3': 'f', 'param_4': 'v', 'param_5': 'm', 'nspname_1': 'pg_catalog'}
2025-06-17 11:27:24,240 INFO sqlalchemy.engine.Engine SELECT pg_catalog.pg_class.relname 
FROM pg_catalog.pg_class JOIN pg_catalog.pg_namespace ON pg_catalog.pg_namespace.oid = pg_catalog.pg_class.relnamespace 
WHERE pg_catalog.pg_class.relname = %(table_name)s AND pg_catalog.pg_class.relkind = ANY (ARRAY[%(param_1)s, %(param_2)s, %(param_3)s, %(param_4)s, %(param_5)s]) AND pg_catalog.pg_table_is_visible(pg_catalog.pg_class.oid) AND pg_catalog.pg_namespace.nspname != %(nspname_1)s
2025-06-17 11:27:24,242 INFO sqlalchemy.engine.Engine [cached since 0.03038s ago] {'table_name': 'document_versions', 'param_1': 'r', 'param_2': 'p', 'param_3': 'f', 'param_4': 'v', 'param_5': 'm', 'nspname_1': 'pg_catalog'}
2025-06-17 11:27:24,252 INFO sqlalchemy.engine.Engine SELECT pg_catalog.pg_class.relname 
FROM pg_catalog.pg_class JOIN pg_catalog.pg_namespace ON pg_catalog.pg_namespace.oid = pg_catalog.pg_class.relnamespace 
WHERE pg_catalog.pg_class.relname = %(table_name)s AND pg_catalog.pg_class.relkind = ANY (ARRAY[%(param_1)s, %(param_2)s, %(param_3)s, %(param_4)s, %(param_5)s]) AND pg_catalog.pg_table_is_visible(pg_catalog.pg_class.oid) AND pg_catalog.pg_namespace.nspname != %(nspname_1)s
2025-06-17 11:27:24,254 INFO sqlalchemy.engine.Engine [cached since 0.04204s ago] {'table_name': 'houses', 'param_1': 'r', 'param_2': 'p', 'param_3': 'f', 'param_4': 'v', 'param_5': 'm', 'nspname_1': 'pg_catalog'}
2025-06-17 11:27:24,259 INFO sqlalchemy.engine.Engine SELECT pg_catalog.pg_class.relname 
FROM pg_catalog.pg_class JOIN pg_catalog.pg_namespace ON pg_catalog.pg_namespace.oid = pg_catalog.pg_class.relnamespace 
WHERE pg_catalog.pg_class.relname = %(table_name)s AND pg_catalog.pg_class.relkind = ANY (ARRAY[%(param_1)s, %(param_2)s, %(param_3)s, %(param_4)s, %(param_5)s]) AND pg_catalog.pg_table_is_visible(pg_catalog.pg_class.oid) AND pg_catalog.pg_namespace.nspname != %(nspname_1)s
2025-06-17 11:27:24,261 INFO sqlalchemy.engine.Engine [cached since 0.04895s ago] {'table_name': 'nodes', 'param_1': 'r', 'param_2': 'p', 'param_3': 'f', 'param_4': 'v', 'param_5': 'm', 'nspname_1': 'pg_catalog'}
2025-06-17 11:27:24,270 INFO sqlalchemy.engine.Engine SELECT pg_catalog.pg_class.relname 
FROM pg_catalog.pg_class JOIN pg_catalog.pg_namespace ON pg_catalog.pg_namespace.oid = pg_catalog.pg_class.relnamespace 
WHERE pg_catalog.pg_class.relname = %(table_name)s AND pg_catalog.pg_class.relkind = ANY (ARRAY[%(param_1)s, %(param_2)s, %(param_3)s, %(param_4)s, %(param_5)s]) AND pg_catalog.pg_table_is_visible(pg_catalog.pg_class.oid) AND pg_catalog.pg_namespace.nspname != %(nspname_1)s
2025-06-17 11:27:24,272 INFO sqlalchemy.engine.Engine [cached since 0.05974s ago] {'table_name': 'rooms', 'param_1': 'r', 'param_2': 'p', 'param_3': 'f', 'param_4': 'v', 'param_5': 'm', 'nspname_1': 'pg_catalog'}
2025-06-17 11:27:24,278 INFO sqlalchemy.engine.Engine SELECT pg_catalog.pg_class.relname 
FROM pg_catalog.pg_class JOIN pg_catalog.pg_namespace ON pg_catalog.pg_namespace.oid = pg_catalog.pg_class.relnamespace 
WHERE pg_catalog.pg_class.relname = %(table_name)s AND pg_catalog.pg_class.relkind = ANY (ARRAY[%(param_1)s, %(param_2)s, %(param_3)s, %(param_4)s, %(param_5)s]) AND pg_catalog.pg_table_is_visible(pg_catalog.pg_class.oid) AND pg_catalog.pg_namespace.nspname != %(nspname_1)s
2025-06-17 11:27:24,279 INFO sqlalchemy.engine.Engine [cached since 0.06713s ago] {'table_name': 'bookings', 'param_1': 'r', 'param_2': 'p', 'param_3': 'f', 'param_4': 'v', 'param_5': 'm', 'nspname_1': 'pg_catalog'}
2025-06-17 11:27:24,288 INFO sqlalchemy.engine.Engine SELECT pg_catalog.pg_class.relname 
FROM pg_catalog.pg_class JOIN pg_catalog.pg_namespace ON pg_catalog.pg_namespace.oid = pg_catalog.pg_class.relnamespace 
WHERE pg_catalog.pg_class.relname = %(table_name)s AND pg_catalog.pg_class.relkind = ANY (ARRAY[%(param_1)s, %(param_2)s, %(param_3)s, %(param_4)s, %(param_5)s]) AND pg_catalog.pg_table_is_visible(pg_catalog.pg_class.oid) AND pg_catalog.pg_namespace.nspname != %(nspname_1)s
2025-06-17 11:27:24,288 INFO sqlalchemy.engine.Engine [cached since 0.07645s ago] {'table_name': 'maintenance_records', 'param_1': 'r', 'param_2': 'p', 'param_3': 'f', 'param_4': 'v', 'param_5': 'm', 'nspname_1': 'pg_catalog'}
2025-06-17 11:27:24,306 INFO sqlalchemy.engine.Engine SELECT pg_catalog.pg_type.typname 
FROM pg_catalog.pg_type JOIN pg_catalog.pg_namespace ON pg_catalog.pg_namespace.oid = pg_catalog.pg_type.typnamespace 
WHERE pg_catalog.pg_type.typname = %(typname_1)s AND pg_catalog.pg_type_is_visible(pg_catalog.pg_type.oid) AND pg_catalog.pg_namespace.nspname != %(nspname_1)s
2025-06-17 11:27:24,306 INFO sqlalchemy.engine.Engine [generated in 0.00104s] {'typname_1': 'maintenancetype', 'nspname_1': 'pg_catalog'}
2025-06-17 11:27:24,316 INFO sqlalchemy.engine.Engine CREATE TYPE maintenancetype AS ENUM ('ROUTINE', 'PREVENTIVE', 'CORRECTIVE', 'EMERGENCY', 'INSPECTION')
2025-06-17 11:27:24,320 INFO sqlalchemy.engine.Engine [no key 0.00467s] {}
2025-06-17 11:27:24,329 INFO sqlalchemy.engine.Engine SELECT pg_catalog.pg_type.typname 
FROM pg_catalog.pg_type JOIN pg_catalog.pg_namespace ON pg_catalog.pg_namespace.oid = pg_catalog.pg_type.typnamespace 
WHERE pg_catalog.pg_type.typname = %(typname_1)s AND pg_catalog.pg_type_is_visible(pg_catalog.pg_type.oid) AND pg_catalog.pg_namespace.nspname != %(nspname_1)s
2025-06-17 11:27:24,331 INFO sqlalchemy.engine.Engine [cached since 0.02587s ago] {'typname_1': 'maintenancestatus', 'nspname_1': 'pg_catalog'}
2025-06-17 11:27:24,340 INFO sqlalchemy.engine.Engine CREATE TYPE maintenancestatus AS ENUM ('PENDING', 'COMPLETED', 'FAILED')
2025-06-17 11:27:24,341 INFO sqlalchemy.engine.Engine [no key 0.00092s] {}
2025-06-17 11:27:24,354 INFO sqlalchemy.engine.Engine 
CREATE TABLE houses (
	id SERIAL NOT NULL, 
	name VARCHAR NOT NULL, 
	address VARCHAR NOT NULL, 
	owner_id INTEGER NOT NULL, 
	created_at TIMESTAMP WITHOUT TIME ZONE NOT NULL, 
	updated_at TIMESTAMP WITHOUT TIME ZONE NOT NULL, 
	PRIMARY KEY (id), 
	FOREIGN KEY(owner_id) REFERENCES "user" (id)
)


2025-06-17 11:27:24,355 INFO sqlalchemy.engine.Engine [no key 0.00095s] {}
2025-06-17 11:27:24,389 INFO sqlalchemy.engine.Engine CREATE INDEX ix_houses_name ON houses (name)
2025-06-17 11:27:24,389 INFO sqlalchemy.engine.Engine [no key 0.00077s] {}
2025-06-17 11:27:24,405 INFO sqlalchemy.engine.Engine 
CREATE TABLE rooms (
	id SERIAL NOT NULL, 
	name VARCHAR NOT NULL, 
	description VARCHAR, 
	floor INTEGER NOT NULL, 
	area FLOAT NOT NULL, 
	house_id INTEGER NOT NULL, 
	created_at TIMESTAMP WITHOUT TIME ZONE NOT NULL, 
	updated_at TIMESTAMP WITHOUT TIME ZONE NOT NULL, 
	PRIMARY KEY (id), 
	FOREIGN KEY(house_id) REFERENCES houses (id)
)


2025-06-17 11:27:24,406 INFO sqlalchemy.engine.Engine [no key 0.00087s] {}
2025-06-17 11:27:24,443 INFO sqlalchemy.engine.Engine CREATE INDEX ix_rooms_name ON rooms (name)
2025-06-17 11:27:24,444 INFO sqlalchemy.engine.Engine [no key 0.00209s] {}
2025-06-17 11:27:24,458 INFO sqlalchemy.engine.Engine 
CREATE TABLE nodes (
	id SERIAL NOT NULL, 
	name VARCHAR NOT NULL, 
	description VARCHAR, 
	nfc_id VARCHAR NOT NULL, 
	house_id INTEGER NOT NULL, 
	room_id INTEGER, 
	PRIMARY KEY (id), 
	FOREIGN KEY(house_id) REFERENCES houses (id), 
	FOREIGN KEY(room_id) REFERENCES rooms (id)
)


2025-06-17 11:27:24,461 INFO sqlalchemy.engine.Engine [no key 0.00301s] {}
2025-06-17 11:27:24,493 INFO sqlalchemy.engine.Engine CREATE UNIQUE INDEX ix_nodes_nfc_id ON nodes (nfc_id)
2025-06-17 11:27:24,495 INFO sqlalchemy.engine.Engine [no key 0.00211s] {}
2025-06-17 11:27:24,510 INFO sqlalchemy.engine.Engine 
CREATE TABLE bookings (
	id SERIAL NOT NULL, 
	room_id INTEGER NOT NULL, 
	user_id INTEGER NOT NULL, 
	start_time TIMESTAMP WITHOUT TIME ZONE NOT NULL, 
	end_time TIMESTAMP WITHOUT TIME ZONE NOT NULL, 
	status VARCHAR NOT NULL, 
	notes VARCHAR, 
	created_at TIMESTAMP WITHOUT TIME ZONE NOT NULL, 
	updated_at TIMESTAMP WITHOUT TIME ZONE NOT NULL, 
	PRIMARY KEY (id), 
	FOREIGN KEY(room_id) REFERENCES rooms (id), 
	FOREIGN KEY(user_id) REFERENCES "user" (id)
)


2025-06-17 11:27:24,512 INFO sqlalchemy.engine.Engine [no key 0.00252s] {}
2025-06-17 11:27:24,555 INFO sqlalchemy.engine.Engine 
CREATE TABLE documents (
	id SERIAL NOT NULL, 
	created_at TIMESTAMP WITHOUT TIME ZONE NOT NULL, 
	updated_at TIMESTAMP WITHOUT TIME ZONE NOT NULL, 
	owner_id INTEGER NOT NULL, 
	name VARCHAR NOT NULL, 
	type VARCHAR NOT NULL, 
	size INTEGER NOT NULL, 
	upload_date TIMESTAMP WITHOUT TIME ZONE NOT NULL, 
	path VARCHAR NOT NULL, 
	checksum VARCHAR NOT NULL, 
	house_id INTEGER, 
	node_id INTEGER, 
	description VARCHAR, 
	PRIMARY KEY (id), 
	FOREIGN KEY(owner_id) REFERENCES "user" (id), 
	FOREIGN KEY(house_id) REFERENCES houses (id), 
	FOREIGN KEY(node_id) REFERENCES nodes (id)
)


2025-06-17 11:27:24,555 INFO sqlalchemy.engine.Engine [no key 0.00083s] {}
2025-06-17 11:27:24,589 INFO sqlalchemy.engine.Engine CREATE INDEX ix_documents_owner_id ON documents (owner_id)
2025-06-17 11:27:24,590 INFO sqlalchemy.engine.Engine [no key 0.00076s] {}
2025-06-17 11:27:24,605 INFO sqlalchemy.engine.Engine 
CREATE TABLE document_versions (
	id SERIAL NOT NULL, 
	version_number INTEGER NOT NULL, 
	file_path VARCHAR NOT NULL, 
	file_size INTEGER NOT NULL, 
	checksum VARCHAR NOT NULL, 
	created_at TIMESTAMP WITHOUT TIME ZONE NOT NULL, 
	updated_at TIMESTAMP WITHOUT TIME ZONE NOT NULL, 
	document_id INTEGER NOT NULL, 
	created_by_id INTEGER, 
	PRIMARY KEY (id), 
	FOREIGN KEY(document_id) REFERENCES documents (id), 
	FOREIGN KEY(created_by_id) REFERENCES "user" (id)
)


2025-06-17 11:27:24,606 INFO sqlalchemy.engine.Engine [no key 0.00085s] {}
2025-06-17 11:27:24,639 INFO sqlalchemy.engine.Engine CREATE INDEX ix_document_versions_version_number ON document_versions (version_number)
2025-06-17 11:27:24,640 INFO sqlalchemy.engine.Engine [no key 0.00076s] {}
2025-06-17 11:27:24,654 INFO sqlalchemy.engine.Engine CREATE INDEX ix_document_versions_created_by_id ON document_versions (created_by_id)
2025-06-17 11:27:24,655 INFO sqlalchemy.engine.Engine [no key 0.00164s] {}
2025-06-17 11:27:24,665 INFO sqlalchemy.engine.Engine CREATE INDEX ix_document_versions_document_id ON document_versions (document_id)
2025-06-17 11:27:24,669 INFO sqlalchemy.engine.Engine [no key 0.00412s] {}
2025-06-17 11:27:24,687 INFO sqlalchemy.engine.Engine 
CREATE TABLE maintenance_records (
	id SERIAL NOT NULL, 
	node_id INTEGER NOT NULL, 
	timestamp TIMESTAMP WITHOUT TIME ZONE NOT NULL, 
	maintenance_type maintenancetype NOT NULL, 
	description VARCHAR NOT NULL, 
	status maintenancestatus NOT NULL, 
	notes VARCHAR, 
	document_id INTEGER, 
	PRIMARY KEY (id), 
	FOREIGN KEY(node_id) REFERENCES nodes (id), 
	FOREIGN KEY(document_id) REFERENCES documents (id)
)


2025-06-17 11:27:24,688 INFO sqlalchemy.engine.Engine [no key 0.00121s] {}
2025-06-17 11:27:24,725 INFO sqlalchemy.engine.Engine CREATE INDEX ix_maintenance_records_node_id ON maintenance_records (node_id)
2025-06-17 11:27:24,727 INFO sqlalchemy.engine.Engine [no key 0.00310s] {}
2025-06-17 11:27:24,739 INFO sqlalchemy.engine.Engine COMMIT
2025-06-17 11:27:25,201 INFO sqlalchemy.engine.Engine select pg_catalog.version()
2025-06-17 11:27:25,205 INFO sqlalchemy.engine.Engine [raw sql] {}
2025-06-17 11:27:25,207 INFO sqlalchemy.engine.Engine select current_schema()
2025-06-17 11:27:25,208 INFO sqlalchemy.engine.Engine [raw sql] {}
2025-06-17 11:27:25,212 INFO sqlalchemy.engine.Engine show standard_conforming_strings
2025-06-17 11:27:25,213 INFO sqlalchemy.engine.Engine [raw sql] {}
2025-06-17 11:27:25,221 INFO sqlalchemy.engine.Engine BEGIN (implicit)
2025-06-17 11:27:25,233 INFO sqlalchemy.engine.Engine SELECT pg_catalog.pg_class.relname 
FROM pg_catalog.pg_class JOIN pg_catalog.pg_namespace ON pg_catalog.pg_namespace.oid = pg_catalog.pg_class.relnamespace 
WHERE pg_catalog.pg_class.relname = %(table_name)s AND pg_catalog.pg_class.relkind = ANY (ARRAY[%(param_1)s, %(param_2)s, %(param_3)s, %(param_4)s, %(param_5)s]) AND pg_catalog.pg_table_is_visible(pg_catalog.pg_class.oid) AND pg_catalog.pg_namespace.nspname != %(nspname_1)s
2025-06-17 11:27:25,237 INFO sqlalchemy.engine.Engine [generated in 0.00548s] {'table_name': 'user', 'param_1': 'r', 'param_2': 'p', 'param_3': 'f', 'param_4': 'v', 'param_5': 'm', 'nspname_1': 'pg_catalog'}
2025-06-17 11:27:25,252 INFO sqlalchemy.engine.Engine SELECT pg_catalog.pg_class.relname 
FROM pg_catalog.pg_class JOIN pg_catalog.pg_namespace ON pg_catalog.pg_namespace.oid = pg_catalog.pg_class.relnamespace 
WHERE pg_catalog.pg_class.relname = %(table_name)s AND pg_catalog.pg_class.relkind = ANY (ARRAY[%(param_1)s, %(param_2)s, %(param_3)s, %(param_4)s, %(param_5)s]) AND pg_catalog.pg_table_is_visible(pg_catalog.pg_class.oid) AND pg_catalog.pg_namespace.nspname != %(nspname_1)s
2025-06-17 11:27:25,255 INFO sqlalchemy.engine.Engine [cached since 0.02323s ago] {'table_name': 'documents', 'param_1': 'r', 'param_2': 'p', 'param_3': 'f', 'param_4': 'v', 'param_5': 'm', 'nspname_1': 'pg_catalog'}
2025-06-17 11:27:25,261 INFO sqlalchemy.engine.Engine SELECT pg_catalog.pg_class.relname 
FROM pg_catalog.pg_class JOIN pg_catalog.pg_namespace ON pg_catalog.pg_namespace.oid = pg_catalog.pg_class.relnamespace 
WHERE pg_catalog.pg_class.relname = %(table_name)s AND pg_catalog.pg_class.relkind = ANY (ARRAY[%(param_1)s, %(param_2)s, %(param_3)s, %(param_4)s, %(param_5)s]) AND pg_catalog.pg_table_is_visible(pg_catalog.pg_class.oid) AND pg_catalog.pg_namespace.nspname != %(nspname_1)s
2025-06-17 11:27:25,262 INFO sqlalchemy.engine.Engine [cached since 0.03083s ago] {'table_name': 'document_versions', 'param_1': 'r', 'param_2': 'p', 'param_3': 'f', 'param_4': 'v', 'param_5': 'm', 'nspname_1': 'pg_catalog'}
2025-06-17 11:27:25,272 INFO sqlalchemy.engine.Engine SELECT pg_catalog.pg_class.relname 
FROM pg_catalog.pg_class JOIN pg_catalog.pg_namespace ON pg_catalog.pg_namespace.oid = pg_catalog.pg_class.relnamespace 
WHERE pg_catalog.pg_class.relname = %(table_name)s AND pg_catalog.pg_class.relkind = ANY (ARRAY[%(param_1)s, %(param_2)s, %(param_3)s, %(param_4)s, %(param_5)s]) AND pg_catalog.pg_table_is_visible(pg_catalog.pg_class.oid) AND pg_catalog.pg_namespace.nspname != %(nspname_1)s
2025-06-17 11:27:25,273 INFO sqlalchemy.engine.Engine [cached since 0.04192s ago] {'table_name': 'houses', 'param_1': 'r', 'param_2': 'p', 'param_3': 'f', 'param_4': 'v', 'param_5': 'm', 'nspname_1': 'pg_catalog'}
2025-06-17 11:27:25,289 INFO sqlalchemy.engine.Engine SELECT pg_catalog.pg_class.relname 
FROM pg_catalog.pg_class JOIN pg_catalog.pg_namespace ON pg_catalog.pg_namespace.oid = pg_catalog.pg_class.relnamespace 
WHERE pg_catalog.pg_class.relname = %(table_name)s AND pg_catalog.pg_class.relkind = ANY (ARRAY[%(param_1)s, %(param_2)s, %(param_3)s, %(param_4)s, %(param_5)s]) AND pg_catalog.pg_table_is_visible(pg_catalog.pg_class.oid) AND pg_catalog.pg_namespace.nspname != %(nspname_1)s
2025-06-17 11:27:25,290 INFO sqlalchemy.engine.Engine [cached since 0.0581s ago] {'table_name': 'nodes', 'param_1': 'r', 'param_2': 'p', 'param_3': 'f', 'param_4': 'v', 'param_5': 'm', 'nspname_1': 'pg_catalog'}
2025-06-17 11:27:25,296 INFO sqlalchemy.engine.Engine SELECT pg_catalog.pg_class.relname 
FROM pg_catalog.pg_class JOIN pg_catalog.pg_namespace ON pg_catalog.pg_namespace.oid = pg_catalog.pg_class.relnamespace 
WHERE pg_catalog.pg_class.relname = %(table_name)s AND pg_catalog.pg_class.relkind = ANY (ARRAY[%(param_1)s, %(param_2)s, %(param_3)s, %(param_4)s, %(param_5)s]) AND pg_catalog.pg_table_is_visible(pg_catalog.pg_class.oid) AND pg_catalog.pg_namespace.nspname != %(nspname_1)s
2025-06-17 11:27:25,299 INFO sqlalchemy.engine.Engine [cached since 0.06698s ago] {'table_name': 'rooms', 'param_1': 'r', 'param_2': 'p', 'param_3': 'f', 'param_4': 'v', 'param_5': 'm', 'nspname_1': 'pg_catalog'}
2025-06-17 11:27:25,307 INFO sqlalchemy.engine.Engine SELECT pg_catalog.pg_class.relname 
FROM pg_catalog.pg_class JOIN pg_catalog.pg_namespace ON pg_catalog.pg_namespace.oid = pg_catalog.pg_class.relnamespace 
WHERE pg_catalog.pg_class.relname = %(table_name)s AND pg_catalog.pg_class.relkind = ANY (ARRAY[%(param_1)s, %(param_2)s, %(param_3)s, %(param_4)s, %(param_5)s]) AND pg_catalog.pg_table_is_visible(pg_catalog.pg_class.oid) AND pg_catalog.pg_namespace.nspname != %(nspname_1)s
2025-06-17 11:27:25,309 INFO sqlalchemy.engine.Engine [cached since 0.07676s ago] {'table_name': 'bookings', 'param_1': 'r', 'param_2': 'p', 'param_3': 'f', 'param_4': 'v', 'param_5': 'm', 'nspname_1': 'pg_catalog'}
2025-06-17 11:27:25,319 INFO sqlalchemy.engine.Engine SELECT pg_catalog.pg_class.relname 
FROM pg_catalog.pg_class JOIN pg_catalog.pg_namespace ON pg_catalog.pg_namespace.oid = pg_catalog.pg_class.relnamespace 
WHERE pg_catalog.pg_class.relname = %(table_name)s AND pg_catalog.pg_class.relkind = ANY (ARRAY[%(param_1)s, %(param_2)s, %(param_3)s, %(param_4)s, %(param_5)s]) AND pg_catalog.pg_table_is_visible(pg_catalog.pg_class.oid) AND pg_catalog.pg_namespace.nspname != %(nspname_1)s
2025-06-17 11:27:25,321 INFO sqlalchemy.engine.Engine [cached since 0.0897s ago] {'table_name': 'maintenance_records', 'param_1': 'r', 'param_2': 'p', 'param_3': 'f', 'param_4': 'v', 'param_5': 'm', 'nspname_1': 'pg_catalog'}
2025-06-17 11:27:25,337 INFO sqlalchemy.engine.Engine SELECT pg_catalog.pg_type.typname 
FROM pg_catalog.pg_type JOIN pg_catalog.pg_namespace ON pg_catalog.pg_namespace.oid = pg_catalog.pg_type.typnamespace 
WHERE pg_catalog.pg_type.typname = %(typname_1)s AND pg_catalog.pg_type_is_visible(pg_catalog.pg_type.oid) AND pg_catalog.pg_namespace.nspname != %(nspname_1)s
2025-06-17 11:27:25,338 INFO sqlalchemy.engine.Engine [generated in 0.00222s] {'typname_1': 'maintenancetype', 'nspname_1': 'pg_catalog'}
2025-06-17 11:27:25,347 INFO sqlalchemy.engine.Engine SELECT pg_catalog.pg_type.typname 
FROM pg_catalog.pg_type JOIN pg_catalog.pg_namespace ON pg_catalog.pg_namespace.oid = pg_catalog.pg_type.typnamespace 
WHERE pg_catalog.pg_type.typname = %(typname_1)s AND pg_catalog.pg_type_is_visible(pg_catalog.pg_type.oid) AND pg_catalog.pg_namespace.nspname != %(nspname_1)s
2025-06-17 11:27:25,349 INFO sqlalchemy.engine.Engine [cached since 0.01343s ago] {'typname_1': 'maintenancestatus', 'nspname_1': 'pg_catalog'}
2025-06-17 11:27:25,356 INFO sqlalchemy.engine.Engine COMMIT
---------------------------- Captured stderr setup ----------------------------
DEBUG:conftest:Setting up test database...
DEBUG:conftest:Connecting to PostgreSQL...
DEBUG:conftest:Checking if database eterna_home_test exists...
DEBUG:conftest:Test database eterna_home_test already exists
DEBUG:conftest:Testing connection to test database...
DEBUG:conftest:Successfully connected to test database
DEBUG:conftest:Creating test engine...
DEBUG:conftest:Test engine created successfully
DEBUG:conftest:Creating test database tables...
INFO:sqlalchemy.engine.Engine:select pg_catalog.version()
INFO:sqlalchemy.engine.Engine:[raw sql] {}
INFO:sqlalchemy.engine.Engine:select current_schema()
INFO:sqlalchemy.engine.Engine:[raw sql] {}
INFO:sqlalchemy.engine.Engine:show standard_conforming_strings
INFO:sqlalchemy.engine.Engine:[raw sql] {}
INFO:sqlalchemy.engine.Engine:BEGIN (implicit)
INFO:sqlalchemy.engine.Engine:
                CREATE TABLE IF NOT EXISTS "user" (
                    id SERIAL PRIMARY KEY,
                    email VARCHAR NOT NULL UNIQUE,
                    username VARCHAR NOT NULL UNIQUE,
                    hashed_password VARCHAR NOT NULL,
                    is_active BOOLEAN DEFAULT TRUE,
                    is_superuser BOOLEAN DEFAULT FALSE,
                    is_verified BOOLEAN DEFAULT FALSE,
                    created_at TIMESTAMP WITHOUT TIME ZONE DEFAULT NOW(),
                    updated_at TIMESTAMP WITHOUT TIME ZONE DEFAULT NOW(),
                    last_login TIMESTAMP WITH TIME ZONE,
                    full_name VARCHAR(255),
                    phone_number VARCHAR(20)
                )
            
INFO:sqlalchemy.engine.Engine:[generated in 0.00386s] {}
DEBUG:app.db.session:Query eseguita in 0.08 secondi: 
                CREATE TABLE IF NOT EXISTS "user" (
                    id SERIAL PRIMARY KEY,
                    email VARCHAR NOT NULL UNIQUE,
                    username VARCHAR NOT NULL UNIQUE,
                    hashed_password VARCHAR NOT NULL,
                    is_active BOOLEAN DEFAULT TRUE,
                    is_superuser BOOLEAN DEFAULT FALSE,
                    is_verified BOOLEAN DEFAULT FALSE,
                    created_at TIMESTAMP WITHOUT TIME ZONE DEFAULT NOW(),
                    updated_at TIMESTAMP WITHOUT TIME ZONE DEFAULT NOW(),
                    last_login TIMESTAMP WITH TIME ZONE,
                    full_name VARCHAR(255),
                    phone_number VARCHAR(20)
                )
            
INFO:sqlalchemy.engine.Engine:COMMIT
DEBUG:conftest:User table created manually
INFO:sqlalchemy.engine.Engine:BEGIN (implicit)
INFO:sqlalchemy.engine.Engine:SELECT pg_catalog.pg_class.relname 
FROM pg_catalog.pg_class JOIN pg_catalog.pg_namespace ON pg_catalog.pg_namespace.oid = pg_catalog.pg_class.relnamespace 
WHERE pg_catalog.pg_class.relname = %(table_name)s AND pg_catalog.pg_class.relkind = ANY (ARRAY[%(param_1)s, %(param_2)s, %(param_3)s, %(param_4)s, %(param_5)s]) AND pg_catalog.pg_table_is_visible(pg_catalog.pg_class.oid) AND pg_catalog.pg_namespace.nspname != %(nspname_1)s
INFO:sqlalchemy.engine.Engine:[generated in 0.00425s] {'table_name': 'user', 'param_1': 'r', 'param_2': 'p', 'param_3': 'f', 'param_4': 'v', 'param_5': 'm', 'nspname_1': 'pg_catalog'}
DEBUG:app.db.session:Query eseguita in 0.02 secondi: SELECT pg_catalog.pg_class.relname 
FROM pg_catalog.pg_class JOIN pg_catalog.pg_namespace ON pg_catalog.pg_namespace.oid = pg_catalog.pg_class.relnamespace 
WHERE pg_catalog.pg_class.relname = %(table_name)s AND pg_catalog.pg_class.relkind = ANY (ARRAY[%(param_1)s, %(param_2)s, %(param_3)s, %(param_4)s, %(param_5)s]) AND pg_catalog.pg_table_is_visible(pg_catalog.pg_class.oid) AND pg_catalog.pg_namespace.nspname != %(nspname_1)s
INFO:sqlalchemy.engine.Engine:SELECT pg_catalog.pg_class.relname 
FROM pg_catalog.pg_class JOIN pg_catalog.pg_namespace ON pg_catalog.pg_namespace.oid = pg_catalog.pg_class.relnamespace 
WHERE pg_catalog.pg_class.relname = %(table_name)s AND pg_catalog.pg_class.relkind = ANY (ARRAY[%(param_1)s, %(param_2)s, %(param_3)s, %(param_4)s, %(param_5)s]) AND pg_catalog.pg_table_is_visible(pg_catalog.pg_class.oid) AND pg_catalog.pg_namespace.nspname != %(nspname_1)s
INFO:sqlalchemy.engine.Engine:[cached since 0.02458s ago] {'table_name': 'documents', 'param_1': 'r', 'param_2': 'p', 'param_3': 'f', 'param_4': 'v', 'param_5': 'm', 'nspname_1': 'pg_catalog'}
DEBUG:app.db.session:Query eseguita in 0.01 secondi: SELECT pg_catalog.pg_class.relname 
FROM pg_catalog.pg_class JOIN pg_catalog.pg_namespace ON pg_catalog.pg_namespace.oid = pg_catalog.pg_class.relnamespace 
WHERE pg_catalog.pg_class.relname = %(table_name)s AND pg_catalog.pg_class.relkind = ANY (ARRAY[%(param_1)s, %(param_2)s, %(param_3)s, %(param_4)s, %(param_5)s]) AND pg_catalog.pg_table_is_visible(pg_catalog.pg_class.oid) AND pg_catalog.pg_namespace.nspname != %(nspname_1)s
INFO:sqlalchemy.engine.Engine:SELECT pg_catalog.pg_class.relname 
FROM pg_catalog.pg_class JOIN pg_catalog.pg_namespace ON pg_catalog.pg_namespace.oid = pg_catalog.pg_class.relnamespace 
WHERE pg_catalog.pg_class.relname = %(table_name)s AND pg_catalog.pg_class.relkind = ANY (ARRAY[%(param_1)s, %(param_2)s, %(param_3)s, %(param_4)s, %(param_5)s]) AND pg_catalog.pg_table_is_visible(pg_catalog.pg_class.oid) AND pg_catalog.pg_namespace.nspname != %(nspname_1)s
INFO:sqlalchemy.engine.Engine:[cached since 0.03038s ago] {'table_name': 'document_versions', 'param_1': 'r', 'param_2': 'p', 'param_3': 'f', 'param_4': 'v', 'param_5': 'm', 'nspname_1': 'pg_catalog'}
DEBUG:app.db.session:Query eseguita in 0.01 secondi: SELECT pg_catalog.pg_class.relname 
FROM pg_catalog.pg_class JOIN pg_catalog.pg_namespace ON pg_catalog.pg_namespace.oid = pg_catalog.pg_class.relnamespace 
WHERE pg_catalog.pg_class.relname = %(table_name)s AND pg_catalog.pg_class.relkind = ANY (ARRAY[%(param_1)s, %(param_2)s, %(param_3)s, %(param_4)s, %(param_5)s]) AND pg_catalog.pg_table_is_visible(pg_catalog.pg_class.oid) AND pg_catalog.pg_namespace.nspname != %(nspname_1)s
INFO:sqlalchemy.engine.Engine:SELECT pg_catalog.pg_class.relname 
FROM pg_catalog.pg_class JOIN pg_catalog.pg_namespace ON pg_catalog.pg_namespace.oid = pg_catalog.pg_class.relnamespace 
WHERE pg_catalog.pg_class.relname = %(table_name)s AND pg_catalog.pg_class.relkind = ANY (ARRAY[%(param_1)s, %(param_2)s, %(param_3)s, %(param_4)s, %(param_5)s]) AND pg_catalog.pg_table_is_visible(pg_catalog.pg_class.oid) AND pg_catalog.pg_namespace.nspname != %(nspname_1)s
INFO:sqlalchemy.engine.Engine:[cached since 0.04204s ago] {'table_name': 'houses', 'param_1': 'r', 'param_2': 'p', 'param_3': 'f', 'param_4': 'v', 'param_5': 'm', 'nspname_1': 'pg_catalog'}
DEBUG:app.db.session:Query eseguita in 0.00 secondi: SELECT pg_catalog.pg_class.relname 
FROM pg_catalog.pg_class JOIN pg_catalog.pg_namespace ON pg_catalog.pg_namespace.oid = pg_catalog.pg_class.relnamespace 
WHERE pg_catalog.pg_class.relname = %(table_name)s AND pg_catalog.pg_class.relkind = ANY (ARRAY[%(param_1)s, %(param_2)s, %(param_3)s, %(param_4)s, %(param_5)s]) AND pg_catalog.pg_table_is_visible(pg_catalog.pg_class.oid) AND pg_catalog.pg_namespace.nspname != %(nspname_1)s
INFO:sqlalchemy.engine.Engine:SELECT pg_catalog.pg_class.relname 
FROM pg_catalog.pg_class JOIN pg_catalog.pg_namespace ON pg_catalog.pg_namespace.oid = pg_catalog.pg_class.relnamespace 
WHERE pg_catalog.pg_class.relname = %(table_name)s AND pg_catalog.pg_class.relkind = ANY (ARRAY[%(param_1)s, %(param_2)s, %(param_3)s, %(param_4)s, %(param_5)s]) AND pg_catalog.pg_table_is_visible(pg_catalog.pg_class.oid) AND pg_catalog.pg_namespace.nspname != %(nspname_1)s
INFO:sqlalchemy.engine.Engine:[cached since 0.04895s ago] {'table_name': 'nodes', 'param_1': 'r', 'param_2': 'p', 'param_3': 'f', 'param_4': 'v', 'param_5': 'm', 'nspname_1': 'pg_catalog'}
DEBUG:app.db.session:Query eseguita in 0.01 secondi: SELECT pg_catalog.pg_class.relname 
FROM pg_catalog.pg_class JOIN pg_catalog.pg_namespace ON pg_catalog.pg_namespace.oid = pg_catalog.pg_class.relnamespace 
WHERE pg_catalog.pg_class.relname = %(table_name)s AND pg_catalog.pg_class.relkind = ANY (ARRAY[%(param_1)s, %(param_2)s, %(param_3)s, %(param_4)s, %(param_5)s]) AND pg_catalog.pg_table_is_visible(pg_catalog.pg_class.oid) AND pg_catalog.pg_namespace.nspname != %(nspname_1)s
INFO:sqlalchemy.engine.Engine:SELECT pg_catalog.pg_class.relname 
FROM pg_catalog.pg_class JOIN pg_catalog.pg_namespace ON pg_catalog.pg_namespace.oid = pg_catalog.pg_class.relnamespace 
WHERE pg_catalog.pg_class.relname = %(table_name)s AND pg_catalog.pg_class.relkind = ANY (ARRAY[%(param_1)s, %(param_2)s, %(param_3)s, %(param_4)s, %(param_5)s]) AND pg_catalog.pg_table_is_visible(pg_catalog.pg_class.oid) AND pg_catalog.pg_namespace.nspname != %(nspname_1)s
INFO:sqlalchemy.engine.Engine:[cached since 0.05974s ago] {'table_name': 'rooms', 'param_1': 'r', 'param_2': 'p', 'param_3': 'f', 'param_4': 'v', 'param_5': 'm', 'nspname_1': 'pg_catalog'}
DEBUG:app.db.session:Query eseguita in 0.01 secondi: SELECT pg_catalog.pg_class.relname 
FROM pg_catalog.pg_class JOIN pg_catalog.pg_namespace ON pg_catalog.pg_namespace.oid = pg_catalog.pg_class.relnamespace 
WHERE pg_catalog.pg_class.relname = %(table_name)s AND pg_catalog.pg_class.relkind = ANY (ARRAY[%(param_1)s, %(param_2)s, %(param_3)s, %(param_4)s, %(param_5)s]) AND pg_catalog.pg_table_is_visible(pg_catalog.pg_class.oid) AND pg_catalog.pg_namespace.nspname != %(nspname_1)s
INFO:sqlalchemy.engine.Engine:SELECT pg_catalog.pg_class.relname 
FROM pg_catalog.pg_class JOIN pg_catalog.pg_namespace ON pg_catalog.pg_namespace.oid = pg_catalog.pg_class.relnamespace 
WHERE pg_catalog.pg_class.relname = %(table_name)s AND pg_catalog.pg_class.relkind = ANY (ARRAY[%(param_1)s, %(param_2)s, %(param_3)s, %(param_4)s, %(param_5)s]) AND pg_catalog.pg_table_is_visible(pg_catalog.pg_class.oid) AND pg_catalog.pg_namespace.nspname != %(nspname_1)s
INFO:sqlalchemy.engine.Engine:[cached since 0.06713s ago] {'table_name': 'bookings', 'param_1': 'r', 'param_2': 'p', 'param_3': 'f', 'param_4': 'v', 'param_5': 'm', 'nspname_1': 'pg_catalog'}
DEBUG:app.db.session:Query eseguita in 0.01 secondi: SELECT pg_catalog.pg_class.relname 
FROM pg_catalog.pg_class JOIN pg_catalog.pg_namespace ON pg_catalog.pg_namespace.oid = pg_catalog.pg_class.relnamespace 
WHERE pg_catalog.pg_class.relname = %(table_name)s AND pg_catalog.pg_class.relkind = ANY (ARRAY[%(param_1)s, %(param_2)s, %(param_3)s, %(param_4)s, %(param_5)s]) AND pg_catalog.pg_table_is_visible(pg_catalog.pg_class.oid) AND pg_catalog.pg_namespace.nspname != %(nspname_1)s
INFO:sqlalchemy.engine.Engine:SELECT pg_catalog.pg_class.relname 
FROM pg_catalog.pg_class JOIN pg_catalog.pg_namespace ON pg_catalog.pg_namespace.oid = pg_catalog.pg_class.relnamespace 
WHERE pg_catalog.pg_class.relname = %(table_name)s AND pg_catalog.pg_class.relkind = ANY (ARRAY[%(param_1)s, %(param_2)s, %(param_3)s, %(param_4)s, %(param_5)s]) AND pg_catalog.pg_table_is_visible(pg_catalog.pg_class.oid) AND pg_catalog.pg_namespace.nspname != %(nspname_1)s
INFO:sqlalchemy.engine.Engine:[cached since 0.07645s ago] {'table_name': 'maintenance_records', 'param_1': 'r', 'param_2': 'p', 'param_3': 'f', 'param_4': 'v', 'param_5': 'm', 'nspname_1': 'pg_catalog'}
DEBUG:app.db.session:Query eseguita in 0.00 secondi: SELECT pg_catalog.pg_class.relname 
FROM pg_catalog.pg_class JOIN pg_catalog.pg_namespace ON pg_catalog.pg_namespace.oid = pg_catalog.pg_class.relnamespace 
WHERE pg_catalog.pg_class.relname = %(table_name)s AND pg_catalog.pg_class.relkind = ANY (ARRAY[%(param_1)s, %(param_2)s, %(param_3)s, %(param_4)s, %(param_5)s]) AND pg_catalog.pg_table_is_visible(pg_catalog.pg_class.oid) AND pg_catalog.pg_namespace.nspname != %(nspname_1)s
INFO:sqlalchemy.engine.Engine:SELECT pg_catalog.pg_type.typname 
FROM pg_catalog.pg_type JOIN pg_catalog.pg_namespace ON pg_catalog.pg_namespace.oid = pg_catalog.pg_type.typnamespace 
WHERE pg_catalog.pg_type.typname = %(typname_1)s AND pg_catalog.pg_type_is_visible(pg_catalog.pg_type.oid) AND pg_catalog.pg_namespace.nspname != %(nspname_1)s
INFO:sqlalchemy.engine.Engine:[generated in 0.00104s] {'typname_1': 'maintenancetype', 'nspname_1': 'pg_catalog'}
DEBUG:app.db.session:Query eseguita in 0.01 secondi: SELECT pg_catalog.pg_type.typname 
FROM pg_catalog.pg_type JOIN pg_catalog.pg_namespace ON pg_catalog.pg_namespace.oid = pg_catalog.pg_type.typnamespace 
WHERE pg_catalog.pg_type.typname = %(typname_1)s AND pg_catalog.pg_type_is_visible(pg_catalog.pg_type.oid) AND pg_catalog.pg_namespace.nspname != %(nspname_1)s
INFO:sqlalchemy.engine.Engine:CREATE TYPE maintenancetype AS ENUM ('ROUTINE', 'PREVENTIVE', 'CORRECTIVE', 'EMERGENCY', 'INSPECTION')
INFO:sqlalchemy.engine.Engine:[no key 0.00467s] {}
DEBUG:app.db.session:Query eseguita in 0.01 secondi: CREATE TYPE maintenancetype AS ENUM ('ROUTINE', 'PREVENTIVE', 'CORRECTIVE', 'EMERGENCY', 'INSPECTION')
INFO:sqlalchemy.engine.Engine:SELECT pg_catalog.pg_type.typname 
FROM pg_catalog.pg_type JOIN pg_catalog.pg_namespace ON pg_catalog.pg_namespace.oid = pg_catalog.pg_type.typnamespace 
WHERE pg_catalog.pg_type.typname = %(typname_1)s AND pg_catalog.pg_type_is_visible(pg_catalog.pg_type.oid) AND pg_catalog.pg_namespace.nspname != %(nspname_1)s
INFO:sqlalchemy.engine.Engine:[cached since 0.02587s ago] {'typname_1': 'maintenancestatus', 'nspname_1': 'pg_catalog'}
DEBUG:app.db.session:Query eseguita in 0.01 secondi: SELECT pg_catalog.pg_type.typname 
FROM pg_catalog.pg_type JOIN pg_catalog.pg_namespace ON pg_catalog.pg_namespace.oid = pg_catalog.pg_type.typnamespace 
WHERE pg_catalog.pg_type.typname = %(typname_1)s AND pg_catalog.pg_type_is_visible(pg_catalog.pg_type.oid) AND pg_catalog.pg_namespace.nspname != %(nspname_1)s
INFO:sqlalchemy.engine.Engine:CREATE TYPE maintenancestatus AS ENUM ('PENDING', 'COMPLETED', 'FAILED')
INFO:sqlalchemy.engine.Engine:[no key 0.00092s] {}
DEBUG:app.db.session:Query eseguita in 0.00 secondi: CREATE TYPE maintenancestatus AS ENUM ('PENDING', 'COMPLETED', 'FAILED')
INFO:sqlalchemy.engine.Engine:
CREATE TABLE houses (
	id SERIAL NOT NULL, 
	name VARCHAR NOT NULL, 
	address VARCHAR NOT NULL, 
	owner_id INTEGER NOT NULL, 
	created_at TIMESTAMP WITHOUT TIME ZONE NOT NULL, 
	updated_at TIMESTAMP WITHOUT TIME ZONE NOT NULL, 
	PRIMARY KEY (id), 
	FOREIGN KEY(owner_id) REFERENCES "user" (id)
)


INFO:sqlalchemy.engine.Engine:[no key 0.00095s] {}
DEBUG:app.db.session:Query eseguita in 0.03 secondi: 
CREATE TABLE houses (
	id SERIAL NOT NULL, 
	name VARCHAR NOT NULL, 
	address VARCHAR NOT NULL, 
	owner_id INTEGER NOT NULL, 
	created_at TIMESTAMP WITHOUT TIME ZONE NOT NULL, 
	updated_at TIMESTAMP WITHOUT TIME ZONE NOT NULL, 
	PRIMARY KEY (id), 
	FOREIGN KEY(owner_id) REFERENCES "user" (id)
)


INFO:sqlalchemy.engine.Engine:CREATE INDEX ix_houses_name ON houses (name)
INFO:sqlalchemy.engine.Engine:[no key 0.00077s] {}
DEBUG:app.db.session:Query eseguita in 0.01 secondi: CREATE INDEX ix_houses_name ON houses (name)
INFO:sqlalchemy.engine.Engine:
CREATE TABLE rooms (
	id SERIAL NOT NULL, 
	name VARCHAR NOT NULL, 
	description VARCHAR, 
	floor INTEGER NOT NULL, 
	area FLOAT NOT NULL, 
	house_id INTEGER NOT NULL, 
	created_at TIMESTAMP WITHOUT TIME ZONE NOT NULL, 
	updated_at TIMESTAMP WITHOUT TIME ZONE NOT NULL, 
	PRIMARY KEY (id), 
	FOREIGN KEY(house_id) REFERENCES houses (id)
)


INFO:sqlalchemy.engine.Engine:[no key 0.00087s] {}
DEBUG:app.db.session:Query eseguita in 0.03 secondi: 
CREATE TABLE rooms (
	id SERIAL NOT NULL, 
	name VARCHAR NOT NULL, 
	description VARCHAR, 
	floor INTEGER NOT NULL, 
	area FLOAT NOT NULL, 
	house_id INTEGER NOT NULL, 
	created_at TIMESTAMP WITHOUT TIME ZONE NOT NULL, 
	updated_at TIMESTAMP WITHOUT TIME ZONE NOT NULL, 
	PRIMARY KEY (id), 
	FOREIGN KEY(house_id) REFERENCES houses (id)
)


INFO:sqlalchemy.engine.Engine:CREATE INDEX ix_rooms_name ON rooms (name)
INFO:sqlalchemy.engine.Engine:[no key 0.00209s] {}
DEBUG:app.db.session:Query eseguita in 0.01 secondi: CREATE INDEX ix_rooms_name ON rooms (name)
INFO:sqlalchemy.engine.Engine:
CREATE TABLE nodes (
	id SERIAL NOT NULL, 
	name VARCHAR NOT NULL, 
	description VARCHAR, 
	nfc_id VARCHAR NOT NULL, 
	house_id INTEGER NOT NULL, 
	room_id INTEGER, 
	PRIMARY KEY (id), 
	FOREIGN KEY(house_id) REFERENCES houses (id), 
	FOREIGN KEY(room_id) REFERENCES rooms (id)
)


INFO:sqlalchemy.engine.Engine:[no key 0.00301s] {}
DEBUG:app.db.session:Query eseguita in 0.03 secondi: 
CREATE TABLE nodes (
	id SERIAL NOT NULL, 
	name VARCHAR NOT NULL, 
	description VARCHAR, 
	nfc_id VARCHAR NOT NULL, 
	house_id INTEGER NOT NULL, 
	room_id INTEGER, 
	PRIMARY KEY (id), 
	FOREIGN KEY(house_id) REFERENCES houses (id), 
	FOREIGN KEY(room_id) REFERENCES rooms (id)
)


INFO:sqlalchemy.engine.Engine:CREATE UNIQUE INDEX ix_nodes_nfc_id ON nodes (nfc_id)
INFO:sqlalchemy.engine.Engine:[no key 0.00211s] {}
DEBUG:app.db.session:Query eseguita in 0.01 secondi: CREATE UNIQUE INDEX ix_nodes_nfc_id ON nodes (nfc_id)
INFO:sqlalchemy.engine.Engine:
CREATE TABLE bookings (
	id SERIAL NOT NULL, 
	room_id INTEGER NOT NULL, 
	user_id INTEGER NOT NULL, 
	start_time TIMESTAMP WITHOUT TIME ZONE NOT NULL, 
	end_time TIMESTAMP WITHOUT TIME ZONE NOT NULL, 
	status VARCHAR NOT NULL, 
	notes VARCHAR, 
	created_at TIMESTAMP WITHOUT TIME ZONE NOT NULL, 
	updated_at TIMESTAMP WITHOUT TIME ZONE NOT NULL, 
	PRIMARY KEY (id), 
	FOREIGN KEY(room_id) REFERENCES rooms (id), 
	FOREIGN KEY(user_id) REFERENCES "user" (id)
)


INFO:sqlalchemy.engine.Engine:[no key 0.00252s] {}
DEBUG:app.db.session:Query eseguita in 0.03 secondi: 
CREATE TABLE bookings (
	id SERIAL NOT NULL, 
	room_id INTEGER NOT NULL, 
	user_id INTEGER NOT NULL, 
	start_time TIMESTAMP WITHOUT TIME ZONE NOT NULL, 
	end_time TIMESTAMP WITHOUT TIME ZONE NOT NULL, 
	status VARCHAR NOT NULL, 
	notes VARCHAR, 
	created_at TIMESTAMP WITHOUT TIME ZONE NOT NULL, 
	updated_at TIMESTAMP WITHOUT TIME ZONE NOT NULL, 
	PRIMARY KEY (id), 
	FOREIGN KEY(room_id) REFERENCES rooms (id), 
	FOREIGN KEY(user_id) REFERENCES "user" (id)
)


INFO:sqlalchemy.engine.Engine:
CREATE TABLE documents (
	id SERIAL NOT NULL, 
	created_at TIMESTAMP WITHOUT TIME ZONE NOT NULL, 
	updated_at TIMESTAMP WITHOUT TIME ZONE NOT NULL, 
	owner_id INTEGER NOT NULL, 
	name VARCHAR NOT NULL, 
	type VARCHAR NOT NULL, 
	size INTEGER NOT NULL, 
	upload_date TIMESTAMP WITHOUT TIME ZONE NOT NULL, 
	path VARCHAR NOT NULL, 
	checksum VARCHAR NOT NULL, 
	house_id INTEGER, 
	node_id INTEGER, 
	description VARCHAR, 
	PRIMARY KEY (id), 
	FOREIGN KEY(owner_id) REFERENCES "user" (id), 
	FOREIGN KEY(house_id) REFERENCES houses (id), 
	FOREIGN KEY(node_id) REFERENCES nodes (id)
)


INFO:sqlalchemy.engine.Engine:[no key 0.00083s] {}
DEBUG:app.db.session:Query eseguita in 0.03 secondi: 
CREATE TABLE documents (
	id SERIAL NOT NULL, 
	created_at TIMESTAMP WITHOUT TIME ZONE NOT NULL, 
	updated_at TIMESTAMP WITHOUT TIME ZONE NOT NULL, 
	owner_id INTEGER NOT NULL, 
	name VARCHAR NOT NULL, 
	type VARCHAR NOT NULL, 
	size INTEGER NOT NULL, 
	upload_date TIMESTAMP WITHOUT TIME ZONE NOT NULL, 
	path VARCHAR NOT NULL, 
	checksum VARCHAR NOT NULL, 
	house_id INTEGER, 
	node_id INTEGER, 
	description VARCHAR, 
	PRIMARY KEY (id), 
	FOREIGN KEY(owner_id) REFERENCES "user" (id), 
	FOREIGN KEY(house_id) REFERENCES houses (id), 
	FOREIGN KEY(node_id) REFERENCES nodes (id)
)


INFO:sqlalchemy.engine.Engine:CREATE INDEX ix_documents_owner_id ON documents (owner_id)
INFO:sqlalchemy.engine.Engine:[no key 0.00076s] {}
DEBUG:app.db.session:Query eseguita in 0.01 secondi: CREATE INDEX ix_documents_owner_id ON documents (owner_id)
INFO:sqlalchemy.engine.Engine:
CREATE TABLE document_versions (
	id SERIAL NOT NULL, 
	version_number INTEGER NOT NULL, 
	file_path VARCHAR NOT NULL, 
	file_size INTEGER NOT NULL, 
	checksum VARCHAR NOT NULL, 
	created_at TIMESTAMP WITHOUT TIME ZONE NOT NULL, 
	updated_at TIMESTAMP WITHOUT TIME ZONE NOT NULL, 
	document_id INTEGER NOT NULL, 
	created_by_id INTEGER, 
	PRIMARY KEY (id), 
	FOREIGN KEY(document_id) REFERENCES documents (id), 
	FOREIGN KEY(created_by_id) REFERENCES "user" (id)
)


INFO:sqlalchemy.engine.Engine:[no key 0.00085s] {}
DEBUG:app.db.session:Query eseguita in 0.03 secondi: 
CREATE TABLE document_versions (
	id SERIAL NOT NULL, 
	version_number INTEGER NOT NULL, 
	file_path VARCHAR NOT NULL, 
	file_size INTEGER NOT NULL, 
	checksum VARCHAR NOT NULL, 
	created_at TIMESTAMP WITHOUT TIME ZONE NOT NULL, 
	updated_at TIMESTAMP WITHOUT TIME ZONE NOT NULL, 
	document_id INTEGER NOT NULL, 
	created_by_id INTEGER, 
	PRIMARY KEY (id), 
	FOREIGN KEY(document_id) REFERENCES documents (id), 
	FOREIGN KEY(created_by_id) REFERENCES "user" (id)
)


INFO:sqlalchemy.engine.Engine:CREATE INDEX ix_document_versions_version_number ON document_versions (version_number)
INFO:sqlalchemy.engine.Engine:[no key 0.00076s] {}
DEBUG:app.db.session:Query eseguita in 0.01 secondi: CREATE INDEX ix_document_versions_version_number ON document_versions (version_number)
INFO:sqlalchemy.engine.Engine:CREATE INDEX ix_document_versions_created_by_id ON document_versions (created_by_id)
INFO:sqlalchemy.engine.Engine:[no key 0.00164s] {}
DEBUG:app.db.session:Query eseguita in 0.01 secondi: CREATE INDEX ix_document_versions_created_by_id ON document_versions (created_by_id)
INFO:sqlalchemy.engine.Engine:CREATE INDEX ix_document_versions_document_id ON document_versions (document_id)
INFO:sqlalchemy.engine.Engine:[no key 0.00412s] {}
DEBUG:app.db.session:Query eseguita in 0.01 secondi: CREATE INDEX ix_document_versions_document_id ON document_versions (document_id)
INFO:sqlalchemy.engine.Engine:
CREATE TABLE maintenance_records (
	id SERIAL NOT NULL, 
	node_id INTEGER NOT NULL, 
	timestamp TIMESTAMP WITHOUT TIME ZONE NOT NULL, 
	maintenance_type maintenancetype NOT NULL, 
	description VARCHAR NOT NULL, 
	status maintenancestatus NOT NULL, 
	notes VARCHAR, 
	document_id INTEGER, 
	PRIMARY KEY (id), 
	FOREIGN KEY(node_id) REFERENCES nodes (id), 
	FOREIGN KEY(document_id) REFERENCES documents (id)
)


INFO:sqlalchemy.engine.Engine:[no key 0.00121s] {}
DEBUG:app.db.session:Query eseguita in 0.04 secondi: 
CREATE TABLE maintenance_records (
	id SERIAL NOT NULL, 
	node_id INTEGER NOT NULL, 
	timestamp TIMESTAMP WITHOUT TIME ZONE NOT NULL, 
	maintenance_type maintenancetype NOT NULL, 
	description VARCHAR NOT NULL, 
	status maintenancestatus NOT NULL, 
	notes VARCHAR, 
	document_id INTEGER, 
	PRIMARY KEY (id), 
	FOREIGN KEY(node_id) REFERENCES nodes (id), 
	FOREIGN KEY(document_id) REFERENCES documents (id)
)


INFO:sqlalchemy.engine.Engine:CREATE INDEX ix_maintenance_records_node_id ON maintenance_records (node_id)
INFO:sqlalchemy.engine.Engine:[no key 0.00310s] {}
DEBUG:app.db.session:Query eseguita in 0.01 secondi: CREATE INDEX ix_maintenance_records_node_id ON maintenance_records (node_id)
INFO:sqlalchemy.engine.Engine:COMMIT
DEBUG:conftest:Test database tables created successfully
DEBUG:test_users:Setting up test database session...
INFO:sqlalchemy.engine.Engine:select pg_catalog.version()
INFO:sqlalchemy.engine.Engine:[raw sql] {}
INFO:sqlalchemy.engine.Engine:select current_schema()
INFO:sqlalchemy.engine.Engine:[raw sql] {}
INFO:sqlalchemy.engine.Engine:show standard_conforming_strings
INFO:sqlalchemy.engine.Engine:[raw sql] {}
INFO:sqlalchemy.engine.Engine:BEGIN (implicit)
INFO:sqlalchemy.engine.Engine:SELECT pg_catalog.pg_class.relname 
FROM pg_catalog.pg_class JOIN pg_catalog.pg_namespace ON pg_catalog.pg_namespace.oid = pg_catalog.pg_class.relnamespace 
WHERE pg_catalog.pg_class.relname = %(table_name)s AND pg_catalog.pg_class.relkind = ANY (ARRAY[%(param_1)s, %(param_2)s, %(param_3)s, %(param_4)s, %(param_5)s]) AND pg_catalog.pg_table_is_visible(pg_catalog.pg_class.oid) AND pg_catalog.pg_namespace.nspname != %(nspname_1)s
INFO:sqlalchemy.engine.Engine:[generated in 0.00548s] {'table_name': 'user', 'param_1': 'r', 'param_2': 'p', 'param_3': 'f', 'param_4': 'v', 'param_5': 'm', 'nspname_1': 'pg_catalog'}
DEBUG:app.db.session:Query eseguita in 0.01 secondi: SELECT pg_catalog.pg_class.relname 
FROM pg_catalog.pg_class JOIN pg_catalog.pg_namespace ON pg_catalog.pg_namespace.oid = pg_catalog.pg_class.relnamespace 
WHERE pg_catalog.pg_class.relname = %(table_name)s AND pg_catalog.pg_class.relkind = ANY (ARRAY[%(param_1)s, %(param_2)s, %(param_3)s, %(param_4)s, %(param_5)s]) AND pg_catalog.pg_table_is_visible(pg_catalog.pg_class.oid) AND pg_catalog.pg_namespace.nspname != %(nspname_1)s
INFO:sqlalchemy.engine.Engine:SELECT pg_catalog.pg_class.relname 
FROM pg_catalog.pg_class JOIN pg_catalog.pg_namespace ON pg_catalog.pg_namespace.oid = pg_catalog.pg_class.relnamespace 
WHERE pg_catalog.pg_class.relname = %(table_name)s AND pg_catalog.pg_class.relkind = ANY (ARRAY[%(param_1)s, %(param_2)s, %(param_3)s, %(param_4)s, %(param_5)s]) AND pg_catalog.pg_table_is_visible(pg_catalog.pg_class.oid) AND pg_catalog.pg_namespace.nspname != %(nspname_1)s
INFO:sqlalchemy.engine.Engine:[cached since 0.02323s ago] {'table_name': 'documents', 'param_1': 'r', 'param_2': 'p', 'param_3': 'f', 'param_4': 'v', 'param_5': 'm', 'nspname_1': 'pg_catalog'}
DEBUG:app.db.session:Query eseguita in 0.01 secondi: SELECT pg_catalog.pg_class.relname 
FROM pg_catalog.pg_class JOIN pg_catalog.pg_namespace ON pg_catalog.pg_namespace.oid = pg_catalog.pg_class.relnamespace 
WHERE pg_catalog.pg_class.relname = %(table_name)s AND pg_catalog.pg_class.relkind = ANY (ARRAY[%(param_1)s, %(param_2)s, %(param_3)s, %(param_4)s, %(param_5)s]) AND pg_catalog.pg_table_is_visible(pg_catalog.pg_class.oid) AND pg_catalog.pg_namespace.nspname != %(nspname_1)s
INFO:sqlalchemy.engine.Engine:SELECT pg_catalog.pg_class.relname 
FROM pg_catalog.pg_class JOIN pg_catalog.pg_namespace ON pg_catalog.pg_namespace.oid = pg_catalog.pg_class.relnamespace 
WHERE pg_catalog.pg_class.relname = %(table_name)s AND pg_catalog.pg_class.relkind = ANY (ARRAY[%(param_1)s, %(param_2)s, %(param_3)s, %(param_4)s, %(param_5)s]) AND pg_catalog.pg_table_is_visible(pg_catalog.pg_class.oid) AND pg_catalog.pg_namespace.nspname != %(nspname_1)s
INFO:sqlalchemy.engine.Engine:[cached since 0.03083s ago] {'table_name': 'document_versions', 'param_1': 'r', 'param_2': 'p', 'param_3': 'f', 'param_4': 'v', 'param_5': 'm', 'nspname_1': 'pg_catalog'}
DEBUG:app.db.session:Query eseguita in 0.01 secondi: SELECT pg_catalog.pg_class.relname 
FROM pg_catalog.pg_class JOIN pg_catalog.pg_namespace ON pg_catalog.pg_namespace.oid = pg_catalog.pg_class.relnamespace 
WHERE pg_catalog.pg_class.relname = %(table_name)s AND pg_catalog.pg_class.relkind = ANY (ARRAY[%(param_1)s, %(param_2)s, %(param_3)s, %(param_4)s, %(param_5)s]) AND pg_catalog.pg_table_is_visible(pg_catalog.pg_class.oid) AND pg_catalog.pg_namespace.nspname != %(nspname_1)s
INFO:sqlalchemy.engine.Engine:SELECT pg_catalog.pg_class.relname 
FROM pg_catalog.pg_class JOIN pg_catalog.pg_namespace ON pg_catalog.pg_namespace.oid = pg_catalog.pg_class.relnamespace 
WHERE pg_catalog.pg_class.relname = %(table_name)s AND pg_catalog.pg_class.relkind = ANY (ARRAY[%(param_1)s, %(param_2)s, %(param_3)s, %(param_4)s, %(param_5)s]) AND pg_catalog.pg_table_is_visible(pg_catalog.pg_class.oid) AND pg_catalog.pg_namespace.nspname != %(nspname_1)s
INFO:sqlalchemy.engine.Engine:[cached since 0.04192s ago] {'table_name': 'houses', 'param_1': 'r', 'param_2': 'p', 'param_3': 'f', 'param_4': 'v', 'param_5': 'm', 'nspname_1': 'pg_catalog'}
DEBUG:app.db.session:Query eseguita in 0.02 secondi: SELECT pg_catalog.pg_class.relname 
FROM pg_catalog.pg_class JOIN pg_catalog.pg_namespace ON pg_catalog.pg_namespace.oid = pg_catalog.pg_class.relnamespace 
WHERE pg_catalog.pg_class.relname = %(table_name)s AND pg_catalog.pg_class.relkind = ANY (ARRAY[%(param_1)s, %(param_2)s, %(param_3)s, %(param_4)s, %(param_5)s]) AND pg_catalog.pg_table_is_visible(pg_catalog.pg_class.oid) AND pg_catalog.pg_namespace.nspname != %(nspname_1)s
INFO:sqlalchemy.engine.Engine:SELECT pg_catalog.pg_class.relname 
FROM pg_catalog.pg_class JOIN pg_catalog.pg_namespace ON pg_catalog.pg_namespace.oid = pg_catalog.pg_class.relnamespace 
WHERE pg_catalog.pg_class.relname = %(table_name)s AND pg_catalog.pg_class.relkind = ANY (ARRAY[%(param_1)s, %(param_2)s, %(param_3)s, %(param_4)s, %(param_5)s]) AND pg_catalog.pg_table_is_visible(pg_catalog.pg_class.oid) AND pg_catalog.pg_namespace.nspname != %(nspname_1)s
INFO:sqlalchemy.engine.Engine:[cached since 0.0581s ago] {'table_name': 'nodes', 'param_1': 'r', 'param_2': 'p', 'param_3': 'f', 'param_4': 'v', 'param_5': 'm', 'nspname_1': 'pg_catalog'}
DEBUG:app.db.session:Query eseguita in 0.01 secondi: SELECT pg_catalog.pg_class.relname 
FROM pg_catalog.pg_class JOIN pg_catalog.pg_namespace ON pg_catalog.pg_namespace.oid = pg_catalog.pg_class.relnamespace 
WHERE pg_catalog.pg_class.relname = %(table_name)s AND pg_catalog.pg_class.relkind = ANY (ARRAY[%(param_1)s, %(param_2)s, %(param_3)s, %(param_4)s, %(param_5)s]) AND pg_catalog.pg_table_is_visible(pg_catalog.pg_class.oid) AND pg_catalog.pg_namespace.nspname != %(nspname_1)s
INFO:sqlalchemy.engine.Engine:SELECT pg_catalog.pg_class.relname 
FROM pg_catalog.pg_class JOIN pg_catalog.pg_namespace ON pg_catalog.pg_namespace.oid = pg_catalog.pg_class.relnamespace 
WHERE pg_catalog.pg_class.relname = %(table_name)s AND pg_catalog.pg_class.relkind = ANY (ARRAY[%(param_1)s, %(param_2)s, %(param_3)s, %(param_4)s, %(param_5)s]) AND pg_catalog.pg_table_is_visible(pg_catalog.pg_class.oid) AND pg_catalog.pg_namespace.nspname != %(nspname_1)s
INFO:sqlalchemy.engine.Engine:[cached since 0.06698s ago] {'table_name': 'rooms', 'param_1': 'r', 'param_2': 'p', 'param_3': 'f', 'param_4': 'v', 'param_5': 'm', 'nspname_1': 'pg_catalog'}
DEBUG:app.db.session:Query eseguita in 0.01 secondi: SELECT pg_catalog.pg_class.relname 
FROM pg_catalog.pg_class JOIN pg_catalog.pg_namespace ON pg_catalog.pg_namespace.oid = pg_catalog.pg_class.relnamespace 
WHERE pg_catalog.pg_class.relname = %(table_name)s AND pg_catalog.pg_class.relkind = ANY (ARRAY[%(param_1)s, %(param_2)s, %(param_3)s, %(param_4)s, %(param_5)s]) AND pg_catalog.pg_table_is_visible(pg_catalog.pg_class.oid) AND pg_catalog.pg_namespace.nspname != %(nspname_1)s
INFO:sqlalchemy.engine.Engine:SELECT pg_catalog.pg_class.relname 
FROM pg_catalog.pg_class JOIN pg_catalog.pg_namespace ON pg_catalog.pg_namespace.oid = pg_catalog.pg_class.relnamespace 
WHERE pg_catalog.pg_class.relname = %(table_name)s AND pg_catalog.pg_class.relkind = ANY (ARRAY[%(param_1)s, %(param_2)s, %(param_3)s, %(param_4)s, %(param_5)s]) AND pg_catalog.pg_table_is_visible(pg_catalog.pg_class.oid) AND pg_catalog.pg_namespace.nspname != %(nspname_1)s
INFO:sqlalchemy.engine.Engine:[cached since 0.07676s ago] {'table_name': 'bookings', 'param_1': 'r', 'param_2': 'p', 'param_3': 'f', 'param_4': 'v', 'param_5': 'm', 'nspname_1': 'pg_catalog'}
DEBUG:app.db.session:Query eseguita in 0.01 secondi: SELECT pg_catalog.pg_class.relname 
FROM pg_catalog.pg_class JOIN pg_catalog.pg_namespace ON pg_catalog.pg_namespace.oid = pg_catalog.pg_class.relnamespace 
WHERE pg_catalog.pg_class.relname = %(table_name)s AND pg_catalog.pg_class.relkind = ANY (ARRAY[%(param_1)s, %(param_2)s, %(param_3)s, %(param_4)s, %(param_5)s]) AND pg_catalog.pg_table_is_visible(pg_catalog.pg_class.oid) AND pg_catalog.pg_namespace.nspname != %(nspname_1)s
INFO:sqlalchemy.engine.Engine:SELECT pg_catalog.pg_class.relname 
FROM pg_catalog.pg_class JOIN pg_catalog.pg_namespace ON pg_catalog.pg_namespace.oid = pg_catalog.pg_class.relnamespace 
WHERE pg_catalog.pg_class.relname = %(table_name)s AND pg_catalog.pg_class.relkind = ANY (ARRAY[%(param_1)s, %(param_2)s, %(param_3)s, %(param_4)s, %(param_5)s]) AND pg_catalog.pg_table_is_visible(pg_catalog.pg_class.oid) AND pg_catalog.pg_namespace.nspname != %(nspname_1)s
INFO:sqlalchemy.engine.Engine:[cached since 0.0897s ago] {'table_name': 'maintenance_records', 'param_1': 'r', 'param_2': 'p', 'param_3': 'f', 'param_4': 'v', 'param_5': 'm', 'nspname_1': 'pg_catalog'}
DEBUG:app.db.session:Query eseguita in 0.00 secondi: SELECT pg_catalog.pg_class.relname 
FROM pg_catalog.pg_class JOIN pg_catalog.pg_namespace ON pg_catalog.pg_namespace.oid = pg_catalog.pg_class.relnamespace 
WHERE pg_catalog.pg_class.relname = %(table_name)s AND pg_catalog.pg_class.relkind = ANY (ARRAY[%(param_1)s, %(param_2)s, %(param_3)s, %(param_4)s, %(param_5)s]) AND pg_catalog.pg_table_is_visible(pg_catalog.pg_class.oid) AND pg_catalog.pg_namespace.nspname != %(nspname_1)s
INFO:sqlalchemy.engine.Engine:SELECT pg_catalog.pg_type.typname 
FROM pg_catalog.pg_type JOIN pg_catalog.pg_namespace ON pg_catalog.pg_namespace.oid = pg_catalog.pg_type.typnamespace 
WHERE pg_catalog.pg_type.typname = %(typname_1)s AND pg_catalog.pg_type_is_visible(pg_catalog.pg_type.oid) AND pg_catalog.pg_namespace.nspname != %(nspname_1)s
INFO:sqlalchemy.engine.Engine:[generated in 0.00222s] {'typname_1': 'maintenancetype', 'nspname_1': 'pg_catalog'}
DEBUG:app.db.session:Query eseguita in 0.00 secondi: SELECT pg_catalog.pg_type.typname 
FROM pg_catalog.pg_type JOIN pg_catalog.pg_namespace ON pg_catalog.pg_namespace.oid = pg_catalog.pg_type.typnamespace 
WHERE pg_catalog.pg_type.typname = %(typname_1)s AND pg_catalog.pg_type_is_visible(pg_catalog.pg_type.oid) AND pg_catalog.pg_namespace.nspname != %(nspname_1)s
INFO:sqlalchemy.engine.Engine:SELECT pg_catalog.pg_type.typname 
FROM pg_catalog.pg_type JOIN pg_catalog.pg_namespace ON pg_catalog.pg_namespace.oid = pg_catalog.pg_type.typnamespace 
WHERE pg_catalog.pg_type.typname = %(typname_1)s AND pg_catalog.pg_type_is_visible(pg_catalog.pg_type.oid) AND pg_catalog.pg_namespace.nspname != %(nspname_1)s
INFO:sqlalchemy.engine.Engine:[cached since 0.01343s ago] {'typname_1': 'maintenancestatus', 'nspname_1': 'pg_catalog'}
DEBUG:app.db.session:Query eseguita in 0.01 secondi: SELECT pg_catalog.pg_type.typname 
FROM pg_catalog.pg_type JOIN pg_catalog.pg_namespace ON pg_catalog.pg_namespace.oid = pg_catalog.pg_type.typnamespace 
WHERE pg_catalog.pg_type.typname = %(typname_1)s AND pg_catalog.pg_type_is_visible(pg_catalog.pg_type.oid) AND pg_catalog.pg_namespace.nspname != %(nspname_1)s
INFO:sqlalchemy.engine.Engine:COMMIT
DEBUG:test_users:Test database tables created successfully
DEBUG:test_users:Test database session created successfully
DEBUG:conftest:Overriding get_session for tests...
DEBUG:tests.conftest_redis:Setting up FakeRedis for tests...
DEBUG:app.core.redis:Connessione Redis stabilita con successo
WARNING:passlib.handlers.bcrypt:(trapped) error reading bcrypt version
Traceback (most recent call last):
  File "C:\Users\flavi\Eterna-Home\venv\Lib\site-packages\passlib\handlers\bcrypt.py", line 620, in _load_backend_mixin
    version = _bcrypt.__about__.__version__
              ^^^^^^^^^^^^^^^^^
AttributeError: module 'bcrypt' has no attribute '__about__'
DEBUG:passlib.handlers.bcrypt:detected 'bcrypt' backend, version '<unknown>'
DEBUG:passlib.handlers.bcrypt:'bcrypt' backend lacks $2$ support, enabling workaround
----------------------------- Captured log setup ------------------------------
DEBUG    conftest:conftest.py:54 Setting up test database...
DEBUG    conftest:conftest.py:57 Connecting to PostgreSQL...
DEBUG    conftest:conftest.py:68 Checking if database eterna_home_test exists...
DEBUG    conftest:conftest.py:77 Test database eterna_home_test already exists
DEBUG    conftest:conftest.py:80 Testing connection to test database...
DEBUG    conftest:conftest.py:91 Successfully connected to test database
DEBUG    conftest:conftest.py:139 Creating test engine...
DEBUG    conftest:conftest.py:148 Test engine created successfully
DEBUG    conftest:conftest.py:174 Creating test database tables...
INFO     sqlalchemy.engine.Engine:base.py:1842 select pg_catalog.version()
INFO     sqlalchemy.engine.Engine:base.py:1842 [raw sql] {}
INFO     sqlalchemy.engine.Engine:base.py:1842 select current_schema()
INFO     sqlalchemy.engine.Engine:base.py:1842 [raw sql] {}
INFO     sqlalchemy.engine.Engine:base.py:1842 show standard_conforming_strings
INFO     sqlalchemy.engine.Engine:base.py:1842 [raw sql] {}
INFO     sqlalchemy.engine.Engine:base.py:2698 BEGIN (implicit)
INFO     sqlalchemy.engine.Engine:base.py:1842 
                CREATE TABLE IF NOT EXISTS "user" (
                    id SERIAL PRIMARY KEY,
                    email VARCHAR NOT NULL UNIQUE,
                    username VARCHAR NOT NULL UNIQUE,
                    hashed_password VARCHAR NOT NULL,
                    is_active BOOLEAN DEFAULT TRUE,
                    is_superuser BOOLEAN DEFAULT FALSE,
                    is_verified BOOLEAN DEFAULT FALSE,
                    created_at TIMESTAMP WITHOUT TIME ZONE DEFAULT NOW(),
                    updated_at TIMESTAMP WITHOUT TIME ZONE DEFAULT NOW(),
                    last_login TIMESTAMP WITH TIME ZONE,
                    full_name VARCHAR(255),
                    phone_number VARCHAR(20)
                )
            
INFO     sqlalchemy.engine.Engine:base.py:1842 [generated in 0.00386s] {}
DEBUG    app.db.session:session.py:30 Query eseguita in 0.08 secondi: 
                CREATE TABLE IF NOT EXISTS "user" (
                    id SERIAL PRIMARY KEY,
                    email VARCHAR NOT NULL UNIQUE,
                    username VARCHAR NOT NULL UNIQUE,
                    hashed_password VARCHAR NOT NULL,
                    is_active BOOLEAN DEFAULT TRUE,
                    is_superuser BOOLEAN DEFAULT FALSE,
                    is_verified BOOLEAN DEFAULT FALSE,
                    created_at TIMESTAMP WITHOUT TIME ZONE DEFAULT NOW(),
                    updated_at TIMESTAMP WITHOUT TIME ZONE DEFAULT NOW(),
                    last_login TIMESTAMP WITH TIME ZONE,
                    full_name VARCHAR(255),
                    phone_number VARCHAR(20)
                )
            
INFO     sqlalchemy.engine.Engine:base.py:2704 COMMIT
DEBUG    conftest:conftest.py:198 User table created manually
INFO     sqlalchemy.engine.Engine:base.py:2698 BEGIN (implicit)
INFO     sqlalchemy.engine.Engine:base.py:1842 SELECT pg_catalog.pg_class.relname 
FROM pg_catalog.pg_class JOIN pg_catalog.pg_namespace ON pg_catalog.pg_namespace.oid = pg_catalog.pg_class.relnamespace 
WHERE pg_catalog.pg_class.relname = %(table_name)s AND pg_catalog.pg_class.relkind = ANY (ARRAY[%(param_1)s, %(param_2)s, %(param_3)s, %(param_4)s, %(param_5)s]) AND pg_catalog.pg_table_is_visible(pg_catalog.pg_class.oid) AND pg_catalog.pg_namespace.nspname != %(nspname_1)s
INFO     sqlalchemy.engine.Engine:base.py:1842 [generated in 0.00425s] {'table_name': 'user', 'param_1': 'r', 'param_2': 'p', 'param_3': 'f', 'param_4': 'v', 'param_5': 'm', 'nspname_1': 'pg_catalog'}
DEBUG    app.db.session:session.py:30 Query eseguita in 0.02 secondi: SELECT pg_catalog.pg_class.relname 
FROM pg_catalog.pg_class JOIN pg_catalog.pg_namespace ON pg_catalog.pg_namespace.oid = pg_catalog.pg_class.relnamespace 
WHERE pg_catalog.pg_class.relname = %(table_name)s AND pg_catalog.pg_class.relkind = ANY (ARRAY[%(param_1)s, %(param_2)s, %(param_3)s, %(param_4)s, %(param_5)s]) AND pg_catalog.pg_table_is_visible(pg_catalog.pg_class.oid) AND pg_catalog.pg_namespace.nspname != %(nspname_1)s
INFO     sqlalchemy.engine.Engine:base.py:1842 SELECT pg_catalog.pg_class.relname 
FROM pg_catalog.pg_class JOIN pg_catalog.pg_namespace ON pg_catalog.pg_namespace.oid = pg_catalog.pg_class.relnamespace 
WHERE pg_catalog.pg_class.relname = %(table_name)s AND pg_catalog.pg_class.relkind = ANY (ARRAY[%(param_1)s, %(param_2)s, %(param_3)s, %(param_4)s, %(param_5)s]) AND pg_catalog.pg_table_is_visible(pg_catalog.pg_class.oid) AND pg_catalog.pg_namespace.nspname != %(nspname_1)s
INFO     sqlalchemy.engine.Engine:base.py:1842 [cached since 0.02458s ago] {'table_name': 'documents', 'param_1': 'r', 'param_2': 'p', 'param_3': 'f', 'param_4': 'v', 'param_5': 'm', 'nspname_1': 'pg_catalog'}
DEBUG    app.db.session:session.py:30 Query eseguita in 0.01 secondi: SELECT pg_catalog.pg_class.relname 
FROM pg_catalog.pg_class JOIN pg_catalog.pg_namespace ON pg_catalog.pg_namespace.oid = pg_catalog.pg_class.relnamespace 
WHERE pg_catalog.pg_class.relname = %(table_name)s AND pg_catalog.pg_class.relkind = ANY (ARRAY[%(param_1)s, %(param_2)s, %(param_3)s, %(param_4)s, %(param_5)s]) AND pg_catalog.pg_table_is_visible(pg_catalog.pg_class.oid) AND pg_catalog.pg_namespace.nspname != %(nspname_1)s
INFO     sqlalchemy.engine.Engine:base.py:1842 SELECT pg_catalog.pg_class.relname 
FROM pg_catalog.pg_class JOIN pg_catalog.pg_namespace ON pg_catalog.pg_namespace.oid = pg_catalog.pg_class.relnamespace 
WHERE pg_catalog.pg_class.relname = %(table_name)s AND pg_catalog.pg_class.relkind = ANY (ARRAY[%(param_1)s, %(param_2)s, %(param_3)s, %(param_4)s, %(param_5)s]) AND pg_catalog.pg_table_is_visible(pg_catalog.pg_class.oid) AND pg_catalog.pg_namespace.nspname != %(nspname_1)s
INFO     sqlalchemy.engine.Engine:base.py:1842 [cached since 0.03038s ago] {'table_name': 'document_versions', 'param_1': 'r', 'param_2': 'p', 'param_3': 'f', 'param_4': 'v', 'param_5': 'm', 'nspname_1': 'pg_catalog'}
DEBUG    app.db.session:session.py:30 Query eseguita in 0.01 secondi: SELECT pg_catalog.pg_class.relname 
FROM pg_catalog.pg_class JOIN pg_catalog.pg_namespace ON pg_catalog.pg_namespace.oid = pg_catalog.pg_class.relnamespace 
WHERE pg_catalog.pg_class.relname = %(table_name)s AND pg_catalog.pg_class.relkind = ANY (ARRAY[%(param_1)s, %(param_2)s, %(param_3)s, %(param_4)s, %(param_5)s]) AND pg_catalog.pg_table_is_visible(pg_catalog.pg_class.oid) AND pg_catalog.pg_namespace.nspname != %(nspname_1)s
INFO     sqlalchemy.engine.Engine:base.py:1842 SELECT pg_catalog.pg_class.relname 
FROM pg_catalog.pg_class JOIN pg_catalog.pg_namespace ON pg_catalog.pg_namespace.oid = pg_catalog.pg_class.relnamespace 
WHERE pg_catalog.pg_class.relname = %(table_name)s AND pg_catalog.pg_class.relkind = ANY (ARRAY[%(param_1)s, %(param_2)s, %(param_3)s, %(param_4)s, %(param_5)s]) AND pg_catalog.pg_table_is_visible(pg_catalog.pg_class.oid) AND pg_catalog.pg_namespace.nspname != %(nspname_1)s
INFO     sqlalchemy.engine.Engine:base.py:1842 [cached since 0.04204s ago] {'table_name': 'houses', 'param_1': 'r', 'param_2': 'p', 'param_3': 'f', 'param_4': 'v', 'param_5': 'm', 'nspname_1': 'pg_catalog'}
DEBUG    app.db.session:session.py:30 Query eseguita in 0.00 secondi: SELECT pg_catalog.pg_class.relname 
FROM pg_catalog.pg_class JOIN pg_catalog.pg_namespace ON pg_catalog.pg_namespace.oid = pg_catalog.pg_class.relnamespace 
WHERE pg_catalog.pg_class.relname = %(table_name)s AND pg_catalog.pg_class.relkind = ANY (ARRAY[%(param_1)s, %(param_2)s, %(param_3)s, %(param_4)s, %(param_5)s]) AND pg_catalog.pg_table_is_visible(pg_catalog.pg_class.oid) AND pg_catalog.pg_namespace.nspname != %(nspname_1)s
INFO     sqlalchemy.engine.Engine:base.py:1842 SELECT pg_catalog.pg_class.relname 
FROM pg_catalog.pg_class JOIN pg_catalog.pg_namespace ON pg_catalog.pg_namespace.oid = pg_catalog.pg_class.relnamespace 
WHERE pg_catalog.pg_class.relname = %(table_name)s AND pg_catalog.pg_class.relkind = ANY (ARRAY[%(param_1)s, %(param_2)s, %(param_3)s, %(param_4)s, %(param_5)s]) AND pg_catalog.pg_table_is_visible(pg_catalog.pg_class.oid) AND pg_catalog.pg_namespace.nspname != %(nspname_1)s
INFO     sqlalchemy.engine.Engine:base.py:1842 [cached since 0.04895s ago] {'table_name': 'nodes', 'param_1': 'r', 'param_2': 'p', 'param_3': 'f', 'param_4': 'v', 'param_5': 'm', 'nspname_1': 'pg_catalog'}
DEBUG    app.db.session:session.py:30 Query eseguita in 0.01 secondi: SELECT pg_catalog.pg_class.relname 
FROM pg_catalog.pg_class JOIN pg_catalog.pg_namespace ON pg_catalog.pg_namespace.oid = pg_catalog.pg_class.relnamespace 
WHERE pg_catalog.pg_class.relname = %(table_name)s AND pg_catalog.pg_class.relkind = ANY (ARRAY[%(param_1)s, %(param_2)s, %(param_3)s, %(param_4)s, %(param_5)s]) AND pg_catalog.pg_table_is_visible(pg_catalog.pg_class.oid) AND pg_catalog.pg_namespace.nspname != %(nspname_1)s
INFO     sqlalchemy.engine.Engine:base.py:1842 SELECT pg_catalog.pg_class.relname 
FROM pg_catalog.pg_class JOIN pg_catalog.pg_namespace ON pg_catalog.pg_namespace.oid = pg_catalog.pg_class.relnamespace 
WHERE pg_catalog.pg_class.relname = %(table_name)s AND pg_catalog.pg_class.relkind = ANY (ARRAY[%(param_1)s, %(param_2)s, %(param_3)s, %(param_4)s, %(param_5)s]) AND pg_catalog.pg_table_is_visible(pg_catalog.pg_class.oid) AND pg_catalog.pg_namespace.nspname != %(nspname_1)s
INFO     sqlalchemy.engine.Engine:base.py:1842 [cached since 0.05974s ago] {'table_name': 'rooms', 'param_1': 'r', 'param_2': 'p', 'param_3': 'f', 'param_4': 'v', 'param_5': 'm', 'nspname_1': 'pg_catalog'}
DEBUG    app.db.session:session.py:30 Query eseguita in 0.01 secondi: SELECT pg_catalog.pg_class.relname 
FROM pg_catalog.pg_class JOIN pg_catalog.pg_namespace ON pg_catalog.pg_namespace.oid = pg_catalog.pg_class.relnamespace 
WHERE pg_catalog.pg_class.relname = %(table_name)s AND pg_catalog.pg_class.relkind = ANY (ARRAY[%(param_1)s, %(param_2)s, %(param_3)s, %(param_4)s, %(param_5)s]) AND pg_catalog.pg_table_is_visible(pg_catalog.pg_class.oid) AND pg_catalog.pg_namespace.nspname != %(nspname_1)s
INFO     sqlalchemy.engine.Engine:base.py:1842 SELECT pg_catalog.pg_class.relname 
FROM pg_catalog.pg_class JOIN pg_catalog.pg_namespace ON pg_catalog.pg_namespace.oid = pg_catalog.pg_class.relnamespace 
WHERE pg_catalog.pg_class.relname = %(table_name)s AND pg_catalog.pg_class.relkind = ANY (ARRAY[%(param_1)s, %(param_2)s, %(param_3)s, %(param_4)s, %(param_5)s]) AND pg_catalog.pg_table_is_visible(pg_catalog.pg_class.oid) AND pg_catalog.pg_namespace.nspname != %(nspname_1)s
INFO     sqlalchemy.engine.Engine:base.py:1842 [cached since 0.06713s ago] {'table_name': 'bookings', 'param_1': 'r', 'param_2': 'p', 'param_3': 'f', 'param_4': 'v', 'param_5': 'm', 'nspname_1': 'pg_catalog'}
DEBUG    app.db.session:session.py:30 Query eseguita in 0.01 secondi: SELECT pg_catalog.pg_class.relname 
FROM pg_catalog.pg_class JOIN pg_catalog.pg_namespace ON pg_catalog.pg_namespace.oid = pg_catalog.pg_class.relnamespace 
WHERE pg_catalog.pg_class.relname = %(table_name)s AND pg_catalog.pg_class.relkind = ANY (ARRAY[%(param_1)s, %(param_2)s, %(param_3)s, %(param_4)s, %(param_5)s]) AND pg_catalog.pg_table_is_visible(pg_catalog.pg_class.oid) AND pg_catalog.pg_namespace.nspname != %(nspname_1)s
INFO     sqlalchemy.engine.Engine:base.py:1842 SELECT pg_catalog.pg_class.relname 
FROM pg_catalog.pg_class JOIN pg_catalog.pg_namespace ON pg_catalog.pg_namespace.oid = pg_catalog.pg_class.relnamespace 
WHERE pg_catalog.pg_class.relname = %(table_name)s AND pg_catalog.pg_class.relkind = ANY (ARRAY[%(param_1)s, %(param_2)s, %(param_3)s, %(param_4)s, %(param_5)s]) AND pg_catalog.pg_table_is_visible(pg_catalog.pg_class.oid) AND pg_catalog.pg_namespace.nspname != %(nspname_1)s
INFO     sqlalchemy.engine.Engine:base.py:1842 [cached since 0.07645s ago] {'table_name': 'maintenance_records', 'param_1': 'r', 'param_2': 'p', 'param_3': 'f', 'param_4': 'v', 'param_5': 'm', 'nspname_1': 'pg_catalog'}
DEBUG    app.db.session:session.py:30 Query eseguita in 0.00 secondi: SELECT pg_catalog.pg_class.relname 
FROM pg_catalog.pg_class JOIN pg_catalog.pg_namespace ON pg_catalog.pg_namespace.oid = pg_catalog.pg_class.relnamespace 
WHERE pg_catalog.pg_class.relname = %(table_name)s AND pg_catalog.pg_class.relkind = ANY (ARRAY[%(param_1)s, %(param_2)s, %(param_3)s, %(param_4)s, %(param_5)s]) AND pg_catalog.pg_table_is_visible(pg_catalog.pg_class.oid) AND pg_catalog.pg_namespace.nspname != %(nspname_1)s
INFO     sqlalchemy.engine.Engine:base.py:1842 SELECT pg_catalog.pg_type.typname 
FROM pg_catalog.pg_type JOIN pg_catalog.pg_namespace ON pg_catalog.pg_namespace.oid = pg_catalog.pg_type.typnamespace 
WHERE pg_catalog.pg_type.typname = %(typname_1)s AND pg_catalog.pg_type_is_visible(pg_catalog.pg_type.oid) AND pg_catalog.pg_namespace.nspname != %(nspname_1)s
INFO     sqlalchemy.engine.Engine:base.py:1842 [generated in 0.00104s] {'typname_1': 'maintenancetype', 'nspname_1': 'pg_catalog'}
DEBUG    app.db.session:session.py:30 Query eseguita in 0.01 secondi: SELECT pg_catalog.pg_type.typname 
FROM pg_catalog.pg_type JOIN pg_catalog.pg_namespace ON pg_catalog.pg_namespace.oid = pg_catalog.pg_type.typnamespace 
WHERE pg_catalog.pg_type.typname = %(typname_1)s AND pg_catalog.pg_type_is_visible(pg_catalog.pg_type.oid) AND pg_catalog.pg_namespace.nspname != %(nspname_1)s
INFO     sqlalchemy.engine.Engine:base.py:1842 CREATE TYPE maintenancetype AS ENUM ('ROUTINE', 'PREVENTIVE', 'CORRECTIVE', 'EMERGENCY', 'INSPECTION')
INFO     sqlalchemy.engine.Engine:base.py:1842 [no key 0.00467s] {}
DEBUG    app.db.session:session.py:30 Query eseguita in 0.01 secondi: CREATE TYPE maintenancetype AS ENUM ('ROUTINE', 'PREVENTIVE', 'CORRECTIVE', 'EMERGENCY', 'INSPECTION')
INFO     sqlalchemy.engine.Engine:base.py:1842 SELECT pg_catalog.pg_type.typname 
FROM pg_catalog.pg_type JOIN pg_catalog.pg_namespace ON pg_catalog.pg_namespace.oid = pg_catalog.pg_type.typnamespace 
WHERE pg_catalog.pg_type.typname = %(typname_1)s AND pg_catalog.pg_type_is_visible(pg_catalog.pg_type.oid) AND pg_catalog.pg_namespace.nspname != %(nspname_1)s
INFO     sqlalchemy.engine.Engine:base.py:1842 [cached since 0.02587s ago] {'typname_1': 'maintenancestatus', 'nspname_1': 'pg_catalog'}
DEBUG    app.db.session:session.py:30 Query eseguita in 0.01 secondi: SELECT pg_catalog.pg_type.typname 
FROM pg_catalog.pg_type JOIN pg_catalog.pg_namespace ON pg_catalog.pg_namespace.oid = pg_catalog.pg_type.typnamespace 
WHERE pg_catalog.pg_type.typname = %(typname_1)s AND pg_catalog.pg_type_is_visible(pg_catalog.pg_type.oid) AND pg_catalog.pg_namespace.nspname != %(nspname_1)s
INFO     sqlalchemy.engine.Engine:base.py:1842 CREATE TYPE maintenancestatus AS ENUM ('PENDING', 'COMPLETED', 'FAILED')
INFO     sqlalchemy.engine.Engine:base.py:1842 [no key 0.00092s] {}
DEBUG    app.db.session:session.py:30 Query eseguita in 0.00 secondi: CREATE TYPE maintenancestatus AS ENUM ('PENDING', 'COMPLETED', 'FAILED')
INFO     sqlalchemy.engine.Engine:base.py:1842 
CREATE TABLE houses (
	id SERIAL NOT NULL, 
	name VARCHAR NOT NULL, 
	address VARCHAR NOT NULL, 
	owner_id INTEGER NOT NULL, 
	created_at TIMESTAMP WITHOUT TIME ZONE NOT NULL, 
	updated_at TIMESTAMP WITHOUT TIME ZONE NOT NULL, 
	PRIMARY KEY (id), 
	FOREIGN KEY(owner_id) REFERENCES "user" (id)
)


INFO     sqlalchemy.engine.Engine:base.py:1842 [no key 0.00095s] {}
DEBUG    app.db.session:session.py:30 Query eseguita in 0.03 secondi: 
CREATE TABLE houses (
	id SERIAL NOT NULL, 
	name VARCHAR NOT NULL, 
	address VARCHAR NOT NULL, 
	owner_id INTEGER NOT NULL, 
	created_at TIMESTAMP WITHOUT TIME ZONE NOT NULL, 
	updated_at TIMESTAMP WITHOUT TIME ZONE NOT NULL, 
	PRIMARY KEY (id), 
	FOREIGN KEY(owner_id) REFERENCES "user" (id)
)


INFO     sqlalchemy.engine.Engine:base.py:1842 CREATE INDEX ix_houses_name ON houses (name)
INFO     sqlalchemy.engine.Engine:base.py:1842 [no key 0.00077s] {}
DEBUG    app.db.session:session.py:30 Query eseguita in 0.01 secondi: CREATE INDEX ix_houses_name ON houses (name)
INFO     sqlalchemy.engine.Engine:base.py:1842 
CREATE TABLE rooms (
	id SERIAL NOT NULL, 
	name VARCHAR NOT NULL, 
	description VARCHAR, 
	floor INTEGER NOT NULL, 
	area FLOAT NOT NULL, 
	house_id INTEGER NOT NULL, 
	created_at TIMESTAMP WITHOUT TIME ZONE NOT NULL, 
	updated_at TIMESTAMP WITHOUT TIME ZONE NOT NULL, 
	PRIMARY KEY (id), 
	FOREIGN KEY(house_id) REFERENCES houses (id)
)


INFO     sqlalchemy.engine.Engine:base.py:1842 [no key 0.00087s] {}
DEBUG    app.db.session:session.py:30 Query eseguita in 0.03 secondi: 
CREATE TABLE rooms (
	id SERIAL NOT NULL, 
	name VARCHAR NOT NULL, 
	description VARCHAR, 
	floor INTEGER NOT NULL, 
	area FLOAT NOT NULL, 
	house_id INTEGER NOT NULL, 
	created_at TIMESTAMP WITHOUT TIME ZONE NOT NULL, 
	updated_at TIMESTAMP WITHOUT TIME ZONE NOT NULL, 
	PRIMARY KEY (id), 
	FOREIGN KEY(house_id) REFERENCES houses (id)
)


INFO     sqlalchemy.engine.Engine:base.py:1842 CREATE INDEX ix_rooms_name ON rooms (name)
INFO     sqlalchemy.engine.Engine:base.py:1842 [no key 0.00209s] {}
DEBUG    app.db.session:session.py:30 Query eseguita in 0.01 secondi: CREATE INDEX ix_rooms_name ON rooms (name)
INFO     sqlalchemy.engine.Engine:base.py:1842 
CREATE TABLE nodes (
	id SERIAL NOT NULL, 
	name VARCHAR NOT NULL, 
	description VARCHAR, 
	nfc_id VARCHAR NOT NULL, 
	house_id INTEGER NOT NULL, 
	room_id INTEGER, 
	PRIMARY KEY (id), 
	FOREIGN KEY(house_id) REFERENCES houses (id), 
	FOREIGN KEY(room_id) REFERENCES rooms (id)
)


INFO     sqlalchemy.engine.Engine:base.py:1842 [no key 0.00301s] {}
DEBUG    app.db.session:session.py:30 Query eseguita in 0.03 secondi: 
CREATE TABLE nodes (
	id SERIAL NOT NULL, 
	name VARCHAR NOT NULL, 
	description VARCHAR, 
	nfc_id VARCHAR NOT NULL, 
	house_id INTEGER NOT NULL, 
	room_id INTEGER, 
	PRIMARY KEY (id), 
	FOREIGN KEY(house_id) REFERENCES houses (id), 
	FOREIGN KEY(room_id) REFERENCES rooms (id)
)


INFO     sqlalchemy.engine.Engine:base.py:1842 CREATE UNIQUE INDEX ix_nodes_nfc_id ON nodes (nfc_id)
INFO     sqlalchemy.engine.Engine:base.py:1842 [no key 0.00211s] {}
DEBUG    app.db.session:session.py:30 Query eseguita in 0.01 secondi: CREATE UNIQUE INDEX ix_nodes_nfc_id ON nodes (nfc_id)
INFO     sqlalchemy.engine.Engine:base.py:1842 
CREATE TABLE bookings (
	id SERIAL NOT NULL, 
	room_id INTEGER NOT NULL, 
	user_id INTEGER NOT NULL, 
	start_time TIMESTAMP WITHOUT TIME ZONE NOT NULL, 
	end_time TIMESTAMP WITHOUT TIME ZONE NOT NULL, 
	status VARCHAR NOT NULL, 
	notes VARCHAR, 
	created_at TIMESTAMP WITHOUT TIME ZONE NOT NULL, 
	updated_at TIMESTAMP WITHOUT TIME ZONE NOT NULL, 
	PRIMARY KEY (id), 
	FOREIGN KEY(room_id) REFERENCES rooms (id), 
	FOREIGN KEY(user_id) REFERENCES "user" (id)
)


INFO     sqlalchemy.engine.Engine:base.py:1842 [no key 0.00252s] {}
DEBUG    app.db.session:session.py:30 Query eseguita in 0.03 secondi: 
CREATE TABLE bookings (
	id SERIAL NOT NULL, 
	room_id INTEGER NOT NULL, 
	user_id INTEGER NOT NULL, 
	start_time TIMESTAMP WITHOUT TIME ZONE NOT NULL, 
	end_time TIMESTAMP WITHOUT TIME ZONE NOT NULL, 
	status VARCHAR NOT NULL, 
	notes VARCHAR, 
	created_at TIMESTAMP WITHOUT TIME ZONE NOT NULL, 
	updated_at TIMESTAMP WITHOUT TIME ZONE NOT NULL, 
	PRIMARY KEY (id), 
	FOREIGN KEY(room_id) REFERENCES rooms (id), 
	FOREIGN KEY(user_id) REFERENCES "user" (id)
)


INFO     sqlalchemy.engine.Engine:base.py:1842 
CREATE TABLE documents (
	id SERIAL NOT NULL, 
	created_at TIMESTAMP WITHOUT TIME ZONE NOT NULL, 
	updated_at TIMESTAMP WITHOUT TIME ZONE NOT NULL, 
	owner_id INTEGER NOT NULL, 
	name VARCHAR NOT NULL, 
	type VARCHAR NOT NULL, 
	size INTEGER NOT NULL, 
	upload_date TIMESTAMP WITHOUT TIME ZONE NOT NULL, 
	path VARCHAR NOT NULL, 
	checksum VARCHAR NOT NULL, 
	house_id INTEGER, 
	node_id INTEGER, 
	description VARCHAR, 
	PRIMARY KEY (id), 
	FOREIGN KEY(owner_id) REFERENCES "user" (id), 
	FOREIGN KEY(house_id) REFERENCES houses (id), 
	FOREIGN KEY(node_id) REFERENCES nodes (id)
)


INFO     sqlalchemy.engine.Engine:base.py:1842 [no key 0.00083s] {}
DEBUG    app.db.session:session.py:30 Query eseguita in 0.03 secondi: 
CREATE TABLE documents (
	id SERIAL NOT NULL, 
	created_at TIMESTAMP WITHOUT TIME ZONE NOT NULL, 
	updated_at TIMESTAMP WITHOUT TIME ZONE NOT NULL, 
	owner_id INTEGER NOT NULL, 
	name VARCHAR NOT NULL, 
	type VARCHAR NOT NULL, 
	size INTEGER NOT NULL, 
	upload_date TIMESTAMP WITHOUT TIME ZONE NOT NULL, 
	path VARCHAR NOT NULL, 
	checksum VARCHAR NOT NULL, 
	house_id INTEGER, 
	node_id INTEGER, 
	description VARCHAR, 
	PRIMARY KEY (id), 
	FOREIGN KEY(owner_id) REFERENCES "user" (id), 
	FOREIGN KEY(house_id) REFERENCES houses (id), 
	FOREIGN KEY(node_id) REFERENCES nodes (id)
)


INFO     sqlalchemy.engine.Engine:base.py:1842 CREATE INDEX ix_documents_owner_id ON documents (owner_id)
INFO     sqlalchemy.engine.Engine:base.py:1842 [no key 0.00076s] {}
DEBUG    app.db.session:session.py:30 Query eseguita in 0.01 secondi: CREATE INDEX ix_documents_owner_id ON documents (owner_id)
INFO     sqlalchemy.engine.Engine:base.py:1842 
CREATE TABLE document_versions (
	id SERIAL NOT NULL, 
	version_number INTEGER NOT NULL, 
	file_path VARCHAR NOT NULL, 
	file_size INTEGER NOT NULL, 
	checksum VARCHAR NOT NULL, 
	created_at TIMESTAMP WITHOUT TIME ZONE NOT NULL, 
	updated_at TIMESTAMP WITHOUT TIME ZONE NOT NULL, 
	document_id INTEGER NOT NULL, 
	created_by_id INTEGER, 
	PRIMARY KEY (id), 
	FOREIGN KEY(document_id) REFERENCES documents (id), 
	FOREIGN KEY(created_by_id) REFERENCES "user" (id)
)


INFO     sqlalchemy.engine.Engine:base.py:1842 [no key 0.00085s] {}
DEBUG    app.db.session:session.py:30 Query eseguita in 0.03 secondi: 
CREATE TABLE document_versions (
	id SERIAL NOT NULL, 
	version_number INTEGER NOT NULL, 
	file_path VARCHAR NOT NULL, 
	file_size INTEGER NOT NULL, 
	checksum VARCHAR NOT NULL, 
	created_at TIMESTAMP WITHOUT TIME ZONE NOT NULL, 
	updated_at TIMESTAMP WITHOUT TIME ZONE NOT NULL, 
	document_id INTEGER NOT NULL, 
	created_by_id INTEGER, 
	PRIMARY KEY (id), 
	FOREIGN KEY(document_id) REFERENCES documents (id), 
	FOREIGN KEY(created_by_id) REFERENCES "user" (id)
)


INFO     sqlalchemy.engine.Engine:base.py:1842 CREATE INDEX ix_document_versions_version_number ON document_versions (version_number)
INFO     sqlalchemy.engine.Engine:base.py:1842 [no key 0.00076s] {}
DEBUG    app.db.session:session.py:30 Query eseguita in 0.01 secondi: CREATE INDEX ix_document_versions_version_number ON document_versions (version_number)
INFO     sqlalchemy.engine.Engine:base.py:1842 CREATE INDEX ix_document_versions_created_by_id ON document_versions (created_by_id)
INFO     sqlalchemy.engine.Engine:base.py:1842 [no key 0.00164s] {}
DEBUG    app.db.session:session.py:30 Query eseguita in 0.01 secondi: CREATE INDEX ix_document_versions_created_by_id ON document_versions (created_by_id)
INFO     sqlalchemy.engine.Engine:base.py:1842 CREATE INDEX ix_document_versions_document_id ON document_versions (document_id)
INFO     sqlalchemy.engine.Engine:base.py:1842 [no key 0.00412s] {}
DEBUG    app.db.session:session.py:30 Query eseguita in 0.01 secondi: CREATE INDEX ix_document_versions_document_id ON document_versions (document_id)
INFO     sqlalchemy.engine.Engine:base.py:1842 
CREATE TABLE maintenance_records (
	id SERIAL NOT NULL, 
	node_id INTEGER NOT NULL, 
	timestamp TIMESTAMP WITHOUT TIME ZONE NOT NULL, 
	maintenance_type maintenancetype NOT NULL, 
	description VARCHAR NOT NULL, 
	status maintenancestatus NOT NULL, 
	notes VARCHAR, 
	document_id INTEGER, 
	PRIMARY KEY (id), 
	FOREIGN KEY(node_id) REFERENCES nodes (id), 
	FOREIGN KEY(document_id) REFERENCES documents (id)
)


INFO     sqlalchemy.engine.Engine:base.py:1842 [no key 0.00121s] {}
DEBUG    app.db.session:session.py:30 Query eseguita in 0.04 secondi: 
CREATE TABLE maintenance_records (
	id SERIAL NOT NULL, 
	node_id INTEGER NOT NULL, 
	timestamp TIMESTAMP WITHOUT TIME ZONE NOT NULL, 
	maintenance_type maintenancetype NOT NULL, 
	description VARCHAR NOT NULL, 
	status maintenancestatus NOT NULL, 
	notes VARCHAR, 
	document_id INTEGER, 
	PRIMARY KEY (id), 
	FOREIGN KEY(node_id) REFERENCES nodes (id), 
	FOREIGN KEY(document_id) REFERENCES documents (id)
)


INFO     sqlalchemy.engine.Engine:base.py:1842 CREATE INDEX ix_maintenance_records_node_id ON maintenance_records (node_id)
INFO     sqlalchemy.engine.Engine:base.py:1842 [no key 0.00310s] {}
DEBUG    app.db.session:session.py:30 Query eseguita in 0.01 secondi: CREATE INDEX ix_maintenance_records_node_id ON maintenance_records (node_id)
INFO     sqlalchemy.engine.Engine:base.py:2704 COMMIT
DEBUG    conftest:conftest.py:202 Test database tables created successfully
DEBUG    test_users:test_users.py:38 Setting up test database session...
INFO     sqlalchemy.engine.Engine:base.py:1842 select pg_catalog.version()
INFO     sqlalchemy.engine.Engine:base.py:1842 [raw sql] {}
INFO     sqlalchemy.engine.Engine:base.py:1842 select current_schema()
INFO     sqlalchemy.engine.Engine:base.py:1842 [raw sql] {}
INFO     sqlalchemy.engine.Engine:base.py:1842 show standard_conforming_strings
INFO     sqlalchemy.engine.Engine:base.py:1842 [raw sql] {}
INFO     sqlalchemy.engine.Engine:base.py:2698 BEGIN (implicit)
INFO     sqlalchemy.engine.Engine:base.py:1842 SELECT pg_catalog.pg_class.relname 
FROM pg_catalog.pg_class JOIN pg_catalog.pg_namespace ON pg_catalog.pg_namespace.oid = pg_catalog.pg_class.relnamespace 
WHERE pg_catalog.pg_class.relname = %(table_name)s AND pg_catalog.pg_class.relkind = ANY (ARRAY[%(param_1)s, %(param_2)s, %(param_3)s, %(param_4)s, %(param_5)s]) AND pg_catalog.pg_table_is_visible(pg_catalog.pg_class.oid) AND pg_catalog.pg_namespace.nspname != %(nspname_1)s
INFO     sqlalchemy.engine.Engine:base.py:1842 [generated in 0.00548s] {'table_name': 'user', 'param_1': 'r', 'param_2': 'p', 'param_3': 'f', 'param_4': 'v', 'param_5': 'm', 'nspname_1': 'pg_catalog'}
DEBUG    app.db.session:session.py:30 Query eseguita in 0.01 secondi: SELECT pg_catalog.pg_class.relname 
FROM pg_catalog.pg_class JOIN pg_catalog.pg_namespace ON pg_catalog.pg_namespace.oid = pg_catalog.pg_class.relnamespace 
WHERE pg_catalog.pg_class.relname = %(table_name)s AND pg_catalog.pg_class.relkind = ANY (ARRAY[%(param_1)s, %(param_2)s, %(param_3)s, %(param_4)s, %(param_5)s]) AND pg_catalog.pg_table_is_visible(pg_catalog.pg_class.oid) AND pg_catalog.pg_namespace.nspname != %(nspname_1)s
INFO     sqlalchemy.engine.Engine:base.py:1842 SELECT pg_catalog.pg_class.relname 
FROM pg_catalog.pg_class JOIN pg_catalog.pg_namespace ON pg_catalog.pg_namespace.oid = pg_catalog.pg_class.relnamespace 
WHERE pg_catalog.pg_class.relname = %(table_name)s AND pg_catalog.pg_class.relkind = ANY (ARRAY[%(param_1)s, %(param_2)s, %(param_3)s, %(param_4)s, %(param_5)s]) AND pg_catalog.pg_table_is_visible(pg_catalog.pg_class.oid) AND pg_catalog.pg_namespace.nspname != %(nspname_1)s
INFO     sqlalchemy.engine.Engine:base.py:1842 [cached since 0.02323s ago] {'table_name': 'documents', 'param_1': 'r', 'param_2': 'p', 'param_3': 'f', 'param_4': 'v', 'param_5': 'm', 'nspname_1': 'pg_catalog'}
DEBUG    app.db.session:session.py:30 Query eseguita in 0.01 secondi: SELECT pg_catalog.pg_class.relname 
FROM pg_catalog.pg_class JOIN pg_catalog.pg_namespace ON pg_catalog.pg_namespace.oid = pg_catalog.pg_class.relnamespace 
WHERE pg_catalog.pg_class.relname = %(table_name)s AND pg_catalog.pg_class.relkind = ANY (ARRAY[%(param_1)s, %(param_2)s, %(param_3)s, %(param_4)s, %(param_5)s]) AND pg_catalog.pg_table_is_visible(pg_catalog.pg_class.oid) AND pg_catalog.pg_namespace.nspname != %(nspname_1)s
INFO     sqlalchemy.engine.Engine:base.py:1842 SELECT pg_catalog.pg_class.relname 
FROM pg_catalog.pg_class JOIN pg_catalog.pg_namespace ON pg_catalog.pg_namespace.oid = pg_catalog.pg_class.relnamespace 
WHERE pg_catalog.pg_class.relname = %(table_name)s AND pg_catalog.pg_class.relkind = ANY (ARRAY[%(param_1)s, %(param_2)s, %(param_3)s, %(param_4)s, %(param_5)s]) AND pg_catalog.pg_table_is_visible(pg_catalog.pg_class.oid) AND pg_catalog.pg_namespace.nspname != %(nspname_1)s
INFO     sqlalchemy.engine.Engine:base.py:1842 [cached since 0.03083s ago] {'table_name': 'document_versions', 'param_1': 'r', 'param_2': 'p', 'param_3': 'f', 'param_4': 'v', 'param_5': 'm', 'nspname_1': 'pg_catalog'}
DEBUG    app.db.session:session.py:30 Query eseguita in 0.01 secondi: SELECT pg_catalog.pg_class.relname 
FROM pg_catalog.pg_class JOIN pg_catalog.pg_namespace ON pg_catalog.pg_namespace.oid = pg_catalog.pg_class.relnamespace 
WHERE pg_catalog.pg_class.relname = %(table_name)s AND pg_catalog.pg_class.relkind = ANY (ARRAY[%(param_1)s, %(param_2)s, %(param_3)s, %(param_4)s, %(param_5)s]) AND pg_catalog.pg_table_is_visible(pg_catalog.pg_class.oid) AND pg_catalog.pg_namespace.nspname != %(nspname_1)s
INFO     sqlalchemy.engine.Engine:base.py:1842 SELECT pg_catalog.pg_class.relname 
FROM pg_catalog.pg_class JOIN pg_catalog.pg_namespace ON pg_catalog.pg_namespace.oid = pg_catalog.pg_class.relnamespace 
WHERE pg_catalog.pg_class.relname = %(table_name)s AND pg_catalog.pg_class.relkind = ANY (ARRAY[%(param_1)s, %(param_2)s, %(param_3)s, %(param_4)s, %(param_5)s]) AND pg_catalog.pg_table_is_visible(pg_catalog.pg_class.oid) AND pg_catalog.pg_namespace.nspname != %(nspname_1)s
INFO     sqlalchemy.engine.Engine:base.py:1842 [cached since 0.04192s ago] {'table_name': 'houses', 'param_1': 'r', 'param_2': 'p', 'param_3': 'f', 'param_4': 'v', 'param_5': 'm', 'nspname_1': 'pg_catalog'}
DEBUG    app.db.session:session.py:30 Query eseguita in 0.02 secondi: SELECT pg_catalog.pg_class.relname 
FROM pg_catalog.pg_class JOIN pg_catalog.pg_namespace ON pg_catalog.pg_namespace.oid = pg_catalog.pg_class.relnamespace 
WHERE pg_catalog.pg_class.relname = %(table_name)s AND pg_catalog.pg_class.relkind = ANY (ARRAY[%(param_1)s, %(param_2)s, %(param_3)s, %(param_4)s, %(param_5)s]) AND pg_catalog.pg_table_is_visible(pg_catalog.pg_class.oid) AND pg_catalog.pg_namespace.nspname != %(nspname_1)s
INFO     sqlalchemy.engine.Engine:base.py:1842 SELECT pg_catalog.pg_class.relname 
FROM pg_catalog.pg_class JOIN pg_catalog.pg_namespace ON pg_catalog.pg_namespace.oid = pg_catalog.pg_class.relnamespace 
WHERE pg_catalog.pg_class.relname = %(table_name)s AND pg_catalog.pg_class.relkind = ANY (ARRAY[%(param_1)s, %(param_2)s, %(param_3)s, %(param_4)s, %(param_5)s]) AND pg_catalog.pg_table_is_visible(pg_catalog.pg_class.oid) AND pg_catalog.pg_namespace.nspname != %(nspname_1)s
INFO     sqlalchemy.engine.Engine:base.py:1842 [cached since 0.0581s ago] {'table_name': 'nodes', 'param_1': 'r', 'param_2': 'p', 'param_3': 'f', 'param_4': 'v', 'param_5': 'm', 'nspname_1': 'pg_catalog'}
DEBUG    app.db.session:session.py:30 Query eseguita in 0.01 secondi: SELECT pg_catalog.pg_class.relname 
FROM pg_catalog.pg_class JOIN pg_catalog.pg_namespace ON pg_catalog.pg_namespace.oid = pg_catalog.pg_class.relnamespace 
WHERE pg_catalog.pg_class.relname = %(table_name)s AND pg_catalog.pg_class.relkind = ANY (ARRAY[%(param_1)s, %(param_2)s, %(param_3)s, %(param_4)s, %(param_5)s]) AND pg_catalog.pg_table_is_visible(pg_catalog.pg_class.oid) AND pg_catalog.pg_namespace.nspname != %(nspname_1)s
INFO     sqlalchemy.engine.Engine:base.py:1842 SELECT pg_catalog.pg_class.relname 
FROM pg_catalog.pg_class JOIN pg_catalog.pg_namespace ON pg_catalog.pg_namespace.oid = pg_catalog.pg_class.relnamespace 
WHERE pg_catalog.pg_class.relname = %(table_name)s AND pg_catalog.pg_class.relkind = ANY (ARRAY[%(param_1)s, %(param_2)s, %(param_3)s, %(param_4)s, %(param_5)s]) AND pg_catalog.pg_table_is_visible(pg_catalog.pg_class.oid) AND pg_catalog.pg_namespace.nspname != %(nspname_1)s
INFO     sqlalchemy.engine.Engine:base.py:1842 [cached since 0.06698s ago] {'table_name': 'rooms', 'param_1': 'r', 'param_2': 'p', 'param_3': 'f', 'param_4': 'v', 'param_5': 'm', 'nspname_1': 'pg_catalog'}
DEBUG    app.db.session:session.py:30 Query eseguita in 0.01 secondi: SELECT pg_catalog.pg_class.relname 
FROM pg_catalog.pg_class JOIN pg_catalog.pg_namespace ON pg_catalog.pg_namespace.oid = pg_catalog.pg_class.relnamespace 
WHERE pg_catalog.pg_class.relname = %(table_name)s AND pg_catalog.pg_class.relkind = ANY (ARRAY[%(param_1)s, %(param_2)s, %(param_3)s, %(param_4)s, %(param_5)s]) AND pg_catalog.pg_table_is_visible(pg_catalog.pg_class.oid) AND pg_catalog.pg_namespace.nspname != %(nspname_1)s
INFO     sqlalchemy.engine.Engine:base.py:1842 SELECT pg_catalog.pg_class.relname 
FROM pg_catalog.pg_class JOIN pg_catalog.pg_namespace ON pg_catalog.pg_namespace.oid = pg_catalog.pg_class.relnamespace 
WHERE pg_catalog.pg_class.relname = %(table_name)s AND pg_catalog.pg_class.relkind = ANY (ARRAY[%(param_1)s, %(param_2)s, %(param_3)s, %(param_4)s, %(param_5)s]) AND pg_catalog.pg_table_is_visible(pg_catalog.pg_class.oid) AND pg_catalog.pg_namespace.nspname != %(nspname_1)s
INFO     sqlalchemy.engine.Engine:base.py:1842 [cached since 0.07676s ago] {'table_name': 'bookings', 'param_1': 'r', 'param_2': 'p', 'param_3': 'f', 'param_4': 'v', 'param_5': 'm', 'nspname_1': 'pg_catalog'}
DEBUG    app.db.session:session.py:30 Query eseguita in 0.01 secondi: SELECT pg_catalog.pg_class.relname 
FROM pg_catalog.pg_class JOIN pg_catalog.pg_namespace ON pg_catalog.pg_namespace.oid = pg_catalog.pg_class.relnamespace 
WHERE pg_catalog.pg_class.relname = %(table_name)s AND pg_catalog.pg_class.relkind = ANY (ARRAY[%(param_1)s, %(param_2)s, %(param_3)s, %(param_4)s, %(param_5)s]) AND pg_catalog.pg_table_is_visible(pg_catalog.pg_class.oid) AND pg_catalog.pg_namespace.nspname != %(nspname_1)s
INFO     sqlalchemy.engine.Engine:base.py:1842 SELECT pg_catalog.pg_class.relname 
FROM pg_catalog.pg_class JOIN pg_catalog.pg_namespace ON pg_catalog.pg_namespace.oid = pg_catalog.pg_class.relnamespace 
WHERE pg_catalog.pg_class.relname = %(table_name)s AND pg_catalog.pg_class.relkind = ANY (ARRAY[%(param_1)s, %(param_2)s, %(param_3)s, %(param_4)s, %(param_5)s]) AND pg_catalog.pg_table_is_visible(pg_catalog.pg_class.oid) AND pg_catalog.pg_namespace.nspname != %(nspname_1)s
INFO     sqlalchemy.engine.Engine:base.py:1842 [cached since 0.0897s ago] {'table_name': 'maintenance_records', 'param_1': 'r', 'param_2': 'p', 'param_3': 'f', 'param_4': 'v', 'param_5': 'm', 'nspname_1': 'pg_catalog'}
DEBUG    app.db.session:session.py:30 Query eseguita in 0.00 secondi: SELECT pg_catalog.pg_class.relname 
FROM pg_catalog.pg_class JOIN pg_catalog.pg_namespace ON pg_catalog.pg_namespace.oid = pg_catalog.pg_class.relnamespace 
WHERE pg_catalog.pg_class.relname = %(table_name)s AND pg_catalog.pg_class.relkind = ANY (ARRAY[%(param_1)s, %(param_2)s, %(param_3)s, %(param_4)s, %(param_5)s]) AND pg_catalog.pg_table_is_visible(pg_catalog.pg_class.oid) AND pg_catalog.pg_namespace.nspname != %(nspname_1)s
INFO     sqlalchemy.engine.Engine:base.py:1842 SELECT pg_catalog.pg_type.typname 
FROM pg_catalog.pg_type JOIN pg_catalog.pg_namespace ON pg_catalog.pg_namespace.oid = pg_catalog.pg_type.typnamespace 
WHERE pg_catalog.pg_type.typname = %(typname_1)s AND pg_catalog.pg_type_is_visible(pg_catalog.pg_type.oid) AND pg_catalog.pg_namespace.nspname != %(nspname_1)s
INFO     sqlalchemy.engine.Engine:base.py:1842 [generated in 0.00222s] {'typname_1': 'maintenancetype', 'nspname_1': 'pg_catalog'}
DEBUG    app.db.session:session.py:30 Query eseguita in 0.00 secondi: SELECT pg_catalog.pg_type.typname 
FROM pg_catalog.pg_type JOIN pg_catalog.pg_namespace ON pg_catalog.pg_namespace.oid = pg_catalog.pg_type.typnamespace 
WHERE pg_catalog.pg_type.typname = %(typname_1)s AND pg_catalog.pg_type_is_visible(pg_catalog.pg_type.oid) AND pg_catalog.pg_namespace.nspname != %(nspname_1)s
INFO     sqlalchemy.engine.Engine:base.py:1842 SELECT pg_catalog.pg_type.typname 
FROM pg_catalog.pg_type JOIN pg_catalog.pg_namespace ON pg_catalog.pg_namespace.oid = pg_catalog.pg_type.typnamespace 
WHERE pg_catalog.pg_type.typname = %(typname_1)s AND pg_catalog.pg_type_is_visible(pg_catalog.pg_type.oid) AND pg_catalog.pg_namespace.nspname != %(nspname_1)s
INFO     sqlalchemy.engine.Engine:base.py:1842 [cached since 0.01343s ago] {'typname_1': 'maintenancestatus', 'nspname_1': 'pg_catalog'}
DEBUG    app.db.session:session.py:30 Query eseguita in 0.01 secondi: SELECT pg_catalog.pg_type.typname 
FROM pg_catalog.pg_type JOIN pg_catalog.pg_namespace ON pg_catalog.pg_namespace.oid = pg_catalog.pg_type.typnamespace 
WHERE pg_catalog.pg_type.typname = %(typname_1)s AND pg_catalog.pg_type_is_visible(pg_catalog.pg_type.oid) AND pg_catalog.pg_namespace.nspname != %(nspname_1)s
INFO     sqlalchemy.engine.Engine:base.py:2704 COMMIT
DEBUG    test_users:test_users.py:52 Test database tables created successfully
DEBUG    test_users:test_users.py:55 Test database session created successfully
DEBUG    conftest:conftest.py:269 Overriding get_session for tests...
DEBUG    tests.conftest_redis:conftest_redis.py:18 Setting up FakeRedis for tests...
DEBUG    app.core.redis:redis.py:24 Connessione Redis stabilita con successo
WARNING  passlib.handlers.bcrypt:bcrypt.py:622 (trapped) error reading bcrypt version
Traceback (most recent call last):
  File "C:\Users\flavi\Eterna-Home\venv\Lib\site-packages\passlib\handlers\bcrypt.py", line 620, in _load_backend_mixin
    version = _bcrypt.__about__.__version__
              ^^^^^^^^^^^^^^^^^
AttributeError: module 'bcrypt' has no attribute '__about__'
DEBUG    passlib.handlers.bcrypt:bcrypt.py:625 detected 'bcrypt' backend, version '<unknown>'
DEBUG    passlib.handlers.bcrypt:bcrypt.py:406 'bcrypt' backend lacks $2$ support, enabling workaround
================================== FAILURES ===================================
__________________ test_create_user_missing_required_fields ___________________
tests\api\test_users.py:218: in test_create_user_missing_required_fields
    assert "username" in response.json()["detail"][0]["loc"]
E   AssertionError: assert 'username' in ['body', 'full_name']
---------------------------- Captured stdout setup ----------------------------
2025-06-17 11:27:38,583 INFO sqlalchemy.engine.Engine select pg_catalog.version()
2025-06-17 11:27:38,586 INFO sqlalchemy.engine.Engine [raw sql] {}
2025-06-17 11:27:38,599 INFO sqlalchemy.engine.Engine select current_schema()
2025-06-17 11:27:38,601 INFO sqlalchemy.engine.Engine [raw sql] {}
2025-06-17 11:27:38,609 INFO sqlalchemy.engine.Engine show standard_conforming_strings
2025-06-17 11:27:38,610 INFO sqlalchemy.engine.Engine [raw sql] {}
2025-06-17 11:27:38,613 INFO sqlalchemy.engine.Engine BEGIN (implicit)
2025-06-17 11:27:38,631 INFO sqlalchemy.engine.Engine SELECT pg_catalog.pg_class.relname 
FROM pg_catalog.pg_class JOIN pg_catalog.pg_namespace ON pg_catalog.pg_namespace.oid = pg_catalog.pg_class.relnamespace 
WHERE pg_catalog.pg_class.relname = %(table_name)s AND pg_catalog.pg_class.relkind = ANY (ARRAY[%(param_1)s, %(param_2)s, %(param_3)s, %(param_4)s, %(param_5)s]) AND pg_catalog.pg_table_is_visible(pg_catalog.pg_class.oid) AND pg_catalog.pg_namespace.nspname != %(nspname_1)s
2025-06-17 11:27:38,633 INFO sqlalchemy.engine.Engine [generated in 0.00412s] {'table_name': 'user', 'param_1': 'r', 'param_2': 'p', 'param_3': 'f', 'param_4': 'v', 'param_5': 'm', 'nspname_1': 'pg_catalog'}
2025-06-17 11:27:38,654 INFO sqlalchemy.engine.Engine SELECT pg_catalog.pg_class.relname 
FROM pg_catalog.pg_class JOIN pg_catalog.pg_namespace ON pg_catalog.pg_namespace.oid = pg_catalog.pg_class.relnamespace 
WHERE pg_catalog.pg_class.relname = %(table_name)s AND pg_catalog.pg_class.relkind = ANY (ARRAY[%(param_1)s, %(param_2)s, %(param_3)s, %(param_4)s, %(param_5)s]) AND pg_catalog.pg_table_is_visible(pg_catalog.pg_class.oid) AND pg_catalog.pg_namespace.nspname != %(nspname_1)s
2025-06-17 11:27:38,659 INFO sqlalchemy.engine.Engine [cached since 0.02913s ago] {'table_name': 'documents', 'param_1': 'r', 'param_2': 'p', 'param_3': 'f', 'param_4': 'v', 'param_5': 'm', 'nspname_1': 'pg_catalog'}
2025-06-17 11:27:38,666 INFO sqlalchemy.engine.Engine SELECT pg_catalog.pg_class.relname 
FROM pg_catalog.pg_class JOIN pg_catalog.pg_namespace ON pg_catalog.pg_namespace.oid = pg_catalog.pg_class.relnamespace 
WHERE pg_catalog.pg_class.relname = %(table_name)s AND pg_catalog.pg_class.relkind = ANY (ARRAY[%(param_1)s, %(param_2)s, %(param_3)s, %(param_4)s, %(param_5)s]) AND pg_catalog.pg_table_is_visible(pg_catalog.pg_class.oid) AND pg_catalog.pg_namespace.nspname != %(nspname_1)s
2025-06-17 11:27:38,668 INFO sqlalchemy.engine.Engine [cached since 0.03889s ago] {'table_name': 'document_versions', 'param_1': 'r', 'param_2': 'p', 'param_3': 'f', 'param_4': 'v', 'param_5': 'm', 'nspname_1': 'pg_catalog'}
2025-06-17 11:27:38,677 INFO sqlalchemy.engine.Engine SELECT pg_catalog.pg_class.relname 
FROM pg_catalog.pg_class JOIN pg_catalog.pg_namespace ON pg_catalog.pg_namespace.oid = pg_catalog.pg_class.relnamespace 
WHERE pg_catalog.pg_class.relname = %(table_name)s AND pg_catalog.pg_class.relkind = ANY (ARRAY[%(param_1)s, %(param_2)s, %(param_3)s, %(param_4)s, %(param_5)s]) AND pg_catalog.pg_table_is_visible(pg_catalog.pg_class.oid) AND pg_catalog.pg_namespace.nspname != %(nspname_1)s
2025-06-17 11:27:38,678 INFO sqlalchemy.engine.Engine [cached since 0.04909s ago] {'table_name': 'houses', 'param_1': 'r', 'param_2': 'p', 'param_3': 'f', 'param_4': 'v', 'param_5': 'm', 'nspname_1': 'pg_catalog'}
2025-06-17 11:27:38,686 INFO sqlalchemy.engine.Engine SELECT pg_catalog.pg_class.relname 
FROM pg_catalog.pg_class JOIN pg_catalog.pg_namespace ON pg_catalog.pg_namespace.oid = pg_catalog.pg_class.relnamespace 
WHERE pg_catalog.pg_class.relname = %(table_name)s AND pg_catalog.pg_class.relkind = ANY (ARRAY[%(param_1)s, %(param_2)s, %(param_3)s, %(param_4)s, %(param_5)s]) AND pg_catalog.pg_table_is_visible(pg_catalog.pg_class.oid) AND pg_catalog.pg_namespace.nspname != %(nspname_1)s
2025-06-17 11:27:38,691 INFO sqlalchemy.engine.Engine [cached since 0.06173s ago] {'table_name': 'nodes', 'param_1': 'r', 'param_2': 'p', 'param_3': 'f', 'param_4': 'v', 'param_5': 'm', 'nspname_1': 'pg_catalog'}
2025-06-17 11:27:38,695 INFO sqlalchemy.engine.Engine SELECT pg_catalog.pg_class.relname 
FROM pg_catalog.pg_class JOIN pg_catalog.pg_namespace ON pg_catalog.pg_namespace.oid = pg_catalog.pg_class.relnamespace 
WHERE pg_catalog.pg_class.relname = %(table_name)s AND pg_catalog.pg_class.relkind = ANY (ARRAY[%(param_1)s, %(param_2)s, %(param_3)s, %(param_4)s, %(param_5)s]) AND pg_catalog.pg_table_is_visible(pg_catalog.pg_class.oid) AND pg_catalog.pg_namespace.nspname != %(nspname_1)s
2025-06-17 11:27:38,697 INFO sqlalchemy.engine.Engine [cached since 0.06757s ago] {'table_name': 'rooms', 'param_1': 'r', 'param_2': 'p', 'param_3': 'f', 'param_4': 'v', 'param_5': 'm', 'nspname_1': 'pg_catalog'}
2025-06-17 11:27:38,708 INFO sqlalchemy.engine.Engine SELECT pg_catalog.pg_class.relname 
FROM pg_catalog.pg_class JOIN pg_catalog.pg_namespace ON pg_catalog.pg_namespace.oid = pg_catalog.pg_class.relnamespace 
WHERE pg_catalog.pg_class.relname = %(table_name)s AND pg_catalog.pg_class.relkind = ANY (ARRAY[%(param_1)s, %(param_2)s, %(param_3)s, %(param_4)s, %(param_5)s]) AND pg_catalog.pg_table_is_visible(pg_catalog.pg_class.oid) AND pg_catalog.pg_namespace.nspname != %(nspname_1)s
2025-06-17 11:27:38,709 INFO sqlalchemy.engine.Engine [cached since 0.08012s ago] {'table_name': 'bookings', 'param_1': 'r', 'param_2': 'p', 'param_3': 'f', 'param_4': 'v', 'param_5': 'm', 'nspname_1': 'pg_catalog'}
2025-06-17 11:27:38,715 INFO sqlalchemy.engine.Engine SELECT pg_catalog.pg_class.relname 
FROM pg_catalog.pg_class JOIN pg_catalog.pg_namespace ON pg_catalog.pg_namespace.oid = pg_catalog.pg_class.relnamespace 
WHERE pg_catalog.pg_class.relname = %(table_name)s AND pg_catalog.pg_class.relkind = ANY (ARRAY[%(param_1)s, %(param_2)s, %(param_3)s, %(param_4)s, %(param_5)s]) AND pg_catalog.pg_table_is_visible(pg_catalog.pg_class.oid) AND pg_catalog.pg_namespace.nspname != %(nspname_1)s
2025-06-17 11:27:38,716 INFO sqlalchemy.engine.Engine [cached since 0.08695s ago] {'table_name': 'maintenance_records', 'param_1': 'r', 'param_2': 'p', 'param_3': 'f', 'param_4': 'v', 'param_5': 'm', 'nspname_1': 'pg_catalog'}
2025-06-17 11:27:38,730 INFO sqlalchemy.engine.Engine SELECT pg_catalog.pg_type.typname 
FROM pg_catalog.pg_type JOIN pg_catalog.pg_namespace ON pg_catalog.pg_namespace.oid = pg_catalog.pg_type.typnamespace 
WHERE pg_catalog.pg_type.typname = %(typname_1)s AND pg_catalog.pg_type_is_visible(pg_catalog.pg_type.oid) AND pg_catalog.pg_namespace.nspname != %(nspname_1)s
2025-06-17 11:27:38,732 INFO sqlalchemy.engine.Engine [generated in 0.00391s] {'typname_1': 'maintenancetype', 'nspname_1': 'pg_catalog'}
2025-06-17 11:27:38,743 INFO sqlalchemy.engine.Engine CREATE TYPE maintenancetype AS ENUM ('ROUTINE', 'PREVENTIVE', 'CORRECTIVE', 'EMERGENCY', 'INSPECTION')
2025-06-17 11:27:38,744 INFO sqlalchemy.engine.Engine [no key 0.00078s] {}
2025-06-17 11:27:38,761 INFO sqlalchemy.engine.Engine SELECT pg_catalog.pg_type.typname 
FROM pg_catalog.pg_type JOIN pg_catalog.pg_namespace ON pg_catalog.pg_namespace.oid = pg_catalog.pg_type.typnamespace 
WHERE pg_catalog.pg_type.typname = %(typname_1)s AND pg_catalog.pg_type_is_visible(pg_catalog.pg_type.oid) AND pg_catalog.pg_namespace.nspname != %(nspname_1)s
2025-06-17 11:27:38,765 INFO sqlalchemy.engine.Engine [cached since 0.03689s ago] {'typname_1': 'maintenancestatus', 'nspname_1': 'pg_catalog'}
2025-06-17 11:27:38,775 INFO sqlalchemy.engine.Engine CREATE TYPE maintenancestatus AS ENUM ('PENDING', 'COMPLETED', 'FAILED')
2025-06-17 11:27:38,777 INFO sqlalchemy.engine.Engine [no key 0.00207s] {}
2025-06-17 11:27:38,792 INFO sqlalchemy.engine.Engine 
CREATE TABLE "user" (
	id SERIAL NOT NULL, 
	email VARCHAR NOT NULL, 
	username VARCHAR NOT NULL, 
	hashed_password VARCHAR NOT NULL, 
	is_active BOOLEAN NOT NULL, 
	is_superuser BOOLEAN NOT NULL, 
	is_verified BOOLEAN NOT NULL, 
	created_at TIMESTAMP WITHOUT TIME ZONE NOT NULL, 
	updated_at TIMESTAMP WITHOUT TIME ZONE NOT NULL, 
	last_login TIMESTAMP WITH TIME ZONE, 
	full_name VARCHAR(255), 
	phone_number VARCHAR(20), 
	PRIMARY KEY (id)
)


2025-06-17 11:27:38,793 INFO sqlalchemy.engine.Engine [no key 0.00101s] {}
2025-06-17 11:27:38,840 INFO sqlalchemy.engine.Engine CREATE UNIQUE INDEX ix_user_email ON "user" (email)
2025-06-17 11:27:38,842 INFO sqlalchemy.engine.Engine [no key 0.00259s] {}
2025-06-17 11:27:38,851 INFO sqlalchemy.engine.Engine CREATE UNIQUE INDEX ix_user_username ON "user" (username)
2025-06-17 11:27:38,856 INFO sqlalchemy.engine.Engine [no key 0.00481s] {}
2025-06-17 11:27:38,882 INFO sqlalchemy.engine.Engine 
CREATE TABLE houses (
	id SERIAL NOT NULL, 
	name VARCHAR NOT NULL, 
	address VARCHAR NOT NULL, 
	owner_id INTEGER NOT NULL, 
	created_at TIMESTAMP WITHOUT TIME ZONE NOT NULL, 
	updated_at TIMESTAMP WITHOUT TIME ZONE NOT NULL, 
	PRIMARY KEY (id), 
	FOREIGN KEY(owner_id) REFERENCES "user" (id)
)


2025-06-17 11:27:38,883 INFO sqlalchemy.engine.Engine [no key 0.00127s] {}
2025-06-17 11:27:38,924 INFO sqlalchemy.engine.Engine CREATE INDEX ix_houses_name ON houses (name)
2025-06-17 11:27:38,926 INFO sqlalchemy.engine.Engine [no key 0.00218s] {}
2025-06-17 11:27:38,943 INFO sqlalchemy.engine.Engine 
CREATE TABLE rooms (
	id SERIAL NOT NULL, 
	name VARCHAR NOT NULL, 
	description VARCHAR, 
	floor INTEGER NOT NULL, 
	area FLOAT NOT NULL, 
	house_id INTEGER NOT NULL, 
	created_at TIMESTAMP WITHOUT TIME ZONE NOT NULL, 
	updated_at TIMESTAMP WITHOUT TIME ZONE NOT NULL, 
	PRIMARY KEY (id), 
	FOREIGN KEY(house_id) REFERENCES houses (id)
)


2025-06-17 11:27:38,943 INFO sqlalchemy.engine.Engine [no key 0.00099s] {}
2025-06-17 11:27:38,975 INFO sqlalchemy.engine.Engine CREATE INDEX ix_rooms_name ON rooms (name)
2025-06-17 11:27:38,976 INFO sqlalchemy.engine.Engine [no key 0.00094s] {}
2025-06-17 11:27:38,990 INFO sqlalchemy.engine.Engine 
CREATE TABLE nodes (
	id SERIAL NOT NULL, 
	name VARCHAR NOT NULL, 
	description VARCHAR, 
	nfc_id VARCHAR NOT NULL, 
	house_id INTEGER NOT NULL, 
	room_id INTEGER, 
	PRIMARY KEY (id), 
	FOREIGN KEY(house_id) REFERENCES houses (id), 
	FOREIGN KEY(room_id) REFERENCES rooms (id)
)


2025-06-17 11:27:38,993 INFO sqlalchemy.engine.Engine [no key 0.00284s] {}
2025-06-17 11:27:39,030 INFO sqlalchemy.engine.Engine CREATE UNIQUE INDEX ix_nodes_nfc_id ON nodes (nfc_id)
2025-06-17 11:27:39,032 INFO sqlalchemy.engine.Engine [no key 0.00281s] {}
2025-06-17 11:27:39,047 INFO sqlalchemy.engine.Engine 
CREATE TABLE bookings (
	id SERIAL NOT NULL, 
	room_id INTEGER NOT NULL, 
	user_id INTEGER NOT NULL, 
	start_time TIMESTAMP WITHOUT TIME ZONE NOT NULL, 
	end_time TIMESTAMP WITHOUT TIME ZONE NOT NULL, 
	status VARCHAR NOT NULL, 
	notes VARCHAR, 
	created_at TIMESTAMP WITHOUT TIME ZONE NOT NULL, 
	updated_at TIMESTAMP WITHOUT TIME ZONE NOT NULL, 
	PRIMARY KEY (id), 
	FOREIGN KEY(room_id) REFERENCES rooms (id), 
	FOREIGN KEY(user_id) REFERENCES "user" (id)
)


2025-06-17 11:27:39,057 INFO sqlalchemy.engine.Engine [no key 0.01090s] {}
2025-06-17 11:27:39,103 INFO sqlalchemy.engine.Engine 
CREATE TABLE documents (
	id SERIAL NOT NULL, 
	created_at TIMESTAMP WITHOUT TIME ZONE NOT NULL, 
	updated_at TIMESTAMP WITHOUT TIME ZONE NOT NULL, 
	owner_id INTEGER NOT NULL, 
	name VARCHAR NOT NULL, 
	type VARCHAR NOT NULL, 
	size INTEGER NOT NULL, 
	upload_date TIMESTAMP WITHOUT TIME ZONE NOT NULL, 
	path VARCHAR NOT NULL, 
	checksum VARCHAR NOT NULL, 
	house_id INTEGER, 
	node_id INTEGER, 
	description VARCHAR, 
	PRIMARY KEY (id), 
	FOREIGN KEY(owner_id) REFERENCES "user" (id), 
	FOREIGN KEY(house_id) REFERENCES houses (id), 
	FOREIGN KEY(node_id) REFERENCES nodes (id)
)


2025-06-17 11:27:39,107 INFO sqlalchemy.engine.Engine [no key 0.00387s] {}
2025-06-17 11:27:39,166 INFO sqlalchemy.engine.Engine CREATE INDEX ix_documents_owner_id ON documents (owner_id)
2025-06-17 11:27:39,167 INFO sqlalchemy.engine.Engine [no key 0.00083s] {}
2025-06-17 11:27:39,184 INFO sqlalchemy.engine.Engine 
CREATE TABLE document_versions (
	id SERIAL NOT NULL, 
	version_number INTEGER NOT NULL, 
	file_path VARCHAR NOT NULL, 
	file_size INTEGER NOT NULL, 
	checksum VARCHAR NOT NULL, 
	created_at TIMESTAMP WITHOUT TIME ZONE NOT NULL, 
	updated_at TIMESTAMP WITHOUT TIME ZONE NOT NULL, 
	document_id INTEGER NOT NULL, 
	created_by_id INTEGER, 
	PRIMARY KEY (id), 
	FOREIGN KEY(document_id) REFERENCES documents (id), 
	FOREIGN KEY(created_by_id) REFERENCES "user" (id)
)


2025-06-17 11:27:39,186 INFO sqlalchemy.engine.Engine [no key 0.00190s] {}
2025-06-17 11:27:39,233 INFO sqlalchemy.engine.Engine CREATE INDEX ix_document_versions_version_number ON document_versions (version_number)
2025-06-17 11:27:39,234 INFO sqlalchemy.engine.Engine [no key 0.00129s] {}
2025-06-17 11:27:39,245 INFO sqlalchemy.engine.Engine CREATE INDEX ix_document_versions_created_by_id ON document_versions (created_by_id)
2025-06-17 11:27:39,247 INFO sqlalchemy.engine.Engine [no key 0.00148s] {}
2025-06-17 11:27:39,259 INFO sqlalchemy.engine.Engine CREATE INDEX ix_document_versions_document_id ON document_versions (document_id)
2025-06-17 11:27:39,260 INFO sqlalchemy.engine.Engine [no key 0.00079s] {}
2025-06-17 11:27:39,274 INFO sqlalchemy.engine.Engine 
CREATE TABLE maintenance_records (
	id SERIAL NOT NULL, 
	node_id INTEGER NOT NULL, 
	timestamp TIMESTAMP WITHOUT TIME ZONE NOT NULL, 
	maintenance_type maintenancetype NOT NULL, 
	description VARCHAR NOT NULL, 
	status maintenancestatus NOT NULL, 
	notes VARCHAR, 
	document_id INTEGER, 
	PRIMARY KEY (id), 
	FOREIGN KEY(node_id) REFERENCES nodes (id), 
	FOREIGN KEY(document_id) REFERENCES documents (id)
)


2025-06-17 11:27:39,276 INFO sqlalchemy.engine.Engine [no key 0.00185s] {}
2025-06-17 11:27:39,361 INFO sqlalchemy.engine.Engine CREATE INDEX ix_maintenance_records_node_id ON maintenance_records (node_id)
2025-06-17 11:27:39,363 INFO sqlalchemy.engine.Engine [no key 0.00188s] {}
2025-06-17 11:27:39,376 INFO sqlalchemy.engine.Engine COMMIT
---------------------------- Captured stderr setup ----------------------------
DEBUG:test_users:Setting up test database session...
INFO:sqlalchemy.engine.Engine:select pg_catalog.version()
INFO:sqlalchemy.engine.Engine:[raw sql] {}
INFO:sqlalchemy.engine.Engine:select current_schema()
INFO:sqlalchemy.engine.Engine:[raw sql] {}
INFO:sqlalchemy.engine.Engine:show standard_conforming_strings
INFO:sqlalchemy.engine.Engine:[raw sql] {}
INFO:sqlalchemy.engine.Engine:BEGIN (implicit)
INFO:sqlalchemy.engine.Engine:SELECT pg_catalog.pg_class.relname 
FROM pg_catalog.pg_class JOIN pg_catalog.pg_namespace ON pg_catalog.pg_namespace.oid = pg_catalog.pg_class.relnamespace 
WHERE pg_catalog.pg_class.relname = %(table_name)s AND pg_catalog.pg_class.relkind = ANY (ARRAY[%(param_1)s, %(param_2)s, %(param_3)s, %(param_4)s, %(param_5)s]) AND pg_catalog.pg_table_is_visible(pg_catalog.pg_class.oid) AND pg_catalog.pg_namespace.nspname != %(nspname_1)s
INFO:sqlalchemy.engine.Engine:[generated in 0.00412s] {'table_name': 'user', 'param_1': 'r', 'param_2': 'p', 'param_3': 'f', 'param_4': 'v', 'param_5': 'm', 'nspname_1': 'pg_catalog'}
DEBUG:app.db.session:Query eseguita in 0.02 secondi: SELECT pg_catalog.pg_class.relname 
FROM pg_catalog.pg_class JOIN pg_catalog.pg_namespace ON pg_catalog.pg_namespace.oid = pg_catalog.pg_class.relnamespace 
WHERE pg_catalog.pg_class.relname = %(table_name)s AND pg_catalog.pg_class.relkind = ANY (ARRAY[%(param_1)s, %(param_2)s, %(param_3)s, %(param_4)s, %(param_5)s]) AND pg_catalog.pg_table_is_visible(pg_catalog.pg_class.oid) AND pg_catalog.pg_namespace.nspname != %(nspname_1)s
INFO:sqlalchemy.engine.Engine:SELECT pg_catalog.pg_class.relname 
FROM pg_catalog.pg_class JOIN pg_catalog.pg_namespace ON pg_catalog.pg_namespace.oid = pg_catalog.pg_class.relnamespace 
WHERE pg_catalog.pg_class.relname = %(table_name)s AND pg_catalog.pg_class.relkind = ANY (ARRAY[%(param_1)s, %(param_2)s, %(param_3)s, %(param_4)s, %(param_5)s]) AND pg_catalog.pg_table_is_visible(pg_catalog.pg_class.oid) AND pg_catalog.pg_namespace.nspname != %(nspname_1)s
INFO:sqlalchemy.engine.Engine:[cached since 0.02913s ago] {'table_name': 'documents', 'param_1': 'r', 'param_2': 'p', 'param_3': 'f', 'param_4': 'v', 'param_5': 'm', 'nspname_1': 'pg_catalog'}
DEBUG:app.db.session:Query eseguita in 0.01 secondi: SELECT pg_catalog.pg_class.relname 
FROM pg_catalog.pg_class JOIN pg_catalog.pg_namespace ON pg_catalog.pg_namespace.oid = pg_catalog.pg_class.relnamespace 
WHERE pg_catalog.pg_class.relname = %(table_name)s AND pg_catalog.pg_class.relkind = ANY (ARRAY[%(param_1)s, %(param_2)s, %(param_3)s, %(param_4)s, %(param_5)s]) AND pg_catalog.pg_table_is_visible(pg_catalog.pg_class.oid) AND pg_catalog.pg_namespace.nspname != %(nspname_1)s
INFO:sqlalchemy.engine.Engine:SELECT pg_catalog.pg_class.relname 
FROM pg_catalog.pg_class JOIN pg_catalog.pg_namespace ON pg_catalog.pg_namespace.oid = pg_catalog.pg_class.relnamespace 
WHERE pg_catalog.pg_class.relname = %(table_name)s AND pg_catalog.pg_class.relkind = ANY (ARRAY[%(param_1)s, %(param_2)s, %(param_3)s, %(param_4)s, %(param_5)s]) AND pg_catalog.pg_table_is_visible(pg_catalog.pg_class.oid) AND pg_catalog.pg_namespace.nspname != %(nspname_1)s
INFO:sqlalchemy.engine.Engine:[cached since 0.03889s ago] {'table_name': 'document_versions', 'param_1': 'r', 'param_2': 'p', 'param_3': 'f', 'param_4': 'v', 'param_5': 'm', 'nspname_1': 'pg_catalog'}
DEBUG:app.db.session:Query eseguita in 0.01 secondi: SELECT pg_catalog.pg_class.relname 
FROM pg_catalog.pg_class JOIN pg_catalog.pg_namespace ON pg_catalog.pg_namespace.oid = pg_catalog.pg_class.relnamespace 
WHERE pg_catalog.pg_class.relname = %(table_name)s AND pg_catalog.pg_class.relkind = ANY (ARRAY[%(param_1)s, %(param_2)s, %(param_3)s, %(param_4)s, %(param_5)s]) AND pg_catalog.pg_table_is_visible(pg_catalog.pg_class.oid) AND pg_catalog.pg_namespace.nspname != %(nspname_1)s
INFO:sqlalchemy.engine.Engine:SELECT pg_catalog.pg_class.relname 
FROM pg_catalog.pg_class JOIN pg_catalog.pg_namespace ON pg_catalog.pg_namespace.oid = pg_catalog.pg_class.relnamespace 
WHERE pg_catalog.pg_class.relname = %(table_name)s AND pg_catalog.pg_class.relkind = ANY (ARRAY[%(param_1)s, %(param_2)s, %(param_3)s, %(param_4)s, %(param_5)s]) AND pg_catalog.pg_table_is_visible(pg_catalog.pg_class.oid) AND pg_catalog.pg_namespace.nspname != %(nspname_1)s
INFO:sqlalchemy.engine.Engine:[cached since 0.04909s ago] {'table_name': 'houses', 'param_1': 'r', 'param_2': 'p', 'param_3': 'f', 'param_4': 'v', 'param_5': 'm', 'nspname_1': 'pg_catalog'}
DEBUG:app.db.session:Query eseguita in 0.01 secondi: SELECT pg_catalog.pg_class.relname 
FROM pg_catalog.pg_class JOIN pg_catalog.pg_namespace ON pg_catalog.pg_namespace.oid = pg_catalog.pg_class.relnamespace 
WHERE pg_catalog.pg_class.relname = %(table_name)s AND pg_catalog.pg_class.relkind = ANY (ARRAY[%(param_1)s, %(param_2)s, %(param_3)s, %(param_4)s, %(param_5)s]) AND pg_catalog.pg_table_is_visible(pg_catalog.pg_class.oid) AND pg_catalog.pg_namespace.nspname != %(nspname_1)s
INFO:sqlalchemy.engine.Engine:SELECT pg_catalog.pg_class.relname 
FROM pg_catalog.pg_class JOIN pg_catalog.pg_namespace ON pg_catalog.pg_namespace.oid = pg_catalog.pg_class.relnamespace 
WHERE pg_catalog.pg_class.relname = %(table_name)s AND pg_catalog.pg_class.relkind = ANY (ARRAY[%(param_1)s, %(param_2)s, %(param_3)s, %(param_4)s, %(param_5)s]) AND pg_catalog.pg_table_is_visible(pg_catalog.pg_class.oid) AND pg_catalog.pg_namespace.nspname != %(nspname_1)s
INFO:sqlalchemy.engine.Engine:[cached since 0.06173s ago] {'table_name': 'nodes', 'param_1': 'r', 'param_2': 'p', 'param_3': 'f', 'param_4': 'v', 'param_5': 'm', 'nspname_1': 'pg_catalog'}
DEBUG:app.db.session:Query eseguita in 0.01 secondi: SELECT pg_catalog.pg_class.relname 
FROM pg_catalog.pg_class JOIN pg_catalog.pg_namespace ON pg_catalog.pg_namespace.oid = pg_catalog.pg_class.relnamespace 
WHERE pg_catalog.pg_class.relname = %(table_name)s AND pg_catalog.pg_class.relkind = ANY (ARRAY[%(param_1)s, %(param_2)s, %(param_3)s, %(param_4)s, %(param_5)s]) AND pg_catalog.pg_table_is_visible(pg_catalog.pg_class.oid) AND pg_catalog.pg_namespace.nspname != %(nspname_1)s
INFO:sqlalchemy.engine.Engine:SELECT pg_catalog.pg_class.relname 
FROM pg_catalog.pg_class JOIN pg_catalog.pg_namespace ON pg_catalog.pg_namespace.oid = pg_catalog.pg_class.relnamespace 
WHERE pg_catalog.pg_class.relname = %(table_name)s AND pg_catalog.pg_class.relkind = ANY (ARRAY[%(param_1)s, %(param_2)s, %(param_3)s, %(param_4)s, %(param_5)s]) AND pg_catalog.pg_table_is_visible(pg_catalog.pg_class.oid) AND pg_catalog.pg_namespace.nspname != %(nspname_1)s
INFO:sqlalchemy.engine.Engine:[cached since 0.06757s ago] {'table_name': 'rooms', 'param_1': 'r', 'param_2': 'p', 'param_3': 'f', 'param_4': 'v', 'param_5': 'm', 'nspname_1': 'pg_catalog'}
DEBUG:app.db.session:Query eseguita in 0.01 secondi: SELECT pg_catalog.pg_class.relname 
FROM pg_catalog.pg_class JOIN pg_catalog.pg_namespace ON pg_catalog.pg_namespace.oid = pg_catalog.pg_class.relnamespace 
WHERE pg_catalog.pg_class.relname = %(table_name)s AND pg_catalog.pg_class.relkind = ANY (ARRAY[%(param_1)s, %(param_2)s, %(param_3)s, %(param_4)s, %(param_5)s]) AND pg_catalog.pg_table_is_visible(pg_catalog.pg_class.oid) AND pg_catalog.pg_namespace.nspname != %(nspname_1)s
INFO:sqlalchemy.engine.Engine:SELECT pg_catalog.pg_class.relname 
FROM pg_catalog.pg_class JOIN pg_catalog.pg_namespace ON pg_catalog.pg_namespace.oid = pg_catalog.pg_class.relnamespace 
WHERE pg_catalog.pg_class.relname = %(table_name)s AND pg_catalog.pg_class.relkind = ANY (ARRAY[%(param_1)s, %(param_2)s, %(param_3)s, %(param_4)s, %(param_5)s]) AND pg_catalog.pg_table_is_visible(pg_catalog.pg_class.oid) AND pg_catalog.pg_namespace.nspname != %(nspname_1)s
INFO:sqlalchemy.engine.Engine:[cached since 0.08012s ago] {'table_name': 'bookings', 'param_1': 'r', 'param_2': 'p', 'param_3': 'f', 'param_4': 'v', 'param_5': 'm', 'nspname_1': 'pg_catalog'}
DEBUG:app.db.session:Query eseguita in 0.00 secondi: SELECT pg_catalog.pg_class.relname 
FROM pg_catalog.pg_class JOIN pg_catalog.pg_namespace ON pg_catalog.pg_namespace.oid = pg_catalog.pg_class.relnamespace 
WHERE pg_catalog.pg_class.relname = %(table_name)s AND pg_catalog.pg_class.relkind = ANY (ARRAY[%(param_1)s, %(param_2)s, %(param_3)s, %(param_4)s, %(param_5)s]) AND pg_catalog.pg_table_is_visible(pg_catalog.pg_class.oid) AND pg_catalog.pg_namespace.nspname != %(nspname_1)s
INFO:sqlalchemy.engine.Engine:SELECT pg_catalog.pg_class.relname 
FROM pg_catalog.pg_class JOIN pg_catalog.pg_namespace ON pg_catalog.pg_namespace.oid = pg_catalog.pg_class.relnamespace 
WHERE pg_catalog.pg_class.relname = %(table_name)s AND pg_catalog.pg_class.relkind = ANY (ARRAY[%(param_1)s, %(param_2)s, %(param_3)s, %(param_4)s, %(param_5)s]) AND pg_catalog.pg_table_is_visible(pg_catalog.pg_class.oid) AND pg_catalog.pg_namespace.nspname != %(nspname_1)s
INFO:sqlalchemy.engine.Engine:[cached since 0.08695s ago] {'table_name': 'maintenance_records', 'param_1': 'r', 'param_2': 'p', 'param_3': 'f', 'param_4': 'v', 'param_5': 'm', 'nspname_1': 'pg_catalog'}
DEBUG:app.db.session:Query eseguita in 0.01 secondi: SELECT pg_catalog.pg_class.relname 
FROM pg_catalog.pg_class JOIN pg_catalog.pg_namespace ON pg_catalog.pg_namespace.oid = pg_catalog.pg_class.relnamespace 
WHERE pg_catalog.pg_class.relname = %(table_name)s AND pg_catalog.pg_class.relkind = ANY (ARRAY[%(param_1)s, %(param_2)s, %(param_3)s, %(param_4)s, %(param_5)s]) AND pg_catalog.pg_table_is_visible(pg_catalog.pg_class.oid) AND pg_catalog.pg_namespace.nspname != %(nspname_1)s
INFO:sqlalchemy.engine.Engine:SELECT pg_catalog.pg_type.typname 
FROM pg_catalog.pg_type JOIN pg_catalog.pg_namespace ON pg_catalog.pg_namespace.oid = pg_catalog.pg_type.typnamespace 
WHERE pg_catalog.pg_type.typname = %(typname_1)s AND pg_catalog.pg_type_is_visible(pg_catalog.pg_type.oid) AND pg_catalog.pg_namespace.nspname != %(nspname_1)s
INFO:sqlalchemy.engine.Engine:[generated in 0.00391s] {'typname_1': 'maintenancetype', 'nspname_1': 'pg_catalog'}
DEBUG:app.db.session:Query eseguita in 0.01 secondi: SELECT pg_catalog.pg_type.typname 
FROM pg_catalog.pg_type JOIN pg_catalog.pg_namespace ON pg_catalog.pg_namespace.oid = pg_catalog.pg_type.typnamespace 
WHERE pg_catalog.pg_type.typname = %(typname_1)s AND pg_catalog.pg_type_is_visible(pg_catalog.pg_type.oid) AND pg_catalog.pg_namespace.nspname != %(nspname_1)s
INFO:sqlalchemy.engine.Engine:CREATE TYPE maintenancetype AS ENUM ('ROUTINE', 'PREVENTIVE', 'CORRECTIVE', 'EMERGENCY', 'INSPECTION')
INFO:sqlalchemy.engine.Engine:[no key 0.00078s] {}
DEBUG:app.db.session:Query eseguita in 0.01 secondi: CREATE TYPE maintenancetype AS ENUM ('ROUTINE', 'PREVENTIVE', 'CORRECTIVE', 'EMERGENCY', 'INSPECTION')
INFO:sqlalchemy.engine.Engine:SELECT pg_catalog.pg_type.typname 
FROM pg_catalog.pg_type JOIN pg_catalog.pg_namespace ON pg_catalog.pg_namespace.oid = pg_catalog.pg_type.typnamespace 
WHERE pg_catalog.pg_type.typname = %(typname_1)s AND pg_catalog.pg_type_is_visible(pg_catalog.pg_type.oid) AND pg_catalog.pg_namespace.nspname != %(nspname_1)s
INFO:sqlalchemy.engine.Engine:[cached since 0.03689s ago] {'typname_1': 'maintenancestatus', 'nspname_1': 'pg_catalog'}
DEBUG:app.db.session:Query eseguita in 0.01 secondi: SELECT pg_catalog.pg_type.typname 
FROM pg_catalog.pg_type JOIN pg_catalog.pg_namespace ON pg_catalog.pg_namespace.oid = pg_catalog.pg_type.typnamespace 
WHERE pg_catalog.pg_type.typname = %(typname_1)s AND pg_catalog.pg_type_is_visible(pg_catalog.pg_type.oid) AND pg_catalog.pg_namespace.nspname != %(nspname_1)s
INFO:sqlalchemy.engine.Engine:CREATE TYPE maintenancestatus AS ENUM ('PENDING', 'COMPLETED', 'FAILED')
INFO:sqlalchemy.engine.Engine:[no key 0.00207s] {}
DEBUG:app.db.session:Query eseguita in 0.01 secondi: CREATE TYPE maintenancestatus AS ENUM ('PENDING', 'COMPLETED', 'FAILED')
INFO:sqlalchemy.engine.Engine:
CREATE TABLE "user" (
	id SERIAL NOT NULL, 
	email VARCHAR NOT NULL, 
	username VARCHAR NOT NULL, 
	hashed_password VARCHAR NOT NULL, 
	is_active BOOLEAN NOT NULL, 
	is_superuser BOOLEAN NOT NULL, 
	is_verified BOOLEAN NOT NULL, 
	created_at TIMESTAMP WITHOUT TIME ZONE NOT NULL, 
	updated_at TIMESTAMP WITHOUT TIME ZONE NOT NULL, 
	last_login TIMESTAMP WITH TIME ZONE, 
	full_name VARCHAR(255), 
	phone_number VARCHAR(20), 
	PRIMARY KEY (id)
)


INFO:sqlalchemy.engine.Engine:[no key 0.00101s] {}
DEBUG:app.db.session:Query eseguita in 0.04 secondi: 
CREATE TABLE "user" (
	id SERIAL NOT NULL, 
	email VARCHAR NOT NULL, 
	username VARCHAR NOT NULL, 
	hashed_password VARCHAR NOT NULL, 
	is_active BOOLEAN NOT NULL, 
	is_superuser BOOLEAN NOT NULL, 
	is_verified BOOLEAN NOT NULL, 
	created_at TIMESTAMP WITHOUT TIME ZONE NOT NULL, 
	updated_at TIMESTAMP WITHOUT TIME ZONE NOT NULL, 
	last_login TIMESTAMP WITH TIME ZONE, 
	full_name VARCHAR(255), 
	phone_number VARCHAR(20), 
	PRIMARY KEY (id)
)


INFO:sqlalchemy.engine.Engine:CREATE UNIQUE INDEX ix_user_email ON "user" (email)
INFO:sqlalchemy.engine.Engine:[no key 0.00259s] {}
DEBUG:app.db.session:Query eseguita in 0.01 secondi: CREATE UNIQUE INDEX ix_user_email ON "user" (email)
INFO:sqlalchemy.engine.Engine:CREATE UNIQUE INDEX ix_user_username ON "user" (username)
INFO:sqlalchemy.engine.Engine:[no key 0.00481s] {}
DEBUG:app.db.session:Query eseguita in 0.02 secondi: CREATE UNIQUE INDEX ix_user_username ON "user" (username)
INFO:sqlalchemy.engine.Engine:
CREATE TABLE houses (
	id SERIAL NOT NULL, 
	name VARCHAR NOT NULL, 
	address VARCHAR NOT NULL, 
	owner_id INTEGER NOT NULL, 
	created_at TIMESTAMP WITHOUT TIME ZONE NOT NULL, 
	updated_at TIMESTAMP WITHOUT TIME ZONE NOT NULL, 
	PRIMARY KEY (id), 
	FOREIGN KEY(owner_id) REFERENCES "user" (id)
)


INFO:sqlalchemy.engine.Engine:[no key 0.00127s] {}
DEBUG:app.db.session:Query eseguita in 0.04 secondi: 
CREATE TABLE houses (
	id SERIAL NOT NULL, 
	name VARCHAR NOT NULL, 
	address VARCHAR NOT NULL, 
	owner_id INTEGER NOT NULL, 
	created_at TIMESTAMP WITHOUT TIME ZONE NOT NULL, 
	updated_at TIMESTAMP WITHOUT TIME ZONE NOT NULL, 
	PRIMARY KEY (id), 
	FOREIGN KEY(owner_id) REFERENCES "user" (id)
)


INFO:sqlalchemy.engine.Engine:CREATE INDEX ix_houses_name ON houses (name)
INFO:sqlalchemy.engine.Engine:[no key 0.00218s] {}
DEBUG:app.db.session:Query eseguita in 0.01 secondi: CREATE INDEX ix_houses_name ON houses (name)
INFO:sqlalchemy.engine.Engine:
CREATE TABLE rooms (
	id SERIAL NOT NULL, 
	name VARCHAR NOT NULL, 
	description VARCHAR, 
	floor INTEGER NOT NULL, 
	area FLOAT NOT NULL, 
	house_id INTEGER NOT NULL, 
	created_at TIMESTAMP WITHOUT TIME ZONE NOT NULL, 
	updated_at TIMESTAMP WITHOUT TIME ZONE NOT NULL, 
	PRIMARY KEY (id), 
	FOREIGN KEY(house_id) REFERENCES houses (id)
)


INFO:sqlalchemy.engine.Engine:[no key 0.00099s] {}
DEBUG:app.db.session:Query eseguita in 0.03 secondi: 
CREATE TABLE rooms (
	id SERIAL NOT NULL, 
	name VARCHAR NOT NULL, 
	description VARCHAR, 
	floor INTEGER NOT NULL, 
	area FLOAT NOT NULL, 
	house_id INTEGER NOT NULL, 
	created_at TIMESTAMP WITHOUT TIME ZONE NOT NULL, 
	updated_at TIMESTAMP WITHOUT TIME ZONE NOT NULL, 
	PRIMARY KEY (id), 
	FOREIGN KEY(house_id) REFERENCES houses (id)
)


INFO:sqlalchemy.engine.Engine:CREATE INDEX ix_rooms_name ON rooms (name)
INFO:sqlalchemy.engine.Engine:[no key 0.00094s] {}
DEBUG:app.db.session:Query eseguita in 0.01 secondi: CREATE INDEX ix_rooms_name ON rooms (name)
INFO:sqlalchemy.engine.Engine:
CREATE TABLE nodes (
	id SERIAL NOT NULL, 
	name VARCHAR NOT NULL, 
	description VARCHAR, 
	nfc_id VARCHAR NOT NULL, 
	house_id INTEGER NOT NULL, 
	room_id INTEGER, 
	PRIMARY KEY (id), 
	FOREIGN KEY(house_id) REFERENCES houses (id), 
	FOREIGN KEY(room_id) REFERENCES rooms (id)
)


INFO:sqlalchemy.engine.Engine:[no key 0.00284s] {}
DEBUG:app.db.session:Query eseguita in 0.04 secondi: 
CREATE TABLE nodes (
	id SERIAL NOT NULL, 
	name VARCHAR NOT NULL, 
	description VARCHAR, 
	nfc_id VARCHAR NOT NULL, 
	house_id INTEGER NOT NULL, 
	room_id INTEGER, 
	PRIMARY KEY (id), 
	FOREIGN KEY(house_id) REFERENCES houses (id), 
	FOREIGN KEY(room_id) REFERENCES rooms (id)
)


INFO:sqlalchemy.engine.Engine:CREATE UNIQUE INDEX ix_nodes_nfc_id ON nodes (nfc_id)
INFO:sqlalchemy.engine.Engine:[no key 0.00281s] {}
DEBUG:app.db.session:Query eseguita in 0.01 secondi: CREATE UNIQUE INDEX ix_nodes_nfc_id ON nodes (nfc_id)
INFO:sqlalchemy.engine.Engine:
CREATE TABLE bookings (
	id SERIAL NOT NULL, 
	room_id INTEGER NOT NULL, 
	user_id INTEGER NOT NULL, 
	start_time TIMESTAMP WITHOUT TIME ZONE NOT NULL, 
	end_time TIMESTAMP WITHOUT TIME ZONE NOT NULL, 
	status VARCHAR NOT NULL, 
	notes VARCHAR, 
	created_at TIMESTAMP WITHOUT TIME ZONE NOT NULL, 
	updated_at TIMESTAMP WITHOUT TIME ZONE NOT NULL, 
	PRIMARY KEY (id), 
	FOREIGN KEY(room_id) REFERENCES rooms (id), 
	FOREIGN KEY(user_id) REFERENCES "user" (id)
)


INFO:sqlalchemy.engine.Engine:[no key 0.01090s] {}
DEBUG:app.db.session:Query eseguita in 0.05 secondi: 
CREATE TABLE bookings (
	id SERIAL NOT NULL, 
	room_id INTEGER NOT NULL, 
	user_id INTEGER NOT NULL, 
	start_time TIMESTAMP WITHOUT TIME ZONE NOT NULL, 
	end_time TIMESTAMP WITHOUT TIME ZONE NOT NULL, 
	status VARCHAR NOT NULL, 
	notes VARCHAR, 
	created_at TIMESTAMP WITHOUT TIME ZONE NOT NULL, 
	updated_at TIMESTAMP WITHOUT TIME ZONE NOT NULL, 
	PRIMARY KEY (id), 
	FOREIGN KEY(room_id) REFERENCES rooms (id), 
	FOREIGN KEY(user_id) REFERENCES "user" (id)
)


INFO:sqlalchemy.engine.Engine:
CREATE TABLE documents (
	id SERIAL NOT NULL, 
	created_at TIMESTAMP WITHOUT TIME ZONE NOT NULL, 
	updated_at TIMESTAMP WITHOUT TIME ZONE NOT NULL, 
	owner_id INTEGER NOT NULL, 
	name VARCHAR NOT NULL, 
	type VARCHAR NOT NULL, 
	size INTEGER NOT NULL, 
	upload_date TIMESTAMP WITHOUT TIME ZONE NOT NULL, 
	path VARCHAR NOT NULL, 
	checksum VARCHAR NOT NULL, 
	house_id INTEGER, 
	node_id INTEGER, 
	description VARCHAR, 
	PRIMARY KEY (id), 
	FOREIGN KEY(owner_id) REFERENCES "user" (id), 
	FOREIGN KEY(house_id) REFERENCES houses (id), 
	FOREIGN KEY(node_id) REFERENCES nodes (id)
)


INFO:sqlalchemy.engine.Engine:[no key 0.00387s] {}
DEBUG:app.db.session:Query eseguita in 0.05 secondi: 
CREATE TABLE documents (
	id SERIAL NOT NULL, 
	created_at TIMESTAMP WITHOUT TIME ZONE NOT NULL, 
	updated_at TIMESTAMP WITHOUT TIME ZONE NOT NULL, 
	owner_id INTEGER NOT NULL, 
	name VARCHAR NOT NULL, 
	type VARCHAR NOT NULL, 
	size INTEGER NOT NULL, 
	upload_date TIMESTAMP WITHOUT TIME ZONE NOT NULL, 
	path VARCHAR NOT NULL, 
	checksum VARCHAR NOT NULL, 
	house_id INTEGER, 
	node_id INTEGER, 
	description VARCHAR, 
	PRIMARY KEY (id), 
	FOREIGN KEY(owner_id) REFERENCES "user" (id), 
	FOREIGN KEY(house_id) REFERENCES houses (id), 
	FOREIGN KEY(node_id) REFERENCES nodes (id)
)


INFO:sqlalchemy.engine.Engine:CREATE INDEX ix_documents_owner_id ON documents (owner_id)
INFO:sqlalchemy.engine.Engine:[no key 0.00083s] {}
DEBUG:app.db.session:Query eseguita in 0.01 secondi: CREATE INDEX ix_documents_owner_id ON documents (owner_id)
INFO:sqlalchemy.engine.Engine:
CREATE TABLE document_versions (
	id SERIAL NOT NULL, 
	version_number INTEGER NOT NULL, 
	file_path VARCHAR NOT NULL, 
	file_size INTEGER NOT NULL, 
	checksum VARCHAR NOT NULL, 
	created_at TIMESTAMP WITHOUT TIME ZONE NOT NULL, 
	updated_at TIMESTAMP WITHOUT TIME ZONE NOT NULL, 
	document_id INTEGER NOT NULL, 
	created_by_id INTEGER, 
	PRIMARY KEY (id), 
	FOREIGN KEY(document_id) REFERENCES documents (id), 
	FOREIGN KEY(created_by_id) REFERENCES "user" (id)
)


INFO:sqlalchemy.engine.Engine:[no key 0.00190s] {}
DEBUG:app.db.session:Query eseguita in 0.04 secondi: 
CREATE TABLE document_versions (
	id SERIAL NOT NULL, 
	version_number INTEGER NOT NULL, 
	file_path VARCHAR NOT NULL, 
	file_size INTEGER NOT NULL, 
	checksum VARCHAR NOT NULL, 
	created_at TIMESTAMP WITHOUT TIME ZONE NOT NULL, 
	updated_at TIMESTAMP WITHOUT TIME ZONE NOT NULL, 
	document_id INTEGER NOT NULL, 
	created_by_id INTEGER, 
	PRIMARY KEY (id), 
	FOREIGN KEY(document_id) REFERENCES documents (id), 
	FOREIGN KEY(created_by_id) REFERENCES "user" (id)
)


INFO:sqlalchemy.engine.Engine:CREATE INDEX ix_document_versions_version_number ON document_versions (version_number)
INFO:sqlalchemy.engine.Engine:[no key 0.00129s] {}
DEBUG:app.db.session:Query eseguita in 0.01 secondi: CREATE INDEX ix_document_versions_version_number ON document_versions (version_number)
INFO:sqlalchemy.engine.Engine:CREATE INDEX ix_document_versions_created_by_id ON document_versions (created_by_id)
INFO:sqlalchemy.engine.Engine:[no key 0.00148s] {}
DEBUG:app.db.session:Query eseguita in 0.01 secondi: CREATE INDEX ix_document_versions_created_by_id ON document_versions (created_by_id)
INFO:sqlalchemy.engine.Engine:CREATE INDEX ix_document_versions_document_id ON document_versions (document_id)
INFO:sqlalchemy.engine.Engine:[no key 0.00079s] {}
DEBUG:app.db.session:Query eseguita in 0.01 secondi: CREATE INDEX ix_document_versions_document_id ON document_versions (document_id)
INFO:sqlalchemy.engine.Engine:
CREATE TABLE maintenance_records (
	id SERIAL NOT NULL, 
	node_id INTEGER NOT NULL, 
	timestamp TIMESTAMP WITHOUT TIME ZONE NOT NULL, 
	maintenance_type maintenancetype NOT NULL, 
	description VARCHAR NOT NULL, 
	status maintenancestatus NOT NULL, 
	notes VARCHAR, 
	document_id INTEGER, 
	PRIMARY KEY (id), 
	FOREIGN KEY(node_id) REFERENCES nodes (id), 
	FOREIGN KEY(document_id) REFERENCES documents (id)
)


INFO:sqlalchemy.engine.Engine:[no key 0.00185s] {}
DEBUG:app.db.session:Query eseguita in 0.03 secondi: 
CREATE TABLE maintenance_records (
	id SERIAL NOT NULL, 
	node_id INTEGER NOT NULL, 
	timestamp TIMESTAMP WITHOUT TIME ZONE NOT NULL, 
	maintenance_type maintenancetype NOT NULL, 
	description VARCHAR NOT NULL, 
	status maintenancestatus NOT NULL, 
	notes VARCHAR, 
	document_id INTEGER, 
	PRIMARY KEY (id), 
	FOREIGN KEY(node_id) REFERENCES nodes (id), 
	FOREIGN KEY(document_id) REFERENCES documents (id)
)


INFO:sqlalchemy.engine.Engine:CREATE INDEX ix_maintenance_records_node_id ON maintenance_records (node_id)
INFO:sqlalchemy.engine.Engine:[no key 0.00188s] {}
DEBUG:app.db.session:Query eseguita in 0.01 secondi: CREATE INDEX ix_maintenance_records_node_id ON maintenance_records (node_id)
INFO:sqlalchemy.engine.Engine:COMMIT
DEBUG:test_users:Test database tables created successfully
DEBUG:test_users:Test database session created successfully
DEBUG:conftest:Overriding get_session for tests...
DEBUG:tests.conftest_redis:Setting up FakeRedis for tests...
DEBUG:app.core.redis:Connessione Redis stabilita con successo
----------------------------- Captured log setup ------------------------------
DEBUG    test_users:test_users.py:38 Setting up test database session...
INFO     sqlalchemy.engine.Engine:base.py:1842 select pg_catalog.version()
INFO     sqlalchemy.engine.Engine:base.py:1842 [raw sql] {}
INFO     sqlalchemy.engine.Engine:base.py:1842 select current_schema()
INFO     sqlalchemy.engine.Engine:base.py:1842 [raw sql] {}
INFO     sqlalchemy.engine.Engine:base.py:1842 show standard_conforming_strings
INFO     sqlalchemy.engine.Engine:base.py:1842 [raw sql] {}
INFO     sqlalchemy.engine.Engine:base.py:2698 BEGIN (implicit)
INFO     sqlalchemy.engine.Engine:base.py:1842 SELECT pg_catalog.pg_class.relname 
FROM pg_catalog.pg_class JOIN pg_catalog.pg_namespace ON pg_catalog.pg_namespace.oid = pg_catalog.pg_class.relnamespace 
WHERE pg_catalog.pg_class.relname = %(table_name)s AND pg_catalog.pg_class.relkind = ANY (ARRAY[%(param_1)s, %(param_2)s, %(param_3)s, %(param_4)s, %(param_5)s]) AND pg_catalog.pg_table_is_visible(pg_catalog.pg_class.oid) AND pg_catalog.pg_namespace.nspname != %(nspname_1)s
INFO     sqlalchemy.engine.Engine:base.py:1842 [generated in 0.00412s] {'table_name': 'user', 'param_1': 'r', 'param_2': 'p', 'param_3': 'f', 'param_4': 'v', 'param_5': 'm', 'nspname_1': 'pg_catalog'}
DEBUG    app.db.session:session.py:30 Query eseguita in 0.02 secondi: SELECT pg_catalog.pg_class.relname 
FROM pg_catalog.pg_class JOIN pg_catalog.pg_namespace ON pg_catalog.pg_namespace.oid = pg_catalog.pg_class.relnamespace 
WHERE pg_catalog.pg_class.relname = %(table_name)s AND pg_catalog.pg_class.relkind = ANY (ARRAY[%(param_1)s, %(param_2)s, %(param_3)s, %(param_4)s, %(param_5)s]) AND pg_catalog.pg_table_is_visible(pg_catalog.pg_class.oid) AND pg_catalog.pg_namespace.nspname != %(nspname_1)s
INFO     sqlalchemy.engine.Engine:base.py:1842 SELECT pg_catalog.pg_class.relname 
FROM pg_catalog.pg_class JOIN pg_catalog.pg_namespace ON pg_catalog.pg_namespace.oid = pg_catalog.pg_class.relnamespace 
WHERE pg_catalog.pg_class.relname = %(table_name)s AND pg_catalog.pg_class.relkind = ANY (ARRAY[%(param_1)s, %(param_2)s, %(param_3)s, %(param_4)s, %(param_5)s]) AND pg_catalog.pg_table_is_visible(pg_catalog.pg_class.oid) AND pg_catalog.pg_namespace.nspname != %(nspname_1)s
INFO     sqlalchemy.engine.Engine:base.py:1842 [cached since 0.02913s ago] {'table_name': 'documents', 'param_1': 'r', 'param_2': 'p', 'param_3': 'f', 'param_4': 'v', 'param_5': 'm', 'nspname_1': 'pg_catalog'}
DEBUG    app.db.session:session.py:30 Query eseguita in 0.01 secondi: SELECT pg_catalog.pg_class.relname 
FROM pg_catalog.pg_class JOIN pg_catalog.pg_namespace ON pg_catalog.pg_namespace.oid = pg_catalog.pg_class.relnamespace 
WHERE pg_catalog.pg_class.relname = %(table_name)s AND pg_catalog.pg_class.relkind = ANY (ARRAY[%(param_1)s, %(param_2)s, %(param_3)s, %(param_4)s, %(param_5)s]) AND pg_catalog.pg_table_is_visible(pg_catalog.pg_class.oid) AND pg_catalog.pg_namespace.nspname != %(nspname_1)s
INFO     sqlalchemy.engine.Engine:base.py:1842 SELECT pg_catalog.pg_class.relname 
FROM pg_catalog.pg_class JOIN pg_catalog.pg_namespace ON pg_catalog.pg_namespace.oid = pg_catalog.pg_class.relnamespace 
WHERE pg_catalog.pg_class.relname = %(table_name)s AND pg_catalog.pg_class.relkind = ANY (ARRAY[%(param_1)s, %(param_2)s, %(param_3)s, %(param_4)s, %(param_5)s]) AND pg_catalog.pg_table_is_visible(pg_catalog.pg_class.oid) AND pg_catalog.pg_namespace.nspname != %(nspname_1)s
INFO     sqlalchemy.engine.Engine:base.py:1842 [cached since 0.03889s ago] {'table_name': 'document_versions', 'param_1': 'r', 'param_2': 'p', 'param_3': 'f', 'param_4': 'v', 'param_5': 'm', 'nspname_1': 'pg_catalog'}
DEBUG    app.db.session:session.py:30 Query eseguita in 0.01 secondi: SELECT pg_catalog.pg_class.relname 
FROM pg_catalog.pg_class JOIN pg_catalog.pg_namespace ON pg_catalog.pg_namespace.oid = pg_catalog.pg_class.relnamespace 
WHERE pg_catalog.pg_class.relname = %(table_name)s AND pg_catalog.pg_class.relkind = ANY (ARRAY[%(param_1)s, %(param_2)s, %(param_3)s, %(param_4)s, %(param_5)s]) AND pg_catalog.pg_table_is_visible(pg_catalog.pg_class.oid) AND pg_catalog.pg_namespace.nspname != %(nspname_1)s
INFO     sqlalchemy.engine.Engine:base.py:1842 SELECT pg_catalog.pg_class.relname 
FROM pg_catalog.pg_class JOIN pg_catalog.pg_namespace ON pg_catalog.pg_namespace.oid = pg_catalog.pg_class.relnamespace 
WHERE pg_catalog.pg_class.relname = %(table_name)s AND pg_catalog.pg_class.relkind = ANY (ARRAY[%(param_1)s, %(param_2)s, %(param_3)s, %(param_4)s, %(param_5)s]) AND pg_catalog.pg_table_is_visible(pg_catalog.pg_class.oid) AND pg_catalog.pg_namespace.nspname != %(nspname_1)s
INFO     sqlalchemy.engine.Engine:base.py:1842 [cached since 0.04909s ago] {'table_name': 'houses', 'param_1': 'r', 'param_2': 'p', 'param_3': 'f', 'param_4': 'v', 'param_5': 'm', 'nspname_1': 'pg_catalog'}
DEBUG    app.db.session:session.py:30 Query eseguita in 0.01 secondi: SELECT pg_catalog.pg_class.relname 
FROM pg_catalog.pg_class JOIN pg_catalog.pg_namespace ON pg_catalog.pg_namespace.oid = pg_catalog.pg_class.relnamespace 
WHERE pg_catalog.pg_class.relname = %(table_name)s AND pg_catalog.pg_class.relkind = ANY (ARRAY[%(param_1)s, %(param_2)s, %(param_3)s, %(param_4)s, %(param_5)s]) AND pg_catalog.pg_table_is_visible(pg_catalog.pg_class.oid) AND pg_catalog.pg_namespace.nspname != %(nspname_1)s
INFO     sqlalchemy.engine.Engine:base.py:1842 SELECT pg_catalog.pg_class.relname 
FROM pg_catalog.pg_class JOIN pg_catalog.pg_namespace ON pg_catalog.pg_namespace.oid = pg_catalog.pg_class.relnamespace 
WHERE pg_catalog.pg_class.relname = %(table_name)s AND pg_catalog.pg_class.relkind = ANY (ARRAY[%(param_1)s, %(param_2)s, %(param_3)s, %(param_4)s, %(param_5)s]) AND pg_catalog.pg_table_is_visible(pg_catalog.pg_class.oid) AND pg_catalog.pg_namespace.nspname != %(nspname_1)s
INFO     sqlalchemy.engine.Engine:base.py:1842 [cached since 0.06173s ago] {'table_name': 'nodes', 'param_1': 'r', 'param_2': 'p', 'param_3': 'f', 'param_4': 'v', 'param_5': 'm', 'nspname_1': 'pg_catalog'}
DEBUG    app.db.session:session.py:30 Query eseguita in 0.01 secondi: SELECT pg_catalog.pg_class.relname 
FROM pg_catalog.pg_class JOIN pg_catalog.pg_namespace ON pg_catalog.pg_namespace.oid = pg_catalog.pg_class.relnamespace 
WHERE pg_catalog.pg_class.relname = %(table_name)s AND pg_catalog.pg_class.relkind = ANY (ARRAY[%(param_1)s, %(param_2)s, %(param_3)s, %(param_4)s, %(param_5)s]) AND pg_catalog.pg_table_is_visible(pg_catalog.pg_class.oid) AND pg_catalog.pg_namespace.nspname != %(nspname_1)s
INFO     sqlalchemy.engine.Engine:base.py:1842 SELECT pg_catalog.pg_class.relname 
FROM pg_catalog.pg_class JOIN pg_catalog.pg_namespace ON pg_catalog.pg_namespace.oid = pg_catalog.pg_class.relnamespace 
WHERE pg_catalog.pg_class.relname = %(table_name)s AND pg_catalog.pg_class.relkind = ANY (ARRAY[%(param_1)s, %(param_2)s, %(param_3)s, %(param_4)s, %(param_5)s]) AND pg_catalog.pg_table_is_visible(pg_catalog.pg_class.oid) AND pg_catalog.pg_namespace.nspname != %(nspname_1)s
INFO     sqlalchemy.engine.Engine:base.py:1842 [cached since 0.06757s ago] {'table_name': 'rooms', 'param_1': 'r', 'param_2': 'p', 'param_3': 'f', 'param_4': 'v', 'param_5': 'm', 'nspname_1': 'pg_catalog'}
DEBUG    app.db.session:session.py:30 Query eseguita in 0.01 secondi: SELECT pg_catalog.pg_class.relname 
FROM pg_catalog.pg_class JOIN pg_catalog.pg_namespace ON pg_catalog.pg_namespace.oid = pg_catalog.pg_class.relnamespace 
WHERE pg_catalog.pg_class.relname = %(table_name)s AND pg_catalog.pg_class.relkind = ANY (ARRAY[%(param_1)s, %(param_2)s, %(param_3)s, %(param_4)s, %(param_5)s]) AND pg_catalog.pg_table_is_visible(pg_catalog.pg_class.oid) AND pg_catalog.pg_namespace.nspname != %(nspname_1)s
INFO     sqlalchemy.engine.Engine:base.py:1842 SELECT pg_catalog.pg_class.relname 
FROM pg_catalog.pg_class JOIN pg_catalog.pg_namespace ON pg_catalog.pg_namespace.oid = pg_catalog.pg_class.relnamespace 
WHERE pg_catalog.pg_class.relname = %(table_name)s AND pg_catalog.pg_class.relkind = ANY (ARRAY[%(param_1)s, %(param_2)s, %(param_3)s, %(param_4)s, %(param_5)s]) AND pg_catalog.pg_table_is_visible(pg_catalog.pg_class.oid) AND pg_catalog.pg_namespace.nspname != %(nspname_1)s
INFO     sqlalchemy.engine.Engine:base.py:1842 [cached since 0.08012s ago] {'table_name': 'bookings', 'param_1': 'r', 'param_2': 'p', 'param_3': 'f', 'param_4': 'v', 'param_5': 'm', 'nspname_1': 'pg_catalog'}
DEBUG    app.db.session:session.py:30 Query eseguita in 0.00 secondi: SELECT pg_catalog.pg_class.relname 
FROM pg_catalog.pg_class JOIN pg_catalog.pg_namespace ON pg_catalog.pg_namespace.oid = pg_catalog.pg_class.relnamespace 
WHERE pg_catalog.pg_class.relname = %(table_name)s AND pg_catalog.pg_class.relkind = ANY (ARRAY[%(param_1)s, %(param_2)s, %(param_3)s, %(param_4)s, %(param_5)s]) AND pg_catalog.pg_table_is_visible(pg_catalog.pg_class.oid) AND pg_catalog.pg_namespace.nspname != %(nspname_1)s
INFO     sqlalchemy.engine.Engine:base.py:1842 SELECT pg_catalog.pg_class.relname 
FROM pg_catalog.pg_class JOIN pg_catalog.pg_namespace ON pg_catalog.pg_namespace.oid = pg_catalog.pg_class.relnamespace 
WHERE pg_catalog.pg_class.relname = %(table_name)s AND pg_catalog.pg_class.relkind = ANY (ARRAY[%(param_1)s, %(param_2)s, %(param_3)s, %(param_4)s, %(param_5)s]) AND pg_catalog.pg_table_is_visible(pg_catalog.pg_class.oid) AND pg_catalog.pg_namespace.nspname != %(nspname_1)s
INFO     sqlalchemy.engine.Engine:base.py:1842 [cached since 0.08695s ago] {'table_name': 'maintenance_records', 'param_1': 'r', 'param_2': 'p', 'param_3': 'f', 'param_4': 'v', 'param_5': 'm', 'nspname_1': 'pg_catalog'}
DEBUG    app.db.session:session.py:30 Query eseguita in 0.01 secondi: SELECT pg_catalog.pg_class.relname 
FROM pg_catalog.pg_class JOIN pg_catalog.pg_namespace ON pg_catalog.pg_namespace.oid = pg_catalog.pg_class.relnamespace 
WHERE pg_catalog.pg_class.relname = %(table_name)s AND pg_catalog.pg_class.relkind = ANY (ARRAY[%(param_1)s, %(param_2)s, %(param_3)s, %(param_4)s, %(param_5)s]) AND pg_catalog.pg_table_is_visible(pg_catalog.pg_class.oid) AND pg_catalog.pg_namespace.nspname != %(nspname_1)s
INFO     sqlalchemy.engine.Engine:base.py:1842 SELECT pg_catalog.pg_type.typname 
FROM pg_catalog.pg_type JOIN pg_catalog.pg_namespace ON pg_catalog.pg_namespace.oid = pg_catalog.pg_type.typnamespace 
WHERE pg_catalog.pg_type.typname = %(typname_1)s AND pg_catalog.pg_type_is_visible(pg_catalog.pg_type.oid) AND pg_catalog.pg_namespace.nspname != %(nspname_1)s
INFO     sqlalchemy.engine.Engine:base.py:1842 [generated in 0.00391s] {'typname_1': 'maintenancetype', 'nspname_1': 'pg_catalog'}
DEBUG    app.db.session:session.py:30 Query eseguita in 0.01 secondi: SELECT pg_catalog.pg_type.typname 
FROM pg_catalog.pg_type JOIN pg_catalog.pg_namespace ON pg_catalog.pg_namespace.oid = pg_catalog.pg_type.typnamespace 
WHERE pg_catalog.pg_type.typname = %(typname_1)s AND pg_catalog.pg_type_is_visible(pg_catalog.pg_type.oid) AND pg_catalog.pg_namespace.nspname != %(nspname_1)s
INFO     sqlalchemy.engine.Engine:base.py:1842 CREATE TYPE maintenancetype AS ENUM ('ROUTINE', 'PREVENTIVE', 'CORRECTIVE', 'EMERGENCY', 'INSPECTION')
INFO     sqlalchemy.engine.Engine:base.py:1842 [no key 0.00078s] {}
DEBUG    app.db.session:session.py:30 Query eseguita in 0.01 secondi: CREATE TYPE maintenancetype AS ENUM ('ROUTINE', 'PREVENTIVE', 'CORRECTIVE', 'EMERGENCY', 'INSPECTION')
INFO     sqlalchemy.engine.Engine:base.py:1842 SELECT pg_catalog.pg_type.typname 
FROM pg_catalog.pg_type JOIN pg_catalog.pg_namespace ON pg_catalog.pg_namespace.oid = pg_catalog.pg_type.typnamespace 
WHERE pg_catalog.pg_type.typname = %(typname_1)s AND pg_catalog.pg_type_is_visible(pg_catalog.pg_type.oid) AND pg_catalog.pg_namespace.nspname != %(nspname_1)s
INFO     sqlalchemy.engine.Engine:base.py:1842 [cached since 0.03689s ago] {'typname_1': 'maintenancestatus', 'nspname_1': 'pg_catalog'}
DEBUG    app.db.session:session.py:30 Query eseguita in 0.01 secondi: SELECT pg_catalog.pg_type.typname 
FROM pg_catalog.pg_type JOIN pg_catalog.pg_namespace ON pg_catalog.pg_namespace.oid = pg_catalog.pg_type.typnamespace 
WHERE pg_catalog.pg_type.typname = %(typname_1)s AND pg_catalog.pg_type_is_visible(pg_catalog.pg_type.oid) AND pg_catalog.pg_namespace.nspname != %(nspname_1)s
INFO     sqlalchemy.engine.Engine:base.py:1842 CREATE TYPE maintenancestatus AS ENUM ('PENDING', 'COMPLETED', 'FAILED')
INFO     sqlalchemy.engine.Engine:base.py:1842 [no key 0.00207s] {}
DEBUG    app.db.session:session.py:30 Query eseguita in 0.01 secondi: CREATE TYPE maintenancestatus AS ENUM ('PENDING', 'COMPLETED', 'FAILED')
INFO     sqlalchemy.engine.Engine:base.py:1842 
CREATE TABLE "user" (
	id SERIAL NOT NULL, 
	email VARCHAR NOT NULL, 
	username VARCHAR NOT NULL, 
	hashed_password VARCHAR NOT NULL, 
	is_active BOOLEAN NOT NULL, 
	is_superuser BOOLEAN NOT NULL, 
	is_verified BOOLEAN NOT NULL, 
	created_at TIMESTAMP WITHOUT TIME ZONE NOT NULL, 
	updated_at TIMESTAMP WITHOUT TIME ZONE NOT NULL, 
	last_login TIMESTAMP WITH TIME ZONE, 
	full_name VARCHAR(255), 
	phone_number VARCHAR(20), 
	PRIMARY KEY (id)
)


INFO     sqlalchemy.engine.Engine:base.py:1842 [no key 0.00101s] {}
DEBUG    app.db.session:session.py:30 Query eseguita in 0.04 secondi: 
CREATE TABLE "user" (
	id SERIAL NOT NULL, 
	email VARCHAR NOT NULL, 
	username VARCHAR NOT NULL, 
	hashed_password VARCHAR NOT NULL, 
	is_active BOOLEAN NOT NULL, 
	is_superuser BOOLEAN NOT NULL, 
	is_verified BOOLEAN NOT NULL, 
	created_at TIMESTAMP WITHOUT TIME ZONE NOT NULL, 
	updated_at TIMESTAMP WITHOUT TIME ZONE NOT NULL, 
	last_login TIMESTAMP WITH TIME ZONE, 
	full_name VARCHAR(255), 
	phone_number VARCHAR(20), 
	PRIMARY KEY (id)
)


INFO     sqlalchemy.engine.Engine:base.py:1842 CREATE UNIQUE INDEX ix_user_email ON "user" (email)
INFO     sqlalchemy.engine.Engine:base.py:1842 [no key 0.00259s] {}
DEBUG    app.db.session:session.py:30 Query eseguita in 0.01 secondi: CREATE UNIQUE INDEX ix_user_email ON "user" (email)
INFO     sqlalchemy.engine.Engine:base.py:1842 CREATE UNIQUE INDEX ix_user_username ON "user" (username)
INFO     sqlalchemy.engine.Engine:base.py:1842 [no key 0.00481s] {}
DEBUG    app.db.session:session.py:30 Query eseguita in 0.02 secondi: CREATE UNIQUE INDEX ix_user_username ON "user" (username)
INFO     sqlalchemy.engine.Engine:base.py:1842 
CREATE TABLE houses (
	id SERIAL NOT NULL, 
	name VARCHAR NOT NULL, 
	address VARCHAR NOT NULL, 
	owner_id INTEGER NOT NULL, 
	created_at TIMESTAMP WITHOUT TIME ZONE NOT NULL, 
	updated_at TIMESTAMP WITHOUT TIME ZONE NOT NULL, 
	PRIMARY KEY (id), 
	FOREIGN KEY(owner_id) REFERENCES "user" (id)
)


INFO     sqlalchemy.engine.Engine:base.py:1842 [no key 0.00127s] {}
DEBUG    app.db.session:session.py:30 Query eseguita in 0.04 secondi: 
CREATE TABLE houses (
	id SERIAL NOT NULL, 
	name VARCHAR NOT NULL, 
	address VARCHAR NOT NULL, 
	owner_id INTEGER NOT NULL, 
	created_at TIMESTAMP WITHOUT TIME ZONE NOT NULL, 
	updated_at TIMESTAMP WITHOUT TIME ZONE NOT NULL, 
	PRIMARY KEY (id), 
	FOREIGN KEY(owner_id) REFERENCES "user" (id)
)


INFO     sqlalchemy.engine.Engine:base.py:1842 CREATE INDEX ix_houses_name ON houses (name)
INFO     sqlalchemy.engine.Engine:base.py:1842 [no key 0.00218s] {}
DEBUG    app.db.session:session.py:30 Query eseguita in 0.01 secondi: CREATE INDEX ix_houses_name ON houses (name)
INFO     sqlalchemy.engine.Engine:base.py:1842 
CREATE TABLE rooms (
	id SERIAL NOT NULL, 
	name VARCHAR NOT NULL, 
	description VARCHAR, 
	floor INTEGER NOT NULL, 
	area FLOAT NOT NULL, 
	house_id INTEGER NOT NULL, 
	created_at TIMESTAMP WITHOUT TIME ZONE NOT NULL, 
	updated_at TIMESTAMP WITHOUT TIME ZONE NOT NULL, 
	PRIMARY KEY (id), 
	FOREIGN KEY(house_id) REFERENCES houses (id)
)


INFO     sqlalchemy.engine.Engine:base.py:1842 [no key 0.00099s] {}
DEBUG    app.db.session:session.py:30 Query eseguita in 0.03 secondi: 
CREATE TABLE rooms (
	id SERIAL NOT NULL, 
	name VARCHAR NOT NULL, 
	description VARCHAR, 
	floor INTEGER NOT NULL, 
	area FLOAT NOT NULL, 
	house_id INTEGER NOT NULL, 
	created_at TIMESTAMP WITHOUT TIME ZONE NOT NULL, 
	updated_at TIMESTAMP WITHOUT TIME ZONE NOT NULL, 
	PRIMARY KEY (id), 
	FOREIGN KEY(house_id) REFERENCES houses (id)
)


INFO     sqlalchemy.engine.Engine:base.py:1842 CREATE INDEX ix_rooms_name ON rooms (name)
INFO     sqlalchemy.engine.Engine:base.py:1842 [no key 0.00094s] {}
DEBUG    app.db.session:session.py:30 Query eseguita in 0.01 secondi: CREATE INDEX ix_rooms_name ON rooms (name)
INFO     sqlalchemy.engine.Engine:base.py:1842 
CREATE TABLE nodes (
	id SERIAL NOT NULL, 
	name VARCHAR NOT NULL, 
	description VARCHAR, 
	nfc_id VARCHAR NOT NULL, 
	house_id INTEGER NOT NULL, 
	room_id INTEGER, 
	PRIMARY KEY (id), 
	FOREIGN KEY(house_id) REFERENCES houses (id), 
	FOREIGN KEY(room_id) REFERENCES rooms (id)
)


INFO     sqlalchemy.engine.Engine:base.py:1842 [no key 0.00284s] {}
DEBUG    app.db.session:session.py:30 Query eseguita in 0.04 secondi: 
CREATE TABLE nodes (
	id SERIAL NOT NULL, 
	name VARCHAR NOT NULL, 
	description VARCHAR, 
	nfc_id VARCHAR NOT NULL, 
	house_id INTEGER NOT NULL, 
	room_id INTEGER, 
	PRIMARY KEY (id), 
	FOREIGN KEY(house_id) REFERENCES houses (id), 
	FOREIGN KEY(room_id) REFERENCES rooms (id)
)


INFO     sqlalchemy.engine.Engine:base.py:1842 CREATE UNIQUE INDEX ix_nodes_nfc_id ON nodes (nfc_id)
INFO     sqlalchemy.engine.Engine:base.py:1842 [no key 0.00281s] {}
DEBUG    app.db.session:session.py:30 Query eseguita in 0.01 secondi: CREATE UNIQUE INDEX ix_nodes_nfc_id ON nodes (nfc_id)
INFO     sqlalchemy.engine.Engine:base.py:1842 
CREATE TABLE bookings (
	id SERIAL NOT NULL, 
	room_id INTEGER NOT NULL, 
	user_id INTEGER NOT NULL, 
	start_time TIMESTAMP WITHOUT TIME ZONE NOT NULL, 
	end_time TIMESTAMP WITHOUT TIME ZONE NOT NULL, 
	status VARCHAR NOT NULL, 
	notes VARCHAR, 
	created_at TIMESTAMP WITHOUT TIME ZONE NOT NULL, 
	updated_at TIMESTAMP WITHOUT TIME ZONE NOT NULL, 
	PRIMARY KEY (id), 
	FOREIGN KEY(room_id) REFERENCES rooms (id), 
	FOREIGN KEY(user_id) REFERENCES "user" (id)
)


INFO     sqlalchemy.engine.Engine:base.py:1842 [no key 0.01090s] {}
DEBUG    app.db.session:session.py:30 Query eseguita in 0.05 secondi: 
CREATE TABLE bookings (
	id SERIAL NOT NULL, 
	room_id INTEGER NOT NULL, 
	user_id INTEGER NOT NULL, 
	start_time TIMESTAMP WITHOUT TIME ZONE NOT NULL, 
	end_time TIMESTAMP WITHOUT TIME ZONE NOT NULL, 
	status VARCHAR NOT NULL, 
	notes VARCHAR, 
	created_at TIMESTAMP WITHOUT TIME ZONE NOT NULL, 
	updated_at TIMESTAMP WITHOUT TIME ZONE NOT NULL, 
	PRIMARY KEY (id), 
	FOREIGN KEY(room_id) REFERENCES rooms (id), 
	FOREIGN KEY(user_id) REFERENCES "user" (id)
)


INFO     sqlalchemy.engine.Engine:base.py:1842 
CREATE TABLE documents (
	id SERIAL NOT NULL, 
	created_at TIMESTAMP WITHOUT TIME ZONE NOT NULL, 
	updated_at TIMESTAMP WITHOUT TIME ZONE NOT NULL, 
	owner_id INTEGER NOT NULL, 
	name VARCHAR NOT NULL, 
	type VARCHAR NOT NULL, 
	size INTEGER NOT NULL, 
	upload_date TIMESTAMP WITHOUT TIME ZONE NOT NULL, 
	path VARCHAR NOT NULL, 
	checksum VARCHAR NOT NULL, 
	house_id INTEGER, 
	node_id INTEGER, 
	description VARCHAR, 
	PRIMARY KEY (id), 
	FOREIGN KEY(owner_id) REFERENCES "user" (id), 
	FOREIGN KEY(house_id) REFERENCES houses (id), 
	FOREIGN KEY(node_id) REFERENCES nodes (id)
)


INFO     sqlalchemy.engine.Engine:base.py:1842 [no key 0.00387s] {}
DEBUG    app.db.session:session.py:30 Query eseguita in 0.05 secondi: 
CREATE TABLE documents (
	id SERIAL NOT NULL, 
	created_at TIMESTAMP WITHOUT TIME ZONE NOT NULL, 
	updated_at TIMESTAMP WITHOUT TIME ZONE NOT NULL, 
	owner_id INTEGER NOT NULL, 
	name VARCHAR NOT NULL, 
	type VARCHAR NOT NULL, 
	size INTEGER NOT NULL, 
	upload_date TIMESTAMP WITHOUT TIME ZONE NOT NULL, 
	path VARCHAR NOT NULL, 
	checksum VARCHAR NOT NULL, 
	house_id INTEGER, 
	node_id INTEGER, 
	description VARCHAR, 
	PRIMARY KEY (id), 
	FOREIGN KEY(owner_id) REFERENCES "user" (id), 
	FOREIGN KEY(house_id) REFERENCES houses (id), 
	FOREIGN KEY(node_id) REFERENCES nodes (id)
)


INFO     sqlalchemy.engine.Engine:base.py:1842 CREATE INDEX ix_documents_owner_id ON documents (owner_id)
INFO     sqlalchemy.engine.Engine:base.py:1842 [no key 0.00083s] {}
DEBUG    app.db.session:session.py:30 Query eseguita in 0.01 secondi: CREATE INDEX ix_documents_owner_id ON documents (owner_id)
INFO     sqlalchemy.engine.Engine:base.py:1842 
CREATE TABLE document_versions (
	id SERIAL NOT NULL, 
	version_number INTEGER NOT NULL, 
	file_path VARCHAR NOT NULL, 
	file_size INTEGER NOT NULL, 
	checksum VARCHAR NOT NULL, 
	created_at TIMESTAMP WITHOUT TIME ZONE NOT NULL, 
	updated_at TIMESTAMP WITHOUT TIME ZONE NOT NULL, 
	document_id INTEGER NOT NULL, 
	created_by_id INTEGER, 
	PRIMARY KEY (id), 
	FOREIGN KEY(document_id) REFERENCES documents (id), 
	FOREIGN KEY(created_by_id) REFERENCES "user" (id)
)


INFO     sqlalchemy.engine.Engine:base.py:1842 [no key 0.00190s] {}
DEBUG    app.db.session:session.py:30 Query eseguita in 0.04 secondi: 
CREATE TABLE document_versions (
	id SERIAL NOT NULL, 
	version_number INTEGER NOT NULL, 
	file_path VARCHAR NOT NULL, 
	file_size INTEGER NOT NULL, 
	checksum VARCHAR NOT NULL, 
	created_at TIMESTAMP WITHOUT TIME ZONE NOT NULL, 
	updated_at TIMESTAMP WITHOUT TIME ZONE NOT NULL, 
	document_id INTEGER NOT NULL, 
	created_by_id INTEGER, 
	PRIMARY KEY (id), 
	FOREIGN KEY(document_id) REFERENCES documents (id), 
	FOREIGN KEY(created_by_id) REFERENCES "user" (id)
)


INFO     sqlalchemy.engine.Engine:base.py:1842 CREATE INDEX ix_document_versions_version_number ON document_versions (version_number)
INFO     sqlalchemy.engine.Engine:base.py:1842 [no key 0.00129s] {}
DEBUG    app.db.session:session.py:30 Query eseguita in 0.01 secondi: CREATE INDEX ix_document_versions_version_number ON document_versions (version_number)
INFO     sqlalchemy.engine.Engine:base.py:1842 CREATE INDEX ix_document_versions_created_by_id ON document_versions (created_by_id)
INFO     sqlalchemy.engine.Engine:base.py:1842 [no key 0.00148s] {}
DEBUG    app.db.session:session.py:30 Query eseguita in 0.01 secondi: CREATE INDEX ix_document_versions_created_by_id ON document_versions (created_by_id)
INFO     sqlalchemy.engine.Engine:base.py:1842 CREATE INDEX ix_document_versions_document_id ON document_versions (document_id)
INFO     sqlalchemy.engine.Engine:base.py:1842 [no key 0.00079s] {}
DEBUG    app.db.session:session.py:30 Query eseguita in 0.01 secondi: CREATE INDEX ix_document_versions_document_id ON document_versions (document_id)
INFO     sqlalchemy.engine.Engine:base.py:1842 
CREATE TABLE maintenance_records (
	id SERIAL NOT NULL, 
	node_id INTEGER NOT NULL, 
	timestamp TIMESTAMP WITHOUT TIME ZONE NOT NULL, 
	maintenance_type maintenancetype NOT NULL, 
	description VARCHAR NOT NULL, 
	status maintenancestatus NOT NULL, 
	notes VARCHAR, 
	document_id INTEGER, 
	PRIMARY KEY (id), 
	FOREIGN KEY(node_id) REFERENCES nodes (id), 
	FOREIGN KEY(document_id) REFERENCES documents (id)
)


INFO     sqlalchemy.engine.Engine:base.py:1842 [no key 0.00185s] {}
DEBUG    app.db.session:session.py:30 Query eseguita in 0.03 secondi: 
CREATE TABLE maintenance_records (
	id SERIAL NOT NULL, 
	node_id INTEGER NOT NULL, 
	timestamp TIMESTAMP WITHOUT TIME ZONE NOT NULL, 
	maintenance_type maintenancetype NOT NULL, 
	description VARCHAR NOT NULL, 
	status maintenancestatus NOT NULL, 
	notes VARCHAR, 
	document_id INTEGER, 
	PRIMARY KEY (id), 
	FOREIGN KEY(node_id) REFERENCES nodes (id), 
	FOREIGN KEY(document_id) REFERENCES documents (id)
)


INFO     sqlalchemy.engine.Engine:base.py:1842 CREATE INDEX ix_maintenance_records_node_id ON maintenance_records (node_id)
INFO     sqlalchemy.engine.Engine:base.py:1842 [no key 0.00188s] {}
DEBUG    app.db.session:session.py:30 Query eseguita in 0.01 secondi: CREATE INDEX ix_maintenance_records_node_id ON maintenance_records (node_id)
INFO     sqlalchemy.engine.Engine:base.py:2704 COMMIT
DEBUG    test_users:test_users.py:52 Test database tables created successfully
DEBUG    test_users:test_users.py:55 Test database session created successfully
DEBUG    conftest:conftest.py:269 Overriding get_session for tests...
DEBUG    tests.conftest_redis:conftest_redis.py:18 Setting up FakeRedis for tests...
DEBUG    app.core.redis:redis.py:24 Connessione Redis stabilita con successo
---------------------------- Captured stdout call -----------------------------
DEBUG: Inizio test_create_user_missing_required_fields
DEBUG: Test senza email
DEBUG: Risposta senza email - Status: 422
DEBUG: Risposta senza email - Body: {"detail":[{"type":"missing","loc":["body","email"],"msg":"Field required","input":{"username":"testuser","password":"Test123!@#"}},{"type":"missing","loc":["body","full_name"],"msg":"Field required","input":{"username":"testuser","password":"Test123!@#"}}]}
DEBUG: Test senza username
DEBUG: Risposta senza username - Status: 422
DEBUG: Risposta senza username - Body: {"detail":[{"type":"missing","loc":["body","full_name"],"msg":"Field required","input":{"email":"test@example.com","password":"Test123!@#"}},{"type":"missing","loc":["body","username"],"msg":"Field required","input":{"email":"test@example.com","password":"Test123!@#"}}]}
DEBUG: Errore durante il test dopo 0.26 secondi
DEBUG: Errore: assert 'username' in ['body', 'full_name']
---------------------------- Captured stderr call -----------------------------
DEBUG:asyncio:Using proactor: IocpProactor
INFO:httpx:HTTP Request: POST http://testserver/api/v1/auth/register "HTTP/1.1 422 Unprocessable Entity"
DEBUG:asyncio:Using proactor: IocpProactor
INFO:httpx:HTTP Request: POST http://testserver/api/v1/auth/register "HTTP/1.1 422 Unprocessable Entity"
------------------------------ Captured log call ------------------------------
DEBUG    asyncio:proactor_events.py:631 Using proactor: IocpProactor
INFO     httpx:_client.py:1025 HTTP Request: POST http://testserver/api/v1/auth/register "HTTP/1.1 422 Unprocessable Entity"
DEBUG    asyncio:proactor_events.py:631 Using proactor: IocpProactor
INFO     httpx:_client.py:1025 HTTP Request: POST http://testserver/api/v1/auth/register "HTTP/1.1 422 Unprocessable Entity"
-------------------------- Captured stdout teardown ---------------------------
2025-06-17 11:27:39,815 INFO sqlalchemy.engine.Engine BEGIN (implicit)
2025-06-17 11:27:39,818 INFO sqlalchemy.engine.Engine DROP SCHEMA public CASCADE
2025-06-17 11:27:39,819 INFO sqlalchemy.engine.Engine [generated in 0.00444s] {}
2025-06-17 11:27:39,931 INFO sqlalchemy.engine.Engine CREATE SCHEMA public
2025-06-17 11:27:39,933 INFO sqlalchemy.engine.Engine [generated in 0.00233s] {}
2025-06-17 11:27:39,940 INFO sqlalchemy.engine.Engine COMMIT
-------------------------- Captured stderr teardown ---------------------------
DEBUG:tests.conftest_redis:Restored original Redis client
DEBUG:conftest:get_session override cleared
DEBUG:test_users:Cleaning up test database session...
INFO:sqlalchemy.engine.Engine:BEGIN (implicit)
INFO:sqlalchemy.engine.Engine:DROP SCHEMA public CASCADE
INFO:sqlalchemy.engine.Engine:[generated in 0.00444s] {}
DEBUG:app.db.session:Query eseguita in 0.11 secondi: DROP SCHEMA public CASCADE
INFO:sqlalchemy.engine.Engine:CREATE SCHEMA public
INFO:sqlalchemy.engine.Engine:[generated in 0.00233s] {}
DEBUG:app.db.session:Query eseguita in 0.01 secondi: CREATE SCHEMA public
INFO:sqlalchemy.engine.Engine:COMMIT
DEBUG:test_users:Test database cleanup completed
DEBUG:test_users:Session fixture completed in 2.02 seconds
---------------------------- Captured log teardown ----------------------------
DEBUG    tests.conftest_redis:conftest_redis.py:29 Restored original Redis client
DEBUG    conftest:conftest.py:275 get_session override cleared
DEBUG    test_users:test_users.py:57 Cleaning up test database session...
INFO     sqlalchemy.engine.Engine:base.py:2698 BEGIN (implicit)
INFO     sqlalchemy.engine.Engine:base.py:1842 DROP SCHEMA public CASCADE
INFO     sqlalchemy.engine.Engine:base.py:1842 [generated in 0.00444s] {}
DEBUG    app.db.session:session.py:30 Query eseguita in 0.11 secondi: DROP SCHEMA public CASCADE
INFO     sqlalchemy.engine.Engine:base.py:1842 CREATE SCHEMA public
INFO     sqlalchemy.engine.Engine:base.py:1842 [generated in 0.00233s] {}
DEBUG    app.db.session:session.py:30 Query eseguita in 0.01 secondi: CREATE SCHEMA public
INFO     sqlalchemy.engine.Engine:base.py:2704 COMMIT
DEBUG    test_users:test_users.py:63 Test database cleanup completed
DEBUG    test_users:test_users.py:68 Session fixture completed in 2.02 seconds
_____________________ test_create_user_duplicate_username _____________________
venv\Lib\site-packages\sqlalchemy\engine\base.py:1963: in _exec_single_context
    self.dialect.do_execute(
venv\Lib\site-packages\sqlalchemy\engine\default.py:943: in do_execute
    cursor.execute(statement, parameters)
E   psycopg2.errors.UniqueViolation: ERRORE:  un valore chiave duplicato viola il vincolo univoco "ix_user_username"
E   DETAIL:  La chiave (username)=(existinguser) esiste giÓ.

The above exception was the direct cause of the following exception:
tests\api\test_users.py:349: in test_create_user_duplicate_username
    response = client.post("/api/v1/auth/register", json=test_user_data)
               ^^^^^^^^^^^^^^^^^^^^^^^^^^^^^^^^^^^^^^^^^^^^^^^^^^^^^^^^^
venv\Lib\site-packages\starlette\testclient.py:538: in post
    return super().post(
venv\Lib\site-packages\httpx\_client.py:1144: in post
    return self.request(
venv\Lib\site-packages\starlette\testclient.py:437: in request
    return super().request(
venv\Lib\site-packages\httpx\_client.py:825: in request
    return self.send(request, auth=auth, follow_redirects=follow_redirects)
           ^^^^^^^^^^^^^^^^^^^^^^^^^^^^^^^^^^^^^^^^^^^^^^^^^^^^^^^^^^^^^^^^
venv\Lib\site-packages\httpx\_client.py:914: in send
    response = self._send_handling_auth(
venv\Lib\site-packages\httpx\_client.py:942: in _send_handling_auth
    response = self._send_handling_redirects(
venv\Lib\site-packages\httpx\_client.py:979: in _send_handling_redirects
    response = self._send_single_request(request)
               ^^^^^^^^^^^^^^^^^^^^^^^^^^^^^^^^^^
venv\Lib\site-packages\httpx\_client.py:1014: in _send_single_request
    response = transport.handle_request(request)
               ^^^^^^^^^^^^^^^^^^^^^^^^^^^^^^^^^
venv\Lib\site-packages\starlette\testclient.py:340: in handle_request
    raise exc
venv\Lib\site-packages\starlette\testclient.py:337: in handle_request
    portal.call(self.app, scope, receive, send)
venv\Lib\site-packages\anyio\from_thread.py:290: in call
    return cast(T_Retval, self.start_task_soon(func, *args).result())
                          ^^^^^^^^^^^^^^^^^^^^^^^^^^^^^^^^^^^^^^^^^^
C:\Python313\Lib\concurrent\futures\_base.py:456: in result
    return self.__get_result()
           ^^^^^^^^^^^^^^^^^^^
C:\Python313\Lib\concurrent\futures\_base.py:401: in __get_result
    raise self._exception
venv\Lib\site-packages\anyio\from_thread.py:221: in _call_func
    retval = await retval_or_awaitable
             ^^^^^^^^^^^^^^^^^^^^^^^^^
venv\Lib\site-packages\fastapi\applications.py:1054: in __call__
    await super().__call__(scope, receive, send)
venv\Lib\site-packages\starlette\applications.py:112: in __call__
    await self.middleware_stack(scope, receive, send)
venv\Lib\site-packages\starlette\middleware\errors.py:187: in __call__
    raise exc
venv\Lib\site-packages\starlette\middleware\errors.py:165: in __call__
    await self.app(scope, receive, _send)
venv\Lib\site-packages\starlette\middleware\cors.py:85: in __call__
    await self.app(scope, receive, send)
venv\Lib\site-packages\starlette\middleware\exceptions.py:62: in __call__
    await wrap_app_handling_exceptions(self.app, conn)(scope, receive, send)
venv\Lib\site-packages\starlette\_exception_handler.py:53: in wrapped_app
    raise exc
venv\Lib\site-packages\starlette\_exception_handler.py:42: in wrapped_app
    await app(scope, receive, sender)
venv\Lib\site-packages\starlette\routing.py:714: in __call__
    await self.middleware_stack(scope, receive, send)
venv\Lib\site-packages\starlette\routing.py:734: in app
    await route.handle(scope, receive, send)
venv\Lib\site-packages\starlette\routing.py:288: in handle
    await self.app(scope, receive, send)
venv\Lib\site-packages\starlette\routing.py:76: in app
    await wrap_app_handling_exceptions(app, request)(scope, receive, send)
venv\Lib\site-packages\starlette\_exception_handler.py:53: in wrapped_app
    raise exc
venv\Lib\site-packages\starlette\_exception_handler.py:42: in wrapped_app
    await app(scope, receive, sender)
venv\Lib\site-packages\starlette\routing.py:73: in app
    response = await f(request)
               ^^^^^^^^^^^^^^^^
venv\Lib\site-packages\fastapi\routing.py:301: in app
    raw_response = await run_endpoint_function(
venv\Lib\site-packages\fastapi\routing.py:212: in run_endpoint_function
    return await dependant.call(**values)
           ^^^^^^^^^^^^^^^^^^^^^^^^^^^^^^
backend\app\api\v1\endpoints\auth.py:40: in register_user
    user = user_service.create_user(user_in)
           ^^^^^^^^^^^^^^^^^^^^^^^^^^^^^^^^^
app\services\user.py:27: in create_user
    self.session.commit()
venv\Lib\site-packages\sqlalchemy\orm\session.py:2032: in commit
    trans.commit(_to_root=True)
<string>:2: in commit
    ???
venv\Lib\site-packages\sqlalchemy\orm\state_changes.py:139: in _go
    ret_value = fn(self, *arg, **kw)
                ^^^^^^^^^^^^^^^^^^^^
venv\Lib\site-packages\sqlalchemy\orm\session.py:1313: in commit
    self._prepare_impl()
<string>:2: in _prepare_impl
    ???
venv\Lib\site-packages\sqlalchemy\orm\state_changes.py:139: in _go
    ret_value = fn(self, *arg, **kw)
                ^^^^^^^^^^^^^^^^^^^^
venv\Lib\site-packages\sqlalchemy\orm\session.py:1288: in _prepare_impl
    self.session.flush()
venv\Lib\site-packages\sqlalchemy\orm\session.py:4345: in flush
    self._flush(objects)
venv\Lib\site-packages\sqlalchemy\orm\session.py:4480: in _flush
    with util.safe_reraise():
         ^^^^^^^^^^^^^^^^^^^
venv\Lib\site-packages\sqlalchemy\util\langhelpers.py:224: in __exit__
    raise exc_value.with_traceback(exc_tb)
venv\Lib\site-packages\sqlalchemy\orm\session.py:4441: in _flush
    flush_context.execute()
venv\Lib\site-packages\sqlalchemy\orm\unitofwork.py:466: in execute
    rec.execute(self)
venv\Lib\site-packages\sqlalchemy\orm\unitofwork.py:642: in execute
    util.preloaded.orm_persistence.save_obj(
venv\Lib\site-packages\sqlalchemy\orm\persistence.py:93: in save_obj
    _emit_insert_statements(
venv\Lib\site-packages\sqlalchemy\orm\persistence.py:1233: in _emit_insert_statements
    result = connection.execute(
venv\Lib\site-packages\sqlalchemy\engine\base.py:1415: in execute
    return meth(
venv\Lib\site-packages\sqlalchemy\sql\elements.py:523: in _execute_on_connection
    return connection._execute_clauseelement(
venv\Lib\site-packages\sqlalchemy\engine\base.py:1637: in _execute_clauseelement
    ret = self._execute_context(
venv\Lib\site-packages\sqlalchemy\engine\base.py:1842: in _execute_context
    return self._exec_single_context(
venv\Lib\site-packages\sqlalchemy\engine\base.py:1982: in _exec_single_context
    self._handle_dbapi_exception(
venv\Lib\site-packages\sqlalchemy\engine\base.py:2351: in _handle_dbapi_exception
    raise sqlalchemy_exception.with_traceback(exc_info[2]) from e
venv\Lib\site-packages\sqlalchemy\engine\base.py:1963: in _exec_single_context
    self.dialect.do_execute(
venv\Lib\site-packages\sqlalchemy\engine\default.py:943: in do_execute
    cursor.execute(statement, parameters)
E   sqlalchemy.exc.IntegrityError: (psycopg2.errors.UniqueViolation) ERRORE:  un valore chiave duplicato viola il vincolo univoco "ix_user_username"
E   DETAIL:  La chiave (username)=(existinguser) esiste giÓ.
E   
E   [SQL: INSERT INTO "user" (email, username, hashed_password, is_active, is_superuser, is_verified, created_at, updated_at, last_login, full_name, phone_number) VALUES (%(email)s, %(username)s, %(hashed_password)s, %(is_active)s, %(is_superuser)s, %(is_verified)s, %(created_at)s, %(updated_at)s, %(last_login)s, %(full_name)s, %(phone_number)s) RETURNING "user".id]
E   [parameters: {'email': 'shawjeremy@example.net', 'username': 'existinguser', 'hashed_password': '$2b$12$GEiOWY3UKDfyP5XUXFCeq.5VVO2k85RQkcQbrB1nQ2XkJ5ROJtIUO', 'is_active': True, 'is_superuser': False, 'is_verified': False, 'created_at': datetime.datetime(2025, 6, 17, 9, 28, 44, 896368, tzinfo=datetime.timezone.utc), 'updated_at': datetime.datetime(2025, 6, 17, 9, 28, 44, 896441, tzinfo=datetime.timezone.utc), 'last_login': None, 'full_name': 'James Jordan', 'phone_number': None}]
E   (Background on this error at: https://sqlalche.me/e/20/gkpj)
---------------------------- Captured stdout setup ----------------------------
2025-06-17 11:28:41,370 INFO sqlalchemy.engine.Engine select pg_catalog.version()
2025-06-17 11:28:41,372 INFO sqlalchemy.engine.Engine [raw sql] {}
2025-06-17 11:28:41,379 INFO sqlalchemy.engine.Engine select current_schema()
2025-06-17 11:28:41,380 INFO sqlalchemy.engine.Engine [raw sql] {}
2025-06-17 11:28:41,382 INFO sqlalchemy.engine.Engine show standard_conforming_strings
2025-06-17 11:28:41,385 INFO sqlalchemy.engine.Engine [raw sql] {}
2025-06-17 11:28:41,389 INFO sqlalchemy.engine.Engine BEGIN (implicit)
2025-06-17 11:28:41,404 INFO sqlalchemy.engine.Engine SELECT pg_catalog.pg_class.relname 
FROM pg_catalog.pg_class JOIN pg_catalog.pg_namespace ON pg_catalog.pg_namespace.oid = pg_catalog.pg_class.relnamespace 
WHERE pg_catalog.pg_class.relname = %(table_name)s AND pg_catalog.pg_class.relkind = ANY (ARRAY[%(param_1)s, %(param_2)s, %(param_3)s, %(param_4)s, %(param_5)s]) AND pg_catalog.pg_table_is_visible(pg_catalog.pg_class.oid) AND pg_catalog.pg_namespace.nspname != %(nspname_1)s
2025-06-17 11:28:41,406 INFO sqlalchemy.engine.Engine [generated in 0.00304s] {'table_name': 'user', 'param_1': 'r', 'param_2': 'p', 'param_3': 'f', 'param_4': 'v', 'param_5': 'm', 'nspname_1': 'pg_catalog'}
2025-06-17 11:28:41,423 INFO sqlalchemy.engine.Engine SELECT pg_catalog.pg_class.relname 
FROM pg_catalog.pg_class JOIN pg_catalog.pg_namespace ON pg_catalog.pg_namespace.oid = pg_catalog.pg_class.relnamespace 
WHERE pg_catalog.pg_class.relname = %(table_name)s AND pg_catalog.pg_class.relkind = ANY (ARRAY[%(param_1)s, %(param_2)s, %(param_3)s, %(param_4)s, %(param_5)s]) AND pg_catalog.pg_table_is_visible(pg_catalog.pg_class.oid) AND pg_catalog.pg_namespace.nspname != %(nspname_1)s
2025-06-17 11:28:41,427 INFO sqlalchemy.engine.Engine [cached since 0.0241s ago] {'table_name': 'documents', 'param_1': 'r', 'param_2': 'p', 'param_3': 'f', 'param_4': 'v', 'param_5': 'm', 'nspname_1': 'pg_catalog'}
2025-06-17 11:28:41,431 INFO sqlalchemy.engine.Engine SELECT pg_catalog.pg_class.relname 
FROM pg_catalog.pg_class JOIN pg_catalog.pg_namespace ON pg_catalog.pg_namespace.oid = pg_catalog.pg_class.relnamespace 
WHERE pg_catalog.pg_class.relname = %(table_name)s AND pg_catalog.pg_class.relkind = ANY (ARRAY[%(param_1)s, %(param_2)s, %(param_3)s, %(param_4)s, %(param_5)s]) AND pg_catalog.pg_table_is_visible(pg_catalog.pg_class.oid) AND pg_catalog.pg_namespace.nspname != %(nspname_1)s
2025-06-17 11:28:41,432 INFO sqlalchemy.engine.Engine [cached since 0.02918s ago] {'table_name': 'document_versions', 'param_1': 'r', 'param_2': 'p', 'param_3': 'f', 'param_4': 'v', 'param_5': 'm', 'nspname_1': 'pg_catalog'}
2025-06-17 11:28:41,445 INFO sqlalchemy.engine.Engine SELECT pg_catalog.pg_class.relname 
FROM pg_catalog.pg_class JOIN pg_catalog.pg_namespace ON pg_catalog.pg_namespace.oid = pg_catalog.pg_class.relnamespace 
WHERE pg_catalog.pg_class.relname = %(table_name)s AND pg_catalog.pg_class.relkind = ANY (ARRAY[%(param_1)s, %(param_2)s, %(param_3)s, %(param_4)s, %(param_5)s]) AND pg_catalog.pg_table_is_visible(pg_catalog.pg_class.oid) AND pg_catalog.pg_namespace.nspname != %(nspname_1)s
2025-06-17 11:28:41,446 INFO sqlalchemy.engine.Engine [cached since 0.04286s ago] {'table_name': 'houses', 'param_1': 'r', 'param_2': 'p', 'param_3': 'f', 'param_4': 'v', 'param_5': 'm', 'nspname_1': 'pg_catalog'}
2025-06-17 11:28:41,452 INFO sqlalchemy.engine.Engine SELECT pg_catalog.pg_class.relname 
FROM pg_catalog.pg_class JOIN pg_catalog.pg_namespace ON pg_catalog.pg_namespace.oid = pg_catalog.pg_class.relnamespace 
WHERE pg_catalog.pg_class.relname = %(table_name)s AND pg_catalog.pg_class.relkind = ANY (ARRAY[%(param_1)s, %(param_2)s, %(param_3)s, %(param_4)s, %(param_5)s]) AND pg_catalog.pg_table_is_visible(pg_catalog.pg_class.oid) AND pg_catalog.pg_namespace.nspname != %(nspname_1)s
2025-06-17 11:28:41,453 INFO sqlalchemy.engine.Engine [cached since 0.05047s ago] {'table_name': 'nodes', 'param_1': 'r', 'param_2': 'p', 'param_3': 'f', 'param_4': 'v', 'param_5': 'm', 'nspname_1': 'pg_catalog'}
2025-06-17 11:28:41,463 INFO sqlalchemy.engine.Engine SELECT pg_catalog.pg_class.relname 
FROM pg_catalog.pg_class JOIN pg_catalog.pg_namespace ON pg_catalog.pg_namespace.oid = pg_catalog.pg_class.relnamespace 
WHERE pg_catalog.pg_class.relname = %(table_name)s AND pg_catalog.pg_class.relkind = ANY (ARRAY[%(param_1)s, %(param_2)s, %(param_3)s, %(param_4)s, %(param_5)s]) AND pg_catalog.pg_table_is_visible(pg_catalog.pg_class.oid) AND pg_catalog.pg_namespace.nspname != %(nspname_1)s
2025-06-17 11:28:41,463 INFO sqlalchemy.engine.Engine [cached since 0.06044s ago] {'table_name': 'rooms', 'param_1': 'r', 'param_2': 'p', 'param_3': 'f', 'param_4': 'v', 'param_5': 'm', 'nspname_1': 'pg_catalog'}
2025-06-17 11:28:41,470 INFO sqlalchemy.engine.Engine SELECT pg_catalog.pg_class.relname 
FROM pg_catalog.pg_class JOIN pg_catalog.pg_namespace ON pg_catalog.pg_namespace.oid = pg_catalog.pg_class.relnamespace 
WHERE pg_catalog.pg_class.relname = %(table_name)s AND pg_catalog.pg_class.relkind = ANY (ARRAY[%(param_1)s, %(param_2)s, %(param_3)s, %(param_4)s, %(param_5)s]) AND pg_catalog.pg_table_is_visible(pg_catalog.pg_class.oid) AND pg_catalog.pg_namespace.nspname != %(nspname_1)s
2025-06-17 11:28:41,473 INFO sqlalchemy.engine.Engine [cached since 0.06936s ago] {'table_name': 'bookings', 'param_1': 'r', 'param_2': 'p', 'param_3': 'f', 'param_4': 'v', 'param_5': 'm', 'nspname_1': 'pg_catalog'}
2025-06-17 11:28:41,480 INFO sqlalchemy.engine.Engine SELECT pg_catalog.pg_class.relname 
FROM pg_catalog.pg_class JOIN pg_catalog.pg_namespace ON pg_catalog.pg_namespace.oid = pg_catalog.pg_class.relnamespace 
WHERE pg_catalog.pg_class.relname = %(table_name)s AND pg_catalog.pg_class.relkind = ANY (ARRAY[%(param_1)s, %(param_2)s, %(param_3)s, %(param_4)s, %(param_5)s]) AND pg_catalog.pg_table_is_visible(pg_catalog.pg_class.oid) AND pg_catalog.pg_namespace.nspname != %(nspname_1)s
2025-06-17 11:28:41,483 INFO sqlalchemy.engine.Engine [cached since 0.07981s ago] {'table_name': 'maintenance_records', 'param_1': 'r', 'param_2': 'p', 'param_3': 'f', 'param_4': 'v', 'param_5': 'm', 'nspname_1': 'pg_catalog'}
2025-06-17 11:28:41,497 INFO sqlalchemy.engine.Engine SELECT pg_catalog.pg_type.typname 
FROM pg_catalog.pg_type JOIN pg_catalog.pg_namespace ON pg_catalog.pg_namespace.oid = pg_catalog.pg_type.typnamespace 
WHERE pg_catalog.pg_type.typname = %(typname_1)s AND pg_catalog.pg_type_is_visible(pg_catalog.pg_type.oid) AND pg_catalog.pg_namespace.nspname != %(nspname_1)s
2025-06-17 11:28:41,498 INFO sqlalchemy.engine.Engine [generated in 0.00109s] {'typname_1': 'maintenancetype', 'nspname_1': 'pg_catalog'}
2025-06-17 11:28:41,507 INFO sqlalchemy.engine.Engine CREATE TYPE maintenancetype AS ENUM ('ROUTINE', 'PREVENTIVE', 'CORRECTIVE', 'EMERGENCY', 'INSPECTION')
2025-06-17 11:28:41,511 INFO sqlalchemy.engine.Engine [no key 0.00440s] {}
2025-06-17 11:28:41,522 INFO sqlalchemy.engine.Engine SELECT pg_catalog.pg_type.typname 
FROM pg_catalog.pg_type JOIN pg_catalog.pg_namespace ON pg_catalog.pg_namespace.oid = pg_catalog.pg_type.typnamespace 
WHERE pg_catalog.pg_type.typname = %(typname_1)s AND pg_catalog.pg_type_is_visible(pg_catalog.pg_type.oid) AND pg_catalog.pg_namespace.nspname != %(nspname_1)s
2025-06-17 11:28:41,527 INFO sqlalchemy.engine.Engine [cached since 0.03013s ago] {'typname_1': 'maintenancestatus', 'nspname_1': 'pg_catalog'}
2025-06-17 11:28:41,533 INFO sqlalchemy.engine.Engine CREATE TYPE maintenancestatus AS ENUM ('PENDING', 'COMPLETED', 'FAILED')
2025-06-17 11:28:41,535 INFO sqlalchemy.engine.Engine [no key 0.00220s] {}
2025-06-17 11:28:41,548 INFO sqlalchemy.engine.Engine 
CREATE TABLE "user" (
	id SERIAL NOT NULL, 
	email VARCHAR NOT NULL, 
	username VARCHAR NOT NULL, 
	hashed_password VARCHAR NOT NULL, 
	is_active BOOLEAN NOT NULL, 
	is_superuser BOOLEAN NOT NULL, 
	is_verified BOOLEAN NOT NULL, 
	created_at TIMESTAMP WITHOUT TIME ZONE NOT NULL, 
	updated_at TIMESTAMP WITHOUT TIME ZONE NOT NULL, 
	last_login TIMESTAMP WITH TIME ZONE, 
	full_name VARCHAR(255), 
	phone_number VARCHAR(20), 
	PRIMARY KEY (id)
)


2025-06-17 11:28:41,550 INFO sqlalchemy.engine.Engine [no key 0.00177s] {}
2025-06-17 11:28:41,593 INFO sqlalchemy.engine.Engine CREATE UNIQUE INDEX ix_user_email ON "user" (email)
2025-06-17 11:28:41,595 INFO sqlalchemy.engine.Engine [no key 0.00298s] {}
2025-06-17 11:28:41,605 INFO sqlalchemy.engine.Engine CREATE UNIQUE INDEX ix_user_username ON "user" (username)
2025-06-17 11:28:41,608 INFO sqlalchemy.engine.Engine [no key 0.00364s] {}
2025-06-17 11:28:41,620 INFO sqlalchemy.engine.Engine 
CREATE TABLE houses (
	id SERIAL NOT NULL, 
	name VARCHAR NOT NULL, 
	address VARCHAR NOT NULL, 
	owner_id INTEGER NOT NULL, 
	created_at TIMESTAMP WITHOUT TIME ZONE NOT NULL, 
	updated_at TIMESTAMP WITHOUT TIME ZONE NOT NULL, 
	PRIMARY KEY (id), 
	FOREIGN KEY(owner_id) REFERENCES "user" (id)
)


2025-06-17 11:28:41,622 INFO sqlalchemy.engine.Engine [no key 0.00207s] {}
2025-06-17 11:28:41,662 INFO sqlalchemy.engine.Engine CREATE INDEX ix_houses_name ON houses (name)
2025-06-17 11:28:41,663 INFO sqlalchemy.engine.Engine [no key 0.00083s] {}
2025-06-17 11:28:41,678 INFO sqlalchemy.engine.Engine 
CREATE TABLE rooms (
	id SERIAL NOT NULL, 
	name VARCHAR NOT NULL, 
	description VARCHAR, 
	floor INTEGER NOT NULL, 
	area FLOAT NOT NULL, 
	house_id INTEGER NOT NULL, 
	created_at TIMESTAMP WITHOUT TIME ZONE NOT NULL, 
	updated_at TIMESTAMP WITHOUT TIME ZONE NOT NULL, 
	PRIMARY KEY (id), 
	FOREIGN KEY(house_id) REFERENCES houses (id)
)


2025-06-17 11:28:41,679 INFO sqlalchemy.engine.Engine [no key 0.00098s] {}
2025-06-17 11:28:41,713 INFO sqlalchemy.engine.Engine CREATE INDEX ix_rooms_name ON rooms (name)
2025-06-17 11:28:41,713 INFO sqlalchemy.engine.Engine [no key 0.00078s] {}
2025-06-17 11:28:41,729 INFO sqlalchemy.engine.Engine 
CREATE TABLE nodes (
	id SERIAL NOT NULL, 
	name VARCHAR NOT NULL, 
	description VARCHAR, 
	nfc_id VARCHAR NOT NULL, 
	house_id INTEGER NOT NULL, 
	room_id INTEGER, 
	PRIMARY KEY (id), 
	FOREIGN KEY(house_id) REFERENCES houses (id), 
	FOREIGN KEY(room_id) REFERENCES rooms (id)
)


2025-06-17 11:28:41,730 INFO sqlalchemy.engine.Engine [no key 0.00078s] {}
2025-06-17 11:28:41,763 INFO sqlalchemy.engine.Engine CREATE UNIQUE INDEX ix_nodes_nfc_id ON nodes (nfc_id)
2025-06-17 11:28:41,764 INFO sqlalchemy.engine.Engine [no key 0.00055s] {}
2025-06-17 11:28:41,779 INFO sqlalchemy.engine.Engine 
CREATE TABLE bookings (
	id SERIAL NOT NULL, 
	room_id INTEGER NOT NULL, 
	user_id INTEGER NOT NULL, 
	start_time TIMESTAMP WITHOUT TIME ZONE NOT NULL, 
	end_time TIMESTAMP WITHOUT TIME ZONE NOT NULL, 
	status VARCHAR NOT NULL, 
	notes VARCHAR, 
	created_at TIMESTAMP WITHOUT TIME ZONE NOT NULL, 
	updated_at TIMESTAMP WITHOUT TIME ZONE NOT NULL, 
	PRIMARY KEY (id), 
	FOREIGN KEY(room_id) REFERENCES rooms (id), 
	FOREIGN KEY(user_id) REFERENCES "user" (id)
)


2025-06-17 11:28:41,780 INFO sqlalchemy.engine.Engine [no key 0.00094s] {}
2025-06-17 11:28:41,820 INFO sqlalchemy.engine.Engine 
CREATE TABLE documents (
	id SERIAL NOT NULL, 
	created_at TIMESTAMP WITHOUT TIME ZONE NOT NULL, 
	updated_at TIMESTAMP WITHOUT TIME ZONE NOT NULL, 
	owner_id INTEGER NOT NULL, 
	name VARCHAR NOT NULL, 
	type VARCHAR NOT NULL, 
	size INTEGER NOT NULL, 
	upload_date TIMESTAMP WITHOUT TIME ZONE NOT NULL, 
	path VARCHAR NOT NULL, 
	checksum VARCHAR NOT NULL, 
	house_id INTEGER, 
	node_id INTEGER, 
	description VARCHAR, 
	PRIMARY KEY (id), 
	FOREIGN KEY(owner_id) REFERENCES "user" (id), 
	FOREIGN KEY(house_id) REFERENCES houses (id), 
	FOREIGN KEY(node_id) REFERENCES nodes (id)
)


2025-06-17 11:28:41,822 INFO sqlalchemy.engine.Engine [no key 0.00166s] {}
2025-06-17 11:28:41,864 INFO sqlalchemy.engine.Engine CREATE INDEX ix_documents_owner_id ON documents (owner_id)
2025-06-17 11:28:41,865 INFO sqlalchemy.engine.Engine [no key 0.00108s] {}
2025-06-17 11:28:41,879 INFO sqlalchemy.engine.Engine 
CREATE TABLE document_versions (
	id SERIAL NOT NULL, 
	version_number INTEGER NOT NULL, 
	file_path VARCHAR NOT NULL, 
	file_size INTEGER NOT NULL, 
	checksum VARCHAR NOT NULL, 
	created_at TIMESTAMP WITHOUT TIME ZONE NOT NULL, 
	updated_at TIMESTAMP WITHOUT TIME ZONE NOT NULL, 
	document_id INTEGER NOT NULL, 
	created_by_id INTEGER, 
	PRIMARY KEY (id), 
	FOREIGN KEY(document_id) REFERENCES documents (id), 
	FOREIGN KEY(created_by_id) REFERENCES "user" (id)
)


2025-06-17 11:28:41,880 INFO sqlalchemy.engine.Engine [no key 0.00080s] {}
2025-06-17 11:28:41,918 INFO sqlalchemy.engine.Engine CREATE INDEX ix_document_versions_version_number ON document_versions (version_number)
2025-06-17 11:28:41,919 INFO sqlalchemy.engine.Engine [no key 0.00150s] {}
2025-06-17 11:28:41,931 INFO sqlalchemy.engine.Engine CREATE INDEX ix_document_versions_created_by_id ON document_versions (created_by_id)
2025-06-17 11:28:41,933 INFO sqlalchemy.engine.Engine [no key 0.00151s] {}
2025-06-17 11:28:41,946 INFO sqlalchemy.engine.Engine CREATE INDEX ix_document_versions_document_id ON document_versions (document_id)
2025-06-17 11:28:41,947 INFO sqlalchemy.engine.Engine [no key 0.00064s] {}
2025-06-17 11:28:41,962 INFO sqlalchemy.engine.Engine 
CREATE TABLE maintenance_records (
	id SERIAL NOT NULL, 
	node_id INTEGER NOT NULL, 
	timestamp TIMESTAMP WITHOUT TIME ZONE NOT NULL, 
	maintenance_type maintenancetype NOT NULL, 
	description VARCHAR NOT NULL, 
	status maintenancestatus NOT NULL, 
	notes VARCHAR, 
	document_id INTEGER, 
	PRIMARY KEY (id), 
	FOREIGN KEY(node_id) REFERENCES nodes (id), 
	FOREIGN KEY(document_id) REFERENCES documents (id)
)


2025-06-17 11:28:41,963 INFO sqlalchemy.engine.Engine [no key 0.00085s] {}
2025-06-17 11:28:42,001 INFO sqlalchemy.engine.Engine CREATE INDEX ix_maintenance_records_node_id ON maintenance_records (node_id)
2025-06-17 11:28:42,002 INFO sqlalchemy.engine.Engine [no key 0.00172s] {}
2025-06-17 11:28:42,013 INFO sqlalchemy.engine.Engine COMMIT
2025-06-17 11:28:43,319 INFO sqlalchemy.engine.Engine BEGIN (implicit)
2025-06-17 11:28:43,330 INFO sqlalchemy.engine.Engine INSERT INTO "user" (email, username, hashed_password, is_active, is_superuser, is_verified, created_at, updated_at, last_login, full_name, phone_number) VALUES (%(email)s, %(username)s, %(hashed_password)s, %(is_active)s, %(is_superuser)s, %(is_verified)s, %(created_at)s, %(updated_at)s, %(last_login)s, %(full_name)s, %(phone_number)s) RETURNING "user".id
2025-06-17 11:28:43,332 INFO sqlalchemy.engine.Engine [generated in 0.00150s] {'email': 'existing@example.com', 'username': 'existinguser', 'hashed_password': '$2b$12$Nggmf9jupUVXIFAb9DFhQunjflwjFGGT3VW9naKZDLEsifDx7NOJq', 'is_active': True, 'is_superuser': False, 'is_verified': False, 'created_at': datetime.datetime(2025, 6, 17, 9, 28, 43, 312940, tzinfo=datetime.timezone.utc), 'updated_at': datetime.datetime(2025, 6, 17, 9, 28, 43, 312992, tzinfo=datetime.timezone.utc), 'last_login': None, 'full_name': None, 'phone_number': None}
2025-06-17 11:28:43,347 INFO sqlalchemy.engine.Engine COMMIT
2025-06-17 11:28:43,354 INFO sqlalchemy.engine.Engine BEGIN (implicit)
2025-06-17 11:28:43,364 INFO sqlalchemy.engine.Engine SELECT "user".id, "user".email, "user".username, "user".hashed_password, "user".is_active, "user".is_superuser, "user".is_verified, "user".created_at, "user".updated_at, "user".last_login, "user".full_name, "user".phone_number 
FROM "user" 
WHERE "user".id = %(pk_1)s
2025-06-17 11:28:43,368 INFO sqlalchemy.engine.Engine [generated in 0.00408s] {'pk_1': 1}
---------------------------- Captured stderr setup ----------------------------
DEBUG:test_users:Setting up test database session...
INFO:sqlalchemy.engine.Engine:select pg_catalog.version()
INFO:sqlalchemy.engine.Engine:[raw sql] {}
INFO:sqlalchemy.engine.Engine:select current_schema()
INFO:sqlalchemy.engine.Engine:[raw sql] {}
INFO:sqlalchemy.engine.Engine:show standard_conforming_strings
INFO:sqlalchemy.engine.Engine:[raw sql] {}
INFO:sqlalchemy.engine.Engine:BEGIN (implicit)
INFO:sqlalchemy.engine.Engine:SELECT pg_catalog.pg_class.relname 
FROM pg_catalog.pg_class JOIN pg_catalog.pg_namespace ON pg_catalog.pg_namespace.oid = pg_catalog.pg_class.relnamespace 
WHERE pg_catalog.pg_class.relname = %(table_name)s AND pg_catalog.pg_class.relkind = ANY (ARRAY[%(param_1)s, %(param_2)s, %(param_3)s, %(param_4)s, %(param_5)s]) AND pg_catalog.pg_table_is_visible(pg_catalog.pg_class.oid) AND pg_catalog.pg_namespace.nspname != %(nspname_1)s
INFO:sqlalchemy.engine.Engine:[generated in 0.00304s] {'table_name': 'user', 'param_1': 'r', 'param_2': 'p', 'param_3': 'f', 'param_4': 'v', 'param_5': 'm', 'nspname_1': 'pg_catalog'}
DEBUG:app.db.session:Query eseguita in 0.02 secondi: SELECT pg_catalog.pg_class.relname 
FROM pg_catalog.pg_class JOIN pg_catalog.pg_namespace ON pg_catalog.pg_namespace.oid = pg_catalog.pg_class.relnamespace 
WHERE pg_catalog.pg_class.relname = %(table_name)s AND pg_catalog.pg_class.relkind = ANY (ARRAY[%(param_1)s, %(param_2)s, %(param_3)s, %(param_4)s, %(param_5)s]) AND pg_catalog.pg_table_is_visible(pg_catalog.pg_class.oid) AND pg_catalog.pg_namespace.nspname != %(nspname_1)s
INFO:sqlalchemy.engine.Engine:SELECT pg_catalog.pg_class.relname 
FROM pg_catalog.pg_class JOIN pg_catalog.pg_namespace ON pg_catalog.pg_namespace.oid = pg_catalog.pg_class.relnamespace 
WHERE pg_catalog.pg_class.relname = %(table_name)s AND pg_catalog.pg_class.relkind = ANY (ARRAY[%(param_1)s, %(param_2)s, %(param_3)s, %(param_4)s, %(param_5)s]) AND pg_catalog.pg_table_is_visible(pg_catalog.pg_class.oid) AND pg_catalog.pg_namespace.nspname != %(nspname_1)s
INFO:sqlalchemy.engine.Engine:[cached since 0.0241s ago] {'table_name': 'documents', 'param_1': 'r', 'param_2': 'p', 'param_3': 'f', 'param_4': 'v', 'param_5': 'm', 'nspname_1': 'pg_catalog'}
DEBUG:app.db.session:Query eseguita in 0.01 secondi: SELECT pg_catalog.pg_class.relname 
FROM pg_catalog.pg_class JOIN pg_catalog.pg_namespace ON pg_catalog.pg_namespace.oid = pg_catalog.pg_class.relnamespace 
WHERE pg_catalog.pg_class.relname = %(table_name)s AND pg_catalog.pg_class.relkind = ANY (ARRAY[%(param_1)s, %(param_2)s, %(param_3)s, %(param_4)s, %(param_5)s]) AND pg_catalog.pg_table_is_visible(pg_catalog.pg_class.oid) AND pg_catalog.pg_namespace.nspname != %(nspname_1)s
INFO:sqlalchemy.engine.Engine:SELECT pg_catalog.pg_class.relname 
FROM pg_catalog.pg_class JOIN pg_catalog.pg_namespace ON pg_catalog.pg_namespace.oid = pg_catalog.pg_class.relnamespace 
WHERE pg_catalog.pg_class.relname = %(table_name)s AND pg_catalog.pg_class.relkind = ANY (ARRAY[%(param_1)s, %(param_2)s, %(param_3)s, %(param_4)s, %(param_5)s]) AND pg_catalog.pg_table_is_visible(pg_catalog.pg_class.oid) AND pg_catalog.pg_namespace.nspname != %(nspname_1)s
INFO:sqlalchemy.engine.Engine:[cached since 0.02918s ago] {'table_name': 'document_versions', 'param_1': 'r', 'param_2': 'p', 'param_3': 'f', 'param_4': 'v', 'param_5': 'm', 'nspname_1': 'pg_catalog'}
DEBUG:app.db.session:Query eseguita in 0.01 secondi: SELECT pg_catalog.pg_class.relname 
FROM pg_catalog.pg_class JOIN pg_catalog.pg_namespace ON pg_catalog.pg_namespace.oid = pg_catalog.pg_class.relnamespace 
WHERE pg_catalog.pg_class.relname = %(table_name)s AND pg_catalog.pg_class.relkind = ANY (ARRAY[%(param_1)s, %(param_2)s, %(param_3)s, %(param_4)s, %(param_5)s]) AND pg_catalog.pg_table_is_visible(pg_catalog.pg_class.oid) AND pg_catalog.pg_namespace.nspname != %(nspname_1)s
INFO:sqlalchemy.engine.Engine:SELECT pg_catalog.pg_class.relname 
FROM pg_catalog.pg_class JOIN pg_catalog.pg_namespace ON pg_catalog.pg_namespace.oid = pg_catalog.pg_class.relnamespace 
WHERE pg_catalog.pg_class.relname = %(table_name)s AND pg_catalog.pg_class.relkind = ANY (ARRAY[%(param_1)s, %(param_2)s, %(param_3)s, %(param_4)s, %(param_5)s]) AND pg_catalog.pg_table_is_visible(pg_catalog.pg_class.oid) AND pg_catalog.pg_namespace.nspname != %(nspname_1)s
INFO:sqlalchemy.engine.Engine:[cached since 0.04286s ago] {'table_name': 'houses', 'param_1': 'r', 'param_2': 'p', 'param_3': 'f', 'param_4': 'v', 'param_5': 'm', 'nspname_1': 'pg_catalog'}
DEBUG:app.db.session:Query eseguita in 0.00 secondi: SELECT pg_catalog.pg_class.relname 
FROM pg_catalog.pg_class JOIN pg_catalog.pg_namespace ON pg_catalog.pg_namespace.oid = pg_catalog.pg_class.relnamespace 
WHERE pg_catalog.pg_class.relname = %(table_name)s AND pg_catalog.pg_class.relkind = ANY (ARRAY[%(param_1)s, %(param_2)s, %(param_3)s, %(param_4)s, %(param_5)s]) AND pg_catalog.pg_table_is_visible(pg_catalog.pg_class.oid) AND pg_catalog.pg_namespace.nspname != %(nspname_1)s
INFO:sqlalchemy.engine.Engine:SELECT pg_catalog.pg_class.relname 
FROM pg_catalog.pg_class JOIN pg_catalog.pg_namespace ON pg_catalog.pg_namespace.oid = pg_catalog.pg_class.relnamespace 
WHERE pg_catalog.pg_class.relname = %(table_name)s AND pg_catalog.pg_class.relkind = ANY (ARRAY[%(param_1)s, %(param_2)s, %(param_3)s, %(param_4)s, %(param_5)s]) AND pg_catalog.pg_table_is_visible(pg_catalog.pg_class.oid) AND pg_catalog.pg_namespace.nspname != %(nspname_1)s
INFO:sqlalchemy.engine.Engine:[cached since 0.05047s ago] {'table_name': 'nodes', 'param_1': 'r', 'param_2': 'p', 'param_3': 'f', 'param_4': 'v', 'param_5': 'm', 'nspname_1': 'pg_catalog'}
DEBUG:app.db.session:Query eseguita in 0.01 secondi: SELECT pg_catalog.pg_class.relname 
FROM pg_catalog.pg_class JOIN pg_catalog.pg_namespace ON pg_catalog.pg_namespace.oid = pg_catalog.pg_class.relnamespace 
WHERE pg_catalog.pg_class.relname = %(table_name)s AND pg_catalog.pg_class.relkind = ANY (ARRAY[%(param_1)s, %(param_2)s, %(param_3)s, %(param_4)s, %(param_5)s]) AND pg_catalog.pg_table_is_visible(pg_catalog.pg_class.oid) AND pg_catalog.pg_namespace.nspname != %(nspname_1)s
INFO:sqlalchemy.engine.Engine:SELECT pg_catalog.pg_class.relname 
FROM pg_catalog.pg_class JOIN pg_catalog.pg_namespace ON pg_catalog.pg_namespace.oid = pg_catalog.pg_class.relnamespace 
WHERE pg_catalog.pg_class.relname = %(table_name)s AND pg_catalog.pg_class.relkind = ANY (ARRAY[%(param_1)s, %(param_2)s, %(param_3)s, %(param_4)s, %(param_5)s]) AND pg_catalog.pg_table_is_visible(pg_catalog.pg_class.oid) AND pg_catalog.pg_namespace.nspname != %(nspname_1)s
INFO:sqlalchemy.engine.Engine:[cached since 0.06044s ago] {'table_name': 'rooms', 'param_1': 'r', 'param_2': 'p', 'param_3': 'f', 'param_4': 'v', 'param_5': 'm', 'nspname_1': 'pg_catalog'}
DEBUG:app.db.session:Query eseguita in 0.01 secondi: SELECT pg_catalog.pg_class.relname 
FROM pg_catalog.pg_class JOIN pg_catalog.pg_namespace ON pg_catalog.pg_namespace.oid = pg_catalog.pg_class.relnamespace 
WHERE pg_catalog.pg_class.relname = %(table_name)s AND pg_catalog.pg_class.relkind = ANY (ARRAY[%(param_1)s, %(param_2)s, %(param_3)s, %(param_4)s, %(param_5)s]) AND pg_catalog.pg_table_is_visible(pg_catalog.pg_class.oid) AND pg_catalog.pg_namespace.nspname != %(nspname_1)s
INFO:sqlalchemy.engine.Engine:SELECT pg_catalog.pg_class.relname 
FROM pg_catalog.pg_class JOIN pg_catalog.pg_namespace ON pg_catalog.pg_namespace.oid = pg_catalog.pg_class.relnamespace 
WHERE pg_catalog.pg_class.relname = %(table_name)s AND pg_catalog.pg_class.relkind = ANY (ARRAY[%(param_1)s, %(param_2)s, %(param_3)s, %(param_4)s, %(param_5)s]) AND pg_catalog.pg_table_is_visible(pg_catalog.pg_class.oid) AND pg_catalog.pg_namespace.nspname != %(nspname_1)s
INFO:sqlalchemy.engine.Engine:[cached since 0.06936s ago] {'table_name': 'bookings', 'param_1': 'r', 'param_2': 'p', 'param_3': 'f', 'param_4': 'v', 'param_5': 'm', 'nspname_1': 'pg_catalog'}
DEBUG:app.db.session:Query eseguita in 0.01 secondi: SELECT pg_catalog.pg_class.relname 
FROM pg_catalog.pg_class JOIN pg_catalog.pg_namespace ON pg_catalog.pg_namespace.oid = pg_catalog.pg_class.relnamespace 
WHERE pg_catalog.pg_class.relname = %(table_name)s AND pg_catalog.pg_class.relkind = ANY (ARRAY[%(param_1)s, %(param_2)s, %(param_3)s, %(param_4)s, %(param_5)s]) AND pg_catalog.pg_table_is_visible(pg_catalog.pg_class.oid) AND pg_catalog.pg_namespace.nspname != %(nspname_1)s
INFO:sqlalchemy.engine.Engine:SELECT pg_catalog.pg_class.relname 
FROM pg_catalog.pg_class JOIN pg_catalog.pg_namespace ON pg_catalog.pg_namespace.oid = pg_catalog.pg_class.relnamespace 
WHERE pg_catalog.pg_class.relname = %(table_name)s AND pg_catalog.pg_class.relkind = ANY (ARRAY[%(param_1)s, %(param_2)s, %(param_3)s, %(param_4)s, %(param_5)s]) AND pg_catalog.pg_table_is_visible(pg_catalog.pg_class.oid) AND pg_catalog.pg_namespace.nspname != %(nspname_1)s
INFO:sqlalchemy.engine.Engine:[cached since 0.07981s ago] {'table_name': 'maintenance_records', 'param_1': 'r', 'param_2': 'p', 'param_3': 'f', 'param_4': 'v', 'param_5': 'm', 'nspname_1': 'pg_catalog'}
DEBUG:app.db.session:Query eseguita in 0.01 secondi: SELECT pg_catalog.pg_class.relname 
FROM pg_catalog.pg_class JOIN pg_catalog.pg_namespace ON pg_catalog.pg_namespace.oid = pg_catalog.pg_class.relnamespace 
WHERE pg_catalog.pg_class.relname = %(table_name)s AND pg_catalog.pg_class.relkind = ANY (ARRAY[%(param_1)s, %(param_2)s, %(param_3)s, %(param_4)s, %(param_5)s]) AND pg_catalog.pg_table_is_visible(pg_catalog.pg_class.oid) AND pg_catalog.pg_namespace.nspname != %(nspname_1)s
INFO:sqlalchemy.engine.Engine:SELECT pg_catalog.pg_type.typname 
FROM pg_catalog.pg_type JOIN pg_catalog.pg_namespace ON pg_catalog.pg_namespace.oid = pg_catalog.pg_type.typnamespace 
WHERE pg_catalog.pg_type.typname = %(typname_1)s AND pg_catalog.pg_type_is_visible(pg_catalog.pg_type.oid) AND pg_catalog.pg_namespace.nspname != %(nspname_1)s
INFO:sqlalchemy.engine.Engine:[generated in 0.00109s] {'typname_1': 'maintenancetype', 'nspname_1': 'pg_catalog'}
DEBUG:app.db.session:Query eseguita in 0.01 secondi: SELECT pg_catalog.pg_type.typname 
FROM pg_catalog.pg_type JOIN pg_catalog.pg_namespace ON pg_catalog.pg_namespace.oid = pg_catalog.pg_type.typnamespace 
WHERE pg_catalog.pg_type.typname = %(typname_1)s AND pg_catalog.pg_type_is_visible(pg_catalog.pg_type.oid) AND pg_catalog.pg_namespace.nspname != %(nspname_1)s
INFO:sqlalchemy.engine.Engine:CREATE TYPE maintenancetype AS ENUM ('ROUTINE', 'PREVENTIVE', 'CORRECTIVE', 'EMERGENCY', 'INSPECTION')
INFO:sqlalchemy.engine.Engine:[no key 0.00440s] {}
DEBUG:app.db.session:Query eseguita in 0.01 secondi: CREATE TYPE maintenancetype AS ENUM ('ROUTINE', 'PREVENTIVE', 'CORRECTIVE', 'EMERGENCY', 'INSPECTION')
INFO:sqlalchemy.engine.Engine:SELECT pg_catalog.pg_type.typname 
FROM pg_catalog.pg_type JOIN pg_catalog.pg_namespace ON pg_catalog.pg_namespace.oid = pg_catalog.pg_type.typnamespace 
WHERE pg_catalog.pg_type.typname = %(typname_1)s AND pg_catalog.pg_type_is_visible(pg_catalog.pg_type.oid) AND pg_catalog.pg_namespace.nspname != %(nspname_1)s
INFO:sqlalchemy.engine.Engine:[cached since 0.03013s ago] {'typname_1': 'maintenancestatus', 'nspname_1': 'pg_catalog'}
DEBUG:app.db.session:Query eseguita in 0.01 secondi: SELECT pg_catalog.pg_type.typname 
FROM pg_catalog.pg_type JOIN pg_catalog.pg_namespace ON pg_catalog.pg_namespace.oid = pg_catalog.pg_type.typnamespace 
WHERE pg_catalog.pg_type.typname = %(typname_1)s AND pg_catalog.pg_type_is_visible(pg_catalog.pg_type.oid) AND pg_catalog.pg_namespace.nspname != %(nspname_1)s
INFO:sqlalchemy.engine.Engine:CREATE TYPE maintenancestatus AS ENUM ('PENDING', 'COMPLETED', 'FAILED')
INFO:sqlalchemy.engine.Engine:[no key 0.00220s] {}
DEBUG:app.db.session:Query eseguita in 0.01 secondi: CREATE TYPE maintenancestatus AS ENUM ('PENDING', 'COMPLETED', 'FAILED')
INFO:sqlalchemy.engine.Engine:
CREATE TABLE "user" (
	id SERIAL NOT NULL, 
	email VARCHAR NOT NULL, 
	username VARCHAR NOT NULL, 
	hashed_password VARCHAR NOT NULL, 
	is_active BOOLEAN NOT NULL, 
	is_superuser BOOLEAN NOT NULL, 
	is_verified BOOLEAN NOT NULL, 
	created_at TIMESTAMP WITHOUT TIME ZONE NOT NULL, 
	updated_at TIMESTAMP WITHOUT TIME ZONE NOT NULL, 
	last_login TIMESTAMP WITH TIME ZONE, 
	full_name VARCHAR(255), 
	phone_number VARCHAR(20), 
	PRIMARY KEY (id)
)


INFO:sqlalchemy.engine.Engine:[no key 0.00177s] {}
DEBUG:app.db.session:Query eseguita in 0.04 secondi: 
CREATE TABLE "user" (
	id SERIAL NOT NULL, 
	email VARCHAR NOT NULL, 
	username VARCHAR NOT NULL, 
	hashed_password VARCHAR NOT NULL, 
	is_active BOOLEAN NOT NULL, 
	is_superuser BOOLEAN NOT NULL, 
	is_verified BOOLEAN NOT NULL, 
	created_at TIMESTAMP WITHOUT TIME ZONE NOT NULL, 
	updated_at TIMESTAMP WITHOUT TIME ZONE NOT NULL, 
	last_login TIMESTAMP WITH TIME ZONE, 
	full_name VARCHAR(255), 
	phone_number VARCHAR(20), 
	PRIMARY KEY (id)
)


INFO:sqlalchemy.engine.Engine:CREATE UNIQUE INDEX ix_user_email ON "user" (email)
INFO:sqlalchemy.engine.Engine:[no key 0.00298s] {}
DEBUG:app.db.session:Query eseguita in 0.01 secondi: CREATE UNIQUE INDEX ix_user_email ON "user" (email)
INFO:sqlalchemy.engine.Engine:CREATE UNIQUE INDEX ix_user_username ON "user" (username)
INFO:sqlalchemy.engine.Engine:[no key 0.00364s] {}
DEBUG:app.db.session:Query eseguita in 0.01 secondi: CREATE UNIQUE INDEX ix_user_username ON "user" (username)
INFO:sqlalchemy.engine.Engine:
CREATE TABLE houses (
	id SERIAL NOT NULL, 
	name VARCHAR NOT NULL, 
	address VARCHAR NOT NULL, 
	owner_id INTEGER NOT NULL, 
	created_at TIMESTAMP WITHOUT TIME ZONE NOT NULL, 
	updated_at TIMESTAMP WITHOUT TIME ZONE NOT NULL, 
	PRIMARY KEY (id), 
	FOREIGN KEY(owner_id) REFERENCES "user" (id)
)


INFO:sqlalchemy.engine.Engine:[no key 0.00207s] {}
DEBUG:app.db.session:Query eseguita in 0.04 secondi: 
CREATE TABLE houses (
	id SERIAL NOT NULL, 
	name VARCHAR NOT NULL, 
	address VARCHAR NOT NULL, 
	owner_id INTEGER NOT NULL, 
	created_at TIMESTAMP WITHOUT TIME ZONE NOT NULL, 
	updated_at TIMESTAMP WITHOUT TIME ZONE NOT NULL, 
	PRIMARY KEY (id), 
	FOREIGN KEY(owner_id) REFERENCES "user" (id)
)


INFO:sqlalchemy.engine.Engine:CREATE INDEX ix_houses_name ON houses (name)
INFO:sqlalchemy.engine.Engine:[no key 0.00083s] {}
DEBUG:app.db.session:Query eseguita in 0.01 secondi: CREATE INDEX ix_houses_name ON houses (name)
INFO:sqlalchemy.engine.Engine:
CREATE TABLE rooms (
	id SERIAL NOT NULL, 
	name VARCHAR NOT NULL, 
	description VARCHAR, 
	floor INTEGER NOT NULL, 
	area FLOAT NOT NULL, 
	house_id INTEGER NOT NULL, 
	created_at TIMESTAMP WITHOUT TIME ZONE NOT NULL, 
	updated_at TIMESTAMP WITHOUT TIME ZONE NOT NULL, 
	PRIMARY KEY (id), 
	FOREIGN KEY(house_id) REFERENCES houses (id)
)


INFO:sqlalchemy.engine.Engine:[no key 0.00098s] {}
DEBUG:app.db.session:Query eseguita in 0.03 secondi: 
CREATE TABLE rooms (
	id SERIAL NOT NULL, 
	name VARCHAR NOT NULL, 
	description VARCHAR, 
	floor INTEGER NOT NULL, 
	area FLOAT NOT NULL, 
	house_id INTEGER NOT NULL, 
	created_at TIMESTAMP WITHOUT TIME ZONE NOT NULL, 
	updated_at TIMESTAMP WITHOUT TIME ZONE NOT NULL, 
	PRIMARY KEY (id), 
	FOREIGN KEY(house_id) REFERENCES houses (id)
)


INFO:sqlalchemy.engine.Engine:CREATE INDEX ix_rooms_name ON rooms (name)
INFO:sqlalchemy.engine.Engine:[no key 0.00078s] {}
DEBUG:app.db.session:Query eseguita in 0.01 secondi: CREATE INDEX ix_rooms_name ON rooms (name)
INFO:sqlalchemy.engine.Engine:
CREATE TABLE nodes (
	id SERIAL NOT NULL, 
	name VARCHAR NOT NULL, 
	description VARCHAR, 
	nfc_id VARCHAR NOT NULL, 
	house_id INTEGER NOT NULL, 
	room_id INTEGER, 
	PRIMARY KEY (id), 
	FOREIGN KEY(house_id) REFERENCES houses (id), 
	FOREIGN KEY(room_id) REFERENCES rooms (id)
)


INFO:sqlalchemy.engine.Engine:[no key 0.00078s] {}
DEBUG:app.db.session:Query eseguita in 0.03 secondi: 
CREATE TABLE nodes (
	id SERIAL NOT NULL, 
	name VARCHAR NOT NULL, 
	description VARCHAR, 
	nfc_id VARCHAR NOT NULL, 
	house_id INTEGER NOT NULL, 
	room_id INTEGER, 
	PRIMARY KEY (id), 
	FOREIGN KEY(house_id) REFERENCES houses (id), 
	FOREIGN KEY(room_id) REFERENCES rooms (id)
)


INFO:sqlalchemy.engine.Engine:CREATE UNIQUE INDEX ix_nodes_nfc_id ON nodes (nfc_id)
INFO:sqlalchemy.engine.Engine:[no key 0.00055s] {}
DEBUG:app.db.session:Query eseguita in 0.01 secondi: CREATE UNIQUE INDEX ix_nodes_nfc_id ON nodes (nfc_id)
INFO:sqlalchemy.engine.Engine:
CREATE TABLE bookings (
	id SERIAL NOT NULL, 
	room_id INTEGER NOT NULL, 
	user_id INTEGER NOT NULL, 
	start_time TIMESTAMP WITHOUT TIME ZONE NOT NULL, 
	end_time TIMESTAMP WITHOUT TIME ZONE NOT NULL, 
	status VARCHAR NOT NULL, 
	notes VARCHAR, 
	created_at TIMESTAMP WITHOUT TIME ZONE NOT NULL, 
	updated_at TIMESTAMP WITHOUT TIME ZONE NOT NULL, 
	PRIMARY KEY (id), 
	FOREIGN KEY(room_id) REFERENCES rooms (id), 
	FOREIGN KEY(user_id) REFERENCES "user" (id)
)


INFO:sqlalchemy.engine.Engine:[no key 0.00094s] {}
DEBUG:app.db.session:Query eseguita in 0.03 secondi: 
CREATE TABLE bookings (
	id SERIAL NOT NULL, 
	room_id INTEGER NOT NULL, 
	user_id INTEGER NOT NULL, 
	start_time TIMESTAMP WITHOUT TIME ZONE NOT NULL, 
	end_time TIMESTAMP WITHOUT TIME ZONE NOT NULL, 
	status VARCHAR NOT NULL, 
	notes VARCHAR, 
	created_at TIMESTAMP WITHOUT TIME ZONE NOT NULL, 
	updated_at TIMESTAMP WITHOUT TIME ZONE NOT NULL, 
	PRIMARY KEY (id), 
	FOREIGN KEY(room_id) REFERENCES rooms (id), 
	FOREIGN KEY(user_id) REFERENCES "user" (id)
)


INFO:sqlalchemy.engine.Engine:
CREATE TABLE documents (
	id SERIAL NOT NULL, 
	created_at TIMESTAMP WITHOUT TIME ZONE NOT NULL, 
	updated_at TIMESTAMP WITHOUT TIME ZONE NOT NULL, 
	owner_id INTEGER NOT NULL, 
	name VARCHAR NOT NULL, 
	type VARCHAR NOT NULL, 
	size INTEGER NOT NULL, 
	upload_date TIMESTAMP WITHOUT TIME ZONE NOT NULL, 
	path VARCHAR NOT NULL, 
	checksum VARCHAR NOT NULL, 
	house_id INTEGER, 
	node_id INTEGER, 
	description VARCHAR, 
	PRIMARY KEY (id), 
	FOREIGN KEY(owner_id) REFERENCES "user" (id), 
	FOREIGN KEY(house_id) REFERENCES houses (id), 
	FOREIGN KEY(node_id) REFERENCES nodes (id)
)


INFO:sqlalchemy.engine.Engine:[no key 0.00166s] {}
DEBUG:app.db.session:Query eseguita in 0.04 secondi: 
CREATE TABLE documents (
	id SERIAL NOT NULL, 
	created_at TIMESTAMP WITHOUT TIME ZONE NOT NULL, 
	updated_at TIMESTAMP WITHOUT TIME ZONE NOT NULL, 
	owner_id INTEGER NOT NULL, 
	name VARCHAR NOT NULL, 
	type VARCHAR NOT NULL, 
	size INTEGER NOT NULL, 
	upload_date TIMESTAMP WITHOUT TIME ZONE NOT NULL, 
	path VARCHAR NOT NULL, 
	checksum VARCHAR NOT NULL, 
	house_id INTEGER, 
	node_id INTEGER, 
	description VARCHAR, 
	PRIMARY KEY (id), 
	FOREIGN KEY(owner_id) REFERENCES "user" (id), 
	FOREIGN KEY(house_id) REFERENCES houses (id), 
	FOREIGN KEY(node_id) REFERENCES nodes (id)
)


INFO:sqlalchemy.engine.Engine:CREATE INDEX ix_documents_owner_id ON documents (owner_id)
INFO:sqlalchemy.engine.Engine:[no key 0.00108s] {}
DEBUG:app.db.session:Query eseguita in 0.01 secondi: CREATE INDEX ix_documents_owner_id ON documents (owner_id)
INFO:sqlalchemy.engine.Engine:
CREATE TABLE document_versions (
	id SERIAL NOT NULL, 
	version_number INTEGER NOT NULL, 
	file_path VARCHAR NOT NULL, 
	file_size INTEGER NOT NULL, 
	checksum VARCHAR NOT NULL, 
	created_at TIMESTAMP WITHOUT TIME ZONE NOT NULL, 
	updated_at TIMESTAMP WITHOUT TIME ZONE NOT NULL, 
	document_id INTEGER NOT NULL, 
	created_by_id INTEGER, 
	PRIMARY KEY (id), 
	FOREIGN KEY(document_id) REFERENCES documents (id), 
	FOREIGN KEY(created_by_id) REFERENCES "user" (id)
)


INFO:sqlalchemy.engine.Engine:[no key 0.00080s] {}
DEBUG:app.db.session:Query eseguita in 0.04 secondi: 
CREATE TABLE document_versions (
	id SERIAL NOT NULL, 
	version_number INTEGER NOT NULL, 
	file_path VARCHAR NOT NULL, 
	file_size INTEGER NOT NULL, 
	checksum VARCHAR NOT NULL, 
	created_at TIMESTAMP WITHOUT TIME ZONE NOT NULL, 
	updated_at TIMESTAMP WITHOUT TIME ZONE NOT NULL, 
	document_id INTEGER NOT NULL, 
	created_by_id INTEGER, 
	PRIMARY KEY (id), 
	FOREIGN KEY(document_id) REFERENCES documents (id), 
	FOREIGN KEY(created_by_id) REFERENCES "user" (id)
)


INFO:sqlalchemy.engine.Engine:CREATE INDEX ix_document_versions_version_number ON document_versions (version_number)
INFO:sqlalchemy.engine.Engine:[no key 0.00150s] {}
DEBUG:app.db.session:Query eseguita in 0.01 secondi: CREATE INDEX ix_document_versions_version_number ON document_versions (version_number)
INFO:sqlalchemy.engine.Engine:CREATE INDEX ix_document_versions_created_by_id ON document_versions (created_by_id)
INFO:sqlalchemy.engine.Engine:[no key 0.00151s] {}
DEBUG:app.db.session:Query eseguita in 0.01 secondi: CREATE INDEX ix_document_versions_created_by_id ON document_versions (created_by_id)
INFO:sqlalchemy.engine.Engine:CREATE INDEX ix_document_versions_document_id ON document_versions (document_id)
INFO:sqlalchemy.engine.Engine:[no key 0.00064s] {}
DEBUG:app.db.session:Query eseguita in 0.01 secondi: CREATE INDEX ix_document_versions_document_id ON document_versions (document_id)
INFO:sqlalchemy.engine.Engine:
CREATE TABLE maintenance_records (
	id SERIAL NOT NULL, 
	node_id INTEGER NOT NULL, 
	timestamp TIMESTAMP WITHOUT TIME ZONE NOT NULL, 
	maintenance_type maintenancetype NOT NULL, 
	description VARCHAR NOT NULL, 
	status maintenancestatus NOT NULL, 
	notes VARCHAR, 
	document_id INTEGER, 
	PRIMARY KEY (id), 
	FOREIGN KEY(node_id) REFERENCES nodes (id), 
	FOREIGN KEY(document_id) REFERENCES documents (id)
)


INFO:sqlalchemy.engine.Engine:[no key 0.00085s] {}
DEBUG:app.db.session:Query eseguita in 0.04 secondi: 
CREATE TABLE maintenance_records (
	id SERIAL NOT NULL, 
	node_id INTEGER NOT NULL, 
	timestamp TIMESTAMP WITHOUT TIME ZONE NOT NULL, 
	maintenance_type maintenancetype NOT NULL, 
	description VARCHAR NOT NULL, 
	status maintenancestatus NOT NULL, 
	notes VARCHAR, 
	document_id INTEGER, 
	PRIMARY KEY (id), 
	FOREIGN KEY(node_id) REFERENCES nodes (id), 
	FOREIGN KEY(document_id) REFERENCES documents (id)
)


INFO:sqlalchemy.engine.Engine:CREATE INDEX ix_maintenance_records_node_id ON maintenance_records (node_id)
INFO:sqlalchemy.engine.Engine:[no key 0.00172s] {}
DEBUG:app.db.session:Query eseguita in 0.01 secondi: CREATE INDEX ix_maintenance_records_node_id ON maintenance_records (node_id)
INFO:sqlalchemy.engine.Engine:COMMIT
DEBUG:test_users:Test database tables created successfully
DEBUG:test_users:Test database session created successfully
DEBUG:conftest:Overriding get_session for tests...
DEBUG:tests.conftest_redis:Setting up FakeRedis for tests...
DEBUG:app.core.redis:Connessione Redis stabilita con successo
INFO:sqlalchemy.engine.Engine:BEGIN (implicit)
INFO:sqlalchemy.engine.Engine:INSERT INTO "user" (email, username, hashed_password, is_active, is_superuser, is_verified, created_at, updated_at, last_login, full_name, phone_number) VALUES (%(email)s, %(username)s, %(hashed_password)s, %(is_active)s, %(is_superuser)s, %(is_verified)s, %(created_at)s, %(updated_at)s, %(last_login)s, %(full_name)s, %(phone_number)s) RETURNING "user".id
INFO:sqlalchemy.engine.Engine:[generated in 0.00150s] {'email': 'existing@example.com', 'username': 'existinguser', 'hashed_password': '$2b$12$Nggmf9jupUVXIFAb9DFhQunjflwjFGGT3VW9naKZDLEsifDx7NOJq', 'is_active': True, 'is_superuser': False, 'is_verified': False, 'created_at': datetime.datetime(2025, 6, 17, 9, 28, 43, 312940, tzinfo=datetime.timezone.utc), 'updated_at': datetime.datetime(2025, 6, 17, 9, 28, 43, 312992, tzinfo=datetime.timezone.utc), 'last_login': None, 'full_name': None, 'phone_number': None}
DEBUG:app.db.session:Query eseguita in 0.02 secondi: INSERT INTO "user" (email, username, hashed_password, is_active, is_superuser, is_verified, created_at, updated_at, last_login, full_name, phone_number) VALUES (%(email)s, %(username)s, %(hashed_password)s, %(is_active)s, %(is_superuser)s, %(is_verified)s, %(created_at)s, %(updated_at)s, %(last_login)s, %(full_name)s, %(phone_number)s) RETURNING "user".id
INFO:sqlalchemy.engine.Engine:COMMIT
INFO:sqlalchemy.engine.Engine:BEGIN (implicit)
INFO:sqlalchemy.engine.Engine:SELECT "user".id, "user".email, "user".username, "user".hashed_password, "user".is_active, "user".is_superuser, "user".is_verified, "user".created_at, "user".updated_at, "user".last_login, "user".full_name, "user".phone_number 
FROM "user" 
WHERE "user".id = %(pk_1)s
INFO:sqlalchemy.engine.Engine:[generated in 0.00408s] {'pk_1': 1}
DEBUG:app.db.session:Query eseguita in 0.01 secondi: SELECT "user".id, "user".email, "user".username, "user".hashed_password, "user".is_active, "user".is_superuser, "user".is_verified, "user".created_at, "user".updated_at, "user".last_login, "user".full_name, "user".phone_number 
FROM "user" 
WHERE "user".id = %(pk_1)s
----------------------------- Captured log setup ------------------------------
DEBUG    test_users:test_users.py:38 Setting up test database session...
INFO     sqlalchemy.engine.Engine:base.py:1842 select pg_catalog.version()
INFO     sqlalchemy.engine.Engine:base.py:1842 [raw sql] {}
INFO     sqlalchemy.engine.Engine:base.py:1842 select current_schema()
INFO     sqlalchemy.engine.Engine:base.py:1842 [raw sql] {}
INFO     sqlalchemy.engine.Engine:base.py:1842 show standard_conforming_strings
INFO     sqlalchemy.engine.Engine:base.py:1842 [raw sql] {}
INFO     sqlalchemy.engine.Engine:base.py:2698 BEGIN (implicit)
INFO     sqlalchemy.engine.Engine:base.py:1842 SELECT pg_catalog.pg_class.relname 
FROM pg_catalog.pg_class JOIN pg_catalog.pg_namespace ON pg_catalog.pg_namespace.oid = pg_catalog.pg_class.relnamespace 
WHERE pg_catalog.pg_class.relname = %(table_name)s AND pg_catalog.pg_class.relkind = ANY (ARRAY[%(param_1)s, %(param_2)s, %(param_3)s, %(param_4)s, %(param_5)s]) AND pg_catalog.pg_table_is_visible(pg_catalog.pg_class.oid) AND pg_catalog.pg_namespace.nspname != %(nspname_1)s
INFO     sqlalchemy.engine.Engine:base.py:1842 [generated in 0.00304s] {'table_name': 'user', 'param_1': 'r', 'param_2': 'p', 'param_3': 'f', 'param_4': 'v', 'param_5': 'm', 'nspname_1': 'pg_catalog'}
DEBUG    app.db.session:session.py:30 Query eseguita in 0.02 secondi: SELECT pg_catalog.pg_class.relname 
FROM pg_catalog.pg_class JOIN pg_catalog.pg_namespace ON pg_catalog.pg_namespace.oid = pg_catalog.pg_class.relnamespace 
WHERE pg_catalog.pg_class.relname = %(table_name)s AND pg_catalog.pg_class.relkind = ANY (ARRAY[%(param_1)s, %(param_2)s, %(param_3)s, %(param_4)s, %(param_5)s]) AND pg_catalog.pg_table_is_visible(pg_catalog.pg_class.oid) AND pg_catalog.pg_namespace.nspname != %(nspname_1)s
INFO     sqlalchemy.engine.Engine:base.py:1842 SELECT pg_catalog.pg_class.relname 
FROM pg_catalog.pg_class JOIN pg_catalog.pg_namespace ON pg_catalog.pg_namespace.oid = pg_catalog.pg_class.relnamespace 
WHERE pg_catalog.pg_class.relname = %(table_name)s AND pg_catalog.pg_class.relkind = ANY (ARRAY[%(param_1)s, %(param_2)s, %(param_3)s, %(param_4)s, %(param_5)s]) AND pg_catalog.pg_table_is_visible(pg_catalog.pg_class.oid) AND pg_catalog.pg_namespace.nspname != %(nspname_1)s
INFO     sqlalchemy.engine.Engine:base.py:1842 [cached since 0.0241s ago] {'table_name': 'documents', 'param_1': 'r', 'param_2': 'p', 'param_3': 'f', 'param_4': 'v', 'param_5': 'm', 'nspname_1': 'pg_catalog'}
DEBUG    app.db.session:session.py:30 Query eseguita in 0.01 secondi: SELECT pg_catalog.pg_class.relname 
FROM pg_catalog.pg_class JOIN pg_catalog.pg_namespace ON pg_catalog.pg_namespace.oid = pg_catalog.pg_class.relnamespace 
WHERE pg_catalog.pg_class.relname = %(table_name)s AND pg_catalog.pg_class.relkind = ANY (ARRAY[%(param_1)s, %(param_2)s, %(param_3)s, %(param_4)s, %(param_5)s]) AND pg_catalog.pg_table_is_visible(pg_catalog.pg_class.oid) AND pg_catalog.pg_namespace.nspname != %(nspname_1)s
INFO     sqlalchemy.engine.Engine:base.py:1842 SELECT pg_catalog.pg_class.relname 
FROM pg_catalog.pg_class JOIN pg_catalog.pg_namespace ON pg_catalog.pg_namespace.oid = pg_catalog.pg_class.relnamespace 
WHERE pg_catalog.pg_class.relname = %(table_name)s AND pg_catalog.pg_class.relkind = ANY (ARRAY[%(param_1)s, %(param_2)s, %(param_3)s, %(param_4)s, %(param_5)s]) AND pg_catalog.pg_table_is_visible(pg_catalog.pg_class.oid) AND pg_catalog.pg_namespace.nspname != %(nspname_1)s
INFO     sqlalchemy.engine.Engine:base.py:1842 [cached since 0.02918s ago] {'table_name': 'document_versions', 'param_1': 'r', 'param_2': 'p', 'param_3': 'f', 'param_4': 'v', 'param_5': 'm', 'nspname_1': 'pg_catalog'}
DEBUG    app.db.session:session.py:30 Query eseguita in 0.01 secondi: SELECT pg_catalog.pg_class.relname 
FROM pg_catalog.pg_class JOIN pg_catalog.pg_namespace ON pg_catalog.pg_namespace.oid = pg_catalog.pg_class.relnamespace 
WHERE pg_catalog.pg_class.relname = %(table_name)s AND pg_catalog.pg_class.relkind = ANY (ARRAY[%(param_1)s, %(param_2)s, %(param_3)s, %(param_4)s, %(param_5)s]) AND pg_catalog.pg_table_is_visible(pg_catalog.pg_class.oid) AND pg_catalog.pg_namespace.nspname != %(nspname_1)s
INFO     sqlalchemy.engine.Engine:base.py:1842 SELECT pg_catalog.pg_class.relname 
FROM pg_catalog.pg_class JOIN pg_catalog.pg_namespace ON pg_catalog.pg_namespace.oid = pg_catalog.pg_class.relnamespace 
WHERE pg_catalog.pg_class.relname = %(table_name)s AND pg_catalog.pg_class.relkind = ANY (ARRAY[%(param_1)s, %(param_2)s, %(param_3)s, %(param_4)s, %(param_5)s]) AND pg_catalog.pg_table_is_visible(pg_catalog.pg_class.oid) AND pg_catalog.pg_namespace.nspname != %(nspname_1)s
INFO     sqlalchemy.engine.Engine:base.py:1842 [cached since 0.04286s ago] {'table_name': 'houses', 'param_1': 'r', 'param_2': 'p', 'param_3': 'f', 'param_4': 'v', 'param_5': 'm', 'nspname_1': 'pg_catalog'}
DEBUG    app.db.session:session.py:30 Query eseguita in 0.00 secondi: SELECT pg_catalog.pg_class.relname 
FROM pg_catalog.pg_class JOIN pg_catalog.pg_namespace ON pg_catalog.pg_namespace.oid = pg_catalog.pg_class.relnamespace 
WHERE pg_catalog.pg_class.relname = %(table_name)s AND pg_catalog.pg_class.relkind = ANY (ARRAY[%(param_1)s, %(param_2)s, %(param_3)s, %(param_4)s, %(param_5)s]) AND pg_catalog.pg_table_is_visible(pg_catalog.pg_class.oid) AND pg_catalog.pg_namespace.nspname != %(nspname_1)s
INFO     sqlalchemy.engine.Engine:base.py:1842 SELECT pg_catalog.pg_class.relname 
FROM pg_catalog.pg_class JOIN pg_catalog.pg_namespace ON pg_catalog.pg_namespace.oid = pg_catalog.pg_class.relnamespace 
WHERE pg_catalog.pg_class.relname = %(table_name)s AND pg_catalog.pg_class.relkind = ANY (ARRAY[%(param_1)s, %(param_2)s, %(param_3)s, %(param_4)s, %(param_5)s]) AND pg_catalog.pg_table_is_visible(pg_catalog.pg_class.oid) AND pg_catalog.pg_namespace.nspname != %(nspname_1)s
INFO     sqlalchemy.engine.Engine:base.py:1842 [cached since 0.05047s ago] {'table_name': 'nodes', 'param_1': 'r', 'param_2': 'p', 'param_3': 'f', 'param_4': 'v', 'param_5': 'm', 'nspname_1': 'pg_catalog'}
DEBUG    app.db.session:session.py:30 Query eseguita in 0.01 secondi: SELECT pg_catalog.pg_class.relname 
FROM pg_catalog.pg_class JOIN pg_catalog.pg_namespace ON pg_catalog.pg_namespace.oid = pg_catalog.pg_class.relnamespace 
WHERE pg_catalog.pg_class.relname = %(table_name)s AND pg_catalog.pg_class.relkind = ANY (ARRAY[%(param_1)s, %(param_2)s, %(param_3)s, %(param_4)s, %(param_5)s]) AND pg_catalog.pg_table_is_visible(pg_catalog.pg_class.oid) AND pg_catalog.pg_namespace.nspname != %(nspname_1)s
INFO     sqlalchemy.engine.Engine:base.py:1842 SELECT pg_catalog.pg_class.relname 
FROM pg_catalog.pg_class JOIN pg_catalog.pg_namespace ON pg_catalog.pg_namespace.oid = pg_catalog.pg_class.relnamespace 
WHERE pg_catalog.pg_class.relname = %(table_name)s AND pg_catalog.pg_class.relkind = ANY (ARRAY[%(param_1)s, %(param_2)s, %(param_3)s, %(param_4)s, %(param_5)s]) AND pg_catalog.pg_table_is_visible(pg_catalog.pg_class.oid) AND pg_catalog.pg_namespace.nspname != %(nspname_1)s
INFO     sqlalchemy.engine.Engine:base.py:1842 [cached since 0.06044s ago] {'table_name': 'rooms', 'param_1': 'r', 'param_2': 'p', 'param_3': 'f', 'param_4': 'v', 'param_5': 'm', 'nspname_1': 'pg_catalog'}
DEBUG    app.db.session:session.py:30 Query eseguita in 0.01 secondi: SELECT pg_catalog.pg_class.relname 
FROM pg_catalog.pg_class JOIN pg_catalog.pg_namespace ON pg_catalog.pg_namespace.oid = pg_catalog.pg_class.relnamespace 
WHERE pg_catalog.pg_class.relname = %(table_name)s AND pg_catalog.pg_class.relkind = ANY (ARRAY[%(param_1)s, %(param_2)s, %(param_3)s, %(param_4)s, %(param_5)s]) AND pg_catalog.pg_table_is_visible(pg_catalog.pg_class.oid) AND pg_catalog.pg_namespace.nspname != %(nspname_1)s
INFO     sqlalchemy.engine.Engine:base.py:1842 SELECT pg_catalog.pg_class.relname 
FROM pg_catalog.pg_class JOIN pg_catalog.pg_namespace ON pg_catalog.pg_namespace.oid = pg_catalog.pg_class.relnamespace 
WHERE pg_catalog.pg_class.relname = %(table_name)s AND pg_catalog.pg_class.relkind = ANY (ARRAY[%(param_1)s, %(param_2)s, %(param_3)s, %(param_4)s, %(param_5)s]) AND pg_catalog.pg_table_is_visible(pg_catalog.pg_class.oid) AND pg_catalog.pg_namespace.nspname != %(nspname_1)s
INFO     sqlalchemy.engine.Engine:base.py:1842 [cached since 0.06936s ago] {'table_name': 'bookings', 'param_1': 'r', 'param_2': 'p', 'param_3': 'f', 'param_4': 'v', 'param_5': 'm', 'nspname_1': 'pg_catalog'}
DEBUG    app.db.session:session.py:30 Query eseguita in 0.01 secondi: SELECT pg_catalog.pg_class.relname 
FROM pg_catalog.pg_class JOIN pg_catalog.pg_namespace ON pg_catalog.pg_namespace.oid = pg_catalog.pg_class.relnamespace 
WHERE pg_catalog.pg_class.relname = %(table_name)s AND pg_catalog.pg_class.relkind = ANY (ARRAY[%(param_1)s, %(param_2)s, %(param_3)s, %(param_4)s, %(param_5)s]) AND pg_catalog.pg_table_is_visible(pg_catalog.pg_class.oid) AND pg_catalog.pg_namespace.nspname != %(nspname_1)s
INFO     sqlalchemy.engine.Engine:base.py:1842 SELECT pg_catalog.pg_class.relname 
FROM pg_catalog.pg_class JOIN pg_catalog.pg_namespace ON pg_catalog.pg_namespace.oid = pg_catalog.pg_class.relnamespace 
WHERE pg_catalog.pg_class.relname = %(table_name)s AND pg_catalog.pg_class.relkind = ANY (ARRAY[%(param_1)s, %(param_2)s, %(param_3)s, %(param_4)s, %(param_5)s]) AND pg_catalog.pg_table_is_visible(pg_catalog.pg_class.oid) AND pg_catalog.pg_namespace.nspname != %(nspname_1)s
INFO     sqlalchemy.engine.Engine:base.py:1842 [cached since 0.07981s ago] {'table_name': 'maintenance_records', 'param_1': 'r', 'param_2': 'p', 'param_3': 'f', 'param_4': 'v', 'param_5': 'm', 'nspname_1': 'pg_catalog'}
DEBUG    app.db.session:session.py:30 Query eseguita in 0.01 secondi: SELECT pg_catalog.pg_class.relname 
FROM pg_catalog.pg_class JOIN pg_catalog.pg_namespace ON pg_catalog.pg_namespace.oid = pg_catalog.pg_class.relnamespace 
WHERE pg_catalog.pg_class.relname = %(table_name)s AND pg_catalog.pg_class.relkind = ANY (ARRAY[%(param_1)s, %(param_2)s, %(param_3)s, %(param_4)s, %(param_5)s]) AND pg_catalog.pg_table_is_visible(pg_catalog.pg_class.oid) AND pg_catalog.pg_namespace.nspname != %(nspname_1)s
INFO     sqlalchemy.engine.Engine:base.py:1842 SELECT pg_catalog.pg_type.typname 
FROM pg_catalog.pg_type JOIN pg_catalog.pg_namespace ON pg_catalog.pg_namespace.oid = pg_catalog.pg_type.typnamespace 
WHERE pg_catalog.pg_type.typname = %(typname_1)s AND pg_catalog.pg_type_is_visible(pg_catalog.pg_type.oid) AND pg_catalog.pg_namespace.nspname != %(nspname_1)s
INFO     sqlalchemy.engine.Engine:base.py:1842 [generated in 0.00109s] {'typname_1': 'maintenancetype', 'nspname_1': 'pg_catalog'}
DEBUG    app.db.session:session.py:30 Query eseguita in 0.01 secondi: SELECT pg_catalog.pg_type.typname 
FROM pg_catalog.pg_type JOIN pg_catalog.pg_namespace ON pg_catalog.pg_namespace.oid = pg_catalog.pg_type.typnamespace 
WHERE pg_catalog.pg_type.typname = %(typname_1)s AND pg_catalog.pg_type_is_visible(pg_catalog.pg_type.oid) AND pg_catalog.pg_namespace.nspname != %(nspname_1)s
INFO     sqlalchemy.engine.Engine:base.py:1842 CREATE TYPE maintenancetype AS ENUM ('ROUTINE', 'PREVENTIVE', 'CORRECTIVE', 'EMERGENCY', 'INSPECTION')
INFO     sqlalchemy.engine.Engine:base.py:1842 [no key 0.00440s] {}
DEBUG    app.db.session:session.py:30 Query eseguita in 0.01 secondi: CREATE TYPE maintenancetype AS ENUM ('ROUTINE', 'PREVENTIVE', 'CORRECTIVE', 'EMERGENCY', 'INSPECTION')
INFO     sqlalchemy.engine.Engine:base.py:1842 SELECT pg_catalog.pg_type.typname 
FROM pg_catalog.pg_type JOIN pg_catalog.pg_namespace ON pg_catalog.pg_namespace.oid = pg_catalog.pg_type.typnamespace 
WHERE pg_catalog.pg_type.typname = %(typname_1)s AND pg_catalog.pg_type_is_visible(pg_catalog.pg_type.oid) AND pg_catalog.pg_namespace.nspname != %(nspname_1)s
INFO     sqlalchemy.engine.Engine:base.py:1842 [cached since 0.03013s ago] {'typname_1': 'maintenancestatus', 'nspname_1': 'pg_catalog'}
DEBUG    app.db.session:session.py:30 Query eseguita in 0.01 secondi: SELECT pg_catalog.pg_type.typname 
FROM pg_catalog.pg_type JOIN pg_catalog.pg_namespace ON pg_catalog.pg_namespace.oid = pg_catalog.pg_type.typnamespace 
WHERE pg_catalog.pg_type.typname = %(typname_1)s AND pg_catalog.pg_type_is_visible(pg_catalog.pg_type.oid) AND pg_catalog.pg_namespace.nspname != %(nspname_1)s
INFO     sqlalchemy.engine.Engine:base.py:1842 CREATE TYPE maintenancestatus AS ENUM ('PENDING', 'COMPLETED', 'FAILED')
INFO     sqlalchemy.engine.Engine:base.py:1842 [no key 0.00220s] {}
DEBUG    app.db.session:session.py:30 Query eseguita in 0.01 secondi: CREATE TYPE maintenancestatus AS ENUM ('PENDING', 'COMPLETED', 'FAILED')
INFO     sqlalchemy.engine.Engine:base.py:1842 
CREATE TABLE "user" (
	id SERIAL NOT NULL, 
	email VARCHAR NOT NULL, 
	username VARCHAR NOT NULL, 
	hashed_password VARCHAR NOT NULL, 
	is_active BOOLEAN NOT NULL, 
	is_superuser BOOLEAN NOT NULL, 
	is_verified BOOLEAN NOT NULL, 
	created_at TIMESTAMP WITHOUT TIME ZONE NOT NULL, 
	updated_at TIMESTAMP WITHOUT TIME ZONE NOT NULL, 
	last_login TIMESTAMP WITH TIME ZONE, 
	full_name VARCHAR(255), 
	phone_number VARCHAR(20), 
	PRIMARY KEY (id)
)


INFO     sqlalchemy.engine.Engine:base.py:1842 [no key 0.00177s] {}
DEBUG    app.db.session:session.py:30 Query eseguita in 0.04 secondi: 
CREATE TABLE "user" (
	id SERIAL NOT NULL, 
	email VARCHAR NOT NULL, 
	username VARCHAR NOT NULL, 
	hashed_password VARCHAR NOT NULL, 
	is_active BOOLEAN NOT NULL, 
	is_superuser BOOLEAN NOT NULL, 
	is_verified BOOLEAN NOT NULL, 
	created_at TIMESTAMP WITHOUT TIME ZONE NOT NULL, 
	updated_at TIMESTAMP WITHOUT TIME ZONE NOT NULL, 
	last_login TIMESTAMP WITH TIME ZONE, 
	full_name VARCHAR(255), 
	phone_number VARCHAR(20), 
	PRIMARY KEY (id)
)


INFO     sqlalchemy.engine.Engine:base.py:1842 CREATE UNIQUE INDEX ix_user_email ON "user" (email)
INFO     sqlalchemy.engine.Engine:base.py:1842 [no key 0.00298s] {}
DEBUG    app.db.session:session.py:30 Query eseguita in 0.01 secondi: CREATE UNIQUE INDEX ix_user_email ON "user" (email)
INFO     sqlalchemy.engine.Engine:base.py:1842 CREATE UNIQUE INDEX ix_user_username ON "user" (username)
INFO     sqlalchemy.engine.Engine:base.py:1842 [no key 0.00364s] {}
DEBUG    app.db.session:session.py:30 Query eseguita in 0.01 secondi: CREATE UNIQUE INDEX ix_user_username ON "user" (username)
INFO     sqlalchemy.engine.Engine:base.py:1842 
CREATE TABLE houses (
	id SERIAL NOT NULL, 
	name VARCHAR NOT NULL, 
	address VARCHAR NOT NULL, 
	owner_id INTEGER NOT NULL, 
	created_at TIMESTAMP WITHOUT TIME ZONE NOT NULL, 
	updated_at TIMESTAMP WITHOUT TIME ZONE NOT NULL, 
	PRIMARY KEY (id), 
	FOREIGN KEY(owner_id) REFERENCES "user" (id)
)


INFO     sqlalchemy.engine.Engine:base.py:1842 [no key 0.00207s] {}
DEBUG    app.db.session:session.py:30 Query eseguita in 0.04 secondi: 
CREATE TABLE houses (
	id SERIAL NOT NULL, 
	name VARCHAR NOT NULL, 
	address VARCHAR NOT NULL, 
	owner_id INTEGER NOT NULL, 
	created_at TIMESTAMP WITHOUT TIME ZONE NOT NULL, 
	updated_at TIMESTAMP WITHOUT TIME ZONE NOT NULL, 
	PRIMARY KEY (id), 
	FOREIGN KEY(owner_id) REFERENCES "user" (id)
)


INFO     sqlalchemy.engine.Engine:base.py:1842 CREATE INDEX ix_houses_name ON houses (name)
INFO     sqlalchemy.engine.Engine:base.py:1842 [no key 0.00083s] {}
DEBUG    app.db.session:session.py:30 Query eseguita in 0.01 secondi: CREATE INDEX ix_houses_name ON houses (name)
INFO     sqlalchemy.engine.Engine:base.py:1842 
CREATE TABLE rooms (
	id SERIAL NOT NULL, 
	name VARCHAR NOT NULL, 
	description VARCHAR, 
	floor INTEGER NOT NULL, 
	area FLOAT NOT NULL, 
	house_id INTEGER NOT NULL, 
	created_at TIMESTAMP WITHOUT TIME ZONE NOT NULL, 
	updated_at TIMESTAMP WITHOUT TIME ZONE NOT NULL, 
	PRIMARY KEY (id), 
	FOREIGN KEY(house_id) REFERENCES houses (id)
)


INFO     sqlalchemy.engine.Engine:base.py:1842 [no key 0.00098s] {}
DEBUG    app.db.session:session.py:30 Query eseguita in 0.03 secondi: 
CREATE TABLE rooms (
	id SERIAL NOT NULL, 
	name VARCHAR NOT NULL, 
	description VARCHAR, 
	floor INTEGER NOT NULL, 
	area FLOAT NOT NULL, 
	house_id INTEGER NOT NULL, 
	created_at TIMESTAMP WITHOUT TIME ZONE NOT NULL, 
	updated_at TIMESTAMP WITHOUT TIME ZONE NOT NULL, 
	PRIMARY KEY (id), 
	FOREIGN KEY(house_id) REFERENCES houses (id)
)


INFO     sqlalchemy.engine.Engine:base.py:1842 CREATE INDEX ix_rooms_name ON rooms (name)
INFO     sqlalchemy.engine.Engine:base.py:1842 [no key 0.00078s] {}
DEBUG    app.db.session:session.py:30 Query eseguita in 0.01 secondi: CREATE INDEX ix_rooms_name ON rooms (name)
INFO     sqlalchemy.engine.Engine:base.py:1842 
CREATE TABLE nodes (
	id SERIAL NOT NULL, 
	name VARCHAR NOT NULL, 
	description VARCHAR, 
	nfc_id VARCHAR NOT NULL, 
	house_id INTEGER NOT NULL, 
	room_id INTEGER, 
	PRIMARY KEY (id), 
	FOREIGN KEY(house_id) REFERENCES houses (id), 
	FOREIGN KEY(room_id) REFERENCES rooms (id)
)


INFO     sqlalchemy.engine.Engine:base.py:1842 [no key 0.00078s] {}
DEBUG    app.db.session:session.py:30 Query eseguita in 0.03 secondi: 
CREATE TABLE nodes (
	id SERIAL NOT NULL, 
	name VARCHAR NOT NULL, 
	description VARCHAR, 
	nfc_id VARCHAR NOT NULL, 
	house_id INTEGER NOT NULL, 
	room_id INTEGER, 
	PRIMARY KEY (id), 
	FOREIGN KEY(house_id) REFERENCES houses (id), 
	FOREIGN KEY(room_id) REFERENCES rooms (id)
)


INFO     sqlalchemy.engine.Engine:base.py:1842 CREATE UNIQUE INDEX ix_nodes_nfc_id ON nodes (nfc_id)
INFO     sqlalchemy.engine.Engine:base.py:1842 [no key 0.00055s] {}
DEBUG    app.db.session:session.py:30 Query eseguita in 0.01 secondi: CREATE UNIQUE INDEX ix_nodes_nfc_id ON nodes (nfc_id)
INFO     sqlalchemy.engine.Engine:base.py:1842 
CREATE TABLE bookings (
	id SERIAL NOT NULL, 
	room_id INTEGER NOT NULL, 
	user_id INTEGER NOT NULL, 
	start_time TIMESTAMP WITHOUT TIME ZONE NOT NULL, 
	end_time TIMESTAMP WITHOUT TIME ZONE NOT NULL, 
	status VARCHAR NOT NULL, 
	notes VARCHAR, 
	created_at TIMESTAMP WITHOUT TIME ZONE NOT NULL, 
	updated_at TIMESTAMP WITHOUT TIME ZONE NOT NULL, 
	PRIMARY KEY (id), 
	FOREIGN KEY(room_id) REFERENCES rooms (id), 
	FOREIGN KEY(user_id) REFERENCES "user" (id)
)


INFO     sqlalchemy.engine.Engine:base.py:1842 [no key 0.00094s] {}
DEBUG    app.db.session:session.py:30 Query eseguita in 0.03 secondi: 
CREATE TABLE bookings (
	id SERIAL NOT NULL, 
	room_id INTEGER NOT NULL, 
	user_id INTEGER NOT NULL, 
	start_time TIMESTAMP WITHOUT TIME ZONE NOT NULL, 
	end_time TIMESTAMP WITHOUT TIME ZONE NOT NULL, 
	status VARCHAR NOT NULL, 
	notes VARCHAR, 
	created_at TIMESTAMP WITHOUT TIME ZONE NOT NULL, 
	updated_at TIMESTAMP WITHOUT TIME ZONE NOT NULL, 
	PRIMARY KEY (id), 
	FOREIGN KEY(room_id) REFERENCES rooms (id), 
	FOREIGN KEY(user_id) REFERENCES "user" (id)
)


INFO     sqlalchemy.engine.Engine:base.py:1842 
CREATE TABLE documents (
	id SERIAL NOT NULL, 
	created_at TIMESTAMP WITHOUT TIME ZONE NOT NULL, 
	updated_at TIMESTAMP WITHOUT TIME ZONE NOT NULL, 
	owner_id INTEGER NOT NULL, 
	name VARCHAR NOT NULL, 
	type VARCHAR NOT NULL, 
	size INTEGER NOT NULL, 
	upload_date TIMESTAMP WITHOUT TIME ZONE NOT NULL, 
	path VARCHAR NOT NULL, 
	checksum VARCHAR NOT NULL, 
	house_id INTEGER, 
	node_id INTEGER, 
	description VARCHAR, 
	PRIMARY KEY (id), 
	FOREIGN KEY(owner_id) REFERENCES "user" (id), 
	FOREIGN KEY(house_id) REFERENCES houses (id), 
	FOREIGN KEY(node_id) REFERENCES nodes (id)
)


INFO     sqlalchemy.engine.Engine:base.py:1842 [no key 0.00166s] {}
DEBUG    app.db.session:session.py:30 Query eseguita in 0.04 secondi: 
CREATE TABLE documents (
	id SERIAL NOT NULL, 
	created_at TIMESTAMP WITHOUT TIME ZONE NOT NULL, 
	updated_at TIMESTAMP WITHOUT TIME ZONE NOT NULL, 
	owner_id INTEGER NOT NULL, 
	name VARCHAR NOT NULL, 
	type VARCHAR NOT NULL, 
	size INTEGER NOT NULL, 
	upload_date TIMESTAMP WITHOUT TIME ZONE NOT NULL, 
	path VARCHAR NOT NULL, 
	checksum VARCHAR NOT NULL, 
	house_id INTEGER, 
	node_id INTEGER, 
	description VARCHAR, 
	PRIMARY KEY (id), 
	FOREIGN KEY(owner_id) REFERENCES "user" (id), 
	FOREIGN KEY(house_id) REFERENCES houses (id), 
	FOREIGN KEY(node_id) REFERENCES nodes (id)
)


INFO     sqlalchemy.engine.Engine:base.py:1842 CREATE INDEX ix_documents_owner_id ON documents (owner_id)
INFO     sqlalchemy.engine.Engine:base.py:1842 [no key 0.00108s] {}
DEBUG    app.db.session:session.py:30 Query eseguita in 0.01 secondi: CREATE INDEX ix_documents_owner_id ON documents (owner_id)
INFO     sqlalchemy.engine.Engine:base.py:1842 
CREATE TABLE document_versions (
	id SERIAL NOT NULL, 
	version_number INTEGER NOT NULL, 
	file_path VARCHAR NOT NULL, 
	file_size INTEGER NOT NULL, 
	checksum VARCHAR NOT NULL, 
	created_at TIMESTAMP WITHOUT TIME ZONE NOT NULL, 
	updated_at TIMESTAMP WITHOUT TIME ZONE NOT NULL, 
	document_id INTEGER NOT NULL, 
	created_by_id INTEGER, 
	PRIMARY KEY (id), 
	FOREIGN KEY(document_id) REFERENCES documents (id), 
	FOREIGN KEY(created_by_id) REFERENCES "user" (id)
)


INFO     sqlalchemy.engine.Engine:base.py:1842 [no key 0.00080s] {}
DEBUG    app.db.session:session.py:30 Query eseguita in 0.04 secondi: 
CREATE TABLE document_versions (
	id SERIAL NOT NULL, 
	version_number INTEGER NOT NULL, 
	file_path VARCHAR NOT NULL, 
	file_size INTEGER NOT NULL, 
	checksum VARCHAR NOT NULL, 
	created_at TIMESTAMP WITHOUT TIME ZONE NOT NULL, 
	updated_at TIMESTAMP WITHOUT TIME ZONE NOT NULL, 
	document_id INTEGER NOT NULL, 
	created_by_id INTEGER, 
	PRIMARY KEY (id), 
	FOREIGN KEY(document_id) REFERENCES documents (id), 
	FOREIGN KEY(created_by_id) REFERENCES "user" (id)
)


INFO     sqlalchemy.engine.Engine:base.py:1842 CREATE INDEX ix_document_versions_version_number ON document_versions (version_number)
INFO     sqlalchemy.engine.Engine:base.py:1842 [no key 0.00150s] {}
DEBUG    app.db.session:session.py:30 Query eseguita in 0.01 secondi: CREATE INDEX ix_document_versions_version_number ON document_versions (version_number)
INFO     sqlalchemy.engine.Engine:base.py:1842 CREATE INDEX ix_document_versions_created_by_id ON document_versions (created_by_id)
INFO     sqlalchemy.engine.Engine:base.py:1842 [no key 0.00151s] {}
DEBUG    app.db.session:session.py:30 Query eseguita in 0.01 secondi: CREATE INDEX ix_document_versions_created_by_id ON document_versions (created_by_id)
INFO     sqlalchemy.engine.Engine:base.py:1842 CREATE INDEX ix_document_versions_document_id ON document_versions (document_id)
INFO     sqlalchemy.engine.Engine:base.py:1842 [no key 0.00064s] {}
DEBUG    app.db.session:session.py:30 Query eseguita in 0.01 secondi: CREATE INDEX ix_document_versions_document_id ON document_versions (document_id)
INFO     sqlalchemy.engine.Engine:base.py:1842 
CREATE TABLE maintenance_records (
	id SERIAL NOT NULL, 
	node_id INTEGER NOT NULL, 
	timestamp TIMESTAMP WITHOUT TIME ZONE NOT NULL, 
	maintenance_type maintenancetype NOT NULL, 
	description VARCHAR NOT NULL, 
	status maintenancestatus NOT NULL, 
	notes VARCHAR, 
	document_id INTEGER, 
	PRIMARY KEY (id), 
	FOREIGN KEY(node_id) REFERENCES nodes (id), 
	FOREIGN KEY(document_id) REFERENCES documents (id)
)


INFO     sqlalchemy.engine.Engine:base.py:1842 [no key 0.00085s] {}
DEBUG    app.db.session:session.py:30 Query eseguita in 0.04 secondi: 
CREATE TABLE maintenance_records (
	id SERIAL NOT NULL, 
	node_id INTEGER NOT NULL, 
	timestamp TIMESTAMP WITHOUT TIME ZONE NOT NULL, 
	maintenance_type maintenancetype NOT NULL, 
	description VARCHAR NOT NULL, 
	status maintenancestatus NOT NULL, 
	notes VARCHAR, 
	document_id INTEGER, 
	PRIMARY KEY (id), 
	FOREIGN KEY(node_id) REFERENCES nodes (id), 
	FOREIGN KEY(document_id) REFERENCES documents (id)
)


INFO     sqlalchemy.engine.Engine:base.py:1842 CREATE INDEX ix_maintenance_records_node_id ON maintenance_records (node_id)
INFO     sqlalchemy.engine.Engine:base.py:1842 [no key 0.00172s] {}
DEBUG    app.db.session:session.py:30 Query eseguita in 0.01 secondi: CREATE INDEX ix_maintenance_records_node_id ON maintenance_records (node_id)
INFO     sqlalchemy.engine.Engine:base.py:2704 COMMIT
DEBUG    test_users:test_users.py:52 Test database tables created successfully
DEBUG    test_users:test_users.py:55 Test database session created successfully
DEBUG    conftest:conftest.py:269 Overriding get_session for tests...
DEBUG    tests.conftest_redis:conftest_redis.py:18 Setting up FakeRedis for tests...
DEBUG    app.core.redis:redis.py:24 Connessione Redis stabilita con successo
INFO     sqlalchemy.engine.Engine:base.py:2698 BEGIN (implicit)
INFO     sqlalchemy.engine.Engine:base.py:1842 INSERT INTO "user" (email, username, hashed_password, is_active, is_superuser, is_verified, created_at, updated_at, last_login, full_name, phone_number) VALUES (%(email)s, %(username)s, %(hashed_password)s, %(is_active)s, %(is_superuser)s, %(is_verified)s, %(created_at)s, %(updated_at)s, %(last_login)s, %(full_name)s, %(phone_number)s) RETURNING "user".id
INFO     sqlalchemy.engine.Engine:base.py:1842 [generated in 0.00150s] {'email': 'existing@example.com', 'username': 'existinguser', 'hashed_password': '$2b$12$Nggmf9jupUVXIFAb9DFhQunjflwjFGGT3VW9naKZDLEsifDx7NOJq', 'is_active': True, 'is_superuser': False, 'is_verified': False, 'created_at': datetime.datetime(2025, 6, 17, 9, 28, 43, 312940, tzinfo=datetime.timezone.utc), 'updated_at': datetime.datetime(2025, 6, 17, 9, 28, 43, 312992, tzinfo=datetime.timezone.utc), 'last_login': None, 'full_name': None, 'phone_number': None}
DEBUG    app.db.session:session.py:30 Query eseguita in 0.02 secondi: INSERT INTO "user" (email, username, hashed_password, is_active, is_superuser, is_verified, created_at, updated_at, last_login, full_name, phone_number) VALUES (%(email)s, %(username)s, %(hashed_password)s, %(is_active)s, %(is_superuser)s, %(is_verified)s, %(created_at)s, %(updated_at)s, %(last_login)s, %(full_name)s, %(phone_number)s) RETURNING "user".id
INFO     sqlalchemy.engine.Engine:base.py:2704 COMMIT
INFO     sqlalchemy.engine.Engine:base.py:2698 BEGIN (implicit)
INFO     sqlalchemy.engine.Engine:base.py:1842 SELECT "user".id, "user".email, "user".username, "user".hashed_password, "user".is_active, "user".is_superuser, "user".is_verified, "user".created_at, "user".updated_at, "user".last_login, "user".full_name, "user".phone_number 
FROM "user" 
WHERE "user".id = %(pk_1)s
INFO     sqlalchemy.engine.Engine:base.py:1842 [generated in 0.00408s] {'pk_1': 1}
DEBUG    app.db.session:session.py:30 Query eseguita in 0.01 secondi: SELECT "user".id, "user".email, "user".username, "user".hashed_password, "user".is_active, "user".is_superuser, "user".is_verified, "user".created_at, "user".updated_at, "user".last_login, "user".full_name, "user".phone_number 
FROM "user" 
WHERE "user".id = %(pk_1)s
---------------------------- Captured stdout call -----------------------------
2025-06-17 11:28:43,490 INFO sqlalchemy.engine.Engine SELECT "user".id AS user_id, "user".email AS user_email, "user".username AS user_username, "user".hashed_password AS user_hashed_password, "user".is_active AS user_is_active, "user".is_superuser AS user_is_superuser, "user".is_verified AS user_is_verified, "user".created_at AS user_created_at, "user".updated_at AS user_updated_at, "user".last_login AS user_last_login, "user".full_name AS user_full_name, "user".phone_number AS user_phone_number 
FROM "user" 
WHERE "user".email = %(email_1)s 
 LIMIT %(param_1)s
2025-06-17 11:28:43,496 INFO sqlalchemy.engine.Engine [generated in 0.00660s] {'email_1': 'shawjeremy@example.net', 'param_1': 1}
2025-06-17 11:28:44,898 INFO sqlalchemy.engine.Engine INSERT INTO "user" (email, username, hashed_password, is_active, is_superuser, is_verified, created_at, updated_at, last_login, full_name, phone_number) VALUES (%(email)s, %(username)s, %(hashed_password)s, %(is_active)s, %(is_superuser)s, %(is_verified)s, %(created_at)s, %(updated_at)s, %(last_login)s, %(full_name)s, %(phone_number)s) RETURNING "user".id
2025-06-17 11:28:44,905 INFO sqlalchemy.engine.Engine [cached since 1.575s ago] {'email': 'shawjeremy@example.net', 'username': 'existinguser', 'hashed_password': '$2b$12$GEiOWY3UKDfyP5XUXFCeq.5VVO2k85RQkcQbrB1nQ2XkJ5ROJtIUO', 'is_active': True, 'is_superuser': False, 'is_verified': False, 'created_at': datetime.datetime(2025, 6, 17, 9, 28, 44, 896368, tzinfo=datetime.timezone.utc), 'updated_at': datetime.datetime(2025, 6, 17, 9, 28, 44, 896441, tzinfo=datetime.timezone.utc), 'last_login': None, 'full_name': 'James Jordan', 'phone_number': None}
2025-06-17 11:28:44,919 INFO sqlalchemy.engine.Engine ROLLBACK
---------------------------- Captured stderr call -----------------------------
DEBUG:asyncio:Using proactor: IocpProactor
INFO:sqlalchemy.engine.Engine:SELECT "user".id AS user_id, "user".email AS user_email, "user".username AS user_username, "user".hashed_password AS user_hashed_password, "user".is_active AS user_is_active, "user".is_superuser AS user_is_superuser, "user".is_verified AS user_is_verified, "user".created_at AS user_created_at, "user".updated_at AS user_updated_at, "user".last_login AS user_last_login, "user".full_name AS user_full_name, "user".phone_number AS user_phone_number 
FROM "user" 
WHERE "user".email = %(email_1)s 
 LIMIT %(param_1)s
INFO:sqlalchemy.engine.Engine:[generated in 0.00660s] {'email_1': 'shawjeremy@example.net', 'param_1': 1}
DEBUG:app.db.session:Query eseguita in 0.01 secondi: SELECT "user".id AS user_id, "user".email AS user_email, "user".username AS user_username, "user".hashed_password AS user_hashed_password, "user".is_active AS user_is_active, "user".is_superuser AS user_is_superuser, "user".is_verified AS user_is_verified, "user".created_at AS user_created_at, "user".updated_at AS user_updated_at, "user".last_login AS user_last_login, "user".full_name AS user_full_name, "user".phone_number AS user_phone_number 
FROM "user" 
WHERE "user".email = %(email_1)s 
 LIMIT %(param_1)s
INFO:sqlalchemy.engine.Engine:INSERT INTO "user" (email, username, hashed_password, is_active, is_superuser, is_verified, created_at, updated_at, last_login, full_name, phone_number) VALUES (%(email)s, %(username)s, %(hashed_password)s, %(is_active)s, %(is_superuser)s, %(is_verified)s, %(created_at)s, %(updated_at)s, %(last_login)s, %(full_name)s, %(phone_number)s) RETURNING "user".id
INFO:sqlalchemy.engine.Engine:[cached since 1.575s ago] {'email': 'shawjeremy@example.net', 'username': 'existinguser', 'hashed_password': '$2b$12$GEiOWY3UKDfyP5XUXFCeq.5VVO2k85RQkcQbrB1nQ2XkJ5ROJtIUO', 'is_active': True, 'is_superuser': False, 'is_verified': False, 'created_at': datetime.datetime(2025, 6, 17, 9, 28, 44, 896368, tzinfo=datetime.timezone.utc), 'updated_at': datetime.datetime(2025, 6, 17, 9, 28, 44, 896441, tzinfo=datetime.timezone.utc), 'last_login': None, 'full_name': 'James Jordan', 'phone_number': None}
INFO:sqlalchemy.engine.Engine:ROLLBACK
------------------------------ Captured log call ------------------------------
DEBUG    asyncio:proactor_events.py:631 Using proactor: IocpProactor
INFO     sqlalchemy.engine.Engine:base.py:1842 SELECT "user".id AS user_id, "user".email AS user_email, "user".username AS user_username, "user".hashed_password AS user_hashed_password, "user".is_active AS user_is_active, "user".is_superuser AS user_is_superuser, "user".is_verified AS user_is_verified, "user".created_at AS user_created_at, "user".updated_at AS user_updated_at, "user".last_login AS user_last_login, "user".full_name AS user_full_name, "user".phone_number AS user_phone_number 
FROM "user" 
WHERE "user".email = %(email_1)s 
 LIMIT %(param_1)s
INFO     sqlalchemy.engine.Engine:base.py:1842 [generated in 0.00660s] {'email_1': 'shawjeremy@example.net', 'param_1': 1}
DEBUG    app.db.session:session.py:30 Query eseguita in 0.01 secondi: SELECT "user".id AS user_id, "user".email AS user_email, "user".username AS user_username, "user".hashed_password AS user_hashed_password, "user".is_active AS user_is_active, "user".is_superuser AS user_is_superuser, "user".is_verified AS user_is_verified, "user".created_at AS user_created_at, "user".updated_at AS user_updated_at, "user".last_login AS user_last_login, "user".full_name AS user_full_name, "user".phone_number AS user_phone_number 
FROM "user" 
WHERE "user".email = %(email_1)s 
 LIMIT %(param_1)s
INFO     sqlalchemy.engine.Engine:base.py:1842 INSERT INTO "user" (email, username, hashed_password, is_active, is_superuser, is_verified, created_at, updated_at, last_login, full_name, phone_number) VALUES (%(email)s, %(username)s, %(hashed_password)s, %(is_active)s, %(is_superuser)s, %(is_verified)s, %(created_at)s, %(updated_at)s, %(last_login)s, %(full_name)s, %(phone_number)s) RETURNING "user".id
INFO     sqlalchemy.engine.Engine:base.py:1842 [cached since 1.575s ago] {'email': 'shawjeremy@example.net', 'username': 'existinguser', 'hashed_password': '$2b$12$GEiOWY3UKDfyP5XUXFCeq.5VVO2k85RQkcQbrB1nQ2XkJ5ROJtIUO', 'is_active': True, 'is_superuser': False, 'is_verified': False, 'created_at': datetime.datetime(2025, 6, 17, 9, 28, 44, 896368, tzinfo=datetime.timezone.utc), 'updated_at': datetime.datetime(2025, 6, 17, 9, 28, 44, 896441, tzinfo=datetime.timezone.utc), 'last_login': None, 'full_name': 'James Jordan', 'phone_number': None}
INFO     sqlalchemy.engine.Engine:base.py:2701 ROLLBACK
-------------------------- Captured stdout teardown ---------------------------
2025-06-17 11:29:01,452 INFO sqlalchemy.engine.Engine BEGIN (implicit)
2025-06-17 11:29:01,460 INFO sqlalchemy.engine.Engine DROP SCHEMA public CASCADE
2025-06-17 11:29:01,466 INFO sqlalchemy.engine.Engine [generated in 0.01496s] {}
2025-06-17 11:29:01,611 INFO sqlalchemy.engine.Engine CREATE SCHEMA public
2025-06-17 11:29:01,616 INFO sqlalchemy.engine.Engine [generated in 0.00497s] {}
2025-06-17 11:29:01,619 INFO sqlalchemy.engine.Engine COMMIT
-------------------------- Captured stderr teardown ---------------------------
DEBUG:tests.conftest_redis:Restored original Redis client
DEBUG:conftest:get_session override cleared
DEBUG:test_users:Cleaning up test database session...
INFO:sqlalchemy.engine.Engine:BEGIN (implicit)
INFO:sqlalchemy.engine.Engine:DROP SCHEMA public CASCADE
INFO:sqlalchemy.engine.Engine:[generated in 0.01496s] {}
DEBUG:app.db.session:Query eseguita in 0.15 secondi: DROP SCHEMA public CASCADE
INFO:sqlalchemy.engine.Engine:CREATE SCHEMA public
INFO:sqlalchemy.engine.Engine:[generated in 0.00497s] {}
DEBUG:app.db.session:Query eseguita in 0.01 secondi: CREATE SCHEMA public
INFO:sqlalchemy.engine.Engine:COMMIT
DEBUG:test_users:Test database cleanup completed
DEBUG:test_users:Session fixture completed in 20.92 seconds
---------------------------- Captured log teardown ----------------------------
DEBUG    tests.conftest_redis:conftest_redis.py:29 Restored original Redis client
DEBUG    conftest:conftest.py:275 get_session override cleared
DEBUG    test_users:test_users.py:57 Cleaning up test database session...
INFO     sqlalchemy.engine.Engine:base.py:2698 BEGIN (implicit)
INFO     sqlalchemy.engine.Engine:base.py:1842 DROP SCHEMA public CASCADE
INFO     sqlalchemy.engine.Engine:base.py:1842 [generated in 0.01496s] {}
DEBUG    app.db.session:session.py:30 Query eseguita in 0.15 secondi: DROP SCHEMA public CASCADE
INFO     sqlalchemy.engine.Engine:base.py:1842 CREATE SCHEMA public
INFO     sqlalchemy.engine.Engine:base.py:1842 [generated in 0.00497s] {}
DEBUG    app.db.session:session.py:30 Query eseguita in 0.01 secondi: CREATE SCHEMA public
INFO     sqlalchemy.engine.Engine:base.py:2704 COMMIT
DEBUG    test_users:test_users.py:63 Test database cleanup completed
DEBUG    test_users:test_users.py:68 Session fixture completed in 20.92 seconds
_______________________________ test_read_users _______________________________
tests\api\test_users.py:371: in test_read_users
    assert response.status_code == 200
E   assert 405 == 200
E    +  where 405 = <Response [405 Method Not Allowed]>.status_code
---------------------------- Captured stdout setup ----------------------------
2025-06-17 11:29:06,208 INFO sqlalchemy.engine.Engine select pg_catalog.version()
2025-06-17 11:29:06,210 INFO sqlalchemy.engine.Engine [raw sql] {}
2025-06-17 11:29:06,215 INFO sqlalchemy.engine.Engine select current_schema()
2025-06-17 11:29:06,219 INFO sqlalchemy.engine.Engine [raw sql] {}
2025-06-17 11:29:06,221 INFO sqlalchemy.engine.Engine show standard_conforming_strings
2025-06-17 11:29:06,223 INFO sqlalchemy.engine.Engine [raw sql] {}
2025-06-17 11:29:06,227 INFO sqlalchemy.engine.Engine BEGIN (implicit)
2025-06-17 11:29:06,240 INFO sqlalchemy.engine.Engine SELECT pg_catalog.pg_class.relname 
FROM pg_catalog.pg_class JOIN pg_catalog.pg_namespace ON pg_catalog.pg_namespace.oid = pg_catalog.pg_class.relnamespace 
WHERE pg_catalog.pg_class.relname = %(table_name)s AND pg_catalog.pg_class.relkind = ANY (ARRAY[%(param_1)s, %(param_2)s, %(param_3)s, %(param_4)s, %(param_5)s]) AND pg_catalog.pg_table_is_visible(pg_catalog.pg_class.oid) AND pg_catalog.pg_namespace.nspname != %(nspname_1)s
2025-06-17 11:29:06,243 INFO sqlalchemy.engine.Engine [generated in 0.00383s] {'table_name': 'user', 'param_1': 'r', 'param_2': 'p', 'param_3': 'f', 'param_4': 'v', 'param_5': 'm', 'nspname_1': 'pg_catalog'}
2025-06-17 11:29:06,255 INFO sqlalchemy.engine.Engine SELECT pg_catalog.pg_class.relname 
FROM pg_catalog.pg_class JOIN pg_catalog.pg_namespace ON pg_catalog.pg_namespace.oid = pg_catalog.pg_class.relnamespace 
WHERE pg_catalog.pg_class.relname = %(table_name)s AND pg_catalog.pg_class.relkind = ANY (ARRAY[%(param_1)s, %(param_2)s, %(param_3)s, %(param_4)s, %(param_5)s]) AND pg_catalog.pg_table_is_visible(pg_catalog.pg_class.oid) AND pg_catalog.pg_namespace.nspname != %(nspname_1)s
2025-06-17 11:29:06,259 INFO sqlalchemy.engine.Engine [cached since 0.01974s ago] {'table_name': 'documents', 'param_1': 'r', 'param_2': 'p', 'param_3': 'f', 'param_4': 'v', 'param_5': 'm', 'nspname_1': 'pg_catalog'}
2025-06-17 11:29:06,267 INFO sqlalchemy.engine.Engine SELECT pg_catalog.pg_class.relname 
FROM pg_catalog.pg_class JOIN pg_catalog.pg_namespace ON pg_catalog.pg_namespace.oid = pg_catalog.pg_class.relnamespace 
WHERE pg_catalog.pg_class.relname = %(table_name)s AND pg_catalog.pg_class.relkind = ANY (ARRAY[%(param_1)s, %(param_2)s, %(param_3)s, %(param_4)s, %(param_5)s]) AND pg_catalog.pg_table_is_visible(pg_catalog.pg_class.oid) AND pg_catalog.pg_namespace.nspname != %(nspname_1)s
2025-06-17 11:29:06,269 INFO sqlalchemy.engine.Engine [cached since 0.03049s ago] {'table_name': 'document_versions', 'param_1': 'r', 'param_2': 'p', 'param_3': 'f', 'param_4': 'v', 'param_5': 'm', 'nspname_1': 'pg_catalog'}
2025-06-17 11:29:06,273 INFO sqlalchemy.engine.Engine SELECT pg_catalog.pg_class.relname 
FROM pg_catalog.pg_class JOIN pg_catalog.pg_namespace ON pg_catalog.pg_namespace.oid = pg_catalog.pg_class.relnamespace 
WHERE pg_catalog.pg_class.relname = %(table_name)s AND pg_catalog.pg_class.relkind = ANY (ARRAY[%(param_1)s, %(param_2)s, %(param_3)s, %(param_4)s, %(param_5)s]) AND pg_catalog.pg_table_is_visible(pg_catalog.pg_class.oid) AND pg_catalog.pg_namespace.nspname != %(nspname_1)s
2025-06-17 11:29:06,276 INFO sqlalchemy.engine.Engine [cached since 0.03689s ago] {'table_name': 'houses', 'param_1': 'r', 'param_2': 'p', 'param_3': 'f', 'param_4': 'v', 'param_5': 'm', 'nspname_1': 'pg_catalog'}
2025-06-17 11:29:06,286 INFO sqlalchemy.engine.Engine SELECT pg_catalog.pg_class.relname 
FROM pg_catalog.pg_class JOIN pg_catalog.pg_namespace ON pg_catalog.pg_namespace.oid = pg_catalog.pg_class.relnamespace 
WHERE pg_catalog.pg_class.relname = %(table_name)s AND pg_catalog.pg_class.relkind = ANY (ARRAY[%(param_1)s, %(param_2)s, %(param_3)s, %(param_4)s, %(param_5)s]) AND pg_catalog.pg_table_is_visible(pg_catalog.pg_class.oid) AND pg_catalog.pg_namespace.nspname != %(nspname_1)s
2025-06-17 11:29:06,286 INFO sqlalchemy.engine.Engine [cached since 0.04766s ago] {'table_name': 'nodes', 'param_1': 'r', 'param_2': 'p', 'param_3': 'f', 'param_4': 'v', 'param_5': 'm', 'nspname_1': 'pg_catalog'}
2025-06-17 11:29:06,293 INFO sqlalchemy.engine.Engine SELECT pg_catalog.pg_class.relname 
FROM pg_catalog.pg_class JOIN pg_catalog.pg_namespace ON pg_catalog.pg_namespace.oid = pg_catalog.pg_class.relnamespace 
WHERE pg_catalog.pg_class.relname = %(table_name)s AND pg_catalog.pg_class.relkind = ANY (ARRAY[%(param_1)s, %(param_2)s, %(param_3)s, %(param_4)s, %(param_5)s]) AND pg_catalog.pg_table_is_visible(pg_catalog.pg_class.oid) AND pg_catalog.pg_namespace.nspname != %(nspname_1)s
2025-06-17 11:29:06,294 INFO sqlalchemy.engine.Engine [cached since 0.055s ago] {'table_name': 'rooms', 'param_1': 'r', 'param_2': 'p', 'param_3': 'f', 'param_4': 'v', 'param_5': 'm', 'nspname_1': 'pg_catalog'}
2025-06-17 11:29:06,303 INFO sqlalchemy.engine.Engine SELECT pg_catalog.pg_class.relname 
FROM pg_catalog.pg_class JOIN pg_catalog.pg_namespace ON pg_catalog.pg_namespace.oid = pg_catalog.pg_class.relnamespace 
WHERE pg_catalog.pg_class.relname = %(table_name)s AND pg_catalog.pg_class.relkind = ANY (ARRAY[%(param_1)s, %(param_2)s, %(param_3)s, %(param_4)s, %(param_5)s]) AND pg_catalog.pg_table_is_visible(pg_catalog.pg_class.oid) AND pg_catalog.pg_namespace.nspname != %(nspname_1)s
2025-06-17 11:29:06,304 INFO sqlalchemy.engine.Engine [cached since 0.06527s ago] {'table_name': 'bookings', 'param_1': 'r', 'param_2': 'p', 'param_3': 'f', 'param_4': 'v', 'param_5': 'm', 'nspname_1': 'pg_catalog'}
2025-06-17 11:29:06,310 INFO sqlalchemy.engine.Engine SELECT pg_catalog.pg_class.relname 
FROM pg_catalog.pg_class JOIN pg_catalog.pg_namespace ON pg_catalog.pg_namespace.oid = pg_catalog.pg_class.relnamespace 
WHERE pg_catalog.pg_class.relname = %(table_name)s AND pg_catalog.pg_class.relkind = ANY (ARRAY[%(param_1)s, %(param_2)s, %(param_3)s, %(param_4)s, %(param_5)s]) AND pg_catalog.pg_table_is_visible(pg_catalog.pg_class.oid) AND pg_catalog.pg_namespace.nspname != %(nspname_1)s
2025-06-17 11:29:06,311 INFO sqlalchemy.engine.Engine [cached since 0.07224s ago] {'table_name': 'maintenance_records', 'param_1': 'r', 'param_2': 'p', 'param_3': 'f', 'param_4': 'v', 'param_5': 'm', 'nspname_1': 'pg_catalog'}
2025-06-17 11:29:06,324 INFO sqlalchemy.engine.Engine SELECT pg_catalog.pg_type.typname 
FROM pg_catalog.pg_type JOIN pg_catalog.pg_namespace ON pg_catalog.pg_namespace.oid = pg_catalog.pg_type.typnamespace 
WHERE pg_catalog.pg_type.typname = %(typname_1)s AND pg_catalog.pg_type_is_visible(pg_catalog.pg_type.oid) AND pg_catalog.pg_namespace.nspname != %(nspname_1)s
2025-06-17 11:29:06,326 INFO sqlalchemy.engine.Engine [generated in 0.00320s] {'typname_1': 'maintenancetype', 'nspname_1': 'pg_catalog'}
2025-06-17 11:29:06,336 INFO sqlalchemy.engine.Engine CREATE TYPE maintenancetype AS ENUM ('ROUTINE', 'PREVENTIVE', 'CORRECTIVE', 'EMERGENCY', 'INSPECTION')
2025-06-17 11:29:06,336 INFO sqlalchemy.engine.Engine [no key 0.00083s] {}
2025-06-17 11:29:06,347 INFO sqlalchemy.engine.Engine SELECT pg_catalog.pg_type.typname 
FROM pg_catalog.pg_type JOIN pg_catalog.pg_namespace ON pg_catalog.pg_namespace.oid = pg_catalog.pg_type.typnamespace 
WHERE pg_catalog.pg_type.typname = %(typname_1)s AND pg_catalog.pg_type_is_visible(pg_catalog.pg_type.oid) AND pg_catalog.pg_namespace.nspname != %(nspname_1)s
2025-06-17 11:29:06,352 INFO sqlalchemy.engine.Engine [cached since 0.02894s ago] {'typname_1': 'maintenancestatus', 'nspname_1': 'pg_catalog'}
2025-06-17 11:29:06,358 INFO sqlalchemy.engine.Engine CREATE TYPE maintenancestatus AS ENUM ('PENDING', 'COMPLETED', 'FAILED')
2025-06-17 11:29:06,360 INFO sqlalchemy.engine.Engine [no key 0.00221s] {}
2025-06-17 11:29:06,377 INFO sqlalchemy.engine.Engine 
CREATE TABLE "user" (
	id SERIAL NOT NULL, 
	email VARCHAR NOT NULL, 
	username VARCHAR NOT NULL, 
	hashed_password VARCHAR NOT NULL, 
	is_active BOOLEAN NOT NULL, 
	is_superuser BOOLEAN NOT NULL, 
	is_verified BOOLEAN NOT NULL, 
	created_at TIMESTAMP WITHOUT TIME ZONE NOT NULL, 
	updated_at TIMESTAMP WITHOUT TIME ZONE NOT NULL, 
	last_login TIMESTAMP WITH TIME ZONE, 
	full_name VARCHAR(255), 
	phone_number VARCHAR(20), 
	PRIMARY KEY (id)
)


2025-06-17 11:29:06,379 INFO sqlalchemy.engine.Engine [no key 0.00255s] {}
2025-06-17 11:29:06,422 INFO sqlalchemy.engine.Engine CREATE UNIQUE INDEX ix_user_email ON "user" (email)
2025-06-17 11:29:06,425 INFO sqlalchemy.engine.Engine [no key 0.00241s] {}
2025-06-17 11:29:06,438 INFO sqlalchemy.engine.Engine CREATE UNIQUE INDEX ix_user_username ON "user" (username)
2025-06-17 11:29:06,439 INFO sqlalchemy.engine.Engine [no key 0.00085s] {}
2025-06-17 11:29:06,453 INFO sqlalchemy.engine.Engine 
CREATE TABLE houses (
	id SERIAL NOT NULL, 
	name VARCHAR NOT NULL, 
	address VARCHAR NOT NULL, 
	owner_id INTEGER NOT NULL, 
	created_at TIMESTAMP WITHOUT TIME ZONE NOT NULL, 
	updated_at TIMESTAMP WITHOUT TIME ZONE NOT NULL, 
	PRIMARY KEY (id), 
	FOREIGN KEY(owner_id) REFERENCES "user" (id)
)


2025-06-17 11:29:06,454 INFO sqlalchemy.engine.Engine [no key 0.00101s] {}
2025-06-17 11:29:06,488 INFO sqlalchemy.engine.Engine CREATE INDEX ix_houses_name ON houses (name)
2025-06-17 11:29:06,489 INFO sqlalchemy.engine.Engine [no key 0.00081s] {}
2025-06-17 11:29:06,504 INFO sqlalchemy.engine.Engine 
CREATE TABLE rooms (
	id SERIAL NOT NULL, 
	name VARCHAR NOT NULL, 
	description VARCHAR, 
	floor INTEGER NOT NULL, 
	area FLOAT NOT NULL, 
	house_id INTEGER NOT NULL, 
	created_at TIMESTAMP WITHOUT TIME ZONE NOT NULL, 
	updated_at TIMESTAMP WITHOUT TIME ZONE NOT NULL, 
	PRIMARY KEY (id), 
	FOREIGN KEY(house_id) REFERENCES houses (id)
)


2025-06-17 11:29:06,505 INFO sqlalchemy.engine.Engine [no key 0.00127s] {}
2025-06-17 11:29:06,540 INFO sqlalchemy.engine.Engine CREATE INDEX ix_rooms_name ON rooms (name)
2025-06-17 11:29:06,543 INFO sqlalchemy.engine.Engine [no key 0.00271s] {}
2025-06-17 11:29:06,556 INFO sqlalchemy.engine.Engine 
CREATE TABLE nodes (
	id SERIAL NOT NULL, 
	name VARCHAR NOT NULL, 
	description VARCHAR, 
	nfc_id VARCHAR NOT NULL, 
	house_id INTEGER NOT NULL, 
	room_id INTEGER, 
	PRIMARY KEY (id), 
	FOREIGN KEY(house_id) REFERENCES houses (id), 
	FOREIGN KEY(room_id) REFERENCES rooms (id)
)


2025-06-17 11:29:06,557 INFO sqlalchemy.engine.Engine [no key 0.00182s] {}
2025-06-17 11:29:06,596 INFO sqlalchemy.engine.Engine CREATE UNIQUE INDEX ix_nodes_nfc_id ON nodes (nfc_id)
2025-06-17 11:29:06,599 INFO sqlalchemy.engine.Engine [no key 0.00302s] {}
2025-06-17 11:29:06,611 INFO sqlalchemy.engine.Engine 
CREATE TABLE bookings (
	id SERIAL NOT NULL, 
	room_id INTEGER NOT NULL, 
	user_id INTEGER NOT NULL, 
	start_time TIMESTAMP WITHOUT TIME ZONE NOT NULL, 
	end_time TIMESTAMP WITHOUT TIME ZONE NOT NULL, 
	status VARCHAR NOT NULL, 
	notes VARCHAR, 
	created_at TIMESTAMP WITHOUT TIME ZONE NOT NULL, 
	updated_at TIMESTAMP WITHOUT TIME ZONE NOT NULL, 
	PRIMARY KEY (id), 
	FOREIGN KEY(room_id) REFERENCES rooms (id), 
	FOREIGN KEY(user_id) REFERENCES "user" (id)
)


2025-06-17 11:29:06,613 INFO sqlalchemy.engine.Engine [no key 0.00171s] {}
2025-06-17 11:29:06,648 INFO sqlalchemy.engine.Engine 
CREATE TABLE documents (
	id SERIAL NOT NULL, 
	created_at TIMESTAMP WITHOUT TIME ZONE NOT NULL, 
	updated_at TIMESTAMP WITHOUT TIME ZONE NOT NULL, 
	owner_id INTEGER NOT NULL, 
	name VARCHAR NOT NULL, 
	type VARCHAR NOT NULL, 
	size INTEGER NOT NULL, 
	upload_date TIMESTAMP WITHOUT TIME ZONE NOT NULL, 
	path VARCHAR NOT NULL, 
	checksum VARCHAR NOT NULL, 
	house_id INTEGER, 
	node_id INTEGER, 
	description VARCHAR, 
	PRIMARY KEY (id), 
	FOREIGN KEY(owner_id) REFERENCES "user" (id), 
	FOREIGN KEY(house_id) REFERENCES houses (id), 
	FOREIGN KEY(node_id) REFERENCES nodes (id)
)


2025-06-17 11:29:06,653 INFO sqlalchemy.engine.Engine [no key 0.00497s] {}
2025-06-17 11:29:06,694 INFO sqlalchemy.engine.Engine CREATE INDEX ix_documents_owner_id ON documents (owner_id)
2025-06-17 11:29:06,696 INFO sqlalchemy.engine.Engine [no key 0.00157s] {}
2025-06-17 11:29:06,711 INFO sqlalchemy.engine.Engine 
CREATE TABLE document_versions (
	id SERIAL NOT NULL, 
	version_number INTEGER NOT NULL, 
	file_path VARCHAR NOT NULL, 
	file_size INTEGER NOT NULL, 
	checksum VARCHAR NOT NULL, 
	created_at TIMESTAMP WITHOUT TIME ZONE NOT NULL, 
	updated_at TIMESTAMP WITHOUT TIME ZONE NOT NULL, 
	document_id INTEGER NOT NULL, 
	created_by_id INTEGER, 
	PRIMARY KEY (id), 
	FOREIGN KEY(document_id) REFERENCES documents (id), 
	FOREIGN KEY(created_by_id) REFERENCES "user" (id)
)


2025-06-17 11:29:06,713 INFO sqlalchemy.engine.Engine [no key 0.00227s] {}
2025-06-17 11:29:06,749 INFO sqlalchemy.engine.Engine CREATE INDEX ix_document_versions_version_number ON document_versions (version_number)
2025-06-17 11:29:06,752 INFO sqlalchemy.engine.Engine [no key 0.00427s] {}
2025-06-17 11:29:06,765 INFO sqlalchemy.engine.Engine CREATE INDEX ix_document_versions_created_by_id ON document_versions (created_by_id)
2025-06-17 11:29:06,770 INFO sqlalchemy.engine.Engine [no key 0.00525s] {}
2025-06-17 11:29:06,781 INFO sqlalchemy.engine.Engine CREATE INDEX ix_document_versions_document_id ON document_versions (document_id)
2025-06-17 11:29:06,786 INFO sqlalchemy.engine.Engine [no key 0.00464s] {}
2025-06-17 11:29:06,803 INFO sqlalchemy.engine.Engine 
CREATE TABLE maintenance_records (
	id SERIAL NOT NULL, 
	node_id INTEGER NOT NULL, 
	timestamp TIMESTAMP WITHOUT TIME ZONE NOT NULL, 
	maintenance_type maintenancetype NOT NULL, 
	description VARCHAR NOT NULL, 
	status maintenancestatus NOT NULL, 
	notes VARCHAR, 
	document_id INTEGER, 
	PRIMARY KEY (id), 
	FOREIGN KEY(node_id) REFERENCES nodes (id), 
	FOREIGN KEY(document_id) REFERENCES documents (id)
)


2025-06-17 11:29:06,804 INFO sqlalchemy.engine.Engine [no key 0.00192s] {}
2025-06-17 11:29:06,838 INFO sqlalchemy.engine.Engine CREATE INDEX ix_maintenance_records_node_id ON maintenance_records (node_id)
2025-06-17 11:29:06,838 INFO sqlalchemy.engine.Engine [no key 0.00060s] {}
2025-06-17 11:29:06,852 INFO sqlalchemy.engine.Engine COMMIT
---------------------------- Captured stderr setup ----------------------------
DEBUG:test_users:Setting up test database session...
INFO:sqlalchemy.engine.Engine:select pg_catalog.version()
INFO:sqlalchemy.engine.Engine:[raw sql] {}
INFO:sqlalchemy.engine.Engine:select current_schema()
INFO:sqlalchemy.engine.Engine:[raw sql] {}
INFO:sqlalchemy.engine.Engine:show standard_conforming_strings
INFO:sqlalchemy.engine.Engine:[raw sql] {}
INFO:sqlalchemy.engine.Engine:BEGIN (implicit)
INFO:sqlalchemy.engine.Engine:SELECT pg_catalog.pg_class.relname 
FROM pg_catalog.pg_class JOIN pg_catalog.pg_namespace ON pg_catalog.pg_namespace.oid = pg_catalog.pg_class.relnamespace 
WHERE pg_catalog.pg_class.relname = %(table_name)s AND pg_catalog.pg_class.relkind = ANY (ARRAY[%(param_1)s, %(param_2)s, %(param_3)s, %(param_4)s, %(param_5)s]) AND pg_catalog.pg_table_is_visible(pg_catalog.pg_class.oid) AND pg_catalog.pg_namespace.nspname != %(nspname_1)s
INFO:sqlalchemy.engine.Engine:[generated in 0.00383s] {'table_name': 'user', 'param_1': 'r', 'param_2': 'p', 'param_3': 'f', 'param_4': 'v', 'param_5': 'm', 'nspname_1': 'pg_catalog'}
DEBUG:app.db.session:Query eseguita in 0.01 secondi: SELECT pg_catalog.pg_class.relname 
FROM pg_catalog.pg_class JOIN pg_catalog.pg_namespace ON pg_catalog.pg_namespace.oid = pg_catalog.pg_class.relnamespace 
WHERE pg_catalog.pg_class.relname = %(table_name)s AND pg_catalog.pg_class.relkind = ANY (ARRAY[%(param_1)s, %(param_2)s, %(param_3)s, %(param_4)s, %(param_5)s]) AND pg_catalog.pg_table_is_visible(pg_catalog.pg_class.oid) AND pg_catalog.pg_namespace.nspname != %(nspname_1)s
INFO:sqlalchemy.engine.Engine:SELECT pg_catalog.pg_class.relname 
FROM pg_catalog.pg_class JOIN pg_catalog.pg_namespace ON pg_catalog.pg_namespace.oid = pg_catalog.pg_class.relnamespace 
WHERE pg_catalog.pg_class.relname = %(table_name)s AND pg_catalog.pg_class.relkind = ANY (ARRAY[%(param_1)s, %(param_2)s, %(param_3)s, %(param_4)s, %(param_5)s]) AND pg_catalog.pg_table_is_visible(pg_catalog.pg_class.oid) AND pg_catalog.pg_namespace.nspname != %(nspname_1)s
INFO:sqlalchemy.engine.Engine:[cached since 0.01974s ago] {'table_name': 'documents', 'param_1': 'r', 'param_2': 'p', 'param_3': 'f', 'param_4': 'v', 'param_5': 'm', 'nspname_1': 'pg_catalog'}
DEBUG:app.db.session:Query eseguita in 0.01 secondi: SELECT pg_catalog.pg_class.relname 
FROM pg_catalog.pg_class JOIN pg_catalog.pg_namespace ON pg_catalog.pg_namespace.oid = pg_catalog.pg_class.relnamespace 
WHERE pg_catalog.pg_class.relname = %(table_name)s AND pg_catalog.pg_class.relkind = ANY (ARRAY[%(param_1)s, %(param_2)s, %(param_3)s, %(param_4)s, %(param_5)s]) AND pg_catalog.pg_table_is_visible(pg_catalog.pg_class.oid) AND pg_catalog.pg_namespace.nspname != %(nspname_1)s
INFO:sqlalchemy.engine.Engine:SELECT pg_catalog.pg_class.relname 
FROM pg_catalog.pg_class JOIN pg_catalog.pg_namespace ON pg_catalog.pg_namespace.oid = pg_catalog.pg_class.relnamespace 
WHERE pg_catalog.pg_class.relname = %(table_name)s AND pg_catalog.pg_class.relkind = ANY (ARRAY[%(param_1)s, %(param_2)s, %(param_3)s, %(param_4)s, %(param_5)s]) AND pg_catalog.pg_table_is_visible(pg_catalog.pg_class.oid) AND pg_catalog.pg_namespace.nspname != %(nspname_1)s
INFO:sqlalchemy.engine.Engine:[cached since 0.03049s ago] {'table_name': 'document_versions', 'param_1': 'r', 'param_2': 'p', 'param_3': 'f', 'param_4': 'v', 'param_5': 'm', 'nspname_1': 'pg_catalog'}
DEBUG:app.db.session:Query eseguita in 0.00 secondi: SELECT pg_catalog.pg_class.relname 
FROM pg_catalog.pg_class JOIN pg_catalog.pg_namespace ON pg_catalog.pg_namespace.oid = pg_catalog.pg_class.relnamespace 
WHERE pg_catalog.pg_class.relname = %(table_name)s AND pg_catalog.pg_class.relkind = ANY (ARRAY[%(param_1)s, %(param_2)s, %(param_3)s, %(param_4)s, %(param_5)s]) AND pg_catalog.pg_table_is_visible(pg_catalog.pg_class.oid) AND pg_catalog.pg_namespace.nspname != %(nspname_1)s
INFO:sqlalchemy.engine.Engine:SELECT pg_catalog.pg_class.relname 
FROM pg_catalog.pg_class JOIN pg_catalog.pg_namespace ON pg_catalog.pg_namespace.oid = pg_catalog.pg_class.relnamespace 
WHERE pg_catalog.pg_class.relname = %(table_name)s AND pg_catalog.pg_class.relkind = ANY (ARRAY[%(param_1)s, %(param_2)s, %(param_3)s, %(param_4)s, %(param_5)s]) AND pg_catalog.pg_table_is_visible(pg_catalog.pg_class.oid) AND pg_catalog.pg_namespace.nspname != %(nspname_1)s
INFO:sqlalchemy.engine.Engine:[cached since 0.03689s ago] {'table_name': 'houses', 'param_1': 'r', 'param_2': 'p', 'param_3': 'f', 'param_4': 'v', 'param_5': 'm', 'nspname_1': 'pg_catalog'}
DEBUG:app.db.session:Query eseguita in 0.01 secondi: SELECT pg_catalog.pg_class.relname 
FROM pg_catalog.pg_class JOIN pg_catalog.pg_namespace ON pg_catalog.pg_namespace.oid = pg_catalog.pg_class.relnamespace 
WHERE pg_catalog.pg_class.relname = %(table_name)s AND pg_catalog.pg_class.relkind = ANY (ARRAY[%(param_1)s, %(param_2)s, %(param_3)s, %(param_4)s, %(param_5)s]) AND pg_catalog.pg_table_is_visible(pg_catalog.pg_class.oid) AND pg_catalog.pg_namespace.nspname != %(nspname_1)s
INFO:sqlalchemy.engine.Engine:SELECT pg_catalog.pg_class.relname 
FROM pg_catalog.pg_class JOIN pg_catalog.pg_namespace ON pg_catalog.pg_namespace.oid = pg_catalog.pg_class.relnamespace 
WHERE pg_catalog.pg_class.relname = %(table_name)s AND pg_catalog.pg_class.relkind = ANY (ARRAY[%(param_1)s, %(param_2)s, %(param_3)s, %(param_4)s, %(param_5)s]) AND pg_catalog.pg_table_is_visible(pg_catalog.pg_class.oid) AND pg_catalog.pg_namespace.nspname != %(nspname_1)s
INFO:sqlalchemy.engine.Engine:[cached since 0.04766s ago] {'table_name': 'nodes', 'param_1': 'r', 'param_2': 'p', 'param_3': 'f', 'param_4': 'v', 'param_5': 'm', 'nspname_1': 'pg_catalog'}
DEBUG:app.db.session:Query eseguita in 0.00 secondi: SELECT pg_catalog.pg_class.relname 
FROM pg_catalog.pg_class JOIN pg_catalog.pg_namespace ON pg_catalog.pg_namespace.oid = pg_catalog.pg_class.relnamespace 
WHERE pg_catalog.pg_class.relname = %(table_name)s AND pg_catalog.pg_class.relkind = ANY (ARRAY[%(param_1)s, %(param_2)s, %(param_3)s, %(param_4)s, %(param_5)s]) AND pg_catalog.pg_table_is_visible(pg_catalog.pg_class.oid) AND pg_catalog.pg_namespace.nspname != %(nspname_1)s
INFO:sqlalchemy.engine.Engine:SELECT pg_catalog.pg_class.relname 
FROM pg_catalog.pg_class JOIN pg_catalog.pg_namespace ON pg_catalog.pg_namespace.oid = pg_catalog.pg_class.relnamespace 
WHERE pg_catalog.pg_class.relname = %(table_name)s AND pg_catalog.pg_class.relkind = ANY (ARRAY[%(param_1)s, %(param_2)s, %(param_3)s, %(param_4)s, %(param_5)s]) AND pg_catalog.pg_table_is_visible(pg_catalog.pg_class.oid) AND pg_catalog.pg_namespace.nspname != %(nspname_1)s
INFO:sqlalchemy.engine.Engine:[cached since 0.055s ago] {'table_name': 'rooms', 'param_1': 'r', 'param_2': 'p', 'param_3': 'f', 'param_4': 'v', 'param_5': 'm', 'nspname_1': 'pg_catalog'}
DEBUG:app.db.session:Query eseguita in 0.01 secondi: SELECT pg_catalog.pg_class.relname 
FROM pg_catalog.pg_class JOIN pg_catalog.pg_namespace ON pg_catalog.pg_namespace.oid = pg_catalog.pg_class.relnamespace 
WHERE pg_catalog.pg_class.relname = %(table_name)s AND pg_catalog.pg_class.relkind = ANY (ARRAY[%(param_1)s, %(param_2)s, %(param_3)s, %(param_4)s, %(param_5)s]) AND pg_catalog.pg_table_is_visible(pg_catalog.pg_class.oid) AND pg_catalog.pg_namespace.nspname != %(nspname_1)s
INFO:sqlalchemy.engine.Engine:SELECT pg_catalog.pg_class.relname 
FROM pg_catalog.pg_class JOIN pg_catalog.pg_namespace ON pg_catalog.pg_namespace.oid = pg_catalog.pg_class.relnamespace 
WHERE pg_catalog.pg_class.relname = %(table_name)s AND pg_catalog.pg_class.relkind = ANY (ARRAY[%(param_1)s, %(param_2)s, %(param_3)s, %(param_4)s, %(param_5)s]) AND pg_catalog.pg_table_is_visible(pg_catalog.pg_class.oid) AND pg_catalog.pg_namespace.nspname != %(nspname_1)s
INFO:sqlalchemy.engine.Engine:[cached since 0.06527s ago] {'table_name': 'bookings', 'param_1': 'r', 'param_2': 'p', 'param_3': 'f', 'param_4': 'v', 'param_5': 'm', 'nspname_1': 'pg_catalog'}
DEBUG:app.db.session:Query eseguita in 0.00 secondi: SELECT pg_catalog.pg_class.relname 
FROM pg_catalog.pg_class JOIN pg_catalog.pg_namespace ON pg_catalog.pg_namespace.oid = pg_catalog.pg_class.relnamespace 
WHERE pg_catalog.pg_class.relname = %(table_name)s AND pg_catalog.pg_class.relkind = ANY (ARRAY[%(param_1)s, %(param_2)s, %(param_3)s, %(param_4)s, %(param_5)s]) AND pg_catalog.pg_table_is_visible(pg_catalog.pg_class.oid) AND pg_catalog.pg_namespace.nspname != %(nspname_1)s
INFO:sqlalchemy.engine.Engine:SELECT pg_catalog.pg_class.relname 
FROM pg_catalog.pg_class JOIN pg_catalog.pg_namespace ON pg_catalog.pg_namespace.oid = pg_catalog.pg_class.relnamespace 
WHERE pg_catalog.pg_class.relname = %(table_name)s AND pg_catalog.pg_class.relkind = ANY (ARRAY[%(param_1)s, %(param_2)s, %(param_3)s, %(param_4)s, %(param_5)s]) AND pg_catalog.pg_table_is_visible(pg_catalog.pg_class.oid) AND pg_catalog.pg_namespace.nspname != %(nspname_1)s
INFO:sqlalchemy.engine.Engine:[cached since 0.07224s ago] {'table_name': 'maintenance_records', 'param_1': 'r', 'param_2': 'p', 'param_3': 'f', 'param_4': 'v', 'param_5': 'm', 'nspname_1': 'pg_catalog'}
DEBUG:app.db.session:Query eseguita in 0.01 secondi: SELECT pg_catalog.pg_class.relname 
FROM pg_catalog.pg_class JOIN pg_catalog.pg_namespace ON pg_catalog.pg_namespace.oid = pg_catalog.pg_class.relnamespace 
WHERE pg_catalog.pg_class.relname = %(table_name)s AND pg_catalog.pg_class.relkind = ANY (ARRAY[%(param_1)s, %(param_2)s, %(param_3)s, %(param_4)s, %(param_5)s]) AND pg_catalog.pg_table_is_visible(pg_catalog.pg_class.oid) AND pg_catalog.pg_namespace.nspname != %(nspname_1)s
INFO:sqlalchemy.engine.Engine:SELECT pg_catalog.pg_type.typname 
FROM pg_catalog.pg_type JOIN pg_catalog.pg_namespace ON pg_catalog.pg_namespace.oid = pg_catalog.pg_type.typnamespace 
WHERE pg_catalog.pg_type.typname = %(typname_1)s AND pg_catalog.pg_type_is_visible(pg_catalog.pg_type.oid) AND pg_catalog.pg_namespace.nspname != %(nspname_1)s
INFO:sqlalchemy.engine.Engine:[generated in 0.00320s] {'typname_1': 'maintenancetype', 'nspname_1': 'pg_catalog'}
DEBUG:app.db.session:Query eseguita in 0.01 secondi: SELECT pg_catalog.pg_type.typname 
FROM pg_catalog.pg_type JOIN pg_catalog.pg_namespace ON pg_catalog.pg_namespace.oid = pg_catalog.pg_type.typnamespace 
WHERE pg_catalog.pg_type.typname = %(typname_1)s AND pg_catalog.pg_type_is_visible(pg_catalog.pg_type.oid) AND pg_catalog.pg_namespace.nspname != %(nspname_1)s
INFO:sqlalchemy.engine.Engine:CREATE TYPE maintenancetype AS ENUM ('ROUTINE', 'PREVENTIVE', 'CORRECTIVE', 'EMERGENCY', 'INSPECTION')
INFO:sqlalchemy.engine.Engine:[no key 0.00083s] {}
DEBUG:app.db.session:Query eseguita in 0.01 secondi: CREATE TYPE maintenancetype AS ENUM ('ROUTINE', 'PREVENTIVE', 'CORRECTIVE', 'EMERGENCY', 'INSPECTION')
INFO:sqlalchemy.engine.Engine:SELECT pg_catalog.pg_type.typname 
FROM pg_catalog.pg_type JOIN pg_catalog.pg_namespace ON pg_catalog.pg_namespace.oid = pg_catalog.pg_type.typnamespace 
WHERE pg_catalog.pg_type.typname = %(typname_1)s AND pg_catalog.pg_type_is_visible(pg_catalog.pg_type.oid) AND pg_catalog.pg_namespace.nspname != %(nspname_1)s
INFO:sqlalchemy.engine.Engine:[cached since 0.02894s ago] {'typname_1': 'maintenancestatus', 'nspname_1': 'pg_catalog'}
DEBUG:app.db.session:Query eseguita in 0.01 secondi: SELECT pg_catalog.pg_type.typname 
FROM pg_catalog.pg_type JOIN pg_catalog.pg_namespace ON pg_catalog.pg_namespace.oid = pg_catalog.pg_type.typnamespace 
WHERE pg_catalog.pg_type.typname = %(typname_1)s AND pg_catalog.pg_type_is_visible(pg_catalog.pg_type.oid) AND pg_catalog.pg_namespace.nspname != %(nspname_1)s
INFO:sqlalchemy.engine.Engine:CREATE TYPE maintenancestatus AS ENUM ('PENDING', 'COMPLETED', 'FAILED')
INFO:sqlalchemy.engine.Engine:[no key 0.00221s] {}
DEBUG:app.db.session:Query eseguita in 0.00 secondi: CREATE TYPE maintenancestatus AS ENUM ('PENDING', 'COMPLETED', 'FAILED')
INFO:sqlalchemy.engine.Engine:
CREATE TABLE "user" (
	id SERIAL NOT NULL, 
	email VARCHAR NOT NULL, 
	username VARCHAR NOT NULL, 
	hashed_password VARCHAR NOT NULL, 
	is_active BOOLEAN NOT NULL, 
	is_superuser BOOLEAN NOT NULL, 
	is_verified BOOLEAN NOT NULL, 
	created_at TIMESTAMP WITHOUT TIME ZONE NOT NULL, 
	updated_at TIMESTAMP WITHOUT TIME ZONE NOT NULL, 
	last_login TIMESTAMP WITH TIME ZONE, 
	full_name VARCHAR(255), 
	phone_number VARCHAR(20), 
	PRIMARY KEY (id)
)


INFO:sqlalchemy.engine.Engine:[no key 0.00255s] {}
DEBUG:app.db.session:Query eseguita in 0.04 secondi: 
CREATE TABLE "user" (
	id SERIAL NOT NULL, 
	email VARCHAR NOT NULL, 
	username VARCHAR NOT NULL, 
	hashed_password VARCHAR NOT NULL, 
	is_active BOOLEAN NOT NULL, 
	is_superuser BOOLEAN NOT NULL, 
	is_verified BOOLEAN NOT NULL, 
	created_at TIMESTAMP WITHOUT TIME ZONE NOT NULL, 
	updated_at TIMESTAMP WITHOUT TIME ZONE NOT NULL, 
	last_login TIMESTAMP WITH TIME ZONE, 
	full_name VARCHAR(255), 
	phone_number VARCHAR(20), 
	PRIMARY KEY (id)
)


INFO:sqlalchemy.engine.Engine:CREATE UNIQUE INDEX ix_user_email ON "user" (email)
INFO:sqlalchemy.engine.Engine:[no key 0.00241s] {}
DEBUG:app.db.session:Query eseguita in 0.01 secondi: CREATE UNIQUE INDEX ix_user_email ON "user" (email)
INFO:sqlalchemy.engine.Engine:CREATE UNIQUE INDEX ix_user_username ON "user" (username)
INFO:sqlalchemy.engine.Engine:[no key 0.00085s] {}
DEBUG:app.db.session:Query eseguita in 0.01 secondi: CREATE UNIQUE INDEX ix_user_username ON "user" (username)
INFO:sqlalchemy.engine.Engine:
CREATE TABLE houses (
	id SERIAL NOT NULL, 
	name VARCHAR NOT NULL, 
	address VARCHAR NOT NULL, 
	owner_id INTEGER NOT NULL, 
	created_at TIMESTAMP WITHOUT TIME ZONE NOT NULL, 
	updated_at TIMESTAMP WITHOUT TIME ZONE NOT NULL, 
	PRIMARY KEY (id), 
	FOREIGN KEY(owner_id) REFERENCES "user" (id)
)


INFO:sqlalchemy.engine.Engine:[no key 0.00101s] {}
DEBUG:app.db.session:Query eseguita in 0.03 secondi: 
CREATE TABLE houses (
	id SERIAL NOT NULL, 
	name VARCHAR NOT NULL, 
	address VARCHAR NOT NULL, 
	owner_id INTEGER NOT NULL, 
	created_at TIMESTAMP WITHOUT TIME ZONE NOT NULL, 
	updated_at TIMESTAMP WITHOUT TIME ZONE NOT NULL, 
	PRIMARY KEY (id), 
	FOREIGN KEY(owner_id) REFERENCES "user" (id)
)


INFO:sqlalchemy.engine.Engine:CREATE INDEX ix_houses_name ON houses (name)
INFO:sqlalchemy.engine.Engine:[no key 0.00081s] {}
DEBUG:app.db.session:Query eseguita in 0.01 secondi: CREATE INDEX ix_houses_name ON houses (name)
INFO:sqlalchemy.engine.Engine:
CREATE TABLE rooms (
	id SERIAL NOT NULL, 
	name VARCHAR NOT NULL, 
	description VARCHAR, 
	floor INTEGER NOT NULL, 
	area FLOAT NOT NULL, 
	house_id INTEGER NOT NULL, 
	created_at TIMESTAMP WITHOUT TIME ZONE NOT NULL, 
	updated_at TIMESTAMP WITHOUT TIME ZONE NOT NULL, 
	PRIMARY KEY (id), 
	FOREIGN KEY(house_id) REFERENCES houses (id)
)


INFO:sqlalchemy.engine.Engine:[no key 0.00127s] {}
DEBUG:app.db.session:Query eseguita in 0.03 secondi: 
CREATE TABLE rooms (
	id SERIAL NOT NULL, 
	name VARCHAR NOT NULL, 
	description VARCHAR, 
	floor INTEGER NOT NULL, 
	area FLOAT NOT NULL, 
	house_id INTEGER NOT NULL, 
	created_at TIMESTAMP WITHOUT TIME ZONE NOT NULL, 
	updated_at TIMESTAMP WITHOUT TIME ZONE NOT NULL, 
	PRIMARY KEY (id), 
	FOREIGN KEY(house_id) REFERENCES houses (id)
)


INFO:sqlalchemy.engine.Engine:CREATE INDEX ix_rooms_name ON rooms (name)
INFO:sqlalchemy.engine.Engine:[no key 0.00271s] {}
DEBUG:app.db.session:Query eseguita in 0.01 secondi: CREATE INDEX ix_rooms_name ON rooms (name)
INFO:sqlalchemy.engine.Engine:
CREATE TABLE nodes (
	id SERIAL NOT NULL, 
	name VARCHAR NOT NULL, 
	description VARCHAR, 
	nfc_id VARCHAR NOT NULL, 
	house_id INTEGER NOT NULL, 
	room_id INTEGER, 
	PRIMARY KEY (id), 
	FOREIGN KEY(house_id) REFERENCES houses (id), 
	FOREIGN KEY(room_id) REFERENCES rooms (id)
)


INFO:sqlalchemy.engine.Engine:[no key 0.00182s] {}
DEBUG:app.db.session:Query eseguita in 0.04 secondi: 
CREATE TABLE nodes (
	id SERIAL NOT NULL, 
	name VARCHAR NOT NULL, 
	description VARCHAR, 
	nfc_id VARCHAR NOT NULL, 
	house_id INTEGER NOT NULL, 
	room_id INTEGER, 
	PRIMARY KEY (id), 
	FOREIGN KEY(house_id) REFERENCES houses (id), 
	FOREIGN KEY(room_id) REFERENCES rooms (id)
)


INFO:sqlalchemy.engine.Engine:CREATE UNIQUE INDEX ix_nodes_nfc_id ON nodes (nfc_id)
INFO:sqlalchemy.engine.Engine:[no key 0.00302s] {}
DEBUG:app.db.session:Query eseguita in 0.01 secondi: CREATE UNIQUE INDEX ix_nodes_nfc_id ON nodes (nfc_id)
INFO:sqlalchemy.engine.Engine:
CREATE TABLE bookings (
	id SERIAL NOT NULL, 
	room_id INTEGER NOT NULL, 
	user_id INTEGER NOT NULL, 
	start_time TIMESTAMP WITHOUT TIME ZONE NOT NULL, 
	end_time TIMESTAMP WITHOUT TIME ZONE NOT NULL, 
	status VARCHAR NOT NULL, 
	notes VARCHAR, 
	created_at TIMESTAMP WITHOUT TIME ZONE NOT NULL, 
	updated_at TIMESTAMP WITHOUT TIME ZONE NOT NULL, 
	PRIMARY KEY (id), 
	FOREIGN KEY(room_id) REFERENCES rooms (id), 
	FOREIGN KEY(user_id) REFERENCES "user" (id)
)


INFO:sqlalchemy.engine.Engine:[no key 0.00171s] {}
DEBUG:app.db.session:Query eseguita in 0.03 secondi: 
CREATE TABLE bookings (
	id SERIAL NOT NULL, 
	room_id INTEGER NOT NULL, 
	user_id INTEGER NOT NULL, 
	start_time TIMESTAMP WITHOUT TIME ZONE NOT NULL, 
	end_time TIMESTAMP WITHOUT TIME ZONE NOT NULL, 
	status VARCHAR NOT NULL, 
	notes VARCHAR, 
	created_at TIMESTAMP WITHOUT TIME ZONE NOT NULL, 
	updated_at TIMESTAMP WITHOUT TIME ZONE NOT NULL, 
	PRIMARY KEY (id), 
	FOREIGN KEY(room_id) REFERENCES rooms (id), 
	FOREIGN KEY(user_id) REFERENCES "user" (id)
)


INFO:sqlalchemy.engine.Engine:
CREATE TABLE documents (
	id SERIAL NOT NULL, 
	created_at TIMESTAMP WITHOUT TIME ZONE NOT NULL, 
	updated_at TIMESTAMP WITHOUT TIME ZONE NOT NULL, 
	owner_id INTEGER NOT NULL, 
	name VARCHAR NOT NULL, 
	type VARCHAR NOT NULL, 
	size INTEGER NOT NULL, 
	upload_date TIMESTAMP WITHOUT TIME ZONE NOT NULL, 
	path VARCHAR NOT NULL, 
	checksum VARCHAR NOT NULL, 
	house_id INTEGER, 
	node_id INTEGER, 
	description VARCHAR, 
	PRIMARY KEY (id), 
	FOREIGN KEY(owner_id) REFERENCES "user" (id), 
	FOREIGN KEY(house_id) REFERENCES houses (id), 
	FOREIGN KEY(node_id) REFERENCES nodes (id)
)


INFO:sqlalchemy.engine.Engine:[no key 0.00497s] {}
DEBUG:app.db.session:Query eseguita in 0.04 secondi: 
CREATE TABLE documents (
	id SERIAL NOT NULL, 
	created_at TIMESTAMP WITHOUT TIME ZONE NOT NULL, 
	updated_at TIMESTAMP WITHOUT TIME ZONE NOT NULL, 
	owner_id INTEGER NOT NULL, 
	name VARCHAR NOT NULL, 
	type VARCHAR NOT NULL, 
	size INTEGER NOT NULL, 
	upload_date TIMESTAMP WITHOUT TIME ZONE NOT NULL, 
	path VARCHAR NOT NULL, 
	checksum VARCHAR NOT NULL, 
	house_id INTEGER, 
	node_id INTEGER, 
	description VARCHAR, 
	PRIMARY KEY (id), 
	FOREIGN KEY(owner_id) REFERENCES "user" (id), 
	FOREIGN KEY(house_id) REFERENCES houses (id), 
	FOREIGN KEY(node_id) REFERENCES nodes (id)
)


INFO:sqlalchemy.engine.Engine:CREATE INDEX ix_documents_owner_id ON documents (owner_id)
INFO:sqlalchemy.engine.Engine:[no key 0.00157s] {}
DEBUG:app.db.session:Query eseguita in 0.01 secondi: CREATE INDEX ix_documents_owner_id ON documents (owner_id)
INFO:sqlalchemy.engine.Engine:
CREATE TABLE document_versions (
	id SERIAL NOT NULL, 
	version_number INTEGER NOT NULL, 
	file_path VARCHAR NOT NULL, 
	file_size INTEGER NOT NULL, 
	checksum VARCHAR NOT NULL, 
	created_at TIMESTAMP WITHOUT TIME ZONE NOT NULL, 
	updated_at TIMESTAMP WITHOUT TIME ZONE NOT NULL, 
	document_id INTEGER NOT NULL, 
	created_by_id INTEGER, 
	PRIMARY KEY (id), 
	FOREIGN KEY(document_id) REFERENCES documents (id), 
	FOREIGN KEY(created_by_id) REFERENCES "user" (id)
)


INFO:sqlalchemy.engine.Engine:[no key 0.00227s] {}
DEBUG:app.db.session:Query eseguita in 0.03 secondi: 
CREATE TABLE document_versions (
	id SERIAL NOT NULL, 
	version_number INTEGER NOT NULL, 
	file_path VARCHAR NOT NULL, 
	file_size INTEGER NOT NULL, 
	checksum VARCHAR NOT NULL, 
	created_at TIMESTAMP WITHOUT TIME ZONE NOT NULL, 
	updated_at TIMESTAMP WITHOUT TIME ZONE NOT NULL, 
	document_id INTEGER NOT NULL, 
	created_by_id INTEGER, 
	PRIMARY KEY (id), 
	FOREIGN KEY(document_id) REFERENCES documents (id), 
	FOREIGN KEY(created_by_id) REFERENCES "user" (id)
)


INFO:sqlalchemy.engine.Engine:CREATE INDEX ix_document_versions_version_number ON document_versions (version_number)
INFO:sqlalchemy.engine.Engine:[no key 0.00427s] {}
DEBUG:app.db.session:Query eseguita in 0.01 secondi: CREATE INDEX ix_document_versions_version_number ON document_versions (version_number)
INFO:sqlalchemy.engine.Engine:CREATE INDEX ix_document_versions_created_by_id ON document_versions (created_by_id)
INFO:sqlalchemy.engine.Engine:[no key 0.00525s] {}
DEBUG:app.db.session:Query eseguita in 0.01 secondi: CREATE INDEX ix_document_versions_created_by_id ON document_versions (created_by_id)
INFO:sqlalchemy.engine.Engine:CREATE INDEX ix_document_versions_document_id ON document_versions (document_id)
INFO:sqlalchemy.engine.Engine:[no key 0.00464s] {}
DEBUG:app.db.session:Query eseguita in 0.01 secondi: CREATE INDEX ix_document_versions_document_id ON document_versions (document_id)
INFO:sqlalchemy.engine.Engine:
CREATE TABLE maintenance_records (
	id SERIAL NOT NULL, 
	node_id INTEGER NOT NULL, 
	timestamp TIMESTAMP WITHOUT TIME ZONE NOT NULL, 
	maintenance_type maintenancetype NOT NULL, 
	description VARCHAR NOT NULL, 
	status maintenancestatus NOT NULL, 
	notes VARCHAR, 
	document_id INTEGER, 
	PRIMARY KEY (id), 
	FOREIGN KEY(node_id) REFERENCES nodes (id), 
	FOREIGN KEY(document_id) REFERENCES documents (id)
)


INFO:sqlalchemy.engine.Engine:[no key 0.00192s] {}
DEBUG:app.db.session:Query eseguita in 0.03 secondi: 
CREATE TABLE maintenance_records (
	id SERIAL NOT NULL, 
	node_id INTEGER NOT NULL, 
	timestamp TIMESTAMP WITHOUT TIME ZONE NOT NULL, 
	maintenance_type maintenancetype NOT NULL, 
	description VARCHAR NOT NULL, 
	status maintenancestatus NOT NULL, 
	notes VARCHAR, 
	document_id INTEGER, 
	PRIMARY KEY (id), 
	FOREIGN KEY(node_id) REFERENCES nodes (id), 
	FOREIGN KEY(document_id) REFERENCES documents (id)
)


INFO:sqlalchemy.engine.Engine:CREATE INDEX ix_maintenance_records_node_id ON maintenance_records (node_id)
INFO:sqlalchemy.engine.Engine:[no key 0.00060s] {}
DEBUG:app.db.session:Query eseguita in 0.01 secondi: CREATE INDEX ix_maintenance_records_node_id ON maintenance_records (node_id)
INFO:sqlalchemy.engine.Engine:COMMIT
DEBUG:test_users:Test database tables created successfully
DEBUG:test_users:Test database session created successfully
DEBUG:conftest:Overriding get_session for tests...
DEBUG:tests.conftest_redis:Setting up FakeRedis for tests...
DEBUG:app.core.redis:Connessione Redis stabilita con successo
----------------------------- Captured log setup ------------------------------
DEBUG    test_users:test_users.py:38 Setting up test database session...
INFO     sqlalchemy.engine.Engine:base.py:1842 select pg_catalog.version()
INFO     sqlalchemy.engine.Engine:base.py:1842 [raw sql] {}
INFO     sqlalchemy.engine.Engine:base.py:1842 select current_schema()
INFO     sqlalchemy.engine.Engine:base.py:1842 [raw sql] {}
INFO     sqlalchemy.engine.Engine:base.py:1842 show standard_conforming_strings
INFO     sqlalchemy.engine.Engine:base.py:1842 [raw sql] {}
INFO     sqlalchemy.engine.Engine:base.py:2698 BEGIN (implicit)
INFO     sqlalchemy.engine.Engine:base.py:1842 SELECT pg_catalog.pg_class.relname 
FROM pg_catalog.pg_class JOIN pg_catalog.pg_namespace ON pg_catalog.pg_namespace.oid = pg_catalog.pg_class.relnamespace 
WHERE pg_catalog.pg_class.relname = %(table_name)s AND pg_catalog.pg_class.relkind = ANY (ARRAY[%(param_1)s, %(param_2)s, %(param_3)s, %(param_4)s, %(param_5)s]) AND pg_catalog.pg_table_is_visible(pg_catalog.pg_class.oid) AND pg_catalog.pg_namespace.nspname != %(nspname_1)s
INFO     sqlalchemy.engine.Engine:base.py:1842 [generated in 0.00383s] {'table_name': 'user', 'param_1': 'r', 'param_2': 'p', 'param_3': 'f', 'param_4': 'v', 'param_5': 'm', 'nspname_1': 'pg_catalog'}
DEBUG    app.db.session:session.py:30 Query eseguita in 0.01 secondi: SELECT pg_catalog.pg_class.relname 
FROM pg_catalog.pg_class JOIN pg_catalog.pg_namespace ON pg_catalog.pg_namespace.oid = pg_catalog.pg_class.relnamespace 
WHERE pg_catalog.pg_class.relname = %(table_name)s AND pg_catalog.pg_class.relkind = ANY (ARRAY[%(param_1)s, %(param_2)s, %(param_3)s, %(param_4)s, %(param_5)s]) AND pg_catalog.pg_table_is_visible(pg_catalog.pg_class.oid) AND pg_catalog.pg_namespace.nspname != %(nspname_1)s
INFO     sqlalchemy.engine.Engine:base.py:1842 SELECT pg_catalog.pg_class.relname 
FROM pg_catalog.pg_class JOIN pg_catalog.pg_namespace ON pg_catalog.pg_namespace.oid = pg_catalog.pg_class.relnamespace 
WHERE pg_catalog.pg_class.relname = %(table_name)s AND pg_catalog.pg_class.relkind = ANY (ARRAY[%(param_1)s, %(param_2)s, %(param_3)s, %(param_4)s, %(param_5)s]) AND pg_catalog.pg_table_is_visible(pg_catalog.pg_class.oid) AND pg_catalog.pg_namespace.nspname != %(nspname_1)s
INFO     sqlalchemy.engine.Engine:base.py:1842 [cached since 0.01974s ago] {'table_name': 'documents', 'param_1': 'r', 'param_2': 'p', 'param_3': 'f', 'param_4': 'v', 'param_5': 'm', 'nspname_1': 'pg_catalog'}
DEBUG    app.db.session:session.py:30 Query eseguita in 0.01 secondi: SELECT pg_catalog.pg_class.relname 
FROM pg_catalog.pg_class JOIN pg_catalog.pg_namespace ON pg_catalog.pg_namespace.oid = pg_catalog.pg_class.relnamespace 
WHERE pg_catalog.pg_class.relname = %(table_name)s AND pg_catalog.pg_class.relkind = ANY (ARRAY[%(param_1)s, %(param_2)s, %(param_3)s, %(param_4)s, %(param_5)s]) AND pg_catalog.pg_table_is_visible(pg_catalog.pg_class.oid) AND pg_catalog.pg_namespace.nspname != %(nspname_1)s
INFO     sqlalchemy.engine.Engine:base.py:1842 SELECT pg_catalog.pg_class.relname 
FROM pg_catalog.pg_class JOIN pg_catalog.pg_namespace ON pg_catalog.pg_namespace.oid = pg_catalog.pg_class.relnamespace 
WHERE pg_catalog.pg_class.relname = %(table_name)s AND pg_catalog.pg_class.relkind = ANY (ARRAY[%(param_1)s, %(param_2)s, %(param_3)s, %(param_4)s, %(param_5)s]) AND pg_catalog.pg_table_is_visible(pg_catalog.pg_class.oid) AND pg_catalog.pg_namespace.nspname != %(nspname_1)s
INFO     sqlalchemy.engine.Engine:base.py:1842 [cached since 0.03049s ago] {'table_name': 'document_versions', 'param_1': 'r', 'param_2': 'p', 'param_3': 'f', 'param_4': 'v', 'param_5': 'm', 'nspname_1': 'pg_catalog'}
DEBUG    app.db.session:session.py:30 Query eseguita in 0.00 secondi: SELECT pg_catalog.pg_class.relname 
FROM pg_catalog.pg_class JOIN pg_catalog.pg_namespace ON pg_catalog.pg_namespace.oid = pg_catalog.pg_class.relnamespace 
WHERE pg_catalog.pg_class.relname = %(table_name)s AND pg_catalog.pg_class.relkind = ANY (ARRAY[%(param_1)s, %(param_2)s, %(param_3)s, %(param_4)s, %(param_5)s]) AND pg_catalog.pg_table_is_visible(pg_catalog.pg_class.oid) AND pg_catalog.pg_namespace.nspname != %(nspname_1)s
INFO     sqlalchemy.engine.Engine:base.py:1842 SELECT pg_catalog.pg_class.relname 
FROM pg_catalog.pg_class JOIN pg_catalog.pg_namespace ON pg_catalog.pg_namespace.oid = pg_catalog.pg_class.relnamespace 
WHERE pg_catalog.pg_class.relname = %(table_name)s AND pg_catalog.pg_class.relkind = ANY (ARRAY[%(param_1)s, %(param_2)s, %(param_3)s, %(param_4)s, %(param_5)s]) AND pg_catalog.pg_table_is_visible(pg_catalog.pg_class.oid) AND pg_catalog.pg_namespace.nspname != %(nspname_1)s
INFO     sqlalchemy.engine.Engine:base.py:1842 [cached since 0.03689s ago] {'table_name': 'houses', 'param_1': 'r', 'param_2': 'p', 'param_3': 'f', 'param_4': 'v', 'param_5': 'm', 'nspname_1': 'pg_catalog'}
DEBUG    app.db.session:session.py:30 Query eseguita in 0.01 secondi: SELECT pg_catalog.pg_class.relname 
FROM pg_catalog.pg_class JOIN pg_catalog.pg_namespace ON pg_catalog.pg_namespace.oid = pg_catalog.pg_class.relnamespace 
WHERE pg_catalog.pg_class.relname = %(table_name)s AND pg_catalog.pg_class.relkind = ANY (ARRAY[%(param_1)s, %(param_2)s, %(param_3)s, %(param_4)s, %(param_5)s]) AND pg_catalog.pg_table_is_visible(pg_catalog.pg_class.oid) AND pg_catalog.pg_namespace.nspname != %(nspname_1)s
INFO     sqlalchemy.engine.Engine:base.py:1842 SELECT pg_catalog.pg_class.relname 
FROM pg_catalog.pg_class JOIN pg_catalog.pg_namespace ON pg_catalog.pg_namespace.oid = pg_catalog.pg_class.relnamespace 
WHERE pg_catalog.pg_class.relname = %(table_name)s AND pg_catalog.pg_class.relkind = ANY (ARRAY[%(param_1)s, %(param_2)s, %(param_3)s, %(param_4)s, %(param_5)s]) AND pg_catalog.pg_table_is_visible(pg_catalog.pg_class.oid) AND pg_catalog.pg_namespace.nspname != %(nspname_1)s
INFO     sqlalchemy.engine.Engine:base.py:1842 [cached since 0.04766s ago] {'table_name': 'nodes', 'param_1': 'r', 'param_2': 'p', 'param_3': 'f', 'param_4': 'v', 'param_5': 'm', 'nspname_1': 'pg_catalog'}
DEBUG    app.db.session:session.py:30 Query eseguita in 0.00 secondi: SELECT pg_catalog.pg_class.relname 
FROM pg_catalog.pg_class JOIN pg_catalog.pg_namespace ON pg_catalog.pg_namespace.oid = pg_catalog.pg_class.relnamespace 
WHERE pg_catalog.pg_class.relname = %(table_name)s AND pg_catalog.pg_class.relkind = ANY (ARRAY[%(param_1)s, %(param_2)s, %(param_3)s, %(param_4)s, %(param_5)s]) AND pg_catalog.pg_table_is_visible(pg_catalog.pg_class.oid) AND pg_catalog.pg_namespace.nspname != %(nspname_1)s
INFO     sqlalchemy.engine.Engine:base.py:1842 SELECT pg_catalog.pg_class.relname 
FROM pg_catalog.pg_class JOIN pg_catalog.pg_namespace ON pg_catalog.pg_namespace.oid = pg_catalog.pg_class.relnamespace 
WHERE pg_catalog.pg_class.relname = %(table_name)s AND pg_catalog.pg_class.relkind = ANY (ARRAY[%(param_1)s, %(param_2)s, %(param_3)s, %(param_4)s, %(param_5)s]) AND pg_catalog.pg_table_is_visible(pg_catalog.pg_class.oid) AND pg_catalog.pg_namespace.nspname != %(nspname_1)s
INFO     sqlalchemy.engine.Engine:base.py:1842 [cached since 0.055s ago] {'table_name': 'rooms', 'param_1': 'r', 'param_2': 'p', 'param_3': 'f', 'param_4': 'v', 'param_5': 'm', 'nspname_1': 'pg_catalog'}
DEBUG    app.db.session:session.py:30 Query eseguita in 0.01 secondi: SELECT pg_catalog.pg_class.relname 
FROM pg_catalog.pg_class JOIN pg_catalog.pg_namespace ON pg_catalog.pg_namespace.oid = pg_catalog.pg_class.relnamespace 
WHERE pg_catalog.pg_class.relname = %(table_name)s AND pg_catalog.pg_class.relkind = ANY (ARRAY[%(param_1)s, %(param_2)s, %(param_3)s, %(param_4)s, %(param_5)s]) AND pg_catalog.pg_table_is_visible(pg_catalog.pg_class.oid) AND pg_catalog.pg_namespace.nspname != %(nspname_1)s
INFO     sqlalchemy.engine.Engine:base.py:1842 SELECT pg_catalog.pg_class.relname 
FROM pg_catalog.pg_class JOIN pg_catalog.pg_namespace ON pg_catalog.pg_namespace.oid = pg_catalog.pg_class.relnamespace 
WHERE pg_catalog.pg_class.relname = %(table_name)s AND pg_catalog.pg_class.relkind = ANY (ARRAY[%(param_1)s, %(param_2)s, %(param_3)s, %(param_4)s, %(param_5)s]) AND pg_catalog.pg_table_is_visible(pg_catalog.pg_class.oid) AND pg_catalog.pg_namespace.nspname != %(nspname_1)s
INFO     sqlalchemy.engine.Engine:base.py:1842 [cached since 0.06527s ago] {'table_name': 'bookings', 'param_1': 'r', 'param_2': 'p', 'param_3': 'f', 'param_4': 'v', 'param_5': 'm', 'nspname_1': 'pg_catalog'}
DEBUG    app.db.session:session.py:30 Query eseguita in 0.00 secondi: SELECT pg_catalog.pg_class.relname 
FROM pg_catalog.pg_class JOIN pg_catalog.pg_namespace ON pg_catalog.pg_namespace.oid = pg_catalog.pg_class.relnamespace 
WHERE pg_catalog.pg_class.relname = %(table_name)s AND pg_catalog.pg_class.relkind = ANY (ARRAY[%(param_1)s, %(param_2)s, %(param_3)s, %(param_4)s, %(param_5)s]) AND pg_catalog.pg_table_is_visible(pg_catalog.pg_class.oid) AND pg_catalog.pg_namespace.nspname != %(nspname_1)s
INFO     sqlalchemy.engine.Engine:base.py:1842 SELECT pg_catalog.pg_class.relname 
FROM pg_catalog.pg_class JOIN pg_catalog.pg_namespace ON pg_catalog.pg_namespace.oid = pg_catalog.pg_class.relnamespace 
WHERE pg_catalog.pg_class.relname = %(table_name)s AND pg_catalog.pg_class.relkind = ANY (ARRAY[%(param_1)s, %(param_2)s, %(param_3)s, %(param_4)s, %(param_5)s]) AND pg_catalog.pg_table_is_visible(pg_catalog.pg_class.oid) AND pg_catalog.pg_namespace.nspname != %(nspname_1)s
INFO     sqlalchemy.engine.Engine:base.py:1842 [cached since 0.07224s ago] {'table_name': 'maintenance_records', 'param_1': 'r', 'param_2': 'p', 'param_3': 'f', 'param_4': 'v', 'param_5': 'm', 'nspname_1': 'pg_catalog'}
DEBUG    app.db.session:session.py:30 Query eseguita in 0.01 secondi: SELECT pg_catalog.pg_class.relname 
FROM pg_catalog.pg_class JOIN pg_catalog.pg_namespace ON pg_catalog.pg_namespace.oid = pg_catalog.pg_class.relnamespace 
WHERE pg_catalog.pg_class.relname = %(table_name)s AND pg_catalog.pg_class.relkind = ANY (ARRAY[%(param_1)s, %(param_2)s, %(param_3)s, %(param_4)s, %(param_5)s]) AND pg_catalog.pg_table_is_visible(pg_catalog.pg_class.oid) AND pg_catalog.pg_namespace.nspname != %(nspname_1)s
INFO     sqlalchemy.engine.Engine:base.py:1842 SELECT pg_catalog.pg_type.typname 
FROM pg_catalog.pg_type JOIN pg_catalog.pg_namespace ON pg_catalog.pg_namespace.oid = pg_catalog.pg_type.typnamespace 
WHERE pg_catalog.pg_type.typname = %(typname_1)s AND pg_catalog.pg_type_is_visible(pg_catalog.pg_type.oid) AND pg_catalog.pg_namespace.nspname != %(nspname_1)s
INFO     sqlalchemy.engine.Engine:base.py:1842 [generated in 0.00320s] {'typname_1': 'maintenancetype', 'nspname_1': 'pg_catalog'}
DEBUG    app.db.session:session.py:30 Query eseguita in 0.01 secondi: SELECT pg_catalog.pg_type.typname 
FROM pg_catalog.pg_type JOIN pg_catalog.pg_namespace ON pg_catalog.pg_namespace.oid = pg_catalog.pg_type.typnamespace 
WHERE pg_catalog.pg_type.typname = %(typname_1)s AND pg_catalog.pg_type_is_visible(pg_catalog.pg_type.oid) AND pg_catalog.pg_namespace.nspname != %(nspname_1)s
INFO     sqlalchemy.engine.Engine:base.py:1842 CREATE TYPE maintenancetype AS ENUM ('ROUTINE', 'PREVENTIVE', 'CORRECTIVE', 'EMERGENCY', 'INSPECTION')
INFO     sqlalchemy.engine.Engine:base.py:1842 [no key 0.00083s] {}
DEBUG    app.db.session:session.py:30 Query eseguita in 0.01 secondi: CREATE TYPE maintenancetype AS ENUM ('ROUTINE', 'PREVENTIVE', 'CORRECTIVE', 'EMERGENCY', 'INSPECTION')
INFO     sqlalchemy.engine.Engine:base.py:1842 SELECT pg_catalog.pg_type.typname 
FROM pg_catalog.pg_type JOIN pg_catalog.pg_namespace ON pg_catalog.pg_namespace.oid = pg_catalog.pg_type.typnamespace 
WHERE pg_catalog.pg_type.typname = %(typname_1)s AND pg_catalog.pg_type_is_visible(pg_catalog.pg_type.oid) AND pg_catalog.pg_namespace.nspname != %(nspname_1)s
INFO     sqlalchemy.engine.Engine:base.py:1842 [cached since 0.02894s ago] {'typname_1': 'maintenancestatus', 'nspname_1': 'pg_catalog'}
DEBUG    app.db.session:session.py:30 Query eseguita in 0.01 secondi: SELECT pg_catalog.pg_type.typname 
FROM pg_catalog.pg_type JOIN pg_catalog.pg_namespace ON pg_catalog.pg_namespace.oid = pg_catalog.pg_type.typnamespace 
WHERE pg_catalog.pg_type.typname = %(typname_1)s AND pg_catalog.pg_type_is_visible(pg_catalog.pg_type.oid) AND pg_catalog.pg_namespace.nspname != %(nspname_1)s
INFO     sqlalchemy.engine.Engine:base.py:1842 CREATE TYPE maintenancestatus AS ENUM ('PENDING', 'COMPLETED', 'FAILED')
INFO     sqlalchemy.engine.Engine:base.py:1842 [no key 0.00221s] {}
DEBUG    app.db.session:session.py:30 Query eseguita in 0.00 secondi: CREATE TYPE maintenancestatus AS ENUM ('PENDING', 'COMPLETED', 'FAILED')
INFO     sqlalchemy.engine.Engine:base.py:1842 
CREATE TABLE "user" (
	id SERIAL NOT NULL, 
	email VARCHAR NOT NULL, 
	username VARCHAR NOT NULL, 
	hashed_password VARCHAR NOT NULL, 
	is_active BOOLEAN NOT NULL, 
	is_superuser BOOLEAN NOT NULL, 
	is_verified BOOLEAN NOT NULL, 
	created_at TIMESTAMP WITHOUT TIME ZONE NOT NULL, 
	updated_at TIMESTAMP WITHOUT TIME ZONE NOT NULL, 
	last_login TIMESTAMP WITH TIME ZONE, 
	full_name VARCHAR(255), 
	phone_number VARCHAR(20), 
	PRIMARY KEY (id)
)


INFO     sqlalchemy.engine.Engine:base.py:1842 [no key 0.00255s] {}
DEBUG    app.db.session:session.py:30 Query eseguita in 0.04 secondi: 
CREATE TABLE "user" (
	id SERIAL NOT NULL, 
	email VARCHAR NOT NULL, 
	username VARCHAR NOT NULL, 
	hashed_password VARCHAR NOT NULL, 
	is_active BOOLEAN NOT NULL, 
	is_superuser BOOLEAN NOT NULL, 
	is_verified BOOLEAN NOT NULL, 
	created_at TIMESTAMP WITHOUT TIME ZONE NOT NULL, 
	updated_at TIMESTAMP WITHOUT TIME ZONE NOT NULL, 
	last_login TIMESTAMP WITH TIME ZONE, 
	full_name VARCHAR(255), 
	phone_number VARCHAR(20), 
	PRIMARY KEY (id)
)


INFO     sqlalchemy.engine.Engine:base.py:1842 CREATE UNIQUE INDEX ix_user_email ON "user" (email)
INFO     sqlalchemy.engine.Engine:base.py:1842 [no key 0.00241s] {}
DEBUG    app.db.session:session.py:30 Query eseguita in 0.01 secondi: CREATE UNIQUE INDEX ix_user_email ON "user" (email)
INFO     sqlalchemy.engine.Engine:base.py:1842 CREATE UNIQUE INDEX ix_user_username ON "user" (username)
INFO     sqlalchemy.engine.Engine:base.py:1842 [no key 0.00085s] {}
DEBUG    app.db.session:session.py:30 Query eseguita in 0.01 secondi: CREATE UNIQUE INDEX ix_user_username ON "user" (username)
INFO     sqlalchemy.engine.Engine:base.py:1842 
CREATE TABLE houses (
	id SERIAL NOT NULL, 
	name VARCHAR NOT NULL, 
	address VARCHAR NOT NULL, 
	owner_id INTEGER NOT NULL, 
	created_at TIMESTAMP WITHOUT TIME ZONE NOT NULL, 
	updated_at TIMESTAMP WITHOUT TIME ZONE NOT NULL, 
	PRIMARY KEY (id), 
	FOREIGN KEY(owner_id) REFERENCES "user" (id)
)


INFO     sqlalchemy.engine.Engine:base.py:1842 [no key 0.00101s] {}
DEBUG    app.db.session:session.py:30 Query eseguita in 0.03 secondi: 
CREATE TABLE houses (
	id SERIAL NOT NULL, 
	name VARCHAR NOT NULL, 
	address VARCHAR NOT NULL, 
	owner_id INTEGER NOT NULL, 
	created_at TIMESTAMP WITHOUT TIME ZONE NOT NULL, 
	updated_at TIMESTAMP WITHOUT TIME ZONE NOT NULL, 
	PRIMARY KEY (id), 
	FOREIGN KEY(owner_id) REFERENCES "user" (id)
)


INFO     sqlalchemy.engine.Engine:base.py:1842 CREATE INDEX ix_houses_name ON houses (name)
INFO     sqlalchemy.engine.Engine:base.py:1842 [no key 0.00081s] {}
DEBUG    app.db.session:session.py:30 Query eseguita in 0.01 secondi: CREATE INDEX ix_houses_name ON houses (name)
INFO     sqlalchemy.engine.Engine:base.py:1842 
CREATE TABLE rooms (
	id SERIAL NOT NULL, 
	name VARCHAR NOT NULL, 
	description VARCHAR, 
	floor INTEGER NOT NULL, 
	area FLOAT NOT NULL, 
	house_id INTEGER NOT NULL, 
	created_at TIMESTAMP WITHOUT TIME ZONE NOT NULL, 
	updated_at TIMESTAMP WITHOUT TIME ZONE NOT NULL, 
	PRIMARY KEY (id), 
	FOREIGN KEY(house_id) REFERENCES houses (id)
)


INFO     sqlalchemy.engine.Engine:base.py:1842 [no key 0.00127s] {}
DEBUG    app.db.session:session.py:30 Query eseguita in 0.03 secondi: 
CREATE TABLE rooms (
	id SERIAL NOT NULL, 
	name VARCHAR NOT NULL, 
	description VARCHAR, 
	floor INTEGER NOT NULL, 
	area FLOAT NOT NULL, 
	house_id INTEGER NOT NULL, 
	created_at TIMESTAMP WITHOUT TIME ZONE NOT NULL, 
	updated_at TIMESTAMP WITHOUT TIME ZONE NOT NULL, 
	PRIMARY KEY (id), 
	FOREIGN KEY(house_id) REFERENCES houses (id)
)


INFO     sqlalchemy.engine.Engine:base.py:1842 CREATE INDEX ix_rooms_name ON rooms (name)
INFO     sqlalchemy.engine.Engine:base.py:1842 [no key 0.00271s] {}
DEBUG    app.db.session:session.py:30 Query eseguita in 0.01 secondi: CREATE INDEX ix_rooms_name ON rooms (name)
INFO     sqlalchemy.engine.Engine:base.py:1842 
CREATE TABLE nodes (
	id SERIAL NOT NULL, 
	name VARCHAR NOT NULL, 
	description VARCHAR, 
	nfc_id VARCHAR NOT NULL, 
	house_id INTEGER NOT NULL, 
	room_id INTEGER, 
	PRIMARY KEY (id), 
	FOREIGN KEY(house_id) REFERENCES houses (id), 
	FOREIGN KEY(room_id) REFERENCES rooms (id)
)


INFO     sqlalchemy.engine.Engine:base.py:1842 [no key 0.00182s] {}
DEBUG    app.db.session:session.py:30 Query eseguita in 0.04 secondi: 
CREATE TABLE nodes (
	id SERIAL NOT NULL, 
	name VARCHAR NOT NULL, 
	description VARCHAR, 
	nfc_id VARCHAR NOT NULL, 
	house_id INTEGER NOT NULL, 
	room_id INTEGER, 
	PRIMARY KEY (id), 
	FOREIGN KEY(house_id) REFERENCES houses (id), 
	FOREIGN KEY(room_id) REFERENCES rooms (id)
)


INFO     sqlalchemy.engine.Engine:base.py:1842 CREATE UNIQUE INDEX ix_nodes_nfc_id ON nodes (nfc_id)
INFO     sqlalchemy.engine.Engine:base.py:1842 [no key 0.00302s] {}
DEBUG    app.db.session:session.py:30 Query eseguita in 0.01 secondi: CREATE UNIQUE INDEX ix_nodes_nfc_id ON nodes (nfc_id)
INFO     sqlalchemy.engine.Engine:base.py:1842 
CREATE TABLE bookings (
	id SERIAL NOT NULL, 
	room_id INTEGER NOT NULL, 
	user_id INTEGER NOT NULL, 
	start_time TIMESTAMP WITHOUT TIME ZONE NOT NULL, 
	end_time TIMESTAMP WITHOUT TIME ZONE NOT NULL, 
	status VARCHAR NOT NULL, 
	notes VARCHAR, 
	created_at TIMESTAMP WITHOUT TIME ZONE NOT NULL, 
	updated_at TIMESTAMP WITHOUT TIME ZONE NOT NULL, 
	PRIMARY KEY (id), 
	FOREIGN KEY(room_id) REFERENCES rooms (id), 
	FOREIGN KEY(user_id) REFERENCES "user" (id)
)


INFO     sqlalchemy.engine.Engine:base.py:1842 [no key 0.00171s] {}
DEBUG    app.db.session:session.py:30 Query eseguita in 0.03 secondi: 
CREATE TABLE bookings (
	id SERIAL NOT NULL, 
	room_id INTEGER NOT NULL, 
	user_id INTEGER NOT NULL, 
	start_time TIMESTAMP WITHOUT TIME ZONE NOT NULL, 
	end_time TIMESTAMP WITHOUT TIME ZONE NOT NULL, 
	status VARCHAR NOT NULL, 
	notes VARCHAR, 
	created_at TIMESTAMP WITHOUT TIME ZONE NOT NULL, 
	updated_at TIMESTAMP WITHOUT TIME ZONE NOT NULL, 
	PRIMARY KEY (id), 
	FOREIGN KEY(room_id) REFERENCES rooms (id), 
	FOREIGN KEY(user_id) REFERENCES "user" (id)
)


INFO     sqlalchemy.engine.Engine:base.py:1842 
CREATE TABLE documents (
	id SERIAL NOT NULL, 
	created_at TIMESTAMP WITHOUT TIME ZONE NOT NULL, 
	updated_at TIMESTAMP WITHOUT TIME ZONE NOT NULL, 
	owner_id INTEGER NOT NULL, 
	name VARCHAR NOT NULL, 
	type VARCHAR NOT NULL, 
	size INTEGER NOT NULL, 
	upload_date TIMESTAMP WITHOUT TIME ZONE NOT NULL, 
	path VARCHAR NOT NULL, 
	checksum VARCHAR NOT NULL, 
	house_id INTEGER, 
	node_id INTEGER, 
	description VARCHAR, 
	PRIMARY KEY (id), 
	FOREIGN KEY(owner_id) REFERENCES "user" (id), 
	FOREIGN KEY(house_id) REFERENCES houses (id), 
	FOREIGN KEY(node_id) REFERENCES nodes (id)
)


INFO     sqlalchemy.engine.Engine:base.py:1842 [no key 0.00497s] {}
DEBUG    app.db.session:session.py:30 Query eseguita in 0.04 secondi: 
CREATE TABLE documents (
	id SERIAL NOT NULL, 
	created_at TIMESTAMP WITHOUT TIME ZONE NOT NULL, 
	updated_at TIMESTAMP WITHOUT TIME ZONE NOT NULL, 
	owner_id INTEGER NOT NULL, 
	name VARCHAR NOT NULL, 
	type VARCHAR NOT NULL, 
	size INTEGER NOT NULL, 
	upload_date TIMESTAMP WITHOUT TIME ZONE NOT NULL, 
	path VARCHAR NOT NULL, 
	checksum VARCHAR NOT NULL, 
	house_id INTEGER, 
	node_id INTEGER, 
	description VARCHAR, 
	PRIMARY KEY (id), 
	FOREIGN KEY(owner_id) REFERENCES "user" (id), 
	FOREIGN KEY(house_id) REFERENCES houses (id), 
	FOREIGN KEY(node_id) REFERENCES nodes (id)
)


INFO     sqlalchemy.engine.Engine:base.py:1842 CREATE INDEX ix_documents_owner_id ON documents (owner_id)
INFO     sqlalchemy.engine.Engine:base.py:1842 [no key 0.00157s] {}
DEBUG    app.db.session:session.py:30 Query eseguita in 0.01 secondi: CREATE INDEX ix_documents_owner_id ON documents (owner_id)
INFO     sqlalchemy.engine.Engine:base.py:1842 
CREATE TABLE document_versions (
	id SERIAL NOT NULL, 
	version_number INTEGER NOT NULL, 
	file_path VARCHAR NOT NULL, 
	file_size INTEGER NOT NULL, 
	checksum VARCHAR NOT NULL, 
	created_at TIMESTAMP WITHOUT TIME ZONE NOT NULL, 
	updated_at TIMESTAMP WITHOUT TIME ZONE NOT NULL, 
	document_id INTEGER NOT NULL, 
	created_by_id INTEGER, 
	PRIMARY KEY (id), 
	FOREIGN KEY(document_id) REFERENCES documents (id), 
	FOREIGN KEY(created_by_id) REFERENCES "user" (id)
)


INFO     sqlalchemy.engine.Engine:base.py:1842 [no key 0.00227s] {}
DEBUG    app.db.session:session.py:30 Query eseguita in 0.03 secondi: 
CREATE TABLE document_versions (
	id SERIAL NOT NULL, 
	version_number INTEGER NOT NULL, 
	file_path VARCHAR NOT NULL, 
	file_size INTEGER NOT NULL, 
	checksum VARCHAR NOT NULL, 
	created_at TIMESTAMP WITHOUT TIME ZONE NOT NULL, 
	updated_at TIMESTAMP WITHOUT TIME ZONE NOT NULL, 
	document_id INTEGER NOT NULL, 
	created_by_id INTEGER, 
	PRIMARY KEY (id), 
	FOREIGN KEY(document_id) REFERENCES documents (id), 
	FOREIGN KEY(created_by_id) REFERENCES "user" (id)
)


INFO     sqlalchemy.engine.Engine:base.py:1842 CREATE INDEX ix_document_versions_version_number ON document_versions (version_number)
INFO     sqlalchemy.engine.Engine:base.py:1842 [no key 0.00427s] {}
DEBUG    app.db.session:session.py:30 Query eseguita in 0.01 secondi: CREATE INDEX ix_document_versions_version_number ON document_versions (version_number)
INFO     sqlalchemy.engine.Engine:base.py:1842 CREATE INDEX ix_document_versions_created_by_id ON document_versions (created_by_id)
INFO     sqlalchemy.engine.Engine:base.py:1842 [no key 0.00525s] {}
DEBUG    app.db.session:session.py:30 Query eseguita in 0.01 secondi: CREATE INDEX ix_document_versions_created_by_id ON document_versions (created_by_id)
INFO     sqlalchemy.engine.Engine:base.py:1842 CREATE INDEX ix_document_versions_document_id ON document_versions (document_id)
INFO     sqlalchemy.engine.Engine:base.py:1842 [no key 0.00464s] {}
DEBUG    app.db.session:session.py:30 Query eseguita in 0.01 secondi: CREATE INDEX ix_document_versions_document_id ON document_versions (document_id)
INFO     sqlalchemy.engine.Engine:base.py:1842 
CREATE TABLE maintenance_records (
	id SERIAL NOT NULL, 
	node_id INTEGER NOT NULL, 
	timestamp TIMESTAMP WITHOUT TIME ZONE NOT NULL, 
	maintenance_type maintenancetype NOT NULL, 
	description VARCHAR NOT NULL, 
	status maintenancestatus NOT NULL, 
	notes VARCHAR, 
	document_id INTEGER, 
	PRIMARY KEY (id), 
	FOREIGN KEY(node_id) REFERENCES nodes (id), 
	FOREIGN KEY(document_id) REFERENCES documents (id)
)


INFO     sqlalchemy.engine.Engine:base.py:1842 [no key 0.00192s] {}
DEBUG    app.db.session:session.py:30 Query eseguita in 0.03 secondi: 
CREATE TABLE maintenance_records (
	id SERIAL NOT NULL, 
	node_id INTEGER NOT NULL, 
	timestamp TIMESTAMP WITHOUT TIME ZONE NOT NULL, 
	maintenance_type maintenancetype NOT NULL, 
	description VARCHAR NOT NULL, 
	status maintenancestatus NOT NULL, 
	notes VARCHAR, 
	document_id INTEGER, 
	PRIMARY KEY (id), 
	FOREIGN KEY(node_id) REFERENCES nodes (id), 
	FOREIGN KEY(document_id) REFERENCES documents (id)
)


INFO     sqlalchemy.engine.Engine:base.py:1842 CREATE INDEX ix_maintenance_records_node_id ON maintenance_records (node_id)
INFO     sqlalchemy.engine.Engine:base.py:1842 [no key 0.00060s] {}
DEBUG    app.db.session:session.py:30 Query eseguita in 0.01 secondi: CREATE INDEX ix_maintenance_records_node_id ON maintenance_records (node_id)
INFO     sqlalchemy.engine.Engine:base.py:2704 COMMIT
DEBUG    test_users:test_users.py:52 Test database tables created successfully
DEBUG    test_users:test_users.py:55 Test database session created successfully
DEBUG    conftest:conftest.py:269 Overriding get_session for tests...
DEBUG    tests.conftest_redis:conftest_redis.py:18 Setting up FakeRedis for tests...
DEBUG    app.core.redis:redis.py:24 Connessione Redis stabilita con successo
---------------------------- Captured stderr call -----------------------------
DEBUG:asyncio:Using proactor: IocpProactor
INFO:httpx:HTTP Request: POST http://testserver/api/v1/auth/register "HTTP/1.1 422 Unprocessable Entity"
DEBUG:asyncio:Using proactor: IocpProactor
INFO:httpx:HTTP Request: POST http://testserver/api/v1/auth/register "HTTP/1.1 422 Unprocessable Entity"
DEBUG:asyncio:Using proactor: IocpProactor
INFO:httpx:HTTP Request: POST http://testserver/api/v1/auth/register "HTTP/1.1 422 Unprocessable Entity"
DEBUG:asyncio:Using proactor: IocpProactor
INFO:httpx:HTTP Request: GET http://testserver/api/v1/users/ "HTTP/1.1 405 Method Not Allowed"
------------------------------ Captured log call ------------------------------
DEBUG    asyncio:proactor_events.py:631 Using proactor: IocpProactor
INFO     httpx:_client.py:1025 HTTP Request: POST http://testserver/api/v1/auth/register "HTTP/1.1 422 Unprocessable Entity"
DEBUG    asyncio:proactor_events.py:631 Using proactor: IocpProactor
INFO     httpx:_client.py:1025 HTTP Request: POST http://testserver/api/v1/auth/register "HTTP/1.1 422 Unprocessable Entity"
DEBUG    asyncio:proactor_events.py:631 Using proactor: IocpProactor
INFO     httpx:_client.py:1025 HTTP Request: POST http://testserver/api/v1/auth/register "HTTP/1.1 422 Unprocessable Entity"
DEBUG    asyncio:proactor_events.py:631 Using proactor: IocpProactor
INFO     httpx:_client.py:1025 HTTP Request: GET http://testserver/api/v1/users/ "HTTP/1.1 405 Method Not Allowed"
-------------------------- Captured stdout teardown ---------------------------
2025-06-17 11:29:07,482 INFO sqlalchemy.engine.Engine BEGIN (implicit)
2025-06-17 11:29:07,487 INFO sqlalchemy.engine.Engine DROP SCHEMA public CASCADE
2025-06-17 11:29:07,487 INFO sqlalchemy.engine.Engine [generated in 0.00667s] {}
2025-06-17 11:29:07,677 INFO sqlalchemy.engine.Engine CREATE SCHEMA public
2025-06-17 11:29:07,679 INFO sqlalchemy.engine.Engine [generated in 0.00136s] {}
2025-06-17 11:29:07,687 INFO sqlalchemy.engine.Engine COMMIT
-------------------------- Captured stderr teardown ---------------------------
DEBUG:tests.conftest_redis:Restored original Redis client
DEBUG:conftest:get_session override cleared
DEBUG:test_users:Cleaning up test database session...
INFO:sqlalchemy.engine.Engine:BEGIN (implicit)
INFO:sqlalchemy.engine.Engine:DROP SCHEMA public CASCADE
INFO:sqlalchemy.engine.Engine:[generated in 0.00667s] {}
DEBUG:app.db.session:Query eseguita in 0.19 secondi: DROP SCHEMA public CASCADE
INFO:sqlalchemy.engine.Engine:CREATE SCHEMA public
INFO:sqlalchemy.engine.Engine:[generated in 0.00136s] {}
DEBUG:app.db.session:Query eseguita in 0.01 secondi: CREATE SCHEMA public
INFO:sqlalchemy.engine.Engine:COMMIT
DEBUG:test_users:Test database cleanup completed
DEBUG:test_users:Session fixture completed in 2.04 seconds
---------------------------- Captured log teardown ----------------------------
DEBUG    tests.conftest_redis:conftest_redis.py:29 Restored original Redis client
DEBUG    conftest:conftest.py:275 get_session override cleared
DEBUG    test_users:test_users.py:57 Cleaning up test database session...
INFO     sqlalchemy.engine.Engine:base.py:2698 BEGIN (implicit)
INFO     sqlalchemy.engine.Engine:base.py:1842 DROP SCHEMA public CASCADE
INFO     sqlalchemy.engine.Engine:base.py:1842 [generated in 0.00667s] {}
DEBUG    app.db.session:session.py:30 Query eseguita in 0.19 secondi: DROP SCHEMA public CASCADE
INFO     sqlalchemy.engine.Engine:base.py:1842 CREATE SCHEMA public
INFO     sqlalchemy.engine.Engine:base.py:1842 [generated in 0.00136s] {}
DEBUG    app.db.session:session.py:30 Query eseguita in 0.01 secondi: CREATE SCHEMA public
INFO     sqlalchemy.engine.Engine:base.py:2704 COMMIT
DEBUG    test_users:test_users.py:63 Test database cleanup completed
DEBUG    test_users:test_users.py:68 Session fixture completed in 2.04 seconds
_______________________________ test_read_user ________________________________
tests\api\test_users.py:385: in test_read_user
    user_id = create_response.json()["id"]
              ^^^^^^^^^^^^^^^^^^^^^^^^^^^^
E   KeyError: 'id'
---------------------------- Captured stdout setup ----------------------------
2025-06-17 11:29:08,307 INFO sqlalchemy.engine.Engine select pg_catalog.version()
2025-06-17 11:29:08,311 INFO sqlalchemy.engine.Engine [raw sql] {}
2025-06-17 11:29:08,314 INFO sqlalchemy.engine.Engine select current_schema()
2025-06-17 11:29:08,318 INFO sqlalchemy.engine.Engine [raw sql] {}
2025-06-17 11:29:08,321 INFO sqlalchemy.engine.Engine show standard_conforming_strings
2025-06-17 11:29:08,322 INFO sqlalchemy.engine.Engine [raw sql] {}
2025-06-17 11:29:08,326 INFO sqlalchemy.engine.Engine BEGIN (implicit)
2025-06-17 11:29:08,338 INFO sqlalchemy.engine.Engine SELECT pg_catalog.pg_class.relname 
FROM pg_catalog.pg_class JOIN pg_catalog.pg_namespace ON pg_catalog.pg_namespace.oid = pg_catalog.pg_class.relnamespace 
WHERE pg_catalog.pg_class.relname = %(table_name)s AND pg_catalog.pg_class.relkind = ANY (ARRAY[%(param_1)s, %(param_2)s, %(param_3)s, %(param_4)s, %(param_5)s]) AND pg_catalog.pg_table_is_visible(pg_catalog.pg_class.oid) AND pg_catalog.pg_namespace.nspname != %(nspname_1)s
2025-06-17 11:29:08,341 INFO sqlalchemy.engine.Engine [generated in 0.00113s] {'table_name': 'user', 'param_1': 'r', 'param_2': 'p', 'param_3': 'f', 'param_4': 'v', 'param_5': 'm', 'nspname_1': 'pg_catalog'}
2025-06-17 11:29:08,355 INFO sqlalchemy.engine.Engine SELECT pg_catalog.pg_class.relname 
FROM pg_catalog.pg_class JOIN pg_catalog.pg_namespace ON pg_catalog.pg_namespace.oid = pg_catalog.pg_class.relnamespace 
WHERE pg_catalog.pg_class.relname = %(table_name)s AND pg_catalog.pg_class.relkind = ANY (ARRAY[%(param_1)s, %(param_2)s, %(param_3)s, %(param_4)s, %(param_5)s]) AND pg_catalog.pg_table_is_visible(pg_catalog.pg_class.oid) AND pg_catalog.pg_namespace.nspname != %(nspname_1)s
2025-06-17 11:29:08,356 INFO sqlalchemy.engine.Engine [cached since 0.0182s ago] {'table_name': 'documents', 'param_1': 'r', 'param_2': 'p', 'param_3': 'f', 'param_4': 'v', 'param_5': 'm', 'nspname_1': 'pg_catalog'}
2025-06-17 11:29:08,363 INFO sqlalchemy.engine.Engine SELECT pg_catalog.pg_class.relname 
FROM pg_catalog.pg_class JOIN pg_catalog.pg_namespace ON pg_catalog.pg_namespace.oid = pg_catalog.pg_class.relnamespace 
WHERE pg_catalog.pg_class.relname = %(table_name)s AND pg_catalog.pg_class.relkind = ANY (ARRAY[%(param_1)s, %(param_2)s, %(param_3)s, %(param_4)s, %(param_5)s]) AND pg_catalog.pg_table_is_visible(pg_catalog.pg_class.oid) AND pg_catalog.pg_namespace.nspname != %(nspname_1)s
2025-06-17 11:29:08,367 INFO sqlalchemy.engine.Engine [cached since 0.02899s ago] {'table_name': 'document_versions', 'param_1': 'r', 'param_2': 'p', 'param_3': 'f', 'param_4': 'v', 'param_5': 'm', 'nspname_1': 'pg_catalog'}
2025-06-17 11:29:08,372 INFO sqlalchemy.engine.Engine SELECT pg_catalog.pg_class.relname 
FROM pg_catalog.pg_class JOIN pg_catalog.pg_namespace ON pg_catalog.pg_namespace.oid = pg_catalog.pg_class.relnamespace 
WHERE pg_catalog.pg_class.relname = %(table_name)s AND pg_catalog.pg_class.relkind = ANY (ARRAY[%(param_1)s, %(param_2)s, %(param_3)s, %(param_4)s, %(param_5)s]) AND pg_catalog.pg_table_is_visible(pg_catalog.pg_class.oid) AND pg_catalog.pg_namespace.nspname != %(nspname_1)s
2025-06-17 11:29:08,374 INFO sqlalchemy.engine.Engine [cached since 0.03615s ago] {'table_name': 'houses', 'param_1': 'r', 'param_2': 'p', 'param_3': 'f', 'param_4': 'v', 'param_5': 'm', 'nspname_1': 'pg_catalog'}
2025-06-17 11:29:08,385 INFO sqlalchemy.engine.Engine SELECT pg_catalog.pg_class.relname 
FROM pg_catalog.pg_class JOIN pg_catalog.pg_namespace ON pg_catalog.pg_namespace.oid = pg_catalog.pg_class.relnamespace 
WHERE pg_catalog.pg_class.relname = %(table_name)s AND pg_catalog.pg_class.relkind = ANY (ARRAY[%(param_1)s, %(param_2)s, %(param_3)s, %(param_4)s, %(param_5)s]) AND pg_catalog.pg_table_is_visible(pg_catalog.pg_class.oid) AND pg_catalog.pg_namespace.nspname != %(nspname_1)s
2025-06-17 11:29:08,387 INFO sqlalchemy.engine.Engine [cached since 0.04916s ago] {'table_name': 'nodes', 'param_1': 'r', 'param_2': 'p', 'param_3': 'f', 'param_4': 'v', 'param_5': 'm', 'nspname_1': 'pg_catalog'}
2025-06-17 11:29:08,394 INFO sqlalchemy.engine.Engine SELECT pg_catalog.pg_class.relname 
FROM pg_catalog.pg_class JOIN pg_catalog.pg_namespace ON pg_catalog.pg_namespace.oid = pg_catalog.pg_class.relnamespace 
WHERE pg_catalog.pg_class.relname = %(table_name)s AND pg_catalog.pg_class.relkind = ANY (ARRAY[%(param_1)s, %(param_2)s, %(param_3)s, %(param_4)s, %(param_5)s]) AND pg_catalog.pg_table_is_visible(pg_catalog.pg_class.oid) AND pg_catalog.pg_namespace.nspname != %(nspname_1)s
2025-06-17 11:29:08,396 INFO sqlalchemy.engine.Engine [cached since 0.05768s ago] {'table_name': 'rooms', 'param_1': 'r', 'param_2': 'p', 'param_3': 'f', 'param_4': 'v', 'param_5': 'm', 'nspname_1': 'pg_catalog'}
2025-06-17 11:29:08,404 INFO sqlalchemy.engine.Engine SELECT pg_catalog.pg_class.relname 
FROM pg_catalog.pg_class JOIN pg_catalog.pg_namespace ON pg_catalog.pg_namespace.oid = pg_catalog.pg_class.relnamespace 
WHERE pg_catalog.pg_class.relname = %(table_name)s AND pg_catalog.pg_class.relkind = ANY (ARRAY[%(param_1)s, %(param_2)s, %(param_3)s, %(param_4)s, %(param_5)s]) AND pg_catalog.pg_table_is_visible(pg_catalog.pg_class.oid) AND pg_catalog.pg_namespace.nspname != %(nspname_1)s
2025-06-17 11:29:08,405 INFO sqlalchemy.engine.Engine [cached since 0.06722s ago] {'table_name': 'bookings', 'param_1': 'r', 'param_2': 'p', 'param_3': 'f', 'param_4': 'v', 'param_5': 'm', 'nspname_1': 'pg_catalog'}
2025-06-17 11:29:08,412 INFO sqlalchemy.engine.Engine SELECT pg_catalog.pg_class.relname 
FROM pg_catalog.pg_class JOIN pg_catalog.pg_namespace ON pg_catalog.pg_namespace.oid = pg_catalog.pg_class.relnamespace 
WHERE pg_catalog.pg_class.relname = %(table_name)s AND pg_catalog.pg_class.relkind = ANY (ARRAY[%(param_1)s, %(param_2)s, %(param_3)s, %(param_4)s, %(param_5)s]) AND pg_catalog.pg_table_is_visible(pg_catalog.pg_class.oid) AND pg_catalog.pg_namespace.nspname != %(nspname_1)s
2025-06-17 11:29:08,414 INFO sqlalchemy.engine.Engine [cached since 0.076s ago] {'table_name': 'maintenance_records', 'param_1': 'r', 'param_2': 'p', 'param_3': 'f', 'param_4': 'v', 'param_5': 'm', 'nspname_1': 'pg_catalog'}
2025-06-17 11:29:08,436 INFO sqlalchemy.engine.Engine SELECT pg_catalog.pg_type.typname 
FROM pg_catalog.pg_type JOIN pg_catalog.pg_namespace ON pg_catalog.pg_namespace.oid = pg_catalog.pg_type.typnamespace 
WHERE pg_catalog.pg_type.typname = %(typname_1)s AND pg_catalog.pg_type_is_visible(pg_catalog.pg_type.oid) AND pg_catalog.pg_namespace.nspname != %(nspname_1)s
2025-06-17 11:29:08,437 INFO sqlalchemy.engine.Engine [generated in 0.00247s] {'typname_1': 'maintenancetype', 'nspname_1': 'pg_catalog'}
2025-06-17 11:29:08,444 INFO sqlalchemy.engine.Engine CREATE TYPE maintenancetype AS ENUM ('ROUTINE', 'PREVENTIVE', 'CORRECTIVE', 'EMERGENCY', 'INSPECTION')
2025-06-17 11:29:08,446 INFO sqlalchemy.engine.Engine [no key 0.00163s] {}
2025-06-17 11:29:08,460 INFO sqlalchemy.engine.Engine SELECT pg_catalog.pg_type.typname 
FROM pg_catalog.pg_type JOIN pg_catalog.pg_namespace ON pg_catalog.pg_namespace.oid = pg_catalog.pg_type.typnamespace 
WHERE pg_catalog.pg_type.typname = %(typname_1)s AND pg_catalog.pg_type_is_visible(pg_catalog.pg_type.oid) AND pg_catalog.pg_namespace.nspname != %(nspname_1)s
2025-06-17 11:29:08,461 INFO sqlalchemy.engine.Engine [cached since 0.02676s ago] {'typname_1': 'maintenancestatus', 'nspname_1': 'pg_catalog'}
2025-06-17 11:29:08,471 INFO sqlalchemy.engine.Engine CREATE TYPE maintenancestatus AS ENUM ('PENDING', 'COMPLETED', 'FAILED')
2025-06-17 11:29:08,472 INFO sqlalchemy.engine.Engine [no key 0.00078s] {}
2025-06-17 11:29:08,486 INFO sqlalchemy.engine.Engine 
CREATE TABLE "user" (
	id SERIAL NOT NULL, 
	email VARCHAR NOT NULL, 
	username VARCHAR NOT NULL, 
	hashed_password VARCHAR NOT NULL, 
	is_active BOOLEAN NOT NULL, 
	is_superuser BOOLEAN NOT NULL, 
	is_verified BOOLEAN NOT NULL, 
	created_at TIMESTAMP WITHOUT TIME ZONE NOT NULL, 
	updated_at TIMESTAMP WITHOUT TIME ZONE NOT NULL, 
	last_login TIMESTAMP WITH TIME ZONE, 
	full_name VARCHAR(255), 
	phone_number VARCHAR(20), 
	PRIMARY KEY (id)
)


2025-06-17 11:29:08,487 INFO sqlalchemy.engine.Engine [no key 0.00093s] {}
2025-06-17 11:29:08,536 INFO sqlalchemy.engine.Engine CREATE UNIQUE INDEX ix_user_email ON "user" (email)
2025-06-17 11:29:08,537 INFO sqlalchemy.engine.Engine [no key 0.00123s] {}
2025-06-17 11:29:08,553 INFO sqlalchemy.engine.Engine CREATE UNIQUE INDEX ix_user_username ON "user" (username)
2025-06-17 11:29:08,554 INFO sqlalchemy.engine.Engine [no key 0.00154s] {}
2025-06-17 11:29:08,569 INFO sqlalchemy.engine.Engine 
CREATE TABLE houses (
	id SERIAL NOT NULL, 
	name VARCHAR NOT NULL, 
	address VARCHAR NOT NULL, 
	owner_id INTEGER NOT NULL, 
	created_at TIMESTAMP WITHOUT TIME ZONE NOT NULL, 
	updated_at TIMESTAMP WITHOUT TIME ZONE NOT NULL, 
	PRIMARY KEY (id), 
	FOREIGN KEY(owner_id) REFERENCES "user" (id)
)


2025-06-17 11:29:08,571 INFO sqlalchemy.engine.Engine [no key 0.00278s] {}
2025-06-17 11:29:08,607 INFO sqlalchemy.engine.Engine CREATE INDEX ix_houses_name ON houses (name)
2025-06-17 11:29:08,610 INFO sqlalchemy.engine.Engine [no key 0.00317s] {}
2025-06-17 11:29:08,624 INFO sqlalchemy.engine.Engine 
CREATE TABLE rooms (
	id SERIAL NOT NULL, 
	name VARCHAR NOT NULL, 
	description VARCHAR, 
	floor INTEGER NOT NULL, 
	area FLOAT NOT NULL, 
	house_id INTEGER NOT NULL, 
	created_at TIMESTAMP WITHOUT TIME ZONE NOT NULL, 
	updated_at TIMESTAMP WITHOUT TIME ZONE NOT NULL, 
	PRIMARY KEY (id), 
	FOREIGN KEY(house_id) REFERENCES houses (id)
)


2025-06-17 11:29:08,626 INFO sqlalchemy.engine.Engine [no key 0.00293s] {}
2025-06-17 11:29:08,659 INFO sqlalchemy.engine.Engine CREATE INDEX ix_rooms_name ON rooms (name)
2025-06-17 11:29:08,661 INFO sqlalchemy.engine.Engine [no key 0.00174s] {}
2025-06-17 11:29:08,674 INFO sqlalchemy.engine.Engine 
CREATE TABLE nodes (
	id SERIAL NOT NULL, 
	name VARCHAR NOT NULL, 
	description VARCHAR, 
	nfc_id VARCHAR NOT NULL, 
	house_id INTEGER NOT NULL, 
	room_id INTEGER, 
	PRIMARY KEY (id), 
	FOREIGN KEY(house_id) REFERENCES houses (id), 
	FOREIGN KEY(room_id) REFERENCES rooms (id)
)


2025-06-17 11:29:08,676 INFO sqlalchemy.engine.Engine [no key 0.00304s] {}
2025-06-17 11:29:08,720 INFO sqlalchemy.engine.Engine CREATE UNIQUE INDEX ix_nodes_nfc_id ON nodes (nfc_id)
2025-06-17 11:29:08,721 INFO sqlalchemy.engine.Engine [no key 0.00082s] {}
2025-06-17 11:29:08,737 INFO sqlalchemy.engine.Engine 
CREATE TABLE bookings (
	id SERIAL NOT NULL, 
	room_id INTEGER NOT NULL, 
	user_id INTEGER NOT NULL, 
	start_time TIMESTAMP WITHOUT TIME ZONE NOT NULL, 
	end_time TIMESTAMP WITHOUT TIME ZONE NOT NULL, 
	status VARCHAR NOT NULL, 
	notes VARCHAR, 
	created_at TIMESTAMP WITHOUT TIME ZONE NOT NULL, 
	updated_at TIMESTAMP WITHOUT TIME ZONE NOT NULL, 
	PRIMARY KEY (id), 
	FOREIGN KEY(room_id) REFERENCES rooms (id), 
	FOREIGN KEY(user_id) REFERENCES "user" (id)
)


2025-06-17 11:29:08,738 INFO sqlalchemy.engine.Engine [no key 0.00091s] {}
2025-06-17 11:29:08,779 INFO sqlalchemy.engine.Engine 
CREATE TABLE documents (
	id SERIAL NOT NULL, 
	created_at TIMESTAMP WITHOUT TIME ZONE NOT NULL, 
	updated_at TIMESTAMP WITHOUT TIME ZONE NOT NULL, 
	owner_id INTEGER NOT NULL, 
	name VARCHAR NOT NULL, 
	type VARCHAR NOT NULL, 
	size INTEGER NOT NULL, 
	upload_date TIMESTAMP WITHOUT TIME ZONE NOT NULL, 
	path VARCHAR NOT NULL, 
	checksum VARCHAR NOT NULL, 
	house_id INTEGER, 
	node_id INTEGER, 
	description VARCHAR, 
	PRIMARY KEY (id), 
	FOREIGN KEY(owner_id) REFERENCES "user" (id), 
	FOREIGN KEY(house_id) REFERENCES houses (id), 
	FOREIGN KEY(node_id) REFERENCES nodes (id)
)


2025-06-17 11:29:08,783 INFO sqlalchemy.engine.Engine [no key 0.00319s] {}
2025-06-17 11:29:08,822 INFO sqlalchemy.engine.Engine CREATE INDEX ix_documents_owner_id ON documents (owner_id)
2025-06-17 11:29:08,823 INFO sqlalchemy.engine.Engine [no key 0.00103s] {}
2025-06-17 11:29:08,838 INFO sqlalchemy.engine.Engine 
CREATE TABLE document_versions (
	id SERIAL NOT NULL, 
	version_number INTEGER NOT NULL, 
	file_path VARCHAR NOT NULL, 
	file_size INTEGER NOT NULL, 
	checksum VARCHAR NOT NULL, 
	created_at TIMESTAMP WITHOUT TIME ZONE NOT NULL, 
	updated_at TIMESTAMP WITHOUT TIME ZONE NOT NULL, 
	document_id INTEGER NOT NULL, 
	created_by_id INTEGER, 
	PRIMARY KEY (id), 
	FOREIGN KEY(document_id) REFERENCES documents (id), 
	FOREIGN KEY(created_by_id) REFERENCES "user" (id)
)


2025-06-17 11:29:08,840 INFO sqlalchemy.engine.Engine [no key 0.00122s] {}
2025-06-17 11:29:08,890 INFO sqlalchemy.engine.Engine CREATE INDEX ix_document_versions_version_number ON document_versions (version_number)
2025-06-17 11:29:08,893 INFO sqlalchemy.engine.Engine [no key 0.00349s] {}
2025-06-17 11:29:08,906 INFO sqlalchemy.engine.Engine CREATE INDEX ix_document_versions_created_by_id ON document_versions (created_by_id)
2025-06-17 11:29:08,906 INFO sqlalchemy.engine.Engine [no key 0.00087s] {}
2025-06-17 11:29:08,922 INFO sqlalchemy.engine.Engine CREATE INDEX ix_document_versions_document_id ON document_versions (document_id)
2025-06-17 11:29:08,922 INFO sqlalchemy.engine.Engine [no key 0.00066s] {}
2025-06-17 11:29:08,938 INFO sqlalchemy.engine.Engine 
CREATE TABLE maintenance_records (
	id SERIAL NOT NULL, 
	node_id INTEGER NOT NULL, 
	timestamp TIMESTAMP WITHOUT TIME ZONE NOT NULL, 
	maintenance_type maintenancetype NOT NULL, 
	description VARCHAR NOT NULL, 
	status maintenancestatus NOT NULL, 
	notes VARCHAR, 
	document_id INTEGER, 
	PRIMARY KEY (id), 
	FOREIGN KEY(node_id) REFERENCES nodes (id), 
	FOREIGN KEY(document_id) REFERENCES documents (id)
)


2025-06-17 11:29:08,939 INFO sqlalchemy.engine.Engine [no key 0.00117s] {}
2025-06-17 11:29:08,984 INFO sqlalchemy.engine.Engine CREATE INDEX ix_maintenance_records_node_id ON maintenance_records (node_id)
2025-06-17 11:29:08,988 INFO sqlalchemy.engine.Engine [no key 0.00485s] {}
2025-06-17 11:29:08,998 INFO sqlalchemy.engine.Engine COMMIT
---------------------------- Captured stderr setup ----------------------------
DEBUG:test_users:Setting up test database session...
INFO:sqlalchemy.engine.Engine:select pg_catalog.version()
INFO:sqlalchemy.engine.Engine:[raw sql] {}
INFO:sqlalchemy.engine.Engine:select current_schema()
INFO:sqlalchemy.engine.Engine:[raw sql] {}
INFO:sqlalchemy.engine.Engine:show standard_conforming_strings
INFO:sqlalchemy.engine.Engine:[raw sql] {}
INFO:sqlalchemy.engine.Engine:BEGIN (implicit)
INFO:sqlalchemy.engine.Engine:SELECT pg_catalog.pg_class.relname 
FROM pg_catalog.pg_class JOIN pg_catalog.pg_namespace ON pg_catalog.pg_namespace.oid = pg_catalog.pg_class.relnamespace 
WHERE pg_catalog.pg_class.relname = %(table_name)s AND pg_catalog.pg_class.relkind = ANY (ARRAY[%(param_1)s, %(param_2)s, %(param_3)s, %(param_4)s, %(param_5)s]) AND pg_catalog.pg_table_is_visible(pg_catalog.pg_class.oid) AND pg_catalog.pg_namespace.nspname != %(nspname_1)s
INFO:sqlalchemy.engine.Engine:[generated in 0.00113s] {'table_name': 'user', 'param_1': 'r', 'param_2': 'p', 'param_3': 'f', 'param_4': 'v', 'param_5': 'm', 'nspname_1': 'pg_catalog'}
DEBUG:app.db.session:Query eseguita in 0.02 secondi: SELECT pg_catalog.pg_class.relname 
FROM pg_catalog.pg_class JOIN pg_catalog.pg_namespace ON pg_catalog.pg_namespace.oid = pg_catalog.pg_class.relnamespace 
WHERE pg_catalog.pg_class.relname = %(table_name)s AND pg_catalog.pg_class.relkind = ANY (ARRAY[%(param_1)s, %(param_2)s, %(param_3)s, %(param_4)s, %(param_5)s]) AND pg_catalog.pg_table_is_visible(pg_catalog.pg_class.oid) AND pg_catalog.pg_namespace.nspname != %(nspname_1)s
INFO:sqlalchemy.engine.Engine:SELECT pg_catalog.pg_class.relname 
FROM pg_catalog.pg_class JOIN pg_catalog.pg_namespace ON pg_catalog.pg_namespace.oid = pg_catalog.pg_class.relnamespace 
WHERE pg_catalog.pg_class.relname = %(table_name)s AND pg_catalog.pg_class.relkind = ANY (ARRAY[%(param_1)s, %(param_2)s, %(param_3)s, %(param_4)s, %(param_5)s]) AND pg_catalog.pg_table_is_visible(pg_catalog.pg_class.oid) AND pg_catalog.pg_namespace.nspname != %(nspname_1)s
INFO:sqlalchemy.engine.Engine:[cached since 0.0182s ago] {'table_name': 'documents', 'param_1': 'r', 'param_2': 'p', 'param_3': 'f', 'param_4': 'v', 'param_5': 'm', 'nspname_1': 'pg_catalog'}
DEBUG:app.db.session:Query eseguita in 0.01 secondi: SELECT pg_catalog.pg_class.relname 
FROM pg_catalog.pg_class JOIN pg_catalog.pg_namespace ON pg_catalog.pg_namespace.oid = pg_catalog.pg_class.relnamespace 
WHERE pg_catalog.pg_class.relname = %(table_name)s AND pg_catalog.pg_class.relkind = ANY (ARRAY[%(param_1)s, %(param_2)s, %(param_3)s, %(param_4)s, %(param_5)s]) AND pg_catalog.pg_table_is_visible(pg_catalog.pg_class.oid) AND pg_catalog.pg_namespace.nspname != %(nspname_1)s
INFO:sqlalchemy.engine.Engine:SELECT pg_catalog.pg_class.relname 
FROM pg_catalog.pg_class JOIN pg_catalog.pg_namespace ON pg_catalog.pg_namespace.oid = pg_catalog.pg_class.relnamespace 
WHERE pg_catalog.pg_class.relname = %(table_name)s AND pg_catalog.pg_class.relkind = ANY (ARRAY[%(param_1)s, %(param_2)s, %(param_3)s, %(param_4)s, %(param_5)s]) AND pg_catalog.pg_table_is_visible(pg_catalog.pg_class.oid) AND pg_catalog.pg_namespace.nspname != %(nspname_1)s
INFO:sqlalchemy.engine.Engine:[cached since 0.02899s ago] {'table_name': 'document_versions', 'param_1': 'r', 'param_2': 'p', 'param_3': 'f', 'param_4': 'v', 'param_5': 'm', 'nspname_1': 'pg_catalog'}
DEBUG:app.db.session:Query eseguita in 0.01 secondi: SELECT pg_catalog.pg_class.relname 
FROM pg_catalog.pg_class JOIN pg_catalog.pg_namespace ON pg_catalog.pg_namespace.oid = pg_catalog.pg_class.relnamespace 
WHERE pg_catalog.pg_class.relname = %(table_name)s AND pg_catalog.pg_class.relkind = ANY (ARRAY[%(param_1)s, %(param_2)s, %(param_3)s, %(param_4)s, %(param_5)s]) AND pg_catalog.pg_table_is_visible(pg_catalog.pg_class.oid) AND pg_catalog.pg_namespace.nspname != %(nspname_1)s
INFO:sqlalchemy.engine.Engine:SELECT pg_catalog.pg_class.relname 
FROM pg_catalog.pg_class JOIN pg_catalog.pg_namespace ON pg_catalog.pg_namespace.oid = pg_catalog.pg_class.relnamespace 
WHERE pg_catalog.pg_class.relname = %(table_name)s AND pg_catalog.pg_class.relkind = ANY (ARRAY[%(param_1)s, %(param_2)s, %(param_3)s, %(param_4)s, %(param_5)s]) AND pg_catalog.pg_table_is_visible(pg_catalog.pg_class.oid) AND pg_catalog.pg_namespace.nspname != %(nspname_1)s
INFO:sqlalchemy.engine.Engine:[cached since 0.03615s ago] {'table_name': 'houses', 'param_1': 'r', 'param_2': 'p', 'param_3': 'f', 'param_4': 'v', 'param_5': 'm', 'nspname_1': 'pg_catalog'}
DEBUG:app.db.session:Query eseguita in 0.01 secondi: SELECT pg_catalog.pg_class.relname 
FROM pg_catalog.pg_class JOIN pg_catalog.pg_namespace ON pg_catalog.pg_namespace.oid = pg_catalog.pg_class.relnamespace 
WHERE pg_catalog.pg_class.relname = %(table_name)s AND pg_catalog.pg_class.relkind = ANY (ARRAY[%(param_1)s, %(param_2)s, %(param_3)s, %(param_4)s, %(param_5)s]) AND pg_catalog.pg_table_is_visible(pg_catalog.pg_class.oid) AND pg_catalog.pg_namespace.nspname != %(nspname_1)s
INFO:sqlalchemy.engine.Engine:SELECT pg_catalog.pg_class.relname 
FROM pg_catalog.pg_class JOIN pg_catalog.pg_namespace ON pg_catalog.pg_namespace.oid = pg_catalog.pg_class.relnamespace 
WHERE pg_catalog.pg_class.relname = %(table_name)s AND pg_catalog.pg_class.relkind = ANY (ARRAY[%(param_1)s, %(param_2)s, %(param_3)s, %(param_4)s, %(param_5)s]) AND pg_catalog.pg_table_is_visible(pg_catalog.pg_class.oid) AND pg_catalog.pg_namespace.nspname != %(nspname_1)s
INFO:sqlalchemy.engine.Engine:[cached since 0.04916s ago] {'table_name': 'nodes', 'param_1': 'r', 'param_2': 'p', 'param_3': 'f', 'param_4': 'v', 'param_5': 'm', 'nspname_1': 'pg_catalog'}
DEBUG:app.db.session:Query eseguita in 0.01 secondi: SELECT pg_catalog.pg_class.relname 
FROM pg_catalog.pg_class JOIN pg_catalog.pg_namespace ON pg_catalog.pg_namespace.oid = pg_catalog.pg_class.relnamespace 
WHERE pg_catalog.pg_class.relname = %(table_name)s AND pg_catalog.pg_class.relkind = ANY (ARRAY[%(param_1)s, %(param_2)s, %(param_3)s, %(param_4)s, %(param_5)s]) AND pg_catalog.pg_table_is_visible(pg_catalog.pg_class.oid) AND pg_catalog.pg_namespace.nspname != %(nspname_1)s
INFO:sqlalchemy.engine.Engine:SELECT pg_catalog.pg_class.relname 
FROM pg_catalog.pg_class JOIN pg_catalog.pg_namespace ON pg_catalog.pg_namespace.oid = pg_catalog.pg_class.relnamespace 
WHERE pg_catalog.pg_class.relname = %(table_name)s AND pg_catalog.pg_class.relkind = ANY (ARRAY[%(param_1)s, %(param_2)s, %(param_3)s, %(param_4)s, %(param_5)s]) AND pg_catalog.pg_table_is_visible(pg_catalog.pg_class.oid) AND pg_catalog.pg_namespace.nspname != %(nspname_1)s
INFO:sqlalchemy.engine.Engine:[cached since 0.05768s ago] {'table_name': 'rooms', 'param_1': 'r', 'param_2': 'p', 'param_3': 'f', 'param_4': 'v', 'param_5': 'm', 'nspname_1': 'pg_catalog'}
DEBUG:app.db.session:Query eseguita in 0.01 secondi: SELECT pg_catalog.pg_class.relname 
FROM pg_catalog.pg_class JOIN pg_catalog.pg_namespace ON pg_catalog.pg_namespace.oid = pg_catalog.pg_class.relnamespace 
WHERE pg_catalog.pg_class.relname = %(table_name)s AND pg_catalog.pg_class.relkind = ANY (ARRAY[%(param_1)s, %(param_2)s, %(param_3)s, %(param_4)s, %(param_5)s]) AND pg_catalog.pg_table_is_visible(pg_catalog.pg_class.oid) AND pg_catalog.pg_namespace.nspname != %(nspname_1)s
INFO:sqlalchemy.engine.Engine:SELECT pg_catalog.pg_class.relname 
FROM pg_catalog.pg_class JOIN pg_catalog.pg_namespace ON pg_catalog.pg_namespace.oid = pg_catalog.pg_class.relnamespace 
WHERE pg_catalog.pg_class.relname = %(table_name)s AND pg_catalog.pg_class.relkind = ANY (ARRAY[%(param_1)s, %(param_2)s, %(param_3)s, %(param_4)s, %(param_5)s]) AND pg_catalog.pg_table_is_visible(pg_catalog.pg_class.oid) AND pg_catalog.pg_namespace.nspname != %(nspname_1)s
INFO:sqlalchemy.engine.Engine:[cached since 0.06722s ago] {'table_name': 'bookings', 'param_1': 'r', 'param_2': 'p', 'param_3': 'f', 'param_4': 'v', 'param_5': 'm', 'nspname_1': 'pg_catalog'}
DEBUG:app.db.session:Query eseguita in 0.00 secondi: SELECT pg_catalog.pg_class.relname 
FROM pg_catalog.pg_class JOIN pg_catalog.pg_namespace ON pg_catalog.pg_namespace.oid = pg_catalog.pg_class.relnamespace 
WHERE pg_catalog.pg_class.relname = %(table_name)s AND pg_catalog.pg_class.relkind = ANY (ARRAY[%(param_1)s, %(param_2)s, %(param_3)s, %(param_4)s, %(param_5)s]) AND pg_catalog.pg_table_is_visible(pg_catalog.pg_class.oid) AND pg_catalog.pg_namespace.nspname != %(nspname_1)s
INFO:sqlalchemy.engine.Engine:SELECT pg_catalog.pg_class.relname 
FROM pg_catalog.pg_class JOIN pg_catalog.pg_namespace ON pg_catalog.pg_namespace.oid = pg_catalog.pg_class.relnamespace 
WHERE pg_catalog.pg_class.relname = %(table_name)s AND pg_catalog.pg_class.relkind = ANY (ARRAY[%(param_1)s, %(param_2)s, %(param_3)s, %(param_4)s, %(param_5)s]) AND pg_catalog.pg_table_is_visible(pg_catalog.pg_class.oid) AND pg_catalog.pg_namespace.nspname != %(nspname_1)s
INFO:sqlalchemy.engine.Engine:[cached since 0.076s ago] {'table_name': 'maintenance_records', 'param_1': 'r', 'param_2': 'p', 'param_3': 'f', 'param_4': 'v', 'param_5': 'm', 'nspname_1': 'pg_catalog'}
DEBUG:app.db.session:Query eseguita in 0.01 secondi: SELECT pg_catalog.pg_class.relname 
FROM pg_catalog.pg_class JOIN pg_catalog.pg_namespace ON pg_catalog.pg_namespace.oid = pg_catalog.pg_class.relnamespace 
WHERE pg_catalog.pg_class.relname = %(table_name)s AND pg_catalog.pg_class.relkind = ANY (ARRAY[%(param_1)s, %(param_2)s, %(param_3)s, %(param_4)s, %(param_5)s]) AND pg_catalog.pg_table_is_visible(pg_catalog.pg_class.oid) AND pg_catalog.pg_namespace.nspname != %(nspname_1)s
INFO:sqlalchemy.engine.Engine:SELECT pg_catalog.pg_type.typname 
FROM pg_catalog.pg_type JOIN pg_catalog.pg_namespace ON pg_catalog.pg_namespace.oid = pg_catalog.pg_type.typnamespace 
WHERE pg_catalog.pg_type.typname = %(typname_1)s AND pg_catalog.pg_type_is_visible(pg_catalog.pg_type.oid) AND pg_catalog.pg_namespace.nspname != %(nspname_1)s
INFO:sqlalchemy.engine.Engine:[generated in 0.00247s] {'typname_1': 'maintenancetype', 'nspname_1': 'pg_catalog'}
DEBUG:app.db.session:Query eseguita in 0.00 secondi: SELECT pg_catalog.pg_type.typname 
FROM pg_catalog.pg_type JOIN pg_catalog.pg_namespace ON pg_catalog.pg_namespace.oid = pg_catalog.pg_type.typnamespace 
WHERE pg_catalog.pg_type.typname = %(typname_1)s AND pg_catalog.pg_type_is_visible(pg_catalog.pg_type.oid) AND pg_catalog.pg_namespace.nspname != %(nspname_1)s
INFO:sqlalchemy.engine.Engine:CREATE TYPE maintenancetype AS ENUM ('ROUTINE', 'PREVENTIVE', 'CORRECTIVE', 'EMERGENCY', 'INSPECTION')
INFO:sqlalchemy.engine.Engine:[no key 0.00163s] {}
DEBUG:app.db.session:Query eseguita in 0.01 secondi: CREATE TYPE maintenancetype AS ENUM ('ROUTINE', 'PREVENTIVE', 'CORRECTIVE', 'EMERGENCY', 'INSPECTION')
INFO:sqlalchemy.engine.Engine:SELECT pg_catalog.pg_type.typname 
FROM pg_catalog.pg_type JOIN pg_catalog.pg_namespace ON pg_catalog.pg_namespace.oid = pg_catalog.pg_type.typnamespace 
WHERE pg_catalog.pg_type.typname = %(typname_1)s AND pg_catalog.pg_type_is_visible(pg_catalog.pg_type.oid) AND pg_catalog.pg_namespace.nspname != %(nspname_1)s
INFO:sqlalchemy.engine.Engine:[cached since 0.02676s ago] {'typname_1': 'maintenancestatus', 'nspname_1': 'pg_catalog'}
DEBUG:app.db.session:Query eseguita in 0.01 secondi: SELECT pg_catalog.pg_type.typname 
FROM pg_catalog.pg_type JOIN pg_catalog.pg_namespace ON pg_catalog.pg_namespace.oid = pg_catalog.pg_type.typnamespace 
WHERE pg_catalog.pg_type.typname = %(typname_1)s AND pg_catalog.pg_type_is_visible(pg_catalog.pg_type.oid) AND pg_catalog.pg_namespace.nspname != %(nspname_1)s
INFO:sqlalchemy.engine.Engine:CREATE TYPE maintenancestatus AS ENUM ('PENDING', 'COMPLETED', 'FAILED')
INFO:sqlalchemy.engine.Engine:[no key 0.00078s] {}
DEBUG:app.db.session:Query eseguita in 0.00 secondi: CREATE TYPE maintenancestatus AS ENUM ('PENDING', 'COMPLETED', 'FAILED')
INFO:sqlalchemy.engine.Engine:
CREATE TABLE "user" (
	id SERIAL NOT NULL, 
	email VARCHAR NOT NULL, 
	username VARCHAR NOT NULL, 
	hashed_password VARCHAR NOT NULL, 
	is_active BOOLEAN NOT NULL, 
	is_superuser BOOLEAN NOT NULL, 
	is_verified BOOLEAN NOT NULL, 
	created_at TIMESTAMP WITHOUT TIME ZONE NOT NULL, 
	updated_at TIMESTAMP WITHOUT TIME ZONE NOT NULL, 
	last_login TIMESTAMP WITH TIME ZONE, 
	full_name VARCHAR(255), 
	phone_number VARCHAR(20), 
	PRIMARY KEY (id)
)


INFO:sqlalchemy.engine.Engine:[no key 0.00093s] {}
DEBUG:app.db.session:Query eseguita in 0.04 secondi: 
CREATE TABLE "user" (
	id SERIAL NOT NULL, 
	email VARCHAR NOT NULL, 
	username VARCHAR NOT NULL, 
	hashed_password VARCHAR NOT NULL, 
	is_active BOOLEAN NOT NULL, 
	is_superuser BOOLEAN NOT NULL, 
	is_verified BOOLEAN NOT NULL, 
	created_at TIMESTAMP WITHOUT TIME ZONE NOT NULL, 
	updated_at TIMESTAMP WITHOUT TIME ZONE NOT NULL, 
	last_login TIMESTAMP WITH TIME ZONE, 
	full_name VARCHAR(255), 
	phone_number VARCHAR(20), 
	PRIMARY KEY (id)
)


INFO:sqlalchemy.engine.Engine:CREATE UNIQUE INDEX ix_user_email ON "user" (email)
INFO:sqlalchemy.engine.Engine:[no key 0.00123s] {}
DEBUG:app.db.session:Query eseguita in 0.01 secondi: CREATE UNIQUE INDEX ix_user_email ON "user" (email)
INFO:sqlalchemy.engine.Engine:CREATE UNIQUE INDEX ix_user_username ON "user" (username)
INFO:sqlalchemy.engine.Engine:[no key 0.00154s] {}
DEBUG:app.db.session:Query eseguita in 0.01 secondi: CREATE UNIQUE INDEX ix_user_username ON "user" (username)
INFO:sqlalchemy.engine.Engine:
CREATE TABLE houses (
	id SERIAL NOT NULL, 
	name VARCHAR NOT NULL, 
	address VARCHAR NOT NULL, 
	owner_id INTEGER NOT NULL, 
	created_at TIMESTAMP WITHOUT TIME ZONE NOT NULL, 
	updated_at TIMESTAMP WITHOUT TIME ZONE NOT NULL, 
	PRIMARY KEY (id), 
	FOREIGN KEY(owner_id) REFERENCES "user" (id)
)


INFO:sqlalchemy.engine.Engine:[no key 0.00278s] {}
DEBUG:app.db.session:Query eseguita in 0.04 secondi: 
CREATE TABLE houses (
	id SERIAL NOT NULL, 
	name VARCHAR NOT NULL, 
	address VARCHAR NOT NULL, 
	owner_id INTEGER NOT NULL, 
	created_at TIMESTAMP WITHOUT TIME ZONE NOT NULL, 
	updated_at TIMESTAMP WITHOUT TIME ZONE NOT NULL, 
	PRIMARY KEY (id), 
	FOREIGN KEY(owner_id) REFERENCES "user" (id)
)


INFO:sqlalchemy.engine.Engine:CREATE INDEX ix_houses_name ON houses (name)
INFO:sqlalchemy.engine.Engine:[no key 0.00317s] {}
DEBUG:app.db.session:Query eseguita in 0.01 secondi: CREATE INDEX ix_houses_name ON houses (name)
INFO:sqlalchemy.engine.Engine:
CREATE TABLE rooms (
	id SERIAL NOT NULL, 
	name VARCHAR NOT NULL, 
	description VARCHAR, 
	floor INTEGER NOT NULL, 
	area FLOAT NOT NULL, 
	house_id INTEGER NOT NULL, 
	created_at TIMESTAMP WITHOUT TIME ZONE NOT NULL, 
	updated_at TIMESTAMP WITHOUT TIME ZONE NOT NULL, 
	PRIMARY KEY (id), 
	FOREIGN KEY(house_id) REFERENCES houses (id)
)


INFO:sqlalchemy.engine.Engine:[no key 0.00293s] {}
DEBUG:app.db.session:Query eseguita in 0.03 secondi: 
CREATE TABLE rooms (
	id SERIAL NOT NULL, 
	name VARCHAR NOT NULL, 
	description VARCHAR, 
	floor INTEGER NOT NULL, 
	area FLOAT NOT NULL, 
	house_id INTEGER NOT NULL, 
	created_at TIMESTAMP WITHOUT TIME ZONE NOT NULL, 
	updated_at TIMESTAMP WITHOUT TIME ZONE NOT NULL, 
	PRIMARY KEY (id), 
	FOREIGN KEY(house_id) REFERENCES houses (id)
)


INFO:sqlalchemy.engine.Engine:CREATE INDEX ix_rooms_name ON rooms (name)
INFO:sqlalchemy.engine.Engine:[no key 0.00174s] {}
DEBUG:app.db.session:Query eseguita in 0.01 secondi: CREATE INDEX ix_rooms_name ON rooms (name)
INFO:sqlalchemy.engine.Engine:
CREATE TABLE nodes (
	id SERIAL NOT NULL, 
	name VARCHAR NOT NULL, 
	description VARCHAR, 
	nfc_id VARCHAR NOT NULL, 
	house_id INTEGER NOT NULL, 
	room_id INTEGER, 
	PRIMARY KEY (id), 
	FOREIGN KEY(house_id) REFERENCES houses (id), 
	FOREIGN KEY(room_id) REFERENCES rooms (id)
)


INFO:sqlalchemy.engine.Engine:[no key 0.00304s] {}
DEBUG:app.db.session:Query eseguita in 0.04 secondi: 
CREATE TABLE nodes (
	id SERIAL NOT NULL, 
	name VARCHAR NOT NULL, 
	description VARCHAR, 
	nfc_id VARCHAR NOT NULL, 
	house_id INTEGER NOT NULL, 
	room_id INTEGER, 
	PRIMARY KEY (id), 
	FOREIGN KEY(house_id) REFERENCES houses (id), 
	FOREIGN KEY(room_id) REFERENCES rooms (id)
)


INFO:sqlalchemy.engine.Engine:CREATE UNIQUE INDEX ix_nodes_nfc_id ON nodes (nfc_id)
INFO:sqlalchemy.engine.Engine:[no key 0.00082s] {}
DEBUG:app.db.session:Query eseguita in 0.01 secondi: CREATE UNIQUE INDEX ix_nodes_nfc_id ON nodes (nfc_id)
INFO:sqlalchemy.engine.Engine:
CREATE TABLE bookings (
	id SERIAL NOT NULL, 
	room_id INTEGER NOT NULL, 
	user_id INTEGER NOT NULL, 
	start_time TIMESTAMP WITHOUT TIME ZONE NOT NULL, 
	end_time TIMESTAMP WITHOUT TIME ZONE NOT NULL, 
	status VARCHAR NOT NULL, 
	notes VARCHAR, 
	created_at TIMESTAMP WITHOUT TIME ZONE NOT NULL, 
	updated_at TIMESTAMP WITHOUT TIME ZONE NOT NULL, 
	PRIMARY KEY (id), 
	FOREIGN KEY(room_id) REFERENCES rooms (id), 
	FOREIGN KEY(user_id) REFERENCES "user" (id)
)


INFO:sqlalchemy.engine.Engine:[no key 0.00091s] {}
DEBUG:app.db.session:Query eseguita in 0.04 secondi: 
CREATE TABLE bookings (
	id SERIAL NOT NULL, 
	room_id INTEGER NOT NULL, 
	user_id INTEGER NOT NULL, 
	start_time TIMESTAMP WITHOUT TIME ZONE NOT NULL, 
	end_time TIMESTAMP WITHOUT TIME ZONE NOT NULL, 
	status VARCHAR NOT NULL, 
	notes VARCHAR, 
	created_at TIMESTAMP WITHOUT TIME ZONE NOT NULL, 
	updated_at TIMESTAMP WITHOUT TIME ZONE NOT NULL, 
	PRIMARY KEY (id), 
	FOREIGN KEY(room_id) REFERENCES rooms (id), 
	FOREIGN KEY(user_id) REFERENCES "user" (id)
)


INFO:sqlalchemy.engine.Engine:
CREATE TABLE documents (
	id SERIAL NOT NULL, 
	created_at TIMESTAMP WITHOUT TIME ZONE NOT NULL, 
	updated_at TIMESTAMP WITHOUT TIME ZONE NOT NULL, 
	owner_id INTEGER NOT NULL, 
	name VARCHAR NOT NULL, 
	type VARCHAR NOT NULL, 
	size INTEGER NOT NULL, 
	upload_date TIMESTAMP WITHOUT TIME ZONE NOT NULL, 
	path VARCHAR NOT NULL, 
	checksum VARCHAR NOT NULL, 
	house_id INTEGER, 
	node_id INTEGER, 
	description VARCHAR, 
	PRIMARY KEY (id), 
	FOREIGN KEY(owner_id) REFERENCES "user" (id), 
	FOREIGN KEY(house_id) REFERENCES houses (id), 
	FOREIGN KEY(node_id) REFERENCES nodes (id)
)


INFO:sqlalchemy.engine.Engine:[no key 0.00319s] {}
DEBUG:app.db.session:Query eseguita in 0.04 secondi: 
CREATE TABLE documents (
	id SERIAL NOT NULL, 
	created_at TIMESTAMP WITHOUT TIME ZONE NOT NULL, 
	updated_at TIMESTAMP WITHOUT TIME ZONE NOT NULL, 
	owner_id INTEGER NOT NULL, 
	name VARCHAR NOT NULL, 
	type VARCHAR NOT NULL, 
	size INTEGER NOT NULL, 
	upload_date TIMESTAMP WITHOUT TIME ZONE NOT NULL, 
	path VARCHAR NOT NULL, 
	checksum VARCHAR NOT NULL, 
	house_id INTEGER, 
	node_id INTEGER, 
	description VARCHAR, 
	PRIMARY KEY (id), 
	FOREIGN KEY(owner_id) REFERENCES "user" (id), 
	FOREIGN KEY(house_id) REFERENCES houses (id), 
	FOREIGN KEY(node_id) REFERENCES nodes (id)
)


INFO:sqlalchemy.engine.Engine:CREATE INDEX ix_documents_owner_id ON documents (owner_id)
INFO:sqlalchemy.engine.Engine:[no key 0.00103s] {}
DEBUG:app.db.session:Query eseguita in 0.01 secondi: CREATE INDEX ix_documents_owner_id ON documents (owner_id)
INFO:sqlalchemy.engine.Engine:
CREATE TABLE document_versions (
	id SERIAL NOT NULL, 
	version_number INTEGER NOT NULL, 
	file_path VARCHAR NOT NULL, 
	file_size INTEGER NOT NULL, 
	checksum VARCHAR NOT NULL, 
	created_at TIMESTAMP WITHOUT TIME ZONE NOT NULL, 
	updated_at TIMESTAMP WITHOUT TIME ZONE NOT NULL, 
	document_id INTEGER NOT NULL, 
	created_by_id INTEGER, 
	PRIMARY KEY (id), 
	FOREIGN KEY(document_id) REFERENCES documents (id), 
	FOREIGN KEY(created_by_id) REFERENCES "user" (id)
)


INFO:sqlalchemy.engine.Engine:[no key 0.00122s] {}
DEBUG:app.db.session:Query eseguita in 0.05 secondi: 
CREATE TABLE document_versions (
	id SERIAL NOT NULL, 
	version_number INTEGER NOT NULL, 
	file_path VARCHAR NOT NULL, 
	file_size INTEGER NOT NULL, 
	checksum VARCHAR NOT NULL, 
	created_at TIMESTAMP WITHOUT TIME ZONE NOT NULL, 
	updated_at TIMESTAMP WITHOUT TIME ZONE NOT NULL, 
	document_id INTEGER NOT NULL, 
	created_by_id INTEGER, 
	PRIMARY KEY (id), 
	FOREIGN KEY(document_id) REFERENCES documents (id), 
	FOREIGN KEY(created_by_id) REFERENCES "user" (id)
)


INFO:sqlalchemy.engine.Engine:CREATE INDEX ix_document_versions_version_number ON document_versions (version_number)
INFO:sqlalchemy.engine.Engine:[no key 0.00349s] {}
DEBUG:app.db.session:Query eseguita in 0.01 secondi: CREATE INDEX ix_document_versions_version_number ON document_versions (version_number)
INFO:sqlalchemy.engine.Engine:CREATE INDEX ix_document_versions_created_by_id ON document_versions (created_by_id)
INFO:sqlalchemy.engine.Engine:[no key 0.00087s] {}
DEBUG:app.db.session:Query eseguita in 0.01 secondi: CREATE INDEX ix_document_versions_created_by_id ON document_versions (created_by_id)
INFO:sqlalchemy.engine.Engine:CREATE INDEX ix_document_versions_document_id ON document_versions (document_id)
INFO:sqlalchemy.engine.Engine:[no key 0.00066s] {}
DEBUG:app.db.session:Query eseguita in 0.01 secondi: CREATE INDEX ix_document_versions_document_id ON document_versions (document_id)
INFO:sqlalchemy.engine.Engine:
CREATE TABLE maintenance_records (
	id SERIAL NOT NULL, 
	node_id INTEGER NOT NULL, 
	timestamp TIMESTAMP WITHOUT TIME ZONE NOT NULL, 
	maintenance_type maintenancetype NOT NULL, 
	description VARCHAR NOT NULL, 
	status maintenancestatus NOT NULL, 
	notes VARCHAR, 
	document_id INTEGER, 
	PRIMARY KEY (id), 
	FOREIGN KEY(node_id) REFERENCES nodes (id), 
	FOREIGN KEY(document_id) REFERENCES documents (id)
)


INFO:sqlalchemy.engine.Engine:[no key 0.00117s] {}
DEBUG:app.db.session:Query eseguita in 0.04 secondi: 
CREATE TABLE maintenance_records (
	id SERIAL NOT NULL, 
	node_id INTEGER NOT NULL, 
	timestamp TIMESTAMP WITHOUT TIME ZONE NOT NULL, 
	maintenance_type maintenancetype NOT NULL, 
	description VARCHAR NOT NULL, 
	status maintenancestatus NOT NULL, 
	notes VARCHAR, 
	document_id INTEGER, 
	PRIMARY KEY (id), 
	FOREIGN KEY(node_id) REFERENCES nodes (id), 
	FOREIGN KEY(document_id) REFERENCES documents (id)
)


INFO:sqlalchemy.engine.Engine:CREATE INDEX ix_maintenance_records_node_id ON maintenance_records (node_id)
INFO:sqlalchemy.engine.Engine:[no key 0.00485s] {}
DEBUG:app.db.session:Query eseguita in 0.01 secondi: CREATE INDEX ix_maintenance_records_node_id ON maintenance_records (node_id)
INFO:sqlalchemy.engine.Engine:COMMIT
DEBUG:test_users:Test database tables created successfully
DEBUG:test_users:Test database session created successfully
DEBUG:conftest:Overriding get_session for tests...
DEBUG:tests.conftest_redis:Setting up FakeRedis for tests...
DEBUG:app.core.redis:Connessione Redis stabilita con successo
----------------------------- Captured log setup ------------------------------
DEBUG    test_users:test_users.py:38 Setting up test database session...
INFO     sqlalchemy.engine.Engine:base.py:1842 select pg_catalog.version()
INFO     sqlalchemy.engine.Engine:base.py:1842 [raw sql] {}
INFO     sqlalchemy.engine.Engine:base.py:1842 select current_schema()
INFO     sqlalchemy.engine.Engine:base.py:1842 [raw sql] {}
INFO     sqlalchemy.engine.Engine:base.py:1842 show standard_conforming_strings
INFO     sqlalchemy.engine.Engine:base.py:1842 [raw sql] {}
INFO     sqlalchemy.engine.Engine:base.py:2698 BEGIN (implicit)
INFO     sqlalchemy.engine.Engine:base.py:1842 SELECT pg_catalog.pg_class.relname 
FROM pg_catalog.pg_class JOIN pg_catalog.pg_namespace ON pg_catalog.pg_namespace.oid = pg_catalog.pg_class.relnamespace 
WHERE pg_catalog.pg_class.relname = %(table_name)s AND pg_catalog.pg_class.relkind = ANY (ARRAY[%(param_1)s, %(param_2)s, %(param_3)s, %(param_4)s, %(param_5)s]) AND pg_catalog.pg_table_is_visible(pg_catalog.pg_class.oid) AND pg_catalog.pg_namespace.nspname != %(nspname_1)s
INFO     sqlalchemy.engine.Engine:base.py:1842 [generated in 0.00113s] {'table_name': 'user', 'param_1': 'r', 'param_2': 'p', 'param_3': 'f', 'param_4': 'v', 'param_5': 'm', 'nspname_1': 'pg_catalog'}
DEBUG    app.db.session:session.py:30 Query eseguita in 0.02 secondi: SELECT pg_catalog.pg_class.relname 
FROM pg_catalog.pg_class JOIN pg_catalog.pg_namespace ON pg_catalog.pg_namespace.oid = pg_catalog.pg_class.relnamespace 
WHERE pg_catalog.pg_class.relname = %(table_name)s AND pg_catalog.pg_class.relkind = ANY (ARRAY[%(param_1)s, %(param_2)s, %(param_3)s, %(param_4)s, %(param_5)s]) AND pg_catalog.pg_table_is_visible(pg_catalog.pg_class.oid) AND pg_catalog.pg_namespace.nspname != %(nspname_1)s
INFO     sqlalchemy.engine.Engine:base.py:1842 SELECT pg_catalog.pg_class.relname 
FROM pg_catalog.pg_class JOIN pg_catalog.pg_namespace ON pg_catalog.pg_namespace.oid = pg_catalog.pg_class.relnamespace 
WHERE pg_catalog.pg_class.relname = %(table_name)s AND pg_catalog.pg_class.relkind = ANY (ARRAY[%(param_1)s, %(param_2)s, %(param_3)s, %(param_4)s, %(param_5)s]) AND pg_catalog.pg_table_is_visible(pg_catalog.pg_class.oid) AND pg_catalog.pg_namespace.nspname != %(nspname_1)s
INFO     sqlalchemy.engine.Engine:base.py:1842 [cached since 0.0182s ago] {'table_name': 'documents', 'param_1': 'r', 'param_2': 'p', 'param_3': 'f', 'param_4': 'v', 'param_5': 'm', 'nspname_1': 'pg_catalog'}
DEBUG    app.db.session:session.py:30 Query eseguita in 0.01 secondi: SELECT pg_catalog.pg_class.relname 
FROM pg_catalog.pg_class JOIN pg_catalog.pg_namespace ON pg_catalog.pg_namespace.oid = pg_catalog.pg_class.relnamespace 
WHERE pg_catalog.pg_class.relname = %(table_name)s AND pg_catalog.pg_class.relkind = ANY (ARRAY[%(param_1)s, %(param_2)s, %(param_3)s, %(param_4)s, %(param_5)s]) AND pg_catalog.pg_table_is_visible(pg_catalog.pg_class.oid) AND pg_catalog.pg_namespace.nspname != %(nspname_1)s
INFO     sqlalchemy.engine.Engine:base.py:1842 SELECT pg_catalog.pg_class.relname 
FROM pg_catalog.pg_class JOIN pg_catalog.pg_namespace ON pg_catalog.pg_namespace.oid = pg_catalog.pg_class.relnamespace 
WHERE pg_catalog.pg_class.relname = %(table_name)s AND pg_catalog.pg_class.relkind = ANY (ARRAY[%(param_1)s, %(param_2)s, %(param_3)s, %(param_4)s, %(param_5)s]) AND pg_catalog.pg_table_is_visible(pg_catalog.pg_class.oid) AND pg_catalog.pg_namespace.nspname != %(nspname_1)s
INFO     sqlalchemy.engine.Engine:base.py:1842 [cached since 0.02899s ago] {'table_name': 'document_versions', 'param_1': 'r', 'param_2': 'p', 'param_3': 'f', 'param_4': 'v', 'param_5': 'm', 'nspname_1': 'pg_catalog'}
DEBUG    app.db.session:session.py:30 Query eseguita in 0.01 secondi: SELECT pg_catalog.pg_class.relname 
FROM pg_catalog.pg_class JOIN pg_catalog.pg_namespace ON pg_catalog.pg_namespace.oid = pg_catalog.pg_class.relnamespace 
WHERE pg_catalog.pg_class.relname = %(table_name)s AND pg_catalog.pg_class.relkind = ANY (ARRAY[%(param_1)s, %(param_2)s, %(param_3)s, %(param_4)s, %(param_5)s]) AND pg_catalog.pg_table_is_visible(pg_catalog.pg_class.oid) AND pg_catalog.pg_namespace.nspname != %(nspname_1)s
INFO     sqlalchemy.engine.Engine:base.py:1842 SELECT pg_catalog.pg_class.relname 
FROM pg_catalog.pg_class JOIN pg_catalog.pg_namespace ON pg_catalog.pg_namespace.oid = pg_catalog.pg_class.relnamespace 
WHERE pg_catalog.pg_class.relname = %(table_name)s AND pg_catalog.pg_class.relkind = ANY (ARRAY[%(param_1)s, %(param_2)s, %(param_3)s, %(param_4)s, %(param_5)s]) AND pg_catalog.pg_table_is_visible(pg_catalog.pg_class.oid) AND pg_catalog.pg_namespace.nspname != %(nspname_1)s
INFO     sqlalchemy.engine.Engine:base.py:1842 [cached since 0.03615s ago] {'table_name': 'houses', 'param_1': 'r', 'param_2': 'p', 'param_3': 'f', 'param_4': 'v', 'param_5': 'm', 'nspname_1': 'pg_catalog'}
DEBUG    app.db.session:session.py:30 Query eseguita in 0.01 secondi: SELECT pg_catalog.pg_class.relname 
FROM pg_catalog.pg_class JOIN pg_catalog.pg_namespace ON pg_catalog.pg_namespace.oid = pg_catalog.pg_class.relnamespace 
WHERE pg_catalog.pg_class.relname = %(table_name)s AND pg_catalog.pg_class.relkind = ANY (ARRAY[%(param_1)s, %(param_2)s, %(param_3)s, %(param_4)s, %(param_5)s]) AND pg_catalog.pg_table_is_visible(pg_catalog.pg_class.oid) AND pg_catalog.pg_namespace.nspname != %(nspname_1)s
INFO     sqlalchemy.engine.Engine:base.py:1842 SELECT pg_catalog.pg_class.relname 
FROM pg_catalog.pg_class JOIN pg_catalog.pg_namespace ON pg_catalog.pg_namespace.oid = pg_catalog.pg_class.relnamespace 
WHERE pg_catalog.pg_class.relname = %(table_name)s AND pg_catalog.pg_class.relkind = ANY (ARRAY[%(param_1)s, %(param_2)s, %(param_3)s, %(param_4)s, %(param_5)s]) AND pg_catalog.pg_table_is_visible(pg_catalog.pg_class.oid) AND pg_catalog.pg_namespace.nspname != %(nspname_1)s
INFO     sqlalchemy.engine.Engine:base.py:1842 [cached since 0.04916s ago] {'table_name': 'nodes', 'param_1': 'r', 'param_2': 'p', 'param_3': 'f', 'param_4': 'v', 'param_5': 'm', 'nspname_1': 'pg_catalog'}
DEBUG    app.db.session:session.py:30 Query eseguita in 0.01 secondi: SELECT pg_catalog.pg_class.relname 
FROM pg_catalog.pg_class JOIN pg_catalog.pg_namespace ON pg_catalog.pg_namespace.oid = pg_catalog.pg_class.relnamespace 
WHERE pg_catalog.pg_class.relname = %(table_name)s AND pg_catalog.pg_class.relkind = ANY (ARRAY[%(param_1)s, %(param_2)s, %(param_3)s, %(param_4)s, %(param_5)s]) AND pg_catalog.pg_table_is_visible(pg_catalog.pg_class.oid) AND pg_catalog.pg_namespace.nspname != %(nspname_1)s
INFO     sqlalchemy.engine.Engine:base.py:1842 SELECT pg_catalog.pg_class.relname 
FROM pg_catalog.pg_class JOIN pg_catalog.pg_namespace ON pg_catalog.pg_namespace.oid = pg_catalog.pg_class.relnamespace 
WHERE pg_catalog.pg_class.relname = %(table_name)s AND pg_catalog.pg_class.relkind = ANY (ARRAY[%(param_1)s, %(param_2)s, %(param_3)s, %(param_4)s, %(param_5)s]) AND pg_catalog.pg_table_is_visible(pg_catalog.pg_class.oid) AND pg_catalog.pg_namespace.nspname != %(nspname_1)s
INFO     sqlalchemy.engine.Engine:base.py:1842 [cached since 0.05768s ago] {'table_name': 'rooms', 'param_1': 'r', 'param_2': 'p', 'param_3': 'f', 'param_4': 'v', 'param_5': 'm', 'nspname_1': 'pg_catalog'}
DEBUG    app.db.session:session.py:30 Query eseguita in 0.01 secondi: SELECT pg_catalog.pg_class.relname 
FROM pg_catalog.pg_class JOIN pg_catalog.pg_namespace ON pg_catalog.pg_namespace.oid = pg_catalog.pg_class.relnamespace 
WHERE pg_catalog.pg_class.relname = %(table_name)s AND pg_catalog.pg_class.relkind = ANY (ARRAY[%(param_1)s, %(param_2)s, %(param_3)s, %(param_4)s, %(param_5)s]) AND pg_catalog.pg_table_is_visible(pg_catalog.pg_class.oid) AND pg_catalog.pg_namespace.nspname != %(nspname_1)s
INFO     sqlalchemy.engine.Engine:base.py:1842 SELECT pg_catalog.pg_class.relname 
FROM pg_catalog.pg_class JOIN pg_catalog.pg_namespace ON pg_catalog.pg_namespace.oid = pg_catalog.pg_class.relnamespace 
WHERE pg_catalog.pg_class.relname = %(table_name)s AND pg_catalog.pg_class.relkind = ANY (ARRAY[%(param_1)s, %(param_2)s, %(param_3)s, %(param_4)s, %(param_5)s]) AND pg_catalog.pg_table_is_visible(pg_catalog.pg_class.oid) AND pg_catalog.pg_namespace.nspname != %(nspname_1)s
INFO     sqlalchemy.engine.Engine:base.py:1842 [cached since 0.06722s ago] {'table_name': 'bookings', 'param_1': 'r', 'param_2': 'p', 'param_3': 'f', 'param_4': 'v', 'param_5': 'm', 'nspname_1': 'pg_catalog'}
DEBUG    app.db.session:session.py:30 Query eseguita in 0.00 secondi: SELECT pg_catalog.pg_class.relname 
FROM pg_catalog.pg_class JOIN pg_catalog.pg_namespace ON pg_catalog.pg_namespace.oid = pg_catalog.pg_class.relnamespace 
WHERE pg_catalog.pg_class.relname = %(table_name)s AND pg_catalog.pg_class.relkind = ANY (ARRAY[%(param_1)s, %(param_2)s, %(param_3)s, %(param_4)s, %(param_5)s]) AND pg_catalog.pg_table_is_visible(pg_catalog.pg_class.oid) AND pg_catalog.pg_namespace.nspname != %(nspname_1)s
INFO     sqlalchemy.engine.Engine:base.py:1842 SELECT pg_catalog.pg_class.relname 
FROM pg_catalog.pg_class JOIN pg_catalog.pg_namespace ON pg_catalog.pg_namespace.oid = pg_catalog.pg_class.relnamespace 
WHERE pg_catalog.pg_class.relname = %(table_name)s AND pg_catalog.pg_class.relkind = ANY (ARRAY[%(param_1)s, %(param_2)s, %(param_3)s, %(param_4)s, %(param_5)s]) AND pg_catalog.pg_table_is_visible(pg_catalog.pg_class.oid) AND pg_catalog.pg_namespace.nspname != %(nspname_1)s
INFO     sqlalchemy.engine.Engine:base.py:1842 [cached since 0.076s ago] {'table_name': 'maintenance_records', 'param_1': 'r', 'param_2': 'p', 'param_3': 'f', 'param_4': 'v', 'param_5': 'm', 'nspname_1': 'pg_catalog'}
DEBUG    app.db.session:session.py:30 Query eseguita in 0.01 secondi: SELECT pg_catalog.pg_class.relname 
FROM pg_catalog.pg_class JOIN pg_catalog.pg_namespace ON pg_catalog.pg_namespace.oid = pg_catalog.pg_class.relnamespace 
WHERE pg_catalog.pg_class.relname = %(table_name)s AND pg_catalog.pg_class.relkind = ANY (ARRAY[%(param_1)s, %(param_2)s, %(param_3)s, %(param_4)s, %(param_5)s]) AND pg_catalog.pg_table_is_visible(pg_catalog.pg_class.oid) AND pg_catalog.pg_namespace.nspname != %(nspname_1)s
INFO     sqlalchemy.engine.Engine:base.py:1842 SELECT pg_catalog.pg_type.typname 
FROM pg_catalog.pg_type JOIN pg_catalog.pg_namespace ON pg_catalog.pg_namespace.oid = pg_catalog.pg_type.typnamespace 
WHERE pg_catalog.pg_type.typname = %(typname_1)s AND pg_catalog.pg_type_is_visible(pg_catalog.pg_type.oid) AND pg_catalog.pg_namespace.nspname != %(nspname_1)s
INFO     sqlalchemy.engine.Engine:base.py:1842 [generated in 0.00247s] {'typname_1': 'maintenancetype', 'nspname_1': 'pg_catalog'}
DEBUG    app.db.session:session.py:30 Query eseguita in 0.00 secondi: SELECT pg_catalog.pg_type.typname 
FROM pg_catalog.pg_type JOIN pg_catalog.pg_namespace ON pg_catalog.pg_namespace.oid = pg_catalog.pg_type.typnamespace 
WHERE pg_catalog.pg_type.typname = %(typname_1)s AND pg_catalog.pg_type_is_visible(pg_catalog.pg_type.oid) AND pg_catalog.pg_namespace.nspname != %(nspname_1)s
INFO     sqlalchemy.engine.Engine:base.py:1842 CREATE TYPE maintenancetype AS ENUM ('ROUTINE', 'PREVENTIVE', 'CORRECTIVE', 'EMERGENCY', 'INSPECTION')
INFO     sqlalchemy.engine.Engine:base.py:1842 [no key 0.00163s] {}
DEBUG    app.db.session:session.py:30 Query eseguita in 0.01 secondi: CREATE TYPE maintenancetype AS ENUM ('ROUTINE', 'PREVENTIVE', 'CORRECTIVE', 'EMERGENCY', 'INSPECTION')
INFO     sqlalchemy.engine.Engine:base.py:1842 SELECT pg_catalog.pg_type.typname 
FROM pg_catalog.pg_type JOIN pg_catalog.pg_namespace ON pg_catalog.pg_namespace.oid = pg_catalog.pg_type.typnamespace 
WHERE pg_catalog.pg_type.typname = %(typname_1)s AND pg_catalog.pg_type_is_visible(pg_catalog.pg_type.oid) AND pg_catalog.pg_namespace.nspname != %(nspname_1)s
INFO     sqlalchemy.engine.Engine:base.py:1842 [cached since 0.02676s ago] {'typname_1': 'maintenancestatus', 'nspname_1': 'pg_catalog'}
DEBUG    app.db.session:session.py:30 Query eseguita in 0.01 secondi: SELECT pg_catalog.pg_type.typname 
FROM pg_catalog.pg_type JOIN pg_catalog.pg_namespace ON pg_catalog.pg_namespace.oid = pg_catalog.pg_type.typnamespace 
WHERE pg_catalog.pg_type.typname = %(typname_1)s AND pg_catalog.pg_type_is_visible(pg_catalog.pg_type.oid) AND pg_catalog.pg_namespace.nspname != %(nspname_1)s
INFO     sqlalchemy.engine.Engine:base.py:1842 CREATE TYPE maintenancestatus AS ENUM ('PENDING', 'COMPLETED', 'FAILED')
INFO     sqlalchemy.engine.Engine:base.py:1842 [no key 0.00078s] {}
DEBUG    app.db.session:session.py:30 Query eseguita in 0.00 secondi: CREATE TYPE maintenancestatus AS ENUM ('PENDING', 'COMPLETED', 'FAILED')
INFO     sqlalchemy.engine.Engine:base.py:1842 
CREATE TABLE "user" (
	id SERIAL NOT NULL, 
	email VARCHAR NOT NULL, 
	username VARCHAR NOT NULL, 
	hashed_password VARCHAR NOT NULL, 
	is_active BOOLEAN NOT NULL, 
	is_superuser BOOLEAN NOT NULL, 
	is_verified BOOLEAN NOT NULL, 
	created_at TIMESTAMP WITHOUT TIME ZONE NOT NULL, 
	updated_at TIMESTAMP WITHOUT TIME ZONE NOT NULL, 
	last_login TIMESTAMP WITH TIME ZONE, 
	full_name VARCHAR(255), 
	phone_number VARCHAR(20), 
	PRIMARY KEY (id)
)


INFO     sqlalchemy.engine.Engine:base.py:1842 [no key 0.00093s] {}
DEBUG    app.db.session:session.py:30 Query eseguita in 0.04 secondi: 
CREATE TABLE "user" (
	id SERIAL NOT NULL, 
	email VARCHAR NOT NULL, 
	username VARCHAR NOT NULL, 
	hashed_password VARCHAR NOT NULL, 
	is_active BOOLEAN NOT NULL, 
	is_superuser BOOLEAN NOT NULL, 
	is_verified BOOLEAN NOT NULL, 
	created_at TIMESTAMP WITHOUT TIME ZONE NOT NULL, 
	updated_at TIMESTAMP WITHOUT TIME ZONE NOT NULL, 
	last_login TIMESTAMP WITH TIME ZONE, 
	full_name VARCHAR(255), 
	phone_number VARCHAR(20), 
	PRIMARY KEY (id)
)


INFO     sqlalchemy.engine.Engine:base.py:1842 CREATE UNIQUE INDEX ix_user_email ON "user" (email)
INFO     sqlalchemy.engine.Engine:base.py:1842 [no key 0.00123s] {}
DEBUG    app.db.session:session.py:30 Query eseguita in 0.01 secondi: CREATE UNIQUE INDEX ix_user_email ON "user" (email)
INFO     sqlalchemy.engine.Engine:base.py:1842 CREATE UNIQUE INDEX ix_user_username ON "user" (username)
INFO     sqlalchemy.engine.Engine:base.py:1842 [no key 0.00154s] {}
DEBUG    app.db.session:session.py:30 Query eseguita in 0.01 secondi: CREATE UNIQUE INDEX ix_user_username ON "user" (username)
INFO     sqlalchemy.engine.Engine:base.py:1842 
CREATE TABLE houses (
	id SERIAL NOT NULL, 
	name VARCHAR NOT NULL, 
	address VARCHAR NOT NULL, 
	owner_id INTEGER NOT NULL, 
	created_at TIMESTAMP WITHOUT TIME ZONE NOT NULL, 
	updated_at TIMESTAMP WITHOUT TIME ZONE NOT NULL, 
	PRIMARY KEY (id), 
	FOREIGN KEY(owner_id) REFERENCES "user" (id)
)


INFO     sqlalchemy.engine.Engine:base.py:1842 [no key 0.00278s] {}
DEBUG    app.db.session:session.py:30 Query eseguita in 0.04 secondi: 
CREATE TABLE houses (
	id SERIAL NOT NULL, 
	name VARCHAR NOT NULL, 
	address VARCHAR NOT NULL, 
	owner_id INTEGER NOT NULL, 
	created_at TIMESTAMP WITHOUT TIME ZONE NOT NULL, 
	updated_at TIMESTAMP WITHOUT TIME ZONE NOT NULL, 
	PRIMARY KEY (id), 
	FOREIGN KEY(owner_id) REFERENCES "user" (id)
)


INFO     sqlalchemy.engine.Engine:base.py:1842 CREATE INDEX ix_houses_name ON houses (name)
INFO     sqlalchemy.engine.Engine:base.py:1842 [no key 0.00317s] {}
DEBUG    app.db.session:session.py:30 Query eseguita in 0.01 secondi: CREATE INDEX ix_houses_name ON houses (name)
INFO     sqlalchemy.engine.Engine:base.py:1842 
CREATE TABLE rooms (
	id SERIAL NOT NULL, 
	name VARCHAR NOT NULL, 
	description VARCHAR, 
	floor INTEGER NOT NULL, 
	area FLOAT NOT NULL, 
	house_id INTEGER NOT NULL, 
	created_at TIMESTAMP WITHOUT TIME ZONE NOT NULL, 
	updated_at TIMESTAMP WITHOUT TIME ZONE NOT NULL, 
	PRIMARY KEY (id), 
	FOREIGN KEY(house_id) REFERENCES houses (id)
)


INFO     sqlalchemy.engine.Engine:base.py:1842 [no key 0.00293s] {}
DEBUG    app.db.session:session.py:30 Query eseguita in 0.03 secondi: 
CREATE TABLE rooms (
	id SERIAL NOT NULL, 
	name VARCHAR NOT NULL, 
	description VARCHAR, 
	floor INTEGER NOT NULL, 
	area FLOAT NOT NULL, 
	house_id INTEGER NOT NULL, 
	created_at TIMESTAMP WITHOUT TIME ZONE NOT NULL, 
	updated_at TIMESTAMP WITHOUT TIME ZONE NOT NULL, 
	PRIMARY KEY (id), 
	FOREIGN KEY(house_id) REFERENCES houses (id)
)


INFO     sqlalchemy.engine.Engine:base.py:1842 CREATE INDEX ix_rooms_name ON rooms (name)
INFO     sqlalchemy.engine.Engine:base.py:1842 [no key 0.00174s] {}
DEBUG    app.db.session:session.py:30 Query eseguita in 0.01 secondi: CREATE INDEX ix_rooms_name ON rooms (name)
INFO     sqlalchemy.engine.Engine:base.py:1842 
CREATE TABLE nodes (
	id SERIAL NOT NULL, 
	name VARCHAR NOT NULL, 
	description VARCHAR, 
	nfc_id VARCHAR NOT NULL, 
	house_id INTEGER NOT NULL, 
	room_id INTEGER, 
	PRIMARY KEY (id), 
	FOREIGN KEY(house_id) REFERENCES houses (id), 
	FOREIGN KEY(room_id) REFERENCES rooms (id)
)


INFO     sqlalchemy.engine.Engine:base.py:1842 [no key 0.00304s] {}
DEBUG    app.db.session:session.py:30 Query eseguita in 0.04 secondi: 
CREATE TABLE nodes (
	id SERIAL NOT NULL, 
	name VARCHAR NOT NULL, 
	description VARCHAR, 
	nfc_id VARCHAR NOT NULL, 
	house_id INTEGER NOT NULL, 
	room_id INTEGER, 
	PRIMARY KEY (id), 
	FOREIGN KEY(house_id) REFERENCES houses (id), 
	FOREIGN KEY(room_id) REFERENCES rooms (id)
)


INFO     sqlalchemy.engine.Engine:base.py:1842 CREATE UNIQUE INDEX ix_nodes_nfc_id ON nodes (nfc_id)
INFO     sqlalchemy.engine.Engine:base.py:1842 [no key 0.00082s] {}
DEBUG    app.db.session:session.py:30 Query eseguita in 0.01 secondi: CREATE UNIQUE INDEX ix_nodes_nfc_id ON nodes (nfc_id)
INFO     sqlalchemy.engine.Engine:base.py:1842 
CREATE TABLE bookings (
	id SERIAL NOT NULL, 
	room_id INTEGER NOT NULL, 
	user_id INTEGER NOT NULL, 
	start_time TIMESTAMP WITHOUT TIME ZONE NOT NULL, 
	end_time TIMESTAMP WITHOUT TIME ZONE NOT NULL, 
	status VARCHAR NOT NULL, 
	notes VARCHAR, 
	created_at TIMESTAMP WITHOUT TIME ZONE NOT NULL, 
	updated_at TIMESTAMP WITHOUT TIME ZONE NOT NULL, 
	PRIMARY KEY (id), 
	FOREIGN KEY(room_id) REFERENCES rooms (id), 
	FOREIGN KEY(user_id) REFERENCES "user" (id)
)


INFO     sqlalchemy.engine.Engine:base.py:1842 [no key 0.00091s] {}
DEBUG    app.db.session:session.py:30 Query eseguita in 0.04 secondi: 
CREATE TABLE bookings (
	id SERIAL NOT NULL, 
	room_id INTEGER NOT NULL, 
	user_id INTEGER NOT NULL, 
	start_time TIMESTAMP WITHOUT TIME ZONE NOT NULL, 
	end_time TIMESTAMP WITHOUT TIME ZONE NOT NULL, 
	status VARCHAR NOT NULL, 
	notes VARCHAR, 
	created_at TIMESTAMP WITHOUT TIME ZONE NOT NULL, 
	updated_at TIMESTAMP WITHOUT TIME ZONE NOT NULL, 
	PRIMARY KEY (id), 
	FOREIGN KEY(room_id) REFERENCES rooms (id), 
	FOREIGN KEY(user_id) REFERENCES "user" (id)
)


INFO     sqlalchemy.engine.Engine:base.py:1842 
CREATE TABLE documents (
	id SERIAL NOT NULL, 
	created_at TIMESTAMP WITHOUT TIME ZONE NOT NULL, 
	updated_at TIMESTAMP WITHOUT TIME ZONE NOT NULL, 
	owner_id INTEGER NOT NULL, 
	name VARCHAR NOT NULL, 
	type VARCHAR NOT NULL, 
	size INTEGER NOT NULL, 
	upload_date TIMESTAMP WITHOUT TIME ZONE NOT NULL, 
	path VARCHAR NOT NULL, 
	checksum VARCHAR NOT NULL, 
	house_id INTEGER, 
	node_id INTEGER, 
	description VARCHAR, 
	PRIMARY KEY (id), 
	FOREIGN KEY(owner_id) REFERENCES "user" (id), 
	FOREIGN KEY(house_id) REFERENCES houses (id), 
	FOREIGN KEY(node_id) REFERENCES nodes (id)
)


INFO     sqlalchemy.engine.Engine:base.py:1842 [no key 0.00319s] {}
DEBUG    app.db.session:session.py:30 Query eseguita in 0.04 secondi: 
CREATE TABLE documents (
	id SERIAL NOT NULL, 
	created_at TIMESTAMP WITHOUT TIME ZONE NOT NULL, 
	updated_at TIMESTAMP WITHOUT TIME ZONE NOT NULL, 
	owner_id INTEGER NOT NULL, 
	name VARCHAR NOT NULL, 
	type VARCHAR NOT NULL, 
	size INTEGER NOT NULL, 
	upload_date TIMESTAMP WITHOUT TIME ZONE NOT NULL, 
	path VARCHAR NOT NULL, 
	checksum VARCHAR NOT NULL, 
	house_id INTEGER, 
	node_id INTEGER, 
	description VARCHAR, 
	PRIMARY KEY (id), 
	FOREIGN KEY(owner_id) REFERENCES "user" (id), 
	FOREIGN KEY(house_id) REFERENCES houses (id), 
	FOREIGN KEY(node_id) REFERENCES nodes (id)
)


INFO     sqlalchemy.engine.Engine:base.py:1842 CREATE INDEX ix_documents_owner_id ON documents (owner_id)
INFO     sqlalchemy.engine.Engine:base.py:1842 [no key 0.00103s] {}
DEBUG    app.db.session:session.py:30 Query eseguita in 0.01 secondi: CREATE INDEX ix_documents_owner_id ON documents (owner_id)
INFO     sqlalchemy.engine.Engine:base.py:1842 
CREATE TABLE document_versions (
	id SERIAL NOT NULL, 
	version_number INTEGER NOT NULL, 
	file_path VARCHAR NOT NULL, 
	file_size INTEGER NOT NULL, 
	checksum VARCHAR NOT NULL, 
	created_at TIMESTAMP WITHOUT TIME ZONE NOT NULL, 
	updated_at TIMESTAMP WITHOUT TIME ZONE NOT NULL, 
	document_id INTEGER NOT NULL, 
	created_by_id INTEGER, 
	PRIMARY KEY (id), 
	FOREIGN KEY(document_id) REFERENCES documents (id), 
	FOREIGN KEY(created_by_id) REFERENCES "user" (id)
)


INFO     sqlalchemy.engine.Engine:base.py:1842 [no key 0.00122s] {}
DEBUG    app.db.session:session.py:30 Query eseguita in 0.05 secondi: 
CREATE TABLE document_versions (
	id SERIAL NOT NULL, 
	version_number INTEGER NOT NULL, 
	file_path VARCHAR NOT NULL, 
	file_size INTEGER NOT NULL, 
	checksum VARCHAR NOT NULL, 
	created_at TIMESTAMP WITHOUT TIME ZONE NOT NULL, 
	updated_at TIMESTAMP WITHOUT TIME ZONE NOT NULL, 
	document_id INTEGER NOT NULL, 
	created_by_id INTEGER, 
	PRIMARY KEY (id), 
	FOREIGN KEY(document_id) REFERENCES documents (id), 
	FOREIGN KEY(created_by_id) REFERENCES "user" (id)
)


INFO     sqlalchemy.engine.Engine:base.py:1842 CREATE INDEX ix_document_versions_version_number ON document_versions (version_number)
INFO     sqlalchemy.engine.Engine:base.py:1842 [no key 0.00349s] {}
DEBUG    app.db.session:session.py:30 Query eseguita in 0.01 secondi: CREATE INDEX ix_document_versions_version_number ON document_versions (version_number)
INFO     sqlalchemy.engine.Engine:base.py:1842 CREATE INDEX ix_document_versions_created_by_id ON document_versions (created_by_id)
INFO     sqlalchemy.engine.Engine:base.py:1842 [no key 0.00087s] {}
DEBUG    app.db.session:session.py:30 Query eseguita in 0.01 secondi: CREATE INDEX ix_document_versions_created_by_id ON document_versions (created_by_id)
INFO     sqlalchemy.engine.Engine:base.py:1842 CREATE INDEX ix_document_versions_document_id ON document_versions (document_id)
INFO     sqlalchemy.engine.Engine:base.py:1842 [no key 0.00066s] {}
DEBUG    app.db.session:session.py:30 Query eseguita in 0.01 secondi: CREATE INDEX ix_document_versions_document_id ON document_versions (document_id)
INFO     sqlalchemy.engine.Engine:base.py:1842 
CREATE TABLE maintenance_records (
	id SERIAL NOT NULL, 
	node_id INTEGER NOT NULL, 
	timestamp TIMESTAMP WITHOUT TIME ZONE NOT NULL, 
	maintenance_type maintenancetype NOT NULL, 
	description VARCHAR NOT NULL, 
	status maintenancestatus NOT NULL, 
	notes VARCHAR, 
	document_id INTEGER, 
	PRIMARY KEY (id), 
	FOREIGN KEY(node_id) REFERENCES nodes (id), 
	FOREIGN KEY(document_id) REFERENCES documents (id)
)


INFO     sqlalchemy.engine.Engine:base.py:1842 [no key 0.00117s] {}
DEBUG    app.db.session:session.py:30 Query eseguita in 0.04 secondi: 
CREATE TABLE maintenance_records (
	id SERIAL NOT NULL, 
	node_id INTEGER NOT NULL, 
	timestamp TIMESTAMP WITHOUT TIME ZONE NOT NULL, 
	maintenance_type maintenancetype NOT NULL, 
	description VARCHAR NOT NULL, 
	status maintenancestatus NOT NULL, 
	notes VARCHAR, 
	document_id INTEGER, 
	PRIMARY KEY (id), 
	FOREIGN KEY(node_id) REFERENCES nodes (id), 
	FOREIGN KEY(document_id) REFERENCES documents (id)
)


INFO     sqlalchemy.engine.Engine:base.py:1842 CREATE INDEX ix_maintenance_records_node_id ON maintenance_records (node_id)
INFO     sqlalchemy.engine.Engine:base.py:1842 [no key 0.00485s] {}
DEBUG    app.db.session:session.py:30 Query eseguita in 0.01 secondi: CREATE INDEX ix_maintenance_records_node_id ON maintenance_records (node_id)
INFO     sqlalchemy.engine.Engine:base.py:2704 COMMIT
DEBUG    test_users:test_users.py:52 Test database tables created successfully
DEBUG    test_users:test_users.py:55 Test database session created successfully
DEBUG    conftest:conftest.py:269 Overriding get_session for tests...
DEBUG    tests.conftest_redis:conftest_redis.py:18 Setting up FakeRedis for tests...
DEBUG    app.core.redis:redis.py:24 Connessione Redis stabilita con successo
---------------------------- Captured stderr call -----------------------------
DEBUG:asyncio:Using proactor: IocpProactor
INFO:httpx:HTTP Request: POST http://testserver/api/v1/auth/register "HTTP/1.1 422 Unprocessable Entity"
------------------------------ Captured log call ------------------------------
DEBUG    asyncio:proactor_events.py:631 Using proactor: IocpProactor
INFO     httpx:_client.py:1025 HTTP Request: POST http://testserver/api/v1/auth/register "HTTP/1.1 422 Unprocessable Entity"
-------------------------- Captured stdout teardown ---------------------------
2025-06-17 11:29:09,187 INFO sqlalchemy.engine.Engine BEGIN (implicit)
2025-06-17 11:29:09,189 INFO sqlalchemy.engine.Engine DROP SCHEMA public CASCADE
2025-06-17 11:29:09,191 INFO sqlalchemy.engine.Engine [generated in 0.00373s] {}
2025-06-17 11:29:09,405 INFO sqlalchemy.engine.Engine CREATE SCHEMA public
2025-06-17 11:29:09,406 INFO sqlalchemy.engine.Engine [generated in 0.00103s] {}
2025-06-17 11:29:09,412 INFO sqlalchemy.engine.Engine COMMIT
-------------------------- Captured stderr teardown ---------------------------
DEBUG:tests.conftest_redis:Restored original Redis client
DEBUG:conftest:get_session override cleared
DEBUG:test_users:Cleaning up test database session...
INFO:sqlalchemy.engine.Engine:BEGIN (implicit)
INFO:sqlalchemy.engine.Engine:DROP SCHEMA public CASCADE
INFO:sqlalchemy.engine.Engine:[generated in 0.00373s] {}
DEBUG:app.db.session:Query eseguita in 0.22 secondi: DROP SCHEMA public CASCADE
INFO:sqlalchemy.engine.Engine:CREATE SCHEMA public
INFO:sqlalchemy.engine.Engine:[generated in 0.00103s] {}
DEBUG:app.db.session:Query eseguita in 0.01 secondi: CREATE SCHEMA public
INFO:sqlalchemy.engine.Engine:COMMIT
DEBUG:test_users:Test database cleanup completed
DEBUG:test_users:Session fixture completed in 1.65 seconds
---------------------------- Captured log teardown ----------------------------
DEBUG    tests.conftest_redis:conftest_redis.py:29 Restored original Redis client
DEBUG    conftest:conftest.py:275 get_session override cleared
DEBUG    test_users:test_users.py:57 Cleaning up test database session...
INFO     sqlalchemy.engine.Engine:base.py:2698 BEGIN (implicit)
INFO     sqlalchemy.engine.Engine:base.py:1842 DROP SCHEMA public CASCADE
INFO     sqlalchemy.engine.Engine:base.py:1842 [generated in 0.00373s] {}
DEBUG    app.db.session:session.py:30 Query eseguita in 0.22 secondi: DROP SCHEMA public CASCADE
INFO     sqlalchemy.engine.Engine:base.py:1842 CREATE SCHEMA public
INFO     sqlalchemy.engine.Engine:base.py:1842 [generated in 0.00103s] {}
DEBUG    app.db.session:session.py:30 Query eseguita in 0.01 secondi: CREATE SCHEMA public
INFO     sqlalchemy.engine.Engine:base.py:2704 COMMIT
DEBUG    test_users:test_users.py:63 Test database cleanup completed
DEBUG    test_users:test_users.py:68 Session fixture completed in 1.65 seconds
__________________________ test_read_user_not_found ___________________________
tests\api\test_users.py:398: in test_read_user_not_found
    assert response.status_code == 404
E   assert 401 == 404
E    +  where 401 = <Response [401 Unauthorized]>.status_code
---------------------------- Captured stdout setup ----------------------------
2025-06-17 11:29:10,455 INFO sqlalchemy.engine.Engine select pg_catalog.version()
2025-06-17 11:29:10,458 INFO sqlalchemy.engine.Engine [raw sql] {}
2025-06-17 11:29:10,462 INFO sqlalchemy.engine.Engine select current_schema()
2025-06-17 11:29:10,463 INFO sqlalchemy.engine.Engine [raw sql] {}
2025-06-17 11:29:10,470 INFO sqlalchemy.engine.Engine show standard_conforming_strings
2025-06-17 11:29:10,472 INFO sqlalchemy.engine.Engine [raw sql] {}
2025-06-17 11:29:10,476 INFO sqlalchemy.engine.Engine BEGIN (implicit)
2025-06-17 11:29:10,488 INFO sqlalchemy.engine.Engine SELECT pg_catalog.pg_class.relname 
FROM pg_catalog.pg_class JOIN pg_catalog.pg_namespace ON pg_catalog.pg_namespace.oid = pg_catalog.pg_class.relnamespace 
WHERE pg_catalog.pg_class.relname = %(table_name)s AND pg_catalog.pg_class.relkind = ANY (ARRAY[%(param_1)s, %(param_2)s, %(param_3)s, %(param_4)s, %(param_5)s]) AND pg_catalog.pg_table_is_visible(pg_catalog.pg_class.oid) AND pg_catalog.pg_namespace.nspname != %(nspname_1)s
2025-06-17 11:29:10,489 INFO sqlalchemy.engine.Engine [generated in 0.00101s] {'table_name': 'user', 'param_1': 'r', 'param_2': 'p', 'param_3': 'f', 'param_4': 'v', 'param_5': 'm', 'nspname_1': 'pg_catalog'}
2025-06-17 11:29:10,517 INFO sqlalchemy.engine.Engine SELECT pg_catalog.pg_class.relname 
FROM pg_catalog.pg_class JOIN pg_catalog.pg_namespace ON pg_catalog.pg_namespace.oid = pg_catalog.pg_class.relnamespace 
WHERE pg_catalog.pg_class.relname = %(table_name)s AND pg_catalog.pg_class.relkind = ANY (ARRAY[%(param_1)s, %(param_2)s, %(param_3)s, %(param_4)s, %(param_5)s]) AND pg_catalog.pg_table_is_visible(pg_catalog.pg_class.oid) AND pg_catalog.pg_namespace.nspname != %(nspname_1)s
2025-06-17 11:29:10,521 INFO sqlalchemy.engine.Engine [cached since 0.03231s ago] {'table_name': 'documents', 'param_1': 'r', 'param_2': 'p', 'param_3': 'f', 'param_4': 'v', 'param_5': 'm', 'nspname_1': 'pg_catalog'}
2025-06-17 11:29:10,533 INFO sqlalchemy.engine.Engine SELECT pg_catalog.pg_class.relname 
FROM pg_catalog.pg_class JOIN pg_catalog.pg_namespace ON pg_catalog.pg_namespace.oid = pg_catalog.pg_class.relnamespace 
WHERE pg_catalog.pg_class.relname = %(table_name)s AND pg_catalog.pg_class.relkind = ANY (ARRAY[%(param_1)s, %(param_2)s, %(param_3)s, %(param_4)s, %(param_5)s]) AND pg_catalog.pg_table_is_visible(pg_catalog.pg_class.oid) AND pg_catalog.pg_namespace.nspname != %(nspname_1)s
2025-06-17 11:29:10,536 INFO sqlalchemy.engine.Engine [cached since 0.04731s ago] {'table_name': 'document_versions', 'param_1': 'r', 'param_2': 'p', 'param_3': 'f', 'param_4': 'v', 'param_5': 'm', 'nspname_1': 'pg_catalog'}
2025-06-17 11:29:10,546 INFO sqlalchemy.engine.Engine SELECT pg_catalog.pg_class.relname 
FROM pg_catalog.pg_class JOIN pg_catalog.pg_namespace ON pg_catalog.pg_namespace.oid = pg_catalog.pg_class.relnamespace 
WHERE pg_catalog.pg_class.relname = %(table_name)s AND pg_catalog.pg_class.relkind = ANY (ARRAY[%(param_1)s, %(param_2)s, %(param_3)s, %(param_4)s, %(param_5)s]) AND pg_catalog.pg_table_is_visible(pg_catalog.pg_class.oid) AND pg_catalog.pg_namespace.nspname != %(nspname_1)s
2025-06-17 11:29:10,549 INFO sqlalchemy.engine.Engine [cached since 0.06046s ago] {'table_name': 'houses', 'param_1': 'r', 'param_2': 'p', 'param_3': 'f', 'param_4': 'v', 'param_5': 'm', 'nspname_1': 'pg_catalog'}
2025-06-17 11:29:10,557 INFO sqlalchemy.engine.Engine SELECT pg_catalog.pg_class.relname 
FROM pg_catalog.pg_class JOIN pg_catalog.pg_namespace ON pg_catalog.pg_namespace.oid = pg_catalog.pg_class.relnamespace 
WHERE pg_catalog.pg_class.relname = %(table_name)s AND pg_catalog.pg_class.relkind = ANY (ARRAY[%(param_1)s, %(param_2)s, %(param_3)s, %(param_4)s, %(param_5)s]) AND pg_catalog.pg_table_is_visible(pg_catalog.pg_class.oid) AND pg_catalog.pg_namespace.nspname != %(nspname_1)s
2025-06-17 11:29:10,560 INFO sqlalchemy.engine.Engine [cached since 0.07168s ago] {'table_name': 'nodes', 'param_1': 'r', 'param_2': 'p', 'param_3': 'f', 'param_4': 'v', 'param_5': 'm', 'nspname_1': 'pg_catalog'}
2025-06-17 11:29:10,570 INFO sqlalchemy.engine.Engine SELECT pg_catalog.pg_class.relname 
FROM pg_catalog.pg_class JOIN pg_catalog.pg_namespace ON pg_catalog.pg_namespace.oid = pg_catalog.pg_class.relnamespace 
WHERE pg_catalog.pg_class.relname = %(table_name)s AND pg_catalog.pg_class.relkind = ANY (ARRAY[%(param_1)s, %(param_2)s, %(param_3)s, %(param_4)s, %(param_5)s]) AND pg_catalog.pg_table_is_visible(pg_catalog.pg_class.oid) AND pg_catalog.pg_namespace.nspname != %(nspname_1)s
2025-06-17 11:29:10,571 INFO sqlalchemy.engine.Engine [cached since 0.08309s ago] {'table_name': 'rooms', 'param_1': 'r', 'param_2': 'p', 'param_3': 'f', 'param_4': 'v', 'param_5': 'm', 'nspname_1': 'pg_catalog'}
2025-06-17 11:29:10,577 INFO sqlalchemy.engine.Engine SELECT pg_catalog.pg_class.relname 
FROM pg_catalog.pg_class JOIN pg_catalog.pg_namespace ON pg_catalog.pg_namespace.oid = pg_catalog.pg_class.relnamespace 
WHERE pg_catalog.pg_class.relname = %(table_name)s AND pg_catalog.pg_class.relkind = ANY (ARRAY[%(param_1)s, %(param_2)s, %(param_3)s, %(param_4)s, %(param_5)s]) AND pg_catalog.pg_table_is_visible(pg_catalog.pg_class.oid) AND pg_catalog.pg_namespace.nspname != %(nspname_1)s
2025-06-17 11:29:10,579 INFO sqlalchemy.engine.Engine [cached since 0.09029s ago] {'table_name': 'bookings', 'param_1': 'r', 'param_2': 'p', 'param_3': 'f', 'param_4': 'v', 'param_5': 'm', 'nspname_1': 'pg_catalog'}
2025-06-17 11:29:10,588 INFO sqlalchemy.engine.Engine SELECT pg_catalog.pg_class.relname 
FROM pg_catalog.pg_class JOIN pg_catalog.pg_namespace ON pg_catalog.pg_namespace.oid = pg_catalog.pg_class.relnamespace 
WHERE pg_catalog.pg_class.relname = %(table_name)s AND pg_catalog.pg_class.relkind = ANY (ARRAY[%(param_1)s, %(param_2)s, %(param_3)s, %(param_4)s, %(param_5)s]) AND pg_catalog.pg_table_is_visible(pg_catalog.pg_class.oid) AND pg_catalog.pg_namespace.nspname != %(nspname_1)s
2025-06-17 11:29:10,589 INFO sqlalchemy.engine.Engine [cached since 0.1011s ago] {'table_name': 'maintenance_records', 'param_1': 'r', 'param_2': 'p', 'param_3': 'f', 'param_4': 'v', 'param_5': 'm', 'nspname_1': 'pg_catalog'}
2025-06-17 11:29:10,607 INFO sqlalchemy.engine.Engine SELECT pg_catalog.pg_type.typname 
FROM pg_catalog.pg_type JOIN pg_catalog.pg_namespace ON pg_catalog.pg_namespace.oid = pg_catalog.pg_type.typnamespace 
WHERE pg_catalog.pg_type.typname = %(typname_1)s AND pg_catalog.pg_type_is_visible(pg_catalog.pg_type.oid) AND pg_catalog.pg_namespace.nspname != %(nspname_1)s
2025-06-17 11:29:10,608 INFO sqlalchemy.engine.Engine [generated in 0.00156s] {'typname_1': 'maintenancetype', 'nspname_1': 'pg_catalog'}
2025-06-17 11:29:10,620 INFO sqlalchemy.engine.Engine CREATE TYPE maintenancetype AS ENUM ('ROUTINE', 'PREVENTIVE', 'CORRECTIVE', 'EMERGENCY', 'INSPECTION')
2025-06-17 11:29:10,621 INFO sqlalchemy.engine.Engine [no key 0.00088s] {}
2025-06-17 11:29:10,638 INFO sqlalchemy.engine.Engine SELECT pg_catalog.pg_type.typname 
FROM pg_catalog.pg_type JOIN pg_catalog.pg_namespace ON pg_catalog.pg_namespace.oid = pg_catalog.pg_type.typnamespace 
WHERE pg_catalog.pg_type.typname = %(typname_1)s AND pg_catalog.pg_type_is_visible(pg_catalog.pg_type.oid) AND pg_catalog.pg_namespace.nspname != %(nspname_1)s
2025-06-17 11:29:10,639 INFO sqlalchemy.engine.Engine [cached since 0.03265s ago] {'typname_1': 'maintenancestatus', 'nspname_1': 'pg_catalog'}
2025-06-17 11:29:10,645 INFO sqlalchemy.engine.Engine CREATE TYPE maintenancestatus AS ENUM ('PENDING', 'COMPLETED', 'FAILED')
2025-06-17 11:29:10,647 INFO sqlalchemy.engine.Engine [no key 0.00184s] {}
2025-06-17 11:29:10,662 INFO sqlalchemy.engine.Engine 
CREATE TABLE "user" (
	id SERIAL NOT NULL, 
	email VARCHAR NOT NULL, 
	username VARCHAR NOT NULL, 
	hashed_password VARCHAR NOT NULL, 
	is_active BOOLEAN NOT NULL, 
	is_superuser BOOLEAN NOT NULL, 
	is_verified BOOLEAN NOT NULL, 
	created_at TIMESTAMP WITHOUT TIME ZONE NOT NULL, 
	updated_at TIMESTAMP WITHOUT TIME ZONE NOT NULL, 
	last_login TIMESTAMP WITH TIME ZONE, 
	full_name VARCHAR(255), 
	phone_number VARCHAR(20), 
	PRIMARY KEY (id)
)


2025-06-17 11:29:10,664 INFO sqlalchemy.engine.Engine [no key 0.00172s] {}
2025-06-17 11:29:10,708 INFO sqlalchemy.engine.Engine CREATE UNIQUE INDEX ix_user_email ON "user" (email)
2025-06-17 11:29:10,711 INFO sqlalchemy.engine.Engine [no key 0.00317s] {}
2025-06-17 11:29:10,723 INFO sqlalchemy.engine.Engine CREATE UNIQUE INDEX ix_user_username ON "user" (username)
2025-06-17 11:29:10,726 INFO sqlalchemy.engine.Engine [no key 0.00304s] {}
2025-06-17 11:29:10,744 INFO sqlalchemy.engine.Engine 
CREATE TABLE houses (
	id SERIAL NOT NULL, 
	name VARCHAR NOT NULL, 
	address VARCHAR NOT NULL, 
	owner_id INTEGER NOT NULL, 
	created_at TIMESTAMP WITHOUT TIME ZONE NOT NULL, 
	updated_at TIMESTAMP WITHOUT TIME ZONE NOT NULL, 
	PRIMARY KEY (id), 
	FOREIGN KEY(owner_id) REFERENCES "user" (id)
)


2025-06-17 11:29:10,746 INFO sqlalchemy.engine.Engine [no key 0.00149s] {}
2025-06-17 11:29:10,800 INFO sqlalchemy.engine.Engine CREATE INDEX ix_houses_name ON houses (name)
2025-06-17 11:29:10,804 INFO sqlalchemy.engine.Engine [no key 0.00432s] {}
2025-06-17 11:29:10,822 INFO sqlalchemy.engine.Engine 
CREATE TABLE rooms (
	id SERIAL NOT NULL, 
	name VARCHAR NOT NULL, 
	description VARCHAR, 
	floor INTEGER NOT NULL, 
	area FLOAT NOT NULL, 
	house_id INTEGER NOT NULL, 
	created_at TIMESTAMP WITHOUT TIME ZONE NOT NULL, 
	updated_at TIMESTAMP WITHOUT TIME ZONE NOT NULL, 
	PRIMARY KEY (id), 
	FOREIGN KEY(house_id) REFERENCES houses (id)
)


2025-06-17 11:29:10,824 INFO sqlalchemy.engine.Engine [no key 0.00112s] {}
2025-06-17 11:29:10,861 INFO sqlalchemy.engine.Engine CREATE INDEX ix_rooms_name ON rooms (name)
2025-06-17 11:29:10,862 INFO sqlalchemy.engine.Engine [no key 0.00086s] {}
2025-06-17 11:29:10,878 INFO sqlalchemy.engine.Engine 
CREATE TABLE nodes (
	id SERIAL NOT NULL, 
	name VARCHAR NOT NULL, 
	description VARCHAR, 
	nfc_id VARCHAR NOT NULL, 
	house_id INTEGER NOT NULL, 
	room_id INTEGER, 
	PRIMARY KEY (id), 
	FOREIGN KEY(house_id) REFERENCES houses (id), 
	FOREIGN KEY(room_id) REFERENCES rooms (id)
)


2025-06-17 11:29:10,879 INFO sqlalchemy.engine.Engine [no key 0.00146s] {}
2025-06-17 11:29:10,919 INFO sqlalchemy.engine.Engine CREATE UNIQUE INDEX ix_nodes_nfc_id ON nodes (nfc_id)
2025-06-17 11:29:10,921 INFO sqlalchemy.engine.Engine [no key 0.00219s] {}
2025-06-17 11:29:10,930 INFO sqlalchemy.engine.Engine 
CREATE TABLE bookings (
	id SERIAL NOT NULL, 
	room_id INTEGER NOT NULL, 
	user_id INTEGER NOT NULL, 
	start_time TIMESTAMP WITHOUT TIME ZONE NOT NULL, 
	end_time TIMESTAMP WITHOUT TIME ZONE NOT NULL, 
	status VARCHAR NOT NULL, 
	notes VARCHAR, 
	created_at TIMESTAMP WITHOUT TIME ZONE NOT NULL, 
	updated_at TIMESTAMP WITHOUT TIME ZONE NOT NULL, 
	PRIMARY KEY (id), 
	FOREIGN KEY(room_id) REFERENCES rooms (id), 
	FOREIGN KEY(user_id) REFERENCES "user" (id)
)


2025-06-17 11:29:10,931 INFO sqlalchemy.engine.Engine [no key 0.00143s] {}
2025-06-17 11:29:10,980 INFO sqlalchemy.engine.Engine 
CREATE TABLE documents (
	id SERIAL NOT NULL, 
	created_at TIMESTAMP WITHOUT TIME ZONE NOT NULL, 
	updated_at TIMESTAMP WITHOUT TIME ZONE NOT NULL, 
	owner_id INTEGER NOT NULL, 
	name VARCHAR NOT NULL, 
	type VARCHAR NOT NULL, 
	size INTEGER NOT NULL, 
	upload_date TIMESTAMP WITHOUT TIME ZONE NOT NULL, 
	path VARCHAR NOT NULL, 
	checksum VARCHAR NOT NULL, 
	house_id INTEGER, 
	node_id INTEGER, 
	description VARCHAR, 
	PRIMARY KEY (id), 
	FOREIGN KEY(owner_id) REFERENCES "user" (id), 
	FOREIGN KEY(house_id) REFERENCES houses (id), 
	FOREIGN KEY(node_id) REFERENCES nodes (id)
)


2025-06-17 11:29:10,984 INFO sqlalchemy.engine.Engine [no key 0.00349s] {}
2025-06-17 11:29:11,023 INFO sqlalchemy.engine.Engine CREATE INDEX ix_documents_owner_id ON documents (owner_id)
2025-06-17 11:29:11,025 INFO sqlalchemy.engine.Engine [no key 0.00161s] {}
2025-06-17 11:29:11,042 INFO sqlalchemy.engine.Engine 
CREATE TABLE document_versions (
	id SERIAL NOT NULL, 
	version_number INTEGER NOT NULL, 
	file_path VARCHAR NOT NULL, 
	file_size INTEGER NOT NULL, 
	checksum VARCHAR NOT NULL, 
	created_at TIMESTAMP WITHOUT TIME ZONE NOT NULL, 
	updated_at TIMESTAMP WITHOUT TIME ZONE NOT NULL, 
	document_id INTEGER NOT NULL, 
	created_by_id INTEGER, 
	PRIMARY KEY (id), 
	FOREIGN KEY(document_id) REFERENCES documents (id), 
	FOREIGN KEY(created_by_id) REFERENCES "user" (id)
)


2025-06-17 11:29:11,044 INFO sqlalchemy.engine.Engine [no key 0.00366s] {}
2025-06-17 11:29:11,105 INFO sqlalchemy.engine.Engine CREATE INDEX ix_document_versions_version_number ON document_versions (version_number)
2025-06-17 11:29:11,105 INFO sqlalchemy.engine.Engine [no key 0.00084s] {}
2025-06-17 11:29:11,121 INFO sqlalchemy.engine.Engine CREATE INDEX ix_document_versions_created_by_id ON document_versions (created_by_id)
2025-06-17 11:29:11,121 INFO sqlalchemy.engine.Engine [no key 0.00120s] {}
2025-06-17 11:29:11,138 INFO sqlalchemy.engine.Engine CREATE INDEX ix_document_versions_document_id ON document_versions (document_id)
2025-06-17 11:29:11,139 INFO sqlalchemy.engine.Engine [no key 0.00091s] {}
2025-06-17 11:29:11,156 INFO sqlalchemy.engine.Engine 
CREATE TABLE maintenance_records (
	id SERIAL NOT NULL, 
	node_id INTEGER NOT NULL, 
	timestamp TIMESTAMP WITHOUT TIME ZONE NOT NULL, 
	maintenance_type maintenancetype NOT NULL, 
	description VARCHAR NOT NULL, 
	status maintenancestatus NOT NULL, 
	notes VARCHAR, 
	document_id INTEGER, 
	PRIMARY KEY (id), 
	FOREIGN KEY(node_id) REFERENCES nodes (id), 
	FOREIGN KEY(document_id) REFERENCES documents (id)
)


2025-06-17 11:29:11,158 INFO sqlalchemy.engine.Engine [no key 0.00154s] {}
2025-06-17 11:29:11,213 INFO sqlalchemy.engine.Engine CREATE INDEX ix_maintenance_records_node_id ON maintenance_records (node_id)
2025-06-17 11:29:11,217 INFO sqlalchemy.engine.Engine [no key 0.00405s] {}
2025-06-17 11:29:11,230 INFO sqlalchemy.engine.Engine COMMIT
---------------------------- Captured stderr setup ----------------------------
DEBUG:test_users:Setting up test database session...
INFO:sqlalchemy.engine.Engine:select pg_catalog.version()
INFO:sqlalchemy.engine.Engine:[raw sql] {}
INFO:sqlalchemy.engine.Engine:select current_schema()
INFO:sqlalchemy.engine.Engine:[raw sql] {}
INFO:sqlalchemy.engine.Engine:show standard_conforming_strings
INFO:sqlalchemy.engine.Engine:[raw sql] {}
INFO:sqlalchemy.engine.Engine:BEGIN (implicit)
INFO:sqlalchemy.engine.Engine:SELECT pg_catalog.pg_class.relname 
FROM pg_catalog.pg_class JOIN pg_catalog.pg_namespace ON pg_catalog.pg_namespace.oid = pg_catalog.pg_class.relnamespace 
WHERE pg_catalog.pg_class.relname = %(table_name)s AND pg_catalog.pg_class.relkind = ANY (ARRAY[%(param_1)s, %(param_2)s, %(param_3)s, %(param_4)s, %(param_5)s]) AND pg_catalog.pg_table_is_visible(pg_catalog.pg_class.oid) AND pg_catalog.pg_namespace.nspname != %(nspname_1)s
INFO:sqlalchemy.engine.Engine:[generated in 0.00101s] {'table_name': 'user', 'param_1': 'r', 'param_2': 'p', 'param_3': 'f', 'param_4': 'v', 'param_5': 'm', 'nspname_1': 'pg_catalog'}
DEBUG:app.db.session:Query eseguita in 0.02 secondi: SELECT pg_catalog.pg_class.relname 
FROM pg_catalog.pg_class JOIN pg_catalog.pg_namespace ON pg_catalog.pg_namespace.oid = pg_catalog.pg_class.relnamespace 
WHERE pg_catalog.pg_class.relname = %(table_name)s AND pg_catalog.pg_class.relkind = ANY (ARRAY[%(param_1)s, %(param_2)s, %(param_3)s, %(param_4)s, %(param_5)s]) AND pg_catalog.pg_table_is_visible(pg_catalog.pg_class.oid) AND pg_catalog.pg_namespace.nspname != %(nspname_1)s
INFO:sqlalchemy.engine.Engine:SELECT pg_catalog.pg_class.relname 
FROM pg_catalog.pg_class JOIN pg_catalog.pg_namespace ON pg_catalog.pg_namespace.oid = pg_catalog.pg_class.relnamespace 
WHERE pg_catalog.pg_class.relname = %(table_name)s AND pg_catalog.pg_class.relkind = ANY (ARRAY[%(param_1)s, %(param_2)s, %(param_3)s, %(param_4)s, %(param_5)s]) AND pg_catalog.pg_table_is_visible(pg_catalog.pg_class.oid) AND pg_catalog.pg_namespace.nspname != %(nspname_1)s
INFO:sqlalchemy.engine.Engine:[cached since 0.03231s ago] {'table_name': 'documents', 'param_1': 'r', 'param_2': 'p', 'param_3': 'f', 'param_4': 'v', 'param_5': 'm', 'nspname_1': 'pg_catalog'}
DEBUG:app.db.session:Query eseguita in 0.01 secondi: SELECT pg_catalog.pg_class.relname 
FROM pg_catalog.pg_class JOIN pg_catalog.pg_namespace ON pg_catalog.pg_namespace.oid = pg_catalog.pg_class.relnamespace 
WHERE pg_catalog.pg_class.relname = %(table_name)s AND pg_catalog.pg_class.relkind = ANY (ARRAY[%(param_1)s, %(param_2)s, %(param_3)s, %(param_4)s, %(param_5)s]) AND pg_catalog.pg_table_is_visible(pg_catalog.pg_class.oid) AND pg_catalog.pg_namespace.nspname != %(nspname_1)s
INFO:sqlalchemy.engine.Engine:SELECT pg_catalog.pg_class.relname 
FROM pg_catalog.pg_class JOIN pg_catalog.pg_namespace ON pg_catalog.pg_namespace.oid = pg_catalog.pg_class.relnamespace 
WHERE pg_catalog.pg_class.relname = %(table_name)s AND pg_catalog.pg_class.relkind = ANY (ARRAY[%(param_1)s, %(param_2)s, %(param_3)s, %(param_4)s, %(param_5)s]) AND pg_catalog.pg_table_is_visible(pg_catalog.pg_class.oid) AND pg_catalog.pg_namespace.nspname != %(nspname_1)s
INFO:sqlalchemy.engine.Engine:[cached since 0.04731s ago] {'table_name': 'document_versions', 'param_1': 'r', 'param_2': 'p', 'param_3': 'f', 'param_4': 'v', 'param_5': 'm', 'nspname_1': 'pg_catalog'}
DEBUG:app.db.session:Query eseguita in 0.01 secondi: SELECT pg_catalog.pg_class.relname 
FROM pg_catalog.pg_class JOIN pg_catalog.pg_namespace ON pg_catalog.pg_namespace.oid = pg_catalog.pg_class.relnamespace 
WHERE pg_catalog.pg_class.relname = %(table_name)s AND pg_catalog.pg_class.relkind = ANY (ARRAY[%(param_1)s, %(param_2)s, %(param_3)s, %(param_4)s, %(param_5)s]) AND pg_catalog.pg_table_is_visible(pg_catalog.pg_class.oid) AND pg_catalog.pg_namespace.nspname != %(nspname_1)s
INFO:sqlalchemy.engine.Engine:SELECT pg_catalog.pg_class.relname 
FROM pg_catalog.pg_class JOIN pg_catalog.pg_namespace ON pg_catalog.pg_namespace.oid = pg_catalog.pg_class.relnamespace 
WHERE pg_catalog.pg_class.relname = %(table_name)s AND pg_catalog.pg_class.relkind = ANY (ARRAY[%(param_1)s, %(param_2)s, %(param_3)s, %(param_4)s, %(param_5)s]) AND pg_catalog.pg_table_is_visible(pg_catalog.pg_class.oid) AND pg_catalog.pg_namespace.nspname != %(nspname_1)s
INFO:sqlalchemy.engine.Engine:[cached since 0.06046s ago] {'table_name': 'houses', 'param_1': 'r', 'param_2': 'p', 'param_3': 'f', 'param_4': 'v', 'param_5': 'm', 'nspname_1': 'pg_catalog'}
DEBUG:app.db.session:Query eseguita in 0.01 secondi: SELECT pg_catalog.pg_class.relname 
FROM pg_catalog.pg_class JOIN pg_catalog.pg_namespace ON pg_catalog.pg_namespace.oid = pg_catalog.pg_class.relnamespace 
WHERE pg_catalog.pg_class.relname = %(table_name)s AND pg_catalog.pg_class.relkind = ANY (ARRAY[%(param_1)s, %(param_2)s, %(param_3)s, %(param_4)s, %(param_5)s]) AND pg_catalog.pg_table_is_visible(pg_catalog.pg_class.oid) AND pg_catalog.pg_namespace.nspname != %(nspname_1)s
INFO:sqlalchemy.engine.Engine:SELECT pg_catalog.pg_class.relname 
FROM pg_catalog.pg_class JOIN pg_catalog.pg_namespace ON pg_catalog.pg_namespace.oid = pg_catalog.pg_class.relnamespace 
WHERE pg_catalog.pg_class.relname = %(table_name)s AND pg_catalog.pg_class.relkind = ANY (ARRAY[%(param_1)s, %(param_2)s, %(param_3)s, %(param_4)s, %(param_5)s]) AND pg_catalog.pg_table_is_visible(pg_catalog.pg_class.oid) AND pg_catalog.pg_namespace.nspname != %(nspname_1)s
INFO:sqlalchemy.engine.Engine:[cached since 0.07168s ago] {'table_name': 'nodes', 'param_1': 'r', 'param_2': 'p', 'param_3': 'f', 'param_4': 'v', 'param_5': 'm', 'nspname_1': 'pg_catalog'}
DEBUG:app.db.session:Query eseguita in 0.01 secondi: SELECT pg_catalog.pg_class.relname 
FROM pg_catalog.pg_class JOIN pg_catalog.pg_namespace ON pg_catalog.pg_namespace.oid = pg_catalog.pg_class.relnamespace 
WHERE pg_catalog.pg_class.relname = %(table_name)s AND pg_catalog.pg_class.relkind = ANY (ARRAY[%(param_1)s, %(param_2)s, %(param_3)s, %(param_4)s, %(param_5)s]) AND pg_catalog.pg_table_is_visible(pg_catalog.pg_class.oid) AND pg_catalog.pg_namespace.nspname != %(nspname_1)s
INFO:sqlalchemy.engine.Engine:SELECT pg_catalog.pg_class.relname 
FROM pg_catalog.pg_class JOIN pg_catalog.pg_namespace ON pg_catalog.pg_namespace.oid = pg_catalog.pg_class.relnamespace 
WHERE pg_catalog.pg_class.relname = %(table_name)s AND pg_catalog.pg_class.relkind = ANY (ARRAY[%(param_1)s, %(param_2)s, %(param_3)s, %(param_4)s, %(param_5)s]) AND pg_catalog.pg_table_is_visible(pg_catalog.pg_class.oid) AND pg_catalog.pg_namespace.nspname != %(nspname_1)s
INFO:sqlalchemy.engine.Engine:[cached since 0.08309s ago] {'table_name': 'rooms', 'param_1': 'r', 'param_2': 'p', 'param_3': 'f', 'param_4': 'v', 'param_5': 'm', 'nspname_1': 'pg_catalog'}
DEBUG:app.db.session:Query eseguita in 0.00 secondi: SELECT pg_catalog.pg_class.relname 
FROM pg_catalog.pg_class JOIN pg_catalog.pg_namespace ON pg_catalog.pg_namespace.oid = pg_catalog.pg_class.relnamespace 
WHERE pg_catalog.pg_class.relname = %(table_name)s AND pg_catalog.pg_class.relkind = ANY (ARRAY[%(param_1)s, %(param_2)s, %(param_3)s, %(param_4)s, %(param_5)s]) AND pg_catalog.pg_table_is_visible(pg_catalog.pg_class.oid) AND pg_catalog.pg_namespace.nspname != %(nspname_1)s
INFO:sqlalchemy.engine.Engine:SELECT pg_catalog.pg_class.relname 
FROM pg_catalog.pg_class JOIN pg_catalog.pg_namespace ON pg_catalog.pg_namespace.oid = pg_catalog.pg_class.relnamespace 
WHERE pg_catalog.pg_class.relname = %(table_name)s AND pg_catalog.pg_class.relkind = ANY (ARRAY[%(param_1)s, %(param_2)s, %(param_3)s, %(param_4)s, %(param_5)s]) AND pg_catalog.pg_table_is_visible(pg_catalog.pg_class.oid) AND pg_catalog.pg_namespace.nspname != %(nspname_1)s
INFO:sqlalchemy.engine.Engine:[cached since 0.09029s ago] {'table_name': 'bookings', 'param_1': 'r', 'param_2': 'p', 'param_3': 'f', 'param_4': 'v', 'param_5': 'm', 'nspname_1': 'pg_catalog'}
DEBUG:app.db.session:Query eseguita in 0.01 secondi: SELECT pg_catalog.pg_class.relname 
FROM pg_catalog.pg_class JOIN pg_catalog.pg_namespace ON pg_catalog.pg_namespace.oid = pg_catalog.pg_class.relnamespace 
WHERE pg_catalog.pg_class.relname = %(table_name)s AND pg_catalog.pg_class.relkind = ANY (ARRAY[%(param_1)s, %(param_2)s, %(param_3)s, %(param_4)s, %(param_5)s]) AND pg_catalog.pg_table_is_visible(pg_catalog.pg_class.oid) AND pg_catalog.pg_namespace.nspname != %(nspname_1)s
INFO:sqlalchemy.engine.Engine:SELECT pg_catalog.pg_class.relname 
FROM pg_catalog.pg_class JOIN pg_catalog.pg_namespace ON pg_catalog.pg_namespace.oid = pg_catalog.pg_class.relnamespace 
WHERE pg_catalog.pg_class.relname = %(table_name)s AND pg_catalog.pg_class.relkind = ANY (ARRAY[%(param_1)s, %(param_2)s, %(param_3)s, %(param_4)s, %(param_5)s]) AND pg_catalog.pg_table_is_visible(pg_catalog.pg_class.oid) AND pg_catalog.pg_namespace.nspname != %(nspname_1)s
INFO:sqlalchemy.engine.Engine:[cached since 0.1011s ago] {'table_name': 'maintenance_records', 'param_1': 'r', 'param_2': 'p', 'param_3': 'f', 'param_4': 'v', 'param_5': 'm', 'nspname_1': 'pg_catalog'}
DEBUG:app.db.session:Query eseguita in 0.01 secondi: SELECT pg_catalog.pg_class.relname 
FROM pg_catalog.pg_class JOIN pg_catalog.pg_namespace ON pg_catalog.pg_namespace.oid = pg_catalog.pg_class.relnamespace 
WHERE pg_catalog.pg_class.relname = %(table_name)s AND pg_catalog.pg_class.relkind = ANY (ARRAY[%(param_1)s, %(param_2)s, %(param_3)s, %(param_4)s, %(param_5)s]) AND pg_catalog.pg_table_is_visible(pg_catalog.pg_class.oid) AND pg_catalog.pg_namespace.nspname != %(nspname_1)s
INFO:sqlalchemy.engine.Engine:SELECT pg_catalog.pg_type.typname 
FROM pg_catalog.pg_type JOIN pg_catalog.pg_namespace ON pg_catalog.pg_namespace.oid = pg_catalog.pg_type.typnamespace 
WHERE pg_catalog.pg_type.typname = %(typname_1)s AND pg_catalog.pg_type_is_visible(pg_catalog.pg_type.oid) AND pg_catalog.pg_namespace.nspname != %(nspname_1)s
INFO:sqlalchemy.engine.Engine:[generated in 0.00156s] {'typname_1': 'maintenancetype', 'nspname_1': 'pg_catalog'}
DEBUG:app.db.session:Query eseguita in 0.01 secondi: SELECT pg_catalog.pg_type.typname 
FROM pg_catalog.pg_type JOIN pg_catalog.pg_namespace ON pg_catalog.pg_namespace.oid = pg_catalog.pg_type.typnamespace 
WHERE pg_catalog.pg_type.typname = %(typname_1)s AND pg_catalog.pg_type_is_visible(pg_catalog.pg_type.oid) AND pg_catalog.pg_namespace.nspname != %(nspname_1)s
INFO:sqlalchemy.engine.Engine:CREATE TYPE maintenancetype AS ENUM ('ROUTINE', 'PREVENTIVE', 'CORRECTIVE', 'EMERGENCY', 'INSPECTION')
INFO:sqlalchemy.engine.Engine:[no key 0.00088s] {}
DEBUG:app.db.session:Query eseguita in 0.01 secondi: CREATE TYPE maintenancetype AS ENUM ('ROUTINE', 'PREVENTIVE', 'CORRECTIVE', 'EMERGENCY', 'INSPECTION')
INFO:sqlalchemy.engine.Engine:SELECT pg_catalog.pg_type.typname 
FROM pg_catalog.pg_type JOIN pg_catalog.pg_namespace ON pg_catalog.pg_namespace.oid = pg_catalog.pg_type.typnamespace 
WHERE pg_catalog.pg_type.typname = %(typname_1)s AND pg_catalog.pg_type_is_visible(pg_catalog.pg_type.oid) AND pg_catalog.pg_namespace.nspname != %(nspname_1)s
INFO:sqlalchemy.engine.Engine:[cached since 0.03265s ago] {'typname_1': 'maintenancestatus', 'nspname_1': 'pg_catalog'}
DEBUG:app.db.session:Query eseguita in 0.00 secondi: SELECT pg_catalog.pg_type.typname 
FROM pg_catalog.pg_type JOIN pg_catalog.pg_namespace ON pg_catalog.pg_namespace.oid = pg_catalog.pg_type.typnamespace 
WHERE pg_catalog.pg_type.typname = %(typname_1)s AND pg_catalog.pg_type_is_visible(pg_catalog.pg_type.oid) AND pg_catalog.pg_namespace.nspname != %(nspname_1)s
INFO:sqlalchemy.engine.Engine:CREATE TYPE maintenancestatus AS ENUM ('PENDING', 'COMPLETED', 'FAILED')
INFO:sqlalchemy.engine.Engine:[no key 0.00184s] {}
DEBUG:app.db.session:Query eseguita in 0.01 secondi: CREATE TYPE maintenancestatus AS ENUM ('PENDING', 'COMPLETED', 'FAILED')
INFO:sqlalchemy.engine.Engine:
CREATE TABLE "user" (
	id SERIAL NOT NULL, 
	email VARCHAR NOT NULL, 
	username VARCHAR NOT NULL, 
	hashed_password VARCHAR NOT NULL, 
	is_active BOOLEAN NOT NULL, 
	is_superuser BOOLEAN NOT NULL, 
	is_verified BOOLEAN NOT NULL, 
	created_at TIMESTAMP WITHOUT TIME ZONE NOT NULL, 
	updated_at TIMESTAMP WITHOUT TIME ZONE NOT NULL, 
	last_login TIMESTAMP WITH TIME ZONE, 
	full_name VARCHAR(255), 
	phone_number VARCHAR(20), 
	PRIMARY KEY (id)
)


INFO:sqlalchemy.engine.Engine:[no key 0.00172s] {}
DEBUG:app.db.session:Query eseguita in 0.04 secondi: 
CREATE TABLE "user" (
	id SERIAL NOT NULL, 
	email VARCHAR NOT NULL, 
	username VARCHAR NOT NULL, 
	hashed_password VARCHAR NOT NULL, 
	is_active BOOLEAN NOT NULL, 
	is_superuser BOOLEAN NOT NULL, 
	is_verified BOOLEAN NOT NULL, 
	created_at TIMESTAMP WITHOUT TIME ZONE NOT NULL, 
	updated_at TIMESTAMP WITHOUT TIME ZONE NOT NULL, 
	last_login TIMESTAMP WITH TIME ZONE, 
	full_name VARCHAR(255), 
	phone_number VARCHAR(20), 
	PRIMARY KEY (id)
)


INFO:sqlalchemy.engine.Engine:CREATE UNIQUE INDEX ix_user_email ON "user" (email)
INFO:sqlalchemy.engine.Engine:[no key 0.00317s] {}
DEBUG:app.db.session:Query eseguita in 0.01 secondi: CREATE UNIQUE INDEX ix_user_email ON "user" (email)
INFO:sqlalchemy.engine.Engine:CREATE UNIQUE INDEX ix_user_username ON "user" (username)
INFO:sqlalchemy.engine.Engine:[no key 0.00304s] {}
DEBUG:app.db.session:Query eseguita in 0.02 secondi: CREATE UNIQUE INDEX ix_user_username ON "user" (username)
INFO:sqlalchemy.engine.Engine:
CREATE TABLE houses (
	id SERIAL NOT NULL, 
	name VARCHAR NOT NULL, 
	address VARCHAR NOT NULL, 
	owner_id INTEGER NOT NULL, 
	created_at TIMESTAMP WITHOUT TIME ZONE NOT NULL, 
	updated_at TIMESTAMP WITHOUT TIME ZONE NOT NULL, 
	PRIMARY KEY (id), 
	FOREIGN KEY(owner_id) REFERENCES "user" (id)
)


INFO:sqlalchemy.engine.Engine:[no key 0.00149s] {}
DEBUG:app.db.session:Query eseguita in 0.05 secondi: 
CREATE TABLE houses (
	id SERIAL NOT NULL, 
	name VARCHAR NOT NULL, 
	address VARCHAR NOT NULL, 
	owner_id INTEGER NOT NULL, 
	created_at TIMESTAMP WITHOUT TIME ZONE NOT NULL, 
	updated_at TIMESTAMP WITHOUT TIME ZONE NOT NULL, 
	PRIMARY KEY (id), 
	FOREIGN KEY(owner_id) REFERENCES "user" (id)
)


INFO:sqlalchemy.engine.Engine:CREATE INDEX ix_houses_name ON houses (name)
INFO:sqlalchemy.engine.Engine:[no key 0.00432s] {}
DEBUG:app.db.session:Query eseguita in 0.02 secondi: CREATE INDEX ix_houses_name ON houses (name)
INFO:sqlalchemy.engine.Engine:
CREATE TABLE rooms (
	id SERIAL NOT NULL, 
	name VARCHAR NOT NULL, 
	description VARCHAR, 
	floor INTEGER NOT NULL, 
	area FLOAT NOT NULL, 
	house_id INTEGER NOT NULL, 
	created_at TIMESTAMP WITHOUT TIME ZONE NOT NULL, 
	updated_at TIMESTAMP WITHOUT TIME ZONE NOT NULL, 
	PRIMARY KEY (id), 
	FOREIGN KEY(house_id) REFERENCES houses (id)
)


INFO:sqlalchemy.engine.Engine:[no key 0.00112s] {}
DEBUG:app.db.session:Query eseguita in 0.03 secondi: 
CREATE TABLE rooms (
	id SERIAL NOT NULL, 
	name VARCHAR NOT NULL, 
	description VARCHAR, 
	floor INTEGER NOT NULL, 
	area FLOAT NOT NULL, 
	house_id INTEGER NOT NULL, 
	created_at TIMESTAMP WITHOUT TIME ZONE NOT NULL, 
	updated_at TIMESTAMP WITHOUT TIME ZONE NOT NULL, 
	PRIMARY KEY (id), 
	FOREIGN KEY(house_id) REFERENCES houses (id)
)


INFO:sqlalchemy.engine.Engine:CREATE INDEX ix_rooms_name ON rooms (name)
INFO:sqlalchemy.engine.Engine:[no key 0.00086s] {}
DEBUG:app.db.session:Query eseguita in 0.01 secondi: CREATE INDEX ix_rooms_name ON rooms (name)
INFO:sqlalchemy.engine.Engine:
CREATE TABLE nodes (
	id SERIAL NOT NULL, 
	name VARCHAR NOT NULL, 
	description VARCHAR, 
	nfc_id VARCHAR NOT NULL, 
	house_id INTEGER NOT NULL, 
	room_id INTEGER, 
	PRIMARY KEY (id), 
	FOREIGN KEY(house_id) REFERENCES houses (id), 
	FOREIGN KEY(room_id) REFERENCES rooms (id)
)


INFO:sqlalchemy.engine.Engine:[no key 0.00146s] {}
DEBUG:app.db.session:Query eseguita in 0.04 secondi: 
CREATE TABLE nodes (
	id SERIAL NOT NULL, 
	name VARCHAR NOT NULL, 
	description VARCHAR, 
	nfc_id VARCHAR NOT NULL, 
	house_id INTEGER NOT NULL, 
	room_id INTEGER, 
	PRIMARY KEY (id), 
	FOREIGN KEY(house_id) REFERENCES houses (id), 
	FOREIGN KEY(room_id) REFERENCES rooms (id)
)


INFO:sqlalchemy.engine.Engine:CREATE UNIQUE INDEX ix_nodes_nfc_id ON nodes (nfc_id)
INFO:sqlalchemy.engine.Engine:[no key 0.00219s] {}
DEBUG:app.db.session:Query eseguita in 0.01 secondi: CREATE UNIQUE INDEX ix_nodes_nfc_id ON nodes (nfc_id)
INFO:sqlalchemy.engine.Engine:
CREATE TABLE bookings (
	id SERIAL NOT NULL, 
	room_id INTEGER NOT NULL, 
	user_id INTEGER NOT NULL, 
	start_time TIMESTAMP WITHOUT TIME ZONE NOT NULL, 
	end_time TIMESTAMP WITHOUT TIME ZONE NOT NULL, 
	status VARCHAR NOT NULL, 
	notes VARCHAR, 
	created_at TIMESTAMP WITHOUT TIME ZONE NOT NULL, 
	updated_at TIMESTAMP WITHOUT TIME ZONE NOT NULL, 
	PRIMARY KEY (id), 
	FOREIGN KEY(room_id) REFERENCES rooms (id), 
	FOREIGN KEY(user_id) REFERENCES "user" (id)
)


INFO:sqlalchemy.engine.Engine:[no key 0.00143s] {}
DEBUG:app.db.session:Query eseguita in 0.04 secondi: 
CREATE TABLE bookings (
	id SERIAL NOT NULL, 
	room_id INTEGER NOT NULL, 
	user_id INTEGER NOT NULL, 
	start_time TIMESTAMP WITHOUT TIME ZONE NOT NULL, 
	end_time TIMESTAMP WITHOUT TIME ZONE NOT NULL, 
	status VARCHAR NOT NULL, 
	notes VARCHAR, 
	created_at TIMESTAMP WITHOUT TIME ZONE NOT NULL, 
	updated_at TIMESTAMP WITHOUT TIME ZONE NOT NULL, 
	PRIMARY KEY (id), 
	FOREIGN KEY(room_id) REFERENCES rooms (id), 
	FOREIGN KEY(user_id) REFERENCES "user" (id)
)


INFO:sqlalchemy.engine.Engine:
CREATE TABLE documents (
	id SERIAL NOT NULL, 
	created_at TIMESTAMP WITHOUT TIME ZONE NOT NULL, 
	updated_at TIMESTAMP WITHOUT TIME ZONE NOT NULL, 
	owner_id INTEGER NOT NULL, 
	name VARCHAR NOT NULL, 
	type VARCHAR NOT NULL, 
	size INTEGER NOT NULL, 
	upload_date TIMESTAMP WITHOUT TIME ZONE NOT NULL, 
	path VARCHAR NOT NULL, 
	checksum VARCHAR NOT NULL, 
	house_id INTEGER, 
	node_id INTEGER, 
	description VARCHAR, 
	PRIMARY KEY (id), 
	FOREIGN KEY(owner_id) REFERENCES "user" (id), 
	FOREIGN KEY(house_id) REFERENCES houses (id), 
	FOREIGN KEY(node_id) REFERENCES nodes (id)
)


INFO:sqlalchemy.engine.Engine:[no key 0.00349s] {}
DEBUG:app.db.session:Query eseguita in 0.04 secondi: 
CREATE TABLE documents (
	id SERIAL NOT NULL, 
	created_at TIMESTAMP WITHOUT TIME ZONE NOT NULL, 
	updated_at TIMESTAMP WITHOUT TIME ZONE NOT NULL, 
	owner_id INTEGER NOT NULL, 
	name VARCHAR NOT NULL, 
	type VARCHAR NOT NULL, 
	size INTEGER NOT NULL, 
	upload_date TIMESTAMP WITHOUT TIME ZONE NOT NULL, 
	path VARCHAR NOT NULL, 
	checksum VARCHAR NOT NULL, 
	house_id INTEGER, 
	node_id INTEGER, 
	description VARCHAR, 
	PRIMARY KEY (id), 
	FOREIGN KEY(owner_id) REFERENCES "user" (id), 
	FOREIGN KEY(house_id) REFERENCES houses (id), 
	FOREIGN KEY(node_id) REFERENCES nodes (id)
)


INFO:sqlalchemy.engine.Engine:CREATE INDEX ix_documents_owner_id ON documents (owner_id)
INFO:sqlalchemy.engine.Engine:[no key 0.00161s] {}
DEBUG:app.db.session:Query eseguita in 0.01 secondi: CREATE INDEX ix_documents_owner_id ON documents (owner_id)
INFO:sqlalchemy.engine.Engine:
CREATE TABLE document_versions (
	id SERIAL NOT NULL, 
	version_number INTEGER NOT NULL, 
	file_path VARCHAR NOT NULL, 
	file_size INTEGER NOT NULL, 
	checksum VARCHAR NOT NULL, 
	created_at TIMESTAMP WITHOUT TIME ZONE NOT NULL, 
	updated_at TIMESTAMP WITHOUT TIME ZONE NOT NULL, 
	document_id INTEGER NOT NULL, 
	created_by_id INTEGER, 
	PRIMARY KEY (id), 
	FOREIGN KEY(document_id) REFERENCES documents (id), 
	FOREIGN KEY(created_by_id) REFERENCES "user" (id)
)


INFO:sqlalchemy.engine.Engine:[no key 0.00366s] {}
DEBUG:app.db.session:Query eseguita in 0.06 secondi: 
CREATE TABLE document_versions (
	id SERIAL NOT NULL, 
	version_number INTEGER NOT NULL, 
	file_path VARCHAR NOT NULL, 
	file_size INTEGER NOT NULL, 
	checksum VARCHAR NOT NULL, 
	created_at TIMESTAMP WITHOUT TIME ZONE NOT NULL, 
	updated_at TIMESTAMP WITHOUT TIME ZONE NOT NULL, 
	document_id INTEGER NOT NULL, 
	created_by_id INTEGER, 
	PRIMARY KEY (id), 
	FOREIGN KEY(document_id) REFERENCES documents (id), 
	FOREIGN KEY(created_by_id) REFERENCES "user" (id)
)


INFO:sqlalchemy.engine.Engine:CREATE INDEX ix_document_versions_version_number ON document_versions (version_number)
INFO:sqlalchemy.engine.Engine:[no key 0.00084s] {}
DEBUG:app.db.session:Query eseguita in 0.01 secondi: CREATE INDEX ix_document_versions_version_number ON document_versions (version_number)
INFO:sqlalchemy.engine.Engine:CREATE INDEX ix_document_versions_created_by_id ON document_versions (created_by_id)
INFO:sqlalchemy.engine.Engine:[no key 0.00120s] {}
DEBUG:app.db.session:Query eseguita in 0.01 secondi: CREATE INDEX ix_document_versions_created_by_id ON document_versions (created_by_id)
INFO:sqlalchemy.engine.Engine:CREATE INDEX ix_document_versions_document_id ON document_versions (document_id)
INFO:sqlalchemy.engine.Engine:[no key 0.00091s] {}
DEBUG:app.db.session:Query eseguita in 0.01 secondi: CREATE INDEX ix_document_versions_document_id ON document_versions (document_id)
INFO:sqlalchemy.engine.Engine:
CREATE TABLE maintenance_records (
	id SERIAL NOT NULL, 
	node_id INTEGER NOT NULL, 
	timestamp TIMESTAMP WITHOUT TIME ZONE NOT NULL, 
	maintenance_type maintenancetype NOT NULL, 
	description VARCHAR NOT NULL, 
	status maintenancestatus NOT NULL, 
	notes VARCHAR, 
	document_id INTEGER, 
	PRIMARY KEY (id), 
	FOREIGN KEY(node_id) REFERENCES nodes (id), 
	FOREIGN KEY(document_id) REFERENCES documents (id)
)


INFO:sqlalchemy.engine.Engine:[no key 0.00154s] {}
DEBUG:app.db.session:Query eseguita in 0.06 secondi: 
CREATE TABLE maintenance_records (
	id SERIAL NOT NULL, 
	node_id INTEGER NOT NULL, 
	timestamp TIMESTAMP WITHOUT TIME ZONE NOT NULL, 
	maintenance_type maintenancetype NOT NULL, 
	description VARCHAR NOT NULL, 
	status maintenancestatus NOT NULL, 
	notes VARCHAR, 
	document_id INTEGER, 
	PRIMARY KEY (id), 
	FOREIGN KEY(node_id) REFERENCES nodes (id), 
	FOREIGN KEY(document_id) REFERENCES documents (id)
)


INFO:sqlalchemy.engine.Engine:CREATE INDEX ix_maintenance_records_node_id ON maintenance_records (node_id)
INFO:sqlalchemy.engine.Engine:[no key 0.00405s] {}
DEBUG:app.db.session:Query eseguita in 0.01 secondi: CREATE INDEX ix_maintenance_records_node_id ON maintenance_records (node_id)
INFO:sqlalchemy.engine.Engine:COMMIT
DEBUG:test_users:Test database tables created successfully
DEBUG:test_users:Test database session created successfully
DEBUG:conftest:Overriding get_session for tests...
DEBUG:tests.conftest_redis:Setting up FakeRedis for tests...
DEBUG:app.core.redis:Connessione Redis stabilita con successo
----------------------------- Captured log setup ------------------------------
DEBUG    test_users:test_users.py:38 Setting up test database session...
INFO     sqlalchemy.engine.Engine:base.py:1842 select pg_catalog.version()
INFO     sqlalchemy.engine.Engine:base.py:1842 [raw sql] {}
INFO     sqlalchemy.engine.Engine:base.py:1842 select current_schema()
INFO     sqlalchemy.engine.Engine:base.py:1842 [raw sql] {}
INFO     sqlalchemy.engine.Engine:base.py:1842 show standard_conforming_strings
INFO     sqlalchemy.engine.Engine:base.py:1842 [raw sql] {}
INFO     sqlalchemy.engine.Engine:base.py:2698 BEGIN (implicit)
INFO     sqlalchemy.engine.Engine:base.py:1842 SELECT pg_catalog.pg_class.relname 
FROM pg_catalog.pg_class JOIN pg_catalog.pg_namespace ON pg_catalog.pg_namespace.oid = pg_catalog.pg_class.relnamespace 
WHERE pg_catalog.pg_class.relname = %(table_name)s AND pg_catalog.pg_class.relkind = ANY (ARRAY[%(param_1)s, %(param_2)s, %(param_3)s, %(param_4)s, %(param_5)s]) AND pg_catalog.pg_table_is_visible(pg_catalog.pg_class.oid) AND pg_catalog.pg_namespace.nspname != %(nspname_1)s
INFO     sqlalchemy.engine.Engine:base.py:1842 [generated in 0.00101s] {'table_name': 'user', 'param_1': 'r', 'param_2': 'p', 'param_3': 'f', 'param_4': 'v', 'param_5': 'm', 'nspname_1': 'pg_catalog'}
DEBUG    app.db.session:session.py:30 Query eseguita in 0.02 secondi: SELECT pg_catalog.pg_class.relname 
FROM pg_catalog.pg_class JOIN pg_catalog.pg_namespace ON pg_catalog.pg_namespace.oid = pg_catalog.pg_class.relnamespace 
WHERE pg_catalog.pg_class.relname = %(table_name)s AND pg_catalog.pg_class.relkind = ANY (ARRAY[%(param_1)s, %(param_2)s, %(param_3)s, %(param_4)s, %(param_5)s]) AND pg_catalog.pg_table_is_visible(pg_catalog.pg_class.oid) AND pg_catalog.pg_namespace.nspname != %(nspname_1)s
INFO     sqlalchemy.engine.Engine:base.py:1842 SELECT pg_catalog.pg_class.relname 
FROM pg_catalog.pg_class JOIN pg_catalog.pg_namespace ON pg_catalog.pg_namespace.oid = pg_catalog.pg_class.relnamespace 
WHERE pg_catalog.pg_class.relname = %(table_name)s AND pg_catalog.pg_class.relkind = ANY (ARRAY[%(param_1)s, %(param_2)s, %(param_3)s, %(param_4)s, %(param_5)s]) AND pg_catalog.pg_table_is_visible(pg_catalog.pg_class.oid) AND pg_catalog.pg_namespace.nspname != %(nspname_1)s
INFO     sqlalchemy.engine.Engine:base.py:1842 [cached since 0.03231s ago] {'table_name': 'documents', 'param_1': 'r', 'param_2': 'p', 'param_3': 'f', 'param_4': 'v', 'param_5': 'm', 'nspname_1': 'pg_catalog'}
DEBUG    app.db.session:session.py:30 Query eseguita in 0.01 secondi: SELECT pg_catalog.pg_class.relname 
FROM pg_catalog.pg_class JOIN pg_catalog.pg_namespace ON pg_catalog.pg_namespace.oid = pg_catalog.pg_class.relnamespace 
WHERE pg_catalog.pg_class.relname = %(table_name)s AND pg_catalog.pg_class.relkind = ANY (ARRAY[%(param_1)s, %(param_2)s, %(param_3)s, %(param_4)s, %(param_5)s]) AND pg_catalog.pg_table_is_visible(pg_catalog.pg_class.oid) AND pg_catalog.pg_namespace.nspname != %(nspname_1)s
INFO     sqlalchemy.engine.Engine:base.py:1842 SELECT pg_catalog.pg_class.relname 
FROM pg_catalog.pg_class JOIN pg_catalog.pg_namespace ON pg_catalog.pg_namespace.oid = pg_catalog.pg_class.relnamespace 
WHERE pg_catalog.pg_class.relname = %(table_name)s AND pg_catalog.pg_class.relkind = ANY (ARRAY[%(param_1)s, %(param_2)s, %(param_3)s, %(param_4)s, %(param_5)s]) AND pg_catalog.pg_table_is_visible(pg_catalog.pg_class.oid) AND pg_catalog.pg_namespace.nspname != %(nspname_1)s
INFO     sqlalchemy.engine.Engine:base.py:1842 [cached since 0.04731s ago] {'table_name': 'document_versions', 'param_1': 'r', 'param_2': 'p', 'param_3': 'f', 'param_4': 'v', 'param_5': 'm', 'nspname_1': 'pg_catalog'}
DEBUG    app.db.session:session.py:30 Query eseguita in 0.01 secondi: SELECT pg_catalog.pg_class.relname 
FROM pg_catalog.pg_class JOIN pg_catalog.pg_namespace ON pg_catalog.pg_namespace.oid = pg_catalog.pg_class.relnamespace 
WHERE pg_catalog.pg_class.relname = %(table_name)s AND pg_catalog.pg_class.relkind = ANY (ARRAY[%(param_1)s, %(param_2)s, %(param_3)s, %(param_4)s, %(param_5)s]) AND pg_catalog.pg_table_is_visible(pg_catalog.pg_class.oid) AND pg_catalog.pg_namespace.nspname != %(nspname_1)s
INFO     sqlalchemy.engine.Engine:base.py:1842 SELECT pg_catalog.pg_class.relname 
FROM pg_catalog.pg_class JOIN pg_catalog.pg_namespace ON pg_catalog.pg_namespace.oid = pg_catalog.pg_class.relnamespace 
WHERE pg_catalog.pg_class.relname = %(table_name)s AND pg_catalog.pg_class.relkind = ANY (ARRAY[%(param_1)s, %(param_2)s, %(param_3)s, %(param_4)s, %(param_5)s]) AND pg_catalog.pg_table_is_visible(pg_catalog.pg_class.oid) AND pg_catalog.pg_namespace.nspname != %(nspname_1)s
INFO     sqlalchemy.engine.Engine:base.py:1842 [cached since 0.06046s ago] {'table_name': 'houses', 'param_1': 'r', 'param_2': 'p', 'param_3': 'f', 'param_4': 'v', 'param_5': 'm', 'nspname_1': 'pg_catalog'}
DEBUG    app.db.session:session.py:30 Query eseguita in 0.01 secondi: SELECT pg_catalog.pg_class.relname 
FROM pg_catalog.pg_class JOIN pg_catalog.pg_namespace ON pg_catalog.pg_namespace.oid = pg_catalog.pg_class.relnamespace 
WHERE pg_catalog.pg_class.relname = %(table_name)s AND pg_catalog.pg_class.relkind = ANY (ARRAY[%(param_1)s, %(param_2)s, %(param_3)s, %(param_4)s, %(param_5)s]) AND pg_catalog.pg_table_is_visible(pg_catalog.pg_class.oid) AND pg_catalog.pg_namespace.nspname != %(nspname_1)s
INFO     sqlalchemy.engine.Engine:base.py:1842 SELECT pg_catalog.pg_class.relname 
FROM pg_catalog.pg_class JOIN pg_catalog.pg_namespace ON pg_catalog.pg_namespace.oid = pg_catalog.pg_class.relnamespace 
WHERE pg_catalog.pg_class.relname = %(table_name)s AND pg_catalog.pg_class.relkind = ANY (ARRAY[%(param_1)s, %(param_2)s, %(param_3)s, %(param_4)s, %(param_5)s]) AND pg_catalog.pg_table_is_visible(pg_catalog.pg_class.oid) AND pg_catalog.pg_namespace.nspname != %(nspname_1)s
INFO     sqlalchemy.engine.Engine:base.py:1842 [cached since 0.07168s ago] {'table_name': 'nodes', 'param_1': 'r', 'param_2': 'p', 'param_3': 'f', 'param_4': 'v', 'param_5': 'm', 'nspname_1': 'pg_catalog'}
DEBUG    app.db.session:session.py:30 Query eseguita in 0.01 secondi: SELECT pg_catalog.pg_class.relname 
FROM pg_catalog.pg_class JOIN pg_catalog.pg_namespace ON pg_catalog.pg_namespace.oid = pg_catalog.pg_class.relnamespace 
WHERE pg_catalog.pg_class.relname = %(table_name)s AND pg_catalog.pg_class.relkind = ANY (ARRAY[%(param_1)s, %(param_2)s, %(param_3)s, %(param_4)s, %(param_5)s]) AND pg_catalog.pg_table_is_visible(pg_catalog.pg_class.oid) AND pg_catalog.pg_namespace.nspname != %(nspname_1)s
INFO     sqlalchemy.engine.Engine:base.py:1842 SELECT pg_catalog.pg_class.relname 
FROM pg_catalog.pg_class JOIN pg_catalog.pg_namespace ON pg_catalog.pg_namespace.oid = pg_catalog.pg_class.relnamespace 
WHERE pg_catalog.pg_class.relname = %(table_name)s AND pg_catalog.pg_class.relkind = ANY (ARRAY[%(param_1)s, %(param_2)s, %(param_3)s, %(param_4)s, %(param_5)s]) AND pg_catalog.pg_table_is_visible(pg_catalog.pg_class.oid) AND pg_catalog.pg_namespace.nspname != %(nspname_1)s
INFO     sqlalchemy.engine.Engine:base.py:1842 [cached since 0.08309s ago] {'table_name': 'rooms', 'param_1': 'r', 'param_2': 'p', 'param_3': 'f', 'param_4': 'v', 'param_5': 'm', 'nspname_1': 'pg_catalog'}
DEBUG    app.db.session:session.py:30 Query eseguita in 0.00 secondi: SELECT pg_catalog.pg_class.relname 
FROM pg_catalog.pg_class JOIN pg_catalog.pg_namespace ON pg_catalog.pg_namespace.oid = pg_catalog.pg_class.relnamespace 
WHERE pg_catalog.pg_class.relname = %(table_name)s AND pg_catalog.pg_class.relkind = ANY (ARRAY[%(param_1)s, %(param_2)s, %(param_3)s, %(param_4)s, %(param_5)s]) AND pg_catalog.pg_table_is_visible(pg_catalog.pg_class.oid) AND pg_catalog.pg_namespace.nspname != %(nspname_1)s
INFO     sqlalchemy.engine.Engine:base.py:1842 SELECT pg_catalog.pg_class.relname 
FROM pg_catalog.pg_class JOIN pg_catalog.pg_namespace ON pg_catalog.pg_namespace.oid = pg_catalog.pg_class.relnamespace 
WHERE pg_catalog.pg_class.relname = %(table_name)s AND pg_catalog.pg_class.relkind = ANY (ARRAY[%(param_1)s, %(param_2)s, %(param_3)s, %(param_4)s, %(param_5)s]) AND pg_catalog.pg_table_is_visible(pg_catalog.pg_class.oid) AND pg_catalog.pg_namespace.nspname != %(nspname_1)s
INFO     sqlalchemy.engine.Engine:base.py:1842 [cached since 0.09029s ago] {'table_name': 'bookings', 'param_1': 'r', 'param_2': 'p', 'param_3': 'f', 'param_4': 'v', 'param_5': 'm', 'nspname_1': 'pg_catalog'}
DEBUG    app.db.session:session.py:30 Query eseguita in 0.01 secondi: SELECT pg_catalog.pg_class.relname 
FROM pg_catalog.pg_class JOIN pg_catalog.pg_namespace ON pg_catalog.pg_namespace.oid = pg_catalog.pg_class.relnamespace 
WHERE pg_catalog.pg_class.relname = %(table_name)s AND pg_catalog.pg_class.relkind = ANY (ARRAY[%(param_1)s, %(param_2)s, %(param_3)s, %(param_4)s, %(param_5)s]) AND pg_catalog.pg_table_is_visible(pg_catalog.pg_class.oid) AND pg_catalog.pg_namespace.nspname != %(nspname_1)s
INFO     sqlalchemy.engine.Engine:base.py:1842 SELECT pg_catalog.pg_class.relname 
FROM pg_catalog.pg_class JOIN pg_catalog.pg_namespace ON pg_catalog.pg_namespace.oid = pg_catalog.pg_class.relnamespace 
WHERE pg_catalog.pg_class.relname = %(table_name)s AND pg_catalog.pg_class.relkind = ANY (ARRAY[%(param_1)s, %(param_2)s, %(param_3)s, %(param_4)s, %(param_5)s]) AND pg_catalog.pg_table_is_visible(pg_catalog.pg_class.oid) AND pg_catalog.pg_namespace.nspname != %(nspname_1)s
INFO     sqlalchemy.engine.Engine:base.py:1842 [cached since 0.1011s ago] {'table_name': 'maintenance_records', 'param_1': 'r', 'param_2': 'p', 'param_3': 'f', 'param_4': 'v', 'param_5': 'm', 'nspname_1': 'pg_catalog'}
DEBUG    app.db.session:session.py:30 Query eseguita in 0.01 secondi: SELECT pg_catalog.pg_class.relname 
FROM pg_catalog.pg_class JOIN pg_catalog.pg_namespace ON pg_catalog.pg_namespace.oid = pg_catalog.pg_class.relnamespace 
WHERE pg_catalog.pg_class.relname = %(table_name)s AND pg_catalog.pg_class.relkind = ANY (ARRAY[%(param_1)s, %(param_2)s, %(param_3)s, %(param_4)s, %(param_5)s]) AND pg_catalog.pg_table_is_visible(pg_catalog.pg_class.oid) AND pg_catalog.pg_namespace.nspname != %(nspname_1)s
INFO     sqlalchemy.engine.Engine:base.py:1842 SELECT pg_catalog.pg_type.typname 
FROM pg_catalog.pg_type JOIN pg_catalog.pg_namespace ON pg_catalog.pg_namespace.oid = pg_catalog.pg_type.typnamespace 
WHERE pg_catalog.pg_type.typname = %(typname_1)s AND pg_catalog.pg_type_is_visible(pg_catalog.pg_type.oid) AND pg_catalog.pg_namespace.nspname != %(nspname_1)s
INFO     sqlalchemy.engine.Engine:base.py:1842 [generated in 0.00156s] {'typname_1': 'maintenancetype', 'nspname_1': 'pg_catalog'}
DEBUG    app.db.session:session.py:30 Query eseguita in 0.01 secondi: SELECT pg_catalog.pg_type.typname 
FROM pg_catalog.pg_type JOIN pg_catalog.pg_namespace ON pg_catalog.pg_namespace.oid = pg_catalog.pg_type.typnamespace 
WHERE pg_catalog.pg_type.typname = %(typname_1)s AND pg_catalog.pg_type_is_visible(pg_catalog.pg_type.oid) AND pg_catalog.pg_namespace.nspname != %(nspname_1)s
INFO     sqlalchemy.engine.Engine:base.py:1842 CREATE TYPE maintenancetype AS ENUM ('ROUTINE', 'PREVENTIVE', 'CORRECTIVE', 'EMERGENCY', 'INSPECTION')
INFO     sqlalchemy.engine.Engine:base.py:1842 [no key 0.00088s] {}
DEBUG    app.db.session:session.py:30 Query eseguita in 0.01 secondi: CREATE TYPE maintenancetype AS ENUM ('ROUTINE', 'PREVENTIVE', 'CORRECTIVE', 'EMERGENCY', 'INSPECTION')
INFO     sqlalchemy.engine.Engine:base.py:1842 SELECT pg_catalog.pg_type.typname 
FROM pg_catalog.pg_type JOIN pg_catalog.pg_namespace ON pg_catalog.pg_namespace.oid = pg_catalog.pg_type.typnamespace 
WHERE pg_catalog.pg_type.typname = %(typname_1)s AND pg_catalog.pg_type_is_visible(pg_catalog.pg_type.oid) AND pg_catalog.pg_namespace.nspname != %(nspname_1)s
INFO     sqlalchemy.engine.Engine:base.py:1842 [cached since 0.03265s ago] {'typname_1': 'maintenancestatus', 'nspname_1': 'pg_catalog'}
DEBUG    app.db.session:session.py:30 Query eseguita in 0.00 secondi: SELECT pg_catalog.pg_type.typname 
FROM pg_catalog.pg_type JOIN pg_catalog.pg_namespace ON pg_catalog.pg_namespace.oid = pg_catalog.pg_type.typnamespace 
WHERE pg_catalog.pg_type.typname = %(typname_1)s AND pg_catalog.pg_type_is_visible(pg_catalog.pg_type.oid) AND pg_catalog.pg_namespace.nspname != %(nspname_1)s
INFO     sqlalchemy.engine.Engine:base.py:1842 CREATE TYPE maintenancestatus AS ENUM ('PENDING', 'COMPLETED', 'FAILED')
INFO     sqlalchemy.engine.Engine:base.py:1842 [no key 0.00184s] {}
DEBUG    app.db.session:session.py:30 Query eseguita in 0.01 secondi: CREATE TYPE maintenancestatus AS ENUM ('PENDING', 'COMPLETED', 'FAILED')
INFO     sqlalchemy.engine.Engine:base.py:1842 
CREATE TABLE "user" (
	id SERIAL NOT NULL, 
	email VARCHAR NOT NULL, 
	username VARCHAR NOT NULL, 
	hashed_password VARCHAR NOT NULL, 
	is_active BOOLEAN NOT NULL, 
	is_superuser BOOLEAN NOT NULL, 
	is_verified BOOLEAN NOT NULL, 
	created_at TIMESTAMP WITHOUT TIME ZONE NOT NULL, 
	updated_at TIMESTAMP WITHOUT TIME ZONE NOT NULL, 
	last_login TIMESTAMP WITH TIME ZONE, 
	full_name VARCHAR(255), 
	phone_number VARCHAR(20), 
	PRIMARY KEY (id)
)


INFO     sqlalchemy.engine.Engine:base.py:1842 [no key 0.00172s] {}
DEBUG    app.db.session:session.py:30 Query eseguita in 0.04 secondi: 
CREATE TABLE "user" (
	id SERIAL NOT NULL, 
	email VARCHAR NOT NULL, 
	username VARCHAR NOT NULL, 
	hashed_password VARCHAR NOT NULL, 
	is_active BOOLEAN NOT NULL, 
	is_superuser BOOLEAN NOT NULL, 
	is_verified BOOLEAN NOT NULL, 
	created_at TIMESTAMP WITHOUT TIME ZONE NOT NULL, 
	updated_at TIMESTAMP WITHOUT TIME ZONE NOT NULL, 
	last_login TIMESTAMP WITH TIME ZONE, 
	full_name VARCHAR(255), 
	phone_number VARCHAR(20), 
	PRIMARY KEY (id)
)


INFO     sqlalchemy.engine.Engine:base.py:1842 CREATE UNIQUE INDEX ix_user_email ON "user" (email)
INFO     sqlalchemy.engine.Engine:base.py:1842 [no key 0.00317s] {}
DEBUG    app.db.session:session.py:30 Query eseguita in 0.01 secondi: CREATE UNIQUE INDEX ix_user_email ON "user" (email)
INFO     sqlalchemy.engine.Engine:base.py:1842 CREATE UNIQUE INDEX ix_user_username ON "user" (username)
INFO     sqlalchemy.engine.Engine:base.py:1842 [no key 0.00304s] {}
DEBUG    app.db.session:session.py:30 Query eseguita in 0.02 secondi: CREATE UNIQUE INDEX ix_user_username ON "user" (username)
INFO     sqlalchemy.engine.Engine:base.py:1842 
CREATE TABLE houses (
	id SERIAL NOT NULL, 
	name VARCHAR NOT NULL, 
	address VARCHAR NOT NULL, 
	owner_id INTEGER NOT NULL, 
	created_at TIMESTAMP WITHOUT TIME ZONE NOT NULL, 
	updated_at TIMESTAMP WITHOUT TIME ZONE NOT NULL, 
	PRIMARY KEY (id), 
	FOREIGN KEY(owner_id) REFERENCES "user" (id)
)


INFO     sqlalchemy.engine.Engine:base.py:1842 [no key 0.00149s] {}
DEBUG    app.db.session:session.py:30 Query eseguita in 0.05 secondi: 
CREATE TABLE houses (
	id SERIAL NOT NULL, 
	name VARCHAR NOT NULL, 
	address VARCHAR NOT NULL, 
	owner_id INTEGER NOT NULL, 
	created_at TIMESTAMP WITHOUT TIME ZONE NOT NULL, 
	updated_at TIMESTAMP WITHOUT TIME ZONE NOT NULL, 
	PRIMARY KEY (id), 
	FOREIGN KEY(owner_id) REFERENCES "user" (id)
)


INFO     sqlalchemy.engine.Engine:base.py:1842 CREATE INDEX ix_houses_name ON houses (name)
INFO     sqlalchemy.engine.Engine:base.py:1842 [no key 0.00432s] {}
DEBUG    app.db.session:session.py:30 Query eseguita in 0.02 secondi: CREATE INDEX ix_houses_name ON houses (name)
INFO     sqlalchemy.engine.Engine:base.py:1842 
CREATE TABLE rooms (
	id SERIAL NOT NULL, 
	name VARCHAR NOT NULL, 
	description VARCHAR, 
	floor INTEGER NOT NULL, 
	area FLOAT NOT NULL, 
	house_id INTEGER NOT NULL, 
	created_at TIMESTAMP WITHOUT TIME ZONE NOT NULL, 
	updated_at TIMESTAMP WITHOUT TIME ZONE NOT NULL, 
	PRIMARY KEY (id), 
	FOREIGN KEY(house_id) REFERENCES houses (id)
)


INFO     sqlalchemy.engine.Engine:base.py:1842 [no key 0.00112s] {}
DEBUG    app.db.session:session.py:30 Query eseguita in 0.03 secondi: 
CREATE TABLE rooms (
	id SERIAL NOT NULL, 
	name VARCHAR NOT NULL, 
	description VARCHAR, 
	floor INTEGER NOT NULL, 
	area FLOAT NOT NULL, 
	house_id INTEGER NOT NULL, 
	created_at TIMESTAMP WITHOUT TIME ZONE NOT NULL, 
	updated_at TIMESTAMP WITHOUT TIME ZONE NOT NULL, 
	PRIMARY KEY (id), 
	FOREIGN KEY(house_id) REFERENCES houses (id)
)


INFO     sqlalchemy.engine.Engine:base.py:1842 CREATE INDEX ix_rooms_name ON rooms (name)
INFO     sqlalchemy.engine.Engine:base.py:1842 [no key 0.00086s] {}
DEBUG    app.db.session:session.py:30 Query eseguita in 0.01 secondi: CREATE INDEX ix_rooms_name ON rooms (name)
INFO     sqlalchemy.engine.Engine:base.py:1842 
CREATE TABLE nodes (
	id SERIAL NOT NULL, 
	name VARCHAR NOT NULL, 
	description VARCHAR, 
	nfc_id VARCHAR NOT NULL, 
	house_id INTEGER NOT NULL, 
	room_id INTEGER, 
	PRIMARY KEY (id), 
	FOREIGN KEY(house_id) REFERENCES houses (id), 
	FOREIGN KEY(room_id) REFERENCES rooms (id)
)


INFO     sqlalchemy.engine.Engine:base.py:1842 [no key 0.00146s] {}
DEBUG    app.db.session:session.py:30 Query eseguita in 0.04 secondi: 
CREATE TABLE nodes (
	id SERIAL NOT NULL, 
	name VARCHAR NOT NULL, 
	description VARCHAR, 
	nfc_id VARCHAR NOT NULL, 
	house_id INTEGER NOT NULL, 
	room_id INTEGER, 
	PRIMARY KEY (id), 
	FOREIGN KEY(house_id) REFERENCES houses (id), 
	FOREIGN KEY(room_id) REFERENCES rooms (id)
)


INFO     sqlalchemy.engine.Engine:base.py:1842 CREATE UNIQUE INDEX ix_nodes_nfc_id ON nodes (nfc_id)
INFO     sqlalchemy.engine.Engine:base.py:1842 [no key 0.00219s] {}
DEBUG    app.db.session:session.py:30 Query eseguita in 0.01 secondi: CREATE UNIQUE INDEX ix_nodes_nfc_id ON nodes (nfc_id)
INFO     sqlalchemy.engine.Engine:base.py:1842 
CREATE TABLE bookings (
	id SERIAL NOT NULL, 
	room_id INTEGER NOT NULL, 
	user_id INTEGER NOT NULL, 
	start_time TIMESTAMP WITHOUT TIME ZONE NOT NULL, 
	end_time TIMESTAMP WITHOUT TIME ZONE NOT NULL, 
	status VARCHAR NOT NULL, 
	notes VARCHAR, 
	created_at TIMESTAMP WITHOUT TIME ZONE NOT NULL, 
	updated_at TIMESTAMP WITHOUT TIME ZONE NOT NULL, 
	PRIMARY KEY (id), 
	FOREIGN KEY(room_id) REFERENCES rooms (id), 
	FOREIGN KEY(user_id) REFERENCES "user" (id)
)


INFO     sqlalchemy.engine.Engine:base.py:1842 [no key 0.00143s] {}
DEBUG    app.db.session:session.py:30 Query eseguita in 0.04 secondi: 
CREATE TABLE bookings (
	id SERIAL NOT NULL, 
	room_id INTEGER NOT NULL, 
	user_id INTEGER NOT NULL, 
	start_time TIMESTAMP WITHOUT TIME ZONE NOT NULL, 
	end_time TIMESTAMP WITHOUT TIME ZONE NOT NULL, 
	status VARCHAR NOT NULL, 
	notes VARCHAR, 
	created_at TIMESTAMP WITHOUT TIME ZONE NOT NULL, 
	updated_at TIMESTAMP WITHOUT TIME ZONE NOT NULL, 
	PRIMARY KEY (id), 
	FOREIGN KEY(room_id) REFERENCES rooms (id), 
	FOREIGN KEY(user_id) REFERENCES "user" (id)
)


INFO     sqlalchemy.engine.Engine:base.py:1842 
CREATE TABLE documents (
	id SERIAL NOT NULL, 
	created_at TIMESTAMP WITHOUT TIME ZONE NOT NULL, 
	updated_at TIMESTAMP WITHOUT TIME ZONE NOT NULL, 
	owner_id INTEGER NOT NULL, 
	name VARCHAR NOT NULL, 
	type VARCHAR NOT NULL, 
	size INTEGER NOT NULL, 
	upload_date TIMESTAMP WITHOUT TIME ZONE NOT NULL, 
	path VARCHAR NOT NULL, 
	checksum VARCHAR NOT NULL, 
	house_id INTEGER, 
	node_id INTEGER, 
	description VARCHAR, 
	PRIMARY KEY (id), 
	FOREIGN KEY(owner_id) REFERENCES "user" (id), 
	FOREIGN KEY(house_id) REFERENCES houses (id), 
	FOREIGN KEY(node_id) REFERENCES nodes (id)
)


INFO     sqlalchemy.engine.Engine:base.py:1842 [no key 0.00349s] {}
DEBUG    app.db.session:session.py:30 Query eseguita in 0.04 secondi: 
CREATE TABLE documents (
	id SERIAL NOT NULL, 
	created_at TIMESTAMP WITHOUT TIME ZONE NOT NULL, 
	updated_at TIMESTAMP WITHOUT TIME ZONE NOT NULL, 
	owner_id INTEGER NOT NULL, 
	name VARCHAR NOT NULL, 
	type VARCHAR NOT NULL, 
	size INTEGER NOT NULL, 
	upload_date TIMESTAMP WITHOUT TIME ZONE NOT NULL, 
	path VARCHAR NOT NULL, 
	checksum VARCHAR NOT NULL, 
	house_id INTEGER, 
	node_id INTEGER, 
	description VARCHAR, 
	PRIMARY KEY (id), 
	FOREIGN KEY(owner_id) REFERENCES "user" (id), 
	FOREIGN KEY(house_id) REFERENCES houses (id), 
	FOREIGN KEY(node_id) REFERENCES nodes (id)
)


INFO     sqlalchemy.engine.Engine:base.py:1842 CREATE INDEX ix_documents_owner_id ON documents (owner_id)
INFO     sqlalchemy.engine.Engine:base.py:1842 [no key 0.00161s] {}
DEBUG    app.db.session:session.py:30 Query eseguita in 0.01 secondi: CREATE INDEX ix_documents_owner_id ON documents (owner_id)
INFO     sqlalchemy.engine.Engine:base.py:1842 
CREATE TABLE document_versions (
	id SERIAL NOT NULL, 
	version_number INTEGER NOT NULL, 
	file_path VARCHAR NOT NULL, 
	file_size INTEGER NOT NULL, 
	checksum VARCHAR NOT NULL, 
	created_at TIMESTAMP WITHOUT TIME ZONE NOT NULL, 
	updated_at TIMESTAMP WITHOUT TIME ZONE NOT NULL, 
	document_id INTEGER NOT NULL, 
	created_by_id INTEGER, 
	PRIMARY KEY (id), 
	FOREIGN KEY(document_id) REFERENCES documents (id), 
	FOREIGN KEY(created_by_id) REFERENCES "user" (id)
)


INFO     sqlalchemy.engine.Engine:base.py:1842 [no key 0.00366s] {}
DEBUG    app.db.session:session.py:30 Query eseguita in 0.06 secondi: 
CREATE TABLE document_versions (
	id SERIAL NOT NULL, 
	version_number INTEGER NOT NULL, 
	file_path VARCHAR NOT NULL, 
	file_size INTEGER NOT NULL, 
	checksum VARCHAR NOT NULL, 
	created_at TIMESTAMP WITHOUT TIME ZONE NOT NULL, 
	updated_at TIMESTAMP WITHOUT TIME ZONE NOT NULL, 
	document_id INTEGER NOT NULL, 
	created_by_id INTEGER, 
	PRIMARY KEY (id), 
	FOREIGN KEY(document_id) REFERENCES documents (id), 
	FOREIGN KEY(created_by_id) REFERENCES "user" (id)
)


INFO     sqlalchemy.engine.Engine:base.py:1842 CREATE INDEX ix_document_versions_version_number ON document_versions (version_number)
INFO     sqlalchemy.engine.Engine:base.py:1842 [no key 0.00084s] {}
DEBUG    app.db.session:session.py:30 Query eseguita in 0.01 secondi: CREATE INDEX ix_document_versions_version_number ON document_versions (version_number)
INFO     sqlalchemy.engine.Engine:base.py:1842 CREATE INDEX ix_document_versions_created_by_id ON document_versions (created_by_id)
INFO     sqlalchemy.engine.Engine:base.py:1842 [no key 0.00120s] {}
DEBUG    app.db.session:session.py:30 Query eseguita in 0.01 secondi: CREATE INDEX ix_document_versions_created_by_id ON document_versions (created_by_id)
INFO     sqlalchemy.engine.Engine:base.py:1842 CREATE INDEX ix_document_versions_document_id ON document_versions (document_id)
INFO     sqlalchemy.engine.Engine:base.py:1842 [no key 0.00091s] {}
DEBUG    app.db.session:session.py:30 Query eseguita in 0.01 secondi: CREATE INDEX ix_document_versions_document_id ON document_versions (document_id)
INFO     sqlalchemy.engine.Engine:base.py:1842 
CREATE TABLE maintenance_records (
	id SERIAL NOT NULL, 
	node_id INTEGER NOT NULL, 
	timestamp TIMESTAMP WITHOUT TIME ZONE NOT NULL, 
	maintenance_type maintenancetype NOT NULL, 
	description VARCHAR NOT NULL, 
	status maintenancestatus NOT NULL, 
	notes VARCHAR, 
	document_id INTEGER, 
	PRIMARY KEY (id), 
	FOREIGN KEY(node_id) REFERENCES nodes (id), 
	FOREIGN KEY(document_id) REFERENCES documents (id)
)


INFO     sqlalchemy.engine.Engine:base.py:1842 [no key 0.00154s] {}
DEBUG    app.db.session:session.py:30 Query eseguita in 0.06 secondi: 
CREATE TABLE maintenance_records (
	id SERIAL NOT NULL, 
	node_id INTEGER NOT NULL, 
	timestamp TIMESTAMP WITHOUT TIME ZONE NOT NULL, 
	maintenance_type maintenancetype NOT NULL, 
	description VARCHAR NOT NULL, 
	status maintenancestatus NOT NULL, 
	notes VARCHAR, 
	document_id INTEGER, 
	PRIMARY KEY (id), 
	FOREIGN KEY(node_id) REFERENCES nodes (id), 
	FOREIGN KEY(document_id) REFERENCES documents (id)
)


INFO     sqlalchemy.engine.Engine:base.py:1842 CREATE INDEX ix_maintenance_records_node_id ON maintenance_records (node_id)
INFO     sqlalchemy.engine.Engine:base.py:1842 [no key 0.00405s] {}
DEBUG    app.db.session:session.py:30 Query eseguita in 0.01 secondi: CREATE INDEX ix_maintenance_records_node_id ON maintenance_records (node_id)
INFO     sqlalchemy.engine.Engine:base.py:2704 COMMIT
DEBUG    test_users:test_users.py:52 Test database tables created successfully
DEBUG    test_users:test_users.py:55 Test database session created successfully
DEBUG    conftest:conftest.py:269 Overriding get_session for tests...
DEBUG    tests.conftest_redis:conftest_redis.py:18 Setting up FakeRedis for tests...
DEBUG    app.core.redis:redis.py:24 Connessione Redis stabilita con successo
---------------------------- Captured stderr call -----------------------------
DEBUG:asyncio:Using proactor: IocpProactor
INFO:httpx:HTTP Request: GET http://testserver/api/v1/users/999 "HTTP/1.1 401 Unauthorized"
------------------------------ Captured log call ------------------------------
DEBUG    asyncio:proactor_events.py:631 Using proactor: IocpProactor
INFO     httpx:_client.py:1025 HTTP Request: GET http://testserver/api/v1/users/999 "HTTP/1.1 401 Unauthorized"
-------------------------- Captured stdout teardown ---------------------------
2025-06-17 11:29:11,411 INFO sqlalchemy.engine.Engine BEGIN (implicit)
2025-06-17 11:29:11,413 INFO sqlalchemy.engine.Engine DROP SCHEMA public CASCADE
2025-06-17 11:29:11,415 INFO sqlalchemy.engine.Engine [generated in 0.00462s] {}
2025-06-17 11:29:11,512 INFO sqlalchemy.engine.Engine CREATE SCHEMA public
2025-06-17 11:29:11,514 INFO sqlalchemy.engine.Engine [generated in 0.00129s] {}
2025-06-17 11:29:11,521 INFO sqlalchemy.engine.Engine COMMIT
-------------------------- Captured stderr teardown ---------------------------
DEBUG:tests.conftest_redis:Restored original Redis client
DEBUG:conftest:get_session override cleared
DEBUG:test_users:Cleaning up test database session...
INFO:sqlalchemy.engine.Engine:BEGIN (implicit)
INFO:sqlalchemy.engine.Engine:DROP SCHEMA public CASCADE
INFO:sqlalchemy.engine.Engine:[generated in 0.00462s] {}
DEBUG:app.db.session:Query eseguita in 0.10 secondi: DROP SCHEMA public CASCADE
INFO:sqlalchemy.engine.Engine:CREATE SCHEMA public
INFO:sqlalchemy.engine.Engine:[generated in 0.00129s] {}
DEBUG:app.db.session:Query eseguita in 0.01 secondi: CREATE SCHEMA public
INFO:sqlalchemy.engine.Engine:COMMIT
DEBUG:test_users:Test database cleanup completed
DEBUG:test_users:Session fixture completed in 2.06 seconds
---------------------------- Captured log teardown ----------------------------
DEBUG    tests.conftest_redis:conftest_redis.py:29 Restored original Redis client
DEBUG    conftest:conftest.py:275 get_session override cleared
DEBUG    test_users:test_users.py:57 Cleaning up test database session...
INFO     sqlalchemy.engine.Engine:base.py:2698 BEGIN (implicit)
INFO     sqlalchemy.engine.Engine:base.py:1842 DROP SCHEMA public CASCADE
INFO     sqlalchemy.engine.Engine:base.py:1842 [generated in 0.00462s] {}
DEBUG    app.db.session:session.py:30 Query eseguita in 0.10 secondi: DROP SCHEMA public CASCADE
INFO     sqlalchemy.engine.Engine:base.py:1842 CREATE SCHEMA public
INFO     sqlalchemy.engine.Engine:base.py:1842 [generated in 0.00129s] {}
DEBUG    app.db.session:session.py:30 Query eseguita in 0.01 secondi: CREATE SCHEMA public
INFO     sqlalchemy.engine.Engine:base.py:2704 COMMIT
DEBUG    test_users:test_users.py:63 Test database cleanup completed
DEBUG    test_users:test_users.py:68 Session fixture completed in 2.06 seconds
______________________________ test_update_user _______________________________
tests\api\test_users.py:409: in test_update_user
    user_id = create_response.json()["id"]
              ^^^^^^^^^^^^^^^^^^^^^^^^^^^^
E   KeyError: 'id'
---------------------------- Captured stdout setup ----------------------------
2025-06-17 11:29:12,044 INFO sqlalchemy.engine.Engine select pg_catalog.version()
2025-06-17 11:29:12,046 INFO sqlalchemy.engine.Engine [raw sql] {}
2025-06-17 11:29:12,053 INFO sqlalchemy.engine.Engine select current_schema()
2025-06-17 11:29:12,055 INFO sqlalchemy.engine.Engine [raw sql] {}
2025-06-17 11:29:12,057 INFO sqlalchemy.engine.Engine show standard_conforming_strings
2025-06-17 11:29:12,058 INFO sqlalchemy.engine.Engine [raw sql] {}
2025-06-17 11:29:12,063 INFO sqlalchemy.engine.Engine BEGIN (implicit)
2025-06-17 11:29:12,075 INFO sqlalchemy.engine.Engine SELECT pg_catalog.pg_class.relname 
FROM pg_catalog.pg_class JOIN pg_catalog.pg_namespace ON pg_catalog.pg_namespace.oid = pg_catalog.pg_class.relnamespace 
WHERE pg_catalog.pg_class.relname = %(table_name)s AND pg_catalog.pg_class.relkind = ANY (ARRAY[%(param_1)s, %(param_2)s, %(param_3)s, %(param_4)s, %(param_5)s]) AND pg_catalog.pg_table_is_visible(pg_catalog.pg_class.oid) AND pg_catalog.pg_namespace.nspname != %(nspname_1)s
2025-06-17 11:29:12,080 INFO sqlalchemy.engine.Engine [generated in 0.00574s] {'table_name': 'user', 'param_1': 'r', 'param_2': 'p', 'param_3': 'f', 'param_4': 'v', 'param_5': 'm', 'nspname_1': 'pg_catalog'}
2025-06-17 11:29:12,096 INFO sqlalchemy.engine.Engine SELECT pg_catalog.pg_class.relname 
FROM pg_catalog.pg_class JOIN pg_catalog.pg_namespace ON pg_catalog.pg_namespace.oid = pg_catalog.pg_class.relnamespace 
WHERE pg_catalog.pg_class.relname = %(table_name)s AND pg_catalog.pg_class.relkind = ANY (ARRAY[%(param_1)s, %(param_2)s, %(param_3)s, %(param_4)s, %(param_5)s]) AND pg_catalog.pg_table_is_visible(pg_catalog.pg_class.oid) AND pg_catalog.pg_namespace.nspname != %(nspname_1)s
2025-06-17 11:29:12,098 INFO sqlalchemy.engine.Engine [cached since 0.02413s ago] {'table_name': 'documents', 'param_1': 'r', 'param_2': 'p', 'param_3': 'f', 'param_4': 'v', 'param_5': 'm', 'nspname_1': 'pg_catalog'}
2025-06-17 11:29:12,106 INFO sqlalchemy.engine.Engine SELECT pg_catalog.pg_class.relname 
FROM pg_catalog.pg_class JOIN pg_catalog.pg_namespace ON pg_catalog.pg_namespace.oid = pg_catalog.pg_class.relnamespace 
WHERE pg_catalog.pg_class.relname = %(table_name)s AND pg_catalog.pg_class.relkind = ANY (ARRAY[%(param_1)s, %(param_2)s, %(param_3)s, %(param_4)s, %(param_5)s]) AND pg_catalog.pg_table_is_visible(pg_catalog.pg_class.oid) AND pg_catalog.pg_namespace.nspname != %(nspname_1)s
2025-06-17 11:29:12,107 INFO sqlalchemy.engine.Engine [cached since 0.03284s ago] {'table_name': 'document_versions', 'param_1': 'r', 'param_2': 'p', 'param_3': 'f', 'param_4': 'v', 'param_5': 'm', 'nspname_1': 'pg_catalog'}
2025-06-17 11:29:12,113 INFO sqlalchemy.engine.Engine SELECT pg_catalog.pg_class.relname 
FROM pg_catalog.pg_class JOIN pg_catalog.pg_namespace ON pg_catalog.pg_namespace.oid = pg_catalog.pg_class.relnamespace 
WHERE pg_catalog.pg_class.relname = %(table_name)s AND pg_catalog.pg_class.relkind = ANY (ARRAY[%(param_1)s, %(param_2)s, %(param_3)s, %(param_4)s, %(param_5)s]) AND pg_catalog.pg_table_is_visible(pg_catalog.pg_class.oid) AND pg_catalog.pg_namespace.nspname != %(nspname_1)s
2025-06-17 11:29:12,116 INFO sqlalchemy.engine.Engine [cached since 0.042s ago] {'table_name': 'houses', 'param_1': 'r', 'param_2': 'p', 'param_3': 'f', 'param_4': 'v', 'param_5': 'm', 'nspname_1': 'pg_catalog'}
2025-06-17 11:29:12,123 INFO sqlalchemy.engine.Engine SELECT pg_catalog.pg_class.relname 
FROM pg_catalog.pg_class JOIN pg_catalog.pg_namespace ON pg_catalog.pg_namespace.oid = pg_catalog.pg_class.relnamespace 
WHERE pg_catalog.pg_class.relname = %(table_name)s AND pg_catalog.pg_class.relkind = ANY (ARRAY[%(param_1)s, %(param_2)s, %(param_3)s, %(param_4)s, %(param_5)s]) AND pg_catalog.pg_table_is_visible(pg_catalog.pg_class.oid) AND pg_catalog.pg_namespace.nspname != %(nspname_1)s
2025-06-17 11:29:12,124 INFO sqlalchemy.engine.Engine [cached since 0.04953s ago] {'table_name': 'nodes', 'param_1': 'r', 'param_2': 'p', 'param_3': 'f', 'param_4': 'v', 'param_5': 'm', 'nspname_1': 'pg_catalog'}
2025-06-17 11:29:12,136 INFO sqlalchemy.engine.Engine SELECT pg_catalog.pg_class.relname 
FROM pg_catalog.pg_class JOIN pg_catalog.pg_namespace ON pg_catalog.pg_namespace.oid = pg_catalog.pg_class.relnamespace 
WHERE pg_catalog.pg_class.relname = %(table_name)s AND pg_catalog.pg_class.relkind = ANY (ARRAY[%(param_1)s, %(param_2)s, %(param_3)s, %(param_4)s, %(param_5)s]) AND pg_catalog.pg_table_is_visible(pg_catalog.pg_class.oid) AND pg_catalog.pg_namespace.nspname != %(nspname_1)s
2025-06-17 11:29:12,138 INFO sqlalchemy.engine.Engine [cached since 0.06375s ago] {'table_name': 'rooms', 'param_1': 'r', 'param_2': 'p', 'param_3': 'f', 'param_4': 'v', 'param_5': 'm', 'nspname_1': 'pg_catalog'}
2025-06-17 11:29:12,143 INFO sqlalchemy.engine.Engine SELECT pg_catalog.pg_class.relname 
FROM pg_catalog.pg_class JOIN pg_catalog.pg_namespace ON pg_catalog.pg_namespace.oid = pg_catalog.pg_class.relnamespace 
WHERE pg_catalog.pg_class.relname = %(table_name)s AND pg_catalog.pg_class.relkind = ANY (ARRAY[%(param_1)s, %(param_2)s, %(param_3)s, %(param_4)s, %(param_5)s]) AND pg_catalog.pg_table_is_visible(pg_catalog.pg_class.oid) AND pg_catalog.pg_namespace.nspname != %(nspname_1)s
2025-06-17 11:29:12,145 INFO sqlalchemy.engine.Engine [cached since 0.07072s ago] {'table_name': 'bookings', 'param_1': 'r', 'param_2': 'p', 'param_3': 'f', 'param_4': 'v', 'param_5': 'm', 'nspname_1': 'pg_catalog'}
2025-06-17 11:29:12,154 INFO sqlalchemy.engine.Engine SELECT pg_catalog.pg_class.relname 
FROM pg_catalog.pg_class JOIN pg_catalog.pg_namespace ON pg_catalog.pg_namespace.oid = pg_catalog.pg_class.relnamespace 
WHERE pg_catalog.pg_class.relname = %(table_name)s AND pg_catalog.pg_class.relkind = ANY (ARRAY[%(param_1)s, %(param_2)s, %(param_3)s, %(param_4)s, %(param_5)s]) AND pg_catalog.pg_table_is_visible(pg_catalog.pg_class.oid) AND pg_catalog.pg_namespace.nspname != %(nspname_1)s
2025-06-17 11:29:12,155 INFO sqlalchemy.engine.Engine [cached since 0.08111s ago] {'table_name': 'maintenance_records', 'param_1': 'r', 'param_2': 'p', 'param_3': 'f', 'param_4': 'v', 'param_5': 'm', 'nspname_1': 'pg_catalog'}
2025-06-17 11:29:12,171 INFO sqlalchemy.engine.Engine SELECT pg_catalog.pg_type.typname 
FROM pg_catalog.pg_type JOIN pg_catalog.pg_namespace ON pg_catalog.pg_namespace.oid = pg_catalog.pg_type.typnamespace 
WHERE pg_catalog.pg_type.typname = %(typname_1)s AND pg_catalog.pg_type_is_visible(pg_catalog.pg_type.oid) AND pg_catalog.pg_namespace.nspname != %(nspname_1)s
2025-06-17 11:29:12,172 INFO sqlalchemy.engine.Engine [generated in 0.00107s] {'typname_1': 'maintenancetype', 'nspname_1': 'pg_catalog'}
2025-06-17 11:29:12,178 INFO sqlalchemy.engine.Engine CREATE TYPE maintenancetype AS ENUM ('ROUTINE', 'PREVENTIVE', 'CORRECTIVE', 'EMERGENCY', 'INSPECTION')
2025-06-17 11:29:12,180 INFO sqlalchemy.engine.Engine [no key 0.00161s] {}
2025-06-17 11:29:12,194 INFO sqlalchemy.engine.Engine SELECT pg_catalog.pg_type.typname 
FROM pg_catalog.pg_type JOIN pg_catalog.pg_namespace ON pg_catalog.pg_namespace.oid = pg_catalog.pg_type.typnamespace 
WHERE pg_catalog.pg_type.typname = %(typname_1)s AND pg_catalog.pg_type_is_visible(pg_catalog.pg_type.oid) AND pg_catalog.pg_namespace.nspname != %(nspname_1)s
2025-06-17 11:29:12,195 INFO sqlalchemy.engine.Engine [cached since 0.02465s ago] {'typname_1': 'maintenancestatus', 'nspname_1': 'pg_catalog'}
2025-06-17 11:29:12,205 INFO sqlalchemy.engine.Engine CREATE TYPE maintenancestatus AS ENUM ('PENDING', 'COMPLETED', 'FAILED')
2025-06-17 11:29:12,206 INFO sqlalchemy.engine.Engine [no key 0.00104s] {}
2025-06-17 11:29:12,216 INFO sqlalchemy.engine.Engine 
CREATE TABLE "user" (
	id SERIAL NOT NULL, 
	email VARCHAR NOT NULL, 
	username VARCHAR NOT NULL, 
	hashed_password VARCHAR NOT NULL, 
	is_active BOOLEAN NOT NULL, 
	is_superuser BOOLEAN NOT NULL, 
	is_verified BOOLEAN NOT NULL, 
	created_at TIMESTAMP WITHOUT TIME ZONE NOT NULL, 
	updated_at TIMESTAMP WITHOUT TIME ZONE NOT NULL, 
	last_login TIMESTAMP WITH TIME ZONE, 
	full_name VARCHAR(255), 
	phone_number VARCHAR(20), 
	PRIMARY KEY (id)
)


2025-06-17 11:29:12,220 INFO sqlalchemy.engine.Engine [no key 0.00456s] {}
2025-06-17 11:29:12,272 INFO sqlalchemy.engine.Engine CREATE UNIQUE INDEX ix_user_email ON "user" (email)
2025-06-17 11:29:12,273 INFO sqlalchemy.engine.Engine [no key 0.00086s] {}
2025-06-17 11:29:12,286 INFO sqlalchemy.engine.Engine CREATE UNIQUE INDEX ix_user_username ON "user" (username)
2025-06-17 11:29:12,288 INFO sqlalchemy.engine.Engine [no key 0.00266s] {}
2025-06-17 11:29:12,306 INFO sqlalchemy.engine.Engine 
CREATE TABLE houses (
	id SERIAL NOT NULL, 
	name VARCHAR NOT NULL, 
	address VARCHAR NOT NULL, 
	owner_id INTEGER NOT NULL, 
	created_at TIMESTAMP WITHOUT TIME ZONE NOT NULL, 
	updated_at TIMESTAMP WITHOUT TIME ZONE NOT NULL, 
	PRIMARY KEY (id), 
	FOREIGN KEY(owner_id) REFERENCES "user" (id)
)


2025-06-17 11:29:12,307 INFO sqlalchemy.engine.Engine [no key 0.00113s] {}
2025-06-17 11:29:12,350 INFO sqlalchemy.engine.Engine CREATE INDEX ix_houses_name ON houses (name)
2025-06-17 11:29:12,354 INFO sqlalchemy.engine.Engine [no key 0.00452s] {}
2025-06-17 11:29:12,364 INFO sqlalchemy.engine.Engine 
CREATE TABLE rooms (
	id SERIAL NOT NULL, 
	name VARCHAR NOT NULL, 
	description VARCHAR, 
	floor INTEGER NOT NULL, 
	area FLOAT NOT NULL, 
	house_id INTEGER NOT NULL, 
	created_at TIMESTAMP WITHOUT TIME ZONE NOT NULL, 
	updated_at TIMESTAMP WITHOUT TIME ZONE NOT NULL, 
	PRIMARY KEY (id), 
	FOREIGN KEY(house_id) REFERENCES houses (id)
)


2025-06-17 11:29:12,367 INFO sqlalchemy.engine.Engine [no key 0.00287s] {}
2025-06-17 11:29:12,401 INFO sqlalchemy.engine.Engine CREATE INDEX ix_rooms_name ON rooms (name)
2025-06-17 11:29:12,404 INFO sqlalchemy.engine.Engine [no key 0.00447s] {}
2025-06-17 11:29:12,413 INFO sqlalchemy.engine.Engine 
CREATE TABLE nodes (
	id SERIAL NOT NULL, 
	name VARCHAR NOT NULL, 
	description VARCHAR, 
	nfc_id VARCHAR NOT NULL, 
	house_id INTEGER NOT NULL, 
	room_id INTEGER, 
	PRIMARY KEY (id), 
	FOREIGN KEY(house_id) REFERENCES houses (id), 
	FOREIGN KEY(room_id) REFERENCES rooms (id)
)


2025-06-17 11:29:12,415 INFO sqlalchemy.engine.Engine [no key 0.00205s] {}
2025-06-17 11:29:12,450 INFO sqlalchemy.engine.Engine CREATE UNIQUE INDEX ix_nodes_nfc_id ON nodes (nfc_id)
2025-06-17 11:29:12,454 INFO sqlalchemy.engine.Engine [no key 0.00396s] {}
2025-06-17 11:29:12,472 INFO sqlalchemy.engine.Engine 
CREATE TABLE bookings (
	id SERIAL NOT NULL, 
	room_id INTEGER NOT NULL, 
	user_id INTEGER NOT NULL, 
	start_time TIMESTAMP WITHOUT TIME ZONE NOT NULL, 
	end_time TIMESTAMP WITHOUT TIME ZONE NOT NULL, 
	status VARCHAR NOT NULL, 
	notes VARCHAR, 
	created_at TIMESTAMP WITHOUT TIME ZONE NOT NULL, 
	updated_at TIMESTAMP WITHOUT TIME ZONE NOT NULL, 
	PRIMARY KEY (id), 
	FOREIGN KEY(room_id) REFERENCES rooms (id), 
	FOREIGN KEY(user_id) REFERENCES "user" (id)
)


2025-06-17 11:29:12,473 INFO sqlalchemy.engine.Engine [no key 0.00092s] {}
2025-06-17 11:29:12,510 INFO sqlalchemy.engine.Engine 
CREATE TABLE documents (
	id SERIAL NOT NULL, 
	created_at TIMESTAMP WITHOUT TIME ZONE NOT NULL, 
	updated_at TIMESTAMP WITHOUT TIME ZONE NOT NULL, 
	owner_id INTEGER NOT NULL, 
	name VARCHAR NOT NULL, 
	type VARCHAR NOT NULL, 
	size INTEGER NOT NULL, 
	upload_date TIMESTAMP WITHOUT TIME ZONE NOT NULL, 
	path VARCHAR NOT NULL, 
	checksum VARCHAR NOT NULL, 
	house_id INTEGER, 
	node_id INTEGER, 
	description VARCHAR, 
	PRIMARY KEY (id), 
	FOREIGN KEY(owner_id) REFERENCES "user" (id), 
	FOREIGN KEY(house_id) REFERENCES houses (id), 
	FOREIGN KEY(node_id) REFERENCES nodes (id)
)


2025-06-17 11:29:12,512 INFO sqlalchemy.engine.Engine [no key 0.00254s] {}
2025-06-17 11:29:12,553 INFO sqlalchemy.engine.Engine CREATE INDEX ix_documents_owner_id ON documents (owner_id)
2025-06-17 11:29:12,555 INFO sqlalchemy.engine.Engine [no key 0.00165s] {}
2025-06-17 11:29:12,565 INFO sqlalchemy.engine.Engine 
CREATE TABLE document_versions (
	id SERIAL NOT NULL, 
	version_number INTEGER NOT NULL, 
	file_path VARCHAR NOT NULL, 
	file_size INTEGER NOT NULL, 
	checksum VARCHAR NOT NULL, 
	created_at TIMESTAMP WITHOUT TIME ZONE NOT NULL, 
	updated_at TIMESTAMP WITHOUT TIME ZONE NOT NULL, 
	document_id INTEGER NOT NULL, 
	created_by_id INTEGER, 
	PRIMARY KEY (id), 
	FOREIGN KEY(document_id) REFERENCES documents (id), 
	FOREIGN KEY(created_by_id) REFERENCES "user" (id)
)


2025-06-17 11:29:12,568 INFO sqlalchemy.engine.Engine [no key 0.00379s] {}
2025-06-17 11:29:12,601 INFO sqlalchemy.engine.Engine CREATE INDEX ix_document_versions_version_number ON document_versions (version_number)
2025-06-17 11:29:12,604 INFO sqlalchemy.engine.Engine [no key 0.00361s] {}
2025-06-17 11:29:12,613 INFO sqlalchemy.engine.Engine CREATE INDEX ix_document_versions_created_by_id ON document_versions (created_by_id)
2025-06-17 11:29:12,615 INFO sqlalchemy.engine.Engine [no key 0.00221s] {}
2025-06-17 11:29:12,626 INFO sqlalchemy.engine.Engine CREATE INDEX ix_document_versions_document_id ON document_versions (document_id)
2025-06-17 11:29:12,628 INFO sqlalchemy.engine.Engine [no key 0.00237s] {}
2025-06-17 11:29:12,641 INFO sqlalchemy.engine.Engine 
CREATE TABLE maintenance_records (
	id SERIAL NOT NULL, 
	node_id INTEGER NOT NULL, 
	timestamp TIMESTAMP WITHOUT TIME ZONE NOT NULL, 
	maintenance_type maintenancetype NOT NULL, 
	description VARCHAR NOT NULL, 
	status maintenancestatus NOT NULL, 
	notes VARCHAR, 
	document_id INTEGER, 
	PRIMARY KEY (id), 
	FOREIGN KEY(node_id) REFERENCES nodes (id), 
	FOREIGN KEY(document_id) REFERENCES documents (id)
)


2025-06-17 11:29:12,644 INFO sqlalchemy.engine.Engine [no key 0.00280s] {}
2025-06-17 11:29:12,680 INFO sqlalchemy.engine.Engine CREATE INDEX ix_maintenance_records_node_id ON maintenance_records (node_id)
2025-06-17 11:29:12,683 INFO sqlalchemy.engine.Engine [no key 0.00323s] {}
2025-06-17 11:29:12,696 INFO sqlalchemy.engine.Engine COMMIT
---------------------------- Captured stderr setup ----------------------------
DEBUG:test_users:Setting up test database session...
INFO:sqlalchemy.engine.Engine:select pg_catalog.version()
INFO:sqlalchemy.engine.Engine:[raw sql] {}
INFO:sqlalchemy.engine.Engine:select current_schema()
INFO:sqlalchemy.engine.Engine:[raw sql] {}
INFO:sqlalchemy.engine.Engine:show standard_conforming_strings
INFO:sqlalchemy.engine.Engine:[raw sql] {}
INFO:sqlalchemy.engine.Engine:BEGIN (implicit)
INFO:sqlalchemy.engine.Engine:SELECT pg_catalog.pg_class.relname 
FROM pg_catalog.pg_class JOIN pg_catalog.pg_namespace ON pg_catalog.pg_namespace.oid = pg_catalog.pg_class.relnamespace 
WHERE pg_catalog.pg_class.relname = %(table_name)s AND pg_catalog.pg_class.relkind = ANY (ARRAY[%(param_1)s, %(param_2)s, %(param_3)s, %(param_4)s, %(param_5)s]) AND pg_catalog.pg_table_is_visible(pg_catalog.pg_class.oid) AND pg_catalog.pg_namespace.nspname != %(nspname_1)s
INFO:sqlalchemy.engine.Engine:[generated in 0.00574s] {'table_name': 'user', 'param_1': 'r', 'param_2': 'p', 'param_3': 'f', 'param_4': 'v', 'param_5': 'm', 'nspname_1': 'pg_catalog'}
DEBUG:app.db.session:Query eseguita in 0.02 secondi: SELECT pg_catalog.pg_class.relname 
FROM pg_catalog.pg_class JOIN pg_catalog.pg_namespace ON pg_catalog.pg_namespace.oid = pg_catalog.pg_class.relnamespace 
WHERE pg_catalog.pg_class.relname = %(table_name)s AND pg_catalog.pg_class.relkind = ANY (ARRAY[%(param_1)s, %(param_2)s, %(param_3)s, %(param_4)s, %(param_5)s]) AND pg_catalog.pg_table_is_visible(pg_catalog.pg_class.oid) AND pg_catalog.pg_namespace.nspname != %(nspname_1)s
INFO:sqlalchemy.engine.Engine:SELECT pg_catalog.pg_class.relname 
FROM pg_catalog.pg_class JOIN pg_catalog.pg_namespace ON pg_catalog.pg_namespace.oid = pg_catalog.pg_class.relnamespace 
WHERE pg_catalog.pg_class.relname = %(table_name)s AND pg_catalog.pg_class.relkind = ANY (ARRAY[%(param_1)s, %(param_2)s, %(param_3)s, %(param_4)s, %(param_5)s]) AND pg_catalog.pg_table_is_visible(pg_catalog.pg_class.oid) AND pg_catalog.pg_namespace.nspname != %(nspname_1)s
INFO:sqlalchemy.engine.Engine:[cached since 0.02413s ago] {'table_name': 'documents', 'param_1': 'r', 'param_2': 'p', 'param_3': 'f', 'param_4': 'v', 'param_5': 'm', 'nspname_1': 'pg_catalog'}
DEBUG:app.db.session:Query eseguita in 0.01 secondi: SELECT pg_catalog.pg_class.relname 
FROM pg_catalog.pg_class JOIN pg_catalog.pg_namespace ON pg_catalog.pg_namespace.oid = pg_catalog.pg_class.relnamespace 
WHERE pg_catalog.pg_class.relname = %(table_name)s AND pg_catalog.pg_class.relkind = ANY (ARRAY[%(param_1)s, %(param_2)s, %(param_3)s, %(param_4)s, %(param_5)s]) AND pg_catalog.pg_table_is_visible(pg_catalog.pg_class.oid) AND pg_catalog.pg_namespace.nspname != %(nspname_1)s
INFO:sqlalchemy.engine.Engine:SELECT pg_catalog.pg_class.relname 
FROM pg_catalog.pg_class JOIN pg_catalog.pg_namespace ON pg_catalog.pg_namespace.oid = pg_catalog.pg_class.relnamespace 
WHERE pg_catalog.pg_class.relname = %(table_name)s AND pg_catalog.pg_class.relkind = ANY (ARRAY[%(param_1)s, %(param_2)s, %(param_3)s, %(param_4)s, %(param_5)s]) AND pg_catalog.pg_table_is_visible(pg_catalog.pg_class.oid) AND pg_catalog.pg_namespace.nspname != %(nspname_1)s
INFO:sqlalchemy.engine.Engine:[cached since 0.03284s ago] {'table_name': 'document_versions', 'param_1': 'r', 'param_2': 'p', 'param_3': 'f', 'param_4': 'v', 'param_5': 'm', 'nspname_1': 'pg_catalog'}
DEBUG:app.db.session:Query eseguita in 0.00 secondi: SELECT pg_catalog.pg_class.relname 
FROM pg_catalog.pg_class JOIN pg_catalog.pg_namespace ON pg_catalog.pg_namespace.oid = pg_catalog.pg_class.relnamespace 
WHERE pg_catalog.pg_class.relname = %(table_name)s AND pg_catalog.pg_class.relkind = ANY (ARRAY[%(param_1)s, %(param_2)s, %(param_3)s, %(param_4)s, %(param_5)s]) AND pg_catalog.pg_table_is_visible(pg_catalog.pg_class.oid) AND pg_catalog.pg_namespace.nspname != %(nspname_1)s
INFO:sqlalchemy.engine.Engine:SELECT pg_catalog.pg_class.relname 
FROM pg_catalog.pg_class JOIN pg_catalog.pg_namespace ON pg_catalog.pg_namespace.oid = pg_catalog.pg_class.relnamespace 
WHERE pg_catalog.pg_class.relname = %(table_name)s AND pg_catalog.pg_class.relkind = ANY (ARRAY[%(param_1)s, %(param_2)s, %(param_3)s, %(param_4)s, %(param_5)s]) AND pg_catalog.pg_table_is_visible(pg_catalog.pg_class.oid) AND pg_catalog.pg_namespace.nspname != %(nspname_1)s
INFO:sqlalchemy.engine.Engine:[cached since 0.042s ago] {'table_name': 'houses', 'param_1': 'r', 'param_2': 'p', 'param_3': 'f', 'param_4': 'v', 'param_5': 'm', 'nspname_1': 'pg_catalog'}
DEBUG:app.db.session:Query eseguita in 0.01 secondi: SELECT pg_catalog.pg_class.relname 
FROM pg_catalog.pg_class JOIN pg_catalog.pg_namespace ON pg_catalog.pg_namespace.oid = pg_catalog.pg_class.relnamespace 
WHERE pg_catalog.pg_class.relname = %(table_name)s AND pg_catalog.pg_class.relkind = ANY (ARRAY[%(param_1)s, %(param_2)s, %(param_3)s, %(param_4)s, %(param_5)s]) AND pg_catalog.pg_table_is_visible(pg_catalog.pg_class.oid) AND pg_catalog.pg_namespace.nspname != %(nspname_1)s
INFO:sqlalchemy.engine.Engine:SELECT pg_catalog.pg_class.relname 
FROM pg_catalog.pg_class JOIN pg_catalog.pg_namespace ON pg_catalog.pg_namespace.oid = pg_catalog.pg_class.relnamespace 
WHERE pg_catalog.pg_class.relname = %(table_name)s AND pg_catalog.pg_class.relkind = ANY (ARRAY[%(param_1)s, %(param_2)s, %(param_3)s, %(param_4)s, %(param_5)s]) AND pg_catalog.pg_table_is_visible(pg_catalog.pg_class.oid) AND pg_catalog.pg_namespace.nspname != %(nspname_1)s
INFO:sqlalchemy.engine.Engine:[cached since 0.04953s ago] {'table_name': 'nodes', 'param_1': 'r', 'param_2': 'p', 'param_3': 'f', 'param_4': 'v', 'param_5': 'm', 'nspname_1': 'pg_catalog'}
DEBUG:app.db.session:Query eseguita in 0.01 secondi: SELECT pg_catalog.pg_class.relname 
FROM pg_catalog.pg_class JOIN pg_catalog.pg_namespace ON pg_catalog.pg_namespace.oid = pg_catalog.pg_class.relnamespace 
WHERE pg_catalog.pg_class.relname = %(table_name)s AND pg_catalog.pg_class.relkind = ANY (ARRAY[%(param_1)s, %(param_2)s, %(param_3)s, %(param_4)s, %(param_5)s]) AND pg_catalog.pg_table_is_visible(pg_catalog.pg_class.oid) AND pg_catalog.pg_namespace.nspname != %(nspname_1)s
INFO:sqlalchemy.engine.Engine:SELECT pg_catalog.pg_class.relname 
FROM pg_catalog.pg_class JOIN pg_catalog.pg_namespace ON pg_catalog.pg_namespace.oid = pg_catalog.pg_class.relnamespace 
WHERE pg_catalog.pg_class.relname = %(table_name)s AND pg_catalog.pg_class.relkind = ANY (ARRAY[%(param_1)s, %(param_2)s, %(param_3)s, %(param_4)s, %(param_5)s]) AND pg_catalog.pg_table_is_visible(pg_catalog.pg_class.oid) AND pg_catalog.pg_namespace.nspname != %(nspname_1)s
INFO:sqlalchemy.engine.Engine:[cached since 0.06375s ago] {'table_name': 'rooms', 'param_1': 'r', 'param_2': 'p', 'param_3': 'f', 'param_4': 'v', 'param_5': 'm', 'nspname_1': 'pg_catalog'}
DEBUG:app.db.session:Query eseguita in 0.00 secondi: SELECT pg_catalog.pg_class.relname 
FROM pg_catalog.pg_class JOIN pg_catalog.pg_namespace ON pg_catalog.pg_namespace.oid = pg_catalog.pg_class.relnamespace 
WHERE pg_catalog.pg_class.relname = %(table_name)s AND pg_catalog.pg_class.relkind = ANY (ARRAY[%(param_1)s, %(param_2)s, %(param_3)s, %(param_4)s, %(param_5)s]) AND pg_catalog.pg_table_is_visible(pg_catalog.pg_class.oid) AND pg_catalog.pg_namespace.nspname != %(nspname_1)s
INFO:sqlalchemy.engine.Engine:SELECT pg_catalog.pg_class.relname 
FROM pg_catalog.pg_class JOIN pg_catalog.pg_namespace ON pg_catalog.pg_namespace.oid = pg_catalog.pg_class.relnamespace 
WHERE pg_catalog.pg_class.relname = %(table_name)s AND pg_catalog.pg_class.relkind = ANY (ARRAY[%(param_1)s, %(param_2)s, %(param_3)s, %(param_4)s, %(param_5)s]) AND pg_catalog.pg_table_is_visible(pg_catalog.pg_class.oid) AND pg_catalog.pg_namespace.nspname != %(nspname_1)s
INFO:sqlalchemy.engine.Engine:[cached since 0.07072s ago] {'table_name': 'bookings', 'param_1': 'r', 'param_2': 'p', 'param_3': 'f', 'param_4': 'v', 'param_5': 'm', 'nspname_1': 'pg_catalog'}
DEBUG:app.db.session:Query eseguita in 0.01 secondi: SELECT pg_catalog.pg_class.relname 
FROM pg_catalog.pg_class JOIN pg_catalog.pg_namespace ON pg_catalog.pg_namespace.oid = pg_catalog.pg_class.relnamespace 
WHERE pg_catalog.pg_class.relname = %(table_name)s AND pg_catalog.pg_class.relkind = ANY (ARRAY[%(param_1)s, %(param_2)s, %(param_3)s, %(param_4)s, %(param_5)s]) AND pg_catalog.pg_table_is_visible(pg_catalog.pg_class.oid) AND pg_catalog.pg_namespace.nspname != %(nspname_1)s
INFO:sqlalchemy.engine.Engine:SELECT pg_catalog.pg_class.relname 
FROM pg_catalog.pg_class JOIN pg_catalog.pg_namespace ON pg_catalog.pg_namespace.oid = pg_catalog.pg_class.relnamespace 
WHERE pg_catalog.pg_class.relname = %(table_name)s AND pg_catalog.pg_class.relkind = ANY (ARRAY[%(param_1)s, %(param_2)s, %(param_3)s, %(param_4)s, %(param_5)s]) AND pg_catalog.pg_table_is_visible(pg_catalog.pg_class.oid) AND pg_catalog.pg_namespace.nspname != %(nspname_1)s
INFO:sqlalchemy.engine.Engine:[cached since 0.08111s ago] {'table_name': 'maintenance_records', 'param_1': 'r', 'param_2': 'p', 'param_3': 'f', 'param_4': 'v', 'param_5': 'm', 'nspname_1': 'pg_catalog'}
DEBUG:app.db.session:Query eseguita in 0.00 secondi: SELECT pg_catalog.pg_class.relname 
FROM pg_catalog.pg_class JOIN pg_catalog.pg_namespace ON pg_catalog.pg_namespace.oid = pg_catalog.pg_class.relnamespace 
WHERE pg_catalog.pg_class.relname = %(table_name)s AND pg_catalog.pg_class.relkind = ANY (ARRAY[%(param_1)s, %(param_2)s, %(param_3)s, %(param_4)s, %(param_5)s]) AND pg_catalog.pg_table_is_visible(pg_catalog.pg_class.oid) AND pg_catalog.pg_namespace.nspname != %(nspname_1)s
INFO:sqlalchemy.engine.Engine:SELECT pg_catalog.pg_type.typname 
FROM pg_catalog.pg_type JOIN pg_catalog.pg_namespace ON pg_catalog.pg_namespace.oid = pg_catalog.pg_type.typnamespace 
WHERE pg_catalog.pg_type.typname = %(typname_1)s AND pg_catalog.pg_type_is_visible(pg_catalog.pg_type.oid) AND pg_catalog.pg_namespace.nspname != %(nspname_1)s
INFO:sqlalchemy.engine.Engine:[generated in 0.00107s] {'typname_1': 'maintenancetype', 'nspname_1': 'pg_catalog'}
DEBUG:app.db.session:Query eseguita in 0.00 secondi: SELECT pg_catalog.pg_type.typname 
FROM pg_catalog.pg_type JOIN pg_catalog.pg_namespace ON pg_catalog.pg_namespace.oid = pg_catalog.pg_type.typnamespace 
WHERE pg_catalog.pg_type.typname = %(typname_1)s AND pg_catalog.pg_type_is_visible(pg_catalog.pg_type.oid) AND pg_catalog.pg_namespace.nspname != %(nspname_1)s
INFO:sqlalchemy.engine.Engine:CREATE TYPE maintenancetype AS ENUM ('ROUTINE', 'PREVENTIVE', 'CORRECTIVE', 'EMERGENCY', 'INSPECTION')
INFO:sqlalchemy.engine.Engine:[no key 0.00161s] {}
DEBUG:app.db.session:Query eseguita in 0.01 secondi: CREATE TYPE maintenancetype AS ENUM ('ROUTINE', 'PREVENTIVE', 'CORRECTIVE', 'EMERGENCY', 'INSPECTION')
INFO:sqlalchemy.engine.Engine:SELECT pg_catalog.pg_type.typname 
FROM pg_catalog.pg_type JOIN pg_catalog.pg_namespace ON pg_catalog.pg_namespace.oid = pg_catalog.pg_type.typnamespace 
WHERE pg_catalog.pg_type.typname = %(typname_1)s AND pg_catalog.pg_type_is_visible(pg_catalog.pg_type.oid) AND pg_catalog.pg_namespace.nspname != %(nspname_1)s
INFO:sqlalchemy.engine.Engine:[cached since 0.02465s ago] {'typname_1': 'maintenancestatus', 'nspname_1': 'pg_catalog'}
DEBUG:app.db.session:Query eseguita in 0.01 secondi: SELECT pg_catalog.pg_type.typname 
FROM pg_catalog.pg_type JOIN pg_catalog.pg_namespace ON pg_catalog.pg_namespace.oid = pg_catalog.pg_type.typnamespace 
WHERE pg_catalog.pg_type.typname = %(typname_1)s AND pg_catalog.pg_type_is_visible(pg_catalog.pg_type.oid) AND pg_catalog.pg_namespace.nspname != %(nspname_1)s
INFO:sqlalchemy.engine.Engine:CREATE TYPE maintenancestatus AS ENUM ('PENDING', 'COMPLETED', 'FAILED')
INFO:sqlalchemy.engine.Engine:[no key 0.00104s] {}
DEBUG:app.db.session:Query eseguita in 0.00 secondi: CREATE TYPE maintenancestatus AS ENUM ('PENDING', 'COMPLETED', 'FAILED')
INFO:sqlalchemy.engine.Engine:
CREATE TABLE "user" (
	id SERIAL NOT NULL, 
	email VARCHAR NOT NULL, 
	username VARCHAR NOT NULL, 
	hashed_password VARCHAR NOT NULL, 
	is_active BOOLEAN NOT NULL, 
	is_superuser BOOLEAN NOT NULL, 
	is_verified BOOLEAN NOT NULL, 
	created_at TIMESTAMP WITHOUT TIME ZONE NOT NULL, 
	updated_at TIMESTAMP WITHOUT TIME ZONE NOT NULL, 
	last_login TIMESTAMP WITH TIME ZONE, 
	full_name VARCHAR(255), 
	phone_number VARCHAR(20), 
	PRIMARY KEY (id)
)


INFO:sqlalchemy.engine.Engine:[no key 0.00456s] {}
DEBUG:app.db.session:Query eseguita in 0.05 secondi: 
CREATE TABLE "user" (
	id SERIAL NOT NULL, 
	email VARCHAR NOT NULL, 
	username VARCHAR NOT NULL, 
	hashed_password VARCHAR NOT NULL, 
	is_active BOOLEAN NOT NULL, 
	is_superuser BOOLEAN NOT NULL, 
	is_verified BOOLEAN NOT NULL, 
	created_at TIMESTAMP WITHOUT TIME ZONE NOT NULL, 
	updated_at TIMESTAMP WITHOUT TIME ZONE NOT NULL, 
	last_login TIMESTAMP WITH TIME ZONE, 
	full_name VARCHAR(255), 
	phone_number VARCHAR(20), 
	PRIMARY KEY (id)
)


INFO:sqlalchemy.engine.Engine:CREATE UNIQUE INDEX ix_user_email ON "user" (email)
INFO:sqlalchemy.engine.Engine:[no key 0.00086s] {}
DEBUG:app.db.session:Query eseguita in 0.01 secondi: CREATE UNIQUE INDEX ix_user_email ON "user" (email)
INFO:sqlalchemy.engine.Engine:CREATE UNIQUE INDEX ix_user_username ON "user" (username)
INFO:sqlalchemy.engine.Engine:[no key 0.00266s] {}
DEBUG:app.db.session:Query eseguita in 0.01 secondi: CREATE UNIQUE INDEX ix_user_username ON "user" (username)
INFO:sqlalchemy.engine.Engine:
CREATE TABLE houses (
	id SERIAL NOT NULL, 
	name VARCHAR NOT NULL, 
	address VARCHAR NOT NULL, 
	owner_id INTEGER NOT NULL, 
	created_at TIMESTAMP WITHOUT TIME ZONE NOT NULL, 
	updated_at TIMESTAMP WITHOUT TIME ZONE NOT NULL, 
	PRIMARY KEY (id), 
	FOREIGN KEY(owner_id) REFERENCES "user" (id)
)


INFO:sqlalchemy.engine.Engine:[no key 0.00113s] {}
DEBUG:app.db.session:Query eseguita in 0.04 secondi: 
CREATE TABLE houses (
	id SERIAL NOT NULL, 
	name VARCHAR NOT NULL, 
	address VARCHAR NOT NULL, 
	owner_id INTEGER NOT NULL, 
	created_at TIMESTAMP WITHOUT TIME ZONE NOT NULL, 
	updated_at TIMESTAMP WITHOUT TIME ZONE NOT NULL, 
	PRIMARY KEY (id), 
	FOREIGN KEY(owner_id) REFERENCES "user" (id)
)


INFO:sqlalchemy.engine.Engine:CREATE INDEX ix_houses_name ON houses (name)
INFO:sqlalchemy.engine.Engine:[no key 0.00452s] {}
DEBUG:app.db.session:Query eseguita in 0.01 secondi: CREATE INDEX ix_houses_name ON houses (name)
INFO:sqlalchemy.engine.Engine:
CREATE TABLE rooms (
	id SERIAL NOT NULL, 
	name VARCHAR NOT NULL, 
	description VARCHAR, 
	floor INTEGER NOT NULL, 
	area FLOAT NOT NULL, 
	house_id INTEGER NOT NULL, 
	created_at TIMESTAMP WITHOUT TIME ZONE NOT NULL, 
	updated_at TIMESTAMP WITHOUT TIME ZONE NOT NULL, 
	PRIMARY KEY (id), 
	FOREIGN KEY(house_id) REFERENCES houses (id)
)


INFO:sqlalchemy.engine.Engine:[no key 0.00287s] {}
DEBUG:app.db.session:Query eseguita in 0.03 secondi: 
CREATE TABLE rooms (
	id SERIAL NOT NULL, 
	name VARCHAR NOT NULL, 
	description VARCHAR, 
	floor INTEGER NOT NULL, 
	area FLOAT NOT NULL, 
	house_id INTEGER NOT NULL, 
	created_at TIMESTAMP WITHOUT TIME ZONE NOT NULL, 
	updated_at TIMESTAMP WITHOUT TIME ZONE NOT NULL, 
	PRIMARY KEY (id), 
	FOREIGN KEY(house_id) REFERENCES houses (id)
)


INFO:sqlalchemy.engine.Engine:CREATE INDEX ix_rooms_name ON rooms (name)
INFO:sqlalchemy.engine.Engine:[no key 0.00447s] {}
DEBUG:app.db.session:Query eseguita in 0.01 secondi: CREATE INDEX ix_rooms_name ON rooms (name)
INFO:sqlalchemy.engine.Engine:
CREATE TABLE nodes (
	id SERIAL NOT NULL, 
	name VARCHAR NOT NULL, 
	description VARCHAR, 
	nfc_id VARCHAR NOT NULL, 
	house_id INTEGER NOT NULL, 
	room_id INTEGER, 
	PRIMARY KEY (id), 
	FOREIGN KEY(house_id) REFERENCES houses (id), 
	FOREIGN KEY(room_id) REFERENCES rooms (id)
)


INFO:sqlalchemy.engine.Engine:[no key 0.00205s] {}
DEBUG:app.db.session:Query eseguita in 0.03 secondi: 
CREATE TABLE nodes (
	id SERIAL NOT NULL, 
	name VARCHAR NOT NULL, 
	description VARCHAR, 
	nfc_id VARCHAR NOT NULL, 
	house_id INTEGER NOT NULL, 
	room_id INTEGER, 
	PRIMARY KEY (id), 
	FOREIGN KEY(house_id) REFERENCES houses (id), 
	FOREIGN KEY(room_id) REFERENCES rooms (id)
)


INFO:sqlalchemy.engine.Engine:CREATE UNIQUE INDEX ix_nodes_nfc_id ON nodes (nfc_id)
INFO:sqlalchemy.engine.Engine:[no key 0.00396s] {}
DEBUG:app.db.session:Query eseguita in 0.01 secondi: CREATE UNIQUE INDEX ix_nodes_nfc_id ON nodes (nfc_id)
INFO:sqlalchemy.engine.Engine:
CREATE TABLE bookings (
	id SERIAL NOT NULL, 
	room_id INTEGER NOT NULL, 
	user_id INTEGER NOT NULL, 
	start_time TIMESTAMP WITHOUT TIME ZONE NOT NULL, 
	end_time TIMESTAMP WITHOUT TIME ZONE NOT NULL, 
	status VARCHAR NOT NULL, 
	notes VARCHAR, 
	created_at TIMESTAMP WITHOUT TIME ZONE NOT NULL, 
	updated_at TIMESTAMP WITHOUT TIME ZONE NOT NULL, 
	PRIMARY KEY (id), 
	FOREIGN KEY(room_id) REFERENCES rooms (id), 
	FOREIGN KEY(user_id) REFERENCES "user" (id)
)


INFO:sqlalchemy.engine.Engine:[no key 0.00092s] {}
DEBUG:app.db.session:Query eseguita in 0.03 secondi: 
CREATE TABLE bookings (
	id SERIAL NOT NULL, 
	room_id INTEGER NOT NULL, 
	user_id INTEGER NOT NULL, 
	start_time TIMESTAMP WITHOUT TIME ZONE NOT NULL, 
	end_time TIMESTAMP WITHOUT TIME ZONE NOT NULL, 
	status VARCHAR NOT NULL, 
	notes VARCHAR, 
	created_at TIMESTAMP WITHOUT TIME ZONE NOT NULL, 
	updated_at TIMESTAMP WITHOUT TIME ZONE NOT NULL, 
	PRIMARY KEY (id), 
	FOREIGN KEY(room_id) REFERENCES rooms (id), 
	FOREIGN KEY(user_id) REFERENCES "user" (id)
)


INFO:sqlalchemy.engine.Engine:
CREATE TABLE documents (
	id SERIAL NOT NULL, 
	created_at TIMESTAMP WITHOUT TIME ZONE NOT NULL, 
	updated_at TIMESTAMP WITHOUT TIME ZONE NOT NULL, 
	owner_id INTEGER NOT NULL, 
	name VARCHAR NOT NULL, 
	type VARCHAR NOT NULL, 
	size INTEGER NOT NULL, 
	upload_date TIMESTAMP WITHOUT TIME ZONE NOT NULL, 
	path VARCHAR NOT NULL, 
	checksum VARCHAR NOT NULL, 
	house_id INTEGER, 
	node_id INTEGER, 
	description VARCHAR, 
	PRIMARY KEY (id), 
	FOREIGN KEY(owner_id) REFERENCES "user" (id), 
	FOREIGN KEY(house_id) REFERENCES houses (id), 
	FOREIGN KEY(node_id) REFERENCES nodes (id)
)


INFO:sqlalchemy.engine.Engine:[no key 0.00254s] {}
DEBUG:app.db.session:Query eseguita in 0.04 secondi: 
CREATE TABLE documents (
	id SERIAL NOT NULL, 
	created_at TIMESTAMP WITHOUT TIME ZONE NOT NULL, 
	updated_at TIMESTAMP WITHOUT TIME ZONE NOT NULL, 
	owner_id INTEGER NOT NULL, 
	name VARCHAR NOT NULL, 
	type VARCHAR NOT NULL, 
	size INTEGER NOT NULL, 
	upload_date TIMESTAMP WITHOUT TIME ZONE NOT NULL, 
	path VARCHAR NOT NULL, 
	checksum VARCHAR NOT NULL, 
	house_id INTEGER, 
	node_id INTEGER, 
	description VARCHAR, 
	PRIMARY KEY (id), 
	FOREIGN KEY(owner_id) REFERENCES "user" (id), 
	FOREIGN KEY(house_id) REFERENCES houses (id), 
	FOREIGN KEY(node_id) REFERENCES nodes (id)
)


INFO:sqlalchemy.engine.Engine:CREATE INDEX ix_documents_owner_id ON documents (owner_id)
INFO:sqlalchemy.engine.Engine:[no key 0.00165s] {}
DEBUG:app.db.session:Query eseguita in 0.01 secondi: CREATE INDEX ix_documents_owner_id ON documents (owner_id)
INFO:sqlalchemy.engine.Engine:
CREATE TABLE document_versions (
	id SERIAL NOT NULL, 
	version_number INTEGER NOT NULL, 
	file_path VARCHAR NOT NULL, 
	file_size INTEGER NOT NULL, 
	checksum VARCHAR NOT NULL, 
	created_at TIMESTAMP WITHOUT TIME ZONE NOT NULL, 
	updated_at TIMESTAMP WITHOUT TIME ZONE NOT NULL, 
	document_id INTEGER NOT NULL, 
	created_by_id INTEGER, 
	PRIMARY KEY (id), 
	FOREIGN KEY(document_id) REFERENCES documents (id), 
	FOREIGN KEY(created_by_id) REFERENCES "user" (id)
)


INFO:sqlalchemy.engine.Engine:[no key 0.00379s] {}
DEBUG:app.db.session:Query eseguita in 0.03 secondi: 
CREATE TABLE document_versions (
	id SERIAL NOT NULL, 
	version_number INTEGER NOT NULL, 
	file_path VARCHAR NOT NULL, 
	file_size INTEGER NOT NULL, 
	checksum VARCHAR NOT NULL, 
	created_at TIMESTAMP WITHOUT TIME ZONE NOT NULL, 
	updated_at TIMESTAMP WITHOUT TIME ZONE NOT NULL, 
	document_id INTEGER NOT NULL, 
	created_by_id INTEGER, 
	PRIMARY KEY (id), 
	FOREIGN KEY(document_id) REFERENCES documents (id), 
	FOREIGN KEY(created_by_id) REFERENCES "user" (id)
)


INFO:sqlalchemy.engine.Engine:CREATE INDEX ix_document_versions_version_number ON document_versions (version_number)
INFO:sqlalchemy.engine.Engine:[no key 0.00361s] {}
DEBUG:app.db.session:Query eseguita in 0.01 secondi: CREATE INDEX ix_document_versions_version_number ON document_versions (version_number)
INFO:sqlalchemy.engine.Engine:CREATE INDEX ix_document_versions_created_by_id ON document_versions (created_by_id)
INFO:sqlalchemy.engine.Engine:[no key 0.00221s] {}
DEBUG:app.db.session:Query eseguita in 0.01 secondi: CREATE INDEX ix_document_versions_created_by_id ON document_versions (created_by_id)
INFO:sqlalchemy.engine.Engine:CREATE INDEX ix_document_versions_document_id ON document_versions (document_id)
INFO:sqlalchemy.engine.Engine:[no key 0.00237s] {}
DEBUG:app.db.session:Query eseguita in 0.01 secondi: CREATE INDEX ix_document_versions_document_id ON document_versions (document_id)
INFO:sqlalchemy.engine.Engine:
CREATE TABLE maintenance_records (
	id SERIAL NOT NULL, 
	node_id INTEGER NOT NULL, 
	timestamp TIMESTAMP WITHOUT TIME ZONE NOT NULL, 
	maintenance_type maintenancetype NOT NULL, 
	description VARCHAR NOT NULL, 
	status maintenancestatus NOT NULL, 
	notes VARCHAR, 
	document_id INTEGER, 
	PRIMARY KEY (id), 
	FOREIGN KEY(node_id) REFERENCES nodes (id), 
	FOREIGN KEY(document_id) REFERENCES documents (id)
)


INFO:sqlalchemy.engine.Engine:[no key 0.00280s] {}
DEBUG:app.db.session:Query eseguita in 0.04 secondi: 
CREATE TABLE maintenance_records (
	id SERIAL NOT NULL, 
	node_id INTEGER NOT NULL, 
	timestamp TIMESTAMP WITHOUT TIME ZONE NOT NULL, 
	maintenance_type maintenancetype NOT NULL, 
	description VARCHAR NOT NULL, 
	status maintenancestatus NOT NULL, 
	notes VARCHAR, 
	document_id INTEGER, 
	PRIMARY KEY (id), 
	FOREIGN KEY(node_id) REFERENCES nodes (id), 
	FOREIGN KEY(document_id) REFERENCES documents (id)
)


INFO:sqlalchemy.engine.Engine:CREATE INDEX ix_maintenance_records_node_id ON maintenance_records (node_id)
INFO:sqlalchemy.engine.Engine:[no key 0.00323s] {}
DEBUG:app.db.session:Query eseguita in 0.01 secondi: CREATE INDEX ix_maintenance_records_node_id ON maintenance_records (node_id)
INFO:sqlalchemy.engine.Engine:COMMIT
DEBUG:test_users:Test database tables created successfully
DEBUG:test_users:Test database session created successfully
DEBUG:conftest:Overriding get_session for tests...
DEBUG:tests.conftest_redis:Setting up FakeRedis for tests...
DEBUG:app.core.redis:Connessione Redis stabilita con successo
----------------------------- Captured log setup ------------------------------
DEBUG    test_users:test_users.py:38 Setting up test database session...
INFO     sqlalchemy.engine.Engine:base.py:1842 select pg_catalog.version()
INFO     sqlalchemy.engine.Engine:base.py:1842 [raw sql] {}
INFO     sqlalchemy.engine.Engine:base.py:1842 select current_schema()
INFO     sqlalchemy.engine.Engine:base.py:1842 [raw sql] {}
INFO     sqlalchemy.engine.Engine:base.py:1842 show standard_conforming_strings
INFO     sqlalchemy.engine.Engine:base.py:1842 [raw sql] {}
INFO     sqlalchemy.engine.Engine:base.py:2698 BEGIN (implicit)
INFO     sqlalchemy.engine.Engine:base.py:1842 SELECT pg_catalog.pg_class.relname 
FROM pg_catalog.pg_class JOIN pg_catalog.pg_namespace ON pg_catalog.pg_namespace.oid = pg_catalog.pg_class.relnamespace 
WHERE pg_catalog.pg_class.relname = %(table_name)s AND pg_catalog.pg_class.relkind = ANY (ARRAY[%(param_1)s, %(param_2)s, %(param_3)s, %(param_4)s, %(param_5)s]) AND pg_catalog.pg_table_is_visible(pg_catalog.pg_class.oid) AND pg_catalog.pg_namespace.nspname != %(nspname_1)s
INFO     sqlalchemy.engine.Engine:base.py:1842 [generated in 0.00574s] {'table_name': 'user', 'param_1': 'r', 'param_2': 'p', 'param_3': 'f', 'param_4': 'v', 'param_5': 'm', 'nspname_1': 'pg_catalog'}
DEBUG    app.db.session:session.py:30 Query eseguita in 0.02 secondi: SELECT pg_catalog.pg_class.relname 
FROM pg_catalog.pg_class JOIN pg_catalog.pg_namespace ON pg_catalog.pg_namespace.oid = pg_catalog.pg_class.relnamespace 
WHERE pg_catalog.pg_class.relname = %(table_name)s AND pg_catalog.pg_class.relkind = ANY (ARRAY[%(param_1)s, %(param_2)s, %(param_3)s, %(param_4)s, %(param_5)s]) AND pg_catalog.pg_table_is_visible(pg_catalog.pg_class.oid) AND pg_catalog.pg_namespace.nspname != %(nspname_1)s
INFO     sqlalchemy.engine.Engine:base.py:1842 SELECT pg_catalog.pg_class.relname 
FROM pg_catalog.pg_class JOIN pg_catalog.pg_namespace ON pg_catalog.pg_namespace.oid = pg_catalog.pg_class.relnamespace 
WHERE pg_catalog.pg_class.relname = %(table_name)s AND pg_catalog.pg_class.relkind = ANY (ARRAY[%(param_1)s, %(param_2)s, %(param_3)s, %(param_4)s, %(param_5)s]) AND pg_catalog.pg_table_is_visible(pg_catalog.pg_class.oid) AND pg_catalog.pg_namespace.nspname != %(nspname_1)s
INFO     sqlalchemy.engine.Engine:base.py:1842 [cached since 0.02413s ago] {'table_name': 'documents', 'param_1': 'r', 'param_2': 'p', 'param_3': 'f', 'param_4': 'v', 'param_5': 'm', 'nspname_1': 'pg_catalog'}
DEBUG    app.db.session:session.py:30 Query eseguita in 0.01 secondi: SELECT pg_catalog.pg_class.relname 
FROM pg_catalog.pg_class JOIN pg_catalog.pg_namespace ON pg_catalog.pg_namespace.oid = pg_catalog.pg_class.relnamespace 
WHERE pg_catalog.pg_class.relname = %(table_name)s AND pg_catalog.pg_class.relkind = ANY (ARRAY[%(param_1)s, %(param_2)s, %(param_3)s, %(param_4)s, %(param_5)s]) AND pg_catalog.pg_table_is_visible(pg_catalog.pg_class.oid) AND pg_catalog.pg_namespace.nspname != %(nspname_1)s
INFO     sqlalchemy.engine.Engine:base.py:1842 SELECT pg_catalog.pg_class.relname 
FROM pg_catalog.pg_class JOIN pg_catalog.pg_namespace ON pg_catalog.pg_namespace.oid = pg_catalog.pg_class.relnamespace 
WHERE pg_catalog.pg_class.relname = %(table_name)s AND pg_catalog.pg_class.relkind = ANY (ARRAY[%(param_1)s, %(param_2)s, %(param_3)s, %(param_4)s, %(param_5)s]) AND pg_catalog.pg_table_is_visible(pg_catalog.pg_class.oid) AND pg_catalog.pg_namespace.nspname != %(nspname_1)s
INFO     sqlalchemy.engine.Engine:base.py:1842 [cached since 0.03284s ago] {'table_name': 'document_versions', 'param_1': 'r', 'param_2': 'p', 'param_3': 'f', 'param_4': 'v', 'param_5': 'm', 'nspname_1': 'pg_catalog'}
DEBUG    app.db.session:session.py:30 Query eseguita in 0.00 secondi: SELECT pg_catalog.pg_class.relname 
FROM pg_catalog.pg_class JOIN pg_catalog.pg_namespace ON pg_catalog.pg_namespace.oid = pg_catalog.pg_class.relnamespace 
WHERE pg_catalog.pg_class.relname = %(table_name)s AND pg_catalog.pg_class.relkind = ANY (ARRAY[%(param_1)s, %(param_2)s, %(param_3)s, %(param_4)s, %(param_5)s]) AND pg_catalog.pg_table_is_visible(pg_catalog.pg_class.oid) AND pg_catalog.pg_namespace.nspname != %(nspname_1)s
INFO     sqlalchemy.engine.Engine:base.py:1842 SELECT pg_catalog.pg_class.relname 
FROM pg_catalog.pg_class JOIN pg_catalog.pg_namespace ON pg_catalog.pg_namespace.oid = pg_catalog.pg_class.relnamespace 
WHERE pg_catalog.pg_class.relname = %(table_name)s AND pg_catalog.pg_class.relkind = ANY (ARRAY[%(param_1)s, %(param_2)s, %(param_3)s, %(param_4)s, %(param_5)s]) AND pg_catalog.pg_table_is_visible(pg_catalog.pg_class.oid) AND pg_catalog.pg_namespace.nspname != %(nspname_1)s
INFO     sqlalchemy.engine.Engine:base.py:1842 [cached since 0.042s ago] {'table_name': 'houses', 'param_1': 'r', 'param_2': 'p', 'param_3': 'f', 'param_4': 'v', 'param_5': 'm', 'nspname_1': 'pg_catalog'}
DEBUG    app.db.session:session.py:30 Query eseguita in 0.01 secondi: SELECT pg_catalog.pg_class.relname 
FROM pg_catalog.pg_class JOIN pg_catalog.pg_namespace ON pg_catalog.pg_namespace.oid = pg_catalog.pg_class.relnamespace 
WHERE pg_catalog.pg_class.relname = %(table_name)s AND pg_catalog.pg_class.relkind = ANY (ARRAY[%(param_1)s, %(param_2)s, %(param_3)s, %(param_4)s, %(param_5)s]) AND pg_catalog.pg_table_is_visible(pg_catalog.pg_class.oid) AND pg_catalog.pg_namespace.nspname != %(nspname_1)s
INFO     sqlalchemy.engine.Engine:base.py:1842 SELECT pg_catalog.pg_class.relname 
FROM pg_catalog.pg_class JOIN pg_catalog.pg_namespace ON pg_catalog.pg_namespace.oid = pg_catalog.pg_class.relnamespace 
WHERE pg_catalog.pg_class.relname = %(table_name)s AND pg_catalog.pg_class.relkind = ANY (ARRAY[%(param_1)s, %(param_2)s, %(param_3)s, %(param_4)s, %(param_5)s]) AND pg_catalog.pg_table_is_visible(pg_catalog.pg_class.oid) AND pg_catalog.pg_namespace.nspname != %(nspname_1)s
INFO     sqlalchemy.engine.Engine:base.py:1842 [cached since 0.04953s ago] {'table_name': 'nodes', 'param_1': 'r', 'param_2': 'p', 'param_3': 'f', 'param_4': 'v', 'param_5': 'm', 'nspname_1': 'pg_catalog'}
DEBUG    app.db.session:session.py:30 Query eseguita in 0.01 secondi: SELECT pg_catalog.pg_class.relname 
FROM pg_catalog.pg_class JOIN pg_catalog.pg_namespace ON pg_catalog.pg_namespace.oid = pg_catalog.pg_class.relnamespace 
WHERE pg_catalog.pg_class.relname = %(table_name)s AND pg_catalog.pg_class.relkind = ANY (ARRAY[%(param_1)s, %(param_2)s, %(param_3)s, %(param_4)s, %(param_5)s]) AND pg_catalog.pg_table_is_visible(pg_catalog.pg_class.oid) AND pg_catalog.pg_namespace.nspname != %(nspname_1)s
INFO     sqlalchemy.engine.Engine:base.py:1842 SELECT pg_catalog.pg_class.relname 
FROM pg_catalog.pg_class JOIN pg_catalog.pg_namespace ON pg_catalog.pg_namespace.oid = pg_catalog.pg_class.relnamespace 
WHERE pg_catalog.pg_class.relname = %(table_name)s AND pg_catalog.pg_class.relkind = ANY (ARRAY[%(param_1)s, %(param_2)s, %(param_3)s, %(param_4)s, %(param_5)s]) AND pg_catalog.pg_table_is_visible(pg_catalog.pg_class.oid) AND pg_catalog.pg_namespace.nspname != %(nspname_1)s
INFO     sqlalchemy.engine.Engine:base.py:1842 [cached since 0.06375s ago] {'table_name': 'rooms', 'param_1': 'r', 'param_2': 'p', 'param_3': 'f', 'param_4': 'v', 'param_5': 'm', 'nspname_1': 'pg_catalog'}
DEBUG    app.db.session:session.py:30 Query eseguita in 0.00 secondi: SELECT pg_catalog.pg_class.relname 
FROM pg_catalog.pg_class JOIN pg_catalog.pg_namespace ON pg_catalog.pg_namespace.oid = pg_catalog.pg_class.relnamespace 
WHERE pg_catalog.pg_class.relname = %(table_name)s AND pg_catalog.pg_class.relkind = ANY (ARRAY[%(param_1)s, %(param_2)s, %(param_3)s, %(param_4)s, %(param_5)s]) AND pg_catalog.pg_table_is_visible(pg_catalog.pg_class.oid) AND pg_catalog.pg_namespace.nspname != %(nspname_1)s
INFO     sqlalchemy.engine.Engine:base.py:1842 SELECT pg_catalog.pg_class.relname 
FROM pg_catalog.pg_class JOIN pg_catalog.pg_namespace ON pg_catalog.pg_namespace.oid = pg_catalog.pg_class.relnamespace 
WHERE pg_catalog.pg_class.relname = %(table_name)s AND pg_catalog.pg_class.relkind = ANY (ARRAY[%(param_1)s, %(param_2)s, %(param_3)s, %(param_4)s, %(param_5)s]) AND pg_catalog.pg_table_is_visible(pg_catalog.pg_class.oid) AND pg_catalog.pg_namespace.nspname != %(nspname_1)s
INFO     sqlalchemy.engine.Engine:base.py:1842 [cached since 0.07072s ago] {'table_name': 'bookings', 'param_1': 'r', 'param_2': 'p', 'param_3': 'f', 'param_4': 'v', 'param_5': 'm', 'nspname_1': 'pg_catalog'}
DEBUG    app.db.session:session.py:30 Query eseguita in 0.01 secondi: SELECT pg_catalog.pg_class.relname 
FROM pg_catalog.pg_class JOIN pg_catalog.pg_namespace ON pg_catalog.pg_namespace.oid = pg_catalog.pg_class.relnamespace 
WHERE pg_catalog.pg_class.relname = %(table_name)s AND pg_catalog.pg_class.relkind = ANY (ARRAY[%(param_1)s, %(param_2)s, %(param_3)s, %(param_4)s, %(param_5)s]) AND pg_catalog.pg_table_is_visible(pg_catalog.pg_class.oid) AND pg_catalog.pg_namespace.nspname != %(nspname_1)s
INFO     sqlalchemy.engine.Engine:base.py:1842 SELECT pg_catalog.pg_class.relname 
FROM pg_catalog.pg_class JOIN pg_catalog.pg_namespace ON pg_catalog.pg_namespace.oid = pg_catalog.pg_class.relnamespace 
WHERE pg_catalog.pg_class.relname = %(table_name)s AND pg_catalog.pg_class.relkind = ANY (ARRAY[%(param_1)s, %(param_2)s, %(param_3)s, %(param_4)s, %(param_5)s]) AND pg_catalog.pg_table_is_visible(pg_catalog.pg_class.oid) AND pg_catalog.pg_namespace.nspname != %(nspname_1)s
INFO     sqlalchemy.engine.Engine:base.py:1842 [cached since 0.08111s ago] {'table_name': 'maintenance_records', 'param_1': 'r', 'param_2': 'p', 'param_3': 'f', 'param_4': 'v', 'param_5': 'm', 'nspname_1': 'pg_catalog'}
DEBUG    app.db.session:session.py:30 Query eseguita in 0.00 secondi: SELECT pg_catalog.pg_class.relname 
FROM pg_catalog.pg_class JOIN pg_catalog.pg_namespace ON pg_catalog.pg_namespace.oid = pg_catalog.pg_class.relnamespace 
WHERE pg_catalog.pg_class.relname = %(table_name)s AND pg_catalog.pg_class.relkind = ANY (ARRAY[%(param_1)s, %(param_2)s, %(param_3)s, %(param_4)s, %(param_5)s]) AND pg_catalog.pg_table_is_visible(pg_catalog.pg_class.oid) AND pg_catalog.pg_namespace.nspname != %(nspname_1)s
INFO     sqlalchemy.engine.Engine:base.py:1842 SELECT pg_catalog.pg_type.typname 
FROM pg_catalog.pg_type JOIN pg_catalog.pg_namespace ON pg_catalog.pg_namespace.oid = pg_catalog.pg_type.typnamespace 
WHERE pg_catalog.pg_type.typname = %(typname_1)s AND pg_catalog.pg_type_is_visible(pg_catalog.pg_type.oid) AND pg_catalog.pg_namespace.nspname != %(nspname_1)s
INFO     sqlalchemy.engine.Engine:base.py:1842 [generated in 0.00107s] {'typname_1': 'maintenancetype', 'nspname_1': 'pg_catalog'}
DEBUG    app.db.session:session.py:30 Query eseguita in 0.00 secondi: SELECT pg_catalog.pg_type.typname 
FROM pg_catalog.pg_type JOIN pg_catalog.pg_namespace ON pg_catalog.pg_namespace.oid = pg_catalog.pg_type.typnamespace 
WHERE pg_catalog.pg_type.typname = %(typname_1)s AND pg_catalog.pg_type_is_visible(pg_catalog.pg_type.oid) AND pg_catalog.pg_namespace.nspname != %(nspname_1)s
INFO     sqlalchemy.engine.Engine:base.py:1842 CREATE TYPE maintenancetype AS ENUM ('ROUTINE', 'PREVENTIVE', 'CORRECTIVE', 'EMERGENCY', 'INSPECTION')
INFO     sqlalchemy.engine.Engine:base.py:1842 [no key 0.00161s] {}
DEBUG    app.db.session:session.py:30 Query eseguita in 0.01 secondi: CREATE TYPE maintenancetype AS ENUM ('ROUTINE', 'PREVENTIVE', 'CORRECTIVE', 'EMERGENCY', 'INSPECTION')
INFO     sqlalchemy.engine.Engine:base.py:1842 SELECT pg_catalog.pg_type.typname 
FROM pg_catalog.pg_type JOIN pg_catalog.pg_namespace ON pg_catalog.pg_namespace.oid = pg_catalog.pg_type.typnamespace 
WHERE pg_catalog.pg_type.typname = %(typname_1)s AND pg_catalog.pg_type_is_visible(pg_catalog.pg_type.oid) AND pg_catalog.pg_namespace.nspname != %(nspname_1)s
INFO     sqlalchemy.engine.Engine:base.py:1842 [cached since 0.02465s ago] {'typname_1': 'maintenancestatus', 'nspname_1': 'pg_catalog'}
DEBUG    app.db.session:session.py:30 Query eseguita in 0.01 secondi: SELECT pg_catalog.pg_type.typname 
FROM pg_catalog.pg_type JOIN pg_catalog.pg_namespace ON pg_catalog.pg_namespace.oid = pg_catalog.pg_type.typnamespace 
WHERE pg_catalog.pg_type.typname = %(typname_1)s AND pg_catalog.pg_type_is_visible(pg_catalog.pg_type.oid) AND pg_catalog.pg_namespace.nspname != %(nspname_1)s
INFO     sqlalchemy.engine.Engine:base.py:1842 CREATE TYPE maintenancestatus AS ENUM ('PENDING', 'COMPLETED', 'FAILED')
INFO     sqlalchemy.engine.Engine:base.py:1842 [no key 0.00104s] {}
DEBUG    app.db.session:session.py:30 Query eseguita in 0.00 secondi: CREATE TYPE maintenancestatus AS ENUM ('PENDING', 'COMPLETED', 'FAILED')
INFO     sqlalchemy.engine.Engine:base.py:1842 
CREATE TABLE "user" (
	id SERIAL NOT NULL, 
	email VARCHAR NOT NULL, 
	username VARCHAR NOT NULL, 
	hashed_password VARCHAR NOT NULL, 
	is_active BOOLEAN NOT NULL, 
	is_superuser BOOLEAN NOT NULL, 
	is_verified BOOLEAN NOT NULL, 
	created_at TIMESTAMP WITHOUT TIME ZONE NOT NULL, 
	updated_at TIMESTAMP WITHOUT TIME ZONE NOT NULL, 
	last_login TIMESTAMP WITH TIME ZONE, 
	full_name VARCHAR(255), 
	phone_number VARCHAR(20), 
	PRIMARY KEY (id)
)


INFO     sqlalchemy.engine.Engine:base.py:1842 [no key 0.00456s] {}
DEBUG    app.db.session:session.py:30 Query eseguita in 0.05 secondi: 
CREATE TABLE "user" (
	id SERIAL NOT NULL, 
	email VARCHAR NOT NULL, 
	username VARCHAR NOT NULL, 
	hashed_password VARCHAR NOT NULL, 
	is_active BOOLEAN NOT NULL, 
	is_superuser BOOLEAN NOT NULL, 
	is_verified BOOLEAN NOT NULL, 
	created_at TIMESTAMP WITHOUT TIME ZONE NOT NULL, 
	updated_at TIMESTAMP WITHOUT TIME ZONE NOT NULL, 
	last_login TIMESTAMP WITH TIME ZONE, 
	full_name VARCHAR(255), 
	phone_number VARCHAR(20), 
	PRIMARY KEY (id)
)


INFO     sqlalchemy.engine.Engine:base.py:1842 CREATE UNIQUE INDEX ix_user_email ON "user" (email)
INFO     sqlalchemy.engine.Engine:base.py:1842 [no key 0.00086s] {}
DEBUG    app.db.session:session.py:30 Query eseguita in 0.01 secondi: CREATE UNIQUE INDEX ix_user_email ON "user" (email)
INFO     sqlalchemy.engine.Engine:base.py:1842 CREATE UNIQUE INDEX ix_user_username ON "user" (username)
INFO     sqlalchemy.engine.Engine:base.py:1842 [no key 0.00266s] {}
DEBUG    app.db.session:session.py:30 Query eseguita in 0.01 secondi: CREATE UNIQUE INDEX ix_user_username ON "user" (username)
INFO     sqlalchemy.engine.Engine:base.py:1842 
CREATE TABLE houses (
	id SERIAL NOT NULL, 
	name VARCHAR NOT NULL, 
	address VARCHAR NOT NULL, 
	owner_id INTEGER NOT NULL, 
	created_at TIMESTAMP WITHOUT TIME ZONE NOT NULL, 
	updated_at TIMESTAMP WITHOUT TIME ZONE NOT NULL, 
	PRIMARY KEY (id), 
	FOREIGN KEY(owner_id) REFERENCES "user" (id)
)


INFO     sqlalchemy.engine.Engine:base.py:1842 [no key 0.00113s] {}
DEBUG    app.db.session:session.py:30 Query eseguita in 0.04 secondi: 
CREATE TABLE houses (
	id SERIAL NOT NULL, 
	name VARCHAR NOT NULL, 
	address VARCHAR NOT NULL, 
	owner_id INTEGER NOT NULL, 
	created_at TIMESTAMP WITHOUT TIME ZONE NOT NULL, 
	updated_at TIMESTAMP WITHOUT TIME ZONE NOT NULL, 
	PRIMARY KEY (id), 
	FOREIGN KEY(owner_id) REFERENCES "user" (id)
)


INFO     sqlalchemy.engine.Engine:base.py:1842 CREATE INDEX ix_houses_name ON houses (name)
INFO     sqlalchemy.engine.Engine:base.py:1842 [no key 0.00452s] {}
DEBUG    app.db.session:session.py:30 Query eseguita in 0.01 secondi: CREATE INDEX ix_houses_name ON houses (name)
INFO     sqlalchemy.engine.Engine:base.py:1842 
CREATE TABLE rooms (
	id SERIAL NOT NULL, 
	name VARCHAR NOT NULL, 
	description VARCHAR, 
	floor INTEGER NOT NULL, 
	area FLOAT NOT NULL, 
	house_id INTEGER NOT NULL, 
	created_at TIMESTAMP WITHOUT TIME ZONE NOT NULL, 
	updated_at TIMESTAMP WITHOUT TIME ZONE NOT NULL, 
	PRIMARY KEY (id), 
	FOREIGN KEY(house_id) REFERENCES houses (id)
)


INFO     sqlalchemy.engine.Engine:base.py:1842 [no key 0.00287s] {}
DEBUG    app.db.session:session.py:30 Query eseguita in 0.03 secondi: 
CREATE TABLE rooms (
	id SERIAL NOT NULL, 
	name VARCHAR NOT NULL, 
	description VARCHAR, 
	floor INTEGER NOT NULL, 
	area FLOAT NOT NULL, 
	house_id INTEGER NOT NULL, 
	created_at TIMESTAMP WITHOUT TIME ZONE NOT NULL, 
	updated_at TIMESTAMP WITHOUT TIME ZONE NOT NULL, 
	PRIMARY KEY (id), 
	FOREIGN KEY(house_id) REFERENCES houses (id)
)


INFO     sqlalchemy.engine.Engine:base.py:1842 CREATE INDEX ix_rooms_name ON rooms (name)
INFO     sqlalchemy.engine.Engine:base.py:1842 [no key 0.00447s] {}
DEBUG    app.db.session:session.py:30 Query eseguita in 0.01 secondi: CREATE INDEX ix_rooms_name ON rooms (name)
INFO     sqlalchemy.engine.Engine:base.py:1842 
CREATE TABLE nodes (
	id SERIAL NOT NULL, 
	name VARCHAR NOT NULL, 
	description VARCHAR, 
	nfc_id VARCHAR NOT NULL, 
	house_id INTEGER NOT NULL, 
	room_id INTEGER, 
	PRIMARY KEY (id), 
	FOREIGN KEY(house_id) REFERENCES houses (id), 
	FOREIGN KEY(room_id) REFERENCES rooms (id)
)


INFO     sqlalchemy.engine.Engine:base.py:1842 [no key 0.00205s] {}
DEBUG    app.db.session:session.py:30 Query eseguita in 0.03 secondi: 
CREATE TABLE nodes (
	id SERIAL NOT NULL, 
	name VARCHAR NOT NULL, 
	description VARCHAR, 
	nfc_id VARCHAR NOT NULL, 
	house_id INTEGER NOT NULL, 
	room_id INTEGER, 
	PRIMARY KEY (id), 
	FOREIGN KEY(house_id) REFERENCES houses (id), 
	FOREIGN KEY(room_id) REFERENCES rooms (id)
)


INFO     sqlalchemy.engine.Engine:base.py:1842 CREATE UNIQUE INDEX ix_nodes_nfc_id ON nodes (nfc_id)
INFO     sqlalchemy.engine.Engine:base.py:1842 [no key 0.00396s] {}
DEBUG    app.db.session:session.py:30 Query eseguita in 0.01 secondi: CREATE UNIQUE INDEX ix_nodes_nfc_id ON nodes (nfc_id)
INFO     sqlalchemy.engine.Engine:base.py:1842 
CREATE TABLE bookings (
	id SERIAL NOT NULL, 
	room_id INTEGER NOT NULL, 
	user_id INTEGER NOT NULL, 
	start_time TIMESTAMP WITHOUT TIME ZONE NOT NULL, 
	end_time TIMESTAMP WITHOUT TIME ZONE NOT NULL, 
	status VARCHAR NOT NULL, 
	notes VARCHAR, 
	created_at TIMESTAMP WITHOUT TIME ZONE NOT NULL, 
	updated_at TIMESTAMP WITHOUT TIME ZONE NOT NULL, 
	PRIMARY KEY (id), 
	FOREIGN KEY(room_id) REFERENCES rooms (id), 
	FOREIGN KEY(user_id) REFERENCES "user" (id)
)


INFO     sqlalchemy.engine.Engine:base.py:1842 [no key 0.00092s] {}
DEBUG    app.db.session:session.py:30 Query eseguita in 0.03 secondi: 
CREATE TABLE bookings (
	id SERIAL NOT NULL, 
	room_id INTEGER NOT NULL, 
	user_id INTEGER NOT NULL, 
	start_time TIMESTAMP WITHOUT TIME ZONE NOT NULL, 
	end_time TIMESTAMP WITHOUT TIME ZONE NOT NULL, 
	status VARCHAR NOT NULL, 
	notes VARCHAR, 
	created_at TIMESTAMP WITHOUT TIME ZONE NOT NULL, 
	updated_at TIMESTAMP WITHOUT TIME ZONE NOT NULL, 
	PRIMARY KEY (id), 
	FOREIGN KEY(room_id) REFERENCES rooms (id), 
	FOREIGN KEY(user_id) REFERENCES "user" (id)
)


INFO     sqlalchemy.engine.Engine:base.py:1842 
CREATE TABLE documents (
	id SERIAL NOT NULL, 
	created_at TIMESTAMP WITHOUT TIME ZONE NOT NULL, 
	updated_at TIMESTAMP WITHOUT TIME ZONE NOT NULL, 
	owner_id INTEGER NOT NULL, 
	name VARCHAR NOT NULL, 
	type VARCHAR NOT NULL, 
	size INTEGER NOT NULL, 
	upload_date TIMESTAMP WITHOUT TIME ZONE NOT NULL, 
	path VARCHAR NOT NULL, 
	checksum VARCHAR NOT NULL, 
	house_id INTEGER, 
	node_id INTEGER, 
	description VARCHAR, 
	PRIMARY KEY (id), 
	FOREIGN KEY(owner_id) REFERENCES "user" (id), 
	FOREIGN KEY(house_id) REFERENCES houses (id), 
	FOREIGN KEY(node_id) REFERENCES nodes (id)
)


INFO     sqlalchemy.engine.Engine:base.py:1842 [no key 0.00254s] {}
DEBUG    app.db.session:session.py:30 Query eseguita in 0.04 secondi: 
CREATE TABLE documents (
	id SERIAL NOT NULL, 
	created_at TIMESTAMP WITHOUT TIME ZONE NOT NULL, 
	updated_at TIMESTAMP WITHOUT TIME ZONE NOT NULL, 
	owner_id INTEGER NOT NULL, 
	name VARCHAR NOT NULL, 
	type VARCHAR NOT NULL, 
	size INTEGER NOT NULL, 
	upload_date TIMESTAMP WITHOUT TIME ZONE NOT NULL, 
	path VARCHAR NOT NULL, 
	checksum VARCHAR NOT NULL, 
	house_id INTEGER, 
	node_id INTEGER, 
	description VARCHAR, 
	PRIMARY KEY (id), 
	FOREIGN KEY(owner_id) REFERENCES "user" (id), 
	FOREIGN KEY(house_id) REFERENCES houses (id), 
	FOREIGN KEY(node_id) REFERENCES nodes (id)
)


INFO     sqlalchemy.engine.Engine:base.py:1842 CREATE INDEX ix_documents_owner_id ON documents (owner_id)
INFO     sqlalchemy.engine.Engine:base.py:1842 [no key 0.00165s] {}
DEBUG    app.db.session:session.py:30 Query eseguita in 0.01 secondi: CREATE INDEX ix_documents_owner_id ON documents (owner_id)
INFO     sqlalchemy.engine.Engine:base.py:1842 
CREATE TABLE document_versions (
	id SERIAL NOT NULL, 
	version_number INTEGER NOT NULL, 
	file_path VARCHAR NOT NULL, 
	file_size INTEGER NOT NULL, 
	checksum VARCHAR NOT NULL, 
	created_at TIMESTAMP WITHOUT TIME ZONE NOT NULL, 
	updated_at TIMESTAMP WITHOUT TIME ZONE NOT NULL, 
	document_id INTEGER NOT NULL, 
	created_by_id INTEGER, 
	PRIMARY KEY (id), 
	FOREIGN KEY(document_id) REFERENCES documents (id), 
	FOREIGN KEY(created_by_id) REFERENCES "user" (id)
)


INFO     sqlalchemy.engine.Engine:base.py:1842 [no key 0.00379s] {}
DEBUG    app.db.session:session.py:30 Query eseguita in 0.03 secondi: 
CREATE TABLE document_versions (
	id SERIAL NOT NULL, 
	version_number INTEGER NOT NULL, 
	file_path VARCHAR NOT NULL, 
	file_size INTEGER NOT NULL, 
	checksum VARCHAR NOT NULL, 
	created_at TIMESTAMP WITHOUT TIME ZONE NOT NULL, 
	updated_at TIMESTAMP WITHOUT TIME ZONE NOT NULL, 
	document_id INTEGER NOT NULL, 
	created_by_id INTEGER, 
	PRIMARY KEY (id), 
	FOREIGN KEY(document_id) REFERENCES documents (id), 
	FOREIGN KEY(created_by_id) REFERENCES "user" (id)
)


INFO     sqlalchemy.engine.Engine:base.py:1842 CREATE INDEX ix_document_versions_version_number ON document_versions (version_number)
INFO     sqlalchemy.engine.Engine:base.py:1842 [no key 0.00361s] {}
DEBUG    app.db.session:session.py:30 Query eseguita in 0.01 secondi: CREATE INDEX ix_document_versions_version_number ON document_versions (version_number)
INFO     sqlalchemy.engine.Engine:base.py:1842 CREATE INDEX ix_document_versions_created_by_id ON document_versions (created_by_id)
INFO     sqlalchemy.engine.Engine:base.py:1842 [no key 0.00221s] {}
DEBUG    app.db.session:session.py:30 Query eseguita in 0.01 secondi: CREATE INDEX ix_document_versions_created_by_id ON document_versions (created_by_id)
INFO     sqlalchemy.engine.Engine:base.py:1842 CREATE INDEX ix_document_versions_document_id ON document_versions (document_id)
INFO     sqlalchemy.engine.Engine:base.py:1842 [no key 0.00237s] {}
DEBUG    app.db.session:session.py:30 Query eseguita in 0.01 secondi: CREATE INDEX ix_document_versions_document_id ON document_versions (document_id)
INFO     sqlalchemy.engine.Engine:base.py:1842 
CREATE TABLE maintenance_records (
	id SERIAL NOT NULL, 
	node_id INTEGER NOT NULL, 
	timestamp TIMESTAMP WITHOUT TIME ZONE NOT NULL, 
	maintenance_type maintenancetype NOT NULL, 
	description VARCHAR NOT NULL, 
	status maintenancestatus NOT NULL, 
	notes VARCHAR, 
	document_id INTEGER, 
	PRIMARY KEY (id), 
	FOREIGN KEY(node_id) REFERENCES nodes (id), 
	FOREIGN KEY(document_id) REFERENCES documents (id)
)


INFO     sqlalchemy.engine.Engine:base.py:1842 [no key 0.00280s] {}
DEBUG    app.db.session:session.py:30 Query eseguita in 0.04 secondi: 
CREATE TABLE maintenance_records (
	id SERIAL NOT NULL, 
	node_id INTEGER NOT NULL, 
	timestamp TIMESTAMP WITHOUT TIME ZONE NOT NULL, 
	maintenance_type maintenancetype NOT NULL, 
	description VARCHAR NOT NULL, 
	status maintenancestatus NOT NULL, 
	notes VARCHAR, 
	document_id INTEGER, 
	PRIMARY KEY (id), 
	FOREIGN KEY(node_id) REFERENCES nodes (id), 
	FOREIGN KEY(document_id) REFERENCES documents (id)
)


INFO     sqlalchemy.engine.Engine:base.py:1842 CREATE INDEX ix_maintenance_records_node_id ON maintenance_records (node_id)
INFO     sqlalchemy.engine.Engine:base.py:1842 [no key 0.00323s] {}
DEBUG    app.db.session:session.py:30 Query eseguita in 0.01 secondi: CREATE INDEX ix_maintenance_records_node_id ON maintenance_records (node_id)
INFO     sqlalchemy.engine.Engine:base.py:2704 COMMIT
DEBUG    test_users:test_users.py:52 Test database tables created successfully
DEBUG    test_users:test_users.py:55 Test database session created successfully
DEBUG    conftest:conftest.py:269 Overriding get_session for tests...
DEBUG    tests.conftest_redis:conftest_redis.py:18 Setting up FakeRedis for tests...
DEBUG    app.core.redis:redis.py:24 Connessione Redis stabilita con successo
---------------------------- Captured stderr call -----------------------------
DEBUG:asyncio:Using proactor: IocpProactor
INFO:httpx:HTTP Request: POST http://testserver/api/v1/auth/register "HTTP/1.1 422 Unprocessable Entity"
------------------------------ Captured log call ------------------------------
DEBUG    asyncio:proactor_events.py:631 Using proactor: IocpProactor
INFO     httpx:_client.py:1025 HTTP Request: POST http://testserver/api/v1/auth/register "HTTP/1.1 422 Unprocessable Entity"
-------------------------- Captured stdout teardown ---------------------------
2025-06-17 11:29:12,879 INFO sqlalchemy.engine.Engine BEGIN (implicit)
2025-06-17 11:29:12,881 INFO sqlalchemy.engine.Engine DROP SCHEMA public CASCADE
2025-06-17 11:29:12,885 INFO sqlalchemy.engine.Engine [generated in 0.00623s] {}
2025-06-17 11:29:12,976 INFO sqlalchemy.engine.Engine CREATE SCHEMA public
2025-06-17 11:29:12,978 INFO sqlalchemy.engine.Engine [generated in 0.00225s] {}
2025-06-17 11:29:12,983 INFO sqlalchemy.engine.Engine COMMIT
-------------------------- Captured stderr teardown ---------------------------
DEBUG:tests.conftest_redis:Restored original Redis client
DEBUG:conftest:get_session override cleared
DEBUG:test_users:Cleaning up test database session...
INFO:sqlalchemy.engine.Engine:BEGIN (implicit)
INFO:sqlalchemy.engine.Engine:DROP SCHEMA public CASCADE
INFO:sqlalchemy.engine.Engine:[generated in 0.00623s] {}
DEBUG:app.db.session:Query eseguita in 0.09 secondi: DROP SCHEMA public CASCADE
INFO:sqlalchemy.engine.Engine:CREATE SCHEMA public
INFO:sqlalchemy.engine.Engine:[generated in 0.00225s] {}
DEBUG:app.db.session:Query eseguita in 0.00 secondi: CREATE SCHEMA public
INFO:sqlalchemy.engine.Engine:COMMIT
DEBUG:test_users:Test database cleanup completed
DEBUG:test_users:Session fixture completed in 1.45 seconds
---------------------------- Captured log teardown ----------------------------
DEBUG    tests.conftest_redis:conftest_redis.py:29 Restored original Redis client
DEBUG    conftest:conftest.py:275 get_session override cleared
DEBUG    test_users:test_users.py:57 Cleaning up test database session...
INFO     sqlalchemy.engine.Engine:base.py:2698 BEGIN (implicit)
INFO     sqlalchemy.engine.Engine:base.py:1842 DROP SCHEMA public CASCADE
INFO     sqlalchemy.engine.Engine:base.py:1842 [generated in 0.00623s] {}
DEBUG    app.db.session:session.py:30 Query eseguita in 0.09 secondi: DROP SCHEMA public CASCADE
INFO     sqlalchemy.engine.Engine:base.py:1842 CREATE SCHEMA public
INFO     sqlalchemy.engine.Engine:base.py:1842 [generated in 0.00225s] {}
DEBUG    app.db.session:session.py:30 Query eseguita in 0.00 secondi: CREATE SCHEMA public
INFO     sqlalchemy.engine.Engine:base.py:2704 COMMIT
DEBUG    test_users:test_users.py:63 Test database cleanup completed
DEBUG    test_users:test_users.py:68 Session fixture completed in 1.45 seconds
_________________________ test_update_user_not_found __________________________
tests\api\test_users.py:429: in test_update_user_not_found
    assert response.status_code == 404
E   assert 401 == 404
E    +  where 401 = <Response [401 Unauthorized]>.status_code
---------------------------- Captured stdout setup ----------------------------
2025-06-17 11:29:13,522 INFO sqlalchemy.engine.Engine select pg_catalog.version()
2025-06-17 11:29:13,524 INFO sqlalchemy.engine.Engine [raw sql] {}
2025-06-17 11:29:13,529 INFO sqlalchemy.engine.Engine select current_schema()
2025-06-17 11:29:13,530 INFO sqlalchemy.engine.Engine [raw sql] {}
2025-06-17 11:29:13,539 INFO sqlalchemy.engine.Engine show standard_conforming_strings
2025-06-17 11:29:13,539 INFO sqlalchemy.engine.Engine [raw sql] {}
2025-06-17 11:29:13,543 INFO sqlalchemy.engine.Engine BEGIN (implicit)
2025-06-17 11:29:13,557 INFO sqlalchemy.engine.Engine SELECT pg_catalog.pg_class.relname 
FROM pg_catalog.pg_class JOIN pg_catalog.pg_namespace ON pg_catalog.pg_namespace.oid = pg_catalog.pg_class.relnamespace 
WHERE pg_catalog.pg_class.relname = %(table_name)s AND pg_catalog.pg_class.relkind = ANY (ARRAY[%(param_1)s, %(param_2)s, %(param_3)s, %(param_4)s, %(param_5)s]) AND pg_catalog.pg_table_is_visible(pg_catalog.pg_class.oid) AND pg_catalog.pg_namespace.nspname != %(nspname_1)s
2025-06-17 11:29:13,561 INFO sqlalchemy.engine.Engine [generated in 0.00498s] {'table_name': 'user', 'param_1': 'r', 'param_2': 'p', 'param_3': 'f', 'param_4': 'v', 'param_5': 'm', 'nspname_1': 'pg_catalog'}
2025-06-17 11:29:13,577 INFO sqlalchemy.engine.Engine SELECT pg_catalog.pg_class.relname 
FROM pg_catalog.pg_class JOIN pg_catalog.pg_namespace ON pg_catalog.pg_namespace.oid = pg_catalog.pg_class.relnamespace 
WHERE pg_catalog.pg_class.relname = %(table_name)s AND pg_catalog.pg_class.relkind = ANY (ARRAY[%(param_1)s, %(param_2)s, %(param_3)s, %(param_4)s, %(param_5)s]) AND pg_catalog.pg_table_is_visible(pg_catalog.pg_class.oid) AND pg_catalog.pg_namespace.nspname != %(nspname_1)s
2025-06-17 11:29:13,578 INFO sqlalchemy.engine.Engine [cached since 0.02207s ago] {'table_name': 'documents', 'param_1': 'r', 'param_2': 'p', 'param_3': 'f', 'param_4': 'v', 'param_5': 'm', 'nspname_1': 'pg_catalog'}
2025-06-17 11:29:13,588 INFO sqlalchemy.engine.Engine SELECT pg_catalog.pg_class.relname 
FROM pg_catalog.pg_class JOIN pg_catalog.pg_namespace ON pg_catalog.pg_namespace.oid = pg_catalog.pg_class.relnamespace 
WHERE pg_catalog.pg_class.relname = %(table_name)s AND pg_catalog.pg_class.relkind = ANY (ARRAY[%(param_1)s, %(param_2)s, %(param_3)s, %(param_4)s, %(param_5)s]) AND pg_catalog.pg_table_is_visible(pg_catalog.pg_class.oid) AND pg_catalog.pg_namespace.nspname != %(nspname_1)s
2025-06-17 11:29:13,589 INFO sqlalchemy.engine.Engine [cached since 0.03288s ago] {'table_name': 'document_versions', 'param_1': 'r', 'param_2': 'p', 'param_3': 'f', 'param_4': 'v', 'param_5': 'm', 'nspname_1': 'pg_catalog'}
2025-06-17 11:29:13,596 INFO sqlalchemy.engine.Engine SELECT pg_catalog.pg_class.relname 
FROM pg_catalog.pg_class JOIN pg_catalog.pg_namespace ON pg_catalog.pg_namespace.oid = pg_catalog.pg_class.relnamespace 
WHERE pg_catalog.pg_class.relname = %(table_name)s AND pg_catalog.pg_class.relkind = ANY (ARRAY[%(param_1)s, %(param_2)s, %(param_3)s, %(param_4)s, %(param_5)s]) AND pg_catalog.pg_table_is_visible(pg_catalog.pg_class.oid) AND pg_catalog.pg_namespace.nspname != %(nspname_1)s
2025-06-17 11:29:13,597 INFO sqlalchemy.engine.Engine [cached since 0.04064s ago] {'table_name': 'houses', 'param_1': 'r', 'param_2': 'p', 'param_3': 'f', 'param_4': 'v', 'param_5': 'm', 'nspname_1': 'pg_catalog'}
2025-06-17 11:29:13,606 INFO sqlalchemy.engine.Engine SELECT pg_catalog.pg_class.relname 
FROM pg_catalog.pg_class JOIN pg_catalog.pg_namespace ON pg_catalog.pg_namespace.oid = pg_catalog.pg_class.relnamespace 
WHERE pg_catalog.pg_class.relname = %(table_name)s AND pg_catalog.pg_class.relkind = ANY (ARRAY[%(param_1)s, %(param_2)s, %(param_3)s, %(param_4)s, %(param_5)s]) AND pg_catalog.pg_table_is_visible(pg_catalog.pg_class.oid) AND pg_catalog.pg_namespace.nspname != %(nspname_1)s
2025-06-17 11:29:13,608 INFO sqlalchemy.engine.Engine [cached since 0.05086s ago] {'table_name': 'nodes', 'param_1': 'r', 'param_2': 'p', 'param_3': 'f', 'param_4': 'v', 'param_5': 'm', 'nspname_1': 'pg_catalog'}
2025-06-17 11:29:13,621 INFO sqlalchemy.engine.Engine SELECT pg_catalog.pg_class.relname 
FROM pg_catalog.pg_class JOIN pg_catalog.pg_namespace ON pg_catalog.pg_namespace.oid = pg_catalog.pg_class.relnamespace 
WHERE pg_catalog.pg_class.relname = %(table_name)s AND pg_catalog.pg_class.relkind = ANY (ARRAY[%(param_1)s, %(param_2)s, %(param_3)s, %(param_4)s, %(param_5)s]) AND pg_catalog.pg_table_is_visible(pg_catalog.pg_class.oid) AND pg_catalog.pg_namespace.nspname != %(nspname_1)s
2025-06-17 11:29:13,622 INFO sqlalchemy.engine.Engine [cached since 0.06607s ago] {'table_name': 'rooms', 'param_1': 'r', 'param_2': 'p', 'param_3': 'f', 'param_4': 'v', 'param_5': 'm', 'nspname_1': 'pg_catalog'}
2025-06-17 11:29:13,629 INFO sqlalchemy.engine.Engine SELECT pg_catalog.pg_class.relname 
FROM pg_catalog.pg_class JOIN pg_catalog.pg_namespace ON pg_catalog.pg_namespace.oid = pg_catalog.pg_class.relnamespace 
WHERE pg_catalog.pg_class.relname = %(table_name)s AND pg_catalog.pg_class.relkind = ANY (ARRAY[%(param_1)s, %(param_2)s, %(param_3)s, %(param_4)s, %(param_5)s]) AND pg_catalog.pg_table_is_visible(pg_catalog.pg_class.oid) AND pg_catalog.pg_namespace.nspname != %(nspname_1)s
2025-06-17 11:29:13,631 INFO sqlalchemy.engine.Engine [cached since 0.07451s ago] {'table_name': 'bookings', 'param_1': 'r', 'param_2': 'p', 'param_3': 'f', 'param_4': 'v', 'param_5': 'm', 'nspname_1': 'pg_catalog'}
2025-06-17 11:29:13,640 INFO sqlalchemy.engine.Engine SELECT pg_catalog.pg_class.relname 
FROM pg_catalog.pg_class JOIN pg_catalog.pg_namespace ON pg_catalog.pg_namespace.oid = pg_catalog.pg_class.relnamespace 
WHERE pg_catalog.pg_class.relname = %(table_name)s AND pg_catalog.pg_class.relkind = ANY (ARRAY[%(param_1)s, %(param_2)s, %(param_3)s, %(param_4)s, %(param_5)s]) AND pg_catalog.pg_table_is_visible(pg_catalog.pg_class.oid) AND pg_catalog.pg_namespace.nspname != %(nspname_1)s
2025-06-17 11:29:13,641 INFO sqlalchemy.engine.Engine [cached since 0.08423s ago] {'table_name': 'maintenance_records', 'param_1': 'r', 'param_2': 'p', 'param_3': 'f', 'param_4': 'v', 'param_5': 'm', 'nspname_1': 'pg_catalog'}
2025-06-17 11:29:13,657 INFO sqlalchemy.engine.Engine SELECT pg_catalog.pg_type.typname 
FROM pg_catalog.pg_type JOIN pg_catalog.pg_namespace ON pg_catalog.pg_namespace.oid = pg_catalog.pg_type.typnamespace 
WHERE pg_catalog.pg_type.typname = %(typname_1)s AND pg_catalog.pg_type_is_visible(pg_catalog.pg_type.oid) AND pg_catalog.pg_namespace.nspname != %(nspname_1)s
2025-06-17 11:29:13,663 INFO sqlalchemy.engine.Engine [generated in 0.00618s] {'typname_1': 'maintenancetype', 'nspname_1': 'pg_catalog'}
2025-06-17 11:29:13,679 INFO sqlalchemy.engine.Engine CREATE TYPE maintenancetype AS ENUM ('ROUTINE', 'PREVENTIVE', 'CORRECTIVE', 'EMERGENCY', 'INSPECTION')
2025-06-17 11:29:13,680 INFO sqlalchemy.engine.Engine [no key 0.00120s] {}
2025-06-17 11:29:13,697 INFO sqlalchemy.engine.Engine SELECT pg_catalog.pg_type.typname 
FROM pg_catalog.pg_type JOIN pg_catalog.pg_namespace ON pg_catalog.pg_namespace.oid = pg_catalog.pg_type.typnamespace 
WHERE pg_catalog.pg_type.typname = %(typname_1)s AND pg_catalog.pg_type_is_visible(pg_catalog.pg_type.oid) AND pg_catalog.pg_namespace.nspname != %(nspname_1)s
2025-06-17 11:29:13,699 INFO sqlalchemy.engine.Engine [cached since 0.04253s ago] {'typname_1': 'maintenancestatus', 'nspname_1': 'pg_catalog'}
2025-06-17 11:29:13,709 INFO sqlalchemy.engine.Engine CREATE TYPE maintenancestatus AS ENUM ('PENDING', 'COMPLETED', 'FAILED')
2025-06-17 11:29:13,712 INFO sqlalchemy.engine.Engine [no key 0.00427s] {}
2025-06-17 11:29:13,729 INFO sqlalchemy.engine.Engine 
CREATE TABLE "user" (
	id SERIAL NOT NULL, 
	email VARCHAR NOT NULL, 
	username VARCHAR NOT NULL, 
	hashed_password VARCHAR NOT NULL, 
	is_active BOOLEAN NOT NULL, 
	is_superuser BOOLEAN NOT NULL, 
	is_verified BOOLEAN NOT NULL, 
	created_at TIMESTAMP WITHOUT TIME ZONE NOT NULL, 
	updated_at TIMESTAMP WITHOUT TIME ZONE NOT NULL, 
	last_login TIMESTAMP WITH TIME ZONE, 
	full_name VARCHAR(255), 
	phone_number VARCHAR(20), 
	PRIMARY KEY (id)
)


2025-06-17 11:29:13,730 INFO sqlalchemy.engine.Engine [no key 0.00154s] {}
2025-06-17 11:29:13,775 INFO sqlalchemy.engine.Engine CREATE UNIQUE INDEX ix_user_email ON "user" (email)
2025-06-17 11:29:13,777 INFO sqlalchemy.engine.Engine [no key 0.00285s] {}
2025-06-17 11:29:13,791 INFO sqlalchemy.engine.Engine CREATE UNIQUE INDEX ix_user_username ON "user" (username)
2025-06-17 11:29:13,795 INFO sqlalchemy.engine.Engine [no key 0.00382s] {}
2025-06-17 11:29:13,810 INFO sqlalchemy.engine.Engine 
CREATE TABLE houses (
	id SERIAL NOT NULL, 
	name VARCHAR NOT NULL, 
	address VARCHAR NOT NULL, 
	owner_id INTEGER NOT NULL, 
	created_at TIMESTAMP WITHOUT TIME ZONE NOT NULL, 
	updated_at TIMESTAMP WITHOUT TIME ZONE NOT NULL, 
	PRIMARY KEY (id), 
	FOREIGN KEY(owner_id) REFERENCES "user" (id)
)


2025-06-17 11:29:13,812 INFO sqlalchemy.engine.Engine [no key 0.00229s] {}
2025-06-17 11:29:13,855 INFO sqlalchemy.engine.Engine CREATE INDEX ix_houses_name ON houses (name)
2025-06-17 11:29:13,856 INFO sqlalchemy.engine.Engine [no key 0.00127s] {}
2025-06-17 11:29:13,873 INFO sqlalchemy.engine.Engine 
CREATE TABLE rooms (
	id SERIAL NOT NULL, 
	name VARCHAR NOT NULL, 
	description VARCHAR, 
	floor INTEGER NOT NULL, 
	area FLOAT NOT NULL, 
	house_id INTEGER NOT NULL, 
	created_at TIMESTAMP WITHOUT TIME ZONE NOT NULL, 
	updated_at TIMESTAMP WITHOUT TIME ZONE NOT NULL, 
	PRIMARY KEY (id), 
	FOREIGN KEY(house_id) REFERENCES houses (id)
)


2025-06-17 11:29:13,874 INFO sqlalchemy.engine.Engine [no key 0.00090s] {}
2025-06-17 11:29:13,921 INFO sqlalchemy.engine.Engine CREATE INDEX ix_rooms_name ON rooms (name)
2025-06-17 11:29:13,923 INFO sqlalchemy.engine.Engine [no key 0.00330s] {}
2025-06-17 11:29:13,941 INFO sqlalchemy.engine.Engine 
CREATE TABLE nodes (
	id SERIAL NOT NULL, 
	name VARCHAR NOT NULL, 
	description VARCHAR, 
	nfc_id VARCHAR NOT NULL, 
	house_id INTEGER NOT NULL, 
	room_id INTEGER, 
	PRIMARY KEY (id), 
	FOREIGN KEY(house_id) REFERENCES houses (id), 
	FOREIGN KEY(room_id) REFERENCES rooms (id)
)


2025-06-17 11:29:13,943 INFO sqlalchemy.engine.Engine [no key 0.00193s] {}
2025-06-17 11:29:13,989 INFO sqlalchemy.engine.Engine CREATE UNIQUE INDEX ix_nodes_nfc_id ON nodes (nfc_id)
2025-06-17 11:29:13,989 INFO sqlalchemy.engine.Engine [no key 0.00094s] {}
2025-06-17 11:29:14,006 INFO sqlalchemy.engine.Engine 
CREATE TABLE bookings (
	id SERIAL NOT NULL, 
	room_id INTEGER NOT NULL, 
	user_id INTEGER NOT NULL, 
	start_time TIMESTAMP WITHOUT TIME ZONE NOT NULL, 
	end_time TIMESTAMP WITHOUT TIME ZONE NOT NULL, 
	status VARCHAR NOT NULL, 
	notes VARCHAR, 
	created_at TIMESTAMP WITHOUT TIME ZONE NOT NULL, 
	updated_at TIMESTAMP WITHOUT TIME ZONE NOT NULL, 
	PRIMARY KEY (id), 
	FOREIGN KEY(room_id) REFERENCES rooms (id), 
	FOREIGN KEY(user_id) REFERENCES "user" (id)
)


2025-06-17 11:29:14,008 INFO sqlalchemy.engine.Engine [no key 0.00097s] {}
2025-06-17 11:29:14,058 INFO sqlalchemy.engine.Engine 
CREATE TABLE documents (
	id SERIAL NOT NULL, 
	created_at TIMESTAMP WITHOUT TIME ZONE NOT NULL, 
	updated_at TIMESTAMP WITHOUT TIME ZONE NOT NULL, 
	owner_id INTEGER NOT NULL, 
	name VARCHAR NOT NULL, 
	type VARCHAR NOT NULL, 
	size INTEGER NOT NULL, 
	upload_date TIMESTAMP WITHOUT TIME ZONE NOT NULL, 
	path VARCHAR NOT NULL, 
	checksum VARCHAR NOT NULL, 
	house_id INTEGER, 
	node_id INTEGER, 
	description VARCHAR, 
	PRIMARY KEY (id), 
	FOREIGN KEY(owner_id) REFERENCES "user" (id), 
	FOREIGN KEY(house_id) REFERENCES houses (id), 
	FOREIGN KEY(node_id) REFERENCES nodes (id)
)


2025-06-17 11:29:14,061 INFO sqlalchemy.engine.Engine [no key 0.00273s] {}
2025-06-17 11:29:14,107 INFO sqlalchemy.engine.Engine CREATE INDEX ix_documents_owner_id ON documents (owner_id)
2025-06-17 11:29:14,108 INFO sqlalchemy.engine.Engine [no key 0.00078s] {}
2025-06-17 11:29:14,123 INFO sqlalchemy.engine.Engine 
CREATE TABLE document_versions (
	id SERIAL NOT NULL, 
	version_number INTEGER NOT NULL, 
	file_path VARCHAR NOT NULL, 
	file_size INTEGER NOT NULL, 
	checksum VARCHAR NOT NULL, 
	created_at TIMESTAMP WITHOUT TIME ZONE NOT NULL, 
	updated_at TIMESTAMP WITHOUT TIME ZONE NOT NULL, 
	document_id INTEGER NOT NULL, 
	created_by_id INTEGER, 
	PRIMARY KEY (id), 
	FOREIGN KEY(document_id) REFERENCES documents (id), 
	FOREIGN KEY(created_by_id) REFERENCES "user" (id)
)


2025-06-17 11:29:14,124 INFO sqlalchemy.engine.Engine [no key 0.00102s] {}
2025-06-17 11:29:14,162 INFO sqlalchemy.engine.Engine CREATE INDEX ix_document_versions_version_number ON document_versions (version_number)
2025-06-17 11:29:14,163 INFO sqlalchemy.engine.Engine [no key 0.00126s] {}
2025-06-17 11:29:14,175 INFO sqlalchemy.engine.Engine CREATE INDEX ix_document_versions_created_by_id ON document_versions (created_by_id)
2025-06-17 11:29:14,177 INFO sqlalchemy.engine.Engine [no key 0.00234s] {}
2025-06-17 11:29:14,191 INFO sqlalchemy.engine.Engine CREATE INDEX ix_document_versions_document_id ON document_versions (document_id)
2025-06-17 11:29:14,196 INFO sqlalchemy.engine.Engine [no key 0.00558s] {}
2025-06-17 11:29:14,213 INFO sqlalchemy.engine.Engine 
CREATE TABLE maintenance_records (
	id SERIAL NOT NULL, 
	node_id INTEGER NOT NULL, 
	timestamp TIMESTAMP WITHOUT TIME ZONE NOT NULL, 
	maintenance_type maintenancetype NOT NULL, 
	description VARCHAR NOT NULL, 
	status maintenancestatus NOT NULL, 
	notes VARCHAR, 
	document_id INTEGER, 
	PRIMARY KEY (id), 
	FOREIGN KEY(node_id) REFERENCES nodes (id), 
	FOREIGN KEY(document_id) REFERENCES documents (id)
)


2025-06-17 11:29:14,215 INFO sqlalchemy.engine.Engine [no key 0.00242s] {}
2025-06-17 11:29:14,259 INFO sqlalchemy.engine.Engine CREATE INDEX ix_maintenance_records_node_id ON maintenance_records (node_id)
2025-06-17 11:29:14,261 INFO sqlalchemy.engine.Engine [no key 0.00255s] {}
2025-06-17 11:29:14,279 INFO sqlalchemy.engine.Engine COMMIT
---------------------------- Captured stderr setup ----------------------------
DEBUG:test_users:Setting up test database session...
INFO:sqlalchemy.engine.Engine:select pg_catalog.version()
INFO:sqlalchemy.engine.Engine:[raw sql] {}
INFO:sqlalchemy.engine.Engine:select current_schema()
INFO:sqlalchemy.engine.Engine:[raw sql] {}
INFO:sqlalchemy.engine.Engine:show standard_conforming_strings
INFO:sqlalchemy.engine.Engine:[raw sql] {}
INFO:sqlalchemy.engine.Engine:BEGIN (implicit)
INFO:sqlalchemy.engine.Engine:SELECT pg_catalog.pg_class.relname 
FROM pg_catalog.pg_class JOIN pg_catalog.pg_namespace ON pg_catalog.pg_namespace.oid = pg_catalog.pg_class.relnamespace 
WHERE pg_catalog.pg_class.relname = %(table_name)s AND pg_catalog.pg_class.relkind = ANY (ARRAY[%(param_1)s, %(param_2)s, %(param_3)s, %(param_4)s, %(param_5)s]) AND pg_catalog.pg_table_is_visible(pg_catalog.pg_class.oid) AND pg_catalog.pg_namespace.nspname != %(nspname_1)s
INFO:sqlalchemy.engine.Engine:[generated in 0.00498s] {'table_name': 'user', 'param_1': 'r', 'param_2': 'p', 'param_3': 'f', 'param_4': 'v', 'param_5': 'm', 'nspname_1': 'pg_catalog'}
DEBUG:app.db.session:Query eseguita in 0.02 secondi: SELECT pg_catalog.pg_class.relname 
FROM pg_catalog.pg_class JOIN pg_catalog.pg_namespace ON pg_catalog.pg_namespace.oid = pg_catalog.pg_class.relnamespace 
WHERE pg_catalog.pg_class.relname = %(table_name)s AND pg_catalog.pg_class.relkind = ANY (ARRAY[%(param_1)s, %(param_2)s, %(param_3)s, %(param_4)s, %(param_5)s]) AND pg_catalog.pg_table_is_visible(pg_catalog.pg_class.oid) AND pg_catalog.pg_namespace.nspname != %(nspname_1)s
INFO:sqlalchemy.engine.Engine:SELECT pg_catalog.pg_class.relname 
FROM pg_catalog.pg_class JOIN pg_catalog.pg_namespace ON pg_catalog.pg_namespace.oid = pg_catalog.pg_class.relnamespace 
WHERE pg_catalog.pg_class.relname = %(table_name)s AND pg_catalog.pg_class.relkind = ANY (ARRAY[%(param_1)s, %(param_2)s, %(param_3)s, %(param_4)s, %(param_5)s]) AND pg_catalog.pg_table_is_visible(pg_catalog.pg_class.oid) AND pg_catalog.pg_namespace.nspname != %(nspname_1)s
INFO:sqlalchemy.engine.Engine:[cached since 0.02207s ago] {'table_name': 'documents', 'param_1': 'r', 'param_2': 'p', 'param_3': 'f', 'param_4': 'v', 'param_5': 'm', 'nspname_1': 'pg_catalog'}
DEBUG:app.db.session:Query eseguita in 0.01 secondi: SELECT pg_catalog.pg_class.relname 
FROM pg_catalog.pg_class JOIN pg_catalog.pg_namespace ON pg_catalog.pg_namespace.oid = pg_catalog.pg_class.relnamespace 
WHERE pg_catalog.pg_class.relname = %(table_name)s AND pg_catalog.pg_class.relkind = ANY (ARRAY[%(param_1)s, %(param_2)s, %(param_3)s, %(param_4)s, %(param_5)s]) AND pg_catalog.pg_table_is_visible(pg_catalog.pg_class.oid) AND pg_catalog.pg_namespace.nspname != %(nspname_1)s
INFO:sqlalchemy.engine.Engine:SELECT pg_catalog.pg_class.relname 
FROM pg_catalog.pg_class JOIN pg_catalog.pg_namespace ON pg_catalog.pg_namespace.oid = pg_catalog.pg_class.relnamespace 
WHERE pg_catalog.pg_class.relname = %(table_name)s AND pg_catalog.pg_class.relkind = ANY (ARRAY[%(param_1)s, %(param_2)s, %(param_3)s, %(param_4)s, %(param_5)s]) AND pg_catalog.pg_table_is_visible(pg_catalog.pg_class.oid) AND pg_catalog.pg_namespace.nspname != %(nspname_1)s
INFO:sqlalchemy.engine.Engine:[cached since 0.03288s ago] {'table_name': 'document_versions', 'param_1': 'r', 'param_2': 'p', 'param_3': 'f', 'param_4': 'v', 'param_5': 'm', 'nspname_1': 'pg_catalog'}
DEBUG:app.db.session:Query eseguita in 0.01 secondi: SELECT pg_catalog.pg_class.relname 
FROM pg_catalog.pg_class JOIN pg_catalog.pg_namespace ON pg_catalog.pg_namespace.oid = pg_catalog.pg_class.relnamespace 
WHERE pg_catalog.pg_class.relname = %(table_name)s AND pg_catalog.pg_class.relkind = ANY (ARRAY[%(param_1)s, %(param_2)s, %(param_3)s, %(param_4)s, %(param_5)s]) AND pg_catalog.pg_table_is_visible(pg_catalog.pg_class.oid) AND pg_catalog.pg_namespace.nspname != %(nspname_1)s
INFO:sqlalchemy.engine.Engine:SELECT pg_catalog.pg_class.relname 
FROM pg_catalog.pg_class JOIN pg_catalog.pg_namespace ON pg_catalog.pg_namespace.oid = pg_catalog.pg_class.relnamespace 
WHERE pg_catalog.pg_class.relname = %(table_name)s AND pg_catalog.pg_class.relkind = ANY (ARRAY[%(param_1)s, %(param_2)s, %(param_3)s, %(param_4)s, %(param_5)s]) AND pg_catalog.pg_table_is_visible(pg_catalog.pg_class.oid) AND pg_catalog.pg_namespace.nspname != %(nspname_1)s
INFO:sqlalchemy.engine.Engine:[cached since 0.04064s ago] {'table_name': 'houses', 'param_1': 'r', 'param_2': 'p', 'param_3': 'f', 'param_4': 'v', 'param_5': 'm', 'nspname_1': 'pg_catalog'}
DEBUG:app.db.session:Query eseguita in 0.01 secondi: SELECT pg_catalog.pg_class.relname 
FROM pg_catalog.pg_class JOIN pg_catalog.pg_namespace ON pg_catalog.pg_namespace.oid = pg_catalog.pg_class.relnamespace 
WHERE pg_catalog.pg_class.relname = %(table_name)s AND pg_catalog.pg_class.relkind = ANY (ARRAY[%(param_1)s, %(param_2)s, %(param_3)s, %(param_4)s, %(param_5)s]) AND pg_catalog.pg_table_is_visible(pg_catalog.pg_class.oid) AND pg_catalog.pg_namespace.nspname != %(nspname_1)s
INFO:sqlalchemy.engine.Engine:SELECT pg_catalog.pg_class.relname 
FROM pg_catalog.pg_class JOIN pg_catalog.pg_namespace ON pg_catalog.pg_namespace.oid = pg_catalog.pg_class.relnamespace 
WHERE pg_catalog.pg_class.relname = %(table_name)s AND pg_catalog.pg_class.relkind = ANY (ARRAY[%(param_1)s, %(param_2)s, %(param_3)s, %(param_4)s, %(param_5)s]) AND pg_catalog.pg_table_is_visible(pg_catalog.pg_class.oid) AND pg_catalog.pg_namespace.nspname != %(nspname_1)s
INFO:sqlalchemy.engine.Engine:[cached since 0.05086s ago] {'table_name': 'nodes', 'param_1': 'r', 'param_2': 'p', 'param_3': 'f', 'param_4': 'v', 'param_5': 'm', 'nspname_1': 'pg_catalog'}
DEBUG:app.db.session:Query eseguita in 0.01 secondi: SELECT pg_catalog.pg_class.relname 
FROM pg_catalog.pg_class JOIN pg_catalog.pg_namespace ON pg_catalog.pg_namespace.oid = pg_catalog.pg_class.relnamespace 
WHERE pg_catalog.pg_class.relname = %(table_name)s AND pg_catalog.pg_class.relkind = ANY (ARRAY[%(param_1)s, %(param_2)s, %(param_3)s, %(param_4)s, %(param_5)s]) AND pg_catalog.pg_table_is_visible(pg_catalog.pg_class.oid) AND pg_catalog.pg_namespace.nspname != %(nspname_1)s
INFO:sqlalchemy.engine.Engine:SELECT pg_catalog.pg_class.relname 
FROM pg_catalog.pg_class JOIN pg_catalog.pg_namespace ON pg_catalog.pg_namespace.oid = pg_catalog.pg_class.relnamespace 
WHERE pg_catalog.pg_class.relname = %(table_name)s AND pg_catalog.pg_class.relkind = ANY (ARRAY[%(param_1)s, %(param_2)s, %(param_3)s, %(param_4)s, %(param_5)s]) AND pg_catalog.pg_table_is_visible(pg_catalog.pg_class.oid) AND pg_catalog.pg_namespace.nspname != %(nspname_1)s
INFO:sqlalchemy.engine.Engine:[cached since 0.06607s ago] {'table_name': 'rooms', 'param_1': 'r', 'param_2': 'p', 'param_3': 'f', 'param_4': 'v', 'param_5': 'm', 'nspname_1': 'pg_catalog'}
DEBUG:app.db.session:Query eseguita in 0.01 secondi: SELECT pg_catalog.pg_class.relname 
FROM pg_catalog.pg_class JOIN pg_catalog.pg_namespace ON pg_catalog.pg_namespace.oid = pg_catalog.pg_class.relnamespace 
WHERE pg_catalog.pg_class.relname = %(table_name)s AND pg_catalog.pg_class.relkind = ANY (ARRAY[%(param_1)s, %(param_2)s, %(param_3)s, %(param_4)s, %(param_5)s]) AND pg_catalog.pg_table_is_visible(pg_catalog.pg_class.oid) AND pg_catalog.pg_namespace.nspname != %(nspname_1)s
INFO:sqlalchemy.engine.Engine:SELECT pg_catalog.pg_class.relname 
FROM pg_catalog.pg_class JOIN pg_catalog.pg_namespace ON pg_catalog.pg_namespace.oid = pg_catalog.pg_class.relnamespace 
WHERE pg_catalog.pg_class.relname = %(table_name)s AND pg_catalog.pg_class.relkind = ANY (ARRAY[%(param_1)s, %(param_2)s, %(param_3)s, %(param_4)s, %(param_5)s]) AND pg_catalog.pg_table_is_visible(pg_catalog.pg_class.oid) AND pg_catalog.pg_namespace.nspname != %(nspname_1)s
INFO:sqlalchemy.engine.Engine:[cached since 0.07451s ago] {'table_name': 'bookings', 'param_1': 'r', 'param_2': 'p', 'param_3': 'f', 'param_4': 'v', 'param_5': 'm', 'nspname_1': 'pg_catalog'}
DEBUG:app.db.session:Query eseguita in 0.01 secondi: SELECT pg_catalog.pg_class.relname 
FROM pg_catalog.pg_class JOIN pg_catalog.pg_namespace ON pg_catalog.pg_namespace.oid = pg_catalog.pg_class.relnamespace 
WHERE pg_catalog.pg_class.relname = %(table_name)s AND pg_catalog.pg_class.relkind = ANY (ARRAY[%(param_1)s, %(param_2)s, %(param_3)s, %(param_4)s, %(param_5)s]) AND pg_catalog.pg_table_is_visible(pg_catalog.pg_class.oid) AND pg_catalog.pg_namespace.nspname != %(nspname_1)s
INFO:sqlalchemy.engine.Engine:SELECT pg_catalog.pg_class.relname 
FROM pg_catalog.pg_class JOIN pg_catalog.pg_namespace ON pg_catalog.pg_namespace.oid = pg_catalog.pg_class.relnamespace 
WHERE pg_catalog.pg_class.relname = %(table_name)s AND pg_catalog.pg_class.relkind = ANY (ARRAY[%(param_1)s, %(param_2)s, %(param_3)s, %(param_4)s, %(param_5)s]) AND pg_catalog.pg_table_is_visible(pg_catalog.pg_class.oid) AND pg_catalog.pg_namespace.nspname != %(nspname_1)s
INFO:sqlalchemy.engine.Engine:[cached since 0.08423s ago] {'table_name': 'maintenance_records', 'param_1': 'r', 'param_2': 'p', 'param_3': 'f', 'param_4': 'v', 'param_5': 'm', 'nspname_1': 'pg_catalog'}
DEBUG:app.db.session:Query eseguita in 0.01 secondi: SELECT pg_catalog.pg_class.relname 
FROM pg_catalog.pg_class JOIN pg_catalog.pg_namespace ON pg_catalog.pg_namespace.oid = pg_catalog.pg_class.relnamespace 
WHERE pg_catalog.pg_class.relname = %(table_name)s AND pg_catalog.pg_class.relkind = ANY (ARRAY[%(param_1)s, %(param_2)s, %(param_3)s, %(param_4)s, %(param_5)s]) AND pg_catalog.pg_table_is_visible(pg_catalog.pg_class.oid) AND pg_catalog.pg_namespace.nspname != %(nspname_1)s
INFO:sqlalchemy.engine.Engine:SELECT pg_catalog.pg_type.typname 
FROM pg_catalog.pg_type JOIN pg_catalog.pg_namespace ON pg_catalog.pg_namespace.oid = pg_catalog.pg_type.typnamespace 
WHERE pg_catalog.pg_type.typname = %(typname_1)s AND pg_catalog.pg_type_is_visible(pg_catalog.pg_type.oid) AND pg_catalog.pg_namespace.nspname != %(nspname_1)s
INFO:sqlalchemy.engine.Engine:[generated in 0.00618s] {'typname_1': 'maintenancetype', 'nspname_1': 'pg_catalog'}
DEBUG:app.db.session:Query eseguita in 0.02 secondi: SELECT pg_catalog.pg_type.typname 
FROM pg_catalog.pg_type JOIN pg_catalog.pg_namespace ON pg_catalog.pg_namespace.oid = pg_catalog.pg_type.typnamespace 
WHERE pg_catalog.pg_type.typname = %(typname_1)s AND pg_catalog.pg_type_is_visible(pg_catalog.pg_type.oid) AND pg_catalog.pg_namespace.nspname != %(nspname_1)s
INFO:sqlalchemy.engine.Engine:CREATE TYPE maintenancetype AS ENUM ('ROUTINE', 'PREVENTIVE', 'CORRECTIVE', 'EMERGENCY', 'INSPECTION')
INFO:sqlalchemy.engine.Engine:[no key 0.00120s] {}
DEBUG:app.db.session:Query eseguita in 0.01 secondi: CREATE TYPE maintenancetype AS ENUM ('ROUTINE', 'PREVENTIVE', 'CORRECTIVE', 'EMERGENCY', 'INSPECTION')
INFO:sqlalchemy.engine.Engine:SELECT pg_catalog.pg_type.typname 
FROM pg_catalog.pg_type JOIN pg_catalog.pg_namespace ON pg_catalog.pg_namespace.oid = pg_catalog.pg_type.typnamespace 
WHERE pg_catalog.pg_type.typname = %(typname_1)s AND pg_catalog.pg_type_is_visible(pg_catalog.pg_type.oid) AND pg_catalog.pg_namespace.nspname != %(nspname_1)s
INFO:sqlalchemy.engine.Engine:[cached since 0.04253s ago] {'typname_1': 'maintenancestatus', 'nspname_1': 'pg_catalog'}
DEBUG:app.db.session:Query eseguita in 0.01 secondi: SELECT pg_catalog.pg_type.typname 
FROM pg_catalog.pg_type JOIN pg_catalog.pg_namespace ON pg_catalog.pg_namespace.oid = pg_catalog.pg_type.typnamespace 
WHERE pg_catalog.pg_type.typname = %(typname_1)s AND pg_catalog.pg_type_is_visible(pg_catalog.pg_type.oid) AND pg_catalog.pg_namespace.nspname != %(nspname_1)s
INFO:sqlalchemy.engine.Engine:CREATE TYPE maintenancestatus AS ENUM ('PENDING', 'COMPLETED', 'FAILED')
INFO:sqlalchemy.engine.Engine:[no key 0.00427s] {}
DEBUG:app.db.session:Query eseguita in 0.01 secondi: CREATE TYPE maintenancestatus AS ENUM ('PENDING', 'COMPLETED', 'FAILED')
INFO:sqlalchemy.engine.Engine:
CREATE TABLE "user" (
	id SERIAL NOT NULL, 
	email VARCHAR NOT NULL, 
	username VARCHAR NOT NULL, 
	hashed_password VARCHAR NOT NULL, 
	is_active BOOLEAN NOT NULL, 
	is_superuser BOOLEAN NOT NULL, 
	is_verified BOOLEAN NOT NULL, 
	created_at TIMESTAMP WITHOUT TIME ZONE NOT NULL, 
	updated_at TIMESTAMP WITHOUT TIME ZONE NOT NULL, 
	last_login TIMESTAMP WITH TIME ZONE, 
	full_name VARCHAR(255), 
	phone_number VARCHAR(20), 
	PRIMARY KEY (id)
)


INFO:sqlalchemy.engine.Engine:[no key 0.00154s] {}
DEBUG:app.db.session:Query eseguita in 0.04 secondi: 
CREATE TABLE "user" (
	id SERIAL NOT NULL, 
	email VARCHAR NOT NULL, 
	username VARCHAR NOT NULL, 
	hashed_password VARCHAR NOT NULL, 
	is_active BOOLEAN NOT NULL, 
	is_superuser BOOLEAN NOT NULL, 
	is_verified BOOLEAN NOT NULL, 
	created_at TIMESTAMP WITHOUT TIME ZONE NOT NULL, 
	updated_at TIMESTAMP WITHOUT TIME ZONE NOT NULL, 
	last_login TIMESTAMP WITH TIME ZONE, 
	full_name VARCHAR(255), 
	phone_number VARCHAR(20), 
	PRIMARY KEY (id)
)


INFO:sqlalchemy.engine.Engine:CREATE UNIQUE INDEX ix_user_email ON "user" (email)
INFO:sqlalchemy.engine.Engine:[no key 0.00285s] {}
DEBUG:app.db.session:Query eseguita in 0.01 secondi: CREATE UNIQUE INDEX ix_user_email ON "user" (email)
INFO:sqlalchemy.engine.Engine:CREATE UNIQUE INDEX ix_user_username ON "user" (username)
INFO:sqlalchemy.engine.Engine:[no key 0.00382s] {}
DEBUG:app.db.session:Query eseguita in 0.02 secondi: CREATE UNIQUE INDEX ix_user_username ON "user" (username)
INFO:sqlalchemy.engine.Engine:
CREATE TABLE houses (
	id SERIAL NOT NULL, 
	name VARCHAR NOT NULL, 
	address VARCHAR NOT NULL, 
	owner_id INTEGER NOT NULL, 
	created_at TIMESTAMP WITHOUT TIME ZONE NOT NULL, 
	updated_at TIMESTAMP WITHOUT TIME ZONE NOT NULL, 
	PRIMARY KEY (id), 
	FOREIGN KEY(owner_id) REFERENCES "user" (id)
)


INFO:sqlalchemy.engine.Engine:[no key 0.00229s] {}
DEBUG:app.db.session:Query eseguita in 0.04 secondi: 
CREATE TABLE houses (
	id SERIAL NOT NULL, 
	name VARCHAR NOT NULL, 
	address VARCHAR NOT NULL, 
	owner_id INTEGER NOT NULL, 
	created_at TIMESTAMP WITHOUT TIME ZONE NOT NULL, 
	updated_at TIMESTAMP WITHOUT TIME ZONE NOT NULL, 
	PRIMARY KEY (id), 
	FOREIGN KEY(owner_id) REFERENCES "user" (id)
)


INFO:sqlalchemy.engine.Engine:CREATE INDEX ix_houses_name ON houses (name)
INFO:sqlalchemy.engine.Engine:[no key 0.00127s] {}
DEBUG:app.db.session:Query eseguita in 0.01 secondi: CREATE INDEX ix_houses_name ON houses (name)
INFO:sqlalchemy.engine.Engine:
CREATE TABLE rooms (
	id SERIAL NOT NULL, 
	name VARCHAR NOT NULL, 
	description VARCHAR, 
	floor INTEGER NOT NULL, 
	area FLOAT NOT NULL, 
	house_id INTEGER NOT NULL, 
	created_at TIMESTAMP WITHOUT TIME ZONE NOT NULL, 
	updated_at TIMESTAMP WITHOUT TIME ZONE NOT NULL, 
	PRIMARY KEY (id), 
	FOREIGN KEY(house_id) REFERENCES houses (id)
)


INFO:sqlalchemy.engine.Engine:[no key 0.00090s] {}
DEBUG:app.db.session:Query eseguita in 0.04 secondi: 
CREATE TABLE rooms (
	id SERIAL NOT NULL, 
	name VARCHAR NOT NULL, 
	description VARCHAR, 
	floor INTEGER NOT NULL, 
	area FLOAT NOT NULL, 
	house_id INTEGER NOT NULL, 
	created_at TIMESTAMP WITHOUT TIME ZONE NOT NULL, 
	updated_at TIMESTAMP WITHOUT TIME ZONE NOT NULL, 
	PRIMARY KEY (id), 
	FOREIGN KEY(house_id) REFERENCES houses (id)
)


INFO:sqlalchemy.engine.Engine:CREATE INDEX ix_rooms_name ON rooms (name)
INFO:sqlalchemy.engine.Engine:[no key 0.00330s] {}
DEBUG:app.db.session:Query eseguita in 0.01 secondi: CREATE INDEX ix_rooms_name ON rooms (name)
INFO:sqlalchemy.engine.Engine:
CREATE TABLE nodes (
	id SERIAL NOT NULL, 
	name VARCHAR NOT NULL, 
	description VARCHAR, 
	nfc_id VARCHAR NOT NULL, 
	house_id INTEGER NOT NULL, 
	room_id INTEGER, 
	PRIMARY KEY (id), 
	FOREIGN KEY(house_id) REFERENCES houses (id), 
	FOREIGN KEY(room_id) REFERENCES rooms (id)
)


INFO:sqlalchemy.engine.Engine:[no key 0.00193s] {}
DEBUG:app.db.session:Query eseguita in 0.04 secondi: 
CREATE TABLE nodes (
	id SERIAL NOT NULL, 
	name VARCHAR NOT NULL, 
	description VARCHAR, 
	nfc_id VARCHAR NOT NULL, 
	house_id INTEGER NOT NULL, 
	room_id INTEGER, 
	PRIMARY KEY (id), 
	FOREIGN KEY(house_id) REFERENCES houses (id), 
	FOREIGN KEY(room_id) REFERENCES rooms (id)
)


INFO:sqlalchemy.engine.Engine:CREATE UNIQUE INDEX ix_nodes_nfc_id ON nodes (nfc_id)
INFO:sqlalchemy.engine.Engine:[no key 0.00094s] {}
DEBUG:app.db.session:Query eseguita in 0.01 secondi: CREATE UNIQUE INDEX ix_nodes_nfc_id ON nodes (nfc_id)
INFO:sqlalchemy.engine.Engine:
CREATE TABLE bookings (
	id SERIAL NOT NULL, 
	room_id INTEGER NOT NULL, 
	user_id INTEGER NOT NULL, 
	start_time TIMESTAMP WITHOUT TIME ZONE NOT NULL, 
	end_time TIMESTAMP WITHOUT TIME ZONE NOT NULL, 
	status VARCHAR NOT NULL, 
	notes VARCHAR, 
	created_at TIMESTAMP WITHOUT TIME ZONE NOT NULL, 
	updated_at TIMESTAMP WITHOUT TIME ZONE NOT NULL, 
	PRIMARY KEY (id), 
	FOREIGN KEY(room_id) REFERENCES rooms (id), 
	FOREIGN KEY(user_id) REFERENCES "user" (id)
)


INFO:sqlalchemy.engine.Engine:[no key 0.00097s] {}
DEBUG:app.db.session:Query eseguita in 0.05 secondi: 
CREATE TABLE bookings (
	id SERIAL NOT NULL, 
	room_id INTEGER NOT NULL, 
	user_id INTEGER NOT NULL, 
	start_time TIMESTAMP WITHOUT TIME ZONE NOT NULL, 
	end_time TIMESTAMP WITHOUT TIME ZONE NOT NULL, 
	status VARCHAR NOT NULL, 
	notes VARCHAR, 
	created_at TIMESTAMP WITHOUT TIME ZONE NOT NULL, 
	updated_at TIMESTAMP WITHOUT TIME ZONE NOT NULL, 
	PRIMARY KEY (id), 
	FOREIGN KEY(room_id) REFERENCES rooms (id), 
	FOREIGN KEY(user_id) REFERENCES "user" (id)
)


INFO:sqlalchemy.engine.Engine:
CREATE TABLE documents (
	id SERIAL NOT NULL, 
	created_at TIMESTAMP WITHOUT TIME ZONE NOT NULL, 
	updated_at TIMESTAMP WITHOUT TIME ZONE NOT NULL, 
	owner_id INTEGER NOT NULL, 
	name VARCHAR NOT NULL, 
	type VARCHAR NOT NULL, 
	size INTEGER NOT NULL, 
	upload_date TIMESTAMP WITHOUT TIME ZONE NOT NULL, 
	path VARCHAR NOT NULL, 
	checksum VARCHAR NOT NULL, 
	house_id INTEGER, 
	node_id INTEGER, 
	description VARCHAR, 
	PRIMARY KEY (id), 
	FOREIGN KEY(owner_id) REFERENCES "user" (id), 
	FOREIGN KEY(house_id) REFERENCES houses (id), 
	FOREIGN KEY(node_id) REFERENCES nodes (id)
)


INFO:sqlalchemy.engine.Engine:[no key 0.00273s] {}
DEBUG:app.db.session:Query eseguita in 0.05 secondi: 
CREATE TABLE documents (
	id SERIAL NOT NULL, 
	created_at TIMESTAMP WITHOUT TIME ZONE NOT NULL, 
	updated_at TIMESTAMP WITHOUT TIME ZONE NOT NULL, 
	owner_id INTEGER NOT NULL, 
	name VARCHAR NOT NULL, 
	type VARCHAR NOT NULL, 
	size INTEGER NOT NULL, 
	upload_date TIMESTAMP WITHOUT TIME ZONE NOT NULL, 
	path VARCHAR NOT NULL, 
	checksum VARCHAR NOT NULL, 
	house_id INTEGER, 
	node_id INTEGER, 
	description VARCHAR, 
	PRIMARY KEY (id), 
	FOREIGN KEY(owner_id) REFERENCES "user" (id), 
	FOREIGN KEY(house_id) REFERENCES houses (id), 
	FOREIGN KEY(node_id) REFERENCES nodes (id)
)


INFO:sqlalchemy.engine.Engine:CREATE INDEX ix_documents_owner_id ON documents (owner_id)
INFO:sqlalchemy.engine.Engine:[no key 0.00078s] {}
DEBUG:app.db.session:Query eseguita in 0.01 secondi: CREATE INDEX ix_documents_owner_id ON documents (owner_id)
INFO:sqlalchemy.engine.Engine:
CREATE TABLE document_versions (
	id SERIAL NOT NULL, 
	version_number INTEGER NOT NULL, 
	file_path VARCHAR NOT NULL, 
	file_size INTEGER NOT NULL, 
	checksum VARCHAR NOT NULL, 
	created_at TIMESTAMP WITHOUT TIME ZONE NOT NULL, 
	updated_at TIMESTAMP WITHOUT TIME ZONE NOT NULL, 
	document_id INTEGER NOT NULL, 
	created_by_id INTEGER, 
	PRIMARY KEY (id), 
	FOREIGN KEY(document_id) REFERENCES documents (id), 
	FOREIGN KEY(created_by_id) REFERENCES "user" (id)
)


INFO:sqlalchemy.engine.Engine:[no key 0.00102s] {}
DEBUG:app.db.session:Query eseguita in 0.04 secondi: 
CREATE TABLE document_versions (
	id SERIAL NOT NULL, 
	version_number INTEGER NOT NULL, 
	file_path VARCHAR NOT NULL, 
	file_size INTEGER NOT NULL, 
	checksum VARCHAR NOT NULL, 
	created_at TIMESTAMP WITHOUT TIME ZONE NOT NULL, 
	updated_at TIMESTAMP WITHOUT TIME ZONE NOT NULL, 
	document_id INTEGER NOT NULL, 
	created_by_id INTEGER, 
	PRIMARY KEY (id), 
	FOREIGN KEY(document_id) REFERENCES documents (id), 
	FOREIGN KEY(created_by_id) REFERENCES "user" (id)
)


INFO:sqlalchemy.engine.Engine:CREATE INDEX ix_document_versions_version_number ON document_versions (version_number)
INFO:sqlalchemy.engine.Engine:[no key 0.00126s] {}
DEBUG:app.db.session:Query eseguita in 0.01 secondi: CREATE INDEX ix_document_versions_version_number ON document_versions (version_number)
INFO:sqlalchemy.engine.Engine:CREATE INDEX ix_document_versions_created_by_id ON document_versions (created_by_id)
INFO:sqlalchemy.engine.Engine:[no key 0.00234s] {}
DEBUG:app.db.session:Query eseguita in 0.01 secondi: CREATE INDEX ix_document_versions_created_by_id ON document_versions (created_by_id)
INFO:sqlalchemy.engine.Engine:CREATE INDEX ix_document_versions_document_id ON document_versions (document_id)
INFO:sqlalchemy.engine.Engine:[no key 0.00558s] {}
DEBUG:app.db.session:Query eseguita in 0.02 secondi: CREATE INDEX ix_document_versions_document_id ON document_versions (document_id)
INFO:sqlalchemy.engine.Engine:
CREATE TABLE maintenance_records (
	id SERIAL NOT NULL, 
	node_id INTEGER NOT NULL, 
	timestamp TIMESTAMP WITHOUT TIME ZONE NOT NULL, 
	maintenance_type maintenancetype NOT NULL, 
	description VARCHAR NOT NULL, 
	status maintenancestatus NOT NULL, 
	notes VARCHAR, 
	document_id INTEGER, 
	PRIMARY KEY (id), 
	FOREIGN KEY(node_id) REFERENCES nodes (id), 
	FOREIGN KEY(document_id) REFERENCES documents (id)
)


INFO:sqlalchemy.engine.Engine:[no key 0.00242s] {}
DEBUG:app.db.session:Query eseguita in 0.04 secondi: 
CREATE TABLE maintenance_records (
	id SERIAL NOT NULL, 
	node_id INTEGER NOT NULL, 
	timestamp TIMESTAMP WITHOUT TIME ZONE NOT NULL, 
	maintenance_type maintenancetype NOT NULL, 
	description VARCHAR NOT NULL, 
	status maintenancestatus NOT NULL, 
	notes VARCHAR, 
	document_id INTEGER, 
	PRIMARY KEY (id), 
	FOREIGN KEY(node_id) REFERENCES nodes (id), 
	FOREIGN KEY(document_id) REFERENCES documents (id)
)


INFO:sqlalchemy.engine.Engine:CREATE INDEX ix_maintenance_records_node_id ON maintenance_records (node_id)
INFO:sqlalchemy.engine.Engine:[no key 0.00255s] {}
DEBUG:app.db.session:Query eseguita in 0.02 secondi: CREATE INDEX ix_maintenance_records_node_id ON maintenance_records (node_id)
INFO:sqlalchemy.engine.Engine:COMMIT
DEBUG:test_users:Test database tables created successfully
DEBUG:test_users:Test database session created successfully
DEBUG:conftest:Overriding get_session for tests...
DEBUG:tests.conftest_redis:Setting up FakeRedis for tests...
DEBUG:app.core.redis:Connessione Redis stabilita con successo
----------------------------- Captured log setup ------------------------------
DEBUG    test_users:test_users.py:38 Setting up test database session...
INFO     sqlalchemy.engine.Engine:base.py:1842 select pg_catalog.version()
INFO     sqlalchemy.engine.Engine:base.py:1842 [raw sql] {}
INFO     sqlalchemy.engine.Engine:base.py:1842 select current_schema()
INFO     sqlalchemy.engine.Engine:base.py:1842 [raw sql] {}
INFO     sqlalchemy.engine.Engine:base.py:1842 show standard_conforming_strings
INFO     sqlalchemy.engine.Engine:base.py:1842 [raw sql] {}
INFO     sqlalchemy.engine.Engine:base.py:2698 BEGIN (implicit)
INFO     sqlalchemy.engine.Engine:base.py:1842 SELECT pg_catalog.pg_class.relname 
FROM pg_catalog.pg_class JOIN pg_catalog.pg_namespace ON pg_catalog.pg_namespace.oid = pg_catalog.pg_class.relnamespace 
WHERE pg_catalog.pg_class.relname = %(table_name)s AND pg_catalog.pg_class.relkind = ANY (ARRAY[%(param_1)s, %(param_2)s, %(param_3)s, %(param_4)s, %(param_5)s]) AND pg_catalog.pg_table_is_visible(pg_catalog.pg_class.oid) AND pg_catalog.pg_namespace.nspname != %(nspname_1)s
INFO     sqlalchemy.engine.Engine:base.py:1842 [generated in 0.00498s] {'table_name': 'user', 'param_1': 'r', 'param_2': 'p', 'param_3': 'f', 'param_4': 'v', 'param_5': 'm', 'nspname_1': 'pg_catalog'}
DEBUG    app.db.session:session.py:30 Query eseguita in 0.02 secondi: SELECT pg_catalog.pg_class.relname 
FROM pg_catalog.pg_class JOIN pg_catalog.pg_namespace ON pg_catalog.pg_namespace.oid = pg_catalog.pg_class.relnamespace 
WHERE pg_catalog.pg_class.relname = %(table_name)s AND pg_catalog.pg_class.relkind = ANY (ARRAY[%(param_1)s, %(param_2)s, %(param_3)s, %(param_4)s, %(param_5)s]) AND pg_catalog.pg_table_is_visible(pg_catalog.pg_class.oid) AND pg_catalog.pg_namespace.nspname != %(nspname_1)s
INFO     sqlalchemy.engine.Engine:base.py:1842 SELECT pg_catalog.pg_class.relname 
FROM pg_catalog.pg_class JOIN pg_catalog.pg_namespace ON pg_catalog.pg_namespace.oid = pg_catalog.pg_class.relnamespace 
WHERE pg_catalog.pg_class.relname = %(table_name)s AND pg_catalog.pg_class.relkind = ANY (ARRAY[%(param_1)s, %(param_2)s, %(param_3)s, %(param_4)s, %(param_5)s]) AND pg_catalog.pg_table_is_visible(pg_catalog.pg_class.oid) AND pg_catalog.pg_namespace.nspname != %(nspname_1)s
INFO     sqlalchemy.engine.Engine:base.py:1842 [cached since 0.02207s ago] {'table_name': 'documents', 'param_1': 'r', 'param_2': 'p', 'param_3': 'f', 'param_4': 'v', 'param_5': 'm', 'nspname_1': 'pg_catalog'}
DEBUG    app.db.session:session.py:30 Query eseguita in 0.01 secondi: SELECT pg_catalog.pg_class.relname 
FROM pg_catalog.pg_class JOIN pg_catalog.pg_namespace ON pg_catalog.pg_namespace.oid = pg_catalog.pg_class.relnamespace 
WHERE pg_catalog.pg_class.relname = %(table_name)s AND pg_catalog.pg_class.relkind = ANY (ARRAY[%(param_1)s, %(param_2)s, %(param_3)s, %(param_4)s, %(param_5)s]) AND pg_catalog.pg_table_is_visible(pg_catalog.pg_class.oid) AND pg_catalog.pg_namespace.nspname != %(nspname_1)s
INFO     sqlalchemy.engine.Engine:base.py:1842 SELECT pg_catalog.pg_class.relname 
FROM pg_catalog.pg_class JOIN pg_catalog.pg_namespace ON pg_catalog.pg_namespace.oid = pg_catalog.pg_class.relnamespace 
WHERE pg_catalog.pg_class.relname = %(table_name)s AND pg_catalog.pg_class.relkind = ANY (ARRAY[%(param_1)s, %(param_2)s, %(param_3)s, %(param_4)s, %(param_5)s]) AND pg_catalog.pg_table_is_visible(pg_catalog.pg_class.oid) AND pg_catalog.pg_namespace.nspname != %(nspname_1)s
INFO     sqlalchemy.engine.Engine:base.py:1842 [cached since 0.03288s ago] {'table_name': 'document_versions', 'param_1': 'r', 'param_2': 'p', 'param_3': 'f', 'param_4': 'v', 'param_5': 'm', 'nspname_1': 'pg_catalog'}
DEBUG    app.db.session:session.py:30 Query eseguita in 0.01 secondi: SELECT pg_catalog.pg_class.relname 
FROM pg_catalog.pg_class JOIN pg_catalog.pg_namespace ON pg_catalog.pg_namespace.oid = pg_catalog.pg_class.relnamespace 
WHERE pg_catalog.pg_class.relname = %(table_name)s AND pg_catalog.pg_class.relkind = ANY (ARRAY[%(param_1)s, %(param_2)s, %(param_3)s, %(param_4)s, %(param_5)s]) AND pg_catalog.pg_table_is_visible(pg_catalog.pg_class.oid) AND pg_catalog.pg_namespace.nspname != %(nspname_1)s
INFO     sqlalchemy.engine.Engine:base.py:1842 SELECT pg_catalog.pg_class.relname 
FROM pg_catalog.pg_class JOIN pg_catalog.pg_namespace ON pg_catalog.pg_namespace.oid = pg_catalog.pg_class.relnamespace 
WHERE pg_catalog.pg_class.relname = %(table_name)s AND pg_catalog.pg_class.relkind = ANY (ARRAY[%(param_1)s, %(param_2)s, %(param_3)s, %(param_4)s, %(param_5)s]) AND pg_catalog.pg_table_is_visible(pg_catalog.pg_class.oid) AND pg_catalog.pg_namespace.nspname != %(nspname_1)s
INFO     sqlalchemy.engine.Engine:base.py:1842 [cached since 0.04064s ago] {'table_name': 'houses', 'param_1': 'r', 'param_2': 'p', 'param_3': 'f', 'param_4': 'v', 'param_5': 'm', 'nspname_1': 'pg_catalog'}
DEBUG    app.db.session:session.py:30 Query eseguita in 0.01 secondi: SELECT pg_catalog.pg_class.relname 
FROM pg_catalog.pg_class JOIN pg_catalog.pg_namespace ON pg_catalog.pg_namespace.oid = pg_catalog.pg_class.relnamespace 
WHERE pg_catalog.pg_class.relname = %(table_name)s AND pg_catalog.pg_class.relkind = ANY (ARRAY[%(param_1)s, %(param_2)s, %(param_3)s, %(param_4)s, %(param_5)s]) AND pg_catalog.pg_table_is_visible(pg_catalog.pg_class.oid) AND pg_catalog.pg_namespace.nspname != %(nspname_1)s
INFO     sqlalchemy.engine.Engine:base.py:1842 SELECT pg_catalog.pg_class.relname 
FROM pg_catalog.pg_class JOIN pg_catalog.pg_namespace ON pg_catalog.pg_namespace.oid = pg_catalog.pg_class.relnamespace 
WHERE pg_catalog.pg_class.relname = %(table_name)s AND pg_catalog.pg_class.relkind = ANY (ARRAY[%(param_1)s, %(param_2)s, %(param_3)s, %(param_4)s, %(param_5)s]) AND pg_catalog.pg_table_is_visible(pg_catalog.pg_class.oid) AND pg_catalog.pg_namespace.nspname != %(nspname_1)s
INFO     sqlalchemy.engine.Engine:base.py:1842 [cached since 0.05086s ago] {'table_name': 'nodes', 'param_1': 'r', 'param_2': 'p', 'param_3': 'f', 'param_4': 'v', 'param_5': 'm', 'nspname_1': 'pg_catalog'}
DEBUG    app.db.session:session.py:30 Query eseguita in 0.01 secondi: SELECT pg_catalog.pg_class.relname 
FROM pg_catalog.pg_class JOIN pg_catalog.pg_namespace ON pg_catalog.pg_namespace.oid = pg_catalog.pg_class.relnamespace 
WHERE pg_catalog.pg_class.relname = %(table_name)s AND pg_catalog.pg_class.relkind = ANY (ARRAY[%(param_1)s, %(param_2)s, %(param_3)s, %(param_4)s, %(param_5)s]) AND pg_catalog.pg_table_is_visible(pg_catalog.pg_class.oid) AND pg_catalog.pg_namespace.nspname != %(nspname_1)s
INFO     sqlalchemy.engine.Engine:base.py:1842 SELECT pg_catalog.pg_class.relname 
FROM pg_catalog.pg_class JOIN pg_catalog.pg_namespace ON pg_catalog.pg_namespace.oid = pg_catalog.pg_class.relnamespace 
WHERE pg_catalog.pg_class.relname = %(table_name)s AND pg_catalog.pg_class.relkind = ANY (ARRAY[%(param_1)s, %(param_2)s, %(param_3)s, %(param_4)s, %(param_5)s]) AND pg_catalog.pg_table_is_visible(pg_catalog.pg_class.oid) AND pg_catalog.pg_namespace.nspname != %(nspname_1)s
INFO     sqlalchemy.engine.Engine:base.py:1842 [cached since 0.06607s ago] {'table_name': 'rooms', 'param_1': 'r', 'param_2': 'p', 'param_3': 'f', 'param_4': 'v', 'param_5': 'm', 'nspname_1': 'pg_catalog'}
DEBUG    app.db.session:session.py:30 Query eseguita in 0.01 secondi: SELECT pg_catalog.pg_class.relname 
FROM pg_catalog.pg_class JOIN pg_catalog.pg_namespace ON pg_catalog.pg_namespace.oid = pg_catalog.pg_class.relnamespace 
WHERE pg_catalog.pg_class.relname = %(table_name)s AND pg_catalog.pg_class.relkind = ANY (ARRAY[%(param_1)s, %(param_2)s, %(param_3)s, %(param_4)s, %(param_5)s]) AND pg_catalog.pg_table_is_visible(pg_catalog.pg_class.oid) AND pg_catalog.pg_namespace.nspname != %(nspname_1)s
INFO     sqlalchemy.engine.Engine:base.py:1842 SELECT pg_catalog.pg_class.relname 
FROM pg_catalog.pg_class JOIN pg_catalog.pg_namespace ON pg_catalog.pg_namespace.oid = pg_catalog.pg_class.relnamespace 
WHERE pg_catalog.pg_class.relname = %(table_name)s AND pg_catalog.pg_class.relkind = ANY (ARRAY[%(param_1)s, %(param_2)s, %(param_3)s, %(param_4)s, %(param_5)s]) AND pg_catalog.pg_table_is_visible(pg_catalog.pg_class.oid) AND pg_catalog.pg_namespace.nspname != %(nspname_1)s
INFO     sqlalchemy.engine.Engine:base.py:1842 [cached since 0.07451s ago] {'table_name': 'bookings', 'param_1': 'r', 'param_2': 'p', 'param_3': 'f', 'param_4': 'v', 'param_5': 'm', 'nspname_1': 'pg_catalog'}
DEBUG    app.db.session:session.py:30 Query eseguita in 0.01 secondi: SELECT pg_catalog.pg_class.relname 
FROM pg_catalog.pg_class JOIN pg_catalog.pg_namespace ON pg_catalog.pg_namespace.oid = pg_catalog.pg_class.relnamespace 
WHERE pg_catalog.pg_class.relname = %(table_name)s AND pg_catalog.pg_class.relkind = ANY (ARRAY[%(param_1)s, %(param_2)s, %(param_3)s, %(param_4)s, %(param_5)s]) AND pg_catalog.pg_table_is_visible(pg_catalog.pg_class.oid) AND pg_catalog.pg_namespace.nspname != %(nspname_1)s
INFO     sqlalchemy.engine.Engine:base.py:1842 SELECT pg_catalog.pg_class.relname 
FROM pg_catalog.pg_class JOIN pg_catalog.pg_namespace ON pg_catalog.pg_namespace.oid = pg_catalog.pg_class.relnamespace 
WHERE pg_catalog.pg_class.relname = %(table_name)s AND pg_catalog.pg_class.relkind = ANY (ARRAY[%(param_1)s, %(param_2)s, %(param_3)s, %(param_4)s, %(param_5)s]) AND pg_catalog.pg_table_is_visible(pg_catalog.pg_class.oid) AND pg_catalog.pg_namespace.nspname != %(nspname_1)s
INFO     sqlalchemy.engine.Engine:base.py:1842 [cached since 0.08423s ago] {'table_name': 'maintenance_records', 'param_1': 'r', 'param_2': 'p', 'param_3': 'f', 'param_4': 'v', 'param_5': 'm', 'nspname_1': 'pg_catalog'}
DEBUG    app.db.session:session.py:30 Query eseguita in 0.01 secondi: SELECT pg_catalog.pg_class.relname 
FROM pg_catalog.pg_class JOIN pg_catalog.pg_namespace ON pg_catalog.pg_namespace.oid = pg_catalog.pg_class.relnamespace 
WHERE pg_catalog.pg_class.relname = %(table_name)s AND pg_catalog.pg_class.relkind = ANY (ARRAY[%(param_1)s, %(param_2)s, %(param_3)s, %(param_4)s, %(param_5)s]) AND pg_catalog.pg_table_is_visible(pg_catalog.pg_class.oid) AND pg_catalog.pg_namespace.nspname != %(nspname_1)s
INFO     sqlalchemy.engine.Engine:base.py:1842 SELECT pg_catalog.pg_type.typname 
FROM pg_catalog.pg_type JOIN pg_catalog.pg_namespace ON pg_catalog.pg_namespace.oid = pg_catalog.pg_type.typnamespace 
WHERE pg_catalog.pg_type.typname = %(typname_1)s AND pg_catalog.pg_type_is_visible(pg_catalog.pg_type.oid) AND pg_catalog.pg_namespace.nspname != %(nspname_1)s
INFO     sqlalchemy.engine.Engine:base.py:1842 [generated in 0.00618s] {'typname_1': 'maintenancetype', 'nspname_1': 'pg_catalog'}
DEBUG    app.db.session:session.py:30 Query eseguita in 0.02 secondi: SELECT pg_catalog.pg_type.typname 
FROM pg_catalog.pg_type JOIN pg_catalog.pg_namespace ON pg_catalog.pg_namespace.oid = pg_catalog.pg_type.typnamespace 
WHERE pg_catalog.pg_type.typname = %(typname_1)s AND pg_catalog.pg_type_is_visible(pg_catalog.pg_type.oid) AND pg_catalog.pg_namespace.nspname != %(nspname_1)s
INFO     sqlalchemy.engine.Engine:base.py:1842 CREATE TYPE maintenancetype AS ENUM ('ROUTINE', 'PREVENTIVE', 'CORRECTIVE', 'EMERGENCY', 'INSPECTION')
INFO     sqlalchemy.engine.Engine:base.py:1842 [no key 0.00120s] {}
DEBUG    app.db.session:session.py:30 Query eseguita in 0.01 secondi: CREATE TYPE maintenancetype AS ENUM ('ROUTINE', 'PREVENTIVE', 'CORRECTIVE', 'EMERGENCY', 'INSPECTION')
INFO     sqlalchemy.engine.Engine:base.py:1842 SELECT pg_catalog.pg_type.typname 
FROM pg_catalog.pg_type JOIN pg_catalog.pg_namespace ON pg_catalog.pg_namespace.oid = pg_catalog.pg_type.typnamespace 
WHERE pg_catalog.pg_type.typname = %(typname_1)s AND pg_catalog.pg_type_is_visible(pg_catalog.pg_type.oid) AND pg_catalog.pg_namespace.nspname != %(nspname_1)s
INFO     sqlalchemy.engine.Engine:base.py:1842 [cached since 0.04253s ago] {'typname_1': 'maintenancestatus', 'nspname_1': 'pg_catalog'}
DEBUG    app.db.session:session.py:30 Query eseguita in 0.01 secondi: SELECT pg_catalog.pg_type.typname 
FROM pg_catalog.pg_type JOIN pg_catalog.pg_namespace ON pg_catalog.pg_namespace.oid = pg_catalog.pg_type.typnamespace 
WHERE pg_catalog.pg_type.typname = %(typname_1)s AND pg_catalog.pg_type_is_visible(pg_catalog.pg_type.oid) AND pg_catalog.pg_namespace.nspname != %(nspname_1)s
INFO     sqlalchemy.engine.Engine:base.py:1842 CREATE TYPE maintenancestatus AS ENUM ('PENDING', 'COMPLETED', 'FAILED')
INFO     sqlalchemy.engine.Engine:base.py:1842 [no key 0.00427s] {}
DEBUG    app.db.session:session.py:30 Query eseguita in 0.01 secondi: CREATE TYPE maintenancestatus AS ENUM ('PENDING', 'COMPLETED', 'FAILED')
INFO     sqlalchemy.engine.Engine:base.py:1842 
CREATE TABLE "user" (
	id SERIAL NOT NULL, 
	email VARCHAR NOT NULL, 
	username VARCHAR NOT NULL, 
	hashed_password VARCHAR NOT NULL, 
	is_active BOOLEAN NOT NULL, 
	is_superuser BOOLEAN NOT NULL, 
	is_verified BOOLEAN NOT NULL, 
	created_at TIMESTAMP WITHOUT TIME ZONE NOT NULL, 
	updated_at TIMESTAMP WITHOUT TIME ZONE NOT NULL, 
	last_login TIMESTAMP WITH TIME ZONE, 
	full_name VARCHAR(255), 
	phone_number VARCHAR(20), 
	PRIMARY KEY (id)
)


INFO     sqlalchemy.engine.Engine:base.py:1842 [no key 0.00154s] {}
DEBUG    app.db.session:session.py:30 Query eseguita in 0.04 secondi: 
CREATE TABLE "user" (
	id SERIAL NOT NULL, 
	email VARCHAR NOT NULL, 
	username VARCHAR NOT NULL, 
	hashed_password VARCHAR NOT NULL, 
	is_active BOOLEAN NOT NULL, 
	is_superuser BOOLEAN NOT NULL, 
	is_verified BOOLEAN NOT NULL, 
	created_at TIMESTAMP WITHOUT TIME ZONE NOT NULL, 
	updated_at TIMESTAMP WITHOUT TIME ZONE NOT NULL, 
	last_login TIMESTAMP WITH TIME ZONE, 
	full_name VARCHAR(255), 
	phone_number VARCHAR(20), 
	PRIMARY KEY (id)
)


INFO     sqlalchemy.engine.Engine:base.py:1842 CREATE UNIQUE INDEX ix_user_email ON "user" (email)
INFO     sqlalchemy.engine.Engine:base.py:1842 [no key 0.00285s] {}
DEBUG    app.db.session:session.py:30 Query eseguita in 0.01 secondi: CREATE UNIQUE INDEX ix_user_email ON "user" (email)
INFO     sqlalchemy.engine.Engine:base.py:1842 CREATE UNIQUE INDEX ix_user_username ON "user" (username)
INFO     sqlalchemy.engine.Engine:base.py:1842 [no key 0.00382s] {}
DEBUG    app.db.session:session.py:30 Query eseguita in 0.02 secondi: CREATE UNIQUE INDEX ix_user_username ON "user" (username)
INFO     sqlalchemy.engine.Engine:base.py:1842 
CREATE TABLE houses (
	id SERIAL NOT NULL, 
	name VARCHAR NOT NULL, 
	address VARCHAR NOT NULL, 
	owner_id INTEGER NOT NULL, 
	created_at TIMESTAMP WITHOUT TIME ZONE NOT NULL, 
	updated_at TIMESTAMP WITHOUT TIME ZONE NOT NULL, 
	PRIMARY KEY (id), 
	FOREIGN KEY(owner_id) REFERENCES "user" (id)
)


INFO     sqlalchemy.engine.Engine:base.py:1842 [no key 0.00229s] {}
DEBUG    app.db.session:session.py:30 Query eseguita in 0.04 secondi: 
CREATE TABLE houses (
	id SERIAL NOT NULL, 
	name VARCHAR NOT NULL, 
	address VARCHAR NOT NULL, 
	owner_id INTEGER NOT NULL, 
	created_at TIMESTAMP WITHOUT TIME ZONE NOT NULL, 
	updated_at TIMESTAMP WITHOUT TIME ZONE NOT NULL, 
	PRIMARY KEY (id), 
	FOREIGN KEY(owner_id) REFERENCES "user" (id)
)


INFO     sqlalchemy.engine.Engine:base.py:1842 CREATE INDEX ix_houses_name ON houses (name)
INFO     sqlalchemy.engine.Engine:base.py:1842 [no key 0.00127s] {}
DEBUG    app.db.session:session.py:30 Query eseguita in 0.01 secondi: CREATE INDEX ix_houses_name ON houses (name)
INFO     sqlalchemy.engine.Engine:base.py:1842 
CREATE TABLE rooms (
	id SERIAL NOT NULL, 
	name VARCHAR NOT NULL, 
	description VARCHAR, 
	floor INTEGER NOT NULL, 
	area FLOAT NOT NULL, 
	house_id INTEGER NOT NULL, 
	created_at TIMESTAMP WITHOUT TIME ZONE NOT NULL, 
	updated_at TIMESTAMP WITHOUT TIME ZONE NOT NULL, 
	PRIMARY KEY (id), 
	FOREIGN KEY(house_id) REFERENCES houses (id)
)


INFO     sqlalchemy.engine.Engine:base.py:1842 [no key 0.00090s] {}
DEBUG    app.db.session:session.py:30 Query eseguita in 0.04 secondi: 
CREATE TABLE rooms (
	id SERIAL NOT NULL, 
	name VARCHAR NOT NULL, 
	description VARCHAR, 
	floor INTEGER NOT NULL, 
	area FLOAT NOT NULL, 
	house_id INTEGER NOT NULL, 
	created_at TIMESTAMP WITHOUT TIME ZONE NOT NULL, 
	updated_at TIMESTAMP WITHOUT TIME ZONE NOT NULL, 
	PRIMARY KEY (id), 
	FOREIGN KEY(house_id) REFERENCES houses (id)
)


INFO     sqlalchemy.engine.Engine:base.py:1842 CREATE INDEX ix_rooms_name ON rooms (name)
INFO     sqlalchemy.engine.Engine:base.py:1842 [no key 0.00330s] {}
DEBUG    app.db.session:session.py:30 Query eseguita in 0.01 secondi: CREATE INDEX ix_rooms_name ON rooms (name)
INFO     sqlalchemy.engine.Engine:base.py:1842 
CREATE TABLE nodes (
	id SERIAL NOT NULL, 
	name VARCHAR NOT NULL, 
	description VARCHAR, 
	nfc_id VARCHAR NOT NULL, 
	house_id INTEGER NOT NULL, 
	room_id INTEGER, 
	PRIMARY KEY (id), 
	FOREIGN KEY(house_id) REFERENCES houses (id), 
	FOREIGN KEY(room_id) REFERENCES rooms (id)
)


INFO     sqlalchemy.engine.Engine:base.py:1842 [no key 0.00193s] {}
DEBUG    app.db.session:session.py:30 Query eseguita in 0.04 secondi: 
CREATE TABLE nodes (
	id SERIAL NOT NULL, 
	name VARCHAR NOT NULL, 
	description VARCHAR, 
	nfc_id VARCHAR NOT NULL, 
	house_id INTEGER NOT NULL, 
	room_id INTEGER, 
	PRIMARY KEY (id), 
	FOREIGN KEY(house_id) REFERENCES houses (id), 
	FOREIGN KEY(room_id) REFERENCES rooms (id)
)


INFO     sqlalchemy.engine.Engine:base.py:1842 CREATE UNIQUE INDEX ix_nodes_nfc_id ON nodes (nfc_id)
INFO     sqlalchemy.engine.Engine:base.py:1842 [no key 0.00094s] {}
DEBUG    app.db.session:session.py:30 Query eseguita in 0.01 secondi: CREATE UNIQUE INDEX ix_nodes_nfc_id ON nodes (nfc_id)
INFO     sqlalchemy.engine.Engine:base.py:1842 
CREATE TABLE bookings (
	id SERIAL NOT NULL, 
	room_id INTEGER NOT NULL, 
	user_id INTEGER NOT NULL, 
	start_time TIMESTAMP WITHOUT TIME ZONE NOT NULL, 
	end_time TIMESTAMP WITHOUT TIME ZONE NOT NULL, 
	status VARCHAR NOT NULL, 
	notes VARCHAR, 
	created_at TIMESTAMP WITHOUT TIME ZONE NOT NULL, 
	updated_at TIMESTAMP WITHOUT TIME ZONE NOT NULL, 
	PRIMARY KEY (id), 
	FOREIGN KEY(room_id) REFERENCES rooms (id), 
	FOREIGN KEY(user_id) REFERENCES "user" (id)
)


INFO     sqlalchemy.engine.Engine:base.py:1842 [no key 0.00097s] {}
DEBUG    app.db.session:session.py:30 Query eseguita in 0.05 secondi: 
CREATE TABLE bookings (
	id SERIAL NOT NULL, 
	room_id INTEGER NOT NULL, 
	user_id INTEGER NOT NULL, 
	start_time TIMESTAMP WITHOUT TIME ZONE NOT NULL, 
	end_time TIMESTAMP WITHOUT TIME ZONE NOT NULL, 
	status VARCHAR NOT NULL, 
	notes VARCHAR, 
	created_at TIMESTAMP WITHOUT TIME ZONE NOT NULL, 
	updated_at TIMESTAMP WITHOUT TIME ZONE NOT NULL, 
	PRIMARY KEY (id), 
	FOREIGN KEY(room_id) REFERENCES rooms (id), 
	FOREIGN KEY(user_id) REFERENCES "user" (id)
)


INFO     sqlalchemy.engine.Engine:base.py:1842 
CREATE TABLE documents (
	id SERIAL NOT NULL, 
	created_at TIMESTAMP WITHOUT TIME ZONE NOT NULL, 
	updated_at TIMESTAMP WITHOUT TIME ZONE NOT NULL, 
	owner_id INTEGER NOT NULL, 
	name VARCHAR NOT NULL, 
	type VARCHAR NOT NULL, 
	size INTEGER NOT NULL, 
	upload_date TIMESTAMP WITHOUT TIME ZONE NOT NULL, 
	path VARCHAR NOT NULL, 
	checksum VARCHAR NOT NULL, 
	house_id INTEGER, 
	node_id INTEGER, 
	description VARCHAR, 
	PRIMARY KEY (id), 
	FOREIGN KEY(owner_id) REFERENCES "user" (id), 
	FOREIGN KEY(house_id) REFERENCES houses (id), 
	FOREIGN KEY(node_id) REFERENCES nodes (id)
)


INFO     sqlalchemy.engine.Engine:base.py:1842 [no key 0.00273s] {}
DEBUG    app.db.session:session.py:30 Query eseguita in 0.05 secondi: 
CREATE TABLE documents (
	id SERIAL NOT NULL, 
	created_at TIMESTAMP WITHOUT TIME ZONE NOT NULL, 
	updated_at TIMESTAMP WITHOUT TIME ZONE NOT NULL, 
	owner_id INTEGER NOT NULL, 
	name VARCHAR NOT NULL, 
	type VARCHAR NOT NULL, 
	size INTEGER NOT NULL, 
	upload_date TIMESTAMP WITHOUT TIME ZONE NOT NULL, 
	path VARCHAR NOT NULL, 
	checksum VARCHAR NOT NULL, 
	house_id INTEGER, 
	node_id INTEGER, 
	description VARCHAR, 
	PRIMARY KEY (id), 
	FOREIGN KEY(owner_id) REFERENCES "user" (id), 
	FOREIGN KEY(house_id) REFERENCES houses (id), 
	FOREIGN KEY(node_id) REFERENCES nodes (id)
)


INFO     sqlalchemy.engine.Engine:base.py:1842 CREATE INDEX ix_documents_owner_id ON documents (owner_id)
INFO     sqlalchemy.engine.Engine:base.py:1842 [no key 0.00078s] {}
DEBUG    app.db.session:session.py:30 Query eseguita in 0.01 secondi: CREATE INDEX ix_documents_owner_id ON documents (owner_id)
INFO     sqlalchemy.engine.Engine:base.py:1842 
CREATE TABLE document_versions (
	id SERIAL NOT NULL, 
	version_number INTEGER NOT NULL, 
	file_path VARCHAR NOT NULL, 
	file_size INTEGER NOT NULL, 
	checksum VARCHAR NOT NULL, 
	created_at TIMESTAMP WITHOUT TIME ZONE NOT NULL, 
	updated_at TIMESTAMP WITHOUT TIME ZONE NOT NULL, 
	document_id INTEGER NOT NULL, 
	created_by_id INTEGER, 
	PRIMARY KEY (id), 
	FOREIGN KEY(document_id) REFERENCES documents (id), 
	FOREIGN KEY(created_by_id) REFERENCES "user" (id)
)


INFO     sqlalchemy.engine.Engine:base.py:1842 [no key 0.00102s] {}
DEBUG    app.db.session:session.py:30 Query eseguita in 0.04 secondi: 
CREATE TABLE document_versions (
	id SERIAL NOT NULL, 
	version_number INTEGER NOT NULL, 
	file_path VARCHAR NOT NULL, 
	file_size INTEGER NOT NULL, 
	checksum VARCHAR NOT NULL, 
	created_at TIMESTAMP WITHOUT TIME ZONE NOT NULL, 
	updated_at TIMESTAMP WITHOUT TIME ZONE NOT NULL, 
	document_id INTEGER NOT NULL, 
	created_by_id INTEGER, 
	PRIMARY KEY (id), 
	FOREIGN KEY(document_id) REFERENCES documents (id), 
	FOREIGN KEY(created_by_id) REFERENCES "user" (id)
)


INFO     sqlalchemy.engine.Engine:base.py:1842 CREATE INDEX ix_document_versions_version_number ON document_versions (version_number)
INFO     sqlalchemy.engine.Engine:base.py:1842 [no key 0.00126s] {}
DEBUG    app.db.session:session.py:30 Query eseguita in 0.01 secondi: CREATE INDEX ix_document_versions_version_number ON document_versions (version_number)
INFO     sqlalchemy.engine.Engine:base.py:1842 CREATE INDEX ix_document_versions_created_by_id ON document_versions (created_by_id)
INFO     sqlalchemy.engine.Engine:base.py:1842 [no key 0.00234s] {}
DEBUG    app.db.session:session.py:30 Query eseguita in 0.01 secondi: CREATE INDEX ix_document_versions_created_by_id ON document_versions (created_by_id)
INFO     sqlalchemy.engine.Engine:base.py:1842 CREATE INDEX ix_document_versions_document_id ON document_versions (document_id)
INFO     sqlalchemy.engine.Engine:base.py:1842 [no key 0.00558s] {}
DEBUG    app.db.session:session.py:30 Query eseguita in 0.02 secondi: CREATE INDEX ix_document_versions_document_id ON document_versions (document_id)
INFO     sqlalchemy.engine.Engine:base.py:1842 
CREATE TABLE maintenance_records (
	id SERIAL NOT NULL, 
	node_id INTEGER NOT NULL, 
	timestamp TIMESTAMP WITHOUT TIME ZONE NOT NULL, 
	maintenance_type maintenancetype NOT NULL, 
	description VARCHAR NOT NULL, 
	status maintenancestatus NOT NULL, 
	notes VARCHAR, 
	document_id INTEGER, 
	PRIMARY KEY (id), 
	FOREIGN KEY(node_id) REFERENCES nodes (id), 
	FOREIGN KEY(document_id) REFERENCES documents (id)
)


INFO     sqlalchemy.engine.Engine:base.py:1842 [no key 0.00242s] {}
DEBUG    app.db.session:session.py:30 Query eseguita in 0.04 secondi: 
CREATE TABLE maintenance_records (
	id SERIAL NOT NULL, 
	node_id INTEGER NOT NULL, 
	timestamp TIMESTAMP WITHOUT TIME ZONE NOT NULL, 
	maintenance_type maintenancetype NOT NULL, 
	description VARCHAR NOT NULL, 
	status maintenancestatus NOT NULL, 
	notes VARCHAR, 
	document_id INTEGER, 
	PRIMARY KEY (id), 
	FOREIGN KEY(node_id) REFERENCES nodes (id), 
	FOREIGN KEY(document_id) REFERENCES documents (id)
)


INFO     sqlalchemy.engine.Engine:base.py:1842 CREATE INDEX ix_maintenance_records_node_id ON maintenance_records (node_id)
INFO     sqlalchemy.engine.Engine:base.py:1842 [no key 0.00255s] {}
DEBUG    app.db.session:session.py:30 Query eseguita in 0.02 secondi: CREATE INDEX ix_maintenance_records_node_id ON maintenance_records (node_id)
INFO     sqlalchemy.engine.Engine:base.py:2704 COMMIT
DEBUG    test_users:test_users.py:52 Test database tables created successfully
DEBUG    test_users:test_users.py:55 Test database session created successfully
DEBUG    conftest:conftest.py:269 Overriding get_session for tests...
DEBUG    tests.conftest_redis:conftest_redis.py:18 Setting up FakeRedis for tests...
DEBUG    app.core.redis:redis.py:24 Connessione Redis stabilita con successo
---------------------------- Captured stderr call -----------------------------
DEBUG:asyncio:Using proactor: IocpProactor
INFO:httpx:HTTP Request: PUT http://testserver/api/v1/users/999 "HTTP/1.1 401 Unauthorized"
------------------------------ Captured log call ------------------------------
DEBUG    asyncio:proactor_events.py:631 Using proactor: IocpProactor
INFO     httpx:_client.py:1025 HTTP Request: PUT http://testserver/api/v1/users/999 "HTTP/1.1 401 Unauthorized"
-------------------------- Captured stdout teardown ---------------------------
2025-06-17 11:29:14,655 INFO sqlalchemy.engine.Engine BEGIN (implicit)
2025-06-17 11:29:14,656 INFO sqlalchemy.engine.Engine DROP SCHEMA public CASCADE
2025-06-17 11:29:14,657 INFO sqlalchemy.engine.Engine [generated in 0.00203s] {}
2025-06-17 11:29:14,763 INFO sqlalchemy.engine.Engine CREATE SCHEMA public
2025-06-17 11:29:14,764 INFO sqlalchemy.engine.Engine [generated in 0.00136s] {}
2025-06-17 11:29:14,772 INFO sqlalchemy.engine.Engine COMMIT
-------------------------- Captured stderr teardown ---------------------------
DEBUG:tests.conftest_redis:Restored original Redis client
DEBUG:conftest:get_session override cleared
DEBUG:test_users:Cleaning up test database session...
INFO:sqlalchemy.engine.Engine:BEGIN (implicit)
INFO:sqlalchemy.engine.Engine:DROP SCHEMA public CASCADE
INFO:sqlalchemy.engine.Engine:[generated in 0.00203s] {}
DEBUG:app.db.session:Query eseguita in 0.10 secondi: DROP SCHEMA public CASCADE
INFO:sqlalchemy.engine.Engine:CREATE SCHEMA public
INFO:sqlalchemy.engine.Engine:[generated in 0.00136s] {}
DEBUG:app.db.session:Query eseguita in 0.01 secondi: CREATE SCHEMA public
INFO:sqlalchemy.engine.Engine:COMMIT
DEBUG:test_users:Test database cleanup completed
DEBUG:test_users:Session fixture completed in 1.78 seconds
---------------------------- Captured log teardown ----------------------------
DEBUG    tests.conftest_redis:conftest_redis.py:29 Restored original Redis client
DEBUG    conftest:conftest.py:275 get_session override cleared
DEBUG    test_users:test_users.py:57 Cleaning up test database session...
INFO     sqlalchemy.engine.Engine:base.py:2698 BEGIN (implicit)
INFO     sqlalchemy.engine.Engine:base.py:1842 DROP SCHEMA public CASCADE
INFO     sqlalchemy.engine.Engine:base.py:1842 [generated in 0.00203s] {}
DEBUG    app.db.session:session.py:30 Query eseguita in 0.10 secondi: DROP SCHEMA public CASCADE
INFO     sqlalchemy.engine.Engine:base.py:1842 CREATE SCHEMA public
INFO     sqlalchemy.engine.Engine:base.py:1842 [generated in 0.00136s] {}
DEBUG    app.db.session:session.py:30 Query eseguita in 0.01 secondi: CREATE SCHEMA public
INFO     sqlalchemy.engine.Engine:base.py:2704 COMMIT
DEBUG    test_users:test_users.py:63 Test database cleanup completed
DEBUG    test_users:test_users.py:68 Session fixture completed in 1.78 seconds
______________________________ test_delete_user _______________________________
tests\api\test_users.py:440: in test_delete_user
    user_id = create_response.json()["id"]
              ^^^^^^^^^^^^^^^^^^^^^^^^^^^^
E   KeyError: 'id'
---------------------------- Captured stdout setup ----------------------------
2025-06-17 11:29:15,407 INFO sqlalchemy.engine.Engine select pg_catalog.version()
2025-06-17 11:29:15,408 INFO sqlalchemy.engine.Engine [raw sql] {}
2025-06-17 11:29:15,414 INFO sqlalchemy.engine.Engine select current_schema()
2025-06-17 11:29:15,415 INFO sqlalchemy.engine.Engine [raw sql] {}
2025-06-17 11:29:15,423 INFO sqlalchemy.engine.Engine show standard_conforming_strings
2025-06-17 11:29:15,423 INFO sqlalchemy.engine.Engine [raw sql] {}
2025-06-17 11:29:15,427 INFO sqlalchemy.engine.Engine BEGIN (implicit)
2025-06-17 11:29:15,440 INFO sqlalchemy.engine.Engine SELECT pg_catalog.pg_class.relname 
FROM pg_catalog.pg_class JOIN pg_catalog.pg_namespace ON pg_catalog.pg_namespace.oid = pg_catalog.pg_class.relnamespace 
WHERE pg_catalog.pg_class.relname = %(table_name)s AND pg_catalog.pg_class.relkind = ANY (ARRAY[%(param_1)s, %(param_2)s, %(param_3)s, %(param_4)s, %(param_5)s]) AND pg_catalog.pg_table_is_visible(pg_catalog.pg_class.oid) AND pg_catalog.pg_namespace.nspname != %(nspname_1)s
2025-06-17 11:29:15,441 INFO sqlalchemy.engine.Engine [generated in 0.00110s] {'table_name': 'user', 'param_1': 'r', 'param_2': 'p', 'param_3': 'f', 'param_4': 'v', 'param_5': 'm', 'nspname_1': 'pg_catalog'}
2025-06-17 11:29:15,458 INFO sqlalchemy.engine.Engine SELECT pg_catalog.pg_class.relname 
FROM pg_catalog.pg_class JOIN pg_catalog.pg_namespace ON pg_catalog.pg_namespace.oid = pg_catalog.pg_class.relnamespace 
WHERE pg_catalog.pg_class.relname = %(table_name)s AND pg_catalog.pg_class.relkind = ANY (ARRAY[%(param_1)s, %(param_2)s, %(param_3)s, %(param_4)s, %(param_5)s]) AND pg_catalog.pg_table_is_visible(pg_catalog.pg_class.oid) AND pg_catalog.pg_namespace.nspname != %(nspname_1)s
2025-06-17 11:29:15,460 INFO sqlalchemy.engine.Engine [cached since 0.01983s ago] {'table_name': 'documents', 'param_1': 'r', 'param_2': 'p', 'param_3': 'f', 'param_4': 'v', 'param_5': 'm', 'nspname_1': 'pg_catalog'}
2025-06-17 11:29:15,472 INFO sqlalchemy.engine.Engine SELECT pg_catalog.pg_class.relname 
FROM pg_catalog.pg_class JOIN pg_catalog.pg_namespace ON pg_catalog.pg_namespace.oid = pg_catalog.pg_class.relnamespace 
WHERE pg_catalog.pg_class.relname = %(table_name)s AND pg_catalog.pg_class.relkind = ANY (ARRAY[%(param_1)s, %(param_2)s, %(param_3)s, %(param_4)s, %(param_5)s]) AND pg_catalog.pg_table_is_visible(pg_catalog.pg_class.oid) AND pg_catalog.pg_namespace.nspname != %(nspname_1)s
2025-06-17 11:29:15,473 INFO sqlalchemy.engine.Engine [cached since 0.03277s ago] {'table_name': 'document_versions', 'param_1': 'r', 'param_2': 'p', 'param_3': 'f', 'param_4': 'v', 'param_5': 'm', 'nspname_1': 'pg_catalog'}
2025-06-17 11:29:15,479 INFO sqlalchemy.engine.Engine SELECT pg_catalog.pg_class.relname 
FROM pg_catalog.pg_class JOIN pg_catalog.pg_namespace ON pg_catalog.pg_namespace.oid = pg_catalog.pg_class.relnamespace 
WHERE pg_catalog.pg_class.relname = %(table_name)s AND pg_catalog.pg_class.relkind = ANY (ARRAY[%(param_1)s, %(param_2)s, %(param_3)s, %(param_4)s, %(param_5)s]) AND pg_catalog.pg_table_is_visible(pg_catalog.pg_class.oid) AND pg_catalog.pg_namespace.nspname != %(nspname_1)s
2025-06-17 11:29:15,480 INFO sqlalchemy.engine.Engine [cached since 0.03997s ago] {'table_name': 'houses', 'param_1': 'r', 'param_2': 'p', 'param_3': 'f', 'param_4': 'v', 'param_5': 'm', 'nspname_1': 'pg_catalog'}
2025-06-17 11:29:15,489 INFO sqlalchemy.engine.Engine SELECT pg_catalog.pg_class.relname 
FROM pg_catalog.pg_class JOIN pg_catalog.pg_namespace ON pg_catalog.pg_namespace.oid = pg_catalog.pg_class.relnamespace 
WHERE pg_catalog.pg_class.relname = %(table_name)s AND pg_catalog.pg_class.relkind = ANY (ARRAY[%(param_1)s, %(param_2)s, %(param_3)s, %(param_4)s, %(param_5)s]) AND pg_catalog.pg_table_is_visible(pg_catalog.pg_class.oid) AND pg_catalog.pg_namespace.nspname != %(nspname_1)s
2025-06-17 11:29:15,490 INFO sqlalchemy.engine.Engine [cached since 0.05007s ago] {'table_name': 'nodes', 'param_1': 'r', 'param_2': 'p', 'param_3': 'f', 'param_4': 'v', 'param_5': 'm', 'nspname_1': 'pg_catalog'}
2025-06-17 11:29:15,497 INFO sqlalchemy.engine.Engine SELECT pg_catalog.pg_class.relname 
FROM pg_catalog.pg_class JOIN pg_catalog.pg_namespace ON pg_catalog.pg_namespace.oid = pg_catalog.pg_class.relnamespace 
WHERE pg_catalog.pg_class.relname = %(table_name)s AND pg_catalog.pg_class.relkind = ANY (ARRAY[%(param_1)s, %(param_2)s, %(param_3)s, %(param_4)s, %(param_5)s]) AND pg_catalog.pg_table_is_visible(pg_catalog.pg_class.oid) AND pg_catalog.pg_namespace.nspname != %(nspname_1)s
2025-06-17 11:29:15,499 INFO sqlalchemy.engine.Engine [cached since 0.05897s ago] {'table_name': 'rooms', 'param_1': 'r', 'param_2': 'p', 'param_3': 'f', 'param_4': 'v', 'param_5': 'm', 'nspname_1': 'pg_catalog'}
2025-06-17 11:29:15,507 INFO sqlalchemy.engine.Engine SELECT pg_catalog.pg_class.relname 
FROM pg_catalog.pg_class JOIN pg_catalog.pg_namespace ON pg_catalog.pg_namespace.oid = pg_catalog.pg_class.relnamespace 
WHERE pg_catalog.pg_class.relname = %(table_name)s AND pg_catalog.pg_class.relkind = ANY (ARRAY[%(param_1)s, %(param_2)s, %(param_3)s, %(param_4)s, %(param_5)s]) AND pg_catalog.pg_table_is_visible(pg_catalog.pg_class.oid) AND pg_catalog.pg_namespace.nspname != %(nspname_1)s
2025-06-17 11:29:15,508 INFO sqlalchemy.engine.Engine [cached since 0.06833s ago] {'table_name': 'bookings', 'param_1': 'r', 'param_2': 'p', 'param_3': 'f', 'param_4': 'v', 'param_5': 'm', 'nspname_1': 'pg_catalog'}
2025-06-17 11:29:15,519 INFO sqlalchemy.engine.Engine SELECT pg_catalog.pg_class.relname 
FROM pg_catalog.pg_class JOIN pg_catalog.pg_namespace ON pg_catalog.pg_namespace.oid = pg_catalog.pg_class.relnamespace 
WHERE pg_catalog.pg_class.relname = %(table_name)s AND pg_catalog.pg_class.relkind = ANY (ARRAY[%(param_1)s, %(param_2)s, %(param_3)s, %(param_4)s, %(param_5)s]) AND pg_catalog.pg_table_is_visible(pg_catalog.pg_class.oid) AND pg_catalog.pg_namespace.nspname != %(nspname_1)s
2025-06-17 11:29:15,522 INFO sqlalchemy.engine.Engine [cached since 0.08213s ago] {'table_name': 'maintenance_records', 'param_1': 'r', 'param_2': 'p', 'param_3': 'f', 'param_4': 'v', 'param_5': 'm', 'nspname_1': 'pg_catalog'}
2025-06-17 11:29:15,538 INFO sqlalchemy.engine.Engine SELECT pg_catalog.pg_type.typname 
FROM pg_catalog.pg_type JOIN pg_catalog.pg_namespace ON pg_catalog.pg_namespace.oid = pg_catalog.pg_type.typnamespace 
WHERE pg_catalog.pg_type.typname = %(typname_1)s AND pg_catalog.pg_type_is_visible(pg_catalog.pg_type.oid) AND pg_catalog.pg_namespace.nspname != %(nspname_1)s
2025-06-17 11:29:15,539 INFO sqlalchemy.engine.Engine [generated in 0.00194s] {'typname_1': 'maintenancetype', 'nspname_1': 'pg_catalog'}
2025-06-17 11:29:15,546 INFO sqlalchemy.engine.Engine CREATE TYPE maintenancetype AS ENUM ('ROUTINE', 'PREVENTIVE', 'CORRECTIVE', 'EMERGENCY', 'INSPECTION')
2025-06-17 11:29:15,547 INFO sqlalchemy.engine.Engine [no key 0.00159s] {}
2025-06-17 11:29:15,562 INFO sqlalchemy.engine.Engine SELECT pg_catalog.pg_type.typname 
FROM pg_catalog.pg_type JOIN pg_catalog.pg_namespace ON pg_catalog.pg_namespace.oid = pg_catalog.pg_type.typnamespace 
WHERE pg_catalog.pg_type.typname = %(typname_1)s AND pg_catalog.pg_type_is_visible(pg_catalog.pg_type.oid) AND pg_catalog.pg_namespace.nspname != %(nspname_1)s
2025-06-17 11:29:15,564 INFO sqlalchemy.engine.Engine [cached since 0.02642s ago] {'typname_1': 'maintenancestatus', 'nspname_1': 'pg_catalog'}
2025-06-17 11:29:15,573 INFO sqlalchemy.engine.Engine CREATE TYPE maintenancestatus AS ENUM ('PENDING', 'COMPLETED', 'FAILED')
2025-06-17 11:29:15,574 INFO sqlalchemy.engine.Engine [no key 0.00077s] {}
2025-06-17 11:29:15,585 INFO sqlalchemy.engine.Engine 
CREATE TABLE "user" (
	id SERIAL NOT NULL, 
	email VARCHAR NOT NULL, 
	username VARCHAR NOT NULL, 
	hashed_password VARCHAR NOT NULL, 
	is_active BOOLEAN NOT NULL, 
	is_superuser BOOLEAN NOT NULL, 
	is_verified BOOLEAN NOT NULL, 
	created_at TIMESTAMP WITHOUT TIME ZONE NOT NULL, 
	updated_at TIMESTAMP WITHOUT TIME ZONE NOT NULL, 
	last_login TIMESTAMP WITH TIME ZONE, 
	full_name VARCHAR(255), 
	phone_number VARCHAR(20), 
	PRIMARY KEY (id)
)


2025-06-17 11:29:15,588 INFO sqlalchemy.engine.Engine [no key 0.00425s] {}
2025-06-17 11:29:15,640 INFO sqlalchemy.engine.Engine CREATE UNIQUE INDEX ix_user_email ON "user" (email)
2025-06-17 11:29:15,640 INFO sqlalchemy.engine.Engine [no key 0.00074s] {}
2025-06-17 11:29:15,652 INFO sqlalchemy.engine.Engine CREATE UNIQUE INDEX ix_user_username ON "user" (username)
2025-06-17 11:29:15,655 INFO sqlalchemy.engine.Engine [no key 0.00371s] {}
2025-06-17 11:29:15,665 INFO sqlalchemy.engine.Engine 
CREATE TABLE houses (
	id SERIAL NOT NULL, 
	name VARCHAR NOT NULL, 
	address VARCHAR NOT NULL, 
	owner_id INTEGER NOT NULL, 
	created_at TIMESTAMP WITHOUT TIME ZONE NOT NULL, 
	updated_at TIMESTAMP WITHOUT TIME ZONE NOT NULL, 
	PRIMARY KEY (id), 
	FOREIGN KEY(owner_id) REFERENCES "user" (id)
)


2025-06-17 11:29:15,669 INFO sqlalchemy.engine.Engine [no key 0.00361s] {}
2025-06-17 11:29:15,707 INFO sqlalchemy.engine.Engine CREATE INDEX ix_houses_name ON houses (name)
2025-06-17 11:29:15,707 INFO sqlalchemy.engine.Engine [no key 0.00069s] {}
2025-06-17 11:29:15,723 INFO sqlalchemy.engine.Engine 
CREATE TABLE rooms (
	id SERIAL NOT NULL, 
	name VARCHAR NOT NULL, 
	description VARCHAR, 
	floor INTEGER NOT NULL, 
	area FLOAT NOT NULL, 
	house_id INTEGER NOT NULL, 
	created_at TIMESTAMP WITHOUT TIME ZONE NOT NULL, 
	updated_at TIMESTAMP WITHOUT TIME ZONE NOT NULL, 
	PRIMARY KEY (id), 
	FOREIGN KEY(house_id) REFERENCES houses (id)
)


2025-06-17 11:29:15,724 INFO sqlalchemy.engine.Engine [no key 0.00090s] {}
2025-06-17 11:29:15,757 INFO sqlalchemy.engine.Engine CREATE INDEX ix_rooms_name ON rooms (name)
2025-06-17 11:29:15,758 INFO sqlalchemy.engine.Engine [no key 0.00085s] {}
2025-06-17 11:29:15,773 INFO sqlalchemy.engine.Engine 
CREATE TABLE nodes (
	id SERIAL NOT NULL, 
	name VARCHAR NOT NULL, 
	description VARCHAR, 
	nfc_id VARCHAR NOT NULL, 
	house_id INTEGER NOT NULL, 
	room_id INTEGER, 
	PRIMARY KEY (id), 
	FOREIGN KEY(house_id) REFERENCES houses (id), 
	FOREIGN KEY(room_id) REFERENCES rooms (id)
)


2025-06-17 11:29:15,774 INFO sqlalchemy.engine.Engine [no key 0.00073s] {}
2025-06-17 11:29:15,808 INFO sqlalchemy.engine.Engine CREATE UNIQUE INDEX ix_nodes_nfc_id ON nodes (nfc_id)
2025-06-17 11:29:15,808 INFO sqlalchemy.engine.Engine [no key 0.00083s] {}
2025-06-17 11:29:15,824 INFO sqlalchemy.engine.Engine 
CREATE TABLE bookings (
	id SERIAL NOT NULL, 
	room_id INTEGER NOT NULL, 
	user_id INTEGER NOT NULL, 
	start_time TIMESTAMP WITHOUT TIME ZONE NOT NULL, 
	end_time TIMESTAMP WITHOUT TIME ZONE NOT NULL, 
	status VARCHAR NOT NULL, 
	notes VARCHAR, 
	created_at TIMESTAMP WITHOUT TIME ZONE NOT NULL, 
	updated_at TIMESTAMP WITHOUT TIME ZONE NOT NULL, 
	PRIMARY KEY (id), 
	FOREIGN KEY(room_id) REFERENCES rooms (id), 
	FOREIGN KEY(user_id) REFERENCES "user" (id)
)


2025-06-17 11:29:15,825 INFO sqlalchemy.engine.Engine [no key 0.00114s] {}
2025-06-17 11:29:15,865 INFO sqlalchemy.engine.Engine 
CREATE TABLE documents (
	id SERIAL NOT NULL, 
	created_at TIMESTAMP WITHOUT TIME ZONE NOT NULL, 
	updated_at TIMESTAMP WITHOUT TIME ZONE NOT NULL, 
	owner_id INTEGER NOT NULL, 
	name VARCHAR NOT NULL, 
	type VARCHAR NOT NULL, 
	size INTEGER NOT NULL, 
	upload_date TIMESTAMP WITHOUT TIME ZONE NOT NULL, 
	path VARCHAR NOT NULL, 
	checksum VARCHAR NOT NULL, 
	house_id INTEGER, 
	node_id INTEGER, 
	description VARCHAR, 
	PRIMARY KEY (id), 
	FOREIGN KEY(owner_id) REFERENCES "user" (id), 
	FOREIGN KEY(house_id) REFERENCES houses (id), 
	FOREIGN KEY(node_id) REFERENCES nodes (id)
)


2025-06-17 11:29:15,870 INFO sqlalchemy.engine.Engine [no key 0.00453s] {}
2025-06-17 11:29:15,909 INFO sqlalchemy.engine.Engine CREATE INDEX ix_documents_owner_id ON documents (owner_id)
2025-06-17 11:29:15,911 INFO sqlalchemy.engine.Engine [no key 0.00274s] {}
2025-06-17 11:29:15,926 INFO sqlalchemy.engine.Engine 
CREATE TABLE document_versions (
	id SERIAL NOT NULL, 
	version_number INTEGER NOT NULL, 
	file_path VARCHAR NOT NULL, 
	file_size INTEGER NOT NULL, 
	checksum VARCHAR NOT NULL, 
	created_at TIMESTAMP WITHOUT TIME ZONE NOT NULL, 
	updated_at TIMESTAMP WITHOUT TIME ZONE NOT NULL, 
	document_id INTEGER NOT NULL, 
	created_by_id INTEGER, 
	PRIMARY KEY (id), 
	FOREIGN KEY(document_id) REFERENCES documents (id), 
	FOREIGN KEY(created_by_id) REFERENCES "user" (id)
)


2025-06-17 11:29:15,929 INFO sqlalchemy.engine.Engine [no key 0.00322s] {}
2025-06-17 11:29:15,973 INFO sqlalchemy.engine.Engine CREATE INDEX ix_document_versions_version_number ON document_versions (version_number)
2025-06-17 11:29:15,974 INFO sqlalchemy.engine.Engine [no key 0.00108s] {}
2025-06-17 11:29:15,990 INFO sqlalchemy.engine.Engine CREATE INDEX ix_document_versions_created_by_id ON document_versions (created_by_id)
2025-06-17 11:29:15,990 INFO sqlalchemy.engine.Engine [no key 0.00084s] {}
2025-06-17 11:29:16,001 INFO sqlalchemy.engine.Engine CREATE INDEX ix_document_versions_document_id ON document_versions (document_id)
2025-06-17 11:29:16,005 INFO sqlalchemy.engine.Engine [no key 0.00476s] {}
2025-06-17 11:29:16,022 INFO sqlalchemy.engine.Engine 
CREATE TABLE maintenance_records (
	id SERIAL NOT NULL, 
	node_id INTEGER NOT NULL, 
	timestamp TIMESTAMP WITHOUT TIME ZONE NOT NULL, 
	maintenance_type maintenancetype NOT NULL, 
	description VARCHAR NOT NULL, 
	status maintenancestatus NOT NULL, 
	notes VARCHAR, 
	document_id INTEGER, 
	PRIMARY KEY (id), 
	FOREIGN KEY(node_id) REFERENCES nodes (id), 
	FOREIGN KEY(document_id) REFERENCES documents (id)
)


2025-06-17 11:29:16,023 INFO sqlalchemy.engine.Engine [no key 0.00208s] {}
2025-06-17 11:29:16,081 INFO sqlalchemy.engine.Engine CREATE INDEX ix_maintenance_records_node_id ON maintenance_records (node_id)
2025-06-17 11:29:16,083 INFO sqlalchemy.engine.Engine [no key 0.00179s] {}
2025-06-17 11:29:16,094 INFO sqlalchemy.engine.Engine COMMIT
---------------------------- Captured stderr setup ----------------------------
DEBUG:test_users:Setting up test database session...
INFO:sqlalchemy.engine.Engine:select pg_catalog.version()
INFO:sqlalchemy.engine.Engine:[raw sql] {}
INFO:sqlalchemy.engine.Engine:select current_schema()
INFO:sqlalchemy.engine.Engine:[raw sql] {}
INFO:sqlalchemy.engine.Engine:show standard_conforming_strings
INFO:sqlalchemy.engine.Engine:[raw sql] {}
INFO:sqlalchemy.engine.Engine:BEGIN (implicit)
INFO:sqlalchemy.engine.Engine:SELECT pg_catalog.pg_class.relname 
FROM pg_catalog.pg_class JOIN pg_catalog.pg_namespace ON pg_catalog.pg_namespace.oid = pg_catalog.pg_class.relnamespace 
WHERE pg_catalog.pg_class.relname = %(table_name)s AND pg_catalog.pg_class.relkind = ANY (ARRAY[%(param_1)s, %(param_2)s, %(param_3)s, %(param_4)s, %(param_5)s]) AND pg_catalog.pg_table_is_visible(pg_catalog.pg_class.oid) AND pg_catalog.pg_namespace.nspname != %(nspname_1)s
INFO:sqlalchemy.engine.Engine:[generated in 0.00110s] {'table_name': 'user', 'param_1': 'r', 'param_2': 'p', 'param_3': 'f', 'param_4': 'v', 'param_5': 'm', 'nspname_1': 'pg_catalog'}
DEBUG:app.db.session:Query eseguita in 0.02 secondi: SELECT pg_catalog.pg_class.relname 
FROM pg_catalog.pg_class JOIN pg_catalog.pg_namespace ON pg_catalog.pg_namespace.oid = pg_catalog.pg_class.relnamespace 
WHERE pg_catalog.pg_class.relname = %(table_name)s AND pg_catalog.pg_class.relkind = ANY (ARRAY[%(param_1)s, %(param_2)s, %(param_3)s, %(param_4)s, %(param_5)s]) AND pg_catalog.pg_table_is_visible(pg_catalog.pg_class.oid) AND pg_catalog.pg_namespace.nspname != %(nspname_1)s
INFO:sqlalchemy.engine.Engine:SELECT pg_catalog.pg_class.relname 
FROM pg_catalog.pg_class JOIN pg_catalog.pg_namespace ON pg_catalog.pg_namespace.oid = pg_catalog.pg_class.relnamespace 
WHERE pg_catalog.pg_class.relname = %(table_name)s AND pg_catalog.pg_class.relkind = ANY (ARRAY[%(param_1)s, %(param_2)s, %(param_3)s, %(param_4)s, %(param_5)s]) AND pg_catalog.pg_table_is_visible(pg_catalog.pg_class.oid) AND pg_catalog.pg_namespace.nspname != %(nspname_1)s
INFO:sqlalchemy.engine.Engine:[cached since 0.01983s ago] {'table_name': 'documents', 'param_1': 'r', 'param_2': 'p', 'param_3': 'f', 'param_4': 'v', 'param_5': 'm', 'nspname_1': 'pg_catalog'}
DEBUG:app.db.session:Query eseguita in 0.01 secondi: SELECT pg_catalog.pg_class.relname 
FROM pg_catalog.pg_class JOIN pg_catalog.pg_namespace ON pg_catalog.pg_namespace.oid = pg_catalog.pg_class.relnamespace 
WHERE pg_catalog.pg_class.relname = %(table_name)s AND pg_catalog.pg_class.relkind = ANY (ARRAY[%(param_1)s, %(param_2)s, %(param_3)s, %(param_4)s, %(param_5)s]) AND pg_catalog.pg_table_is_visible(pg_catalog.pg_class.oid) AND pg_catalog.pg_namespace.nspname != %(nspname_1)s
INFO:sqlalchemy.engine.Engine:SELECT pg_catalog.pg_class.relname 
FROM pg_catalog.pg_class JOIN pg_catalog.pg_namespace ON pg_catalog.pg_namespace.oid = pg_catalog.pg_class.relnamespace 
WHERE pg_catalog.pg_class.relname = %(table_name)s AND pg_catalog.pg_class.relkind = ANY (ARRAY[%(param_1)s, %(param_2)s, %(param_3)s, %(param_4)s, %(param_5)s]) AND pg_catalog.pg_table_is_visible(pg_catalog.pg_class.oid) AND pg_catalog.pg_namespace.nspname != %(nspname_1)s
INFO:sqlalchemy.engine.Engine:[cached since 0.03277s ago] {'table_name': 'document_versions', 'param_1': 'r', 'param_2': 'p', 'param_3': 'f', 'param_4': 'v', 'param_5': 'm', 'nspname_1': 'pg_catalog'}
DEBUG:app.db.session:Query eseguita in 0.00 secondi: SELECT pg_catalog.pg_class.relname 
FROM pg_catalog.pg_class JOIN pg_catalog.pg_namespace ON pg_catalog.pg_namespace.oid = pg_catalog.pg_class.relnamespace 
WHERE pg_catalog.pg_class.relname = %(table_name)s AND pg_catalog.pg_class.relkind = ANY (ARRAY[%(param_1)s, %(param_2)s, %(param_3)s, %(param_4)s, %(param_5)s]) AND pg_catalog.pg_table_is_visible(pg_catalog.pg_class.oid) AND pg_catalog.pg_namespace.nspname != %(nspname_1)s
INFO:sqlalchemy.engine.Engine:SELECT pg_catalog.pg_class.relname 
FROM pg_catalog.pg_class JOIN pg_catalog.pg_namespace ON pg_catalog.pg_namespace.oid = pg_catalog.pg_class.relnamespace 
WHERE pg_catalog.pg_class.relname = %(table_name)s AND pg_catalog.pg_class.relkind = ANY (ARRAY[%(param_1)s, %(param_2)s, %(param_3)s, %(param_4)s, %(param_5)s]) AND pg_catalog.pg_table_is_visible(pg_catalog.pg_class.oid) AND pg_catalog.pg_namespace.nspname != %(nspname_1)s
INFO:sqlalchemy.engine.Engine:[cached since 0.03997s ago] {'table_name': 'houses', 'param_1': 'r', 'param_2': 'p', 'param_3': 'f', 'param_4': 'v', 'param_5': 'm', 'nspname_1': 'pg_catalog'}
DEBUG:app.db.session:Query eseguita in 0.01 secondi: SELECT pg_catalog.pg_class.relname 
FROM pg_catalog.pg_class JOIN pg_catalog.pg_namespace ON pg_catalog.pg_namespace.oid = pg_catalog.pg_class.relnamespace 
WHERE pg_catalog.pg_class.relname = %(table_name)s AND pg_catalog.pg_class.relkind = ANY (ARRAY[%(param_1)s, %(param_2)s, %(param_3)s, %(param_4)s, %(param_5)s]) AND pg_catalog.pg_table_is_visible(pg_catalog.pg_class.oid) AND pg_catalog.pg_namespace.nspname != %(nspname_1)s
INFO:sqlalchemy.engine.Engine:SELECT pg_catalog.pg_class.relname 
FROM pg_catalog.pg_class JOIN pg_catalog.pg_namespace ON pg_catalog.pg_namespace.oid = pg_catalog.pg_class.relnamespace 
WHERE pg_catalog.pg_class.relname = %(table_name)s AND pg_catalog.pg_class.relkind = ANY (ARRAY[%(param_1)s, %(param_2)s, %(param_3)s, %(param_4)s, %(param_5)s]) AND pg_catalog.pg_table_is_visible(pg_catalog.pg_class.oid) AND pg_catalog.pg_namespace.nspname != %(nspname_1)s
INFO:sqlalchemy.engine.Engine:[cached since 0.05007s ago] {'table_name': 'nodes', 'param_1': 'r', 'param_2': 'p', 'param_3': 'f', 'param_4': 'v', 'param_5': 'm', 'nspname_1': 'pg_catalog'}
DEBUG:app.db.session:Query eseguita in 0.01 secondi: SELECT pg_catalog.pg_class.relname 
FROM pg_catalog.pg_class JOIN pg_catalog.pg_namespace ON pg_catalog.pg_namespace.oid = pg_catalog.pg_class.relnamespace 
WHERE pg_catalog.pg_class.relname = %(table_name)s AND pg_catalog.pg_class.relkind = ANY (ARRAY[%(param_1)s, %(param_2)s, %(param_3)s, %(param_4)s, %(param_5)s]) AND pg_catalog.pg_table_is_visible(pg_catalog.pg_class.oid) AND pg_catalog.pg_namespace.nspname != %(nspname_1)s
INFO:sqlalchemy.engine.Engine:SELECT pg_catalog.pg_class.relname 
FROM pg_catalog.pg_class JOIN pg_catalog.pg_namespace ON pg_catalog.pg_namespace.oid = pg_catalog.pg_class.relnamespace 
WHERE pg_catalog.pg_class.relname = %(table_name)s AND pg_catalog.pg_class.relkind = ANY (ARRAY[%(param_1)s, %(param_2)s, %(param_3)s, %(param_4)s, %(param_5)s]) AND pg_catalog.pg_table_is_visible(pg_catalog.pg_class.oid) AND pg_catalog.pg_namespace.nspname != %(nspname_1)s
INFO:sqlalchemy.engine.Engine:[cached since 0.05897s ago] {'table_name': 'rooms', 'param_1': 'r', 'param_2': 'p', 'param_3': 'f', 'param_4': 'v', 'param_5': 'm', 'nspname_1': 'pg_catalog'}
DEBUG:app.db.session:Query eseguita in 0.01 secondi: SELECT pg_catalog.pg_class.relname 
FROM pg_catalog.pg_class JOIN pg_catalog.pg_namespace ON pg_catalog.pg_namespace.oid = pg_catalog.pg_class.relnamespace 
WHERE pg_catalog.pg_class.relname = %(table_name)s AND pg_catalog.pg_class.relkind = ANY (ARRAY[%(param_1)s, %(param_2)s, %(param_3)s, %(param_4)s, %(param_5)s]) AND pg_catalog.pg_table_is_visible(pg_catalog.pg_class.oid) AND pg_catalog.pg_namespace.nspname != %(nspname_1)s
INFO:sqlalchemy.engine.Engine:SELECT pg_catalog.pg_class.relname 
FROM pg_catalog.pg_class JOIN pg_catalog.pg_namespace ON pg_catalog.pg_namespace.oid = pg_catalog.pg_class.relnamespace 
WHERE pg_catalog.pg_class.relname = %(table_name)s AND pg_catalog.pg_class.relkind = ANY (ARRAY[%(param_1)s, %(param_2)s, %(param_3)s, %(param_4)s, %(param_5)s]) AND pg_catalog.pg_table_is_visible(pg_catalog.pg_class.oid) AND pg_catalog.pg_namespace.nspname != %(nspname_1)s
INFO:sqlalchemy.engine.Engine:[cached since 0.06833s ago] {'table_name': 'bookings', 'param_1': 'r', 'param_2': 'p', 'param_3': 'f', 'param_4': 'v', 'param_5': 'm', 'nspname_1': 'pg_catalog'}
DEBUG:app.db.session:Query eseguita in 0.01 secondi: SELECT pg_catalog.pg_class.relname 
FROM pg_catalog.pg_class JOIN pg_catalog.pg_namespace ON pg_catalog.pg_namespace.oid = pg_catalog.pg_class.relnamespace 
WHERE pg_catalog.pg_class.relname = %(table_name)s AND pg_catalog.pg_class.relkind = ANY (ARRAY[%(param_1)s, %(param_2)s, %(param_3)s, %(param_4)s, %(param_5)s]) AND pg_catalog.pg_table_is_visible(pg_catalog.pg_class.oid) AND pg_catalog.pg_namespace.nspname != %(nspname_1)s
INFO:sqlalchemy.engine.Engine:SELECT pg_catalog.pg_class.relname 
FROM pg_catalog.pg_class JOIN pg_catalog.pg_namespace ON pg_catalog.pg_namespace.oid = pg_catalog.pg_class.relnamespace 
WHERE pg_catalog.pg_class.relname = %(table_name)s AND pg_catalog.pg_class.relkind = ANY (ARRAY[%(param_1)s, %(param_2)s, %(param_3)s, %(param_4)s, %(param_5)s]) AND pg_catalog.pg_table_is_visible(pg_catalog.pg_class.oid) AND pg_catalog.pg_namespace.nspname != %(nspname_1)s
INFO:sqlalchemy.engine.Engine:[cached since 0.08213s ago] {'table_name': 'maintenance_records', 'param_1': 'r', 'param_2': 'p', 'param_3': 'f', 'param_4': 'v', 'param_5': 'm', 'nspname_1': 'pg_catalog'}
DEBUG:app.db.session:Query eseguita in 0.01 secondi: SELECT pg_catalog.pg_class.relname 
FROM pg_catalog.pg_class JOIN pg_catalog.pg_namespace ON pg_catalog.pg_namespace.oid = pg_catalog.pg_class.relnamespace 
WHERE pg_catalog.pg_class.relname = %(table_name)s AND pg_catalog.pg_class.relkind = ANY (ARRAY[%(param_1)s, %(param_2)s, %(param_3)s, %(param_4)s, %(param_5)s]) AND pg_catalog.pg_table_is_visible(pg_catalog.pg_class.oid) AND pg_catalog.pg_namespace.nspname != %(nspname_1)s
INFO:sqlalchemy.engine.Engine:SELECT pg_catalog.pg_type.typname 
FROM pg_catalog.pg_type JOIN pg_catalog.pg_namespace ON pg_catalog.pg_namespace.oid = pg_catalog.pg_type.typnamespace 
WHERE pg_catalog.pg_type.typname = %(typname_1)s AND pg_catalog.pg_type_is_visible(pg_catalog.pg_type.oid) AND pg_catalog.pg_namespace.nspname != %(nspname_1)s
INFO:sqlalchemy.engine.Engine:[generated in 0.00194s] {'typname_1': 'maintenancetype', 'nspname_1': 'pg_catalog'}
DEBUG:app.db.session:Query eseguita in 0.00 secondi: SELECT pg_catalog.pg_type.typname 
FROM pg_catalog.pg_type JOIN pg_catalog.pg_namespace ON pg_catalog.pg_namespace.oid = pg_catalog.pg_type.typnamespace 
WHERE pg_catalog.pg_type.typname = %(typname_1)s AND pg_catalog.pg_type_is_visible(pg_catalog.pg_type.oid) AND pg_catalog.pg_namespace.nspname != %(nspname_1)s
INFO:sqlalchemy.engine.Engine:CREATE TYPE maintenancetype AS ENUM ('ROUTINE', 'PREVENTIVE', 'CORRECTIVE', 'EMERGENCY', 'INSPECTION')
INFO:sqlalchemy.engine.Engine:[no key 0.00159s] {}
DEBUG:app.db.session:Query eseguita in 0.01 secondi: CREATE TYPE maintenancetype AS ENUM ('ROUTINE', 'PREVENTIVE', 'CORRECTIVE', 'EMERGENCY', 'INSPECTION')
INFO:sqlalchemy.engine.Engine:SELECT pg_catalog.pg_type.typname 
FROM pg_catalog.pg_type JOIN pg_catalog.pg_namespace ON pg_catalog.pg_namespace.oid = pg_catalog.pg_type.typnamespace 
WHERE pg_catalog.pg_type.typname = %(typname_1)s AND pg_catalog.pg_type_is_visible(pg_catalog.pg_type.oid) AND pg_catalog.pg_namespace.nspname != %(nspname_1)s
INFO:sqlalchemy.engine.Engine:[cached since 0.02642s ago] {'typname_1': 'maintenancestatus', 'nspname_1': 'pg_catalog'}
DEBUG:app.db.session:Query eseguita in 0.01 secondi: SELECT pg_catalog.pg_type.typname 
FROM pg_catalog.pg_type JOIN pg_catalog.pg_namespace ON pg_catalog.pg_namespace.oid = pg_catalog.pg_type.typnamespace 
WHERE pg_catalog.pg_type.typname = %(typname_1)s AND pg_catalog.pg_type_is_visible(pg_catalog.pg_type.oid) AND pg_catalog.pg_namespace.nspname != %(nspname_1)s
INFO:sqlalchemy.engine.Engine:CREATE TYPE maintenancestatus AS ENUM ('PENDING', 'COMPLETED', 'FAILED')
INFO:sqlalchemy.engine.Engine:[no key 0.00077s] {}
DEBUG:app.db.session:Query eseguita in 0.00 secondi: CREATE TYPE maintenancestatus AS ENUM ('PENDING', 'COMPLETED', 'FAILED')
INFO:sqlalchemy.engine.Engine:
CREATE TABLE "user" (
	id SERIAL NOT NULL, 
	email VARCHAR NOT NULL, 
	username VARCHAR NOT NULL, 
	hashed_password VARCHAR NOT NULL, 
	is_active BOOLEAN NOT NULL, 
	is_superuser BOOLEAN NOT NULL, 
	is_verified BOOLEAN NOT NULL, 
	created_at TIMESTAMP WITHOUT TIME ZONE NOT NULL, 
	updated_at TIMESTAMP WITHOUT TIME ZONE NOT NULL, 
	last_login TIMESTAMP WITH TIME ZONE, 
	full_name VARCHAR(255), 
	phone_number VARCHAR(20), 
	PRIMARY KEY (id)
)


INFO:sqlalchemy.engine.Engine:[no key 0.00425s] {}
DEBUG:app.db.session:Query eseguita in 0.05 secondi: 
CREATE TABLE "user" (
	id SERIAL NOT NULL, 
	email VARCHAR NOT NULL, 
	username VARCHAR NOT NULL, 
	hashed_password VARCHAR NOT NULL, 
	is_active BOOLEAN NOT NULL, 
	is_superuser BOOLEAN NOT NULL, 
	is_verified BOOLEAN NOT NULL, 
	created_at TIMESTAMP WITHOUT TIME ZONE NOT NULL, 
	updated_at TIMESTAMP WITHOUT TIME ZONE NOT NULL, 
	last_login TIMESTAMP WITH TIME ZONE, 
	full_name VARCHAR(255), 
	phone_number VARCHAR(20), 
	PRIMARY KEY (id)
)


INFO:sqlalchemy.engine.Engine:CREATE UNIQUE INDEX ix_user_email ON "user" (email)
INFO:sqlalchemy.engine.Engine:[no key 0.00074s] {}
DEBUG:app.db.session:Query eseguita in 0.01 secondi: CREATE UNIQUE INDEX ix_user_email ON "user" (email)
INFO:sqlalchemy.engine.Engine:CREATE UNIQUE INDEX ix_user_username ON "user" (username)
INFO:sqlalchemy.engine.Engine:[no key 0.00371s] {}
DEBUG:app.db.session:Query eseguita in 0.01 secondi: CREATE UNIQUE INDEX ix_user_username ON "user" (username)
INFO:sqlalchemy.engine.Engine:
CREATE TABLE houses (
	id SERIAL NOT NULL, 
	name VARCHAR NOT NULL, 
	address VARCHAR NOT NULL, 
	owner_id INTEGER NOT NULL, 
	created_at TIMESTAMP WITHOUT TIME ZONE NOT NULL, 
	updated_at TIMESTAMP WITHOUT TIME ZONE NOT NULL, 
	PRIMARY KEY (id), 
	FOREIGN KEY(owner_id) REFERENCES "user" (id)
)


INFO:sqlalchemy.engine.Engine:[no key 0.00361s] {}
DEBUG:app.db.session:Query eseguita in 0.04 secondi: 
CREATE TABLE houses (
	id SERIAL NOT NULL, 
	name VARCHAR NOT NULL, 
	address VARCHAR NOT NULL, 
	owner_id INTEGER NOT NULL, 
	created_at TIMESTAMP WITHOUT TIME ZONE NOT NULL, 
	updated_at TIMESTAMP WITHOUT TIME ZONE NOT NULL, 
	PRIMARY KEY (id), 
	FOREIGN KEY(owner_id) REFERENCES "user" (id)
)


INFO:sqlalchemy.engine.Engine:CREATE INDEX ix_houses_name ON houses (name)
INFO:sqlalchemy.engine.Engine:[no key 0.00069s] {}
DEBUG:app.db.session:Query eseguita in 0.01 secondi: CREATE INDEX ix_houses_name ON houses (name)
INFO:sqlalchemy.engine.Engine:
CREATE TABLE rooms (
	id SERIAL NOT NULL, 
	name VARCHAR NOT NULL, 
	description VARCHAR, 
	floor INTEGER NOT NULL, 
	area FLOAT NOT NULL, 
	house_id INTEGER NOT NULL, 
	created_at TIMESTAMP WITHOUT TIME ZONE NOT NULL, 
	updated_at TIMESTAMP WITHOUT TIME ZONE NOT NULL, 
	PRIMARY KEY (id), 
	FOREIGN KEY(house_id) REFERENCES houses (id)
)


INFO:sqlalchemy.engine.Engine:[no key 0.00090s] {}
DEBUG:app.db.session:Query eseguita in 0.03 secondi: 
CREATE TABLE rooms (
	id SERIAL NOT NULL, 
	name VARCHAR NOT NULL, 
	description VARCHAR, 
	floor INTEGER NOT NULL, 
	area FLOAT NOT NULL, 
	house_id INTEGER NOT NULL, 
	created_at TIMESTAMP WITHOUT TIME ZONE NOT NULL, 
	updated_at TIMESTAMP WITHOUT TIME ZONE NOT NULL, 
	PRIMARY KEY (id), 
	FOREIGN KEY(house_id) REFERENCES houses (id)
)


INFO:sqlalchemy.engine.Engine:CREATE INDEX ix_rooms_name ON rooms (name)
INFO:sqlalchemy.engine.Engine:[no key 0.00085s] {}
DEBUG:app.db.session:Query eseguita in 0.01 secondi: CREATE INDEX ix_rooms_name ON rooms (name)
INFO:sqlalchemy.engine.Engine:
CREATE TABLE nodes (
	id SERIAL NOT NULL, 
	name VARCHAR NOT NULL, 
	description VARCHAR, 
	nfc_id VARCHAR NOT NULL, 
	house_id INTEGER NOT NULL, 
	room_id INTEGER, 
	PRIMARY KEY (id), 
	FOREIGN KEY(house_id) REFERENCES houses (id), 
	FOREIGN KEY(room_id) REFERENCES rooms (id)
)


INFO:sqlalchemy.engine.Engine:[no key 0.00073s] {}
DEBUG:app.db.session:Query eseguita in 0.03 secondi: 
CREATE TABLE nodes (
	id SERIAL NOT NULL, 
	name VARCHAR NOT NULL, 
	description VARCHAR, 
	nfc_id VARCHAR NOT NULL, 
	house_id INTEGER NOT NULL, 
	room_id INTEGER, 
	PRIMARY KEY (id), 
	FOREIGN KEY(house_id) REFERENCES houses (id), 
	FOREIGN KEY(room_id) REFERENCES rooms (id)
)


INFO:sqlalchemy.engine.Engine:CREATE UNIQUE INDEX ix_nodes_nfc_id ON nodes (nfc_id)
INFO:sqlalchemy.engine.Engine:[no key 0.00083s] {}
DEBUG:app.db.session:Query eseguita in 0.01 secondi: CREATE UNIQUE INDEX ix_nodes_nfc_id ON nodes (nfc_id)
INFO:sqlalchemy.engine.Engine:
CREATE TABLE bookings (
	id SERIAL NOT NULL, 
	room_id INTEGER NOT NULL, 
	user_id INTEGER NOT NULL, 
	start_time TIMESTAMP WITHOUT TIME ZONE NOT NULL, 
	end_time TIMESTAMP WITHOUT TIME ZONE NOT NULL, 
	status VARCHAR NOT NULL, 
	notes VARCHAR, 
	created_at TIMESTAMP WITHOUT TIME ZONE NOT NULL, 
	updated_at TIMESTAMP WITHOUT TIME ZONE NOT NULL, 
	PRIMARY KEY (id), 
	FOREIGN KEY(room_id) REFERENCES rooms (id), 
	FOREIGN KEY(user_id) REFERENCES "user" (id)
)


INFO:sqlalchemy.engine.Engine:[no key 0.00114s] {}
DEBUG:app.db.session:Query eseguita in 0.03 secondi: 
CREATE TABLE bookings (
	id SERIAL NOT NULL, 
	room_id INTEGER NOT NULL, 
	user_id INTEGER NOT NULL, 
	start_time TIMESTAMP WITHOUT TIME ZONE NOT NULL, 
	end_time TIMESTAMP WITHOUT TIME ZONE NOT NULL, 
	status VARCHAR NOT NULL, 
	notes VARCHAR, 
	created_at TIMESTAMP WITHOUT TIME ZONE NOT NULL, 
	updated_at TIMESTAMP WITHOUT TIME ZONE NOT NULL, 
	PRIMARY KEY (id), 
	FOREIGN KEY(room_id) REFERENCES rooms (id), 
	FOREIGN KEY(user_id) REFERENCES "user" (id)
)


INFO:sqlalchemy.engine.Engine:
CREATE TABLE documents (
	id SERIAL NOT NULL, 
	created_at TIMESTAMP WITHOUT TIME ZONE NOT NULL, 
	updated_at TIMESTAMP WITHOUT TIME ZONE NOT NULL, 
	owner_id INTEGER NOT NULL, 
	name VARCHAR NOT NULL, 
	type VARCHAR NOT NULL, 
	size INTEGER NOT NULL, 
	upload_date TIMESTAMP WITHOUT TIME ZONE NOT NULL, 
	path VARCHAR NOT NULL, 
	checksum VARCHAR NOT NULL, 
	house_id INTEGER, 
	node_id INTEGER, 
	description VARCHAR, 
	PRIMARY KEY (id), 
	FOREIGN KEY(owner_id) REFERENCES "user" (id), 
	FOREIGN KEY(house_id) REFERENCES houses (id), 
	FOREIGN KEY(node_id) REFERENCES nodes (id)
)


INFO:sqlalchemy.engine.Engine:[no key 0.00453s] {}
DEBUG:app.db.session:Query eseguita in 0.04 secondi: 
CREATE TABLE documents (
	id SERIAL NOT NULL, 
	created_at TIMESTAMP WITHOUT TIME ZONE NOT NULL, 
	updated_at TIMESTAMP WITHOUT TIME ZONE NOT NULL, 
	owner_id INTEGER NOT NULL, 
	name VARCHAR NOT NULL, 
	type VARCHAR NOT NULL, 
	size INTEGER NOT NULL, 
	upload_date TIMESTAMP WITHOUT TIME ZONE NOT NULL, 
	path VARCHAR NOT NULL, 
	checksum VARCHAR NOT NULL, 
	house_id INTEGER, 
	node_id INTEGER, 
	description VARCHAR, 
	PRIMARY KEY (id), 
	FOREIGN KEY(owner_id) REFERENCES "user" (id), 
	FOREIGN KEY(house_id) REFERENCES houses (id), 
	FOREIGN KEY(node_id) REFERENCES nodes (id)
)


INFO:sqlalchemy.engine.Engine:CREATE INDEX ix_documents_owner_id ON documents (owner_id)
INFO:sqlalchemy.engine.Engine:[no key 0.00274s] {}
DEBUG:app.db.session:Query eseguita in 0.01 secondi: CREATE INDEX ix_documents_owner_id ON documents (owner_id)
INFO:sqlalchemy.engine.Engine:
CREATE TABLE document_versions (
	id SERIAL NOT NULL, 
	version_number INTEGER NOT NULL, 
	file_path VARCHAR NOT NULL, 
	file_size INTEGER NOT NULL, 
	checksum VARCHAR NOT NULL, 
	created_at TIMESTAMP WITHOUT TIME ZONE NOT NULL, 
	updated_at TIMESTAMP WITHOUT TIME ZONE NOT NULL, 
	document_id INTEGER NOT NULL, 
	created_by_id INTEGER, 
	PRIMARY KEY (id), 
	FOREIGN KEY(document_id) REFERENCES documents (id), 
	FOREIGN KEY(created_by_id) REFERENCES "user" (id)
)


INFO:sqlalchemy.engine.Engine:[no key 0.00322s] {}
DEBUG:app.db.session:Query eseguita in 0.04 secondi: 
CREATE TABLE document_versions (
	id SERIAL NOT NULL, 
	version_number INTEGER NOT NULL, 
	file_path VARCHAR NOT NULL, 
	file_size INTEGER NOT NULL, 
	checksum VARCHAR NOT NULL, 
	created_at TIMESTAMP WITHOUT TIME ZONE NOT NULL, 
	updated_at TIMESTAMP WITHOUT TIME ZONE NOT NULL, 
	document_id INTEGER NOT NULL, 
	created_by_id INTEGER, 
	PRIMARY KEY (id), 
	FOREIGN KEY(document_id) REFERENCES documents (id), 
	FOREIGN KEY(created_by_id) REFERENCES "user" (id)
)


INFO:sqlalchemy.engine.Engine:CREATE INDEX ix_document_versions_version_number ON document_versions (version_number)
INFO:sqlalchemy.engine.Engine:[no key 0.00108s] {}
DEBUG:app.db.session:Query eseguita in 0.01 secondi: CREATE INDEX ix_document_versions_version_number ON document_versions (version_number)
INFO:sqlalchemy.engine.Engine:CREATE INDEX ix_document_versions_created_by_id ON document_versions (created_by_id)
INFO:sqlalchemy.engine.Engine:[no key 0.00084s] {}
DEBUG:app.db.session:Query eseguita in 0.01 secondi: CREATE INDEX ix_document_versions_created_by_id ON document_versions (created_by_id)
INFO:sqlalchemy.engine.Engine:CREATE INDEX ix_document_versions_document_id ON document_versions (document_id)
INFO:sqlalchemy.engine.Engine:[no key 0.00476s] {}
DEBUG:app.db.session:Query eseguita in 0.01 secondi: CREATE INDEX ix_document_versions_document_id ON document_versions (document_id)
INFO:sqlalchemy.engine.Engine:
CREATE TABLE maintenance_records (
	id SERIAL NOT NULL, 
	node_id INTEGER NOT NULL, 
	timestamp TIMESTAMP WITHOUT TIME ZONE NOT NULL, 
	maintenance_type maintenancetype NOT NULL, 
	description VARCHAR NOT NULL, 
	status maintenancestatus NOT NULL, 
	notes VARCHAR, 
	document_id INTEGER, 
	PRIMARY KEY (id), 
	FOREIGN KEY(node_id) REFERENCES nodes (id), 
	FOREIGN KEY(document_id) REFERENCES documents (id)
)


INFO:sqlalchemy.engine.Engine:[no key 0.00208s] {}
DEBUG:app.db.session:Query eseguita in 0.06 secondi: 
CREATE TABLE maintenance_records (
	id SERIAL NOT NULL, 
	node_id INTEGER NOT NULL, 
	timestamp TIMESTAMP WITHOUT TIME ZONE NOT NULL, 
	maintenance_type maintenancetype NOT NULL, 
	description VARCHAR NOT NULL, 
	status maintenancestatus NOT NULL, 
	notes VARCHAR, 
	document_id INTEGER, 
	PRIMARY KEY (id), 
	FOREIGN KEY(node_id) REFERENCES nodes (id), 
	FOREIGN KEY(document_id) REFERENCES documents (id)
)


INFO:sqlalchemy.engine.Engine:CREATE INDEX ix_maintenance_records_node_id ON maintenance_records (node_id)
INFO:sqlalchemy.engine.Engine:[no key 0.00179s] {}
DEBUG:app.db.session:Query eseguita in 0.01 secondi: CREATE INDEX ix_maintenance_records_node_id ON maintenance_records (node_id)
INFO:sqlalchemy.engine.Engine:COMMIT
DEBUG:test_users:Test database tables created successfully
DEBUG:test_users:Test database session created successfully
DEBUG:conftest:Overriding get_session for tests...
DEBUG:tests.conftest_redis:Setting up FakeRedis for tests...
DEBUG:app.core.redis:Connessione Redis stabilita con successo
----------------------------- Captured log setup ------------------------------
DEBUG    test_users:test_users.py:38 Setting up test database session...
INFO     sqlalchemy.engine.Engine:base.py:1842 select pg_catalog.version()
INFO     sqlalchemy.engine.Engine:base.py:1842 [raw sql] {}
INFO     sqlalchemy.engine.Engine:base.py:1842 select current_schema()
INFO     sqlalchemy.engine.Engine:base.py:1842 [raw sql] {}
INFO     sqlalchemy.engine.Engine:base.py:1842 show standard_conforming_strings
INFO     sqlalchemy.engine.Engine:base.py:1842 [raw sql] {}
INFO     sqlalchemy.engine.Engine:base.py:2698 BEGIN (implicit)
INFO     sqlalchemy.engine.Engine:base.py:1842 SELECT pg_catalog.pg_class.relname 
FROM pg_catalog.pg_class JOIN pg_catalog.pg_namespace ON pg_catalog.pg_namespace.oid = pg_catalog.pg_class.relnamespace 
WHERE pg_catalog.pg_class.relname = %(table_name)s AND pg_catalog.pg_class.relkind = ANY (ARRAY[%(param_1)s, %(param_2)s, %(param_3)s, %(param_4)s, %(param_5)s]) AND pg_catalog.pg_table_is_visible(pg_catalog.pg_class.oid) AND pg_catalog.pg_namespace.nspname != %(nspname_1)s
INFO     sqlalchemy.engine.Engine:base.py:1842 [generated in 0.00110s] {'table_name': 'user', 'param_1': 'r', 'param_2': 'p', 'param_3': 'f', 'param_4': 'v', 'param_5': 'm', 'nspname_1': 'pg_catalog'}
DEBUG    app.db.session:session.py:30 Query eseguita in 0.02 secondi: SELECT pg_catalog.pg_class.relname 
FROM pg_catalog.pg_class JOIN pg_catalog.pg_namespace ON pg_catalog.pg_namespace.oid = pg_catalog.pg_class.relnamespace 
WHERE pg_catalog.pg_class.relname = %(table_name)s AND pg_catalog.pg_class.relkind = ANY (ARRAY[%(param_1)s, %(param_2)s, %(param_3)s, %(param_4)s, %(param_5)s]) AND pg_catalog.pg_table_is_visible(pg_catalog.pg_class.oid) AND pg_catalog.pg_namespace.nspname != %(nspname_1)s
INFO     sqlalchemy.engine.Engine:base.py:1842 SELECT pg_catalog.pg_class.relname 
FROM pg_catalog.pg_class JOIN pg_catalog.pg_namespace ON pg_catalog.pg_namespace.oid = pg_catalog.pg_class.relnamespace 
WHERE pg_catalog.pg_class.relname = %(table_name)s AND pg_catalog.pg_class.relkind = ANY (ARRAY[%(param_1)s, %(param_2)s, %(param_3)s, %(param_4)s, %(param_5)s]) AND pg_catalog.pg_table_is_visible(pg_catalog.pg_class.oid) AND pg_catalog.pg_namespace.nspname != %(nspname_1)s
INFO     sqlalchemy.engine.Engine:base.py:1842 [cached since 0.01983s ago] {'table_name': 'documents', 'param_1': 'r', 'param_2': 'p', 'param_3': 'f', 'param_4': 'v', 'param_5': 'm', 'nspname_1': 'pg_catalog'}
DEBUG    app.db.session:session.py:30 Query eseguita in 0.01 secondi: SELECT pg_catalog.pg_class.relname 
FROM pg_catalog.pg_class JOIN pg_catalog.pg_namespace ON pg_catalog.pg_namespace.oid = pg_catalog.pg_class.relnamespace 
WHERE pg_catalog.pg_class.relname = %(table_name)s AND pg_catalog.pg_class.relkind = ANY (ARRAY[%(param_1)s, %(param_2)s, %(param_3)s, %(param_4)s, %(param_5)s]) AND pg_catalog.pg_table_is_visible(pg_catalog.pg_class.oid) AND pg_catalog.pg_namespace.nspname != %(nspname_1)s
INFO     sqlalchemy.engine.Engine:base.py:1842 SELECT pg_catalog.pg_class.relname 
FROM pg_catalog.pg_class JOIN pg_catalog.pg_namespace ON pg_catalog.pg_namespace.oid = pg_catalog.pg_class.relnamespace 
WHERE pg_catalog.pg_class.relname = %(table_name)s AND pg_catalog.pg_class.relkind = ANY (ARRAY[%(param_1)s, %(param_2)s, %(param_3)s, %(param_4)s, %(param_5)s]) AND pg_catalog.pg_table_is_visible(pg_catalog.pg_class.oid) AND pg_catalog.pg_namespace.nspname != %(nspname_1)s
INFO     sqlalchemy.engine.Engine:base.py:1842 [cached since 0.03277s ago] {'table_name': 'document_versions', 'param_1': 'r', 'param_2': 'p', 'param_3': 'f', 'param_4': 'v', 'param_5': 'm', 'nspname_1': 'pg_catalog'}
DEBUG    app.db.session:session.py:30 Query eseguita in 0.00 secondi: SELECT pg_catalog.pg_class.relname 
FROM pg_catalog.pg_class JOIN pg_catalog.pg_namespace ON pg_catalog.pg_namespace.oid = pg_catalog.pg_class.relnamespace 
WHERE pg_catalog.pg_class.relname = %(table_name)s AND pg_catalog.pg_class.relkind = ANY (ARRAY[%(param_1)s, %(param_2)s, %(param_3)s, %(param_4)s, %(param_5)s]) AND pg_catalog.pg_table_is_visible(pg_catalog.pg_class.oid) AND pg_catalog.pg_namespace.nspname != %(nspname_1)s
INFO     sqlalchemy.engine.Engine:base.py:1842 SELECT pg_catalog.pg_class.relname 
FROM pg_catalog.pg_class JOIN pg_catalog.pg_namespace ON pg_catalog.pg_namespace.oid = pg_catalog.pg_class.relnamespace 
WHERE pg_catalog.pg_class.relname = %(table_name)s AND pg_catalog.pg_class.relkind = ANY (ARRAY[%(param_1)s, %(param_2)s, %(param_3)s, %(param_4)s, %(param_5)s]) AND pg_catalog.pg_table_is_visible(pg_catalog.pg_class.oid) AND pg_catalog.pg_namespace.nspname != %(nspname_1)s
INFO     sqlalchemy.engine.Engine:base.py:1842 [cached since 0.03997s ago] {'table_name': 'houses', 'param_1': 'r', 'param_2': 'p', 'param_3': 'f', 'param_4': 'v', 'param_5': 'm', 'nspname_1': 'pg_catalog'}
DEBUG    app.db.session:session.py:30 Query eseguita in 0.01 secondi: SELECT pg_catalog.pg_class.relname 
FROM pg_catalog.pg_class JOIN pg_catalog.pg_namespace ON pg_catalog.pg_namespace.oid = pg_catalog.pg_class.relnamespace 
WHERE pg_catalog.pg_class.relname = %(table_name)s AND pg_catalog.pg_class.relkind = ANY (ARRAY[%(param_1)s, %(param_2)s, %(param_3)s, %(param_4)s, %(param_5)s]) AND pg_catalog.pg_table_is_visible(pg_catalog.pg_class.oid) AND pg_catalog.pg_namespace.nspname != %(nspname_1)s
INFO     sqlalchemy.engine.Engine:base.py:1842 SELECT pg_catalog.pg_class.relname 
FROM pg_catalog.pg_class JOIN pg_catalog.pg_namespace ON pg_catalog.pg_namespace.oid = pg_catalog.pg_class.relnamespace 
WHERE pg_catalog.pg_class.relname = %(table_name)s AND pg_catalog.pg_class.relkind = ANY (ARRAY[%(param_1)s, %(param_2)s, %(param_3)s, %(param_4)s, %(param_5)s]) AND pg_catalog.pg_table_is_visible(pg_catalog.pg_class.oid) AND pg_catalog.pg_namespace.nspname != %(nspname_1)s
INFO     sqlalchemy.engine.Engine:base.py:1842 [cached since 0.05007s ago] {'table_name': 'nodes', 'param_1': 'r', 'param_2': 'p', 'param_3': 'f', 'param_4': 'v', 'param_5': 'm', 'nspname_1': 'pg_catalog'}
DEBUG    app.db.session:session.py:30 Query eseguita in 0.01 secondi: SELECT pg_catalog.pg_class.relname 
FROM pg_catalog.pg_class JOIN pg_catalog.pg_namespace ON pg_catalog.pg_namespace.oid = pg_catalog.pg_class.relnamespace 
WHERE pg_catalog.pg_class.relname = %(table_name)s AND pg_catalog.pg_class.relkind = ANY (ARRAY[%(param_1)s, %(param_2)s, %(param_3)s, %(param_4)s, %(param_5)s]) AND pg_catalog.pg_table_is_visible(pg_catalog.pg_class.oid) AND pg_catalog.pg_namespace.nspname != %(nspname_1)s
INFO     sqlalchemy.engine.Engine:base.py:1842 SELECT pg_catalog.pg_class.relname 
FROM pg_catalog.pg_class JOIN pg_catalog.pg_namespace ON pg_catalog.pg_namespace.oid = pg_catalog.pg_class.relnamespace 
WHERE pg_catalog.pg_class.relname = %(table_name)s AND pg_catalog.pg_class.relkind = ANY (ARRAY[%(param_1)s, %(param_2)s, %(param_3)s, %(param_4)s, %(param_5)s]) AND pg_catalog.pg_table_is_visible(pg_catalog.pg_class.oid) AND pg_catalog.pg_namespace.nspname != %(nspname_1)s
INFO     sqlalchemy.engine.Engine:base.py:1842 [cached since 0.05897s ago] {'table_name': 'rooms', 'param_1': 'r', 'param_2': 'p', 'param_3': 'f', 'param_4': 'v', 'param_5': 'm', 'nspname_1': 'pg_catalog'}
DEBUG    app.db.session:session.py:30 Query eseguita in 0.01 secondi: SELECT pg_catalog.pg_class.relname 
FROM pg_catalog.pg_class JOIN pg_catalog.pg_namespace ON pg_catalog.pg_namespace.oid = pg_catalog.pg_class.relnamespace 
WHERE pg_catalog.pg_class.relname = %(table_name)s AND pg_catalog.pg_class.relkind = ANY (ARRAY[%(param_1)s, %(param_2)s, %(param_3)s, %(param_4)s, %(param_5)s]) AND pg_catalog.pg_table_is_visible(pg_catalog.pg_class.oid) AND pg_catalog.pg_namespace.nspname != %(nspname_1)s
INFO     sqlalchemy.engine.Engine:base.py:1842 SELECT pg_catalog.pg_class.relname 
FROM pg_catalog.pg_class JOIN pg_catalog.pg_namespace ON pg_catalog.pg_namespace.oid = pg_catalog.pg_class.relnamespace 
WHERE pg_catalog.pg_class.relname = %(table_name)s AND pg_catalog.pg_class.relkind = ANY (ARRAY[%(param_1)s, %(param_2)s, %(param_3)s, %(param_4)s, %(param_5)s]) AND pg_catalog.pg_table_is_visible(pg_catalog.pg_class.oid) AND pg_catalog.pg_namespace.nspname != %(nspname_1)s
INFO     sqlalchemy.engine.Engine:base.py:1842 [cached since 0.06833s ago] {'table_name': 'bookings', 'param_1': 'r', 'param_2': 'p', 'param_3': 'f', 'param_4': 'v', 'param_5': 'm', 'nspname_1': 'pg_catalog'}
DEBUG    app.db.session:session.py:30 Query eseguita in 0.01 secondi: SELECT pg_catalog.pg_class.relname 
FROM pg_catalog.pg_class JOIN pg_catalog.pg_namespace ON pg_catalog.pg_namespace.oid = pg_catalog.pg_class.relnamespace 
WHERE pg_catalog.pg_class.relname = %(table_name)s AND pg_catalog.pg_class.relkind = ANY (ARRAY[%(param_1)s, %(param_2)s, %(param_3)s, %(param_4)s, %(param_5)s]) AND pg_catalog.pg_table_is_visible(pg_catalog.pg_class.oid) AND pg_catalog.pg_namespace.nspname != %(nspname_1)s
INFO     sqlalchemy.engine.Engine:base.py:1842 SELECT pg_catalog.pg_class.relname 
FROM pg_catalog.pg_class JOIN pg_catalog.pg_namespace ON pg_catalog.pg_namespace.oid = pg_catalog.pg_class.relnamespace 
WHERE pg_catalog.pg_class.relname = %(table_name)s AND pg_catalog.pg_class.relkind = ANY (ARRAY[%(param_1)s, %(param_2)s, %(param_3)s, %(param_4)s, %(param_5)s]) AND pg_catalog.pg_table_is_visible(pg_catalog.pg_class.oid) AND pg_catalog.pg_namespace.nspname != %(nspname_1)s
INFO     sqlalchemy.engine.Engine:base.py:1842 [cached since 0.08213s ago] {'table_name': 'maintenance_records', 'param_1': 'r', 'param_2': 'p', 'param_3': 'f', 'param_4': 'v', 'param_5': 'm', 'nspname_1': 'pg_catalog'}
DEBUG    app.db.session:session.py:30 Query eseguita in 0.01 secondi: SELECT pg_catalog.pg_class.relname 
FROM pg_catalog.pg_class JOIN pg_catalog.pg_namespace ON pg_catalog.pg_namespace.oid = pg_catalog.pg_class.relnamespace 
WHERE pg_catalog.pg_class.relname = %(table_name)s AND pg_catalog.pg_class.relkind = ANY (ARRAY[%(param_1)s, %(param_2)s, %(param_3)s, %(param_4)s, %(param_5)s]) AND pg_catalog.pg_table_is_visible(pg_catalog.pg_class.oid) AND pg_catalog.pg_namespace.nspname != %(nspname_1)s
INFO     sqlalchemy.engine.Engine:base.py:1842 SELECT pg_catalog.pg_type.typname 
FROM pg_catalog.pg_type JOIN pg_catalog.pg_namespace ON pg_catalog.pg_namespace.oid = pg_catalog.pg_type.typnamespace 
WHERE pg_catalog.pg_type.typname = %(typname_1)s AND pg_catalog.pg_type_is_visible(pg_catalog.pg_type.oid) AND pg_catalog.pg_namespace.nspname != %(nspname_1)s
INFO     sqlalchemy.engine.Engine:base.py:1842 [generated in 0.00194s] {'typname_1': 'maintenancetype', 'nspname_1': 'pg_catalog'}
DEBUG    app.db.session:session.py:30 Query eseguita in 0.00 secondi: SELECT pg_catalog.pg_type.typname 
FROM pg_catalog.pg_type JOIN pg_catalog.pg_namespace ON pg_catalog.pg_namespace.oid = pg_catalog.pg_type.typnamespace 
WHERE pg_catalog.pg_type.typname = %(typname_1)s AND pg_catalog.pg_type_is_visible(pg_catalog.pg_type.oid) AND pg_catalog.pg_namespace.nspname != %(nspname_1)s
INFO     sqlalchemy.engine.Engine:base.py:1842 CREATE TYPE maintenancetype AS ENUM ('ROUTINE', 'PREVENTIVE', 'CORRECTIVE', 'EMERGENCY', 'INSPECTION')
INFO     sqlalchemy.engine.Engine:base.py:1842 [no key 0.00159s] {}
DEBUG    app.db.session:session.py:30 Query eseguita in 0.01 secondi: CREATE TYPE maintenancetype AS ENUM ('ROUTINE', 'PREVENTIVE', 'CORRECTIVE', 'EMERGENCY', 'INSPECTION')
INFO     sqlalchemy.engine.Engine:base.py:1842 SELECT pg_catalog.pg_type.typname 
FROM pg_catalog.pg_type JOIN pg_catalog.pg_namespace ON pg_catalog.pg_namespace.oid = pg_catalog.pg_type.typnamespace 
WHERE pg_catalog.pg_type.typname = %(typname_1)s AND pg_catalog.pg_type_is_visible(pg_catalog.pg_type.oid) AND pg_catalog.pg_namespace.nspname != %(nspname_1)s
INFO     sqlalchemy.engine.Engine:base.py:1842 [cached since 0.02642s ago] {'typname_1': 'maintenancestatus', 'nspname_1': 'pg_catalog'}
DEBUG    app.db.session:session.py:30 Query eseguita in 0.01 secondi: SELECT pg_catalog.pg_type.typname 
FROM pg_catalog.pg_type JOIN pg_catalog.pg_namespace ON pg_catalog.pg_namespace.oid = pg_catalog.pg_type.typnamespace 
WHERE pg_catalog.pg_type.typname = %(typname_1)s AND pg_catalog.pg_type_is_visible(pg_catalog.pg_type.oid) AND pg_catalog.pg_namespace.nspname != %(nspname_1)s
INFO     sqlalchemy.engine.Engine:base.py:1842 CREATE TYPE maintenancestatus AS ENUM ('PENDING', 'COMPLETED', 'FAILED')
INFO     sqlalchemy.engine.Engine:base.py:1842 [no key 0.00077s] {}
DEBUG    app.db.session:session.py:30 Query eseguita in 0.00 secondi: CREATE TYPE maintenancestatus AS ENUM ('PENDING', 'COMPLETED', 'FAILED')
INFO     sqlalchemy.engine.Engine:base.py:1842 
CREATE TABLE "user" (
	id SERIAL NOT NULL, 
	email VARCHAR NOT NULL, 
	username VARCHAR NOT NULL, 
	hashed_password VARCHAR NOT NULL, 
	is_active BOOLEAN NOT NULL, 
	is_superuser BOOLEAN NOT NULL, 
	is_verified BOOLEAN NOT NULL, 
	created_at TIMESTAMP WITHOUT TIME ZONE NOT NULL, 
	updated_at TIMESTAMP WITHOUT TIME ZONE NOT NULL, 
	last_login TIMESTAMP WITH TIME ZONE, 
	full_name VARCHAR(255), 
	phone_number VARCHAR(20), 
	PRIMARY KEY (id)
)


INFO     sqlalchemy.engine.Engine:base.py:1842 [no key 0.00425s] {}
DEBUG    app.db.session:session.py:30 Query eseguita in 0.05 secondi: 
CREATE TABLE "user" (
	id SERIAL NOT NULL, 
	email VARCHAR NOT NULL, 
	username VARCHAR NOT NULL, 
	hashed_password VARCHAR NOT NULL, 
	is_active BOOLEAN NOT NULL, 
	is_superuser BOOLEAN NOT NULL, 
	is_verified BOOLEAN NOT NULL, 
	created_at TIMESTAMP WITHOUT TIME ZONE NOT NULL, 
	updated_at TIMESTAMP WITHOUT TIME ZONE NOT NULL, 
	last_login TIMESTAMP WITH TIME ZONE, 
	full_name VARCHAR(255), 
	phone_number VARCHAR(20), 
	PRIMARY KEY (id)
)


INFO     sqlalchemy.engine.Engine:base.py:1842 CREATE UNIQUE INDEX ix_user_email ON "user" (email)
INFO     sqlalchemy.engine.Engine:base.py:1842 [no key 0.00074s] {}
DEBUG    app.db.session:session.py:30 Query eseguita in 0.01 secondi: CREATE UNIQUE INDEX ix_user_email ON "user" (email)
INFO     sqlalchemy.engine.Engine:base.py:1842 CREATE UNIQUE INDEX ix_user_username ON "user" (username)
INFO     sqlalchemy.engine.Engine:base.py:1842 [no key 0.00371s] {}
DEBUG    app.db.session:session.py:30 Query eseguita in 0.01 secondi: CREATE UNIQUE INDEX ix_user_username ON "user" (username)
INFO     sqlalchemy.engine.Engine:base.py:1842 
CREATE TABLE houses (
	id SERIAL NOT NULL, 
	name VARCHAR NOT NULL, 
	address VARCHAR NOT NULL, 
	owner_id INTEGER NOT NULL, 
	created_at TIMESTAMP WITHOUT TIME ZONE NOT NULL, 
	updated_at TIMESTAMP WITHOUT TIME ZONE NOT NULL, 
	PRIMARY KEY (id), 
	FOREIGN KEY(owner_id) REFERENCES "user" (id)
)


INFO     sqlalchemy.engine.Engine:base.py:1842 [no key 0.00361s] {}
DEBUG    app.db.session:session.py:30 Query eseguita in 0.04 secondi: 
CREATE TABLE houses (
	id SERIAL NOT NULL, 
	name VARCHAR NOT NULL, 
	address VARCHAR NOT NULL, 
	owner_id INTEGER NOT NULL, 
	created_at TIMESTAMP WITHOUT TIME ZONE NOT NULL, 
	updated_at TIMESTAMP WITHOUT TIME ZONE NOT NULL, 
	PRIMARY KEY (id), 
	FOREIGN KEY(owner_id) REFERENCES "user" (id)
)


INFO     sqlalchemy.engine.Engine:base.py:1842 CREATE INDEX ix_houses_name ON houses (name)
INFO     sqlalchemy.engine.Engine:base.py:1842 [no key 0.00069s] {}
DEBUG    app.db.session:session.py:30 Query eseguita in 0.01 secondi: CREATE INDEX ix_houses_name ON houses (name)
INFO     sqlalchemy.engine.Engine:base.py:1842 
CREATE TABLE rooms (
	id SERIAL NOT NULL, 
	name VARCHAR NOT NULL, 
	description VARCHAR, 
	floor INTEGER NOT NULL, 
	area FLOAT NOT NULL, 
	house_id INTEGER NOT NULL, 
	created_at TIMESTAMP WITHOUT TIME ZONE NOT NULL, 
	updated_at TIMESTAMP WITHOUT TIME ZONE NOT NULL, 
	PRIMARY KEY (id), 
	FOREIGN KEY(house_id) REFERENCES houses (id)
)


INFO     sqlalchemy.engine.Engine:base.py:1842 [no key 0.00090s] {}
DEBUG    app.db.session:session.py:30 Query eseguita in 0.03 secondi: 
CREATE TABLE rooms (
	id SERIAL NOT NULL, 
	name VARCHAR NOT NULL, 
	description VARCHAR, 
	floor INTEGER NOT NULL, 
	area FLOAT NOT NULL, 
	house_id INTEGER NOT NULL, 
	created_at TIMESTAMP WITHOUT TIME ZONE NOT NULL, 
	updated_at TIMESTAMP WITHOUT TIME ZONE NOT NULL, 
	PRIMARY KEY (id), 
	FOREIGN KEY(house_id) REFERENCES houses (id)
)


INFO     sqlalchemy.engine.Engine:base.py:1842 CREATE INDEX ix_rooms_name ON rooms (name)
INFO     sqlalchemy.engine.Engine:base.py:1842 [no key 0.00085s] {}
DEBUG    app.db.session:session.py:30 Query eseguita in 0.01 secondi: CREATE INDEX ix_rooms_name ON rooms (name)
INFO     sqlalchemy.engine.Engine:base.py:1842 
CREATE TABLE nodes (
	id SERIAL NOT NULL, 
	name VARCHAR NOT NULL, 
	description VARCHAR, 
	nfc_id VARCHAR NOT NULL, 
	house_id INTEGER NOT NULL, 
	room_id INTEGER, 
	PRIMARY KEY (id), 
	FOREIGN KEY(house_id) REFERENCES houses (id), 
	FOREIGN KEY(room_id) REFERENCES rooms (id)
)


INFO     sqlalchemy.engine.Engine:base.py:1842 [no key 0.00073s] {}
DEBUG    app.db.session:session.py:30 Query eseguita in 0.03 secondi: 
CREATE TABLE nodes (
	id SERIAL NOT NULL, 
	name VARCHAR NOT NULL, 
	description VARCHAR, 
	nfc_id VARCHAR NOT NULL, 
	house_id INTEGER NOT NULL, 
	room_id INTEGER, 
	PRIMARY KEY (id), 
	FOREIGN KEY(house_id) REFERENCES houses (id), 
	FOREIGN KEY(room_id) REFERENCES rooms (id)
)


INFO     sqlalchemy.engine.Engine:base.py:1842 CREATE UNIQUE INDEX ix_nodes_nfc_id ON nodes (nfc_id)
INFO     sqlalchemy.engine.Engine:base.py:1842 [no key 0.00083s] {}
DEBUG    app.db.session:session.py:30 Query eseguita in 0.01 secondi: CREATE UNIQUE INDEX ix_nodes_nfc_id ON nodes (nfc_id)
INFO     sqlalchemy.engine.Engine:base.py:1842 
CREATE TABLE bookings (
	id SERIAL NOT NULL, 
	room_id INTEGER NOT NULL, 
	user_id INTEGER NOT NULL, 
	start_time TIMESTAMP WITHOUT TIME ZONE NOT NULL, 
	end_time TIMESTAMP WITHOUT TIME ZONE NOT NULL, 
	status VARCHAR NOT NULL, 
	notes VARCHAR, 
	created_at TIMESTAMP WITHOUT TIME ZONE NOT NULL, 
	updated_at TIMESTAMP WITHOUT TIME ZONE NOT NULL, 
	PRIMARY KEY (id), 
	FOREIGN KEY(room_id) REFERENCES rooms (id), 
	FOREIGN KEY(user_id) REFERENCES "user" (id)
)


INFO     sqlalchemy.engine.Engine:base.py:1842 [no key 0.00114s] {}
DEBUG    app.db.session:session.py:30 Query eseguita in 0.03 secondi: 
CREATE TABLE bookings (
	id SERIAL NOT NULL, 
	room_id INTEGER NOT NULL, 
	user_id INTEGER NOT NULL, 
	start_time TIMESTAMP WITHOUT TIME ZONE NOT NULL, 
	end_time TIMESTAMP WITHOUT TIME ZONE NOT NULL, 
	status VARCHAR NOT NULL, 
	notes VARCHAR, 
	created_at TIMESTAMP WITHOUT TIME ZONE NOT NULL, 
	updated_at TIMESTAMP WITHOUT TIME ZONE NOT NULL, 
	PRIMARY KEY (id), 
	FOREIGN KEY(room_id) REFERENCES rooms (id), 
	FOREIGN KEY(user_id) REFERENCES "user" (id)
)


INFO     sqlalchemy.engine.Engine:base.py:1842 
CREATE TABLE documents (
	id SERIAL NOT NULL, 
	created_at TIMESTAMP WITHOUT TIME ZONE NOT NULL, 
	updated_at TIMESTAMP WITHOUT TIME ZONE NOT NULL, 
	owner_id INTEGER NOT NULL, 
	name VARCHAR NOT NULL, 
	type VARCHAR NOT NULL, 
	size INTEGER NOT NULL, 
	upload_date TIMESTAMP WITHOUT TIME ZONE NOT NULL, 
	path VARCHAR NOT NULL, 
	checksum VARCHAR NOT NULL, 
	house_id INTEGER, 
	node_id INTEGER, 
	description VARCHAR, 
	PRIMARY KEY (id), 
	FOREIGN KEY(owner_id) REFERENCES "user" (id), 
	FOREIGN KEY(house_id) REFERENCES houses (id), 
	FOREIGN KEY(node_id) REFERENCES nodes (id)
)


INFO     sqlalchemy.engine.Engine:base.py:1842 [no key 0.00453s] {}
DEBUG    app.db.session:session.py:30 Query eseguita in 0.04 secondi: 
CREATE TABLE documents (
	id SERIAL NOT NULL, 
	created_at TIMESTAMP WITHOUT TIME ZONE NOT NULL, 
	updated_at TIMESTAMP WITHOUT TIME ZONE NOT NULL, 
	owner_id INTEGER NOT NULL, 
	name VARCHAR NOT NULL, 
	type VARCHAR NOT NULL, 
	size INTEGER NOT NULL, 
	upload_date TIMESTAMP WITHOUT TIME ZONE NOT NULL, 
	path VARCHAR NOT NULL, 
	checksum VARCHAR NOT NULL, 
	house_id INTEGER, 
	node_id INTEGER, 
	description VARCHAR, 
	PRIMARY KEY (id), 
	FOREIGN KEY(owner_id) REFERENCES "user" (id), 
	FOREIGN KEY(house_id) REFERENCES houses (id), 
	FOREIGN KEY(node_id) REFERENCES nodes (id)
)


INFO     sqlalchemy.engine.Engine:base.py:1842 CREATE INDEX ix_documents_owner_id ON documents (owner_id)
INFO     sqlalchemy.engine.Engine:base.py:1842 [no key 0.00274s] {}
DEBUG    app.db.session:session.py:30 Query eseguita in 0.01 secondi: CREATE INDEX ix_documents_owner_id ON documents (owner_id)
INFO     sqlalchemy.engine.Engine:base.py:1842 
CREATE TABLE document_versions (
	id SERIAL NOT NULL, 
	version_number INTEGER NOT NULL, 
	file_path VARCHAR NOT NULL, 
	file_size INTEGER NOT NULL, 
	checksum VARCHAR NOT NULL, 
	created_at TIMESTAMP WITHOUT TIME ZONE NOT NULL, 
	updated_at TIMESTAMP WITHOUT TIME ZONE NOT NULL, 
	document_id INTEGER NOT NULL, 
	created_by_id INTEGER, 
	PRIMARY KEY (id), 
	FOREIGN KEY(document_id) REFERENCES documents (id), 
	FOREIGN KEY(created_by_id) REFERENCES "user" (id)
)


INFO     sqlalchemy.engine.Engine:base.py:1842 [no key 0.00322s] {}
DEBUG    app.db.session:session.py:30 Query eseguita in 0.04 secondi: 
CREATE TABLE document_versions (
	id SERIAL NOT NULL, 
	version_number INTEGER NOT NULL, 
	file_path VARCHAR NOT NULL, 
	file_size INTEGER NOT NULL, 
	checksum VARCHAR NOT NULL, 
	created_at TIMESTAMP WITHOUT TIME ZONE NOT NULL, 
	updated_at TIMESTAMP WITHOUT TIME ZONE NOT NULL, 
	document_id INTEGER NOT NULL, 
	created_by_id INTEGER, 
	PRIMARY KEY (id), 
	FOREIGN KEY(document_id) REFERENCES documents (id), 
	FOREIGN KEY(created_by_id) REFERENCES "user" (id)
)


INFO     sqlalchemy.engine.Engine:base.py:1842 CREATE INDEX ix_document_versions_version_number ON document_versions (version_number)
INFO     sqlalchemy.engine.Engine:base.py:1842 [no key 0.00108s] {}
DEBUG    app.db.session:session.py:30 Query eseguita in 0.01 secondi: CREATE INDEX ix_document_versions_version_number ON document_versions (version_number)
INFO     sqlalchemy.engine.Engine:base.py:1842 CREATE INDEX ix_document_versions_created_by_id ON document_versions (created_by_id)
INFO     sqlalchemy.engine.Engine:base.py:1842 [no key 0.00084s] {}
DEBUG    app.db.session:session.py:30 Query eseguita in 0.01 secondi: CREATE INDEX ix_document_versions_created_by_id ON document_versions (created_by_id)
INFO     sqlalchemy.engine.Engine:base.py:1842 CREATE INDEX ix_document_versions_document_id ON document_versions (document_id)
INFO     sqlalchemy.engine.Engine:base.py:1842 [no key 0.00476s] {}
DEBUG    app.db.session:session.py:30 Query eseguita in 0.01 secondi: CREATE INDEX ix_document_versions_document_id ON document_versions (document_id)
INFO     sqlalchemy.engine.Engine:base.py:1842 
CREATE TABLE maintenance_records (
	id SERIAL NOT NULL, 
	node_id INTEGER NOT NULL, 
	timestamp TIMESTAMP WITHOUT TIME ZONE NOT NULL, 
	maintenance_type maintenancetype NOT NULL, 
	description VARCHAR NOT NULL, 
	status maintenancestatus NOT NULL, 
	notes VARCHAR, 
	document_id INTEGER, 
	PRIMARY KEY (id), 
	FOREIGN KEY(node_id) REFERENCES nodes (id), 
	FOREIGN KEY(document_id) REFERENCES documents (id)
)


INFO     sqlalchemy.engine.Engine:base.py:1842 [no key 0.00208s] {}
DEBUG    app.db.session:session.py:30 Query eseguita in 0.06 secondi: 
CREATE TABLE maintenance_records (
	id SERIAL NOT NULL, 
	node_id INTEGER NOT NULL, 
	timestamp TIMESTAMP WITHOUT TIME ZONE NOT NULL, 
	maintenance_type maintenancetype NOT NULL, 
	description VARCHAR NOT NULL, 
	status maintenancestatus NOT NULL, 
	notes VARCHAR, 
	document_id INTEGER, 
	PRIMARY KEY (id), 
	FOREIGN KEY(node_id) REFERENCES nodes (id), 
	FOREIGN KEY(document_id) REFERENCES documents (id)
)


INFO     sqlalchemy.engine.Engine:base.py:1842 CREATE INDEX ix_maintenance_records_node_id ON maintenance_records (node_id)
INFO     sqlalchemy.engine.Engine:base.py:1842 [no key 0.00179s] {}
DEBUG    app.db.session:session.py:30 Query eseguita in 0.01 secondi: CREATE INDEX ix_maintenance_records_node_id ON maintenance_records (node_id)
INFO     sqlalchemy.engine.Engine:base.py:2704 COMMIT
DEBUG    test_users:test_users.py:52 Test database tables created successfully
DEBUG    test_users:test_users.py:55 Test database session created successfully
DEBUG    conftest:conftest.py:269 Overriding get_session for tests...
DEBUG    tests.conftest_redis:conftest_redis.py:18 Setting up FakeRedis for tests...
DEBUG    app.core.redis:redis.py:24 Connessione Redis stabilita con successo
---------------------------- Captured stderr call -----------------------------
DEBUG:asyncio:Using proactor: IocpProactor
INFO:httpx:HTTP Request: POST http://testserver/api/v1/auth/register "HTTP/1.1 422 Unprocessable Entity"
------------------------------ Captured log call ------------------------------
DEBUG    asyncio:proactor_events.py:631 Using proactor: IocpProactor
INFO     httpx:_client.py:1025 HTTP Request: POST http://testserver/api/v1/auth/register "HTTP/1.1 422 Unprocessable Entity"
-------------------------- Captured stdout teardown ---------------------------
2025-06-17 11:29:16,275 INFO sqlalchemy.engine.Engine BEGIN (implicit)
2025-06-17 11:29:16,279 INFO sqlalchemy.engine.Engine DROP SCHEMA public CASCADE
2025-06-17 11:29:16,280 INFO sqlalchemy.engine.Engine [generated in 0.00551s] {}
2025-06-17 11:29:16,380 INFO sqlalchemy.engine.Engine CREATE SCHEMA public
2025-06-17 11:29:16,381 INFO sqlalchemy.engine.Engine [generated in 0.00154s] {}
2025-06-17 11:29:16,390 INFO sqlalchemy.engine.Engine COMMIT
-------------------------- Captured stderr teardown ---------------------------
DEBUG:tests.conftest_redis:Restored original Redis client
DEBUG:conftest:get_session override cleared
DEBUG:test_users:Cleaning up test database session...
INFO:sqlalchemy.engine.Engine:BEGIN (implicit)
INFO:sqlalchemy.engine.Engine:DROP SCHEMA public CASCADE
INFO:sqlalchemy.engine.Engine:[generated in 0.00551s] {}
DEBUG:app.db.session:Query eseguita in 0.10 secondi: DROP SCHEMA public CASCADE
INFO:sqlalchemy.engine.Engine:CREATE SCHEMA public
INFO:sqlalchemy.engine.Engine:[generated in 0.00154s] {}
DEBUG:app.db.session:Query eseguita in 0.01 secondi: CREATE SCHEMA public
INFO:sqlalchemy.engine.Engine:COMMIT
DEBUG:test_users:Test database cleanup completed
DEBUG:test_users:Session fixture completed in 1.58 seconds
---------------------------- Captured log teardown ----------------------------
DEBUG    tests.conftest_redis:conftest_redis.py:29 Restored original Redis client
DEBUG    conftest:conftest.py:275 get_session override cleared
DEBUG    test_users:test_users.py:57 Cleaning up test database session...
INFO     sqlalchemy.engine.Engine:base.py:2698 BEGIN (implicit)
INFO     sqlalchemy.engine.Engine:base.py:1842 DROP SCHEMA public CASCADE
INFO     sqlalchemy.engine.Engine:base.py:1842 [generated in 0.00551s] {}
DEBUG    app.db.session:session.py:30 Query eseguita in 0.10 secondi: DROP SCHEMA public CASCADE
INFO     sqlalchemy.engine.Engine:base.py:1842 CREATE SCHEMA public
INFO     sqlalchemy.engine.Engine:base.py:1842 [generated in 0.00154s] {}
DEBUG    app.db.session:session.py:30 Query eseguita in 0.01 secondi: CREATE SCHEMA public
INFO     sqlalchemy.engine.Engine:base.py:2704 COMMIT
DEBUG    test_users:test_users.py:63 Test database cleanup completed
DEBUG    test_users:test_users.py:68 Session fixture completed in 1.58 seconds
_________________________ test_delete_user_not_found __________________________
tests\api\test_users.py:453: in test_delete_user_not_found
    assert response.status_code == 404
E   assert 405 == 404
E    +  where 405 = <Response [405 Method Not Allowed]>.status_code
---------------------------- Captured stdout setup ----------------------------
2025-06-17 11:29:17,071 INFO sqlalchemy.engine.Engine select pg_catalog.version()
2025-06-17 11:29:17,074 INFO sqlalchemy.engine.Engine [raw sql] {}
2025-06-17 11:29:17,076 INFO sqlalchemy.engine.Engine select current_schema()
2025-06-17 11:29:17,079 INFO sqlalchemy.engine.Engine [raw sql] {}
2025-06-17 11:29:17,083 INFO sqlalchemy.engine.Engine show standard_conforming_strings
2025-06-17 11:29:17,086 INFO sqlalchemy.engine.Engine [raw sql] {}
2025-06-17 11:29:17,090 INFO sqlalchemy.engine.Engine BEGIN (implicit)
2025-06-17 11:29:17,100 INFO sqlalchemy.engine.Engine SELECT pg_catalog.pg_class.relname 
FROM pg_catalog.pg_class JOIN pg_catalog.pg_namespace ON pg_catalog.pg_namespace.oid = pg_catalog.pg_class.relnamespace 
WHERE pg_catalog.pg_class.relname = %(table_name)s AND pg_catalog.pg_class.relkind = ANY (ARRAY[%(param_1)s, %(param_2)s, %(param_3)s, %(param_4)s, %(param_5)s]) AND pg_catalog.pg_table_is_visible(pg_catalog.pg_class.oid) AND pg_catalog.pg_namespace.nspname != %(nspname_1)s
2025-06-17 11:29:17,105 INFO sqlalchemy.engine.Engine [generated in 0.00580s] {'table_name': 'user', 'param_1': 'r', 'param_2': 'p', 'param_3': 'f', 'param_4': 'v', 'param_5': 'm', 'nspname_1': 'pg_catalog'}
2025-06-17 11:29:17,122 INFO sqlalchemy.engine.Engine SELECT pg_catalog.pg_class.relname 
FROM pg_catalog.pg_class JOIN pg_catalog.pg_namespace ON pg_catalog.pg_namespace.oid = pg_catalog.pg_class.relnamespace 
WHERE pg_catalog.pg_class.relname = %(table_name)s AND pg_catalog.pg_class.relkind = ANY (ARRAY[%(param_1)s, %(param_2)s, %(param_3)s, %(param_4)s, %(param_5)s]) AND pg_catalog.pg_table_is_visible(pg_catalog.pg_class.oid) AND pg_catalog.pg_namespace.nspname != %(nspname_1)s
2025-06-17 11:29:17,123 INFO sqlalchemy.engine.Engine [cached since 0.0242s ago] {'table_name': 'documents', 'param_1': 'r', 'param_2': 'p', 'param_3': 'f', 'param_4': 'v', 'param_5': 'm', 'nspname_1': 'pg_catalog'}
2025-06-17 11:29:17,128 INFO sqlalchemy.engine.Engine SELECT pg_catalog.pg_class.relname 
FROM pg_catalog.pg_class JOIN pg_catalog.pg_namespace ON pg_catalog.pg_namespace.oid = pg_catalog.pg_class.relnamespace 
WHERE pg_catalog.pg_class.relname = %(table_name)s AND pg_catalog.pg_class.relkind = ANY (ARRAY[%(param_1)s, %(param_2)s, %(param_3)s, %(param_4)s, %(param_5)s]) AND pg_catalog.pg_table_is_visible(pg_catalog.pg_class.oid) AND pg_catalog.pg_namespace.nspname != %(nspname_1)s
2025-06-17 11:29:17,130 INFO sqlalchemy.engine.Engine [cached since 0.03107s ago] {'table_name': 'document_versions', 'param_1': 'r', 'param_2': 'p', 'param_3': 'f', 'param_4': 'v', 'param_5': 'm', 'nspname_1': 'pg_catalog'}
2025-06-17 11:29:17,139 INFO sqlalchemy.engine.Engine SELECT pg_catalog.pg_class.relname 
FROM pg_catalog.pg_class JOIN pg_catalog.pg_namespace ON pg_catalog.pg_namespace.oid = pg_catalog.pg_class.relnamespace 
WHERE pg_catalog.pg_class.relname = %(table_name)s AND pg_catalog.pg_class.relkind = ANY (ARRAY[%(param_1)s, %(param_2)s, %(param_3)s, %(param_4)s, %(param_5)s]) AND pg_catalog.pg_table_is_visible(pg_catalog.pg_class.oid) AND pg_catalog.pg_namespace.nspname != %(nspname_1)s
2025-06-17 11:29:17,140 INFO sqlalchemy.engine.Engine [cached since 0.04103s ago] {'table_name': 'houses', 'param_1': 'r', 'param_2': 'p', 'param_3': 'f', 'param_4': 'v', 'param_5': 'm', 'nspname_1': 'pg_catalog'}
2025-06-17 11:29:17,146 INFO sqlalchemy.engine.Engine SELECT pg_catalog.pg_class.relname 
FROM pg_catalog.pg_class JOIN pg_catalog.pg_namespace ON pg_catalog.pg_namespace.oid = pg_catalog.pg_class.relnamespace 
WHERE pg_catalog.pg_class.relname = %(table_name)s AND pg_catalog.pg_class.relkind = ANY (ARRAY[%(param_1)s, %(param_2)s, %(param_3)s, %(param_4)s, %(param_5)s]) AND pg_catalog.pg_table_is_visible(pg_catalog.pg_class.oid) AND pg_catalog.pg_namespace.nspname != %(nspname_1)s
2025-06-17 11:29:17,147 INFO sqlalchemy.engine.Engine [cached since 0.04833s ago] {'table_name': 'nodes', 'param_1': 'r', 'param_2': 'p', 'param_3': 'f', 'param_4': 'v', 'param_5': 'm', 'nspname_1': 'pg_catalog'}
2025-06-17 11:29:17,157 INFO sqlalchemy.engine.Engine SELECT pg_catalog.pg_class.relname 
FROM pg_catalog.pg_class JOIN pg_catalog.pg_namespace ON pg_catalog.pg_namespace.oid = pg_catalog.pg_class.relnamespace 
WHERE pg_catalog.pg_class.relname = %(table_name)s AND pg_catalog.pg_class.relkind = ANY (ARRAY[%(param_1)s, %(param_2)s, %(param_3)s, %(param_4)s, %(param_5)s]) AND pg_catalog.pg_table_is_visible(pg_catalog.pg_class.oid) AND pg_catalog.pg_namespace.nspname != %(nspname_1)s
2025-06-17 11:29:17,157 INFO sqlalchemy.engine.Engine [cached since 0.0587s ago] {'table_name': 'rooms', 'param_1': 'r', 'param_2': 'p', 'param_3': 'f', 'param_4': 'v', 'param_5': 'm', 'nspname_1': 'pg_catalog'}
2025-06-17 11:29:17,164 INFO sqlalchemy.engine.Engine SELECT pg_catalog.pg_class.relname 
FROM pg_catalog.pg_class JOIN pg_catalog.pg_namespace ON pg_catalog.pg_namespace.oid = pg_catalog.pg_class.relnamespace 
WHERE pg_catalog.pg_class.relname = %(table_name)s AND pg_catalog.pg_class.relkind = ANY (ARRAY[%(param_1)s, %(param_2)s, %(param_3)s, %(param_4)s, %(param_5)s]) AND pg_catalog.pg_table_is_visible(pg_catalog.pg_class.oid) AND pg_catalog.pg_namespace.nspname != %(nspname_1)s
2025-06-17 11:29:17,166 INFO sqlalchemy.engine.Engine [cached since 0.06749s ago] {'table_name': 'bookings', 'param_1': 'r', 'param_2': 'p', 'param_3': 'f', 'param_4': 'v', 'param_5': 'm', 'nspname_1': 'pg_catalog'}
2025-06-17 11:29:17,174 INFO sqlalchemy.engine.Engine SELECT pg_catalog.pg_class.relname 
FROM pg_catalog.pg_class JOIN pg_catalog.pg_namespace ON pg_catalog.pg_namespace.oid = pg_catalog.pg_class.relnamespace 
WHERE pg_catalog.pg_class.relname = %(table_name)s AND pg_catalog.pg_class.relkind = ANY (ARRAY[%(param_1)s, %(param_2)s, %(param_3)s, %(param_4)s, %(param_5)s]) AND pg_catalog.pg_table_is_visible(pg_catalog.pg_class.oid) AND pg_catalog.pg_namespace.nspname != %(nspname_1)s
2025-06-17 11:29:17,175 INFO sqlalchemy.engine.Engine [cached since 0.07641s ago] {'table_name': 'maintenance_records', 'param_1': 'r', 'param_2': 'p', 'param_3': 'f', 'param_4': 'v', 'param_5': 'm', 'nspname_1': 'pg_catalog'}
2025-06-17 11:29:17,190 INFO sqlalchemy.engine.Engine SELECT pg_catalog.pg_type.typname 
FROM pg_catalog.pg_type JOIN pg_catalog.pg_namespace ON pg_catalog.pg_namespace.oid = pg_catalog.pg_type.typnamespace 
WHERE pg_catalog.pg_type.typname = %(typname_1)s AND pg_catalog.pg_type_is_visible(pg_catalog.pg_type.oid) AND pg_catalog.pg_namespace.nspname != %(nspname_1)s
2025-06-17 11:29:17,191 INFO sqlalchemy.engine.Engine [generated in 0.00105s] {'typname_1': 'maintenancetype', 'nspname_1': 'pg_catalog'}
2025-06-17 11:29:17,199 INFO sqlalchemy.engine.Engine CREATE TYPE maintenancetype AS ENUM ('ROUTINE', 'PREVENTIVE', 'CORRECTIVE', 'EMERGENCY', 'INSPECTION')
2025-06-17 11:29:17,202 INFO sqlalchemy.engine.Engine [no key 0.00360s] {}
2025-06-17 11:29:17,215 INFO sqlalchemy.engine.Engine SELECT pg_catalog.pg_type.typname 
FROM pg_catalog.pg_type JOIN pg_catalog.pg_namespace ON pg_catalog.pg_namespace.oid = pg_catalog.pg_type.typnamespace 
WHERE pg_catalog.pg_type.typname = %(typname_1)s AND pg_catalog.pg_type_is_visible(pg_catalog.pg_type.oid) AND pg_catalog.pg_namespace.nspname != %(nspname_1)s
2025-06-17 11:29:17,217 INFO sqlalchemy.engine.Engine [cached since 0.02685s ago] {'typname_1': 'maintenancestatus', 'nspname_1': 'pg_catalog'}
2025-06-17 11:29:17,225 INFO sqlalchemy.engine.Engine CREATE TYPE maintenancestatus AS ENUM ('PENDING', 'COMPLETED', 'FAILED')
2025-06-17 11:29:17,227 INFO sqlalchemy.engine.Engine [no key 0.00145s] {}
2025-06-17 11:29:17,240 INFO sqlalchemy.engine.Engine 
CREATE TABLE "user" (
	id SERIAL NOT NULL, 
	email VARCHAR NOT NULL, 
	username VARCHAR NOT NULL, 
	hashed_password VARCHAR NOT NULL, 
	is_active BOOLEAN NOT NULL, 
	is_superuser BOOLEAN NOT NULL, 
	is_verified BOOLEAN NOT NULL, 
	created_at TIMESTAMP WITHOUT TIME ZONE NOT NULL, 
	updated_at TIMESTAMP WITHOUT TIME ZONE NOT NULL, 
	last_login TIMESTAMP WITH TIME ZONE, 
	full_name VARCHAR(255), 
	phone_number VARCHAR(20), 
	PRIMARY KEY (id)
)


2025-06-17 11:29:17,241 INFO sqlalchemy.engine.Engine [no key 0.00087s] {}
2025-06-17 11:29:17,289 INFO sqlalchemy.engine.Engine CREATE UNIQUE INDEX ix_user_email ON "user" (email)
2025-06-17 11:29:17,290 INFO sqlalchemy.engine.Engine [no key 0.00069s] {}
2025-06-17 11:29:17,302 INFO sqlalchemy.engine.Engine CREATE UNIQUE INDEX ix_user_username ON "user" (username)
2025-06-17 11:29:17,305 INFO sqlalchemy.engine.Engine [no key 0.00425s] {}
2025-06-17 11:29:17,314 INFO sqlalchemy.engine.Engine 
CREATE TABLE houses (
	id SERIAL NOT NULL, 
	name VARCHAR NOT NULL, 
	address VARCHAR NOT NULL, 
	owner_id INTEGER NOT NULL, 
	created_at TIMESTAMP WITHOUT TIME ZONE NOT NULL, 
	updated_at TIMESTAMP WITHOUT TIME ZONE NOT NULL, 
	PRIMARY KEY (id), 
	FOREIGN KEY(owner_id) REFERENCES "user" (id)
)


2025-06-17 11:29:17,316 INFO sqlalchemy.engine.Engine [no key 0.00141s] {}
2025-06-17 11:29:17,357 INFO sqlalchemy.engine.Engine CREATE INDEX ix_houses_name ON houses (name)
2025-06-17 11:29:17,357 INFO sqlalchemy.engine.Engine [no key 0.00076s] {}
2025-06-17 11:29:17,373 INFO sqlalchemy.engine.Engine 
CREATE TABLE rooms (
	id SERIAL NOT NULL, 
	name VARCHAR NOT NULL, 
	description VARCHAR, 
	floor INTEGER NOT NULL, 
	area FLOAT NOT NULL, 
	house_id INTEGER NOT NULL, 
	created_at TIMESTAMP WITHOUT TIME ZONE NOT NULL, 
	updated_at TIMESTAMP WITHOUT TIME ZONE NOT NULL, 
	PRIMARY KEY (id), 
	FOREIGN KEY(house_id) REFERENCES houses (id)
)


2025-06-17 11:29:17,374 INFO sqlalchemy.engine.Engine [no key 0.00080s] {}
2025-06-17 11:29:17,408 INFO sqlalchemy.engine.Engine CREATE INDEX ix_rooms_name ON rooms (name)
2025-06-17 11:29:17,409 INFO sqlalchemy.engine.Engine [no key 0.00089s] {}
2025-06-17 11:29:17,423 INFO sqlalchemy.engine.Engine 
CREATE TABLE nodes (
	id SERIAL NOT NULL, 
	name VARCHAR NOT NULL, 
	description VARCHAR, 
	nfc_id VARCHAR NOT NULL, 
	house_id INTEGER NOT NULL, 
	room_id INTEGER, 
	PRIMARY KEY (id), 
	FOREIGN KEY(house_id) REFERENCES houses (id), 
	FOREIGN KEY(room_id) REFERENCES rooms (id)
)


2025-06-17 11:29:17,424 INFO sqlalchemy.engine.Engine [no key 0.00089s] {}
2025-06-17 11:29:17,463 INFO sqlalchemy.engine.Engine CREATE UNIQUE INDEX ix_nodes_nfc_id ON nodes (nfc_id)
2025-06-17 11:29:17,465 INFO sqlalchemy.engine.Engine [no key 0.00142s] {}
2025-06-17 11:29:17,480 INFO sqlalchemy.engine.Engine 
CREATE TABLE bookings (
	id SERIAL NOT NULL, 
	room_id INTEGER NOT NULL, 
	user_id INTEGER NOT NULL, 
	start_time TIMESTAMP WITHOUT TIME ZONE NOT NULL, 
	end_time TIMESTAMP WITHOUT TIME ZONE NOT NULL, 
	status VARCHAR NOT NULL, 
	notes VARCHAR, 
	created_at TIMESTAMP WITHOUT TIME ZONE NOT NULL, 
	updated_at TIMESTAMP WITHOUT TIME ZONE NOT NULL, 
	PRIMARY KEY (id), 
	FOREIGN KEY(room_id) REFERENCES rooms (id), 
	FOREIGN KEY(user_id) REFERENCES "user" (id)
)


2025-06-17 11:29:17,481 INFO sqlalchemy.engine.Engine [no key 0.00154s] {}
2025-06-17 11:29:17,525 INFO sqlalchemy.engine.Engine 
CREATE TABLE documents (
	id SERIAL NOT NULL, 
	created_at TIMESTAMP WITHOUT TIME ZONE NOT NULL, 
	updated_at TIMESTAMP WITHOUT TIME ZONE NOT NULL, 
	owner_id INTEGER NOT NULL, 
	name VARCHAR NOT NULL, 
	type VARCHAR NOT NULL, 
	size INTEGER NOT NULL, 
	upload_date TIMESTAMP WITHOUT TIME ZONE NOT NULL, 
	path VARCHAR NOT NULL, 
	checksum VARCHAR NOT NULL, 
	house_id INTEGER, 
	node_id INTEGER, 
	description VARCHAR, 
	PRIMARY KEY (id), 
	FOREIGN KEY(owner_id) REFERENCES "user" (id), 
	FOREIGN KEY(house_id) REFERENCES houses (id), 
	FOREIGN KEY(node_id) REFERENCES nodes (id)
)


2025-06-17 11:29:17,527 INFO sqlalchemy.engine.Engine [no key 0.00142s] {}
2025-06-17 11:29:17,573 INFO sqlalchemy.engine.Engine CREATE INDEX ix_documents_owner_id ON documents (owner_id)
2025-06-17 11:29:17,574 INFO sqlalchemy.engine.Engine [no key 0.00079s] {}
2025-06-17 11:29:17,589 INFO sqlalchemy.engine.Engine 
CREATE TABLE document_versions (
	id SERIAL NOT NULL, 
	version_number INTEGER NOT NULL, 
	file_path VARCHAR NOT NULL, 
	file_size INTEGER NOT NULL, 
	checksum VARCHAR NOT NULL, 
	created_at TIMESTAMP WITHOUT TIME ZONE NOT NULL, 
	updated_at TIMESTAMP WITHOUT TIME ZONE NOT NULL, 
	document_id INTEGER NOT NULL, 
	created_by_id INTEGER, 
	PRIMARY KEY (id), 
	FOREIGN KEY(document_id) REFERENCES documents (id), 
	FOREIGN KEY(created_by_id) REFERENCES "user" (id)
)


2025-06-17 11:29:17,590 INFO sqlalchemy.engine.Engine [no key 0.00098s] {}
2025-06-17 11:29:17,640 INFO sqlalchemy.engine.Engine CREATE INDEX ix_document_versions_version_number ON document_versions (version_number)
2025-06-17 11:29:17,640 INFO sqlalchemy.engine.Engine [no key 0.00092s] {}
2025-06-17 11:29:17,650 INFO sqlalchemy.engine.Engine CREATE INDEX ix_document_versions_created_by_id ON document_versions (created_by_id)
2025-06-17 11:29:17,653 INFO sqlalchemy.engine.Engine [no key 0.00332s] {}
2025-06-17 11:29:17,664 INFO sqlalchemy.engine.Engine CREATE INDEX ix_document_versions_document_id ON document_versions (document_id)
2025-06-17 11:29:17,665 INFO sqlalchemy.engine.Engine [no key 0.00130s] {}
2025-06-17 11:29:17,680 INFO sqlalchemy.engine.Engine 
CREATE TABLE maintenance_records (
	id SERIAL NOT NULL, 
	node_id INTEGER NOT NULL, 
	timestamp TIMESTAMP WITHOUT TIME ZONE NOT NULL, 
	maintenance_type maintenancetype NOT NULL, 
	description VARCHAR NOT NULL, 
	status maintenancestatus NOT NULL, 
	notes VARCHAR, 
	document_id INTEGER, 
	PRIMARY KEY (id), 
	FOREIGN KEY(node_id) REFERENCES nodes (id), 
	FOREIGN KEY(document_id) REFERENCES documents (id)
)


2025-06-17 11:29:17,681 INFO sqlalchemy.engine.Engine [no key 0.00126s] {}
2025-06-17 11:29:17,716 INFO sqlalchemy.engine.Engine CREATE INDEX ix_maintenance_records_node_id ON maintenance_records (node_id)
2025-06-17 11:29:17,719 INFO sqlalchemy.engine.Engine [no key 0.00340s] {}
2025-06-17 11:29:17,730 INFO sqlalchemy.engine.Engine COMMIT
---------------------------- Captured stderr setup ----------------------------
DEBUG:test_users:Setting up test database session...
INFO:sqlalchemy.engine.Engine:select pg_catalog.version()
INFO:sqlalchemy.engine.Engine:[raw sql] {}
INFO:sqlalchemy.engine.Engine:select current_schema()
INFO:sqlalchemy.engine.Engine:[raw sql] {}
INFO:sqlalchemy.engine.Engine:show standard_conforming_strings
INFO:sqlalchemy.engine.Engine:[raw sql] {}
INFO:sqlalchemy.engine.Engine:BEGIN (implicit)
INFO:sqlalchemy.engine.Engine:SELECT pg_catalog.pg_class.relname 
FROM pg_catalog.pg_class JOIN pg_catalog.pg_namespace ON pg_catalog.pg_namespace.oid = pg_catalog.pg_class.relnamespace 
WHERE pg_catalog.pg_class.relname = %(table_name)s AND pg_catalog.pg_class.relkind = ANY (ARRAY[%(param_1)s, %(param_2)s, %(param_3)s, %(param_4)s, %(param_5)s]) AND pg_catalog.pg_table_is_visible(pg_catalog.pg_class.oid) AND pg_catalog.pg_namespace.nspname != %(nspname_1)s
INFO:sqlalchemy.engine.Engine:[generated in 0.00580s] {'table_name': 'user', 'param_1': 'r', 'param_2': 'p', 'param_3': 'f', 'param_4': 'v', 'param_5': 'm', 'nspname_1': 'pg_catalog'}
DEBUG:app.db.session:Query eseguita in 0.02 secondi: SELECT pg_catalog.pg_class.relname 
FROM pg_catalog.pg_class JOIN pg_catalog.pg_namespace ON pg_catalog.pg_namespace.oid = pg_catalog.pg_class.relnamespace 
WHERE pg_catalog.pg_class.relname = %(table_name)s AND pg_catalog.pg_class.relkind = ANY (ARRAY[%(param_1)s, %(param_2)s, %(param_3)s, %(param_4)s, %(param_5)s]) AND pg_catalog.pg_table_is_visible(pg_catalog.pg_class.oid) AND pg_catalog.pg_namespace.nspname != %(nspname_1)s
INFO:sqlalchemy.engine.Engine:SELECT pg_catalog.pg_class.relname 
FROM pg_catalog.pg_class JOIN pg_catalog.pg_namespace ON pg_catalog.pg_namespace.oid = pg_catalog.pg_class.relnamespace 
WHERE pg_catalog.pg_class.relname = %(table_name)s AND pg_catalog.pg_class.relkind = ANY (ARRAY[%(param_1)s, %(param_2)s, %(param_3)s, %(param_4)s, %(param_5)s]) AND pg_catalog.pg_table_is_visible(pg_catalog.pg_class.oid) AND pg_catalog.pg_namespace.nspname != %(nspname_1)s
INFO:sqlalchemy.engine.Engine:[cached since 0.0242s ago] {'table_name': 'documents', 'param_1': 'r', 'param_2': 'p', 'param_3': 'f', 'param_4': 'v', 'param_5': 'm', 'nspname_1': 'pg_catalog'}
DEBUG:app.db.session:Query eseguita in 0.00 secondi: SELECT pg_catalog.pg_class.relname 
FROM pg_catalog.pg_class JOIN pg_catalog.pg_namespace ON pg_catalog.pg_namespace.oid = pg_catalog.pg_class.relnamespace 
WHERE pg_catalog.pg_class.relname = %(table_name)s AND pg_catalog.pg_class.relkind = ANY (ARRAY[%(param_1)s, %(param_2)s, %(param_3)s, %(param_4)s, %(param_5)s]) AND pg_catalog.pg_table_is_visible(pg_catalog.pg_class.oid) AND pg_catalog.pg_namespace.nspname != %(nspname_1)s
INFO:sqlalchemy.engine.Engine:SELECT pg_catalog.pg_class.relname 
FROM pg_catalog.pg_class JOIN pg_catalog.pg_namespace ON pg_catalog.pg_namespace.oid = pg_catalog.pg_class.relnamespace 
WHERE pg_catalog.pg_class.relname = %(table_name)s AND pg_catalog.pg_class.relkind = ANY (ARRAY[%(param_1)s, %(param_2)s, %(param_3)s, %(param_4)s, %(param_5)s]) AND pg_catalog.pg_table_is_visible(pg_catalog.pg_class.oid) AND pg_catalog.pg_namespace.nspname != %(nspname_1)s
INFO:sqlalchemy.engine.Engine:[cached since 0.03107s ago] {'table_name': 'document_versions', 'param_1': 'r', 'param_2': 'p', 'param_3': 'f', 'param_4': 'v', 'param_5': 'm', 'nspname_1': 'pg_catalog'}
DEBUG:app.db.session:Query eseguita in 0.01 secondi: SELECT pg_catalog.pg_class.relname 
FROM pg_catalog.pg_class JOIN pg_catalog.pg_namespace ON pg_catalog.pg_namespace.oid = pg_catalog.pg_class.relnamespace 
WHERE pg_catalog.pg_class.relname = %(table_name)s AND pg_catalog.pg_class.relkind = ANY (ARRAY[%(param_1)s, %(param_2)s, %(param_3)s, %(param_4)s, %(param_5)s]) AND pg_catalog.pg_table_is_visible(pg_catalog.pg_class.oid) AND pg_catalog.pg_namespace.nspname != %(nspname_1)s
INFO:sqlalchemy.engine.Engine:SELECT pg_catalog.pg_class.relname 
FROM pg_catalog.pg_class JOIN pg_catalog.pg_namespace ON pg_catalog.pg_namespace.oid = pg_catalog.pg_class.relnamespace 
WHERE pg_catalog.pg_class.relname = %(table_name)s AND pg_catalog.pg_class.relkind = ANY (ARRAY[%(param_1)s, %(param_2)s, %(param_3)s, %(param_4)s, %(param_5)s]) AND pg_catalog.pg_table_is_visible(pg_catalog.pg_class.oid) AND pg_catalog.pg_namespace.nspname != %(nspname_1)s
INFO:sqlalchemy.engine.Engine:[cached since 0.04103s ago] {'table_name': 'houses', 'param_1': 'r', 'param_2': 'p', 'param_3': 'f', 'param_4': 'v', 'param_5': 'm', 'nspname_1': 'pg_catalog'}
DEBUG:app.db.session:Query eseguita in 0.00 secondi: SELECT pg_catalog.pg_class.relname 
FROM pg_catalog.pg_class JOIN pg_catalog.pg_namespace ON pg_catalog.pg_namespace.oid = pg_catalog.pg_class.relnamespace 
WHERE pg_catalog.pg_class.relname = %(table_name)s AND pg_catalog.pg_class.relkind = ANY (ARRAY[%(param_1)s, %(param_2)s, %(param_3)s, %(param_4)s, %(param_5)s]) AND pg_catalog.pg_table_is_visible(pg_catalog.pg_class.oid) AND pg_catalog.pg_namespace.nspname != %(nspname_1)s
INFO:sqlalchemy.engine.Engine:SELECT pg_catalog.pg_class.relname 
FROM pg_catalog.pg_class JOIN pg_catalog.pg_namespace ON pg_catalog.pg_namespace.oid = pg_catalog.pg_class.relnamespace 
WHERE pg_catalog.pg_class.relname = %(table_name)s AND pg_catalog.pg_class.relkind = ANY (ARRAY[%(param_1)s, %(param_2)s, %(param_3)s, %(param_4)s, %(param_5)s]) AND pg_catalog.pg_table_is_visible(pg_catalog.pg_class.oid) AND pg_catalog.pg_namespace.nspname != %(nspname_1)s
INFO:sqlalchemy.engine.Engine:[cached since 0.04833s ago] {'table_name': 'nodes', 'param_1': 'r', 'param_2': 'p', 'param_3': 'f', 'param_4': 'v', 'param_5': 'm', 'nspname_1': 'pg_catalog'}
DEBUG:app.db.session:Query eseguita in 0.01 secondi: SELECT pg_catalog.pg_class.relname 
FROM pg_catalog.pg_class JOIN pg_catalog.pg_namespace ON pg_catalog.pg_namespace.oid = pg_catalog.pg_class.relnamespace 
WHERE pg_catalog.pg_class.relname = %(table_name)s AND pg_catalog.pg_class.relkind = ANY (ARRAY[%(param_1)s, %(param_2)s, %(param_3)s, %(param_4)s, %(param_5)s]) AND pg_catalog.pg_table_is_visible(pg_catalog.pg_class.oid) AND pg_catalog.pg_namespace.nspname != %(nspname_1)s
INFO:sqlalchemy.engine.Engine:SELECT pg_catalog.pg_class.relname 
FROM pg_catalog.pg_class JOIN pg_catalog.pg_namespace ON pg_catalog.pg_namespace.oid = pg_catalog.pg_class.relnamespace 
WHERE pg_catalog.pg_class.relname = %(table_name)s AND pg_catalog.pg_class.relkind = ANY (ARRAY[%(param_1)s, %(param_2)s, %(param_3)s, %(param_4)s, %(param_5)s]) AND pg_catalog.pg_table_is_visible(pg_catalog.pg_class.oid) AND pg_catalog.pg_namespace.nspname != %(nspname_1)s
INFO:sqlalchemy.engine.Engine:[cached since 0.0587s ago] {'table_name': 'rooms', 'param_1': 'r', 'param_2': 'p', 'param_3': 'f', 'param_4': 'v', 'param_5': 'm', 'nspname_1': 'pg_catalog'}
DEBUG:app.db.session:Query eseguita in 0.01 secondi: SELECT pg_catalog.pg_class.relname 
FROM pg_catalog.pg_class JOIN pg_catalog.pg_namespace ON pg_catalog.pg_namespace.oid = pg_catalog.pg_class.relnamespace 
WHERE pg_catalog.pg_class.relname = %(table_name)s AND pg_catalog.pg_class.relkind = ANY (ARRAY[%(param_1)s, %(param_2)s, %(param_3)s, %(param_4)s, %(param_5)s]) AND pg_catalog.pg_table_is_visible(pg_catalog.pg_class.oid) AND pg_catalog.pg_namespace.nspname != %(nspname_1)s
INFO:sqlalchemy.engine.Engine:SELECT pg_catalog.pg_class.relname 
FROM pg_catalog.pg_class JOIN pg_catalog.pg_namespace ON pg_catalog.pg_namespace.oid = pg_catalog.pg_class.relnamespace 
WHERE pg_catalog.pg_class.relname = %(table_name)s AND pg_catalog.pg_class.relkind = ANY (ARRAY[%(param_1)s, %(param_2)s, %(param_3)s, %(param_4)s, %(param_5)s]) AND pg_catalog.pg_table_is_visible(pg_catalog.pg_class.oid) AND pg_catalog.pg_namespace.nspname != %(nspname_1)s
INFO:sqlalchemy.engine.Engine:[cached since 0.06749s ago] {'table_name': 'bookings', 'param_1': 'r', 'param_2': 'p', 'param_3': 'f', 'param_4': 'v', 'param_5': 'm', 'nspname_1': 'pg_catalog'}
DEBUG:app.db.session:Query eseguita in 0.01 secondi: SELECT pg_catalog.pg_class.relname 
FROM pg_catalog.pg_class JOIN pg_catalog.pg_namespace ON pg_catalog.pg_namespace.oid = pg_catalog.pg_class.relnamespace 
WHERE pg_catalog.pg_class.relname = %(table_name)s AND pg_catalog.pg_class.relkind = ANY (ARRAY[%(param_1)s, %(param_2)s, %(param_3)s, %(param_4)s, %(param_5)s]) AND pg_catalog.pg_table_is_visible(pg_catalog.pg_class.oid) AND pg_catalog.pg_namespace.nspname != %(nspname_1)s
INFO:sqlalchemy.engine.Engine:SELECT pg_catalog.pg_class.relname 
FROM pg_catalog.pg_class JOIN pg_catalog.pg_namespace ON pg_catalog.pg_namespace.oid = pg_catalog.pg_class.relnamespace 
WHERE pg_catalog.pg_class.relname = %(table_name)s AND pg_catalog.pg_class.relkind = ANY (ARRAY[%(param_1)s, %(param_2)s, %(param_3)s, %(param_4)s, %(param_5)s]) AND pg_catalog.pg_table_is_visible(pg_catalog.pg_class.oid) AND pg_catalog.pg_namespace.nspname != %(nspname_1)s
INFO:sqlalchemy.engine.Engine:[cached since 0.07641s ago] {'table_name': 'maintenance_records', 'param_1': 'r', 'param_2': 'p', 'param_3': 'f', 'param_4': 'v', 'param_5': 'm', 'nspname_1': 'pg_catalog'}
DEBUG:app.db.session:Query eseguita in 0.01 secondi: SELECT pg_catalog.pg_class.relname 
FROM pg_catalog.pg_class JOIN pg_catalog.pg_namespace ON pg_catalog.pg_namespace.oid = pg_catalog.pg_class.relnamespace 
WHERE pg_catalog.pg_class.relname = %(table_name)s AND pg_catalog.pg_class.relkind = ANY (ARRAY[%(param_1)s, %(param_2)s, %(param_3)s, %(param_4)s, %(param_5)s]) AND pg_catalog.pg_table_is_visible(pg_catalog.pg_class.oid) AND pg_catalog.pg_namespace.nspname != %(nspname_1)s
INFO:sqlalchemy.engine.Engine:SELECT pg_catalog.pg_type.typname 
FROM pg_catalog.pg_type JOIN pg_catalog.pg_namespace ON pg_catalog.pg_namespace.oid = pg_catalog.pg_type.typnamespace 
WHERE pg_catalog.pg_type.typname = %(typname_1)s AND pg_catalog.pg_type_is_visible(pg_catalog.pg_type.oid) AND pg_catalog.pg_namespace.nspname != %(nspname_1)s
INFO:sqlalchemy.engine.Engine:[generated in 0.00105s] {'typname_1': 'maintenancetype', 'nspname_1': 'pg_catalog'}
DEBUG:app.db.session:Query eseguita in 0.01 secondi: SELECT pg_catalog.pg_type.typname 
FROM pg_catalog.pg_type JOIN pg_catalog.pg_namespace ON pg_catalog.pg_namespace.oid = pg_catalog.pg_type.typnamespace 
WHERE pg_catalog.pg_type.typname = %(typname_1)s AND pg_catalog.pg_type_is_visible(pg_catalog.pg_type.oid) AND pg_catalog.pg_namespace.nspname != %(nspname_1)s
INFO:sqlalchemy.engine.Engine:CREATE TYPE maintenancetype AS ENUM ('ROUTINE', 'PREVENTIVE', 'CORRECTIVE', 'EMERGENCY', 'INSPECTION')
INFO:sqlalchemy.engine.Engine:[no key 0.00360s] {}
DEBUG:app.db.session:Query eseguita in 0.01 secondi: CREATE TYPE maintenancetype AS ENUM ('ROUTINE', 'PREVENTIVE', 'CORRECTIVE', 'EMERGENCY', 'INSPECTION')
INFO:sqlalchemy.engine.Engine:SELECT pg_catalog.pg_type.typname 
FROM pg_catalog.pg_type JOIN pg_catalog.pg_namespace ON pg_catalog.pg_namespace.oid = pg_catalog.pg_type.typnamespace 
WHERE pg_catalog.pg_type.typname = %(typname_1)s AND pg_catalog.pg_type_is_visible(pg_catalog.pg_type.oid) AND pg_catalog.pg_namespace.nspname != %(nspname_1)s
INFO:sqlalchemy.engine.Engine:[cached since 0.02685s ago] {'typname_1': 'maintenancestatus', 'nspname_1': 'pg_catalog'}
DEBUG:app.db.session:Query eseguita in 0.01 secondi: SELECT pg_catalog.pg_type.typname 
FROM pg_catalog.pg_type JOIN pg_catalog.pg_namespace ON pg_catalog.pg_namespace.oid = pg_catalog.pg_type.typnamespace 
WHERE pg_catalog.pg_type.typname = %(typname_1)s AND pg_catalog.pg_type_is_visible(pg_catalog.pg_type.oid) AND pg_catalog.pg_namespace.nspname != %(nspname_1)s
INFO:sqlalchemy.engine.Engine:CREATE TYPE maintenancestatus AS ENUM ('PENDING', 'COMPLETED', 'FAILED')
INFO:sqlalchemy.engine.Engine:[no key 0.00145s] {}
DEBUG:app.db.session:Query eseguita in 0.01 secondi: CREATE TYPE maintenancestatus AS ENUM ('PENDING', 'COMPLETED', 'FAILED')
INFO:sqlalchemy.engine.Engine:
CREATE TABLE "user" (
	id SERIAL NOT NULL, 
	email VARCHAR NOT NULL, 
	username VARCHAR NOT NULL, 
	hashed_password VARCHAR NOT NULL, 
	is_active BOOLEAN NOT NULL, 
	is_superuser BOOLEAN NOT NULL, 
	is_verified BOOLEAN NOT NULL, 
	created_at TIMESTAMP WITHOUT TIME ZONE NOT NULL, 
	updated_at TIMESTAMP WITHOUT TIME ZONE NOT NULL, 
	last_login TIMESTAMP WITH TIME ZONE, 
	full_name VARCHAR(255), 
	phone_number VARCHAR(20), 
	PRIMARY KEY (id)
)


INFO:sqlalchemy.engine.Engine:[no key 0.00087s] {}
DEBUG:app.db.session:Query eseguita in 0.05 secondi: 
CREATE TABLE "user" (
	id SERIAL NOT NULL, 
	email VARCHAR NOT NULL, 
	username VARCHAR NOT NULL, 
	hashed_password VARCHAR NOT NULL, 
	is_active BOOLEAN NOT NULL, 
	is_superuser BOOLEAN NOT NULL, 
	is_verified BOOLEAN NOT NULL, 
	created_at TIMESTAMP WITHOUT TIME ZONE NOT NULL, 
	updated_at TIMESTAMP WITHOUT TIME ZONE NOT NULL, 
	last_login TIMESTAMP WITH TIME ZONE, 
	full_name VARCHAR(255), 
	phone_number VARCHAR(20), 
	PRIMARY KEY (id)
)


INFO:sqlalchemy.engine.Engine:CREATE UNIQUE INDEX ix_user_email ON "user" (email)
INFO:sqlalchemy.engine.Engine:[no key 0.00069s] {}
DEBUG:app.db.session:Query eseguita in 0.01 secondi: CREATE UNIQUE INDEX ix_user_email ON "user" (email)
INFO:sqlalchemy.engine.Engine:CREATE UNIQUE INDEX ix_user_username ON "user" (username)
INFO:sqlalchemy.engine.Engine:[no key 0.00425s] {}
DEBUG:app.db.session:Query eseguita in 0.01 secondi: CREATE UNIQUE INDEX ix_user_username ON "user" (username)
INFO:sqlalchemy.engine.Engine:
CREATE TABLE houses (
	id SERIAL NOT NULL, 
	name VARCHAR NOT NULL, 
	address VARCHAR NOT NULL, 
	owner_id INTEGER NOT NULL, 
	created_at TIMESTAMP WITHOUT TIME ZONE NOT NULL, 
	updated_at TIMESTAMP WITHOUT TIME ZONE NOT NULL, 
	PRIMARY KEY (id), 
	FOREIGN KEY(owner_id) REFERENCES "user" (id)
)


INFO:sqlalchemy.engine.Engine:[no key 0.00141s] {}
DEBUG:app.db.session:Query eseguita in 0.04 secondi: 
CREATE TABLE houses (
	id SERIAL NOT NULL, 
	name VARCHAR NOT NULL, 
	address VARCHAR NOT NULL, 
	owner_id INTEGER NOT NULL, 
	created_at TIMESTAMP WITHOUT TIME ZONE NOT NULL, 
	updated_at TIMESTAMP WITHOUT TIME ZONE NOT NULL, 
	PRIMARY KEY (id), 
	FOREIGN KEY(owner_id) REFERENCES "user" (id)
)


INFO:sqlalchemy.engine.Engine:CREATE INDEX ix_houses_name ON houses (name)
INFO:sqlalchemy.engine.Engine:[no key 0.00076s] {}
DEBUG:app.db.session:Query eseguita in 0.01 secondi: CREATE INDEX ix_houses_name ON houses (name)
INFO:sqlalchemy.engine.Engine:
CREATE TABLE rooms (
	id SERIAL NOT NULL, 
	name VARCHAR NOT NULL, 
	description VARCHAR, 
	floor INTEGER NOT NULL, 
	area FLOAT NOT NULL, 
	house_id INTEGER NOT NULL, 
	created_at TIMESTAMP WITHOUT TIME ZONE NOT NULL, 
	updated_at TIMESTAMP WITHOUT TIME ZONE NOT NULL, 
	PRIMARY KEY (id), 
	FOREIGN KEY(house_id) REFERENCES houses (id)
)


INFO:sqlalchemy.engine.Engine:[no key 0.00080s] {}
DEBUG:app.db.session:Query eseguita in 0.03 secondi: 
CREATE TABLE rooms (
	id SERIAL NOT NULL, 
	name VARCHAR NOT NULL, 
	description VARCHAR, 
	floor INTEGER NOT NULL, 
	area FLOAT NOT NULL, 
	house_id INTEGER NOT NULL, 
	created_at TIMESTAMP WITHOUT TIME ZONE NOT NULL, 
	updated_at TIMESTAMP WITHOUT TIME ZONE NOT NULL, 
	PRIMARY KEY (id), 
	FOREIGN KEY(house_id) REFERENCES houses (id)
)


INFO:sqlalchemy.engine.Engine:CREATE INDEX ix_rooms_name ON rooms (name)
INFO:sqlalchemy.engine.Engine:[no key 0.00089s] {}
DEBUG:app.db.session:Query eseguita in 0.01 secondi: CREATE INDEX ix_rooms_name ON rooms (name)
INFO:sqlalchemy.engine.Engine:
CREATE TABLE nodes (
	id SERIAL NOT NULL, 
	name VARCHAR NOT NULL, 
	description VARCHAR, 
	nfc_id VARCHAR NOT NULL, 
	house_id INTEGER NOT NULL, 
	room_id INTEGER, 
	PRIMARY KEY (id), 
	FOREIGN KEY(house_id) REFERENCES houses (id), 
	FOREIGN KEY(room_id) REFERENCES rooms (id)
)


INFO:sqlalchemy.engine.Engine:[no key 0.00089s] {}
DEBUG:app.db.session:Query eseguita in 0.04 secondi: 
CREATE TABLE nodes (
	id SERIAL NOT NULL, 
	name VARCHAR NOT NULL, 
	description VARCHAR, 
	nfc_id VARCHAR NOT NULL, 
	house_id INTEGER NOT NULL, 
	room_id INTEGER, 
	PRIMARY KEY (id), 
	FOREIGN KEY(house_id) REFERENCES houses (id), 
	FOREIGN KEY(room_id) REFERENCES rooms (id)
)


INFO:sqlalchemy.engine.Engine:CREATE UNIQUE INDEX ix_nodes_nfc_id ON nodes (nfc_id)
INFO:sqlalchemy.engine.Engine:[no key 0.00142s] {}
DEBUG:app.db.session:Query eseguita in 0.01 secondi: CREATE UNIQUE INDEX ix_nodes_nfc_id ON nodes (nfc_id)
INFO:sqlalchemy.engine.Engine:
CREATE TABLE bookings (
	id SERIAL NOT NULL, 
	room_id INTEGER NOT NULL, 
	user_id INTEGER NOT NULL, 
	start_time TIMESTAMP WITHOUT TIME ZONE NOT NULL, 
	end_time TIMESTAMP WITHOUT TIME ZONE NOT NULL, 
	status VARCHAR NOT NULL, 
	notes VARCHAR, 
	created_at TIMESTAMP WITHOUT TIME ZONE NOT NULL, 
	updated_at TIMESTAMP WITHOUT TIME ZONE NOT NULL, 
	PRIMARY KEY (id), 
	FOREIGN KEY(room_id) REFERENCES rooms (id), 
	FOREIGN KEY(user_id) REFERENCES "user" (id)
)


INFO:sqlalchemy.engine.Engine:[no key 0.00154s] {}
DEBUG:app.db.session:Query eseguita in 0.04 secondi: 
CREATE TABLE bookings (
	id SERIAL NOT NULL, 
	room_id INTEGER NOT NULL, 
	user_id INTEGER NOT NULL, 
	start_time TIMESTAMP WITHOUT TIME ZONE NOT NULL, 
	end_time TIMESTAMP WITHOUT TIME ZONE NOT NULL, 
	status VARCHAR NOT NULL, 
	notes VARCHAR, 
	created_at TIMESTAMP WITHOUT TIME ZONE NOT NULL, 
	updated_at TIMESTAMP WITHOUT TIME ZONE NOT NULL, 
	PRIMARY KEY (id), 
	FOREIGN KEY(room_id) REFERENCES rooms (id), 
	FOREIGN KEY(user_id) REFERENCES "user" (id)
)


INFO:sqlalchemy.engine.Engine:
CREATE TABLE documents (
	id SERIAL NOT NULL, 
	created_at TIMESTAMP WITHOUT TIME ZONE NOT NULL, 
	updated_at TIMESTAMP WITHOUT TIME ZONE NOT NULL, 
	owner_id INTEGER NOT NULL, 
	name VARCHAR NOT NULL, 
	type VARCHAR NOT NULL, 
	size INTEGER NOT NULL, 
	upload_date TIMESTAMP WITHOUT TIME ZONE NOT NULL, 
	path VARCHAR NOT NULL, 
	checksum VARCHAR NOT NULL, 
	house_id INTEGER, 
	node_id INTEGER, 
	description VARCHAR, 
	PRIMARY KEY (id), 
	FOREIGN KEY(owner_id) REFERENCES "user" (id), 
	FOREIGN KEY(house_id) REFERENCES houses (id), 
	FOREIGN KEY(node_id) REFERENCES nodes (id)
)


INFO:sqlalchemy.engine.Engine:[no key 0.00142s] {}
DEBUG:app.db.session:Query eseguita in 0.04 secondi: 
CREATE TABLE documents (
	id SERIAL NOT NULL, 
	created_at TIMESTAMP WITHOUT TIME ZONE NOT NULL, 
	updated_at TIMESTAMP WITHOUT TIME ZONE NOT NULL, 
	owner_id INTEGER NOT NULL, 
	name VARCHAR NOT NULL, 
	type VARCHAR NOT NULL, 
	size INTEGER NOT NULL, 
	upload_date TIMESTAMP WITHOUT TIME ZONE NOT NULL, 
	path VARCHAR NOT NULL, 
	checksum VARCHAR NOT NULL, 
	house_id INTEGER, 
	node_id INTEGER, 
	description VARCHAR, 
	PRIMARY KEY (id), 
	FOREIGN KEY(owner_id) REFERENCES "user" (id), 
	FOREIGN KEY(house_id) REFERENCES houses (id), 
	FOREIGN KEY(node_id) REFERENCES nodes (id)
)


INFO:sqlalchemy.engine.Engine:CREATE INDEX ix_documents_owner_id ON documents (owner_id)
INFO:sqlalchemy.engine.Engine:[no key 0.00079s] {}
DEBUG:app.db.session:Query eseguita in 0.01 secondi: CREATE INDEX ix_documents_owner_id ON documents (owner_id)
INFO:sqlalchemy.engine.Engine:
CREATE TABLE document_versions (
	id SERIAL NOT NULL, 
	version_number INTEGER NOT NULL, 
	file_path VARCHAR NOT NULL, 
	file_size INTEGER NOT NULL, 
	checksum VARCHAR NOT NULL, 
	created_at TIMESTAMP WITHOUT TIME ZONE NOT NULL, 
	updated_at TIMESTAMP WITHOUT TIME ZONE NOT NULL, 
	document_id INTEGER NOT NULL, 
	created_by_id INTEGER, 
	PRIMARY KEY (id), 
	FOREIGN KEY(document_id) REFERENCES documents (id), 
	FOREIGN KEY(created_by_id) REFERENCES "user" (id)
)


INFO:sqlalchemy.engine.Engine:[no key 0.00098s] {}
DEBUG:app.db.session:Query eseguita in 0.04 secondi: 
CREATE TABLE document_versions (
	id SERIAL NOT NULL, 
	version_number INTEGER NOT NULL, 
	file_path VARCHAR NOT NULL, 
	file_size INTEGER NOT NULL, 
	checksum VARCHAR NOT NULL, 
	created_at TIMESTAMP WITHOUT TIME ZONE NOT NULL, 
	updated_at TIMESTAMP WITHOUT TIME ZONE NOT NULL, 
	document_id INTEGER NOT NULL, 
	created_by_id INTEGER, 
	PRIMARY KEY (id), 
	FOREIGN KEY(document_id) REFERENCES documents (id), 
	FOREIGN KEY(created_by_id) REFERENCES "user" (id)
)


INFO:sqlalchemy.engine.Engine:CREATE INDEX ix_document_versions_version_number ON document_versions (version_number)
INFO:sqlalchemy.engine.Engine:[no key 0.00092s] {}
DEBUG:app.db.session:Query eseguita in 0.01 secondi: CREATE INDEX ix_document_versions_version_number ON document_versions (version_number)
INFO:sqlalchemy.engine.Engine:CREATE INDEX ix_document_versions_created_by_id ON document_versions (created_by_id)
INFO:sqlalchemy.engine.Engine:[no key 0.00332s] {}
DEBUG:app.db.session:Query eseguita in 0.01 secondi: CREATE INDEX ix_document_versions_created_by_id ON document_versions (created_by_id)
INFO:sqlalchemy.engine.Engine:CREATE INDEX ix_document_versions_document_id ON document_versions (document_id)
INFO:sqlalchemy.engine.Engine:[no key 0.00130s] {}
DEBUG:app.db.session:Query eseguita in 0.01 secondi: CREATE INDEX ix_document_versions_document_id ON document_versions (document_id)
INFO:sqlalchemy.engine.Engine:
CREATE TABLE maintenance_records (
	id SERIAL NOT NULL, 
	node_id INTEGER NOT NULL, 
	timestamp TIMESTAMP WITHOUT TIME ZONE NOT NULL, 
	maintenance_type maintenancetype NOT NULL, 
	description VARCHAR NOT NULL, 
	status maintenancestatus NOT NULL, 
	notes VARCHAR, 
	document_id INTEGER, 
	PRIMARY KEY (id), 
	FOREIGN KEY(node_id) REFERENCES nodes (id), 
	FOREIGN KEY(document_id) REFERENCES documents (id)
)


INFO:sqlalchemy.engine.Engine:[no key 0.00126s] {}
DEBUG:app.db.session:Query eseguita in 0.03 secondi: 
CREATE TABLE maintenance_records (
	id SERIAL NOT NULL, 
	node_id INTEGER NOT NULL, 
	timestamp TIMESTAMP WITHOUT TIME ZONE NOT NULL, 
	maintenance_type maintenancetype NOT NULL, 
	description VARCHAR NOT NULL, 
	status maintenancestatus NOT NULL, 
	notes VARCHAR, 
	document_id INTEGER, 
	PRIMARY KEY (id), 
	FOREIGN KEY(node_id) REFERENCES nodes (id), 
	FOREIGN KEY(document_id) REFERENCES documents (id)
)


INFO:sqlalchemy.engine.Engine:CREATE INDEX ix_maintenance_records_node_id ON maintenance_records (node_id)
INFO:sqlalchemy.engine.Engine:[no key 0.00340s] {}
DEBUG:app.db.session:Query eseguita in 0.01 secondi: CREATE INDEX ix_maintenance_records_node_id ON maintenance_records (node_id)
INFO:sqlalchemy.engine.Engine:COMMIT
DEBUG:test_users:Test database tables created successfully
DEBUG:test_users:Test database session created successfully
DEBUG:conftest:Overriding get_session for tests...
DEBUG:tests.conftest_redis:Setting up FakeRedis for tests...
DEBUG:app.core.redis:Connessione Redis stabilita con successo
----------------------------- Captured log setup ------------------------------
DEBUG    test_users:test_users.py:38 Setting up test database session...
INFO     sqlalchemy.engine.Engine:base.py:1842 select pg_catalog.version()
INFO     sqlalchemy.engine.Engine:base.py:1842 [raw sql] {}
INFO     sqlalchemy.engine.Engine:base.py:1842 select current_schema()
INFO     sqlalchemy.engine.Engine:base.py:1842 [raw sql] {}
INFO     sqlalchemy.engine.Engine:base.py:1842 show standard_conforming_strings
INFO     sqlalchemy.engine.Engine:base.py:1842 [raw sql] {}
INFO     sqlalchemy.engine.Engine:base.py:2698 BEGIN (implicit)
INFO     sqlalchemy.engine.Engine:base.py:1842 SELECT pg_catalog.pg_class.relname 
FROM pg_catalog.pg_class JOIN pg_catalog.pg_namespace ON pg_catalog.pg_namespace.oid = pg_catalog.pg_class.relnamespace 
WHERE pg_catalog.pg_class.relname = %(table_name)s AND pg_catalog.pg_class.relkind = ANY (ARRAY[%(param_1)s, %(param_2)s, %(param_3)s, %(param_4)s, %(param_5)s]) AND pg_catalog.pg_table_is_visible(pg_catalog.pg_class.oid) AND pg_catalog.pg_namespace.nspname != %(nspname_1)s
INFO     sqlalchemy.engine.Engine:base.py:1842 [generated in 0.00580s] {'table_name': 'user', 'param_1': 'r', 'param_2': 'p', 'param_3': 'f', 'param_4': 'v', 'param_5': 'm', 'nspname_1': 'pg_catalog'}
DEBUG    app.db.session:session.py:30 Query eseguita in 0.02 secondi: SELECT pg_catalog.pg_class.relname 
FROM pg_catalog.pg_class JOIN pg_catalog.pg_namespace ON pg_catalog.pg_namespace.oid = pg_catalog.pg_class.relnamespace 
WHERE pg_catalog.pg_class.relname = %(table_name)s AND pg_catalog.pg_class.relkind = ANY (ARRAY[%(param_1)s, %(param_2)s, %(param_3)s, %(param_4)s, %(param_5)s]) AND pg_catalog.pg_table_is_visible(pg_catalog.pg_class.oid) AND pg_catalog.pg_namespace.nspname != %(nspname_1)s
INFO     sqlalchemy.engine.Engine:base.py:1842 SELECT pg_catalog.pg_class.relname 
FROM pg_catalog.pg_class JOIN pg_catalog.pg_namespace ON pg_catalog.pg_namespace.oid = pg_catalog.pg_class.relnamespace 
WHERE pg_catalog.pg_class.relname = %(table_name)s AND pg_catalog.pg_class.relkind = ANY (ARRAY[%(param_1)s, %(param_2)s, %(param_3)s, %(param_4)s, %(param_5)s]) AND pg_catalog.pg_table_is_visible(pg_catalog.pg_class.oid) AND pg_catalog.pg_namespace.nspname != %(nspname_1)s
INFO     sqlalchemy.engine.Engine:base.py:1842 [cached since 0.0242s ago] {'table_name': 'documents', 'param_1': 'r', 'param_2': 'p', 'param_3': 'f', 'param_4': 'v', 'param_5': 'm', 'nspname_1': 'pg_catalog'}
DEBUG    app.db.session:session.py:30 Query eseguita in 0.00 secondi: SELECT pg_catalog.pg_class.relname 
FROM pg_catalog.pg_class JOIN pg_catalog.pg_namespace ON pg_catalog.pg_namespace.oid = pg_catalog.pg_class.relnamespace 
WHERE pg_catalog.pg_class.relname = %(table_name)s AND pg_catalog.pg_class.relkind = ANY (ARRAY[%(param_1)s, %(param_2)s, %(param_3)s, %(param_4)s, %(param_5)s]) AND pg_catalog.pg_table_is_visible(pg_catalog.pg_class.oid) AND pg_catalog.pg_namespace.nspname != %(nspname_1)s
INFO     sqlalchemy.engine.Engine:base.py:1842 SELECT pg_catalog.pg_class.relname 
FROM pg_catalog.pg_class JOIN pg_catalog.pg_namespace ON pg_catalog.pg_namespace.oid = pg_catalog.pg_class.relnamespace 
WHERE pg_catalog.pg_class.relname = %(table_name)s AND pg_catalog.pg_class.relkind = ANY (ARRAY[%(param_1)s, %(param_2)s, %(param_3)s, %(param_4)s, %(param_5)s]) AND pg_catalog.pg_table_is_visible(pg_catalog.pg_class.oid) AND pg_catalog.pg_namespace.nspname != %(nspname_1)s
INFO     sqlalchemy.engine.Engine:base.py:1842 [cached since 0.03107s ago] {'table_name': 'document_versions', 'param_1': 'r', 'param_2': 'p', 'param_3': 'f', 'param_4': 'v', 'param_5': 'm', 'nspname_1': 'pg_catalog'}
DEBUG    app.db.session:session.py:30 Query eseguita in 0.01 secondi: SELECT pg_catalog.pg_class.relname 
FROM pg_catalog.pg_class JOIN pg_catalog.pg_namespace ON pg_catalog.pg_namespace.oid = pg_catalog.pg_class.relnamespace 
WHERE pg_catalog.pg_class.relname = %(table_name)s AND pg_catalog.pg_class.relkind = ANY (ARRAY[%(param_1)s, %(param_2)s, %(param_3)s, %(param_4)s, %(param_5)s]) AND pg_catalog.pg_table_is_visible(pg_catalog.pg_class.oid) AND pg_catalog.pg_namespace.nspname != %(nspname_1)s
INFO     sqlalchemy.engine.Engine:base.py:1842 SELECT pg_catalog.pg_class.relname 
FROM pg_catalog.pg_class JOIN pg_catalog.pg_namespace ON pg_catalog.pg_namespace.oid = pg_catalog.pg_class.relnamespace 
WHERE pg_catalog.pg_class.relname = %(table_name)s AND pg_catalog.pg_class.relkind = ANY (ARRAY[%(param_1)s, %(param_2)s, %(param_3)s, %(param_4)s, %(param_5)s]) AND pg_catalog.pg_table_is_visible(pg_catalog.pg_class.oid) AND pg_catalog.pg_namespace.nspname != %(nspname_1)s
INFO     sqlalchemy.engine.Engine:base.py:1842 [cached since 0.04103s ago] {'table_name': 'houses', 'param_1': 'r', 'param_2': 'p', 'param_3': 'f', 'param_4': 'v', 'param_5': 'm', 'nspname_1': 'pg_catalog'}
DEBUG    app.db.session:session.py:30 Query eseguita in 0.00 secondi: SELECT pg_catalog.pg_class.relname 
FROM pg_catalog.pg_class JOIN pg_catalog.pg_namespace ON pg_catalog.pg_namespace.oid = pg_catalog.pg_class.relnamespace 
WHERE pg_catalog.pg_class.relname = %(table_name)s AND pg_catalog.pg_class.relkind = ANY (ARRAY[%(param_1)s, %(param_2)s, %(param_3)s, %(param_4)s, %(param_5)s]) AND pg_catalog.pg_table_is_visible(pg_catalog.pg_class.oid) AND pg_catalog.pg_namespace.nspname != %(nspname_1)s
INFO     sqlalchemy.engine.Engine:base.py:1842 SELECT pg_catalog.pg_class.relname 
FROM pg_catalog.pg_class JOIN pg_catalog.pg_namespace ON pg_catalog.pg_namespace.oid = pg_catalog.pg_class.relnamespace 
WHERE pg_catalog.pg_class.relname = %(table_name)s AND pg_catalog.pg_class.relkind = ANY (ARRAY[%(param_1)s, %(param_2)s, %(param_3)s, %(param_4)s, %(param_5)s]) AND pg_catalog.pg_table_is_visible(pg_catalog.pg_class.oid) AND pg_catalog.pg_namespace.nspname != %(nspname_1)s
INFO     sqlalchemy.engine.Engine:base.py:1842 [cached since 0.04833s ago] {'table_name': 'nodes', 'param_1': 'r', 'param_2': 'p', 'param_3': 'f', 'param_4': 'v', 'param_5': 'm', 'nspname_1': 'pg_catalog'}
DEBUG    app.db.session:session.py:30 Query eseguita in 0.01 secondi: SELECT pg_catalog.pg_class.relname 
FROM pg_catalog.pg_class JOIN pg_catalog.pg_namespace ON pg_catalog.pg_namespace.oid = pg_catalog.pg_class.relnamespace 
WHERE pg_catalog.pg_class.relname = %(table_name)s AND pg_catalog.pg_class.relkind = ANY (ARRAY[%(param_1)s, %(param_2)s, %(param_3)s, %(param_4)s, %(param_5)s]) AND pg_catalog.pg_table_is_visible(pg_catalog.pg_class.oid) AND pg_catalog.pg_namespace.nspname != %(nspname_1)s
INFO     sqlalchemy.engine.Engine:base.py:1842 SELECT pg_catalog.pg_class.relname 
FROM pg_catalog.pg_class JOIN pg_catalog.pg_namespace ON pg_catalog.pg_namespace.oid = pg_catalog.pg_class.relnamespace 
WHERE pg_catalog.pg_class.relname = %(table_name)s AND pg_catalog.pg_class.relkind = ANY (ARRAY[%(param_1)s, %(param_2)s, %(param_3)s, %(param_4)s, %(param_5)s]) AND pg_catalog.pg_table_is_visible(pg_catalog.pg_class.oid) AND pg_catalog.pg_namespace.nspname != %(nspname_1)s
INFO     sqlalchemy.engine.Engine:base.py:1842 [cached since 0.0587s ago] {'table_name': 'rooms', 'param_1': 'r', 'param_2': 'p', 'param_3': 'f', 'param_4': 'v', 'param_5': 'm', 'nspname_1': 'pg_catalog'}
DEBUG    app.db.session:session.py:30 Query eseguita in 0.01 secondi: SELECT pg_catalog.pg_class.relname 
FROM pg_catalog.pg_class JOIN pg_catalog.pg_namespace ON pg_catalog.pg_namespace.oid = pg_catalog.pg_class.relnamespace 
WHERE pg_catalog.pg_class.relname = %(table_name)s AND pg_catalog.pg_class.relkind = ANY (ARRAY[%(param_1)s, %(param_2)s, %(param_3)s, %(param_4)s, %(param_5)s]) AND pg_catalog.pg_table_is_visible(pg_catalog.pg_class.oid) AND pg_catalog.pg_namespace.nspname != %(nspname_1)s
INFO     sqlalchemy.engine.Engine:base.py:1842 SELECT pg_catalog.pg_class.relname 
FROM pg_catalog.pg_class JOIN pg_catalog.pg_namespace ON pg_catalog.pg_namespace.oid = pg_catalog.pg_class.relnamespace 
WHERE pg_catalog.pg_class.relname = %(table_name)s AND pg_catalog.pg_class.relkind = ANY (ARRAY[%(param_1)s, %(param_2)s, %(param_3)s, %(param_4)s, %(param_5)s]) AND pg_catalog.pg_table_is_visible(pg_catalog.pg_class.oid) AND pg_catalog.pg_namespace.nspname != %(nspname_1)s
INFO     sqlalchemy.engine.Engine:base.py:1842 [cached since 0.06749s ago] {'table_name': 'bookings', 'param_1': 'r', 'param_2': 'p', 'param_3': 'f', 'param_4': 'v', 'param_5': 'm', 'nspname_1': 'pg_catalog'}
DEBUG    app.db.session:session.py:30 Query eseguita in 0.01 secondi: SELECT pg_catalog.pg_class.relname 
FROM pg_catalog.pg_class JOIN pg_catalog.pg_namespace ON pg_catalog.pg_namespace.oid = pg_catalog.pg_class.relnamespace 
WHERE pg_catalog.pg_class.relname = %(table_name)s AND pg_catalog.pg_class.relkind = ANY (ARRAY[%(param_1)s, %(param_2)s, %(param_3)s, %(param_4)s, %(param_5)s]) AND pg_catalog.pg_table_is_visible(pg_catalog.pg_class.oid) AND pg_catalog.pg_namespace.nspname != %(nspname_1)s
INFO     sqlalchemy.engine.Engine:base.py:1842 SELECT pg_catalog.pg_class.relname 
FROM pg_catalog.pg_class JOIN pg_catalog.pg_namespace ON pg_catalog.pg_namespace.oid = pg_catalog.pg_class.relnamespace 
WHERE pg_catalog.pg_class.relname = %(table_name)s AND pg_catalog.pg_class.relkind = ANY (ARRAY[%(param_1)s, %(param_2)s, %(param_3)s, %(param_4)s, %(param_5)s]) AND pg_catalog.pg_table_is_visible(pg_catalog.pg_class.oid) AND pg_catalog.pg_namespace.nspname != %(nspname_1)s
INFO     sqlalchemy.engine.Engine:base.py:1842 [cached since 0.07641s ago] {'table_name': 'maintenance_records', 'param_1': 'r', 'param_2': 'p', 'param_3': 'f', 'param_4': 'v', 'param_5': 'm', 'nspname_1': 'pg_catalog'}
DEBUG    app.db.session:session.py:30 Query eseguita in 0.01 secondi: SELECT pg_catalog.pg_class.relname 
FROM pg_catalog.pg_class JOIN pg_catalog.pg_namespace ON pg_catalog.pg_namespace.oid = pg_catalog.pg_class.relnamespace 
WHERE pg_catalog.pg_class.relname = %(table_name)s AND pg_catalog.pg_class.relkind = ANY (ARRAY[%(param_1)s, %(param_2)s, %(param_3)s, %(param_4)s, %(param_5)s]) AND pg_catalog.pg_table_is_visible(pg_catalog.pg_class.oid) AND pg_catalog.pg_namespace.nspname != %(nspname_1)s
INFO     sqlalchemy.engine.Engine:base.py:1842 SELECT pg_catalog.pg_type.typname 
FROM pg_catalog.pg_type JOIN pg_catalog.pg_namespace ON pg_catalog.pg_namespace.oid = pg_catalog.pg_type.typnamespace 
WHERE pg_catalog.pg_type.typname = %(typname_1)s AND pg_catalog.pg_type_is_visible(pg_catalog.pg_type.oid) AND pg_catalog.pg_namespace.nspname != %(nspname_1)s
INFO     sqlalchemy.engine.Engine:base.py:1842 [generated in 0.00105s] {'typname_1': 'maintenancetype', 'nspname_1': 'pg_catalog'}
DEBUG    app.db.session:session.py:30 Query eseguita in 0.01 secondi: SELECT pg_catalog.pg_type.typname 
FROM pg_catalog.pg_type JOIN pg_catalog.pg_namespace ON pg_catalog.pg_namespace.oid = pg_catalog.pg_type.typnamespace 
WHERE pg_catalog.pg_type.typname = %(typname_1)s AND pg_catalog.pg_type_is_visible(pg_catalog.pg_type.oid) AND pg_catalog.pg_namespace.nspname != %(nspname_1)s
INFO     sqlalchemy.engine.Engine:base.py:1842 CREATE TYPE maintenancetype AS ENUM ('ROUTINE', 'PREVENTIVE', 'CORRECTIVE', 'EMERGENCY', 'INSPECTION')
INFO     sqlalchemy.engine.Engine:base.py:1842 [no key 0.00360s] {}
DEBUG    app.db.session:session.py:30 Query eseguita in 0.01 secondi: CREATE TYPE maintenancetype AS ENUM ('ROUTINE', 'PREVENTIVE', 'CORRECTIVE', 'EMERGENCY', 'INSPECTION')
INFO     sqlalchemy.engine.Engine:base.py:1842 SELECT pg_catalog.pg_type.typname 
FROM pg_catalog.pg_type JOIN pg_catalog.pg_namespace ON pg_catalog.pg_namespace.oid = pg_catalog.pg_type.typnamespace 
WHERE pg_catalog.pg_type.typname = %(typname_1)s AND pg_catalog.pg_type_is_visible(pg_catalog.pg_type.oid) AND pg_catalog.pg_namespace.nspname != %(nspname_1)s
INFO     sqlalchemy.engine.Engine:base.py:1842 [cached since 0.02685s ago] {'typname_1': 'maintenancestatus', 'nspname_1': 'pg_catalog'}
DEBUG    app.db.session:session.py:30 Query eseguita in 0.01 secondi: SELECT pg_catalog.pg_type.typname 
FROM pg_catalog.pg_type JOIN pg_catalog.pg_namespace ON pg_catalog.pg_namespace.oid = pg_catalog.pg_type.typnamespace 
WHERE pg_catalog.pg_type.typname = %(typname_1)s AND pg_catalog.pg_type_is_visible(pg_catalog.pg_type.oid) AND pg_catalog.pg_namespace.nspname != %(nspname_1)s
INFO     sqlalchemy.engine.Engine:base.py:1842 CREATE TYPE maintenancestatus AS ENUM ('PENDING', 'COMPLETED', 'FAILED')
INFO     sqlalchemy.engine.Engine:base.py:1842 [no key 0.00145s] {}
DEBUG    app.db.session:session.py:30 Query eseguita in 0.01 secondi: CREATE TYPE maintenancestatus AS ENUM ('PENDING', 'COMPLETED', 'FAILED')
INFO     sqlalchemy.engine.Engine:base.py:1842 
CREATE TABLE "user" (
	id SERIAL NOT NULL, 
	email VARCHAR NOT NULL, 
	username VARCHAR NOT NULL, 
	hashed_password VARCHAR NOT NULL, 
	is_active BOOLEAN NOT NULL, 
	is_superuser BOOLEAN NOT NULL, 
	is_verified BOOLEAN NOT NULL, 
	created_at TIMESTAMP WITHOUT TIME ZONE NOT NULL, 
	updated_at TIMESTAMP WITHOUT TIME ZONE NOT NULL, 
	last_login TIMESTAMP WITH TIME ZONE, 
	full_name VARCHAR(255), 
	phone_number VARCHAR(20), 
	PRIMARY KEY (id)
)


INFO     sqlalchemy.engine.Engine:base.py:1842 [no key 0.00087s] {}
DEBUG    app.db.session:session.py:30 Query eseguita in 0.05 secondi: 
CREATE TABLE "user" (
	id SERIAL NOT NULL, 
	email VARCHAR NOT NULL, 
	username VARCHAR NOT NULL, 
	hashed_password VARCHAR NOT NULL, 
	is_active BOOLEAN NOT NULL, 
	is_superuser BOOLEAN NOT NULL, 
	is_verified BOOLEAN NOT NULL, 
	created_at TIMESTAMP WITHOUT TIME ZONE NOT NULL, 
	updated_at TIMESTAMP WITHOUT TIME ZONE NOT NULL, 
	last_login TIMESTAMP WITH TIME ZONE, 
	full_name VARCHAR(255), 
	phone_number VARCHAR(20), 
	PRIMARY KEY (id)
)


INFO     sqlalchemy.engine.Engine:base.py:1842 CREATE UNIQUE INDEX ix_user_email ON "user" (email)
INFO     sqlalchemy.engine.Engine:base.py:1842 [no key 0.00069s] {}
DEBUG    app.db.session:session.py:30 Query eseguita in 0.01 secondi: CREATE UNIQUE INDEX ix_user_email ON "user" (email)
INFO     sqlalchemy.engine.Engine:base.py:1842 CREATE UNIQUE INDEX ix_user_username ON "user" (username)
INFO     sqlalchemy.engine.Engine:base.py:1842 [no key 0.00425s] {}
DEBUG    app.db.session:session.py:30 Query eseguita in 0.01 secondi: CREATE UNIQUE INDEX ix_user_username ON "user" (username)
INFO     sqlalchemy.engine.Engine:base.py:1842 
CREATE TABLE houses (
	id SERIAL NOT NULL, 
	name VARCHAR NOT NULL, 
	address VARCHAR NOT NULL, 
	owner_id INTEGER NOT NULL, 
	created_at TIMESTAMP WITHOUT TIME ZONE NOT NULL, 
	updated_at TIMESTAMP WITHOUT TIME ZONE NOT NULL, 
	PRIMARY KEY (id), 
	FOREIGN KEY(owner_id) REFERENCES "user" (id)
)


INFO     sqlalchemy.engine.Engine:base.py:1842 [no key 0.00141s] {}
DEBUG    app.db.session:session.py:30 Query eseguita in 0.04 secondi: 
CREATE TABLE houses (
	id SERIAL NOT NULL, 
	name VARCHAR NOT NULL, 
	address VARCHAR NOT NULL, 
	owner_id INTEGER NOT NULL, 
	created_at TIMESTAMP WITHOUT TIME ZONE NOT NULL, 
	updated_at TIMESTAMP WITHOUT TIME ZONE NOT NULL, 
	PRIMARY KEY (id), 
	FOREIGN KEY(owner_id) REFERENCES "user" (id)
)


INFO     sqlalchemy.engine.Engine:base.py:1842 CREATE INDEX ix_houses_name ON houses (name)
INFO     sqlalchemy.engine.Engine:base.py:1842 [no key 0.00076s] {}
DEBUG    app.db.session:session.py:30 Query eseguita in 0.01 secondi: CREATE INDEX ix_houses_name ON houses (name)
INFO     sqlalchemy.engine.Engine:base.py:1842 
CREATE TABLE rooms (
	id SERIAL NOT NULL, 
	name VARCHAR NOT NULL, 
	description VARCHAR, 
	floor INTEGER NOT NULL, 
	area FLOAT NOT NULL, 
	house_id INTEGER NOT NULL, 
	created_at TIMESTAMP WITHOUT TIME ZONE NOT NULL, 
	updated_at TIMESTAMP WITHOUT TIME ZONE NOT NULL, 
	PRIMARY KEY (id), 
	FOREIGN KEY(house_id) REFERENCES houses (id)
)


INFO     sqlalchemy.engine.Engine:base.py:1842 [no key 0.00080s] {}
DEBUG    app.db.session:session.py:30 Query eseguita in 0.03 secondi: 
CREATE TABLE rooms (
	id SERIAL NOT NULL, 
	name VARCHAR NOT NULL, 
	description VARCHAR, 
	floor INTEGER NOT NULL, 
	area FLOAT NOT NULL, 
	house_id INTEGER NOT NULL, 
	created_at TIMESTAMP WITHOUT TIME ZONE NOT NULL, 
	updated_at TIMESTAMP WITHOUT TIME ZONE NOT NULL, 
	PRIMARY KEY (id), 
	FOREIGN KEY(house_id) REFERENCES houses (id)
)


INFO     sqlalchemy.engine.Engine:base.py:1842 CREATE INDEX ix_rooms_name ON rooms (name)
INFO     sqlalchemy.engine.Engine:base.py:1842 [no key 0.00089s] {}
DEBUG    app.db.session:session.py:30 Query eseguita in 0.01 secondi: CREATE INDEX ix_rooms_name ON rooms (name)
INFO     sqlalchemy.engine.Engine:base.py:1842 
CREATE TABLE nodes (
	id SERIAL NOT NULL, 
	name VARCHAR NOT NULL, 
	description VARCHAR, 
	nfc_id VARCHAR NOT NULL, 
	house_id INTEGER NOT NULL, 
	room_id INTEGER, 
	PRIMARY KEY (id), 
	FOREIGN KEY(house_id) REFERENCES houses (id), 
	FOREIGN KEY(room_id) REFERENCES rooms (id)
)


INFO     sqlalchemy.engine.Engine:base.py:1842 [no key 0.00089s] {}
DEBUG    app.db.session:session.py:30 Query eseguita in 0.04 secondi: 
CREATE TABLE nodes (
	id SERIAL NOT NULL, 
	name VARCHAR NOT NULL, 
	description VARCHAR, 
	nfc_id VARCHAR NOT NULL, 
	house_id INTEGER NOT NULL, 
	room_id INTEGER, 
	PRIMARY KEY (id), 
	FOREIGN KEY(house_id) REFERENCES houses (id), 
	FOREIGN KEY(room_id) REFERENCES rooms (id)
)


INFO     sqlalchemy.engine.Engine:base.py:1842 CREATE UNIQUE INDEX ix_nodes_nfc_id ON nodes (nfc_id)
INFO     sqlalchemy.engine.Engine:base.py:1842 [no key 0.00142s] {}
DEBUG    app.db.session:session.py:30 Query eseguita in 0.01 secondi: CREATE UNIQUE INDEX ix_nodes_nfc_id ON nodes (nfc_id)
INFO     sqlalchemy.engine.Engine:base.py:1842 
CREATE TABLE bookings (
	id SERIAL NOT NULL, 
	room_id INTEGER NOT NULL, 
	user_id INTEGER NOT NULL, 
	start_time TIMESTAMP WITHOUT TIME ZONE NOT NULL, 
	end_time TIMESTAMP WITHOUT TIME ZONE NOT NULL, 
	status VARCHAR NOT NULL, 
	notes VARCHAR, 
	created_at TIMESTAMP WITHOUT TIME ZONE NOT NULL, 
	updated_at TIMESTAMP WITHOUT TIME ZONE NOT NULL, 
	PRIMARY KEY (id), 
	FOREIGN KEY(room_id) REFERENCES rooms (id), 
	FOREIGN KEY(user_id) REFERENCES "user" (id)
)


INFO     sqlalchemy.engine.Engine:base.py:1842 [no key 0.00154s] {}
DEBUG    app.db.session:session.py:30 Query eseguita in 0.04 secondi: 
CREATE TABLE bookings (
	id SERIAL NOT NULL, 
	room_id INTEGER NOT NULL, 
	user_id INTEGER NOT NULL, 
	start_time TIMESTAMP WITHOUT TIME ZONE NOT NULL, 
	end_time TIMESTAMP WITHOUT TIME ZONE NOT NULL, 
	status VARCHAR NOT NULL, 
	notes VARCHAR, 
	created_at TIMESTAMP WITHOUT TIME ZONE NOT NULL, 
	updated_at TIMESTAMP WITHOUT TIME ZONE NOT NULL, 
	PRIMARY KEY (id), 
	FOREIGN KEY(room_id) REFERENCES rooms (id), 
	FOREIGN KEY(user_id) REFERENCES "user" (id)
)


INFO     sqlalchemy.engine.Engine:base.py:1842 
CREATE TABLE documents (
	id SERIAL NOT NULL, 
	created_at TIMESTAMP WITHOUT TIME ZONE NOT NULL, 
	updated_at TIMESTAMP WITHOUT TIME ZONE NOT NULL, 
	owner_id INTEGER NOT NULL, 
	name VARCHAR NOT NULL, 
	type VARCHAR NOT NULL, 
	size INTEGER NOT NULL, 
	upload_date TIMESTAMP WITHOUT TIME ZONE NOT NULL, 
	path VARCHAR NOT NULL, 
	checksum VARCHAR NOT NULL, 
	house_id INTEGER, 
	node_id INTEGER, 
	description VARCHAR, 
	PRIMARY KEY (id), 
	FOREIGN KEY(owner_id) REFERENCES "user" (id), 
	FOREIGN KEY(house_id) REFERENCES houses (id), 
	FOREIGN KEY(node_id) REFERENCES nodes (id)
)


INFO     sqlalchemy.engine.Engine:base.py:1842 [no key 0.00142s] {}
DEBUG    app.db.session:session.py:30 Query eseguita in 0.04 secondi: 
CREATE TABLE documents (
	id SERIAL NOT NULL, 
	created_at TIMESTAMP WITHOUT TIME ZONE NOT NULL, 
	updated_at TIMESTAMP WITHOUT TIME ZONE NOT NULL, 
	owner_id INTEGER NOT NULL, 
	name VARCHAR NOT NULL, 
	type VARCHAR NOT NULL, 
	size INTEGER NOT NULL, 
	upload_date TIMESTAMP WITHOUT TIME ZONE NOT NULL, 
	path VARCHAR NOT NULL, 
	checksum VARCHAR NOT NULL, 
	house_id INTEGER, 
	node_id INTEGER, 
	description VARCHAR, 
	PRIMARY KEY (id), 
	FOREIGN KEY(owner_id) REFERENCES "user" (id), 
	FOREIGN KEY(house_id) REFERENCES houses (id), 
	FOREIGN KEY(node_id) REFERENCES nodes (id)
)


INFO     sqlalchemy.engine.Engine:base.py:1842 CREATE INDEX ix_documents_owner_id ON documents (owner_id)
INFO     sqlalchemy.engine.Engine:base.py:1842 [no key 0.00079s] {}
DEBUG    app.db.session:session.py:30 Query eseguita in 0.01 secondi: CREATE INDEX ix_documents_owner_id ON documents (owner_id)
INFO     sqlalchemy.engine.Engine:base.py:1842 
CREATE TABLE document_versions (
	id SERIAL NOT NULL, 
	version_number INTEGER NOT NULL, 
	file_path VARCHAR NOT NULL, 
	file_size INTEGER NOT NULL, 
	checksum VARCHAR NOT NULL, 
	created_at TIMESTAMP WITHOUT TIME ZONE NOT NULL, 
	updated_at TIMESTAMP WITHOUT TIME ZONE NOT NULL, 
	document_id INTEGER NOT NULL, 
	created_by_id INTEGER, 
	PRIMARY KEY (id), 
	FOREIGN KEY(document_id) REFERENCES documents (id), 
	FOREIGN KEY(created_by_id) REFERENCES "user" (id)
)


INFO     sqlalchemy.engine.Engine:base.py:1842 [no key 0.00098s] {}
DEBUG    app.db.session:session.py:30 Query eseguita in 0.04 secondi: 
CREATE TABLE document_versions (
	id SERIAL NOT NULL, 
	version_number INTEGER NOT NULL, 
	file_path VARCHAR NOT NULL, 
	file_size INTEGER NOT NULL, 
	checksum VARCHAR NOT NULL, 
	created_at TIMESTAMP WITHOUT TIME ZONE NOT NULL, 
	updated_at TIMESTAMP WITHOUT TIME ZONE NOT NULL, 
	document_id INTEGER NOT NULL, 
	created_by_id INTEGER, 
	PRIMARY KEY (id), 
	FOREIGN KEY(document_id) REFERENCES documents (id), 
	FOREIGN KEY(created_by_id) REFERENCES "user" (id)
)


INFO     sqlalchemy.engine.Engine:base.py:1842 CREATE INDEX ix_document_versions_version_number ON document_versions (version_number)
INFO     sqlalchemy.engine.Engine:base.py:1842 [no key 0.00092s] {}
DEBUG    app.db.session:session.py:30 Query eseguita in 0.01 secondi: CREATE INDEX ix_document_versions_version_number ON document_versions (version_number)
INFO     sqlalchemy.engine.Engine:base.py:1842 CREATE INDEX ix_document_versions_created_by_id ON document_versions (created_by_id)
INFO     sqlalchemy.engine.Engine:base.py:1842 [no key 0.00332s] {}
DEBUG    app.db.session:session.py:30 Query eseguita in 0.01 secondi: CREATE INDEX ix_document_versions_created_by_id ON document_versions (created_by_id)
INFO     sqlalchemy.engine.Engine:base.py:1842 CREATE INDEX ix_document_versions_document_id ON document_versions (document_id)
INFO     sqlalchemy.engine.Engine:base.py:1842 [no key 0.00130s] {}
DEBUG    app.db.session:session.py:30 Query eseguita in 0.01 secondi: CREATE INDEX ix_document_versions_document_id ON document_versions (document_id)
INFO     sqlalchemy.engine.Engine:base.py:1842 
CREATE TABLE maintenance_records (
	id SERIAL NOT NULL, 
	node_id INTEGER NOT NULL, 
	timestamp TIMESTAMP WITHOUT TIME ZONE NOT NULL, 
	maintenance_type maintenancetype NOT NULL, 
	description VARCHAR NOT NULL, 
	status maintenancestatus NOT NULL, 
	notes VARCHAR, 
	document_id INTEGER, 
	PRIMARY KEY (id), 
	FOREIGN KEY(node_id) REFERENCES nodes (id), 
	FOREIGN KEY(document_id) REFERENCES documents (id)
)


INFO     sqlalchemy.engine.Engine:base.py:1842 [no key 0.00126s] {}
DEBUG    app.db.session:session.py:30 Query eseguita in 0.03 secondi: 
CREATE TABLE maintenance_records (
	id SERIAL NOT NULL, 
	node_id INTEGER NOT NULL, 
	timestamp TIMESTAMP WITHOUT TIME ZONE NOT NULL, 
	maintenance_type maintenancetype NOT NULL, 
	description VARCHAR NOT NULL, 
	status maintenancestatus NOT NULL, 
	notes VARCHAR, 
	document_id INTEGER, 
	PRIMARY KEY (id), 
	FOREIGN KEY(node_id) REFERENCES nodes (id), 
	FOREIGN KEY(document_id) REFERENCES documents (id)
)


INFO     sqlalchemy.engine.Engine:base.py:1842 CREATE INDEX ix_maintenance_records_node_id ON maintenance_records (node_id)
INFO     sqlalchemy.engine.Engine:base.py:1842 [no key 0.00340s] {}
DEBUG    app.db.session:session.py:30 Query eseguita in 0.01 secondi: CREATE INDEX ix_maintenance_records_node_id ON maintenance_records (node_id)
INFO     sqlalchemy.engine.Engine:base.py:2704 COMMIT
DEBUG    test_users:test_users.py:52 Test database tables created successfully
DEBUG    test_users:test_users.py:55 Test database session created successfully
DEBUG    conftest:conftest.py:269 Overriding get_session for tests...
DEBUG    tests.conftest_redis:conftest_redis.py:18 Setting up FakeRedis for tests...
DEBUG    app.core.redis:redis.py:24 Connessione Redis stabilita con successo
---------------------------- Captured stderr call -----------------------------
DEBUG:asyncio:Using proactor: IocpProactor
INFO:httpx:HTTP Request: DELETE http://testserver/api/v1/users/999 "HTTP/1.1 405 Method Not Allowed"
------------------------------ Captured log call ------------------------------
DEBUG    asyncio:proactor_events.py:631 Using proactor: IocpProactor
INFO     httpx:_client.py:1025 HTTP Request: DELETE http://testserver/api/v1/users/999 "HTTP/1.1 405 Method Not Allowed"
-------------------------- Captured stdout teardown ---------------------------
2025-06-17 11:29:18,111 INFO sqlalchemy.engine.Engine BEGIN (implicit)
2025-06-17 11:29:18,115 INFO sqlalchemy.engine.Engine DROP SCHEMA public CASCADE
2025-06-17 11:29:18,116 INFO sqlalchemy.engine.Engine [generated in 0.00623s] {}
2025-06-17 11:29:18,241 INFO sqlalchemy.engine.Engine CREATE SCHEMA public
2025-06-17 11:29:18,242 INFO sqlalchemy.engine.Engine [generated in 0.00071s] {}
2025-06-17 11:29:18,247 INFO sqlalchemy.engine.Engine COMMIT
-------------------------- Captured stderr teardown ---------------------------
DEBUG:tests.conftest_redis:Restored original Redis client
DEBUG:conftest:get_session override cleared
DEBUG:test_users:Cleaning up test database session...
INFO:sqlalchemy.engine.Engine:BEGIN (implicit)
INFO:sqlalchemy.engine.Engine:DROP SCHEMA public CASCADE
INFO:sqlalchemy.engine.Engine:[generated in 0.00623s] {}
DEBUG:app.db.session:Query eseguita in 0.13 secondi: DROP SCHEMA public CASCADE
INFO:sqlalchemy.engine.Engine:CREATE SCHEMA public
INFO:sqlalchemy.engine.Engine:[generated in 0.00071s] {}
DEBUG:app.db.session:Query eseguita in 0.00 secondi: CREATE SCHEMA public
INFO:sqlalchemy.engine.Engine:COMMIT
DEBUG:test_users:Test database cleanup completed
DEBUG:test_users:Session fixture completed in 1.86 seconds
---------------------------- Captured log teardown ----------------------------
DEBUG    tests.conftest_redis:conftest_redis.py:29 Restored original Redis client
DEBUG    conftest:conftest.py:275 get_session override cleared
DEBUG    test_users:test_users.py:57 Cleaning up test database session...
INFO     sqlalchemy.engine.Engine:base.py:2698 BEGIN (implicit)
INFO     sqlalchemy.engine.Engine:base.py:1842 DROP SCHEMA public CASCADE
INFO     sqlalchemy.engine.Engine:base.py:1842 [generated in 0.00623s] {}
DEBUG    app.db.session:session.py:30 Query eseguita in 0.13 secondi: DROP SCHEMA public CASCADE
INFO     sqlalchemy.engine.Engine:base.py:1842 CREATE SCHEMA public
INFO     sqlalchemy.engine.Engine:base.py:1842 [generated in 0.00071s] {}
DEBUG    app.db.session:session.py:30 Query eseguita in 0.00 secondi: CREATE SCHEMA public
INFO     sqlalchemy.engine.Engine:base.py:2704 COMMIT
DEBUG    test_users:test_users.py:63 Test database cleanup completed
DEBUG    test_users:test_users.py:68 Session fixture completed in 1.86 seconds
=========================== short test summary info ===========================
FAILED tests/api/test_users.py::test_create_user_missing_required_fields - AssertionError: assert 'username' in ['body', 'full_name']
FAILED tests/api/test_users.py::test_create_user_duplicate_username - sqlalchemy.exc.IntegrityError: (psycopg2.errors.UniqueViolation) ERRORE:  un valore chiave duplicato viola il vincolo univoco "ix_user_username"
DETAIL:  La chiave (username)=(existinguser) esiste giÓ.

[SQL: INSERT INTO "user" (email, username, hashed_password, is_active, is_superuser, is_verified, created_at, updated_at, last_login, full_name, phone_number) VALUES (%(email)s, %(username)s, %(hashed_password)s, %(is_active)s, %(is_superuser)s, %(is_verified)s, %(created_at)s, %(updated_at)s, %(last_login)s, %(full_name)s, %(phone_number)s) RETURNING "user".id]
[parameters: {'email': 'shawjeremy@example.net', 'username': 'existinguser', 'hashed_password': '$2b$12$GEiOWY3UKDfyP5XUXFCeq.5VVO2k85RQkcQbrB1nQ2XkJ5ROJtIUO', 'is_active': True, 'is_superuser': False, 'is_verified': False, 'created_at': datetime.datetime(2025, 6, 17, 9, 28, 44, 896368, tzinfo=datetime.timezone.utc), 'updated_at': datetime.datetime(2025, 6, 17, 9, 28, 44, 896441, tzinfo=datetime.timezone.utc), 'last_login': None, 'full_name': 'James Jordan', 'phone_number': None}]
(Background on this error at: https://sqlalche.me/e/20/gkpj)
FAILED tests/api/test_users.py::test_read_users - assert 405 == 200
 +  where 405 = <Response [405 Method Not Allowed]>.status_code
FAILED tests/api/test_users.py::test_read_user - KeyError: 'id'
FAILED tests/api/test_users.py::test_read_user_not_found - assert 401 == 404
 +  where 401 = <Response [401 Unauthorized]>.status_code
FAILED tests/api/test_users.py::test_update_user - KeyError: 'id'
FAILED tests/api/test_users.py::test_update_user_not_found - assert 401 == 404
 +  where 401 = <Response [401 Unauthorized]>.status_code
FAILED tests/api/test_users.py::test_delete_user - KeyError: 'id'
FAILED tests/api/test_users.py::test_delete_user_not_found - assert 405 == 404
 +  where 405 = <Response [405 Method Not Allowed]>.status_code
ERROR tests/api/test_users.py::test_read_users_me - AttributeError: 'Session' object has no attribute 'session'
======== 9 failed, 38 passed, 4 warnings, 1 error in 127.40s (0:02:07) ========
